2026-04-09 10:16:47  Master log: /home/mahmudm2/codebase/ClassyGlass/scripts/benchmark/logs/ablation_20260409_101647.log
2026-04-09 10:16:47  Found 4 CUDA GPU(s):
2026-04-09 10:16:47    GPU 0: NVIDIA GeForce GTX 1080 Ti  (10.9 GiB)
2026-04-09 10:16:47    GPU 1: NVIDIA GeForce GTX 1080 Ti  (10.9 GiB)
2026-04-09 10:16:47    GPU 2: NVIDIA GeForce GTX 1080 Ti  (10.9 GiB)
2026-04-09 10:16:47    GPU 3: NVIDIA GeForce GTX 1080 Ti  (10.9 GiB)
2026-04-09 10:16:47  ============================================================
2026-04-09 10:16:47  Ablation sweep: 40 experiments
2026-04-09 10:16:47    Models   : ['deep_conv_lstm', 'lstm']
2026-04-09 10:16:47    Windows  : [100, 200, 300, 400, 500]
2026-04-09 10:16:47    Overlaps : [0, 25, 50, 60]%
2026-04-09 10:16:47    GPUs     : [0, 1, 2, 3]  →  4 parallel worker(s)
2026-04-09 10:16:47  ============================================================
2026-04-09 10:16:47  [START]  deep_conv_lstm_W100_O0            gpu=0  step=100
2026-04-09 10:16:47  [START]  deep_conv_lstm_W100_O25           gpu=1  step=75
2026-04-09 10:16:47  [START]  deep_conv_lstm_W100_O50           gpu=2  step=50
2026-04-09 10:16:47  [START]  deep_conv_lstm_W100_O60           gpu=3  step=40
2026-04-09 10:16:47  [STDERR] deep_conv_lstm_W100_O25: Traceback (most recent call last):
2026-04-09 10:16:47  [STDERR] deep_conv_lstm_W100_O25:   File "/home/mahmudm2/codebase/ClassyGlass/scripts/benchmark/run.py", line 25, in <module>
2026-04-09 10:16:47  [STDERR] deep_conv_lstm_W100_O25:     import matplotlib.pyplot as plt
2026-04-09 10:16:47  [STDERR] deep_conv_lstm_W100_O25:   File "/home/mahmudm2/.conda/envs/classyglass/lib/python3.10/site-packages/matplotlib/__init__.py", line 264, in <module>
2026-04-09 10:16:47  [STDERR] deep_conv_lstm_W100_O25:     _check_versions()
2026-04-09 10:16:47  [STDERR] deep_conv_lstm_W100_O25:   File "/home/mahmudm2/.conda/envs/classyglass/lib/python3.10/site-packages/matplotlib/__init__.py", line 258, in _check_versions
2026-04-09 10:16:47  [STDERR] deep_conv_lstm_W100_O25:     module = importlib.import_module(modname)
2026-04-09 10:16:47  [STDERR] deep_conv_lstm_W100_O25:   File "/home/mahmudm2/.conda/envs/classyglass/lib/python3.10/importlib/__init__.py", line 126, in import_module
2026-04-09 10:16:47  [STDERR] deep_conv_lstm_W100_O25:     return _bootstrap._gcd_import(name[level:], package, level)
2026-04-09 10:16:47  [STDERR] deep_conv_lstm_W100_O25: ModuleNotFoundError: No module named 'dateutil'
2026-04-09 10:16:47  [DONE]   deep_conv_lstm_W100_O25           FAILED rc=1  (0.0 min)
2026-04-09 10:16:47  [START]  deep_conv_lstm_W200_O0            gpu=1  step=200
2026-04-09 10:16:47  [STDERR] deep_conv_lstm_W100_O0: Traceback (most recent call last):
2026-04-09 10:16:47  [STDERR] deep_conv_lstm_W100_O0:   File "/home/mahmudm2/codebase/ClassyGlass/scripts/benchmark/run.py", line 25, in <module>
2026-04-09 10:16:47  [STDERR] deep_conv_lstm_W100_O0:     import matplotlib.pyplot as plt
2026-04-09 10:16:47  [STDERR] deep_conv_lstm_W100_O0:   File "/home/mahmudm2/.conda/envs/classyglass/lib/python3.10/site-packages/matplotlib/__init__.py", line 264, in <module>
2026-04-09 10:16:47  [STDERR] deep_conv_lstm_W100_O0:     _check_versions()
2026-04-09 10:16:47  [STDERR] deep_conv_lstm_W100_O0:   File "/home/mahmudm2/.conda/envs/classyglass/lib/python3.10/site-packages/matplotlib/__init__.py", line 258, in _check_versions
2026-04-09 10:16:47  [STDERR] deep_conv_lstm_W100_O0:     module = importlib.import_module(modname)
2026-04-09 10:16:47  [STDERR] deep_conv_lstm_W100_O0:   File "/home/mahmudm2/.conda/envs/classyglass/lib/python3.10/importlib/__init__.py", line 126, in import_module
2026-04-09 10:16:47  [STDERR] deep_conv_lstm_W100_O0:     return _bootstrap._gcd_import(name[level:], package, level)
2026-04-09 10:16:47  [STDERR] deep_conv_lstm_W100_O0: ModuleNotFoundError: No module named 'dateutil'
2026-04-09 10:16:47  [DONE]   deep_conv_lstm_W100_O0            FAILED rc=1  (0.0 min)
2026-04-09 10:16:47  [START]  deep_conv_lstm_W200_O25           gpu=0  step=150
2026-04-09 10:16:47  [STDERR] deep_conv_lstm_W100_O50: Traceback (most recent call last):
2026-04-09 10:16:47  [STDERR] deep_conv_lstm_W100_O50:   File "/home/mahmudm2/codebase/ClassyGlass/scripts/benchmark/run.py", line 25, in <module>
2026-04-09 10:16:47  [STDERR] deep_conv_lstm_W100_O50:     import matplotlib.pyplot as plt
2026-04-09 10:16:47  [STDERR] deep_conv_lstm_W100_O50:   File "/home/mahmudm2/.conda/envs/classyglass/lib/python3.10/site-packages/matplotlib/__init__.py", line 264, in <module>
2026-04-09 10:16:47  [STDERR] deep_conv_lstm_W100_O50:     _check_versions()
2026-04-09 10:16:47  [STDERR] deep_conv_lstm_W100_O50:   File "/home/mahmudm2/.conda/envs/classyglass/lib/python3.10/site-packages/matplotlib/__init__.py", line 258, in _check_versions
2026-04-09 10:16:47  [STDERR] deep_conv_lstm_W100_O50:     module = importlib.import_module(modname)
2026-04-09 10:16:47  [STDERR] deep_conv_lstm_W100_O50:   File "/home/mahmudm2/.conda/envs/classyglass/lib/python3.10/importlib/__init__.py", line 126, in import_module
2026-04-09 10:16:47  [STDERR] deep_conv_lstm_W100_O50:     return _bootstrap._gcd_import(name[level:], package, level)
2026-04-09 10:16:47  [STDERR] deep_conv_lstm_W100_O50: ModuleNotFoundError: No module named 'dateutil'
2026-04-09 10:16:47  [DONE]   deep_conv_lstm_W100_O50           FAILED rc=1  (0.0 min)
2026-04-09 10:16:47  [START]  deep_conv_lstm_W200_O50           gpu=2  step=100
2026-04-09 10:16:47  [STDERR] deep_conv_lstm_W100_O60: Traceback (most recent call last):
2026-04-09 10:16:47  [STDERR] deep_conv_lstm_W100_O60:   File "/home/mahmudm2/codebase/ClassyGlass/scripts/benchmark/run.py", line 25, in <module>
2026-04-09 10:16:47  [STDERR] deep_conv_lstm_W100_O60:     import matplotlib.pyplot as plt
2026-04-09 10:16:47  [STDERR] deep_conv_lstm_W100_O60:   File "/home/mahmudm2/.conda/envs/classyglass/lib/python3.10/site-packages/matplotlib/__init__.py", line 264, in <module>
2026-04-09 10:16:47  [STDERR] deep_conv_lstm_W100_O60:     _check_versions()
2026-04-09 10:16:47  [STDERR] deep_conv_lstm_W100_O60:   File "/home/mahmudm2/.conda/envs/classyglass/lib/python3.10/site-packages/matplotlib/__init__.py", line 258, in _check_versions
2026-04-09 10:16:47  [STDERR] deep_conv_lstm_W100_O60:     module = importlib.import_module(modname)
2026-04-09 10:16:47  [STDERR] deep_conv_lstm_W100_O60:   File "/home/mahmudm2/.conda/envs/classyglass/lib/python3.10/importlib/__init__.py", line 126, in import_module
2026-04-09 10:16:47  [STDERR] deep_conv_lstm_W100_O60:     return _bootstrap._gcd_import(name[level:], package, level)
2026-04-09 10:16:47  [STDERR] deep_conv_lstm_W100_O60: ModuleNotFoundError: No module named 'dateutil'
2026-04-09 10:16:47  [DONE]   deep_conv_lstm_W100_O60           FAILED rc=1  (0.0 min)
2026-04-09 10:16:47  [START]  deep_conv_lstm_W200_O60           gpu=3  step=80
2026-04-09 10:16:48  [STDERR] deep_conv_lstm_W200_O25: Traceback (most recent call last):
2026-04-09 10:16:48  [STDERR] deep_conv_lstm_W200_O25:   File "/home/mahmudm2/codebase/ClassyGlass/scripts/benchmark/run.py", line 25, in <module>
2026-04-09 10:16:48  [STDERR] deep_conv_lstm_W200_O25:     import matplotlib.pyplot as plt
2026-04-09 10:16:48  [STDERR] deep_conv_lstm_W200_O25:   File "/home/mahmudm2/.conda/envs/classyglass/lib/python3.10/site-packages/matplotlib/__init__.py", line 264, in <module>
2026-04-09 10:16:48  [STDERR] deep_conv_lstm_W200_O25:     _check_versions()
2026-04-09 10:16:48  [STDERR] deep_conv_lstm_W200_O25:   File "/home/mahmudm2/.conda/envs/classyglass/lib/python3.10/site-packages/matplotlib/__init__.py", line 258, in _check_versions
2026-04-09 10:16:48  [STDERR] deep_conv_lstm_W200_O25:     module = importlib.import_module(modname)
2026-04-09 10:16:48  [STDERR] deep_conv_lstm_W200_O25:   File "/home/mahmudm2/.conda/envs/classyglass/lib/python3.10/importlib/__init__.py", line 126, in import_module
2026-04-09 10:16:48  [STDERR] deep_conv_lstm_W200_O25:     return _bootstrap._gcd_import(name[level:], package, level)
2026-04-09 10:16:48  [STDERR] deep_conv_lstm_W200_O25: ModuleNotFoundError: No module named 'dateutil'
2026-04-09 10:16:48  [DONE]   deep_conv_lstm_W200_O25           FAILED rc=1  (0.0 min)
2026-04-09 10:16:48  [START]  deep_conv_lstm_W300_O0            gpu=0  step=300
2026-04-09 10:16:48  [STDERR] deep_conv_lstm_W200_O0: Traceback (most recent call last):
2026-04-09 10:16:48  [STDERR] deep_conv_lstm_W200_O0:   File "/home/mahmudm2/codebase/ClassyGlass/scripts/benchmark/run.py", line 25, in <module>
2026-04-09 10:16:48  [STDERR] deep_conv_lstm_W200_O0:     import matplotlib.pyplot as plt
2026-04-09 10:16:48  [STDERR] deep_conv_lstm_W200_O0:   File "/home/mahmudm2/.conda/envs/classyglass/lib/python3.10/site-packages/matplotlib/__init__.py", line 264, in <module>
2026-04-09 10:16:48  [STDERR] deep_conv_lstm_W200_O0:     _check_versions()
2026-04-09 10:16:48  [STDERR] deep_conv_lstm_W200_O0:   File "/home/mahmudm2/.conda/envs/classyglass/lib/python3.10/site-packages/matplotlib/__init__.py", line 258, in _check_versions
2026-04-09 10:16:48  [STDERR] deep_conv_lstm_W200_O0:     module = importlib.import_module(modname)
2026-04-09 10:16:48  [STDERR] deep_conv_lstm_W200_O0:   File "/home/mahmudm2/.conda/envs/classyglass/lib/python3.10/importlib/__init__.py", line 126, in import_module
2026-04-09 10:16:48  [STDERR] deep_conv_lstm_W200_O0:     return _bootstrap._gcd_import(name[level:], package, level)
2026-04-09 10:16:48  [STDERR] deep_conv_lstm_W200_O0: ModuleNotFoundError: No module named 'dateutil'
2026-04-09 10:16:48  [DONE]   deep_conv_lstm_W200_O0            FAILED rc=1  (0.0 min)
2026-04-09 10:16:48  [START]  deep_conv_lstm_W300_O25           gpu=1  step=225
2026-04-09 10:16:48  [STDERR] deep_conv_lstm_W200_O50: Traceback (most recent call last):
2026-04-09 10:16:48  [STDERR] deep_conv_lstm_W200_O50:   File "/home/mahmudm2/codebase/ClassyGlass/scripts/benchmark/run.py", line 25, in <module>
2026-04-09 10:16:48  [STDERR] deep_conv_lstm_W200_O50:     import matplotlib.pyplot as plt
2026-04-09 10:16:48  [STDERR] deep_conv_lstm_W200_O50:   File "/home/mahmudm2/.conda/envs/classyglass/lib/python3.10/site-packages/matplotlib/__init__.py", line 264, in <module>
2026-04-09 10:16:48  [STDERR] deep_conv_lstm_W200_O50:     _check_versions()
2026-04-09 10:16:48  [STDERR] deep_conv_lstm_W200_O50:   File "/home/mahmudm2/.conda/envs/classyglass/lib/python3.10/site-packages/matplotlib/__init__.py", line 258, in _check_versions
2026-04-09 10:16:48  [STDERR] deep_conv_lstm_W200_O50:     module = importlib.import_module(modname)
2026-04-09 10:16:48  [STDERR] deep_conv_lstm_W200_O50:   File "/home/mahmudm2/.conda/envs/classyglass/lib/python3.10/importlib/__init__.py", line 126, in import_module
2026-04-09 10:16:48  [STDERR] deep_conv_lstm_W200_O50:     return _bootstrap._gcd_import(name[level:], package, level)
2026-04-09 10:16:48  [STDERR] deep_conv_lstm_W200_O50: ModuleNotFoundError: No module named 'dateutil'
2026-04-09 10:16:48  [DONE]   deep_conv_lstm_W200_O50           FAILED rc=1  (0.0 min)
2026-04-09 10:16:48  [START]  deep_conv_lstm_W300_O50           gpu=2  step=150
2026-04-09 10:16:48  [STDERR] deep_conv_lstm_W200_O60: Traceback (most recent call last):
2026-04-09 10:16:48  [STDERR] deep_conv_lstm_W200_O60:   File "/home/mahmudm2/codebase/ClassyGlass/scripts/benchmark/run.py", line 25, in <module>
2026-04-09 10:16:48  [STDERR] deep_conv_lstm_W200_O60:     import matplotlib.pyplot as plt
2026-04-09 10:16:48  [STDERR] deep_conv_lstm_W200_O60:   File "/home/mahmudm2/.conda/envs/classyglass/lib/python3.10/site-packages/matplotlib/__init__.py", line 264, in <module>
2026-04-09 10:16:48  [STDERR] deep_conv_lstm_W200_O60:     _check_versions()
2026-04-09 10:16:48  [STDERR] deep_conv_lstm_W200_O60:   File "/home/mahmudm2/.conda/envs/classyglass/lib/python3.10/site-packages/matplotlib/__init__.py", line 258, in _check_versions
2026-04-09 10:16:48  [STDERR] deep_conv_lstm_W200_O60:     module = importlib.import_module(modname)
2026-04-09 10:16:48  [STDERR] deep_conv_lstm_W200_O60:   File "/home/mahmudm2/.conda/envs/classyglass/lib/python3.10/importlib/__init__.py", line 126, in import_module
2026-04-09 10:16:48  [STDERR] deep_conv_lstm_W200_O60:     return _bootstrap._gcd_import(name[level:], package, level)
2026-04-09 10:16:48  [STDERR] deep_conv_lstm_W200_O60: ModuleNotFoundError: No module named 'dateutil'
2026-04-09 10:16:48  [DONE]   deep_conv_lstm_W200_O60           FAILED rc=1  (0.0 min)
2026-04-09 10:16:48  [START]  deep_conv_lstm_W300_O60           gpu=3  step=120
2026-04-09 10:16:48  [STDERR] deep_conv_lstm_W300_O0: Traceback (most recent call last):
2026-04-09 10:16:48  [STDERR] deep_conv_lstm_W300_O0:   File "/home/mahmudm2/codebase/ClassyGlass/scripts/benchmark/run.py", line 25, in <module>
2026-04-09 10:16:48  [STDERR] deep_conv_lstm_W300_O0:     import matplotlib.pyplot as plt
2026-04-09 10:16:48  [STDERR] deep_conv_lstm_W300_O0:   File "/home/mahmudm2/.conda/envs/classyglass/lib/python3.10/site-packages/matplotlib/__init__.py", line 264, in <module>
2026-04-09 10:16:48  [STDERR] deep_conv_lstm_W300_O0:     _check_versions()
2026-04-09 10:16:48  [STDERR] deep_conv_lstm_W300_O0:   File "/home/mahmudm2/.conda/envs/classyglass/lib/python3.10/site-packages/matplotlib/__init__.py", line 258, in _check_versions
2026-04-09 10:16:48  [STDERR] deep_conv_lstm_W300_O0:     module = importlib.import_module(modname)
2026-04-09 10:16:48  [STDERR] deep_conv_lstm_W300_O0:   File "/home/mahmudm2/.conda/envs/classyglass/lib/python3.10/importlib/__init__.py", line 126, in import_module
2026-04-09 10:16:48  [STDERR] deep_conv_lstm_W300_O0:     return _bootstrap._gcd_import(name[level:], package, level)
2026-04-09 10:16:48  [STDERR] deep_conv_lstm_W300_O0: ModuleNotFoundError: No module named 'dateutil'
2026-04-09 10:16:48  [DONE]   deep_conv_lstm_W300_O0            FAILED rc=1  (0.0 min)
2026-04-09 10:16:48  [START]  deep_conv_lstm_W400_O0            gpu=0  step=400
2026-04-09 10:16:48  [STDERR] deep_conv_lstm_W300_O25: Traceback (most recent call last):
2026-04-09 10:16:48  [STDERR] deep_conv_lstm_W300_O25:   File "/home/mahmudm2/codebase/ClassyGlass/scripts/benchmark/run.py", line 25, in <module>
2026-04-09 10:16:48  [STDERR] deep_conv_lstm_W300_O25:     import matplotlib.pyplot as plt
2026-04-09 10:16:48  [STDERR] deep_conv_lstm_W300_O25:   File "/home/mahmudm2/.conda/envs/classyglass/lib/python3.10/site-packages/matplotlib/__init__.py", line 264, in <module>
2026-04-09 10:16:48  [STDERR] deep_conv_lstm_W300_O25:     _check_versions()
2026-04-09 10:16:48  [STDERR] deep_conv_lstm_W300_O25:   File "/home/mahmudm2/.conda/envs/classyglass/lib/python3.10/site-packages/matplotlib/__init__.py", line 258, in _check_versions
2026-04-09 10:16:48  [STDERR] deep_conv_lstm_W300_O25:     module = importlib.import_module(modname)
2026-04-09 10:16:48  [STDERR] deep_conv_lstm_W300_O25:   File "/home/mahmudm2/.conda/envs/classyglass/lib/python3.10/importlib/__init__.py", line 126, in import_module
2026-04-09 10:16:48  [STDERR] deep_conv_lstm_W300_O25:     return _bootstrap._gcd_import(name[level:], package, level)
2026-04-09 10:16:48  [STDERR] deep_conv_lstm_W300_O25: ModuleNotFoundError: No module named 'dateutil'
2026-04-09 10:16:48  [DONE]   deep_conv_lstm_W300_O25           FAILED rc=1  (0.0 min)
2026-04-09 10:16:48  [START]  deep_conv_lstm_W400_O25           gpu=1  step=300
2026-04-09 10:16:48  [STDERR] deep_conv_lstm_W300_O60: Traceback (most recent call last):
2026-04-09 10:16:48  [STDERR] deep_conv_lstm_W300_O60:   File "/home/mahmudm2/codebase/ClassyGlass/scripts/benchmark/run.py", line 25, in <module>
2026-04-09 10:16:48  [STDERR] deep_conv_lstm_W300_O60:     import matplotlib.pyplot as plt
2026-04-09 10:16:48  [STDERR] deep_conv_lstm_W300_O60:   File "/home/mahmudm2/.conda/envs/classyglass/lib/python3.10/site-packages/matplotlib/__init__.py", line 264, in <module>
2026-04-09 10:16:48  [STDERR] deep_conv_lstm_W300_O60:     _check_versions()
2026-04-09 10:16:48  [STDERR] deep_conv_lstm_W300_O60:   File "/home/mahmudm2/.conda/envs/classyglass/lib/python3.10/site-packages/matplotlib/__init__.py", line 258, in _check_versions
2026-04-09 10:16:48  [STDERR] deep_conv_lstm_W300_O60:     module = importlib.import_module(modname)
2026-04-09 10:16:48  [STDERR] deep_conv_lstm_W300_O60:   File "/home/mahmudm2/.conda/envs/classyglass/lib/python3.10/importlib/__init__.py", line 126, in import_module
2026-04-09 10:16:48  [STDERR] deep_conv_lstm_W300_O60:     return _bootstrap._gcd_import(name[level:], package, level)
2026-04-09 10:16:48  [STDERR] deep_conv_lstm_W300_O60: ModuleNotFoundError: No module named 'dateutil'
2026-04-09 10:16:48  [DONE]   deep_conv_lstm_W300_O60           FAILED rc=1  (0.0 min)
2026-04-09 10:16:48  [START]  deep_conv_lstm_W400_O50           gpu=3  step=200
2026-04-09 10:16:48  [STDERR] deep_conv_lstm_W300_O50: Traceback (most recent call last):
2026-04-09 10:16:48  [STDERR] deep_conv_lstm_W300_O50:   File "/home/mahmudm2/codebase/ClassyGlass/scripts/benchmark/run.py", line 25, in <module>
2026-04-09 10:16:48  [STDERR] deep_conv_lstm_W300_O50:     import matplotlib.pyplot as plt
2026-04-09 10:16:48  [STDERR] deep_conv_lstm_W300_O50:   File "/home/mahmudm2/.conda/envs/classyglass/lib/python3.10/site-packages/matplotlib/__init__.py", line 264, in <module>
2026-04-09 10:16:48  [STDERR] deep_conv_lstm_W300_O50:     _check_versions()
2026-04-09 10:16:48  [STDERR] deep_conv_lstm_W300_O50:   File "/home/mahmudm2/.conda/envs/classyglass/lib/python3.10/site-packages/matplotlib/__init__.py", line 258, in _check_versions
2026-04-09 10:16:48  [STDERR] deep_conv_lstm_W300_O50:     module = importlib.import_module(modname)
2026-04-09 10:16:48  [STDERR] deep_conv_lstm_W300_O50:   File "/home/mahmudm2/.conda/envs/classyglass/lib/python3.10/importlib/__init__.py", line 126, in import_module
2026-04-09 10:16:48  [STDERR] deep_conv_lstm_W300_O50:     return _bootstrap._gcd_import(name[level:], package, level)
2026-04-09 10:16:48  [STDERR] deep_conv_lstm_W300_O50: ModuleNotFoundError: No module named 'dateutil'
2026-04-09 10:16:48  [DONE]   deep_conv_lstm_W300_O50           FAILED rc=1  (0.0 min)
2026-04-09 10:16:48  [START]  deep_conv_lstm_W400_O60           gpu=2  step=160
2026-04-09 10:16:48  [STDERR] deep_conv_lstm_W400_O0: Traceback (most recent call last):
2026-04-09 10:16:48  [STDERR] deep_conv_lstm_W400_O0:   File "/home/mahmudm2/codebase/ClassyGlass/scripts/benchmark/run.py", line 25, in <module>
2026-04-09 10:16:48  [STDERR] deep_conv_lstm_W400_O0:     import matplotlib.pyplot as plt
2026-04-09 10:16:48  [STDERR] deep_conv_lstm_W400_O0:   File "/home/mahmudm2/.conda/envs/classyglass/lib/python3.10/site-packages/matplotlib/__init__.py", line 264, in <module>
2026-04-09 10:16:48  [STDERR] deep_conv_lstm_W400_O0:     _check_versions()
2026-04-09 10:16:48  [STDERR] deep_conv_lstm_W400_O0:   File "/home/mahmudm2/.conda/envs/classyglass/lib/python3.10/site-packages/matplotlib/__init__.py", line 258, in _check_versions
2026-04-09 10:16:48  [STDERR] deep_conv_lstm_W400_O0:     module = importlib.import_module(modname)
2026-04-09 10:16:48  [STDERR] deep_conv_lstm_W400_O0:   File "/home/mahmudm2/.conda/envs/classyglass/lib/python3.10/importlib/__init__.py", line 126, in import_module
2026-04-09 10:16:48  [STDERR] deep_conv_lstm_W400_O0:     return _bootstrap._gcd_import(name[level:], package, level)
2026-04-09 10:16:48  [STDERR] deep_conv_lstm_W400_O0: ModuleNotFoundError: No module named 'dateutil'
2026-04-09 10:16:48  [DONE]   deep_conv_lstm_W400_O0            FAILED rc=1  (0.0 min)
2026-04-09 10:16:48  [START]  deep_conv_lstm_W500_O0            gpu=0  step=500
2026-04-09 10:16:48  [STDERR] deep_conv_lstm_W400_O50: Traceback (most recent call last):
2026-04-09 10:16:48  [STDERR] deep_conv_lstm_W400_O50:   File "/home/mahmudm2/codebase/ClassyGlass/scripts/benchmark/run.py", line 25, in <module>
2026-04-09 10:16:48  [STDERR] deep_conv_lstm_W400_O50:     import matplotlib.pyplot as plt
2026-04-09 10:16:48  [STDERR] deep_conv_lstm_W400_O50:   File "/home/mahmudm2/.conda/envs/classyglass/lib/python3.10/site-packages/matplotlib/__init__.py", line 264, in <module>
2026-04-09 10:16:48  [STDERR] deep_conv_lstm_W400_O50:     _check_versions()
2026-04-09 10:16:48  [STDERR] deep_conv_lstm_W400_O50:   File "/home/mahmudm2/.conda/envs/classyglass/lib/python3.10/site-packages/matplotlib/__init__.py", line 258, in _check_versions
2026-04-09 10:16:48  [STDERR] deep_conv_lstm_W400_O50:     module = importlib.import_module(modname)
2026-04-09 10:16:48  [STDERR] deep_conv_lstm_W400_O50:   File "/home/mahmudm2/.conda/envs/classyglass/lib/python3.10/importlib/__init__.py", line 126, in import_module
2026-04-09 10:16:48  [STDERR] deep_conv_lstm_W400_O50:     return _bootstrap._gcd_import(name[level:], package, level)
2026-04-09 10:16:48  [STDERR] deep_conv_lstm_W400_O50: ModuleNotFoundError: No module named 'dateutil'
2026-04-09 10:16:48  [DONE]   deep_conv_lstm_W400_O50           FAILED rc=1  (0.0 min)
2026-04-09 10:16:48  [START]  deep_conv_lstm_W500_O25           gpu=3  step=375
2026-04-09 10:16:49  [STDERR] deep_conv_lstm_W400_O25: Traceback (most recent call last):
2026-04-09 10:16:49  [STDERR] deep_conv_lstm_W400_O25:   File "/home/mahmudm2/codebase/ClassyGlass/scripts/benchmark/run.py", line 25, in <module>
2026-04-09 10:16:49  [STDERR] deep_conv_lstm_W400_O25:     import matplotlib.pyplot as plt
2026-04-09 10:16:49  [STDERR] deep_conv_lstm_W400_O25:   File "/home/mahmudm2/.conda/envs/classyglass/lib/python3.10/site-packages/matplotlib/__init__.py", line 264, in <module>
2026-04-09 10:16:49  [STDERR] deep_conv_lstm_W400_O25:     _check_versions()
2026-04-09 10:16:49  [STDERR] deep_conv_lstm_W400_O25:   File "/home/mahmudm2/.conda/envs/classyglass/lib/python3.10/site-packages/matplotlib/__init__.py", line 258, in _check_versions
2026-04-09 10:16:49  [STDERR] deep_conv_lstm_W400_O25:     module = importlib.import_module(modname)
2026-04-09 10:16:49  [STDERR] deep_conv_lstm_W400_O25:   File "/home/mahmudm2/.conda/envs/classyglass/lib/python3.10/importlib/__init__.py", line 126, in import_module
2026-04-09 10:16:49  [STDERR] deep_conv_lstm_W400_O25:     return _bootstrap._gcd_import(name[level:], package, level)
2026-04-09 10:16:49  [STDERR] deep_conv_lstm_W400_O25: ModuleNotFoundError: No module named 'dateutil'
2026-04-09 10:16:49  [DONE]   deep_conv_lstm_W400_O25           FAILED rc=1  (0.0 min)
2026-04-09 10:16:49  [START]  deep_conv_lstm_W500_O50           gpu=1  step=250
2026-04-09 10:16:49  [STDERR] deep_conv_lstm_W400_O60: Traceback (most recent call last):
2026-04-09 10:16:49  [STDERR] deep_conv_lstm_W400_O60:   File "/home/mahmudm2/codebase/ClassyGlass/scripts/benchmark/run.py", line 25, in <module>
2026-04-09 10:16:49  [STDERR] deep_conv_lstm_W400_O60:     import matplotlib.pyplot as plt
2026-04-09 10:16:49  [STDERR] deep_conv_lstm_W400_O60:   File "/home/mahmudm2/.conda/envs/classyglass/lib/python3.10/site-packages/matplotlib/__init__.py", line 264, in <module>
2026-04-09 10:16:49  [STDERR] deep_conv_lstm_W400_O60:     _check_versions()
2026-04-09 10:16:49  [STDERR] deep_conv_lstm_W400_O60:   File "/home/mahmudm2/.conda/envs/classyglass/lib/python3.10/site-packages/matplotlib/__init__.py", line 258, in _check_versions
2026-04-09 10:16:49  [STDERR] deep_conv_lstm_W400_O60:     module = importlib.import_module(modname)
2026-04-09 10:16:49  [STDERR] deep_conv_lstm_W400_O60:   File "/home/mahmudm2/.conda/envs/classyglass/lib/python3.10/importlib/__init__.py", line 126, in import_module
2026-04-09 10:16:49  [STDERR] deep_conv_lstm_W400_O60:     return _bootstrap._gcd_import(name[level:], package, level)
2026-04-09 10:16:49  [STDERR] deep_conv_lstm_W400_O60: ModuleNotFoundError: No module named 'dateutil'
2026-04-09 10:16:49  [DONE]   deep_conv_lstm_W400_O60           FAILED rc=1  (0.0 min)
2026-04-09 10:16:49  [START]  deep_conv_lstm_W500_O60           gpu=2  step=200
2026-04-09 10:16:49  [STDERR] deep_conv_lstm_W500_O0: Traceback (most recent call last):
2026-04-09 10:16:49  [STDERR] deep_conv_lstm_W500_O0:   File "/home/mahmudm2/codebase/ClassyGlass/scripts/benchmark/run.py", line 25, in <module>
2026-04-09 10:16:49  [STDERR] deep_conv_lstm_W500_O0:     import matplotlib.pyplot as plt
2026-04-09 10:16:49  [STDERR] deep_conv_lstm_W500_O0:   File "/home/mahmudm2/.conda/envs/classyglass/lib/python3.10/site-packages/matplotlib/__init__.py", line 264, in <module>
2026-04-09 10:16:49  [STDERR] deep_conv_lstm_W500_O0:     _check_versions()
2026-04-09 10:16:49  [STDERR] deep_conv_lstm_W500_O0:   File "/home/mahmudm2/.conda/envs/classyglass/lib/python3.10/site-packages/matplotlib/__init__.py", line 258, in _check_versions
2026-04-09 10:16:49  [STDERR] deep_conv_lstm_W500_O0:     module = importlib.import_module(modname)
2026-04-09 10:16:49  [STDERR] deep_conv_lstm_W500_O0:   File "/home/mahmudm2/.conda/envs/classyglass/lib/python3.10/importlib/__init__.py", line 126, in import_module
2026-04-09 10:16:49  [STDERR] deep_conv_lstm_W500_O0:     return _bootstrap._gcd_import(name[level:], package, level)
2026-04-09 10:16:49  [STDERR] deep_conv_lstm_W500_O0: ModuleNotFoundError: No module named 'dateutil'
2026-04-09 10:16:49  [DONE]   deep_conv_lstm_W500_O0            FAILED rc=1  (0.0 min)
2026-04-09 10:16:49  [START]  lstm_W100_O0                      gpu=0  step=100
2026-04-09 10:16:49  [STDERR] deep_conv_lstm_W500_O50: Traceback (most recent call last):
2026-04-09 10:16:49  [STDERR] deep_conv_lstm_W500_O50:   File "/home/mahmudm2/codebase/ClassyGlass/scripts/benchmark/run.py", line 25, in <module>
2026-04-09 10:16:49  [STDERR] deep_conv_lstm_W500_O50:     import matplotlib.pyplot as plt
2026-04-09 10:16:49  [STDERR] deep_conv_lstm_W500_O50:   File "/home/mahmudm2/.conda/envs/classyglass/lib/python3.10/site-packages/matplotlib/__init__.py", line 264, in <module>
2026-04-09 10:16:49  [STDERR] deep_conv_lstm_W500_O50:     _check_versions()
2026-04-09 10:16:49  [STDERR] deep_conv_lstm_W500_O50:   File "/home/mahmudm2/.conda/envs/classyglass/lib/python3.10/site-packages/matplotlib/__init__.py", line 258, in _check_versions
2026-04-09 10:16:49  [STDERR] deep_conv_lstm_W500_O50:     module = importlib.import_module(modname)
2026-04-09 10:16:49  [STDERR] deep_conv_lstm_W500_O50:   File "/home/mahmudm2/.conda/envs/classyglass/lib/python3.10/importlib/__init__.py", line 126, in import_module
2026-04-09 10:16:49  [STDERR] deep_conv_lstm_W500_O50:     return _bootstrap._gcd_import(name[level:], package, level)
2026-04-09 10:16:49  [STDERR] deep_conv_lstm_W500_O50: ModuleNotFoundError: No module named 'dateutil'
2026-04-09 10:16:49  [DONE]   deep_conv_lstm_W500_O50           FAILED rc=1  (0.0 min)
2026-04-09 10:16:49  [START]  lstm_W100_O25                     gpu=1  step=75
2026-04-09 10:16:49  [STDERR] deep_conv_lstm_W500_O25: Traceback (most recent call last):
2026-04-09 10:16:49  [STDERR] deep_conv_lstm_W500_O25:   File "/home/mahmudm2/codebase/ClassyGlass/scripts/benchmark/run.py", line 25, in <module>
2026-04-09 10:16:49  [STDERR] deep_conv_lstm_W500_O25:     import matplotlib.pyplot as plt
2026-04-09 10:16:49  [STDERR] deep_conv_lstm_W500_O25:   File "/home/mahmudm2/.conda/envs/classyglass/lib/python3.10/site-packages/matplotlib/__init__.py", line 264, in <module>
2026-04-09 10:16:49  [STDERR] deep_conv_lstm_W500_O25:     _check_versions()
2026-04-09 10:16:49  [STDERR] deep_conv_lstm_W500_O25:   File "/home/mahmudm2/.conda/envs/classyglass/lib/python3.10/site-packages/matplotlib/__init__.py", line 258, in _check_versions
2026-04-09 10:16:49  [STDERR] deep_conv_lstm_W500_O25:     module = importlib.import_module(modname)
2026-04-09 10:16:49  [STDERR] deep_conv_lstm_W500_O25:   File "/home/mahmudm2/.conda/envs/classyglass/lib/python3.10/importlib/__init__.py", line 126, in import_module
2026-04-09 10:16:49  [STDERR] deep_conv_lstm_W500_O25:     return _bootstrap._gcd_import(name[level:], package, level)
2026-04-09 10:16:49  [STDERR] deep_conv_lstm_W500_O25: ModuleNotFoundError: No module named 'dateutil'
2026-04-09 10:16:49  [DONE]   deep_conv_lstm_W500_O25           FAILED rc=1  (0.0 min)
2026-04-09 10:16:49  [START]  lstm_W100_O50                     gpu=3  step=50
2026-04-09 10:16:49  [STDERR] deep_conv_lstm_W500_O60: Traceback (most recent call last):
2026-04-09 10:16:49  [STDERR] deep_conv_lstm_W500_O60:   File "/home/mahmudm2/codebase/ClassyGlass/scripts/benchmark/run.py", line 25, in <module>
2026-04-09 10:16:49  [STDERR] deep_conv_lstm_W500_O60:     import matplotlib.pyplot as plt
2026-04-09 10:16:49  [STDERR] deep_conv_lstm_W500_O60:   File "/home/mahmudm2/.conda/envs/classyglass/lib/python3.10/site-packages/matplotlib/__init__.py", line 264, in <module>
2026-04-09 10:16:49  [STDERR] deep_conv_lstm_W500_O60:     _check_versions()
2026-04-09 10:16:49  [STDERR] deep_conv_lstm_W500_O60:   File "/home/mahmudm2/.conda/envs/classyglass/lib/python3.10/site-packages/matplotlib/__init__.py", line 258, in _check_versions
2026-04-09 10:16:49  [STDERR] deep_conv_lstm_W500_O60:     module = importlib.import_module(modname)
2026-04-09 10:16:49  [STDERR] deep_conv_lstm_W500_O60:   File "/home/mahmudm2/.conda/envs/classyglass/lib/python3.10/importlib/__init__.py", line 126, in import_module
2026-04-09 10:16:49  [STDERR] deep_conv_lstm_W500_O60:     return _bootstrap._gcd_import(name[level:], package, level)
2026-04-09 10:16:49  [STDERR] deep_conv_lstm_W500_O60: ModuleNotFoundError: No module named 'dateutil'
2026-04-09 10:16:49  [DONE]   deep_conv_lstm_W500_O60           FAILED rc=1  (0.0 min)
2026-04-09 10:16:49  [START]  lstm_W100_O60                     gpu=2  step=40
2026-04-09 10:16:49  [STDERR] lstm_W100_O0: Traceback (most recent call last):
2026-04-09 10:16:49  [STDERR] lstm_W100_O0:   File "/home/mahmudm2/codebase/ClassyGlass/scripts/benchmark/run.py", line 25, in <module>
2026-04-09 10:16:49  [STDERR] lstm_W100_O0:     import matplotlib.pyplot as plt
2026-04-09 10:16:49  [STDERR] lstm_W100_O0:   File "/home/mahmudm2/.conda/envs/classyglass/lib/python3.10/site-packages/matplotlib/__init__.py", line 264, in <module>
2026-04-09 10:16:49  [STDERR] lstm_W100_O0:     _check_versions()
2026-04-09 10:16:49  [STDERR] lstm_W100_O0:   File "/home/mahmudm2/.conda/envs/classyglass/lib/python3.10/site-packages/matplotlib/__init__.py", line 258, in _check_versions
2026-04-09 10:16:49  [STDERR] lstm_W100_O0:     module = importlib.import_module(modname)
2026-04-09 10:16:49  [STDERR] lstm_W100_O0:   File "/home/mahmudm2/.conda/envs/classyglass/lib/python3.10/importlib/__init__.py", line 126, in import_module
2026-04-09 10:16:49  [STDERR] lstm_W100_O0:     return _bootstrap._gcd_import(name[level:], package, level)
2026-04-09 10:16:49  [STDERR] lstm_W100_O0: ModuleNotFoundError: No module named 'dateutil'
2026-04-09 10:16:49  [DONE]   lstm_W100_O0                      FAILED rc=1  (0.0 min)
2026-04-09 10:16:49  [START]  lstm_W200_O0                      gpu=0  step=200
2026-04-09 10:16:49  [STDERR] lstm_W100_O25: Traceback (most recent call last):
2026-04-09 10:16:49  [STDERR] lstm_W100_O25:   File "/home/mahmudm2/codebase/ClassyGlass/scripts/benchmark/run.py", line 25, in <module>
2026-04-09 10:16:49  [STDERR] lstm_W100_O25:     import matplotlib.pyplot as plt
2026-04-09 10:16:49  [STDERR] lstm_W100_O25:   File "/home/mahmudm2/.conda/envs/classyglass/lib/python3.10/site-packages/matplotlib/__init__.py", line 264, in <module>
2026-04-09 10:16:49  [STDERR] lstm_W100_O25:     _check_versions()
2026-04-09 10:16:49  [STDERR] lstm_W100_O25:   File "/home/mahmudm2/.conda/envs/classyglass/lib/python3.10/site-packages/matplotlib/__init__.py", line 258, in _check_versions
2026-04-09 10:16:49  [STDERR] lstm_W100_O25:     module = importlib.import_module(modname)
2026-04-09 10:16:49  [STDERR] lstm_W100_O25:   File "/home/mahmudm2/.conda/envs/classyglass/lib/python3.10/importlib/__init__.py", line 126, in import_module
2026-04-09 10:16:49  [STDERR] lstm_W100_O25:     return _bootstrap._gcd_import(name[level:], package, level)
2026-04-09 10:16:49  [STDERR] lstm_W100_O25: ModuleNotFoundError: No module named 'dateutil'
2026-04-09 10:16:49  [DONE]   lstm_W100_O25                     FAILED rc=1  (0.0 min)
2026-04-09 10:16:49  [START]  lstm_W200_O25                     gpu=1  step=150
2026-04-09 10:16:49  [STDERR] lstm_W100_O50: Traceback (most recent call last):
2026-04-09 10:16:49  [STDERR] lstm_W100_O50:   File "/home/mahmudm2/codebase/ClassyGlass/scripts/benchmark/run.py", line 25, in <module>
2026-04-09 10:16:49  [STDERR] lstm_W100_O50:     import matplotlib.pyplot as plt
2026-04-09 10:16:49  [STDERR] lstm_W100_O50:   File "/home/mahmudm2/.conda/envs/classyglass/lib/python3.10/site-packages/matplotlib/__init__.py", line 264, in <module>
2026-04-09 10:16:49  [STDERR] lstm_W100_O50:     _check_versions()
2026-04-09 10:16:49  [STDERR] lstm_W100_O50:   File "/home/mahmudm2/.conda/envs/classyglass/lib/python3.10/site-packages/matplotlib/__init__.py", line 258, in _check_versions
2026-04-09 10:16:49  [STDERR] lstm_W100_O50:     module = importlib.import_module(modname)
2026-04-09 10:16:49  [STDERR] lstm_W100_O50:   File "/home/mahmudm2/.conda/envs/classyglass/lib/python3.10/importlib/__init__.py", line 126, in import_module
2026-04-09 10:16:49  [STDERR] lstm_W100_O50:     return _bootstrap._gcd_import(name[level:], package, level)
2026-04-09 10:16:49  [STDERR] lstm_W100_O50: ModuleNotFoundError: No module named 'dateutil'
2026-04-09 10:16:49  [DONE]   lstm_W100_O50                     FAILED rc=1  (0.0 min)
2026-04-09 10:16:49  [START]  lstm_W200_O50                     gpu=3  step=100
2026-04-09 10:16:50  [STDERR] lstm_W100_O60: Traceback (most recent call last):
2026-04-09 10:16:50  [STDERR] lstm_W100_O60:   File "/home/mahmudm2/codebase/ClassyGlass/scripts/benchmark/run.py", line 25, in <module>
2026-04-09 10:16:50  [STDERR] lstm_W100_O60:     import matplotlib.pyplot as plt
2026-04-09 10:16:50  [STDERR] lstm_W100_O60:   File "/home/mahmudm2/.conda/envs/classyglass/lib/python3.10/site-packages/matplotlib/__init__.py", line 264, in <module>
2026-04-09 10:16:50  [STDERR] lstm_W100_O60:     _check_versions()
2026-04-09 10:16:50  [STDERR] lstm_W100_O60:   File "/home/mahmudm2/.conda/envs/classyglass/lib/python3.10/site-packages/matplotlib/__init__.py", line 258, in _check_versions
2026-04-09 10:16:50  [STDERR] lstm_W100_O60:     module = importlib.import_module(modname)
2026-04-09 10:16:50  [STDERR] lstm_W100_O60:   File "/home/mahmudm2/.conda/envs/classyglass/lib/python3.10/importlib/__init__.py", line 126, in import_module
2026-04-09 10:16:50  [STDERR] lstm_W100_O60:     return _bootstrap._gcd_import(name[level:], package, level)
2026-04-09 10:16:50  [STDERR] lstm_W100_O60: ModuleNotFoundError: No module named 'dateutil'
2026-04-09 10:16:50  [DONE]   lstm_W100_O60                     FAILED rc=1  (0.0 min)
2026-04-09 10:16:50  [START]  lstm_W200_O60                     gpu=2  step=80
2026-04-09 10:16:50  [STDERR] lstm_W200_O0: Traceback (most recent call last):
2026-04-09 10:16:50  [STDERR] lstm_W200_O0:   File "/home/mahmudm2/codebase/ClassyGlass/scripts/benchmark/run.py", line 25, in <module>
2026-04-09 10:16:50  [STDERR] lstm_W200_O0:     import matplotlib.pyplot as plt
2026-04-09 10:16:50  [STDERR] lstm_W200_O0:   File "/home/mahmudm2/.conda/envs/classyglass/lib/python3.10/site-packages/matplotlib/__init__.py", line 264, in <module>
2026-04-09 10:16:50  [STDERR] lstm_W200_O0:     _check_versions()
2026-04-09 10:16:50  [STDERR] lstm_W200_O0:   File "/home/mahmudm2/.conda/envs/classyglass/lib/python3.10/site-packages/matplotlib/__init__.py", line 258, in _check_versions
2026-04-09 10:16:50  [STDERR] lstm_W200_O0:     module = importlib.import_module(modname)
2026-04-09 10:16:50  [STDERR] lstm_W200_O0:   File "/home/mahmudm2/.conda/envs/classyglass/lib/python3.10/importlib/__init__.py", line 126, in import_module
2026-04-09 10:16:50  [STDERR] lstm_W200_O0:     return _bootstrap._gcd_import(name[level:], package, level)
2026-04-09 10:16:50  [STDERR] lstm_W200_O0: ModuleNotFoundError: No module named 'dateutil'
2026-04-09 10:16:50  [DONE]   lstm_W200_O0                      FAILED rc=1  (0.0 min)
2026-04-09 10:16:50  [START]  lstm_W300_O0                      gpu=0  step=300
2026-04-09 10:16:50  [STDERR] lstm_W200_O25: Traceback (most recent call last):
2026-04-09 10:16:50  [STDERR] lstm_W200_O25:   File "/home/mahmudm2/codebase/ClassyGlass/scripts/benchmark/run.py", line 25, in <module>
2026-04-09 10:16:50  [STDERR] lstm_W200_O25:     import matplotlib.pyplot as plt
2026-04-09 10:16:50  [STDERR] lstm_W200_O25:   File "/home/mahmudm2/.conda/envs/classyglass/lib/python3.10/site-packages/matplotlib/__init__.py", line 264, in <module>
2026-04-09 10:16:50  [STDERR] lstm_W200_O25:     _check_versions()
2026-04-09 10:16:50  [STDERR] lstm_W200_O25:   File "/home/mahmudm2/.conda/envs/classyglass/lib/python3.10/site-packages/matplotlib/__init__.py", line 258, in _check_versions
2026-04-09 10:16:50  [STDERR] lstm_W200_O25:     module = importlib.import_module(modname)
2026-04-09 10:16:50  [STDERR] lstm_W200_O25:   File "/home/mahmudm2/.conda/envs/classyglass/lib/python3.10/importlib/__init__.py", line 126, in import_module
2026-04-09 10:16:50  [STDERR] lstm_W200_O25:     return _bootstrap._gcd_import(name[level:], package, level)
2026-04-09 10:16:50  [STDERR] lstm_W200_O25: ModuleNotFoundError: No module named 'dateutil'
2026-04-09 10:16:50  [DONE]   lstm_W200_O25                     FAILED rc=1  (0.0 min)
2026-04-09 10:16:50  [START]  lstm_W300_O25                     gpu=1  step=225
2026-04-09 10:16:50  [STDERR] lstm_W200_O50: Traceback (most recent call last):
2026-04-09 10:16:50  [STDERR] lstm_W200_O50:   File "/home/mahmudm2/codebase/ClassyGlass/scripts/benchmark/run.py", line 25, in <module>
2026-04-09 10:16:50  [STDERR] lstm_W200_O50:     import matplotlib.pyplot as plt
2026-04-09 10:16:50  [STDERR] lstm_W200_O50:   File "/home/mahmudm2/.conda/envs/classyglass/lib/python3.10/site-packages/matplotlib/__init__.py", line 264, in <module>
2026-04-09 10:16:50  [STDERR] lstm_W200_O50:     _check_versions()
2026-04-09 10:16:50  [STDERR] lstm_W200_O50:   File "/home/mahmudm2/.conda/envs/classyglass/lib/python3.10/site-packages/matplotlib/__init__.py", line 258, in _check_versions
2026-04-09 10:16:50  [STDERR] lstm_W200_O50:     module = importlib.import_module(modname)
2026-04-09 10:16:50  [STDERR] lstm_W200_O50:   File "/home/mahmudm2/.conda/envs/classyglass/lib/python3.10/importlib/__init__.py", line 126, in import_module
2026-04-09 10:16:50  [STDERR] lstm_W200_O50:     return _bootstrap._gcd_import(name[level:], package, level)
2026-04-09 10:16:50  [STDERR] lstm_W200_O50: ModuleNotFoundError: No module named 'dateutil'
2026-04-09 10:16:50  [DONE]   lstm_W200_O50                     FAILED rc=1  (0.0 min)
2026-04-09 10:16:50  [START]  lstm_W300_O50                     gpu=3  step=150
2026-04-09 10:16:50  [STDERR] lstm_W200_O60: Traceback (most recent call last):
2026-04-09 10:16:50  [STDERR] lstm_W200_O60:   File "/home/mahmudm2/codebase/ClassyGlass/scripts/benchmark/run.py", line 25, in <module>
2026-04-09 10:16:50  [STDERR] lstm_W200_O60:     import matplotlib.pyplot as plt
2026-04-09 10:16:50  [STDERR] lstm_W200_O60:   File "/home/mahmudm2/.conda/envs/classyglass/lib/python3.10/site-packages/matplotlib/__init__.py", line 264, in <module>
2026-04-09 10:16:50  [STDERR] lstm_W200_O60:     _check_versions()
2026-04-09 10:16:50  [STDERR] lstm_W200_O60:   File "/home/mahmudm2/.conda/envs/classyglass/lib/python3.10/site-packages/matplotlib/__init__.py", line 258, in _check_versions
2026-04-09 10:16:50  [STDERR] lstm_W200_O60:     module = importlib.import_module(modname)
2026-04-09 10:16:50  [STDERR] lstm_W200_O60:   File "/home/mahmudm2/.conda/envs/classyglass/lib/python3.10/importlib/__init__.py", line 126, in import_module
2026-04-09 10:16:50  [STDERR] lstm_W200_O60:     return _bootstrap._gcd_import(name[level:], package, level)
2026-04-09 10:16:50  [STDERR] lstm_W200_O60: ModuleNotFoundError: No module named 'dateutil'
2026-04-09 10:16:50  [DONE]   lstm_W200_O60                     FAILED rc=1  (0.0 min)
2026-04-09 10:16:50  [START]  lstm_W300_O60                     gpu=2  step=120
2026-04-09 10:16:50  [STDERR] lstm_W300_O0: Traceback (most recent call last):
2026-04-09 10:16:50  [STDERR] lstm_W300_O0:   File "/home/mahmudm2/codebase/ClassyGlass/scripts/benchmark/run.py", line 25, in <module>
2026-04-09 10:16:50  [STDERR] lstm_W300_O0:     import matplotlib.pyplot as plt
2026-04-09 10:16:50  [STDERR] lstm_W300_O0:   File "/home/mahmudm2/.conda/envs/classyglass/lib/python3.10/site-packages/matplotlib/__init__.py", line 264, in <module>
2026-04-09 10:16:50  [STDERR] lstm_W300_O0:     _check_versions()
2026-04-09 10:16:50  [STDERR] lstm_W300_O0:   File "/home/mahmudm2/.conda/envs/classyglass/lib/python3.10/site-packages/matplotlib/__init__.py", line 258, in _check_versions
2026-04-09 10:16:50  [STDERR] lstm_W300_O0:     module = importlib.import_module(modname)
2026-04-09 10:16:50  [STDERR] lstm_W300_O0:   File "/home/mahmudm2/.conda/envs/classyglass/lib/python3.10/importlib/__init__.py", line 126, in import_module
2026-04-09 10:16:50  [STDERR] lstm_W300_O0:     return _bootstrap._gcd_import(name[level:], package, level)
2026-04-09 10:16:50  [STDERR] lstm_W300_O0: ModuleNotFoundError: No module named 'dateutil'
2026-04-09 10:16:50  [DONE]   lstm_W300_O0                      FAILED rc=1  (0.0 min)
2026-04-09 10:16:50  [START]  lstm_W400_O0                      gpu=0  step=400
2026-04-09 10:16:50  [STDERR] lstm_W300_O25: Traceback (most recent call last):
2026-04-09 10:16:50  [STDERR] lstm_W300_O25:   File "/home/mahmudm2/codebase/ClassyGlass/scripts/benchmark/run.py", line 25, in <module>
2026-04-09 10:16:50  [STDERR] lstm_W300_O25:     import matplotlib.pyplot as plt
2026-04-09 10:16:50  [STDERR] lstm_W300_O25:   File "/home/mahmudm2/.conda/envs/classyglass/lib/python3.10/site-packages/matplotlib/__init__.py", line 264, in <module>
2026-04-09 10:16:50  [STDERR] lstm_W300_O25:     _check_versions()
2026-04-09 10:16:50  [STDERR] lstm_W300_O25:   File "/home/mahmudm2/.conda/envs/classyglass/lib/python3.10/site-packages/matplotlib/__init__.py", line 258, in _check_versions
2026-04-09 10:16:50  [STDERR] lstm_W300_O25:     module = importlib.import_module(modname)
2026-04-09 10:16:50  [STDERR] lstm_W300_O25:   File "/home/mahmudm2/.conda/envs/classyglass/lib/python3.10/importlib/__init__.py", line 126, in import_module
2026-04-09 10:16:50  [STDERR] lstm_W300_O25:     return _bootstrap._gcd_import(name[level:], package, level)
2026-04-09 10:16:50  [STDERR] lstm_W300_O25: ModuleNotFoundError: No module named 'dateutil'
2026-04-09 10:16:50  [DONE]   lstm_W300_O25                     FAILED rc=1  (0.0 min)
2026-04-09 10:16:50  [START]  lstm_W400_O25                     gpu=1  step=300
2026-04-09 10:16:50  [STDERR] lstm_W300_O50: Traceback (most recent call last):
2026-04-09 10:16:50  [STDERR] lstm_W300_O50:   File "/home/mahmudm2/codebase/ClassyGlass/scripts/benchmark/run.py", line 25, in <module>
2026-04-09 10:16:50  [STDERR] lstm_W300_O50:     import matplotlib.pyplot as plt
2026-04-09 10:16:50  [STDERR] lstm_W300_O50:   File "/home/mahmudm2/.conda/envs/classyglass/lib/python3.10/site-packages/matplotlib/__init__.py", line 264, in <module>
2026-04-09 10:16:50  [STDERR] lstm_W300_O50:     _check_versions()
2026-04-09 10:16:50  [STDERR] lstm_W300_O50:   File "/home/mahmudm2/.conda/envs/classyglass/lib/python3.10/site-packages/matplotlib/__init__.py", line 258, in _check_versions
2026-04-09 10:16:50  [STDERR] lstm_W300_O50:     module = importlib.import_module(modname)
2026-04-09 10:16:50  [STDERR] lstm_W300_O50:   File "/home/mahmudm2/.conda/envs/classyglass/lib/python3.10/importlib/__init__.py", line 126, in import_module
2026-04-09 10:16:50  [STDERR] lstm_W300_O50:     return _bootstrap._gcd_import(name[level:], package, level)
2026-04-09 10:16:50  [STDERR] lstm_W300_O50: ModuleNotFoundError: No module named 'dateutil'
2026-04-09 10:16:50  [DONE]   lstm_W300_O50                     FAILED rc=1  (0.0 min)
2026-04-09 10:16:50  [START]  lstm_W400_O50                     gpu=3  step=200
2026-04-09 10:16:50  [STDERR] lstm_W300_O60: Traceback (most recent call last):
2026-04-09 10:16:50  [STDERR] lstm_W300_O60:   File "/home/mahmudm2/codebase/ClassyGlass/scripts/benchmark/run.py", line 25, in <module>
2026-04-09 10:16:50  [STDERR] lstm_W300_O60:     import matplotlib.pyplot as plt
2026-04-09 10:16:50  [STDERR] lstm_W300_O60:   File "/home/mahmudm2/.conda/envs/classyglass/lib/python3.10/site-packages/matplotlib/__init__.py", line 264, in <module>
2026-04-09 10:16:50  [STDERR] lstm_W300_O60:     _check_versions()
2026-04-09 10:16:50  [STDERR] lstm_W300_O60:   File "/home/mahmudm2/.conda/envs/classyglass/lib/python3.10/site-packages/matplotlib/__init__.py", line 258, in _check_versions
2026-04-09 10:16:50  [STDERR] lstm_W300_O60:     module = importlib.import_module(modname)
2026-04-09 10:16:50  [STDERR] lstm_W300_O60:   File "/home/mahmudm2/.conda/envs/classyglass/lib/python3.10/importlib/__init__.py", line 126, in import_module
2026-04-09 10:16:50  [STDERR] lstm_W300_O60:     return _bootstrap._gcd_import(name[level:], package, level)
2026-04-09 10:16:50  [STDERR] lstm_W300_O60: ModuleNotFoundError: No module named 'dateutil'
2026-04-09 10:16:50  [DONE]   lstm_W300_O60                     FAILED rc=1  (0.0 min)
2026-04-09 10:16:50  [START]  lstm_W400_O60                     gpu=2  step=160
2026-04-09 10:16:51  [STDERR] lstm_W400_O0: Traceback (most recent call last):
2026-04-09 10:16:51  [STDERR] lstm_W400_O0:   File "/home/mahmudm2/codebase/ClassyGlass/scripts/benchmark/run.py", line 25, in <module>
2026-04-09 10:16:51  [STDERR] lstm_W400_O0:     import matplotlib.pyplot as plt
2026-04-09 10:16:51  [STDERR] lstm_W400_O0:   File "/home/mahmudm2/.conda/envs/classyglass/lib/python3.10/site-packages/matplotlib/__init__.py", line 264, in <module>
2026-04-09 10:16:51  [STDERR] lstm_W400_O0:     _check_versions()
2026-04-09 10:16:51  [STDERR] lstm_W400_O0:   File "/home/mahmudm2/.conda/envs/classyglass/lib/python3.10/site-packages/matplotlib/__init__.py", line 258, in _check_versions
2026-04-09 10:16:51  [STDERR] lstm_W400_O0:     module = importlib.import_module(modname)
2026-04-09 10:16:51  [STDERR] lstm_W400_O0:   File "/home/mahmudm2/.conda/envs/classyglass/lib/python3.10/importlib/__init__.py", line 126, in import_module
2026-04-09 10:16:51  [STDERR] lstm_W400_O0:     return _bootstrap._gcd_import(name[level:], package, level)
2026-04-09 10:16:51  [STDERR] lstm_W400_O0: ModuleNotFoundError: No module named 'dateutil'
2026-04-09 10:16:51  [DONE]   lstm_W400_O0                      FAILED rc=1  (0.0 min)
2026-04-09 10:16:51  [START]  lstm_W500_O0                      gpu=0  step=500
2026-04-09 10:16:51  [STDERR] lstm_W400_O50: Traceback (most recent call last):
2026-04-09 10:16:51  [STDERR] lstm_W400_O50:   File "/home/mahmudm2/codebase/ClassyGlass/scripts/benchmark/run.py", line 25, in <module>
2026-04-09 10:16:51  [STDERR] lstm_W400_O50:     import matplotlib.pyplot as plt
2026-04-09 10:16:51  [STDERR] lstm_W400_O50:   File "/home/mahmudm2/.conda/envs/classyglass/lib/python3.10/site-packages/matplotlib/__init__.py", line 264, in <module>
2026-04-09 10:16:51  [STDERR] lstm_W400_O50:     _check_versions()
2026-04-09 10:16:51  [STDERR] lstm_W400_O50:   File "/home/mahmudm2/.conda/envs/classyglass/lib/python3.10/site-packages/matplotlib/__init__.py", line 258, in _check_versions
2026-04-09 10:16:51  [STDERR] lstm_W400_O50:     module = importlib.import_module(modname)
2026-04-09 10:16:51  [STDERR] lstm_W400_O50:   File "/home/mahmudm2/.conda/envs/classyglass/lib/python3.10/importlib/__init__.py", line 126, in import_module
2026-04-09 10:16:51  [STDERR] lstm_W400_O50:     return _bootstrap._gcd_import(name[level:], package, level)
2026-04-09 10:16:51  [STDERR] lstm_W400_O50: ModuleNotFoundError: No module named 'dateutil'
2026-04-09 10:16:51  [DONE]   lstm_W400_O50                     FAILED rc=1  (0.0 min)
2026-04-09 10:16:51  [START]  lstm_W500_O25                     gpu=3  step=375
2026-04-09 10:16:51  [STDERR] lstm_W400_O25: Traceback (most recent call last):
2026-04-09 10:16:51  [STDERR] lstm_W400_O25:   File "/home/mahmudm2/codebase/ClassyGlass/scripts/benchmark/run.py", line 25, in <module>
2026-04-09 10:16:51  [STDERR] lstm_W400_O25:     import matplotlib.pyplot as plt
2026-04-09 10:16:51  [STDERR] lstm_W400_O25:   File "/home/mahmudm2/.conda/envs/classyglass/lib/python3.10/site-packages/matplotlib/__init__.py", line 264, in <module>
2026-04-09 10:16:51  [STDERR] lstm_W400_O25:     _check_versions()
2026-04-09 10:16:51  [STDERR] lstm_W400_O25:   File "/home/mahmudm2/.conda/envs/classyglass/lib/python3.10/site-packages/matplotlib/__init__.py", line 258, in _check_versions
2026-04-09 10:16:51  [STDERR] lstm_W400_O25:     module = importlib.import_module(modname)
2026-04-09 10:16:51  [STDERR] lstm_W400_O25:   File "/home/mahmudm2/.conda/envs/classyglass/lib/python3.10/importlib/__init__.py", line 126, in import_module
2026-04-09 10:16:51  [STDERR] lstm_W400_O25:     return _bootstrap._gcd_import(name[level:], package, level)
2026-04-09 10:16:51  [STDERR] lstm_W400_O25: ModuleNotFoundError: No module named 'dateutil'
2026-04-09 10:16:51  [DONE]   lstm_W400_O25                     FAILED rc=1  (0.0 min)
2026-04-09 10:16:51  [START]  lstm_W500_O50                     gpu=1  step=250
2026-04-09 10:16:51  [STDERR] lstm_W400_O60: Traceback (most recent call last):
2026-04-09 10:16:51  [STDERR] lstm_W400_O60:   File "/home/mahmudm2/codebase/ClassyGlass/scripts/benchmark/run.py", line 25, in <module>
2026-04-09 10:16:51  [STDERR] lstm_W400_O60:     import matplotlib.pyplot as plt
2026-04-09 10:16:51  [STDERR] lstm_W400_O60:   File "/home/mahmudm2/.conda/envs/classyglass/lib/python3.10/site-packages/matplotlib/__init__.py", line 264, in <module>
2026-04-09 10:16:51  [STDERR] lstm_W400_O60:     _check_versions()
2026-04-09 10:16:51  [STDERR] lstm_W400_O60:   File "/home/mahmudm2/.conda/envs/classyglass/lib/python3.10/site-packages/matplotlib/__init__.py", line 258, in _check_versions
2026-04-09 10:16:51  [STDERR] lstm_W400_O60:     module = importlib.import_module(modname)
2026-04-09 10:16:51  [STDERR] lstm_W400_O60:   File "/home/mahmudm2/.conda/envs/classyglass/lib/python3.10/importlib/__init__.py", line 126, in import_module
2026-04-09 10:16:51  [STDERR] lstm_W400_O60:     return _bootstrap._gcd_import(name[level:], package, level)
2026-04-09 10:16:51  [STDERR] lstm_W400_O60: ModuleNotFoundError: No module named 'dateutil'
2026-04-09 10:16:51  [DONE]   lstm_W400_O60                     FAILED rc=1  (0.0 min)
2026-04-09 10:16:51  [START]  lstm_W500_O60                     gpu=2  step=200
2026-04-09 10:16:51  [STDERR] lstm_W500_O0: Traceback (most recent call last):
2026-04-09 10:16:51  [STDERR] lstm_W500_O0:   File "/home/mahmudm2/codebase/ClassyGlass/scripts/benchmark/run.py", line 25, in <module>
2026-04-09 10:16:51  [STDERR] lstm_W500_O0:     import matplotlib.pyplot as plt
2026-04-09 10:16:51  [STDERR] lstm_W500_O0:   File "/home/mahmudm2/.conda/envs/classyglass/lib/python3.10/site-packages/matplotlib/__init__.py", line 264, in <module>
2026-04-09 10:16:51  [STDERR] lstm_W500_O0:     _check_versions()
2026-04-09 10:16:51  [STDERR] lstm_W500_O0:   File "/home/mahmudm2/.conda/envs/classyglass/lib/python3.10/site-packages/matplotlib/__init__.py", line 258, in _check_versions
2026-04-09 10:16:51  [STDERR] lstm_W500_O0:     module = importlib.import_module(modname)
2026-04-09 10:16:51  [STDERR] lstm_W500_O0:   File "/home/mahmudm2/.conda/envs/classyglass/lib/python3.10/importlib/__init__.py", line 126, in import_module
2026-04-09 10:16:51  [STDERR] lstm_W500_O0:     return _bootstrap._gcd_import(name[level:], package, level)
2026-04-09 10:16:51  [STDERR] lstm_W500_O0: ModuleNotFoundError: No module named 'dateutil'
2026-04-09 10:16:51  [DONE]   lstm_W500_O0                      FAILED rc=1  (0.0 min)
2026-04-09 10:16:51  [STDERR] lstm_W500_O25: Traceback (most recent call last):
2026-04-09 10:16:51  [STDERR] lstm_W500_O25:   File "/home/mahmudm2/codebase/ClassyGlass/scripts/benchmark/run.py", line 25, in <module>
2026-04-09 10:16:51  [STDERR] lstm_W500_O25:     import matplotlib.pyplot as plt
2026-04-09 10:16:51  [STDERR] lstm_W500_O25:   File "/home/mahmudm2/.conda/envs/classyglass/lib/python3.10/site-packages/matplotlib/__init__.py", line 264, in <module>
2026-04-09 10:16:51  [STDERR] lstm_W500_O25:     _check_versions()
2026-04-09 10:16:51  [STDERR] lstm_W500_O25:   File "/home/mahmudm2/.conda/envs/classyglass/lib/python3.10/site-packages/matplotlib/__init__.py", line 258, in _check_versions
2026-04-09 10:16:51  [STDERR] lstm_W500_O25:     module = importlib.import_module(modname)
2026-04-09 10:16:51  [STDERR] lstm_W500_O25:   File "/home/mahmudm2/.conda/envs/classyglass/lib/python3.10/importlib/__init__.py", line 126, in import_module
2026-04-09 10:16:51  [STDERR] lstm_W500_O25:     return _bootstrap._gcd_import(name[level:], package, level)
2026-04-09 10:16:51  [STDERR] lstm_W500_O25: ModuleNotFoundError: No module named 'dateutil'
2026-04-09 10:16:51  [DONE]   lstm_W500_O25                     FAILED rc=1  (0.0 min)
2026-04-09 10:16:51  [STDERR] lstm_W500_O50: Traceback (most recent call last):
2026-04-09 10:16:51  [STDERR] lstm_W500_O50:   File "/home/mahmudm2/codebase/ClassyGlass/scripts/benchmark/run.py", line 25, in <module>
2026-04-09 10:16:51  [STDERR] lstm_W500_O50:     import matplotlib.pyplot as plt
2026-04-09 10:16:51  [STDERR] lstm_W500_O50:   File "/home/mahmudm2/.conda/envs/classyglass/lib/python3.10/site-packages/matplotlib/__init__.py", line 264, in <module>
2026-04-09 10:16:51  [STDERR] lstm_W500_O50:     _check_versions()
2026-04-09 10:16:51  [STDERR] lstm_W500_O50:   File "/home/mahmudm2/.conda/envs/classyglass/lib/python3.10/site-packages/matplotlib/__init__.py", line 258, in _check_versions
2026-04-09 10:16:51  [STDERR] lstm_W500_O50:     module = importlib.import_module(modname)
2026-04-09 10:16:51  [STDERR] lstm_W500_O50:   File "/home/mahmudm2/.conda/envs/classyglass/lib/python3.10/importlib/__init__.py", line 126, in import_module
2026-04-09 10:16:51  [STDERR] lstm_W500_O50:     return _bootstrap._gcd_import(name[level:], package, level)
2026-04-09 10:16:51  [STDERR] lstm_W500_O50: ModuleNotFoundError: No module named 'dateutil'
2026-04-09 10:16:51  [DONE]   lstm_W500_O50                     FAILED rc=1  (0.0 min)
2026-04-09 10:16:51  [STDERR] lstm_W500_O60: Traceback (most recent call last):
2026-04-09 10:16:51  [STDERR] lstm_W500_O60:   File "/home/mahmudm2/codebase/ClassyGlass/scripts/benchmark/run.py", line 25, in <module>
2026-04-09 10:16:51  [STDERR] lstm_W500_O60:     import matplotlib.pyplot as plt
2026-04-09 10:16:51  [STDERR] lstm_W500_O60:   File "/home/mahmudm2/.conda/envs/classyglass/lib/python3.10/site-packages/matplotlib/__init__.py", line 264, in <module>
2026-04-09 10:16:51  [STDERR] lstm_W500_O60:     _check_versions()
2026-04-09 10:16:51  [STDERR] lstm_W500_O60:   File "/home/mahmudm2/.conda/envs/classyglass/lib/python3.10/site-packages/matplotlib/__init__.py", line 258, in _check_versions
2026-04-09 10:16:51  [STDERR] lstm_W500_O60:     module = importlib.import_module(modname)
2026-04-09 10:16:51  [STDERR] lstm_W500_O60:   File "/home/mahmudm2/.conda/envs/classyglass/lib/python3.10/importlib/__init__.py", line 126, in import_module
2026-04-09 10:16:51  [STDERR] lstm_W500_O60:     return _bootstrap._gcd_import(name[level:], package, level)
2026-04-09 10:16:51  [STDERR] lstm_W500_O60: ModuleNotFoundError: No module named 'dateutil'
2026-04-09 10:16:51  [DONE]   lstm_W500_O60                     FAILED rc=1  (0.0 min)
2026-04-09 10:16:51  ============================================================
2026-04-09 10:16:51  Sweep complete in 0.1 min — 0/40 succeeded
2026-04-09 10:16:51  40 failed experiment(s):
2026-04-09 10:16:51    FAILED  deep_conv_lstm_W100_O0
2026-04-09 10:16:51    FAILED  deep_conv_lstm_W100_O25
2026-04-09 10:16:51    FAILED  deep_conv_lstm_W100_O50
2026-04-09 10:16:51    FAILED  deep_conv_lstm_W100_O60
2026-04-09 10:16:51    FAILED  deep_conv_lstm_W200_O0
2026-04-09 10:16:51    FAILED  deep_conv_lstm_W200_O25
2026-04-09 10:16:51    FAILED  deep_conv_lstm_W200_O50
2026-04-09 10:16:51    FAILED  deep_conv_lstm_W200_O60
2026-04-09 10:16:51    FAILED  deep_conv_lstm_W300_O0
2026-04-09 10:16:51    FAILED  deep_conv_lstm_W300_O25
2026-04-09 10:16:51    FAILED  deep_conv_lstm_W300_O50
2026-04-09 10:16:51    FAILED  deep_conv_lstm_W300_O60
2026-04-09 10:16:51    FAILED  deep_conv_lstm_W400_O0
2026-04-09 10:16:51    FAILED  deep_conv_lstm_W400_O25
2026-04-09 10:16:51    FAILED  deep_conv_lstm_W400_O50
2026-04-09 10:16:51    FAILED  deep_conv_lstm_W400_O60
2026-04-09 10:16:51    FAILED  deep_conv_lstm_W500_O0
2026-04-09 10:16:51    FAILED  deep_conv_lstm_W500_O25
2026-04-09 10:16:51    FAILED  deep_conv_lstm_W500_O50
2026-04-09 10:16:51    FAILED  deep_conv_lstm_W500_O60
2026-04-09 10:16:51    FAILED  lstm_W100_O0
2026-04-09 10:16:51    FAILED  lstm_W100_O25
2026-04-09 10:16:51    FAILED  lstm_W100_O50
2026-04-09 10:16:51    FAILED  lstm_W100_O60
2026-04-09 10:16:51    FAILED  lstm_W200_O0
2026-04-09 10:16:51    FAILED  lstm_W200_O25
2026-04-09 10:16:51    FAILED  lstm_W200_O50
2026-04-09 10:16:51    FAILED  lstm_W200_O60
2026-04-09 10:16:51    FAILED  lstm_W300_O0
2026-04-09 10:16:51    FAILED  lstm_W300_O25
2026-04-09 10:16:51    FAILED  lstm_W300_O50
2026-04-09 10:16:51    FAILED  lstm_W300_O60
2026-04-09 10:16:51    FAILED  lstm_W400_O0
2026-04-09 10:16:51    FAILED  lstm_W400_O25
2026-04-09 10:16:51    FAILED  lstm_W400_O50
2026-04-09 10:16:51    FAILED  lstm_W400_O60
2026-04-09 10:16:51    FAILED  lstm_W500_O0
2026-04-09 10:16:51    FAILED  lstm_W500_O25
2026-04-09 10:16:51    FAILED  lstm_W500_O50
2026-04-09 10:16:51    FAILED  lstm_W500_O60
2026-04-09 10:16:51  ============================================================
