2026-04-09 10:11:58  Master log: /home/mahmudm2/codebase/ClassyGlass/scripts/benchmark/logs/ablation_20260409_101158.log
2026-04-09 10:11:58  Found 4 CUDA GPU(s):
2026-04-09 10:11:58    GPU 0: NVIDIA GeForce GTX 1080 Ti  (10.9 GiB)
2026-04-09 10:11:58    GPU 1: NVIDIA GeForce GTX 1080 Ti  (10.9 GiB)
2026-04-09 10:11:58    GPU 2: NVIDIA GeForce GTX 1080 Ti  (10.9 GiB)
2026-04-09 10:11:58    GPU 3: NVIDIA GeForce GTX 1080 Ti  (10.9 GiB)
2026-04-09 10:11:58  ============================================================
2026-04-09 10:11:58  Ablation sweep: 40 experiments
2026-04-09 10:11:58    Models   : ['deep_conv_lstm', 'lstm']
2026-04-09 10:11:58    Windows  : [100, 200, 300, 400, 500]
2026-04-09 10:11:58    Overlaps : [0, 25, 50, 60]%
2026-04-09 10:11:58    GPUs     : [0, 1, 2, 3]  →  4 parallel worker(s)
2026-04-09 10:11:58  ============================================================
2026-04-09 10:11:58  [START]  deep_conv_lstm_W100_O0            gpu=0  step=100
2026-04-09 10:11:58  [START]  deep_conv_lstm_W100_O25           gpu=1  step=75
2026-04-09 10:11:58  [START]  deep_conv_lstm_W100_O50           gpu=2  step=50
2026-04-09 10:11:58  [START]  deep_conv_lstm_W100_O60           gpu=3  step=40
2026-04-09 10:11:58  [STDERR] deep_conv_lstm_W100_O0: Traceback (most recent call last):
2026-04-09 10:11:58  [STDERR] deep_conv_lstm_W100_O0:   File "/home/mahmudm2/codebase/ClassyGlass/scripts/benchmark/run.py", line 25, in <module>
2026-04-09 10:11:58  [STDERR] deep_conv_lstm_W100_O0:     import matplotlib.pyplot as plt
2026-04-09 10:11:58  [STDERR] deep_conv_lstm_W100_O0:   File "/home/mahmudm2/.conda/envs/classyglass/lib/python3.10/site-packages/matplotlib/__init__.py", line 161, in <module>
2026-04-09 10:11:58  [STDERR] deep_conv_lstm_W100_O0:     from . import _api, _version, cbook, _docstring, rcsetup
2026-04-09 10:11:58  [STDERR] deep_conv_lstm_W100_O0:   File "/home/mahmudm2/.conda/envs/classyglass/lib/python3.10/site-packages/matplotlib/rcsetup.py", line 28, in <module>
2026-04-09 10:11:58  [STDERR] deep_conv_lstm_W100_O0:     from matplotlib.colors import Colormap, is_color_like
2026-04-09 10:11:58  [STDERR] deep_conv_lstm_W100_O0:   File "/home/mahmudm2/.conda/envs/classyglass/lib/python3.10/site-packages/matplotlib/colors.py", line 52, in <module>
2026-04-09 10:11:58  [STDERR] deep_conv_lstm_W100_O0:     from PIL import Image
2026-04-09 10:11:58  [STDERR] deep_conv_lstm_W100_O0: ModuleNotFoundError: No module named 'PIL'
2026-04-09 10:11:58  [DONE]   deep_conv_lstm_W100_O0            FAILED rc=1  (0.0 min)
2026-04-09 10:11:58  [START]  deep_conv_lstm_W200_O0            gpu=0  step=200
2026-04-09 10:11:58  [STDERR] deep_conv_lstm_W100_O25: Traceback (most recent call last):
2026-04-09 10:11:58  [STDERR] deep_conv_lstm_W100_O25:   File "/home/mahmudm2/codebase/ClassyGlass/scripts/benchmark/run.py", line 25, in <module>
2026-04-09 10:11:58  [STDERR] deep_conv_lstm_W100_O25:     import matplotlib.pyplot as plt
2026-04-09 10:11:58  [STDERR] deep_conv_lstm_W100_O25:   File "/home/mahmudm2/.conda/envs/classyglass/lib/python3.10/site-packages/matplotlib/__init__.py", line 161, in <module>
2026-04-09 10:11:58  [STDERR] deep_conv_lstm_W100_O25:     from . import _api, _version, cbook, _docstring, rcsetup
2026-04-09 10:11:58  [STDERR] deep_conv_lstm_W100_O25:   File "/home/mahmudm2/.conda/envs/classyglass/lib/python3.10/site-packages/matplotlib/rcsetup.py", line 28, in <module>
2026-04-09 10:11:58  [STDERR] deep_conv_lstm_W100_O25:     from matplotlib.colors import Colormap, is_color_like
2026-04-09 10:11:58  [STDERR] deep_conv_lstm_W100_O25:   File "/home/mahmudm2/.conda/envs/classyglass/lib/python3.10/site-packages/matplotlib/colors.py", line 52, in <module>
2026-04-09 10:11:58  [STDERR] deep_conv_lstm_W100_O25:     from PIL import Image
2026-04-09 10:11:58  [STDERR] deep_conv_lstm_W100_O50: Traceback (most recent call last):
2026-04-09 10:11:58  [STDERR] deep_conv_lstm_W100_O25: ModuleNotFoundError: No module named 'PIL'
2026-04-09 10:11:58  [STDERR] deep_conv_lstm_W100_O50:   File "/home/mahmudm2/codebase/ClassyGlass/scripts/benchmark/run.py", line 25, in <module>
2026-04-09 10:11:58  [DONE]   deep_conv_lstm_W100_O25           FAILED rc=1  (0.0 min)
2026-04-09 10:11:58  [STDERR] deep_conv_lstm_W100_O50:     import matplotlib.pyplot as plt
2026-04-09 10:11:58  [START]  deep_conv_lstm_W200_O25           gpu=1  step=150
2026-04-09 10:11:58  [STDERR] deep_conv_lstm_W100_O50:   File "/home/mahmudm2/.conda/envs/classyglass/lib/python3.10/site-packages/matplotlib/__init__.py", line 161, in <module>
2026-04-09 10:11:58  [STDERR] deep_conv_lstm_W100_O50:     from . import _api, _version, cbook, _docstring, rcsetup
2026-04-09 10:11:58  [STDERR] deep_conv_lstm_W100_O50:   File "/home/mahmudm2/.conda/envs/classyglass/lib/python3.10/site-packages/matplotlib/rcsetup.py", line 28, in <module>
2026-04-09 10:11:58  [STDERR] deep_conv_lstm_W100_O50:     from matplotlib.colors import Colormap, is_color_like
2026-04-09 10:11:58  [STDERR] deep_conv_lstm_W100_O50:   File "/home/mahmudm2/.conda/envs/classyglass/lib/python3.10/site-packages/matplotlib/colors.py", line 52, in <module>
2026-04-09 10:11:58  [STDERR] deep_conv_lstm_W100_O50:     from PIL import Image
2026-04-09 10:11:58  [STDERR] deep_conv_lstm_W100_O50: ModuleNotFoundError: No module named 'PIL'
2026-04-09 10:11:58  [DONE]   deep_conv_lstm_W100_O50           FAILED rc=1  (0.0 min)
2026-04-09 10:11:58  [START]  deep_conv_lstm_W200_O50           gpu=2  step=100
2026-04-09 10:11:58  [STDERR] deep_conv_lstm_W100_O60: Traceback (most recent call last):
2026-04-09 10:11:58  [STDERR] deep_conv_lstm_W100_O60:   File "/home/mahmudm2/codebase/ClassyGlass/scripts/benchmark/run.py", line 25, in <module>
2026-04-09 10:11:58  [STDERR] deep_conv_lstm_W100_O60:     import matplotlib.pyplot as plt
2026-04-09 10:11:58  [STDERR] deep_conv_lstm_W100_O60:   File "/home/mahmudm2/.conda/envs/classyglass/lib/python3.10/site-packages/matplotlib/__init__.py", line 161, in <module>
2026-04-09 10:11:58  [STDERR] deep_conv_lstm_W100_O60:     from . import _api, _version, cbook, _docstring, rcsetup
2026-04-09 10:11:58  [STDERR] deep_conv_lstm_W100_O60:   File "/home/mahmudm2/.conda/envs/classyglass/lib/python3.10/site-packages/matplotlib/rcsetup.py", line 28, in <module>
2026-04-09 10:11:58  [STDERR] deep_conv_lstm_W100_O60:     from matplotlib.colors import Colormap, is_color_like
2026-04-09 10:11:58  [STDERR] deep_conv_lstm_W100_O60:   File "/home/mahmudm2/.conda/envs/classyglass/lib/python3.10/site-packages/matplotlib/colors.py", line 52, in <module>
2026-04-09 10:11:58  [STDERR] deep_conv_lstm_W100_O60:     from PIL import Image
2026-04-09 10:11:58  [STDERR] deep_conv_lstm_W100_O60: ModuleNotFoundError: No module named 'PIL'
2026-04-09 10:11:58  [DONE]   deep_conv_lstm_W100_O60           FAILED rc=1  (0.0 min)
2026-04-09 10:11:58  [START]  deep_conv_lstm_W200_O60           gpu=3  step=80
2026-04-09 10:11:58  [STDERR] deep_conv_lstm_W200_O0: Traceback (most recent call last):
2026-04-09 10:11:58  [STDERR] deep_conv_lstm_W200_O0:   File "/home/mahmudm2/codebase/ClassyGlass/scripts/benchmark/run.py", line 25, in <module>
2026-04-09 10:11:58  [STDERR] deep_conv_lstm_W200_O0:     import matplotlib.pyplot as plt
2026-04-09 10:11:58  [STDERR] deep_conv_lstm_W200_O0:   File "/home/mahmudm2/.conda/envs/classyglass/lib/python3.10/site-packages/matplotlib/__init__.py", line 161, in <module>
2026-04-09 10:11:58  [STDERR] deep_conv_lstm_W200_O0:     from . import _api, _version, cbook, _docstring, rcsetup
2026-04-09 10:11:58  [STDERR] deep_conv_lstm_W200_O0:   File "/home/mahmudm2/.conda/envs/classyglass/lib/python3.10/site-packages/matplotlib/rcsetup.py", line 28, in <module>
2026-04-09 10:11:58  [STDERR] deep_conv_lstm_W200_O0:     from matplotlib.colors import Colormap, is_color_like
2026-04-09 10:11:58  [STDERR] deep_conv_lstm_W200_O0:   File "/home/mahmudm2/.conda/envs/classyglass/lib/python3.10/site-packages/matplotlib/colors.py", line 52, in <module>
2026-04-09 10:11:58  [STDERR] deep_conv_lstm_W200_O0:     from PIL import Image
2026-04-09 10:11:58  [STDERR] deep_conv_lstm_W200_O0: ModuleNotFoundError: No module named 'PIL'
2026-04-09 10:11:58  [DONE]   deep_conv_lstm_W200_O0            FAILED rc=1  (0.0 min)
2026-04-09 10:11:58  [START]  deep_conv_lstm_W300_O0            gpu=0  step=300
2026-04-09 10:11:58  [STDERR] deep_conv_lstm_W200_O25: Traceback (most recent call last):
2026-04-09 10:11:58  [STDERR] deep_conv_lstm_W200_O25:   File "/home/mahmudm2/codebase/ClassyGlass/scripts/benchmark/run.py", line 25, in <module>
2026-04-09 10:11:58  [STDERR] deep_conv_lstm_W200_O25:     import matplotlib.pyplot as plt
2026-04-09 10:11:58  [STDERR] deep_conv_lstm_W200_O25:   File "/home/mahmudm2/.conda/envs/classyglass/lib/python3.10/site-packages/matplotlib/__init__.py", line 161, in <module>
2026-04-09 10:11:58  [STDERR] deep_conv_lstm_W200_O25:     from . import _api, _version, cbook, _docstring, rcsetup
2026-04-09 10:11:58  [STDERR] deep_conv_lstm_W200_O25:   File "/home/mahmudm2/.conda/envs/classyglass/lib/python3.10/site-packages/matplotlib/rcsetup.py", line 28, in <module>
2026-04-09 10:11:58  [STDERR] deep_conv_lstm_W200_O25:     from matplotlib.colors import Colormap, is_color_like
2026-04-09 10:11:58  [STDERR] deep_conv_lstm_W200_O25:   File "/home/mahmudm2/.conda/envs/classyglass/lib/python3.10/site-packages/matplotlib/colors.py", line 52, in <module>
2026-04-09 10:11:58  [STDERR] deep_conv_lstm_W200_O25:     from PIL import Image
2026-04-09 10:11:58  [STDERR] deep_conv_lstm_W200_O25: ModuleNotFoundError: No module named 'PIL'
2026-04-09 10:11:58  [DONE]   deep_conv_lstm_W200_O25           FAILED rc=1  (0.0 min)
2026-04-09 10:11:58  [START]  deep_conv_lstm_W300_O25           gpu=1  step=225
2026-04-09 10:11:58  [STDERR] deep_conv_lstm_W200_O50: Traceback (most recent call last):
2026-04-09 10:11:58  [STDERR] deep_conv_lstm_W200_O50:   File "/home/mahmudm2/codebase/ClassyGlass/scripts/benchmark/run.py", line 25, in <module>
2026-04-09 10:11:58  [STDERR] deep_conv_lstm_W200_O50:     import matplotlib.pyplot as plt
2026-04-09 10:11:58  [STDERR] deep_conv_lstm_W200_O50:   File "/home/mahmudm2/.conda/envs/classyglass/lib/python3.10/site-packages/matplotlib/__init__.py", line 161, in <module>
2026-04-09 10:11:58  [STDERR] deep_conv_lstm_W200_O50:     from . import _api, _version, cbook, _docstring, rcsetup
2026-04-09 10:11:58  [STDERR] deep_conv_lstm_W200_O50:   File "/home/mahmudm2/.conda/envs/classyglass/lib/python3.10/site-packages/matplotlib/rcsetup.py", line 28, in <module>
2026-04-09 10:11:58  [STDERR] deep_conv_lstm_W200_O50:     from matplotlib.colors import Colormap, is_color_like
2026-04-09 10:11:58  [STDERR] deep_conv_lstm_W200_O50:   File "/home/mahmudm2/.conda/envs/classyglass/lib/python3.10/site-packages/matplotlib/colors.py", line 52, in <module>
2026-04-09 10:11:58  [STDERR] deep_conv_lstm_W200_O50:     from PIL import Image
2026-04-09 10:11:58  [STDERR] deep_conv_lstm_W200_O50: ModuleNotFoundError: No module named 'PIL'
2026-04-09 10:11:58  [DONE]   deep_conv_lstm_W200_O50           FAILED rc=1  (0.0 min)
2026-04-09 10:11:58  [START]  deep_conv_lstm_W300_O50           gpu=2  step=150
2026-04-09 10:11:58  [STDERR] deep_conv_lstm_W200_O60: Traceback (most recent call last):
2026-04-09 10:11:58  [STDERR] deep_conv_lstm_W200_O60:   File "/home/mahmudm2/codebase/ClassyGlass/scripts/benchmark/run.py", line 25, in <module>
2026-04-09 10:11:58  [STDERR] deep_conv_lstm_W200_O60:     import matplotlib.pyplot as plt
2026-04-09 10:11:58  [STDERR] deep_conv_lstm_W200_O60:   File "/home/mahmudm2/.conda/envs/classyglass/lib/python3.10/site-packages/matplotlib/__init__.py", line 161, in <module>
2026-04-09 10:11:58  [STDERR] deep_conv_lstm_W200_O60:     from . import _api, _version, cbook, _docstring, rcsetup
2026-04-09 10:11:58  [STDERR] deep_conv_lstm_W200_O60:   File "/home/mahmudm2/.conda/envs/classyglass/lib/python3.10/site-packages/matplotlib/rcsetup.py", line 28, in <module>
2026-04-09 10:11:58  [STDERR] deep_conv_lstm_W200_O60:     from matplotlib.colors import Colormap, is_color_like
2026-04-09 10:11:58  [STDERR] deep_conv_lstm_W200_O60:   File "/home/mahmudm2/.conda/envs/classyglass/lib/python3.10/site-packages/matplotlib/colors.py", line 52, in <module>
2026-04-09 10:11:58  [STDERR] deep_conv_lstm_W200_O60:     from PIL import Image
2026-04-09 10:11:58  [STDERR] deep_conv_lstm_W200_O60: ModuleNotFoundError: No module named 'PIL'
2026-04-09 10:11:58  [DONE]   deep_conv_lstm_W200_O60           FAILED rc=1  (0.0 min)
2026-04-09 10:11:58  [START]  deep_conv_lstm_W300_O60           gpu=3  step=120
2026-04-09 10:11:59  [STDERR] deep_conv_lstm_W300_O0: Traceback (most recent call last):
2026-04-09 10:11:59  [STDERR] deep_conv_lstm_W300_O0:   File "/home/mahmudm2/codebase/ClassyGlass/scripts/benchmark/run.py", line 25, in <module>
2026-04-09 10:11:59  [STDERR] deep_conv_lstm_W300_O0:     import matplotlib.pyplot as plt
2026-04-09 10:11:59  [STDERR] deep_conv_lstm_W300_O0:   File "/home/mahmudm2/.conda/envs/classyglass/lib/python3.10/site-packages/matplotlib/__init__.py", line 161, in <module>
2026-04-09 10:11:59  [STDERR] deep_conv_lstm_W300_O0:     from . import _api, _version, cbook, _docstring, rcsetup
2026-04-09 10:11:59  [STDERR] deep_conv_lstm_W300_O0:   File "/home/mahmudm2/.conda/envs/classyglass/lib/python3.10/site-packages/matplotlib/rcsetup.py", line 28, in <module>
2026-04-09 10:11:59  [STDERR] deep_conv_lstm_W300_O0:     from matplotlib.colors import Colormap, is_color_like
2026-04-09 10:11:59  [STDERR] deep_conv_lstm_W300_O0:   File "/home/mahmudm2/.conda/envs/classyglass/lib/python3.10/site-packages/matplotlib/colors.py", line 52, in <module>
2026-04-09 10:11:59  [STDERR] deep_conv_lstm_W300_O0:     from PIL import Image
2026-04-09 10:11:59  [STDERR] deep_conv_lstm_W300_O0: ModuleNotFoundError: No module named 'PIL'
2026-04-09 10:11:59  [DONE]   deep_conv_lstm_W300_O0            FAILED rc=1  (0.0 min)
2026-04-09 10:11:59  [START]  deep_conv_lstm_W400_O0            gpu=0  step=400
2026-04-09 10:11:59  [STDERR] deep_conv_lstm_W300_O25: Traceback (most recent call last):
2026-04-09 10:11:59  [STDERR] deep_conv_lstm_W300_O25:   File "/home/mahmudm2/codebase/ClassyGlass/scripts/benchmark/run.py", line 25, in <module>
2026-04-09 10:11:59  [STDERR] deep_conv_lstm_W300_O25:     import matplotlib.pyplot as plt
2026-04-09 10:11:59  [STDERR] deep_conv_lstm_W300_O25:   File "/home/mahmudm2/.conda/envs/classyglass/lib/python3.10/site-packages/matplotlib/__init__.py", line 161, in <module>
2026-04-09 10:11:59  [STDERR] deep_conv_lstm_W300_O25:     from . import _api, _version, cbook, _docstring, rcsetup
2026-04-09 10:11:59  [STDERR] deep_conv_lstm_W300_O25:   File "/home/mahmudm2/.conda/envs/classyglass/lib/python3.10/site-packages/matplotlib/rcsetup.py", line 28, in <module>
2026-04-09 10:11:59  [STDERR] deep_conv_lstm_W300_O25:     from matplotlib.colors import Colormap, is_color_like
2026-04-09 10:11:59  [STDERR] deep_conv_lstm_W300_O25:   File "/home/mahmudm2/.conda/envs/classyglass/lib/python3.10/site-packages/matplotlib/colors.py", line 52, in <module>
2026-04-09 10:11:59  [STDERR] deep_conv_lstm_W300_O25:     from PIL import Image
2026-04-09 10:11:59  [STDERR] deep_conv_lstm_W300_O25: ModuleNotFoundError: No module named 'PIL'
2026-04-09 10:11:59  [DONE]   deep_conv_lstm_W300_O25           FAILED rc=1  (0.0 min)
2026-04-09 10:11:59  [START]  deep_conv_lstm_W400_O25           gpu=1  step=300
2026-04-09 10:11:59  [STDERR] deep_conv_lstm_W300_O50: Traceback (most recent call last):
2026-04-09 10:11:59  [STDERR] deep_conv_lstm_W300_O50:   File "/home/mahmudm2/codebase/ClassyGlass/scripts/benchmark/run.py", line 25, in <module>
2026-04-09 10:11:59  [STDERR] deep_conv_lstm_W300_O50:     import matplotlib.pyplot as plt
2026-04-09 10:11:59  [STDERR] deep_conv_lstm_W300_O50:   File "/home/mahmudm2/.conda/envs/classyglass/lib/python3.10/site-packages/matplotlib/__init__.py", line 161, in <module>
2026-04-09 10:11:59  [STDERR] deep_conv_lstm_W300_O50:     from . import _api, _version, cbook, _docstring, rcsetup
2026-04-09 10:11:59  [STDERR] deep_conv_lstm_W300_O50:   File "/home/mahmudm2/.conda/envs/classyglass/lib/python3.10/site-packages/matplotlib/rcsetup.py", line 28, in <module>
2026-04-09 10:11:59  [STDERR] deep_conv_lstm_W300_O50:     from matplotlib.colors import Colormap, is_color_like
2026-04-09 10:11:59  [STDERR] deep_conv_lstm_W300_O50:   File "/home/mahmudm2/.conda/envs/classyglass/lib/python3.10/site-packages/matplotlib/colors.py", line 52, in <module>
2026-04-09 10:11:59  [STDERR] deep_conv_lstm_W300_O50:     from PIL import Image
2026-04-09 10:11:59  [STDERR] deep_conv_lstm_W300_O50: ModuleNotFoundError: No module named 'PIL'
2026-04-09 10:11:59  [DONE]   deep_conv_lstm_W300_O50           FAILED rc=1  (0.0 min)
2026-04-09 10:11:59  [START]  deep_conv_lstm_W400_O50           gpu=2  step=200
2026-04-09 10:11:59  [STDERR] deep_conv_lstm_W300_O60: Traceback (most recent call last):
2026-04-09 10:11:59  [STDERR] deep_conv_lstm_W300_O60:   File "/home/mahmudm2/codebase/ClassyGlass/scripts/benchmark/run.py", line 25, in <module>
2026-04-09 10:11:59  [STDERR] deep_conv_lstm_W300_O60:     import matplotlib.pyplot as plt
2026-04-09 10:11:59  [STDERR] deep_conv_lstm_W300_O60:   File "/home/mahmudm2/.conda/envs/classyglass/lib/python3.10/site-packages/matplotlib/__init__.py", line 161, in <module>
2026-04-09 10:11:59  [STDERR] deep_conv_lstm_W300_O60:     from . import _api, _version, cbook, _docstring, rcsetup
2026-04-09 10:11:59  [STDERR] deep_conv_lstm_W300_O60:   File "/home/mahmudm2/.conda/envs/classyglass/lib/python3.10/site-packages/matplotlib/rcsetup.py", line 28, in <module>
2026-04-09 10:11:59  [STDERR] deep_conv_lstm_W300_O60:     from matplotlib.colors import Colormap, is_color_like
2026-04-09 10:11:59  [STDERR] deep_conv_lstm_W300_O60:   File "/home/mahmudm2/.conda/envs/classyglass/lib/python3.10/site-packages/matplotlib/colors.py", line 52, in <module>
2026-04-09 10:11:59  [STDERR] deep_conv_lstm_W300_O60:     from PIL import Image
2026-04-09 10:11:59  [STDERR] deep_conv_lstm_W300_O60: ModuleNotFoundError: No module named 'PIL'
2026-04-09 10:11:59  [DONE]   deep_conv_lstm_W300_O60           FAILED rc=1  (0.0 min)
2026-04-09 10:11:59  [START]  deep_conv_lstm_W400_O60           gpu=3  step=160
2026-04-09 10:11:59  [STDERR] deep_conv_lstm_W400_O0: Traceback (most recent call last):
2026-04-09 10:11:59  [STDERR] deep_conv_lstm_W400_O0:   File "/home/mahmudm2/codebase/ClassyGlass/scripts/benchmark/run.py", line 25, in <module>
2026-04-09 10:11:59  [STDERR] deep_conv_lstm_W400_O0:     import matplotlib.pyplot as plt
2026-04-09 10:11:59  [STDERR] deep_conv_lstm_W400_O0:   File "/home/mahmudm2/.conda/envs/classyglass/lib/python3.10/site-packages/matplotlib/__init__.py", line 161, in <module>
2026-04-09 10:11:59  [STDERR] deep_conv_lstm_W400_O0:     from . import _api, _version, cbook, _docstring, rcsetup
2026-04-09 10:11:59  [STDERR] deep_conv_lstm_W400_O0:   File "/home/mahmudm2/.conda/envs/classyglass/lib/python3.10/site-packages/matplotlib/rcsetup.py", line 28, in <module>
2026-04-09 10:11:59  [STDERR] deep_conv_lstm_W400_O0:     from matplotlib.colors import Colormap, is_color_like
2026-04-09 10:11:59  [STDERR] deep_conv_lstm_W400_O0:   File "/home/mahmudm2/.conda/envs/classyglass/lib/python3.10/site-packages/matplotlib/colors.py", line 52, in <module>
2026-04-09 10:11:59  [STDERR] deep_conv_lstm_W400_O0:     from PIL import Image
2026-04-09 10:11:59  [STDERR] deep_conv_lstm_W400_O0: ModuleNotFoundError: No module named 'PIL'
2026-04-09 10:11:59  [DONE]   deep_conv_lstm_W400_O0            FAILED rc=1  (0.0 min)
2026-04-09 10:11:59  [START]  deep_conv_lstm_W500_O0            gpu=0  step=500
2026-04-09 10:11:59  [STDERR] deep_conv_lstm_W400_O50: Traceback (most recent call last):
2026-04-09 10:11:59  [STDERR] deep_conv_lstm_W400_O50:   File "/home/mahmudm2/codebase/ClassyGlass/scripts/benchmark/run.py", line 25, in <module>
2026-04-09 10:11:59  [STDERR] deep_conv_lstm_W400_O50:     import matplotlib.pyplot as plt
2026-04-09 10:11:59  [STDERR] deep_conv_lstm_W400_O50:   File "/home/mahmudm2/.conda/envs/classyglass/lib/python3.10/site-packages/matplotlib/__init__.py", line 161, in <module>
2026-04-09 10:11:59  [STDERR] deep_conv_lstm_W400_O50:     from . import _api, _version, cbook, _docstring, rcsetup
2026-04-09 10:11:59  [STDERR] deep_conv_lstm_W400_O50:   File "/home/mahmudm2/.conda/envs/classyglass/lib/python3.10/site-packages/matplotlib/rcsetup.py", line 28, in <module>
2026-04-09 10:11:59  [STDERR] deep_conv_lstm_W400_O50:     from matplotlib.colors import Colormap, is_color_like
2026-04-09 10:11:59  [STDERR] deep_conv_lstm_W400_O50:   File "/home/mahmudm2/.conda/envs/classyglass/lib/python3.10/site-packages/matplotlib/colors.py", line 52, in <module>
2026-04-09 10:11:59  [STDERR] deep_conv_lstm_W400_O50:     from PIL import Image
2026-04-09 10:11:59  [STDERR] deep_conv_lstm_W400_O50: ModuleNotFoundError: No module named 'PIL'
2026-04-09 10:11:59  [DONE]   deep_conv_lstm_W400_O50           FAILED rc=1  (0.0 min)
2026-04-09 10:11:59  [START]  deep_conv_lstm_W500_O25           gpu=2  step=375
2026-04-09 10:11:59  [STDERR] deep_conv_lstm_W400_O25: Traceback (most recent call last):
2026-04-09 10:11:59  [STDERR] deep_conv_lstm_W400_O25:   File "/home/mahmudm2/codebase/ClassyGlass/scripts/benchmark/run.py", line 25, in <module>
2026-04-09 10:11:59  [STDERR] deep_conv_lstm_W400_O25:     import matplotlib.pyplot as plt
2026-04-09 10:11:59  [STDERR] deep_conv_lstm_W400_O25:   File "/home/mahmudm2/.conda/envs/classyglass/lib/python3.10/site-packages/matplotlib/__init__.py", line 161, in <module>
2026-04-09 10:11:59  [STDERR] deep_conv_lstm_W400_O25:     from . import _api, _version, cbook, _docstring, rcsetup
2026-04-09 10:11:59  [STDERR] deep_conv_lstm_W400_O25:   File "/home/mahmudm2/.conda/envs/classyglass/lib/python3.10/site-packages/matplotlib/rcsetup.py", line 28, in <module>
2026-04-09 10:11:59  [STDERR] deep_conv_lstm_W400_O25:     from matplotlib.colors import Colormap, is_color_like
2026-04-09 10:11:59  [STDERR] deep_conv_lstm_W400_O25:   File "/home/mahmudm2/.conda/envs/classyglass/lib/python3.10/site-packages/matplotlib/colors.py", line 52, in <module>
2026-04-09 10:11:59  [STDERR] deep_conv_lstm_W400_O25:     from PIL import Image
2026-04-09 10:11:59  [STDERR] deep_conv_lstm_W400_O25: ModuleNotFoundError: No module named 'PIL'
2026-04-09 10:11:59  [DONE]   deep_conv_lstm_W400_O25           FAILED rc=1  (0.0 min)
2026-04-09 10:11:59  [START]  deep_conv_lstm_W500_O50           gpu=1  step=250
2026-04-09 10:11:59  [STDERR] deep_conv_lstm_W400_O60: Traceback (most recent call last):
2026-04-09 10:11:59  [STDERR] deep_conv_lstm_W400_O60:   File "/home/mahmudm2/codebase/ClassyGlass/scripts/benchmark/run.py", line 25, in <module>
2026-04-09 10:11:59  [STDERR] deep_conv_lstm_W400_O60:     import matplotlib.pyplot as plt
2026-04-09 10:11:59  [STDERR] deep_conv_lstm_W400_O60:   File "/home/mahmudm2/.conda/envs/classyglass/lib/python3.10/site-packages/matplotlib/__init__.py", line 161, in <module>
2026-04-09 10:11:59  [STDERR] deep_conv_lstm_W400_O60:     from . import _api, _version, cbook, _docstring, rcsetup
2026-04-09 10:11:59  [STDERR] deep_conv_lstm_W400_O60:   File "/home/mahmudm2/.conda/envs/classyglass/lib/python3.10/site-packages/matplotlib/rcsetup.py", line 28, in <module>
2026-04-09 10:11:59  [STDERR] deep_conv_lstm_W400_O60:     from matplotlib.colors import Colormap, is_color_like
2026-04-09 10:11:59  [STDERR] deep_conv_lstm_W400_O60:   File "/home/mahmudm2/.conda/envs/classyglass/lib/python3.10/site-packages/matplotlib/colors.py", line 52, in <module>
2026-04-09 10:11:59  [STDERR] deep_conv_lstm_W400_O60:     from PIL import Image
2026-04-09 10:11:59  [STDERR] deep_conv_lstm_W400_O60: ModuleNotFoundError: No module named 'PIL'
2026-04-09 10:11:59  [DONE]   deep_conv_lstm_W400_O60           FAILED rc=1  (0.0 min)
2026-04-09 10:11:59  [START]  deep_conv_lstm_W500_O60           gpu=3  step=200
2026-04-09 10:11:59  [STDERR] deep_conv_lstm_W500_O50: Traceback (most recent call last):
2026-04-09 10:11:59  [STDERR] deep_conv_lstm_W500_O50:   File "/home/mahmudm2/codebase/ClassyGlass/scripts/benchmark/run.py", line 25, in <module>
2026-04-09 10:11:59  [STDERR] deep_conv_lstm_W500_O50:     import matplotlib.pyplot as plt
2026-04-09 10:11:59  [STDERR] deep_conv_lstm_W500_O50:   File "/home/mahmudm2/.conda/envs/classyglass/lib/python3.10/site-packages/matplotlib/__init__.py", line 161, in <module>
2026-04-09 10:11:59  [STDERR] deep_conv_lstm_W500_O50:     from . import _api, _version, cbook, _docstring, rcsetup
2026-04-09 10:11:59  [STDERR] deep_conv_lstm_W500_O50:   File "/home/mahmudm2/.conda/envs/classyglass/lib/python3.10/site-packages/matplotlib/rcsetup.py", line 28, in <module>
2026-04-09 10:11:59  [STDERR] deep_conv_lstm_W500_O50:     from matplotlib.colors import Colormap, is_color_like
2026-04-09 10:11:59  [STDERR] deep_conv_lstm_W500_O50:   File "/home/mahmudm2/.conda/envs/classyglass/lib/python3.10/site-packages/matplotlib/colors.py", line 52, in <module>
2026-04-09 10:11:59  [STDERR] deep_conv_lstm_W500_O50:     from PIL import Image
2026-04-09 10:11:59  [STDERR] deep_conv_lstm_W500_O50: ModuleNotFoundError: No module named 'PIL'
2026-04-09 10:11:59  [DONE]   deep_conv_lstm_W500_O50           FAILED rc=1  (0.0 min)
2026-04-09 10:11:59  [START]  lstm_W100_O0                      gpu=1  step=100
2026-04-09 10:11:59  [STDERR] deep_conv_lstm_W500_O0: Traceback (most recent call last):
2026-04-09 10:11:59  [STDERR] deep_conv_lstm_W500_O0:   File "/home/mahmudm2/codebase/ClassyGlass/scripts/benchmark/run.py", line 25, in <module>
2026-04-09 10:11:59  [STDERR] deep_conv_lstm_W500_O0:     import matplotlib.pyplot as plt
2026-04-09 10:11:59  [STDERR] deep_conv_lstm_W500_O0:   File "/home/mahmudm2/.conda/envs/classyglass/lib/python3.10/site-packages/matplotlib/__init__.py", line 161, in <module>
2026-04-09 10:11:59  [STDERR] deep_conv_lstm_W500_O0:     from . import _api, _version, cbook, _docstring, rcsetup
2026-04-09 10:11:59  [STDERR] deep_conv_lstm_W500_O0:   File "/home/mahmudm2/.conda/envs/classyglass/lib/python3.10/site-packages/matplotlib/rcsetup.py", line 28, in <module>
2026-04-09 10:11:59  [STDERR] deep_conv_lstm_W500_O0:     from matplotlib.colors import Colormap, is_color_like
2026-04-09 10:11:59  [STDERR] deep_conv_lstm_W500_O0:   File "/home/mahmudm2/.conda/envs/classyglass/lib/python3.10/site-packages/matplotlib/colors.py", line 52, in <module>
2026-04-09 10:11:59  [STDERR] deep_conv_lstm_W500_O0:     from PIL import Image
2026-04-09 10:11:59  [STDERR] deep_conv_lstm_W500_O0: ModuleNotFoundError: No module named 'PIL'
2026-04-09 10:11:59  [DONE]   deep_conv_lstm_W500_O0            FAILED rc=1  (0.0 min)
2026-04-09 10:11:59  [START]  lstm_W100_O25                     gpu=0  step=75
2026-04-09 10:12:00  [STDERR] deep_conv_lstm_W500_O25: Traceback (most recent call last):
2026-04-09 10:12:00  [STDERR] deep_conv_lstm_W500_O25:   File "/home/mahmudm2/codebase/ClassyGlass/scripts/benchmark/run.py", line 25, in <module>
2026-04-09 10:12:00  [STDERR] deep_conv_lstm_W500_O25:     import matplotlib.pyplot as plt
2026-04-09 10:12:00  [STDERR] deep_conv_lstm_W500_O25:   File "/home/mahmudm2/.conda/envs/classyglass/lib/python3.10/site-packages/matplotlib/__init__.py", line 161, in <module>
2026-04-09 10:12:00  [STDERR] deep_conv_lstm_W500_O25:     from . import _api, _version, cbook, _docstring, rcsetup
2026-04-09 10:12:00  [STDERR] deep_conv_lstm_W500_O25:   File "/home/mahmudm2/.conda/envs/classyglass/lib/python3.10/site-packages/matplotlib/rcsetup.py", line 28, in <module>
2026-04-09 10:12:00  [STDERR] deep_conv_lstm_W500_O25:     from matplotlib.colors import Colormap, is_color_like
2026-04-09 10:12:00  [STDERR] deep_conv_lstm_W500_O25:   File "/home/mahmudm2/.conda/envs/classyglass/lib/python3.10/site-packages/matplotlib/colors.py", line 52, in <module>
2026-04-09 10:12:00  [STDERR] deep_conv_lstm_W500_O25:     from PIL import Image
2026-04-09 10:12:00  [STDERR] deep_conv_lstm_W500_O25: ModuleNotFoundError: No module named 'PIL'
2026-04-09 10:12:00  [DONE]   deep_conv_lstm_W500_O25           FAILED rc=1  (0.0 min)
2026-04-09 10:12:00  [START]  lstm_W100_O50                     gpu=2  step=50
2026-04-09 10:12:00  [STDERR] deep_conv_lstm_W500_O60: Traceback (most recent call last):
2026-04-09 10:12:00  [STDERR] deep_conv_lstm_W500_O60:   File "/home/mahmudm2/codebase/ClassyGlass/scripts/benchmark/run.py", line 25, in <module>
2026-04-09 10:12:00  [STDERR] deep_conv_lstm_W500_O60:     import matplotlib.pyplot as plt
2026-04-09 10:12:00  [STDERR] deep_conv_lstm_W500_O60:   File "/home/mahmudm2/.conda/envs/classyglass/lib/python3.10/site-packages/matplotlib/__init__.py", line 161, in <module>
2026-04-09 10:12:00  [STDERR] deep_conv_lstm_W500_O60:     from . import _api, _version, cbook, _docstring, rcsetup
2026-04-09 10:12:00  [STDERR] deep_conv_lstm_W500_O60:   File "/home/mahmudm2/.conda/envs/classyglass/lib/python3.10/site-packages/matplotlib/rcsetup.py", line 28, in <module>
2026-04-09 10:12:00  [STDERR] deep_conv_lstm_W500_O60:     from matplotlib.colors import Colormap, is_color_like
2026-04-09 10:12:00  [STDERR] deep_conv_lstm_W500_O60:   File "/home/mahmudm2/.conda/envs/classyglass/lib/python3.10/site-packages/matplotlib/colors.py", line 52, in <module>
2026-04-09 10:12:00  [STDERR] deep_conv_lstm_W500_O60:     from PIL import Image
2026-04-09 10:12:00  [STDERR] deep_conv_lstm_W500_O60: ModuleNotFoundError: No module named 'PIL'
2026-04-09 10:12:00  [DONE]   deep_conv_lstm_W500_O60           FAILED rc=1  (0.0 min)
2026-04-09 10:12:00  [START]  lstm_W100_O60                     gpu=3  step=40
2026-04-09 10:12:00  [STDERR] lstm_W100_O0: Traceback (most recent call last):
2026-04-09 10:12:00  [STDERR] lstm_W100_O0:   File "/home/mahmudm2/codebase/ClassyGlass/scripts/benchmark/run.py", line 25, in <module>
2026-04-09 10:12:00  [STDERR] lstm_W100_O0:     import matplotlib.pyplot as plt
2026-04-09 10:12:00  [STDERR] lstm_W100_O0:   File "/home/mahmudm2/.conda/envs/classyglass/lib/python3.10/site-packages/matplotlib/__init__.py", line 161, in <module>
2026-04-09 10:12:00  [STDERR] lstm_W100_O0:     from . import _api, _version, cbook, _docstring, rcsetup
2026-04-09 10:12:00  [STDERR] lstm_W100_O0:   File "/home/mahmudm2/.conda/envs/classyglass/lib/python3.10/site-packages/matplotlib/rcsetup.py", line 28, in <module>
2026-04-09 10:12:00  [STDERR] lstm_W100_O0:     from matplotlib.colors import Colormap, is_color_like
2026-04-09 10:12:00  [STDERR] lstm_W100_O0:   File "/home/mahmudm2/.conda/envs/classyglass/lib/python3.10/site-packages/matplotlib/colors.py", line 52, in <module>
2026-04-09 10:12:00  [STDERR] lstm_W100_O0:     from PIL import Image
2026-04-09 10:12:00  [STDERR] lstm_W100_O0: ModuleNotFoundError: No module named 'PIL'
2026-04-09 10:12:00  [DONE]   lstm_W100_O0                      FAILED rc=1  (0.0 min)
2026-04-09 10:12:00  [START]  lstm_W200_O0                      gpu=1  step=200
2026-04-09 10:12:00  [STDERR] lstm_W100_O25: Traceback (most recent call last):
2026-04-09 10:12:00  [STDERR] lstm_W100_O25:   File "/home/mahmudm2/codebase/ClassyGlass/scripts/benchmark/run.py", line 25, in <module>
2026-04-09 10:12:00  [STDERR] lstm_W100_O25:     import matplotlib.pyplot as plt
2026-04-09 10:12:00  [STDERR] lstm_W100_O25:   File "/home/mahmudm2/.conda/envs/classyglass/lib/python3.10/site-packages/matplotlib/__init__.py", line 161, in <module>
2026-04-09 10:12:00  [STDERR] lstm_W100_O25:     from . import _api, _version, cbook, _docstring, rcsetup
2026-04-09 10:12:00  [STDERR] lstm_W100_O25:   File "/home/mahmudm2/.conda/envs/classyglass/lib/python3.10/site-packages/matplotlib/rcsetup.py", line 28, in <module>
2026-04-09 10:12:00  [STDERR] lstm_W100_O25:     from matplotlib.colors import Colormap, is_color_like
2026-04-09 10:12:00  [STDERR] lstm_W100_O25:   File "/home/mahmudm2/.conda/envs/classyglass/lib/python3.10/site-packages/matplotlib/colors.py", line 52, in <module>
2026-04-09 10:12:00  [STDERR] lstm_W100_O25:     from PIL import Image
2026-04-09 10:12:00  [STDERR] lstm_W100_O25: ModuleNotFoundError: No module named 'PIL'
2026-04-09 10:12:00  [DONE]   lstm_W100_O25                     FAILED rc=1  (0.0 min)
2026-04-09 10:12:00  [START]  lstm_W200_O25                     gpu=0  step=150
2026-04-09 10:12:00  [STDERR] lstm_W100_O50: Traceback (most recent call last):
2026-04-09 10:12:00  [STDERR] lstm_W100_O50:   File "/home/mahmudm2/codebase/ClassyGlass/scripts/benchmark/run.py", line 25, in <module>
2026-04-09 10:12:00  [STDERR] lstm_W100_O50:     import matplotlib.pyplot as plt
2026-04-09 10:12:00  [STDERR] lstm_W100_O50:   File "/home/mahmudm2/.conda/envs/classyglass/lib/python3.10/site-packages/matplotlib/__init__.py", line 161, in <module>
2026-04-09 10:12:00  [STDERR] lstm_W100_O50:     from . import _api, _version, cbook, _docstring, rcsetup
2026-04-09 10:12:00  [STDERR] lstm_W100_O50:   File "/home/mahmudm2/.conda/envs/classyglass/lib/python3.10/site-packages/matplotlib/rcsetup.py", line 28, in <module>
2026-04-09 10:12:00  [STDERR] lstm_W100_O50:     from matplotlib.colors import Colormap, is_color_like
2026-04-09 10:12:00  [STDERR] lstm_W100_O50:   File "/home/mahmudm2/.conda/envs/classyglass/lib/python3.10/site-packages/matplotlib/colors.py", line 52, in <module>
2026-04-09 10:12:00  [STDERR] lstm_W100_O50:     from PIL import Image
2026-04-09 10:12:00  [STDERR] lstm_W100_O50: ModuleNotFoundError: No module named 'PIL'
2026-04-09 10:12:00  [DONE]   lstm_W100_O50                     FAILED rc=1  (0.0 min)
2026-04-09 10:12:00  [START]  lstm_W200_O50                     gpu=2  step=100
2026-04-09 10:12:00  [STDERR] lstm_W100_O60: Traceback (most recent call last):
2026-04-09 10:12:00  [STDERR] lstm_W100_O60:   File "/home/mahmudm2/codebase/ClassyGlass/scripts/benchmark/run.py", line 25, in <module>
2026-04-09 10:12:00  [STDERR] lstm_W100_O60:     import matplotlib.pyplot as plt
2026-04-09 10:12:00  [STDERR] lstm_W100_O60:   File "/home/mahmudm2/.conda/envs/classyglass/lib/python3.10/site-packages/matplotlib/__init__.py", line 161, in <module>
2026-04-09 10:12:00  [STDERR] lstm_W100_O60:     from . import _api, _version, cbook, _docstring, rcsetup
2026-04-09 10:12:00  [STDERR] lstm_W100_O60:   File "/home/mahmudm2/.conda/envs/classyglass/lib/python3.10/site-packages/matplotlib/rcsetup.py", line 28, in <module>
2026-04-09 10:12:00  [STDERR] lstm_W100_O60:     from matplotlib.colors import Colormap, is_color_like
2026-04-09 10:12:00  [STDERR] lstm_W100_O60:   File "/home/mahmudm2/.conda/envs/classyglass/lib/python3.10/site-packages/matplotlib/colors.py", line 52, in <module>
2026-04-09 10:12:00  [STDERR] lstm_W100_O60:     from PIL import Image
2026-04-09 10:12:00  [STDERR] lstm_W100_O60: ModuleNotFoundError: No module named 'PIL'
2026-04-09 10:12:00  [DONE]   lstm_W100_O60                     FAILED rc=1  (0.0 min)
2026-04-09 10:12:00  [START]  lstm_W200_O60                     gpu=3  step=80
2026-04-09 10:12:00  [STDERR] lstm_W200_O0: Traceback (most recent call last):
2026-04-09 10:12:00  [STDERR] lstm_W200_O0:   File "/home/mahmudm2/codebase/ClassyGlass/scripts/benchmark/run.py", line 25, in <module>
2026-04-09 10:12:00  [STDERR] lstm_W200_O0:     import matplotlib.pyplot as plt
2026-04-09 10:12:00  [STDERR] lstm_W200_O0:   File "/home/mahmudm2/.conda/envs/classyglass/lib/python3.10/site-packages/matplotlib/__init__.py", line 161, in <module>
2026-04-09 10:12:00  [STDERR] lstm_W200_O0:     from . import _api, _version, cbook, _docstring, rcsetup
2026-04-09 10:12:00  [STDERR] lstm_W200_O0:   File "/home/mahmudm2/.conda/envs/classyglass/lib/python3.10/site-packages/matplotlib/rcsetup.py", line 28, in <module>
2026-04-09 10:12:00  [STDERR] lstm_W200_O0:     from matplotlib.colors import Colormap, is_color_like
2026-04-09 10:12:00  [STDERR] lstm_W200_O0:   File "/home/mahmudm2/.conda/envs/classyglass/lib/python3.10/site-packages/matplotlib/colors.py", line 52, in <module>
2026-04-09 10:12:00  [STDERR] lstm_W200_O0:     from PIL import Image
2026-04-09 10:12:00  [STDERR] lstm_W200_O0: ModuleNotFoundError: No module named 'PIL'
2026-04-09 10:12:00  [DONE]   lstm_W200_O0                      FAILED rc=1  (0.0 min)
2026-04-09 10:12:00  [START]  lstm_W300_O0                      gpu=1  step=300
2026-04-09 10:12:00  [STDERR] lstm_W200_O25: Traceback (most recent call last):
2026-04-09 10:12:00  [STDERR] lstm_W200_O25:   File "/home/mahmudm2/codebase/ClassyGlass/scripts/benchmark/run.py", line 25, in <module>
2026-04-09 10:12:00  [STDERR] lstm_W200_O25:     import matplotlib.pyplot as plt
2026-04-09 10:12:00  [STDERR] lstm_W200_O25:   File "/home/mahmudm2/.conda/envs/classyglass/lib/python3.10/site-packages/matplotlib/__init__.py", line 161, in <module>
2026-04-09 10:12:00  [STDERR] lstm_W200_O25:     from . import _api, _version, cbook, _docstring, rcsetup
2026-04-09 10:12:00  [STDERR] lstm_W200_O25:   File "/home/mahmudm2/.conda/envs/classyglass/lib/python3.10/site-packages/matplotlib/rcsetup.py", line 28, in <module>
2026-04-09 10:12:00  [STDERR] lstm_W200_O25:     from matplotlib.colors import Colormap, is_color_like
2026-04-09 10:12:00  [STDERR] lstm_W200_O25:   File "/home/mahmudm2/.conda/envs/classyglass/lib/python3.10/site-packages/matplotlib/colors.py", line 52, in <module>
2026-04-09 10:12:00  [STDERR] lstm_W200_O25:     from PIL import Image
2026-04-09 10:12:00  [STDERR] lstm_W200_O25: ModuleNotFoundError: No module named 'PIL'
2026-04-09 10:12:00  [DONE]   lstm_W200_O25                     FAILED rc=1  (0.0 min)
2026-04-09 10:12:00  [START]  lstm_W300_O25                     gpu=0  step=225
2026-04-09 10:12:00  [STDERR] lstm_W200_O50: Traceback (most recent call last):
2026-04-09 10:12:00  [STDERR] lstm_W200_O50:   File "/home/mahmudm2/codebase/ClassyGlass/scripts/benchmark/run.py", line 25, in <module>
2026-04-09 10:12:00  [STDERR] lstm_W200_O50:     import matplotlib.pyplot as plt
2026-04-09 10:12:00  [STDERR] lstm_W200_O50:   File "/home/mahmudm2/.conda/envs/classyglass/lib/python3.10/site-packages/matplotlib/__init__.py", line 161, in <module>
2026-04-09 10:12:00  [STDERR] lstm_W200_O50:     from . import _api, _version, cbook, _docstring, rcsetup
2026-04-09 10:12:00  [STDERR] lstm_W200_O50:   File "/home/mahmudm2/.conda/envs/classyglass/lib/python3.10/site-packages/matplotlib/rcsetup.py", line 28, in <module>
2026-04-09 10:12:00  [STDERR] lstm_W200_O50:     from matplotlib.colors import Colormap, is_color_like
2026-04-09 10:12:00  [STDERR] lstm_W200_O50:   File "/home/mahmudm2/.conda/envs/classyglass/lib/python3.10/site-packages/matplotlib/colors.py", line 52, in <module>
2026-04-09 10:12:00  [STDERR] lstm_W200_O50:     from PIL import Image
2026-04-09 10:12:00  [STDERR] lstm_W200_O50: ModuleNotFoundError: No module named 'PIL'
2026-04-09 10:12:00  [DONE]   lstm_W200_O50                     FAILED rc=1  (0.0 min)
2026-04-09 10:12:00  [START]  lstm_W300_O50                     gpu=2  step=150
2026-04-09 10:12:00  [STDERR] lstm_W200_O60: Traceback (most recent call last):
2026-04-09 10:12:00  [STDERR] lstm_W200_O60:   File "/home/mahmudm2/codebase/ClassyGlass/scripts/benchmark/run.py", line 25, in <module>
2026-04-09 10:12:00  [STDERR] lstm_W200_O60:     import matplotlib.pyplot as plt
2026-04-09 10:12:00  [STDERR] lstm_W200_O60:   File "/home/mahmudm2/.conda/envs/classyglass/lib/python3.10/site-packages/matplotlib/__init__.py", line 161, in <module>
2026-04-09 10:12:00  [STDERR] lstm_W200_O60:     from . import _api, _version, cbook, _docstring, rcsetup
2026-04-09 10:12:00  [STDERR] lstm_W200_O60:   File "/home/mahmudm2/.conda/envs/classyglass/lib/python3.10/site-packages/matplotlib/rcsetup.py", line 28, in <module>
2026-04-09 10:12:00  [STDERR] lstm_W200_O60:     from matplotlib.colors import Colormap, is_color_like
2026-04-09 10:12:00  [STDERR] lstm_W200_O60:   File "/home/mahmudm2/.conda/envs/classyglass/lib/python3.10/site-packages/matplotlib/colors.py", line 52, in <module>
2026-04-09 10:12:00  [STDERR] lstm_W200_O60:     from PIL import Image
2026-04-09 10:12:00  [STDERR] lstm_W200_O60: ModuleNotFoundError: No module named 'PIL'
2026-04-09 10:12:00  [DONE]   lstm_W200_O60                     FAILED rc=1  (0.0 min)
2026-04-09 10:12:00  [START]  lstm_W300_O60                     gpu=3  step=120
2026-04-09 10:12:01  [STDERR] lstm_W300_O25: Traceback (most recent call last):
2026-04-09 10:12:01  [STDERR] lstm_W300_O25:   File "/home/mahmudm2/codebase/ClassyGlass/scripts/benchmark/run.py", line 25, in <module>
2026-04-09 10:12:01  [STDERR] lstm_W300_O25:     import matplotlib.pyplot as plt
2026-04-09 10:12:01  [STDERR] lstm_W300_O25:   File "/home/mahmudm2/.conda/envs/classyglass/lib/python3.10/site-packages/matplotlib/__init__.py", line 161, in <module>
2026-04-09 10:12:01  [STDERR] lstm_W300_O25:     from . import _api, _version, cbook, _docstring, rcsetup
2026-04-09 10:12:01  [STDERR] lstm_W300_O25:   File "/home/mahmudm2/.conda/envs/classyglass/lib/python3.10/site-packages/matplotlib/rcsetup.py", line 28, in <module>
2026-04-09 10:12:01  [STDERR] lstm_W300_O25:     from matplotlib.colors import Colormap, is_color_like
2026-04-09 10:12:01  [STDERR] lstm_W300_O25:   File "/home/mahmudm2/.conda/envs/classyglass/lib/python3.10/site-packages/matplotlib/colors.py", line 52, in <module>
2026-04-09 10:12:01  [STDERR] lstm_W300_O25:     from PIL import Image
2026-04-09 10:12:01  [STDERR] lstm_W300_O25: ModuleNotFoundError: No module named 'PIL'
2026-04-09 10:12:01  [DONE]   lstm_W300_O25                     FAILED rc=1  (0.0 min)
2026-04-09 10:12:01  [START]  lstm_W400_O0                      gpu=0  step=400
2026-04-09 10:12:01  [STDERR] lstm_W300_O0: Traceback (most recent call last):
2026-04-09 10:12:01  [STDERR] lstm_W300_O0:   File "/home/mahmudm2/codebase/ClassyGlass/scripts/benchmark/run.py", line 25, in <module>
2026-04-09 10:12:01  [STDERR] lstm_W300_O0:     import matplotlib.pyplot as plt
2026-04-09 10:12:01  [STDERR] lstm_W300_O0:   File "/home/mahmudm2/.conda/envs/classyglass/lib/python3.10/site-packages/matplotlib/__init__.py", line 161, in <module>
2026-04-09 10:12:01  [STDERR] lstm_W300_O0:     from . import _api, _version, cbook, _docstring, rcsetup
2026-04-09 10:12:01  [STDERR] lstm_W300_O0:   File "/home/mahmudm2/.conda/envs/classyglass/lib/python3.10/site-packages/matplotlib/rcsetup.py", line 28, in <module>
2026-04-09 10:12:01  [STDERR] lstm_W300_O0:     from matplotlib.colors import Colormap, is_color_like
2026-04-09 10:12:01  [STDERR] lstm_W300_O0:   File "/home/mahmudm2/.conda/envs/classyglass/lib/python3.10/site-packages/matplotlib/colors.py", line 52, in <module>
2026-04-09 10:12:01  [STDERR] lstm_W300_O0:     from PIL import Image
2026-04-09 10:12:01  [STDERR] lstm_W300_O0: ModuleNotFoundError: No module named 'PIL'
2026-04-09 10:12:01  [DONE]   lstm_W300_O0                      FAILED rc=1  (0.0 min)
2026-04-09 10:12:01  [START]  lstm_W400_O25                     gpu=1  step=300
2026-04-09 10:12:01  [STDERR] lstm_W300_O50: Traceback (most recent call last):
2026-04-09 10:12:01  [STDERR] lstm_W300_O50:   File "/home/mahmudm2/codebase/ClassyGlass/scripts/benchmark/run.py", line 25, in <module>
2026-04-09 10:12:01  [STDERR] lstm_W300_O50:     import matplotlib.pyplot as plt
2026-04-09 10:12:01  [STDERR] lstm_W300_O50:   File "/home/mahmudm2/.conda/envs/classyglass/lib/python3.10/site-packages/matplotlib/__init__.py", line 161, in <module>
2026-04-09 10:12:01  [STDERR] lstm_W300_O50:     from . import _api, _version, cbook, _docstring, rcsetup
2026-04-09 10:12:01  [STDERR] lstm_W300_O50:   File "/home/mahmudm2/.conda/envs/classyglass/lib/python3.10/site-packages/matplotlib/rcsetup.py", line 28, in <module>
2026-04-09 10:12:01  [STDERR] lstm_W300_O50:     from matplotlib.colors import Colormap, is_color_like
2026-04-09 10:12:01  [STDERR] lstm_W300_O50:   File "/home/mahmudm2/.conda/envs/classyglass/lib/python3.10/site-packages/matplotlib/colors.py", line 52, in <module>
2026-04-09 10:12:01  [STDERR] lstm_W300_O50:     from PIL import Image
2026-04-09 10:12:01  [STDERR] lstm_W300_O50: ModuleNotFoundError: No module named 'PIL'
2026-04-09 10:12:01  [DONE]   lstm_W300_O50                     FAILED rc=1  (0.0 min)
2026-04-09 10:12:01  [START]  lstm_W400_O50                     gpu=2  step=200
2026-04-09 10:12:01  [STDERR] lstm_W300_O60: Traceback (most recent call last):
2026-04-09 10:12:01  [STDERR] lstm_W300_O60:   File "/home/mahmudm2/codebase/ClassyGlass/scripts/benchmark/run.py", line 25, in <module>
2026-04-09 10:12:01  [STDERR] lstm_W300_O60:     import matplotlib.pyplot as plt
2026-04-09 10:12:01  [STDERR] lstm_W300_O60:   File "/home/mahmudm2/.conda/envs/classyglass/lib/python3.10/site-packages/matplotlib/__init__.py", line 161, in <module>
2026-04-09 10:12:01  [STDERR] lstm_W300_O60:     from . import _api, _version, cbook, _docstring, rcsetup
2026-04-09 10:12:01  [STDERR] lstm_W300_O60:   File "/home/mahmudm2/.conda/envs/classyglass/lib/python3.10/site-packages/matplotlib/rcsetup.py", line 28, in <module>
2026-04-09 10:12:01  [STDERR] lstm_W300_O60:     from matplotlib.colors import Colormap, is_color_like
2026-04-09 10:12:01  [STDERR] lstm_W300_O60:   File "/home/mahmudm2/.conda/envs/classyglass/lib/python3.10/site-packages/matplotlib/colors.py", line 52, in <module>
2026-04-09 10:12:01  [STDERR] lstm_W300_O60:     from PIL import Image
2026-04-09 10:12:01  [STDERR] lstm_W300_O60: ModuleNotFoundError: No module named 'PIL'
2026-04-09 10:12:01  [DONE]   lstm_W300_O60                     FAILED rc=1  (0.0 min)
2026-04-09 10:12:01  [START]  lstm_W400_O60                     gpu=3  step=160
2026-04-09 10:12:01  [STDERR] lstm_W400_O0: Traceback (most recent call last):
2026-04-09 10:12:01  [STDERR] lstm_W400_O0:   File "/home/mahmudm2/codebase/ClassyGlass/scripts/benchmark/run.py", line 25, in <module>
2026-04-09 10:12:01  [STDERR] lstm_W400_O0:     import matplotlib.pyplot as plt
2026-04-09 10:12:01  [STDERR] lstm_W400_O0:   File "/home/mahmudm2/.conda/envs/classyglass/lib/python3.10/site-packages/matplotlib/__init__.py", line 161, in <module>
2026-04-09 10:12:01  [STDERR] lstm_W400_O0:     from . import _api, _version, cbook, _docstring, rcsetup
2026-04-09 10:12:01  [STDERR] lstm_W400_O0:   File "/home/mahmudm2/.conda/envs/classyglass/lib/python3.10/site-packages/matplotlib/rcsetup.py", line 28, in <module>
2026-04-09 10:12:01  [STDERR] lstm_W400_O0:     from matplotlib.colors import Colormap, is_color_like
2026-04-09 10:12:01  [STDERR] lstm_W400_O0:   File "/home/mahmudm2/.conda/envs/classyglass/lib/python3.10/site-packages/matplotlib/colors.py", line 52, in <module>
2026-04-09 10:12:01  [STDERR] lstm_W400_O0:     from PIL import Image
2026-04-09 10:12:01  [STDERR] lstm_W400_O0: ModuleNotFoundError: No module named 'PIL'
2026-04-09 10:12:01  [DONE]   lstm_W400_O0                      FAILED rc=1  (0.0 min)
2026-04-09 10:12:01  [START]  lstm_W500_O0                      gpu=0  step=500
2026-04-09 10:12:01  [STDERR] lstm_W400_O25: Traceback (most recent call last):
2026-04-09 10:12:01  [STDERR] lstm_W400_O25:   File "/home/mahmudm2/codebase/ClassyGlass/scripts/benchmark/run.py", line 25, in <module>
2026-04-09 10:12:01  [STDERR] lstm_W400_O25:     import matplotlib.pyplot as plt
2026-04-09 10:12:01  [STDERR] lstm_W400_O25:   File "/home/mahmudm2/.conda/envs/classyglass/lib/python3.10/site-packages/matplotlib/__init__.py", line 161, in <module>
2026-04-09 10:12:01  [STDERR] lstm_W400_O25:     from . import _api, _version, cbook, _docstring, rcsetup
2026-04-09 10:12:01  [STDERR] lstm_W400_O25:   File "/home/mahmudm2/.conda/envs/classyglass/lib/python3.10/site-packages/matplotlib/rcsetup.py", line 28, in <module>
2026-04-09 10:12:01  [STDERR] lstm_W400_O25:     from matplotlib.colors import Colormap, is_color_like
2026-04-09 10:12:01  [STDERR] lstm_W400_O25:   File "/home/mahmudm2/.conda/envs/classyglass/lib/python3.10/site-packages/matplotlib/colors.py", line 52, in <module>
2026-04-09 10:12:01  [STDERR] lstm_W400_O25:     from PIL import Image
2026-04-09 10:12:01  [STDERR] lstm_W400_O25: ModuleNotFoundError: No module named 'PIL'
2026-04-09 10:12:01  [DONE]   lstm_W400_O25                     FAILED rc=1  (0.0 min)
2026-04-09 10:12:01  [START]  lstm_W500_O25                     gpu=1  step=375
2026-04-09 10:12:01  [STDERR] lstm_W400_O50: Traceback (most recent call last):
2026-04-09 10:12:01  [STDERR] lstm_W400_O50:   File "/home/mahmudm2/codebase/ClassyGlass/scripts/benchmark/run.py", line 25, in <module>
2026-04-09 10:12:01  [STDERR] lstm_W400_O50:     import matplotlib.pyplot as plt
2026-04-09 10:12:01  [STDERR] lstm_W400_O50:   File "/home/mahmudm2/.conda/envs/classyglass/lib/python3.10/site-packages/matplotlib/__init__.py", line 161, in <module>
2026-04-09 10:12:01  [STDERR] lstm_W400_O50:     from . import _api, _version, cbook, _docstring, rcsetup
2026-04-09 10:12:01  [STDERR] lstm_W400_O50:   File "/home/mahmudm2/.conda/envs/classyglass/lib/python3.10/site-packages/matplotlib/rcsetup.py", line 28, in <module>
2026-04-09 10:12:01  [STDERR] lstm_W400_O50:     from matplotlib.colors import Colormap, is_color_like
2026-04-09 10:12:01  [STDERR] lstm_W400_O50:   File "/home/mahmudm2/.conda/envs/classyglass/lib/python3.10/site-packages/matplotlib/colors.py", line 52, in <module>
2026-04-09 10:12:01  [STDERR] lstm_W400_O50:     from PIL import Image
2026-04-09 10:12:01  [STDERR] lstm_W400_O50: ModuleNotFoundError: No module named 'PIL'
2026-04-09 10:12:01  [DONE]   lstm_W400_O50                     FAILED rc=1  (0.0 min)
2026-04-09 10:12:01  [START]  lstm_W500_O50                     gpu=2  step=250
2026-04-09 10:12:01  [STDERR] lstm_W400_O60: Traceback (most recent call last):
2026-04-09 10:12:01  [STDERR] lstm_W400_O60:   File "/home/mahmudm2/codebase/ClassyGlass/scripts/benchmark/run.py", line 25, in <module>
2026-04-09 10:12:01  [STDERR] lstm_W400_O60:     import matplotlib.pyplot as plt
2026-04-09 10:12:01  [STDERR] lstm_W400_O60:   File "/home/mahmudm2/.conda/envs/classyglass/lib/python3.10/site-packages/matplotlib/__init__.py", line 161, in <module>
2026-04-09 10:12:01  [STDERR] lstm_W400_O60:     from . import _api, _version, cbook, _docstring, rcsetup
2026-04-09 10:12:01  [STDERR] lstm_W400_O60:   File "/home/mahmudm2/.conda/envs/classyglass/lib/python3.10/site-packages/matplotlib/rcsetup.py", line 28, in <module>
2026-04-09 10:12:01  [STDERR] lstm_W400_O60:     from matplotlib.colors import Colormap, is_color_like
2026-04-09 10:12:01  [STDERR] lstm_W400_O60:   File "/home/mahmudm2/.conda/envs/classyglass/lib/python3.10/site-packages/matplotlib/colors.py", line 52, in <module>
2026-04-09 10:12:01  [STDERR] lstm_W400_O60:     from PIL import Image
2026-04-09 10:12:01  [STDERR] lstm_W400_O60: ModuleNotFoundError: No module named 'PIL'
2026-04-09 10:12:01  [DONE]   lstm_W400_O60                     FAILED rc=1  (0.0 min)
2026-04-09 10:12:01  [START]  lstm_W500_O60                     gpu=3  step=200
2026-04-09 10:12:01  [STDERR] lstm_W500_O0: Traceback (most recent call last):
2026-04-09 10:12:01  [STDERR] lstm_W500_O0:   File "/home/mahmudm2/codebase/ClassyGlass/scripts/benchmark/run.py", line 25, in <module>
2026-04-09 10:12:01  [STDERR] lstm_W500_O0:     import matplotlib.pyplot as plt
2026-04-09 10:12:01  [STDERR] lstm_W500_O0:   File "/home/mahmudm2/.conda/envs/classyglass/lib/python3.10/site-packages/matplotlib/__init__.py", line 161, in <module>
2026-04-09 10:12:01  [STDERR] lstm_W500_O0:     from . import _api, _version, cbook, _docstring, rcsetup
2026-04-09 10:12:01  [STDERR] lstm_W500_O0:   File "/home/mahmudm2/.conda/envs/classyglass/lib/python3.10/site-packages/matplotlib/rcsetup.py", line 28, in <module>
2026-04-09 10:12:01  [STDERR] lstm_W500_O0:     from matplotlib.colors import Colormap, is_color_like
2026-04-09 10:12:01  [STDERR] lstm_W500_O0:   File "/home/mahmudm2/.conda/envs/classyglass/lib/python3.10/site-packages/matplotlib/colors.py", line 52, in <module>
2026-04-09 10:12:01  [STDERR] lstm_W500_O0:     from PIL import Image
2026-04-09 10:12:01  [STDERR] lstm_W500_O0: ModuleNotFoundError: No module named 'PIL'
2026-04-09 10:12:01  [DONE]   lstm_W500_O0                      FAILED rc=1  (0.0 min)
2026-04-09 10:12:01  [STDERR] lstm_W500_O50: Traceback (most recent call last):
2026-04-09 10:12:01  [STDERR] lstm_W500_O50:   File "/home/mahmudm2/codebase/ClassyGlass/scripts/benchmark/run.py", line 25, in <module>
2026-04-09 10:12:01  [STDERR] lstm_W500_O50:     import matplotlib.pyplot as plt
2026-04-09 10:12:01  [STDERR] lstm_W500_O50:   File "/home/mahmudm2/.conda/envs/classyglass/lib/python3.10/site-packages/matplotlib/__init__.py", line 161, in <module>
2026-04-09 10:12:01  [STDERR] lstm_W500_O50:     from . import _api, _version, cbook, _docstring, rcsetup
2026-04-09 10:12:01  [STDERR] lstm_W500_O50:   File "/home/mahmudm2/.conda/envs/classyglass/lib/python3.10/site-packages/matplotlib/rcsetup.py", line 28, in <module>
2026-04-09 10:12:01  [STDERR] lstm_W500_O50:     from matplotlib.colors import Colormap, is_color_like
2026-04-09 10:12:01  [STDERR] lstm_W500_O50:   File "/home/mahmudm2/.conda/envs/classyglass/lib/python3.10/site-packages/matplotlib/colors.py", line 52, in <module>
2026-04-09 10:12:01  [STDERR] lstm_W500_O50:     from PIL import Image
2026-04-09 10:12:01  [STDERR] lstm_W500_O50: ModuleNotFoundError: No module named 'PIL'
2026-04-09 10:12:01  [DONE]   lstm_W500_O50                     FAILED rc=1  (0.0 min)
2026-04-09 10:12:01  [STDERR] lstm_W500_O25: Traceback (most recent call last):
2026-04-09 10:12:01  [STDERR] lstm_W500_O25:   File "/home/mahmudm2/codebase/ClassyGlass/scripts/benchmark/run.py", line 25, in <module>
2026-04-09 10:12:01  [STDERR] lstm_W500_O25:     import matplotlib.pyplot as plt
2026-04-09 10:12:01  [STDERR] lstm_W500_O25:   File "/home/mahmudm2/.conda/envs/classyglass/lib/python3.10/site-packages/matplotlib/__init__.py", line 161, in <module>
2026-04-09 10:12:01  [STDERR] lstm_W500_O25:     from . import _api, _version, cbook, _docstring, rcsetup
2026-04-09 10:12:01  [STDERR] lstm_W500_O25:   File "/home/mahmudm2/.conda/envs/classyglass/lib/python3.10/site-packages/matplotlib/rcsetup.py", line 28, in <module>
2026-04-09 10:12:01  [STDERR] lstm_W500_O25:     from matplotlib.colors import Colormap, is_color_like
2026-04-09 10:12:01  [STDERR] lstm_W500_O25:   File "/home/mahmudm2/.conda/envs/classyglass/lib/python3.10/site-packages/matplotlib/colors.py", line 52, in <module>
2026-04-09 10:12:01  [STDERR] lstm_W500_O25:     from PIL import Image
2026-04-09 10:12:01  [STDERR] lstm_W500_O25: ModuleNotFoundError: No module named 'PIL'
2026-04-09 10:12:01  [DONE]   lstm_W500_O25                     FAILED rc=1  (0.0 min)
2026-04-09 10:12:02  [STDERR] lstm_W500_O60: Traceback (most recent call last):
2026-04-09 10:12:02  [STDERR] lstm_W500_O60:   File "/home/mahmudm2/codebase/ClassyGlass/scripts/benchmark/run.py", line 25, in <module>
2026-04-09 10:12:02  [STDERR] lstm_W500_O60:     import matplotlib.pyplot as plt
2026-04-09 10:12:02  [STDERR] lstm_W500_O60:   File "/home/mahmudm2/.conda/envs/classyglass/lib/python3.10/site-packages/matplotlib/__init__.py", line 161, in <module>
2026-04-09 10:12:02  [STDERR] lstm_W500_O60:     from . import _api, _version, cbook, _docstring, rcsetup
2026-04-09 10:12:02  [STDERR] lstm_W500_O60:   File "/home/mahmudm2/.conda/envs/classyglass/lib/python3.10/site-packages/matplotlib/rcsetup.py", line 28, in <module>
2026-04-09 10:12:02  [STDERR] lstm_W500_O60:     from matplotlib.colors import Colormap, is_color_like
2026-04-09 10:12:02  [STDERR] lstm_W500_O60:   File "/home/mahmudm2/.conda/envs/classyglass/lib/python3.10/site-packages/matplotlib/colors.py", line 52, in <module>
2026-04-09 10:12:02  [STDERR] lstm_W500_O60:     from PIL import Image
2026-04-09 10:12:02  [STDERR] lstm_W500_O60: ModuleNotFoundError: No module named 'PIL'
2026-04-09 10:12:02  [DONE]   lstm_W500_O60                     FAILED rc=1  (0.0 min)
2026-04-09 10:12:02  ============================================================
2026-04-09 10:12:02  Sweep complete in 0.1 min — 0/40 succeeded
2026-04-09 10:12:02  40 failed experiment(s):
2026-04-09 10:12:02    FAILED  deep_conv_lstm_W100_O0
2026-04-09 10:12:02    FAILED  deep_conv_lstm_W100_O25
2026-04-09 10:12:02    FAILED  deep_conv_lstm_W100_O50
2026-04-09 10:12:02    FAILED  deep_conv_lstm_W100_O60
2026-04-09 10:12:02    FAILED  deep_conv_lstm_W200_O0
2026-04-09 10:12:02    FAILED  deep_conv_lstm_W200_O25
2026-04-09 10:12:02    FAILED  deep_conv_lstm_W200_O50
2026-04-09 10:12:02    FAILED  deep_conv_lstm_W200_O60
2026-04-09 10:12:02    FAILED  deep_conv_lstm_W300_O0
2026-04-09 10:12:02    FAILED  deep_conv_lstm_W300_O25
2026-04-09 10:12:02    FAILED  deep_conv_lstm_W300_O50
2026-04-09 10:12:02    FAILED  deep_conv_lstm_W300_O60
2026-04-09 10:12:02    FAILED  deep_conv_lstm_W400_O0
2026-04-09 10:12:02    FAILED  deep_conv_lstm_W400_O25
2026-04-09 10:12:02    FAILED  deep_conv_lstm_W400_O50
2026-04-09 10:12:02    FAILED  deep_conv_lstm_W400_O60
2026-04-09 10:12:02    FAILED  deep_conv_lstm_W500_O0
2026-04-09 10:12:02    FAILED  deep_conv_lstm_W500_O25
2026-04-09 10:12:02    FAILED  deep_conv_lstm_W500_O50
2026-04-09 10:12:02    FAILED  deep_conv_lstm_W500_O60
2026-04-09 10:12:02    FAILED  lstm_W100_O0
2026-04-09 10:12:02    FAILED  lstm_W100_O25
2026-04-09 10:12:02    FAILED  lstm_W100_O50
2026-04-09 10:12:02    FAILED  lstm_W100_O60
2026-04-09 10:12:02    FAILED  lstm_W200_O0
2026-04-09 10:12:02    FAILED  lstm_W200_O25
2026-04-09 10:12:02    FAILED  lstm_W200_O50
2026-04-09 10:12:02    FAILED  lstm_W200_O60
2026-04-09 10:12:02    FAILED  lstm_W300_O0
2026-04-09 10:12:02    FAILED  lstm_W300_O25
2026-04-09 10:12:02    FAILED  lstm_W300_O50
2026-04-09 10:12:02    FAILED  lstm_W300_O60
2026-04-09 10:12:02    FAILED  lstm_W400_O0
2026-04-09 10:12:02    FAILED  lstm_W400_O25
2026-04-09 10:12:02    FAILED  lstm_W400_O50
2026-04-09 10:12:02    FAILED  lstm_W400_O60
2026-04-09 10:12:02    FAILED  lstm_W500_O0
2026-04-09 10:12:02    FAILED  lstm_W500_O25
2026-04-09 10:12:02    FAILED  lstm_W500_O50
2026-04-09 10:12:02    FAILED  lstm_W500_O60
2026-04-09 10:12:02  ============================================================
