2026-04-08 19:32:22  ============================================================
2026-04-08 19:32:22  cnn  |  window=300  step=120
2026-04-08 19:32:22  Device  : cuda:0
2026-04-08 19:32:22  Flatten : True
2026-04-08 19:32:22  Log     : /home/mahmudm2/codebase/ClassyGlass/scripts/benchmark/logs/cnn_W300_S120.log
2026-04-08 19:32:22  Model   : /home/mahmudm2/codebase/ClassyGlass/scripts/benchmark/models/cnn_best_W300_S120.pth
2026-04-08 19:32:22  Figures : /home/mahmudm2/codebase/ClassyGlass/scripts/benchmark/figures
2026-04-08 19:32:22  ============================================================
2026-04-08 19:32:26  Loaded 12113 windows | window=300  step=120 | 129 experiments | 12 subjects | 0 experiments skipped
2026-04-08 19:32:27  ────────────────────────────────────────────────────────────
2026-04-08 19:32:27  LOSO fold — held-out: User1 (695 test windows, 11418 train windows)
2026-04-08 19:32:34    epoch   1  loss 1.8409  acc 0.2600  val_loss 1.6373  val_acc 0.3304
2026-04-08 19:32:37    epoch   2  loss 1.6926  acc 0.2903  val_loss 1.5730  val_acc 0.3392
2026-04-08 19:32:39    epoch   3  loss 1.6454  acc 0.3071  val_loss 1.5486  val_acc 0.3383
2026-04-08 19:32:42    epoch   4  loss 1.6268  acc 0.3113  val_loss 1.5410  val_acc 0.3523
2026-04-08 19:32:45    epoch   5  loss 1.6051  acc 0.3148  val_loss 1.5332  val_acc 0.3637
2026-04-08 19:32:48    epoch   6  loss 1.6002  acc 0.3285  val_loss 1.5014  val_acc 0.4049
2026-04-08 19:32:50    epoch   7  loss 1.5899  acc 0.3305  val_loss 1.5057  val_acc 0.3611
2026-04-08 19:32:53    epoch   8  loss 1.5913  acc 0.3331  val_loss 1.5021  val_acc 0.3839
2026-04-08 19:32:56    epoch   9  loss 1.5691  acc 0.3329  val_loss 1.4737  val_acc 0.3874
2026-04-08 19:32:58    epoch  10  loss 1.5728  acc 0.3371  val_loss 1.4932  val_acc 0.3795
2026-04-08 19:33:01    epoch  11  loss 1.5623  acc 0.3463  val_loss 1.4728  val_acc 0.3935
2026-04-08 19:33:04    epoch  12  loss 1.5664  acc 0.3459  val_loss 1.4620  val_acc 0.3856
2026-04-08 19:33:06    epoch  13  loss 1.5646  acc 0.3430  val_loss 1.4841  val_acc 0.3786
2026-04-08 19:33:09    epoch  14  loss 1.5506  acc 0.3512  val_loss 1.4666  val_acc 0.3804
2026-04-08 19:33:12    epoch  15  loss 1.5494  acc 0.3499  val_loss 1.4700  val_acc 0.4067
2026-04-08 19:33:14    epoch  16  loss 1.5427  acc 0.3532  val_loss 1.4637  val_acc 0.3900
2026-04-08 19:33:17    epoch  17  loss 1.5426  acc 0.3584  val_loss 1.4402  val_acc 0.4137
2026-04-08 19:33:19    epoch  18  loss 1.5394  acc 0.3579  val_loss 1.4723  val_acc 0.3891
2026-04-08 19:33:22    epoch  19  loss 1.5423  acc 0.3652  val_loss 1.4452  val_acc 0.4145
2026-04-08 19:33:25    epoch  20  loss 1.5291  acc 0.3703  val_loss 1.4381  val_acc 0.4207
2026-04-08 19:33:27    epoch  21  loss 1.5238  acc 0.3664  val_loss 1.4323  val_acc 0.4400
2026-04-08 19:33:30    epoch  22  loss 1.5458  acc 0.3677  val_loss 1.5187  val_acc 0.4137
2026-04-08 19:33:33    epoch  23  loss 1.5154  acc 0.3723  val_loss 1.4444  val_acc 0.4040
2026-04-08 19:33:35    epoch  24  loss 1.5054  acc 0.3807  val_loss 1.4152  val_acc 0.4154
2026-04-08 19:33:38    epoch  25  loss 1.5184  acc 0.3771  val_loss 1.4102  val_acc 0.4417
2026-04-08 19:33:41    epoch  26  loss 1.5010  acc 0.3795  val_loss 1.4193  val_acc 0.4312
2026-04-08 19:33:43    epoch  27  loss 1.5021  acc 0.3841  val_loss 1.4609  val_acc 0.4391
2026-04-08 19:33:46    epoch  28  loss 1.5041  acc 0.3881  val_loss 1.4787  val_acc 0.4154
2026-04-08 19:33:49    epoch  29  loss 1.4936  acc 0.3854  val_loss 1.4047  val_acc 0.4338
2026-04-08 19:33:51    epoch  30  loss 1.4824  acc 0.3904  val_loss 1.4760  val_acc 0.4023
2026-04-08 19:33:54    epoch  31  loss 1.4835  acc 0.3965  val_loss 1.3714  val_acc 0.4566
2026-04-08 19:33:56    epoch  32  loss 1.4693  acc 0.4038  val_loss 1.3697  val_acc 0.4601
2026-04-08 19:33:59    epoch  33  loss 1.4756  acc 0.4010  val_loss 1.3733  val_acc 0.4338
2026-04-08 19:34:01    epoch  34  loss 1.4741  acc 0.3960  val_loss 1.3666  val_acc 0.4654
2026-04-08 19:34:04    epoch  35  loss 1.4713  acc 0.3994  val_loss 1.4068  val_acc 0.4303
2026-04-08 19:34:07    epoch  36  loss 1.4636  acc 0.4030  val_loss 1.3702  val_acc 0.4557
2026-04-08 19:34:09    epoch  37  loss 1.4602  acc 0.4079  val_loss 1.4278  val_acc 0.4338
2026-04-08 19:34:12    epoch  38  loss 1.4621  acc 0.4093  val_loss 1.3687  val_acc 0.4391
2026-04-08 19:34:15    epoch  39  loss 1.4447  acc 0.4126  val_loss 1.3429  val_acc 0.4671
2026-04-08 19:34:17    epoch  40  loss 1.4614  acc 0.4064  val_loss 1.3297  val_acc 0.4663
2026-04-08 19:34:20    epoch  41  loss 1.4547  acc 0.4030  val_loss 1.3496  val_acc 0.4584
2026-04-08 19:34:23    epoch  42  loss 1.4529  acc 0.4034  val_loss 1.3263  val_acc 0.4855
2026-04-08 19:34:25    epoch  43  loss 1.4506  acc 0.4061  val_loss 1.3678  val_acc 0.4514
2026-04-08 19:34:28    epoch  44  loss 1.4358  acc 0.4196  val_loss 1.3559  val_acc 0.4408
2026-04-08 19:34:31    epoch  45  loss 1.4457  acc 0.4135  val_loss 1.3960  val_acc 0.4303
2026-04-08 19:34:33    epoch  46  loss 1.4439  acc 0.4177  val_loss 1.4397  val_acc 0.4093
2026-04-08 19:34:36    epoch  47  loss 1.4412  acc 0.4160  val_loss 1.4699  val_acc 0.4154
2026-04-08 19:34:39    epoch  48  loss 1.4201  acc 0.4161  val_loss 1.2997  val_acc 0.4759
2026-04-08 19:34:41    epoch  49  loss 1.4086  acc 0.4270  val_loss 1.3080  val_acc 0.4794
2026-04-08 19:34:44    epoch  50  loss 1.4063  acc 0.4354  val_loss 1.3279  val_acc 0.4592
2026-04-08 19:34:47    epoch  51  loss 1.4045  acc 0.4278  val_loss 1.3617  val_acc 0.4479
2026-04-08 19:34:49    epoch  52  loss 1.4157  acc 0.4207  val_loss 1.3127  val_acc 0.4689
2026-04-08 19:34:52    epoch  53  loss 1.3960  acc 0.4328  val_loss 1.2907  val_acc 0.4943
2026-04-08 19:34:54    epoch  54  loss 1.3943  acc 0.4326  val_loss 1.2842  val_acc 0.4847
2026-04-08 19:34:57    epoch  55  loss 1.3969  acc 0.4318  val_loss 1.3281  val_acc 0.4759
2026-04-08 19:35:00    epoch  56  loss 1.4002  acc 0.4290  val_loss 1.2904  val_acc 0.4855
2026-04-08 19:35:02    epoch  57  loss 1.3969  acc 0.4293  val_loss 1.2877  val_acc 0.4847
2026-04-08 19:35:05    epoch  58  loss 1.4050  acc 0.4357  val_loss 1.2952  val_acc 0.4759
2026-04-08 19:35:08    epoch  59  loss 1.3985  acc 0.4336  val_loss 1.2813  val_acc 0.4934
2026-04-08 19:35:10    epoch  60  loss 1.4005  acc 0.4315  val_loss 1.3751  val_acc 0.4505
2026-04-08 19:35:13    epoch  61  loss 1.3959  acc 0.4328  val_loss 1.3082  val_acc 0.4794
2026-04-08 19:35:16    epoch  62  loss 1.3955  acc 0.4361  val_loss 1.4243  val_acc 0.4154
2026-04-08 19:35:18    epoch  63  loss 1.3882  acc 0.4349  val_loss 1.3229  val_acc 0.4803
2026-04-08 19:35:21    epoch  64  loss 1.3818  acc 0.4385  val_loss 1.3389  val_acc 0.4636
2026-04-08 19:35:24    epoch  65  loss 1.3720  acc 0.4414  val_loss 1.2920  val_acc 0.4899
2026-04-08 19:35:26    epoch  66  loss 1.3748  acc 0.4441  val_loss 1.2870  val_acc 0.4882
2026-04-08 19:35:29    epoch  67  loss 1.3721  acc 0.4438  val_loss 1.2631  val_acc 0.4943
2026-04-08 19:35:32    epoch  68  loss 1.3693  acc 0.4462  val_loss 1.2875  val_acc 0.4952
2026-04-08 19:35:34    epoch  69  loss 1.3669  acc 0.4444  val_loss 1.2569  val_acc 0.4969
2026-04-08 19:35:37    epoch  70  loss 1.3624  acc 0.4453  val_loss 1.2753  val_acc 0.4847
2026-04-08 19:35:40    epoch  71  loss 1.3714  acc 0.4395  val_loss 1.2630  val_acc 0.4943
2026-04-08 19:35:42    epoch  72  loss 1.3655  acc 0.4451  val_loss 1.2955  val_acc 0.4812
2026-04-08 19:35:45    epoch  73  loss 1.3632  acc 0.4449  val_loss 1.2660  val_acc 0.4943
2026-04-08 19:35:48    epoch  74  loss 1.3654  acc 0.4511  val_loss 1.2720  val_acc 0.4829
2026-04-08 19:35:50    epoch  75  loss 1.3564  acc 0.4454  val_loss 1.2631  val_acc 0.4961
2026-04-08 19:35:53    epoch  76  loss 1.3485  acc 0.4559  val_loss 1.2564  val_acc 0.4899
2026-04-08 19:35:56    epoch  77  loss 1.3519  acc 0.4568  val_loss 1.2597  val_acc 0.5013
2026-04-08 19:35:58    epoch  78  loss 1.3533  acc 0.4519  val_loss 1.2720  val_acc 0.4908
2026-04-08 19:36:01    epoch  79  loss 1.3593  acc 0.4495  val_loss 1.2507  val_acc 0.4961
2026-04-08 19:36:04    epoch  80  loss 1.3590  acc 0.4513  val_loss 1.2487  val_acc 0.4996
2026-04-08 19:36:06    epoch  81  loss 1.3493  acc 0.4514  val_loss 1.2592  val_acc 0.4978
2026-04-08 19:36:09    epoch  82  loss 1.3557  acc 0.4485  val_loss 1.2567  val_acc 0.4987
2026-04-08 19:36:12    epoch  83  loss 1.3506  acc 0.4528  val_loss 1.2621  val_acc 0.4987
2026-04-08 19:36:14    epoch  84  loss 1.3424  acc 0.4566  val_loss 1.2622  val_acc 0.4996
2026-04-08 19:36:17    epoch  85  loss 1.3462  acc 0.4565  val_loss 1.2507  val_acc 0.4978
2026-04-08 19:36:20    epoch  86  loss 1.3357  acc 0.4572  val_loss 1.2477  val_acc 0.4987
2026-04-08 19:36:22    epoch  87  loss 1.3425  acc 0.4554  val_loss 1.2474  val_acc 0.4969
2026-04-08 19:36:25    epoch  88  loss 1.3457  acc 0.4554  val_loss 1.2473  val_acc 0.5004
2026-04-08 19:36:28    epoch  89  loss 1.3450  acc 0.4514  val_loss 1.2467  val_acc 0.4978
2026-04-08 19:36:30    epoch  90  loss 1.3542  acc 0.4503  val_loss 1.2880  val_acc 0.4908
2026-04-08 19:36:33    epoch  91  loss 1.3487  acc 0.4512  val_loss 1.2441  val_acc 0.5004
2026-04-08 19:36:36    epoch  92  loss 1.3405  acc 0.4492  val_loss 1.2514  val_acc 0.4987
2026-04-08 19:36:38    epoch  93  loss 1.3406  acc 0.4581  val_loss 1.2480  val_acc 0.4969
2026-04-08 19:36:41    epoch  94  loss 1.3460  acc 0.4528  val_loss 1.2475  val_acc 0.4969
2026-04-08 19:36:44    epoch  95  loss 1.3450  acc 0.4510  val_loss 1.2491  val_acc 0.5004
2026-04-08 19:36:46    epoch  96  loss 1.3401  acc 0.4533  val_loss 1.2481  val_acc 0.5057
2026-04-08 19:36:49    epoch  97  loss 1.3356  acc 0.4591  val_loss 1.2575  val_acc 0.5031
2026-04-08 19:36:52    epoch  98  loss 1.3458  acc 0.4499  val_loss 1.2563  val_acc 0.5101
2026-04-08 19:36:54    epoch  99  loss 1.3406  acc 0.4567  val_loss 1.2463  val_acc 0.5013
2026-04-08 19:36:54    Early stopping at epoch 99
2026-04-08 19:36:54    User1 accuracy: 0.3180
2026-04-08 19:36:54    ✓ New best model saved (User1 held out, acc=0.3180)
2026-04-08 19:36:55  ────────────────────────────────────────────────────────────
2026-04-08 19:36:55  LOSO fold — held-out: User2 (640 test windows, 11473 train windows)
2026-04-08 19:36:58    epoch   1  loss 1.8691  acc 0.2528  val_loss 1.6977  val_acc 0.3017
2026-04-08 19:37:01    epoch   2  loss 1.7257  acc 0.2895  val_loss 1.6090  val_acc 0.3470
2026-04-08 19:37:03    epoch   3  loss 1.6681  acc 0.3063  val_loss 1.5790  val_acc 0.3426
2026-04-08 19:37:06    epoch   4  loss 1.6483  acc 0.3134  val_loss 1.5621  val_acc 0.3609
2026-04-08 19:37:09    epoch   5  loss 1.6299  acc 0.3166  val_loss 1.5555  val_acc 0.3461
2026-04-08 19:37:11    epoch   6  loss 1.6181  acc 0.3203  val_loss 1.5511  val_acc 0.3601
2026-04-08 19:37:14    epoch   7  loss 1.6147  acc 0.3325  val_loss 1.5436  val_acc 0.3487
2026-04-08 19:37:17    epoch   8  loss 1.6119  acc 0.3415  val_loss 1.5378  val_acc 0.3575
2026-04-08 19:37:19    epoch   9  loss 1.6068  acc 0.3336  val_loss 1.5305  val_acc 0.3557
2026-04-08 19:37:22    epoch  10  loss 1.6151  acc 0.3321  val_loss 1.5234  val_acc 0.3697
2026-04-08 19:37:25    epoch  11  loss 1.5973  acc 0.3392  val_loss 1.5601  val_acc 0.3357
2026-04-08 19:37:27    epoch  12  loss 1.6110  acc 0.3381  val_loss 1.5196  val_acc 0.3749
2026-04-08 19:37:30    epoch  13  loss 1.5858  acc 0.3390  val_loss 1.5127  val_acc 0.3679
2026-04-08 19:37:33    epoch  14  loss 1.5849  acc 0.3428  val_loss 1.4923  val_acc 0.3775
2026-04-08 19:37:35    epoch  15  loss 1.5856  acc 0.3447  val_loss 1.5206  val_acc 0.3609
2026-04-08 19:37:38    epoch  16  loss 1.5744  acc 0.3487  val_loss 1.5089  val_acc 0.3575
2026-04-08 19:37:41    epoch  17  loss 1.5698  acc 0.3554  val_loss 1.4965  val_acc 0.3862
2026-04-08 19:37:43    epoch  18  loss 1.5803  acc 0.3443  val_loss 1.5097  val_acc 0.3993
2026-04-08 19:37:46    epoch  19  loss 1.5653  acc 0.3582  val_loss 1.4841  val_acc 0.3827
2026-04-08 19:37:49    epoch  20  loss 1.5600  acc 0.3587  val_loss 1.5130  val_acc 0.3697
2026-04-08 19:37:51    epoch  21  loss 1.5530  acc 0.3651  val_loss 1.4771  val_acc 0.3854
2026-04-08 19:37:54    epoch  22  loss 1.5499  acc 0.3594  val_loss 1.4704  val_acc 0.3897
2026-04-08 19:37:57    epoch  23  loss 1.5596  acc 0.3556  val_loss 1.4813  val_acc 0.3740
2026-04-08 19:37:59    epoch  24  loss 1.5418  acc 0.3627  val_loss 1.4724  val_acc 0.3897
2026-04-08 19:38:02    epoch  25  loss 1.5382  acc 0.3716  val_loss 1.4789  val_acc 0.3888
2026-04-08 19:38:05    epoch  26  loss 1.5447  acc 0.3719  val_loss 1.4639  val_acc 0.3923
2026-04-08 19:38:07    epoch  27  loss 1.5381  acc 0.3699  val_loss 1.4843  val_acc 0.3906
2026-04-08 19:38:10    epoch  28  loss 1.5300  acc 0.3794  val_loss 1.4494  val_acc 0.4324
2026-04-08 19:38:13    epoch  29  loss 1.5367  acc 0.3737  val_loss 1.4566  val_acc 0.4071
2026-04-08 19:38:15    epoch  30  loss 1.5315  acc 0.3770  val_loss 1.4430  val_acc 0.4080
2026-04-08 19:38:18    epoch  31  loss 1.5257  acc 0.3758  val_loss 1.4520  val_acc 0.3888
2026-04-08 19:38:21    epoch  32  loss 1.5176  acc 0.3805  val_loss 1.4630  val_acc 0.4028
2026-04-08 19:38:23    epoch  33  loss 1.5222  acc 0.3789  val_loss 1.5224  val_acc 0.3845
2026-04-08 19:38:26    epoch  34  loss 1.5174  acc 0.3767  val_loss 1.4502  val_acc 0.4098
2026-04-08 19:38:29    epoch  35  loss 1.5199  acc 0.3865  val_loss 1.4589  val_acc 0.3854
2026-04-08 19:38:31    epoch  36  loss 1.4930  acc 0.4000  val_loss 1.4287  val_acc 0.4237
2026-04-08 19:38:34    epoch  37  loss 1.4854  acc 0.3998  val_loss 1.4174  val_acc 0.4481
2026-04-08 19:38:37    epoch  38  loss 1.4772  acc 0.3973  val_loss 1.4265  val_acc 0.4342
2026-04-08 19:38:40    epoch  39  loss 1.4695  acc 0.4063  val_loss 1.4346  val_acc 0.4368
2026-04-08 19:38:42    epoch  40  loss 1.4731  acc 0.4054  val_loss 1.4223  val_acc 0.3949
2026-04-08 19:38:45    epoch  41  loss 1.4741  acc 0.4050  val_loss 1.4055  val_acc 0.4455
2026-04-08 19:38:48    epoch  42  loss 1.4634  acc 0.4089  val_loss 1.4031  val_acc 0.4272
2026-04-08 19:38:50    epoch  43  loss 1.4638  acc 0.4125  val_loss 1.3877  val_acc 0.4342
2026-04-08 19:38:53    epoch  44  loss 1.4749  acc 0.4043  val_loss 1.3808  val_acc 0.4473
2026-04-08 19:38:56    epoch  45  loss 1.4459  acc 0.4205  val_loss 1.4011  val_acc 0.4534
2026-04-08 19:38:58    epoch  46  loss 1.4528  acc 0.4143  val_loss 1.3744  val_acc 0.4542
2026-04-08 19:39:01    epoch  47  loss 1.4589  acc 0.4131  val_loss 1.4160  val_acc 0.4281
2026-04-08 19:39:04    epoch  48  loss 1.4624  acc 0.4094  val_loss 1.4470  val_acc 0.4211
2026-04-08 19:39:06    epoch  49  loss 1.4607  acc 0.4077  val_loss 1.4216  val_acc 0.4176
2026-04-08 19:39:09    epoch  50  loss 1.4520  acc 0.4097  val_loss 1.3834  val_acc 0.4481
2026-04-08 19:39:12    epoch  51  loss 1.4457  acc 0.4122  val_loss 1.3802  val_acc 0.4438
2026-04-08 19:39:14    epoch  52  loss 1.4387  acc 0.4167  val_loss 1.3606  val_acc 0.4673
2026-04-08 19:39:17    epoch  53  loss 1.4395  acc 0.4152  val_loss 1.3774  val_acc 0.4385
2026-04-08 19:39:20    epoch  54  loss 1.4317  acc 0.4213  val_loss 1.3886  val_acc 0.4359
2026-04-08 19:39:22    epoch  55  loss 1.4361  acc 0.4240  val_loss 1.3972  val_acc 0.4420
2026-04-08 19:39:25    epoch  56  loss 1.4285  acc 0.4248  val_loss 1.3612  val_acc 0.4560
2026-04-08 19:39:28    epoch  57  loss 1.4299  acc 0.4248  val_loss 1.3631  val_acc 0.4577
2026-04-08 19:39:30    epoch  58  loss 1.4257  acc 0.4219  val_loss 1.3527  val_acc 0.4621
2026-04-08 19:39:33    epoch  59  loss 1.4229  acc 0.4297  val_loss 1.3475  val_acc 0.4690
2026-04-08 19:39:36    epoch  60  loss 1.4113  acc 0.4333  val_loss 1.3405  val_acc 0.4664
2026-04-08 19:39:38    epoch  61  loss 1.4215  acc 0.4287  val_loss 1.3447  val_acc 0.4621
2026-04-08 19:39:41    epoch  62  loss 1.4225  acc 0.4298  val_loss 1.3454  val_acc 0.4682
2026-04-08 19:39:44    epoch  63  loss 1.4053  acc 0.4316  val_loss 1.3577  val_acc 0.4656
2026-04-08 19:39:46    epoch  64  loss 1.4191  acc 0.4283  val_loss 1.3462  val_acc 0.4682
2026-04-08 19:39:49    epoch  65  loss 1.4214  acc 0.4313  val_loss 1.3472  val_acc 0.4612
2026-04-08 19:39:52    epoch  66  loss 1.4202  acc 0.4229  val_loss 1.3379  val_acc 0.4673
2026-04-08 19:39:54    epoch  67  loss 1.4160  acc 0.4305  val_loss 1.3395  val_acc 0.4664
2026-04-08 19:39:57    epoch  68  loss 1.4149  acc 0.4310  val_loss 1.3380  val_acc 0.4664
2026-04-08 19:40:00    epoch  69  loss 1.4086  acc 0.4273  val_loss 1.3368  val_acc 0.4778
2026-04-08 19:40:02    epoch  70  loss 1.4110  acc 0.4326  val_loss 1.3409  val_acc 0.4612
2026-04-08 19:40:05    epoch  71  loss 1.4040  acc 0.4330  val_loss 1.3383  val_acc 0.4699
2026-04-08 19:40:08    epoch  72  loss 1.4130  acc 0.4300  val_loss 1.3379  val_acc 0.4760
2026-04-08 19:40:10    epoch  73  loss 1.4138  acc 0.4337  val_loss 1.3378  val_acc 0.4664
2026-04-08 19:40:13    epoch  74  loss 1.4061  acc 0.4348  val_loss 1.3448  val_acc 0.4682
2026-04-08 19:40:16    epoch  75  loss 1.4100  acc 0.4316  val_loss 1.3404  val_acc 0.4673
2026-04-08 19:40:18    epoch  76  loss 1.4026  acc 0.4318  val_loss 1.3394  val_acc 0.4664
2026-04-08 19:40:21    epoch  77  loss 1.4067  acc 0.4292  val_loss 1.3358  val_acc 0.4752
2026-04-08 19:40:24    epoch  78  loss 1.4002  acc 0.4334  val_loss 1.3315  val_acc 0.4725
2026-04-08 19:40:26    epoch  79  loss 1.4104  acc 0.4327  val_loss 1.3336  val_acc 0.4690
2026-04-08 19:40:29    epoch  80  loss 1.4068  acc 0.4348  val_loss 1.3335  val_acc 0.4673
2026-04-08 19:40:32    epoch  81  loss 1.4134  acc 0.4350  val_loss 1.3321  val_acc 0.4690
2026-04-08 19:40:34    epoch  82  loss 1.4064  acc 0.4301  val_loss 1.3388  val_acc 0.4638
2026-04-08 19:40:37    epoch  83  loss 1.4028  acc 0.4349  val_loss 1.3334  val_acc 0.4769
2026-04-08 19:40:40    epoch  84  loss 1.4033  acc 0.4375  val_loss 1.3345  val_acc 0.4725
2026-04-08 19:40:42    epoch  85  loss 1.4105  acc 0.4316  val_loss 1.3352  val_acc 0.4769
2026-04-08 19:40:45    epoch  86  loss 1.4054  acc 0.4355  val_loss 1.3331  val_acc 0.4760
2026-04-08 19:40:45    Early stopping at epoch 86
2026-04-08 19:40:45    User2 accuracy: 0.5141
2026-04-08 19:40:45    ✓ New best model saved (User2 held out, acc=0.5141)
2026-04-08 19:40:46  ────────────────────────────────────────────────────────────
2026-04-08 19:40:46  LOSO fold — held-out: User3 (639 test windows, 11474 train windows)
2026-04-08 19:40:49    epoch   1  loss 1.8535  acc 0.2536  val_loss 1.6424  val_acc 0.3043
2026-04-08 19:40:51    epoch   2  loss 1.7057  acc 0.2904  val_loss 1.6577  val_acc 0.3278
2026-04-08 19:40:54    epoch   3  loss 1.6614  acc 0.3076  val_loss 1.6057  val_acc 0.3095
2026-04-08 19:40:57    epoch   4  loss 1.6498  acc 0.3126  val_loss 1.5620  val_acc 0.3313
2026-04-08 19:40:59    epoch   5  loss 1.6286  acc 0.3249  val_loss 1.5994  val_acc 0.3060
2026-04-08 19:41:02    epoch   6  loss 1.6205  acc 0.3259  val_loss 1.5396  val_acc 0.3452
2026-04-08 19:41:05    epoch   7  loss 1.6119  acc 0.3288  val_loss 1.5471  val_acc 0.3627
2026-04-08 19:41:07    epoch   8  loss 1.6128  acc 0.3298  val_loss 1.5378  val_acc 0.3601
2026-04-08 19:41:10    epoch   9  loss 1.6029  acc 0.3346  val_loss 1.5569  val_acc 0.3583
2026-04-08 19:41:13    epoch  10  loss 1.6037  acc 0.3321  val_loss 1.5687  val_acc 0.3522
2026-04-08 19:41:15    epoch  11  loss 1.5976  acc 0.3384  val_loss 1.5061  val_acc 0.3636
2026-04-08 19:41:18    epoch  12  loss 1.5846  acc 0.3440  val_loss 1.4930  val_acc 0.3871
2026-04-08 19:41:21    epoch  13  loss 1.5734  acc 0.3474  val_loss 1.4856  val_acc 0.3740
2026-04-08 19:41:23    epoch  14  loss 1.5776  acc 0.3423  val_loss 1.5219  val_acc 0.3714
2026-04-08 19:41:26    epoch  15  loss 1.5749  acc 0.3438  val_loss 1.5289  val_acc 0.3548
2026-04-08 19:41:28    epoch  16  loss 1.5693  acc 0.3503  val_loss 1.5114  val_acc 0.3836
2026-04-08 19:41:31    epoch  17  loss 1.5718  acc 0.3495  val_loss 1.5155  val_acc 0.3618
2026-04-08 19:41:34    epoch  18  loss 1.5672  acc 0.3470  val_loss 1.4928  val_acc 0.3670
2026-04-08 19:41:36    epoch  19  loss 1.5384  acc 0.3641  val_loss 1.4590  val_acc 0.3949
2026-04-08 19:41:39    epoch  20  loss 1.5466  acc 0.3570  val_loss 1.4672  val_acc 0.3854
2026-04-08 19:41:42    epoch  21  loss 1.5314  acc 0.3618  val_loss 1.4541  val_acc 0.3923
2026-04-08 19:41:44    epoch  22  loss 1.5313  acc 0.3688  val_loss 1.5015  val_acc 0.3845
2026-04-08 19:41:47    epoch  23  loss 1.5369  acc 0.3590  val_loss 1.4711  val_acc 0.4028
2026-04-08 19:41:50    epoch  24  loss 1.5285  acc 0.3715  val_loss 1.4920  val_acc 0.3976
2026-04-08 19:41:52    epoch  25  loss 1.5208  acc 0.3716  val_loss 1.4686  val_acc 0.3915
2026-04-08 19:41:55    epoch  26  loss 1.5178  acc 0.3649  val_loss 1.4413  val_acc 0.4202
2026-04-08 19:41:58    epoch  27  loss 1.5174  acc 0.3729  val_loss 1.4662  val_acc 0.4115
2026-04-08 19:42:00    epoch  28  loss 1.5161  acc 0.3712  val_loss 1.4494  val_acc 0.4176
2026-04-08 19:42:03    epoch  29  loss 1.5199  acc 0.3756  val_loss 1.4752  val_acc 0.3949
2026-04-08 19:42:06    epoch  30  loss 1.5175  acc 0.3782  val_loss 1.4633  val_acc 0.3906
2026-04-08 19:42:08    epoch  31  loss 1.5160  acc 0.3769  val_loss 1.4629  val_acc 0.4019
2026-04-08 19:42:11    epoch  32  loss 1.4975  acc 0.3848  val_loss 1.4314  val_acc 0.4106
2026-04-08 19:42:13    epoch  33  loss 1.4948  acc 0.3877  val_loss 1.4802  val_acc 0.3731
2026-04-08 19:42:16    epoch  34  loss 1.5031  acc 0.3872  val_loss 1.4520  val_acc 0.4202
2026-04-08 19:42:19    epoch  35  loss 1.4919  acc 0.3869  val_loss 1.4548  val_acc 0.4141
2026-04-08 19:42:22    epoch  36  loss 1.4870  acc 0.3893  val_loss 1.4666  val_acc 0.3984
2026-04-08 19:42:24    epoch  37  loss 1.4851  acc 0.3919  val_loss 1.4234  val_acc 0.4141
2026-04-08 19:42:27    epoch  38  loss 1.4939  acc 0.3894  val_loss 1.4218  val_acc 0.4272
2026-04-08 19:42:30    epoch  39  loss 1.4820  acc 0.3923  val_loss 1.4451  val_acc 0.4185
2026-04-08 19:42:33    epoch  40  loss 1.4758  acc 0.3979  val_loss 1.4318  val_acc 0.4002
2026-04-08 19:42:35    epoch  41  loss 1.4742  acc 0.4012  val_loss 1.4375  val_acc 0.4159
2026-04-08 19:42:38    epoch  42  loss 1.4736  acc 0.3981  val_loss 1.4199  val_acc 0.4202
2026-04-08 19:42:41    epoch  43  loss 1.4659  acc 0.4024  val_loss 1.4245  val_acc 0.3949
2026-04-08 19:42:44    epoch  44  loss 1.4704  acc 0.4000  val_loss 1.4249  val_acc 0.4080
2026-04-08 19:42:46    epoch  45  loss 1.4667  acc 0.4052  val_loss 1.4605  val_acc 0.3854
2026-04-08 19:42:49    epoch  46  loss 1.4695  acc 0.4052  val_loss 1.4127  val_acc 0.4333
2026-04-08 19:42:52    epoch  47  loss 1.4728  acc 0.4040  val_loss 1.4374  val_acc 0.4176
2026-04-08 19:42:55    epoch  48  loss 1.4671  acc 0.4050  val_loss 1.3949  val_acc 0.4420
2026-04-08 19:42:57    epoch  49  loss 1.4624  acc 0.4098  val_loss 1.3936  val_acc 0.4403
2026-04-08 19:43:00    epoch  50  loss 1.4622  acc 0.4076  val_loss 1.3986  val_acc 0.4359
2026-04-08 19:43:03    epoch  51  loss 1.4593  acc 0.4110  val_loss 1.4288  val_acc 0.4176
2026-04-08 19:43:05    epoch  52  loss 1.4495  acc 0.4139  val_loss 1.3871  val_acc 0.4612
2026-04-08 19:43:08    epoch  53  loss 1.4543  acc 0.4122  val_loss 1.3990  val_acc 0.4316
2026-04-08 19:43:11    epoch  54  loss 1.4420  acc 0.4182  val_loss 1.4093  val_acc 0.4473
2026-04-08 19:43:13    epoch  55  loss 1.4402  acc 0.4224  val_loss 1.4152  val_acc 0.4263
2026-04-08 19:43:16    epoch  56  loss 1.4550  acc 0.4130  val_loss 1.3896  val_acc 0.4551
2026-04-08 19:43:19    epoch  57  loss 1.4579  acc 0.4217  val_loss 1.3818  val_acc 0.4429
2026-04-08 19:43:21    epoch  58  loss 1.4432  acc 0.4174  val_loss 1.3707  val_acc 0.4499
2026-04-08 19:43:24    epoch  59  loss 1.4484  acc 0.4107  val_loss 1.3806  val_acc 0.4507
2026-04-08 19:43:27    epoch  60  loss 1.4442  acc 0.4159  val_loss 1.3743  val_acc 0.4560
2026-04-08 19:43:29    epoch  61  loss 1.4440  acc 0.4211  val_loss 1.4066  val_acc 0.4350
2026-04-08 19:43:32    epoch  62  loss 1.4369  acc 0.4233  val_loss 1.3855  val_acc 0.4481
2026-04-08 19:43:35    epoch  63  loss 1.4343  acc 0.4258  val_loss 1.3947  val_acc 0.4377
2026-04-08 19:43:37    epoch  64  loss 1.4306  acc 0.4223  val_loss 1.3643  val_acc 0.4490
2026-04-08 19:43:40    epoch  65  loss 1.4281  acc 0.4250  val_loss 1.3852  val_acc 0.4455
2026-04-08 19:43:43    epoch  66  loss 1.4238  acc 0.4275  val_loss 1.3771  val_acc 0.4638
2026-04-08 19:43:45    epoch  67  loss 1.4232  acc 0.4232  val_loss 1.3545  val_acc 0.4673
2026-04-08 19:43:48    epoch  68  loss 1.4255  acc 0.4274  val_loss 1.3724  val_acc 0.4359
2026-04-08 19:43:50    epoch  69  loss 1.4142  acc 0.4266  val_loss 1.3588  val_acc 0.4629
2026-04-08 19:43:53    epoch  70  loss 1.4255  acc 0.4295  val_loss 1.3630  val_acc 0.4455
2026-04-08 19:43:56    epoch  71  loss 1.4254  acc 0.4286  val_loss 1.3458  val_acc 0.4629
2026-04-08 19:43:58    epoch  72  loss 1.4154  acc 0.4334  val_loss 1.3815  val_acc 0.4289
2026-04-08 19:44:01    epoch  73  loss 1.4211  acc 0.4274  val_loss 1.3473  val_acc 0.4551
2026-04-08 19:44:04    epoch  74  loss 1.4118  acc 0.4321  val_loss 1.3971  val_acc 0.4446
2026-04-08 19:44:07    epoch  75  loss 1.4178  acc 0.4301  val_loss 1.3454  val_acc 0.4690
2026-04-08 19:44:09    epoch  76  loss 1.4156  acc 0.4307  val_loss 1.3475  val_acc 0.4682
2026-04-08 19:44:12    epoch  77  loss 1.4144  acc 0.4327  val_loss 1.3427  val_acc 0.4568
2026-04-08 19:44:15    epoch  78  loss 1.4113  acc 0.4234  val_loss 1.3445  val_acc 0.4682
2026-04-08 19:44:17    epoch  79  loss 1.4060  acc 0.4357  val_loss 1.3576  val_acc 0.4490
2026-04-08 19:44:20    epoch  80  loss 1.4120  acc 0.4300  val_loss 1.3427  val_acc 0.4534
2026-04-08 19:44:23    epoch  81  loss 1.4086  acc 0.4303  val_loss 1.3510  val_acc 0.4708
2026-04-08 19:44:26    epoch  82  loss 1.4152  acc 0.4277  val_loss 1.3521  val_acc 0.4708
2026-04-08 19:44:28    epoch  83  loss 1.4066  acc 0.4349  val_loss 1.3318  val_acc 0.4760
2026-04-08 19:44:31    epoch  84  loss 1.4072  acc 0.4340  val_loss 1.3471  val_acc 0.4656
2026-04-08 19:44:34    epoch  85  loss 1.3967  acc 0.4344  val_loss 1.3305  val_acc 0.4795
2026-04-08 19:44:36    epoch  86  loss 1.4039  acc 0.4316  val_loss 1.3490  val_acc 0.4542
2026-04-08 19:44:39    epoch  87  loss 1.4009  acc 0.4341  val_loss 1.3331  val_acc 0.4769
2026-04-08 19:44:42    epoch  88  loss 1.4071  acc 0.4327  val_loss 1.3489  val_acc 0.4612
2026-04-08 19:44:44    epoch  89  loss 1.4007  acc 0.4329  val_loss 1.3443  val_acc 0.4560
2026-04-08 19:44:47    epoch  90  loss 1.4114  acc 0.4279  val_loss 1.3395  val_acc 0.4664
2026-04-08 19:44:50    epoch  91  loss 1.4016  acc 0.4449  val_loss 1.3345  val_acc 0.4743
2026-04-08 19:44:52    epoch  92  loss 1.3964  acc 0.4367  val_loss 1.3348  val_acc 0.4682
2026-04-08 19:44:55    epoch  93  loss 1.4002  acc 0.4403  val_loss 1.3385  val_acc 0.4699
2026-04-08 19:44:55    Early stopping at epoch 93
2026-04-08 19:44:55    User3 accuracy: 0.4476
2026-04-08 19:44:56  ────────────────────────────────────────────────────────────
2026-04-08 19:44:56  LOSO fold — held-out: User4 (676 test windows, 11437 train windows)
2026-04-08 19:44:59    epoch   1  loss 1.8595  acc 0.2552  val_loss 1.6838  val_acc 0.2861
2026-04-08 19:45:01    epoch   2  loss 1.6942  acc 0.2980  val_loss 1.6538  val_acc 0.3132
2026-04-08 19:45:04    epoch   3  loss 1.6734  acc 0.3005  val_loss 1.6341  val_acc 0.3193
2026-04-08 19:45:07    epoch   4  loss 1.6485  acc 0.3169  val_loss 1.6058  val_acc 0.3351
2026-04-08 19:45:09    epoch   5  loss 1.6276  acc 0.3230  val_loss 1.6069  val_acc 0.3342
2026-04-08 19:45:12    epoch   6  loss 1.6203  acc 0.3229  val_loss 1.5991  val_acc 0.3220
2026-04-08 19:45:15    epoch   7  loss 1.6059  acc 0.3346  val_loss 1.5656  val_acc 0.3307
2026-04-08 19:45:17    epoch   8  loss 1.6067  acc 0.3273  val_loss 1.5940  val_acc 0.3438
2026-04-08 19:45:20    epoch   9  loss 1.6003  acc 0.3355  val_loss 1.5698  val_acc 0.3447
2026-04-08 19:45:23    epoch  10  loss 1.6030  acc 0.3427  val_loss 1.5761  val_acc 0.3692
2026-04-08 19:45:25    epoch  11  loss 1.6031  acc 0.3381  val_loss 1.5858  val_acc 0.3456
2026-04-08 19:45:28    epoch  12  loss 1.6049  acc 0.3392  val_loss 1.5763  val_acc 0.3788
2026-04-08 19:45:31    epoch  13  loss 1.5865  acc 0.3494  val_loss 1.5406  val_acc 0.3535
2026-04-08 19:45:33    epoch  14  loss 1.5645  acc 0.3599  val_loss 1.5456  val_acc 0.3797
2026-04-08 19:45:36    epoch  15  loss 1.5585  acc 0.3617  val_loss 1.6012  val_acc 0.3596
2026-04-08 19:45:39    epoch  16  loss 1.5544  acc 0.3588  val_loss 1.5331  val_acc 0.3508
2026-04-08 19:45:41    epoch  17  loss 1.5651  acc 0.3651  val_loss 1.5381  val_acc 0.3526
2026-04-08 19:45:44    epoch  18  loss 1.5605  acc 0.3585  val_loss 1.5500  val_acc 0.3718
2026-04-08 19:45:47    epoch  19  loss 1.5569  acc 0.3606  val_loss 1.5330  val_acc 0.3622
2026-04-08 19:45:49    epoch  20  loss 1.5472  acc 0.3712  val_loss 1.5290  val_acc 0.3613
2026-04-08 19:45:52    epoch  21  loss 1.5412  acc 0.3655  val_loss 1.5510  val_acc 0.3622
2026-04-08 19:45:55    epoch  22  loss 1.5506  acc 0.3642  val_loss 1.5313  val_acc 0.3578
2026-04-08 19:45:57    epoch  23  loss 1.5445  acc 0.3673  val_loss 1.5209  val_acc 0.3701
2026-04-08 19:46:00    epoch  24  loss 1.5368  acc 0.3747  val_loss 1.5237  val_acc 0.3780
2026-04-08 19:46:03    epoch  25  loss 1.5365  acc 0.3700  val_loss 1.5180  val_acc 0.3718
2026-04-08 19:46:05    epoch  26  loss 1.5329  acc 0.3700  val_loss 1.5104  val_acc 0.3858
2026-04-08 19:46:08    epoch  27  loss 1.5249  acc 0.3734  val_loss 1.5262  val_acc 0.3640
2026-04-08 19:46:11    epoch  28  loss 1.5324  acc 0.3771  val_loss 1.5183  val_acc 0.3701
2026-04-08 19:46:13    epoch  29  loss 1.5200  acc 0.3750  val_loss 1.5142  val_acc 0.3771
2026-04-08 19:46:16    epoch  30  loss 1.5354  acc 0.3762  val_loss 1.5412  val_acc 0.3727
2026-04-08 19:46:19    epoch  31  loss 1.5207  acc 0.3797  val_loss 1.5027  val_acc 0.3797
2026-04-08 19:46:21    epoch  32  loss 1.5174  acc 0.3791  val_loss 1.5050  val_acc 0.3867
2026-04-08 19:46:24    epoch  33  loss 1.5115  acc 0.3809  val_loss 1.4964  val_acc 0.3867
2026-04-08 19:46:27    epoch  34  loss 1.5197  acc 0.3787  val_loss 1.5488  val_acc 0.3718
2026-04-08 19:46:29    epoch  35  loss 1.5241  acc 0.3798  val_loss 1.5291  val_acc 0.3841
2026-04-08 19:46:32    epoch  36  loss 1.5295  acc 0.3767  val_loss 1.5582  val_acc 0.3780
2026-04-08 19:46:35    epoch  37  loss 1.5132  acc 0.3841  val_loss 1.5089  val_acc 0.3876
2026-04-08 19:46:38    epoch  38  loss 1.5152  acc 0.3829  val_loss 1.5493  val_acc 0.3823
2026-04-08 19:46:40    epoch  39  loss 1.4947  acc 0.3908  val_loss 1.4931  val_acc 0.3893
2026-04-08 19:46:43    epoch  40  loss 1.5047  acc 0.3911  val_loss 1.4881  val_acc 0.3893
2026-04-08 19:46:46    epoch  41  loss 1.5066  acc 0.3915  val_loss 1.4825  val_acc 0.3963
2026-04-08 19:46:48    epoch  42  loss 1.5022  acc 0.3862  val_loss 1.5008  val_acc 0.3885
2026-04-08 19:46:51    epoch  43  loss 1.4971  acc 0.3927  val_loss 1.4863  val_acc 0.3876
2026-04-08 19:46:54    epoch  44  loss 1.5091  acc 0.3887  val_loss 1.4824  val_acc 0.3955
2026-04-08 19:46:56    epoch  45  loss 1.4935  acc 0.3941  val_loss 1.4934  val_acc 0.3911
2026-04-08 19:46:59    epoch  46  loss 1.4911  acc 0.3949  val_loss 1.4765  val_acc 0.4007
2026-04-08 19:47:01    epoch  47  loss 1.4772  acc 0.4021  val_loss 1.4808  val_acc 0.3963
2026-04-08 19:47:04    epoch  48  loss 1.4834  acc 0.4013  val_loss 1.4869  val_acc 0.3946
2026-04-08 19:47:07    epoch  49  loss 1.4892  acc 0.3965  val_loss 1.4874  val_acc 0.3955
2026-04-08 19:47:09    epoch  50  loss 1.4865  acc 0.3972  val_loss 1.4697  val_acc 0.4112
2026-04-08 19:47:12    epoch  51  loss 1.4860  acc 0.3953  val_loss 1.4781  val_acc 0.3963
2026-04-08 19:47:15    epoch  52  loss 1.4804  acc 0.4014  val_loss 1.4635  val_acc 0.4068
2026-04-08 19:47:17    epoch  53  loss 1.4862  acc 0.4000  val_loss 1.4859  val_acc 0.3885
2026-04-08 19:47:20    epoch  54  loss 1.4768  acc 0.4022  val_loss 1.4606  val_acc 0.4051
2026-04-08 19:47:23    epoch  55  loss 1.4744  acc 0.4020  val_loss 1.4900  val_acc 0.4016
2026-04-08 19:47:25    epoch  56  loss 1.4811  acc 0.4063  val_loss 1.4692  val_acc 0.4129
2026-04-08 19:47:28    epoch  57  loss 1.4696  acc 0.4022  val_loss 1.4653  val_acc 0.4068
2026-04-08 19:47:31    epoch  58  loss 1.4757  acc 0.4059  val_loss 1.4681  val_acc 0.4059
2026-04-08 19:47:33    epoch  59  loss 1.4715  acc 0.4043  val_loss 1.4581  val_acc 0.4068
2026-04-08 19:47:36    epoch  60  loss 1.4716  acc 0.4097  val_loss 1.5555  val_acc 0.3823
2026-04-08 19:47:39    epoch  61  loss 1.4615  acc 0.4098  val_loss 1.4522  val_acc 0.4086
2026-04-08 19:47:41    epoch  62  loss 1.4661  acc 0.4114  val_loss 1.4898  val_acc 0.3981
2026-04-08 19:47:44    epoch  63  loss 1.4751  acc 0.4114  val_loss 1.4703  val_acc 0.4086
2026-04-08 19:47:46    epoch  64  loss 1.4575  acc 0.4160  val_loss 1.4555  val_acc 0.4103
2026-04-08 19:47:49    epoch  65  loss 1.4629  acc 0.4140  val_loss 1.4523  val_acc 0.4129
2026-04-08 19:47:52    epoch  66  loss 1.4530  acc 0.4116  val_loss 1.4536  val_acc 0.4068
2026-04-08 19:47:54    epoch  67  loss 1.4585  acc 0.4144  val_loss 1.4502  val_acc 0.4121
2026-04-08 19:47:57    epoch  68  loss 1.4453  acc 0.4211  val_loss 1.4469  val_acc 0.4033
2026-04-08 19:48:00    epoch  69  loss 1.4540  acc 0.4174  val_loss 1.4332  val_acc 0.4296
2026-04-08 19:48:02    epoch  70  loss 1.4425  acc 0.4210  val_loss 1.4381  val_acc 0.4147
2026-04-08 19:48:05    epoch  71  loss 1.4531  acc 0.4207  val_loss 1.4712  val_acc 0.4208
2026-04-08 19:48:08    epoch  72  loss 1.4417  acc 0.4219  val_loss 1.4322  val_acc 0.4296
2026-04-08 19:48:10    epoch  73  loss 1.4539  acc 0.4153  val_loss 1.4315  val_acc 0.4173
2026-04-08 19:48:13    epoch  74  loss 1.4416  acc 0.4205  val_loss 1.4546  val_acc 0.4086
2026-04-08 19:48:16    epoch  75  loss 1.4430  acc 0.4178  val_loss 1.4363  val_acc 0.4138
2026-04-08 19:48:18    epoch  76  loss 1.4530  acc 0.4220  val_loss 1.4631  val_acc 0.4147
2026-04-08 19:48:21    epoch  77  loss 1.4379  acc 0.4220  val_loss 1.4427  val_acc 0.4208
2026-04-08 19:48:24    epoch  78  loss 1.4422  acc 0.4174  val_loss 1.4300  val_acc 0.4243
2026-04-08 19:48:26    epoch  79  loss 1.4311  acc 0.4259  val_loss 1.4267  val_acc 0.4208
2026-04-08 19:48:29    epoch  80  loss 1.4354  acc 0.4191  val_loss 1.4293  val_acc 0.4287
2026-04-08 19:48:32    epoch  81  loss 1.4354  acc 0.4190  val_loss 1.4223  val_acc 0.4313
2026-04-08 19:48:34    epoch  82  loss 1.4337  acc 0.4212  val_loss 1.4253  val_acc 0.4269
2026-04-08 19:48:37    epoch  83  loss 1.4392  acc 0.4236  val_loss 1.4226  val_acc 0.4269
2026-04-08 19:48:40    epoch  84  loss 1.4449  acc 0.4160  val_loss 1.4272  val_acc 0.4339
2026-04-08 19:48:42    epoch  85  loss 1.4344  acc 0.4266  val_loss 1.4251  val_acc 0.4217
2026-04-08 19:48:45    epoch  86  loss 1.4193  acc 0.4276  val_loss 1.4349  val_acc 0.4208
2026-04-08 19:48:48    epoch  87  loss 1.4253  acc 0.4288  val_loss 1.4187  val_acc 0.4234
2026-04-08 19:48:50    epoch  88  loss 1.4245  acc 0.4260  val_loss 1.4238  val_acc 0.4304
2026-04-08 19:48:53    epoch  89  loss 1.4239  acc 0.4265  val_loss 1.4249  val_acc 0.4339
2026-04-08 19:48:56    epoch  90  loss 1.4200  acc 0.4257  val_loss 1.4125  val_acc 0.4304
2026-04-08 19:48:58    epoch  91  loss 1.4239  acc 0.4253  val_loss 1.4143  val_acc 0.4348
2026-04-08 19:49:01    epoch  92  loss 1.4300  acc 0.4303  val_loss 1.4203  val_acc 0.4392
2026-04-08 19:49:03    epoch  93  loss 1.4288  acc 0.4247  val_loss 1.4251  val_acc 0.4208
2026-04-08 19:49:06    epoch  94  loss 1.4240  acc 0.4274  val_loss 1.4107  val_acc 0.4418
2026-04-08 19:49:09    epoch  95  loss 1.4263  acc 0.4244  val_loss 1.4169  val_acc 0.4313
2026-04-08 19:49:11    epoch  96  loss 1.4224  acc 0.4296  val_loss 1.4131  val_acc 0.4278
2026-04-08 19:49:14    epoch  97  loss 1.4218  acc 0.4282  val_loss 1.4172  val_acc 0.4304
2026-04-08 19:49:17    epoch  98  loss 1.4240  acc 0.4303  val_loss 1.4131  val_acc 0.4374
2026-04-08 19:49:19    epoch  99  loss 1.4302  acc 0.4273  val_loss 1.4195  val_acc 0.4296
2026-04-08 19:49:22    epoch 100  loss 1.4208  acc 0.4328  val_loss 1.4097  val_acc 0.4339
2026-04-08 19:49:22    User4 accuracy: 0.3491
2026-04-08 19:49:23  ────────────────────────────────────────────────────────────
2026-04-08 19:49:23  LOSO fold — held-out: User5 (666 test windows, 11447 train windows)
2026-04-08 19:49:26    epoch   1  loss 1.8513  acc 0.2572  val_loss 1.6825  val_acc 0.2893
2026-04-08 19:49:28    epoch   2  loss 1.7142  acc 0.2964  val_loss 1.6783  val_acc 0.2955
2026-04-08 19:49:31    epoch   3  loss 1.6454  acc 0.3108  val_loss 1.5850  val_acc 0.3182
2026-04-08 19:49:34    epoch   4  loss 1.6562  acc 0.3027  val_loss 1.5825  val_acc 0.3348
2026-04-08 19:49:36    epoch   5  loss 1.6138  acc 0.3258  val_loss 1.6220  val_acc 0.3199
2026-04-08 19:49:39    epoch   6  loss 1.6134  acc 0.3292  val_loss 1.5438  val_acc 0.3540
2026-04-08 19:49:42    epoch   7  loss 1.6161  acc 0.3326  val_loss 1.5506  val_acc 0.3619
2026-04-08 19:49:44    epoch   8  loss 1.6091  acc 0.3308  val_loss 1.5338  val_acc 0.3392
2026-04-08 19:49:47    epoch   9  loss 1.6020  acc 0.3359  val_loss 1.5686  val_acc 0.3435
2026-04-08 19:49:50    epoch  10  loss 1.5985  acc 0.3407  val_loss 1.5783  val_acc 0.3339
2026-04-08 19:49:52    epoch  11  loss 1.6000  acc 0.3339  val_loss 1.5583  val_acc 0.3435
2026-04-08 19:49:55    epoch  12  loss 1.5914  acc 0.3491  val_loss 1.5296  val_acc 0.3462
2026-04-08 19:49:58    epoch  13  loss 1.5800  acc 0.3510  val_loss 1.5141  val_acc 0.3776
2026-04-08 19:50:00    epoch  14  loss 1.5922  acc 0.3403  val_loss 1.5304  val_acc 0.3610
2026-04-08 19:50:03    epoch  15  loss 1.5708  acc 0.3473  val_loss 1.5266  val_acc 0.3619
2026-04-08 19:50:06    epoch  16  loss 1.5790  acc 0.3469  val_loss 1.5195  val_acc 0.3619
2026-04-08 19:50:08    epoch  17  loss 1.5622  acc 0.3512  val_loss 1.5297  val_acc 0.3706
2026-04-08 19:50:11    epoch  18  loss 1.5521  acc 0.3538  val_loss 1.5270  val_acc 0.3785
2026-04-08 19:50:14    epoch  19  loss 1.5424  acc 0.3657  val_loss 1.4950  val_acc 0.3802
2026-04-08 19:50:16    epoch  20  loss 1.5369  acc 0.3672  val_loss 1.4888  val_acc 0.3837
2026-04-08 19:50:19    epoch  21  loss 1.5446  acc 0.3587  val_loss 1.5045  val_acc 0.3767
2026-04-08 19:50:22    epoch  22  loss 1.5409  acc 0.3704  val_loss 1.4887  val_acc 0.3837
2026-04-08 19:50:24    epoch  23  loss 1.5339  acc 0.3621  val_loss 1.4942  val_acc 0.3759
2026-04-08 19:50:27    epoch  24  loss 1.5355  acc 0.3674  val_loss 1.4884  val_acc 0.3715
2026-04-08 19:50:30    epoch  25  loss 1.5305  acc 0.3683  val_loss 1.4818  val_acc 0.4003
2026-04-08 19:50:32    epoch  26  loss 1.5241  acc 0.3728  val_loss 1.4821  val_acc 0.3934
2026-04-08 19:50:35    epoch  27  loss 1.5247  acc 0.3731  val_loss 1.4803  val_acc 0.4030
2026-04-08 19:50:38    epoch  28  loss 1.5247  acc 0.3738  val_loss 1.4787  val_acc 0.3916
2026-04-08 19:50:40    epoch  29  loss 1.5216  acc 0.3669  val_loss 1.5105  val_acc 0.3837
2026-04-08 19:50:43    epoch  30  loss 1.5249  acc 0.3677  val_loss 1.4735  val_acc 0.4030
2026-04-08 19:50:46    epoch  31  loss 1.5167  acc 0.3781  val_loss 1.4793  val_acc 0.3776
2026-04-08 19:50:48    epoch  32  loss 1.5237  acc 0.3773  val_loss 1.5424  val_acc 0.3820
2026-04-08 19:50:51    epoch  33  loss 1.5332  acc 0.3683  val_loss 1.4825  val_acc 0.3890
2026-04-08 19:50:53    epoch  34  loss 1.5271  acc 0.3719  val_loss 1.4729  val_acc 0.3872
2026-04-08 19:50:56    epoch  35  loss 1.5282  acc 0.3701  val_loss 1.4784  val_acc 0.3977
2026-04-08 19:50:59    epoch  36  loss 1.5130  acc 0.3728  val_loss 1.4939  val_acc 0.3969
2026-04-08 19:51:01    epoch  37  loss 1.5140  acc 0.3707  val_loss 1.4744  val_acc 0.4038
2026-04-08 19:51:04    epoch  38  loss 1.5104  acc 0.3769  val_loss 1.4951  val_acc 0.3846
2026-04-08 19:51:07    epoch  39  loss 1.5112  acc 0.3835  val_loss 1.4921  val_acc 0.3934
2026-04-08 19:51:09    epoch  40  loss 1.4916  acc 0.3913  val_loss 1.4592  val_acc 0.4012
2026-04-08 19:51:12    epoch  41  loss 1.5037  acc 0.3845  val_loss 1.4567  val_acc 0.3934
2026-04-08 19:51:15    epoch  42  loss 1.5014  acc 0.3806  val_loss 1.4579  val_acc 0.3986
2026-04-08 19:51:17    epoch  43  loss 1.4891  acc 0.3867  val_loss 1.4556  val_acc 0.4073
2026-04-08 19:51:20    epoch  44  loss 1.4939  acc 0.3909  val_loss 1.4798  val_acc 0.4003
2026-04-08 19:51:23    epoch  45  loss 1.4885  acc 0.3902  val_loss 1.4501  val_acc 0.4126
2026-04-08 19:51:25    epoch  46  loss 1.4899  acc 0.3876  val_loss 1.4477  val_acc 0.4073
2026-04-08 19:51:28    epoch  47  loss 1.4877  acc 0.3862  val_loss 1.4488  val_acc 0.3907
2026-04-08 19:51:31    epoch  48  loss 1.4854  acc 0.3910  val_loss 1.4516  val_acc 0.4082
2026-04-08 19:51:33    epoch  49  loss 1.4886  acc 0.3881  val_loss 1.5139  val_acc 0.3951
2026-04-08 19:51:36    epoch  50  loss 1.4837  acc 0.3901  val_loss 1.4564  val_acc 0.4091
2026-04-08 19:51:38    epoch  51  loss 1.4804  acc 0.3937  val_loss 1.4515  val_acc 0.3977
2026-04-08 19:51:41    epoch  52  loss 1.4801  acc 0.3955  val_loss 1.4568  val_acc 0.4187
2026-04-08 19:51:44    epoch  53  loss 1.4764  acc 0.3945  val_loss 1.4420  val_acc 0.3986
2026-04-08 19:51:46    epoch  54  loss 1.4780  acc 0.3910  val_loss 1.4490  val_acc 0.4021
2026-04-08 19:51:49    epoch  55  loss 1.4802  acc 0.3935  val_loss 1.4498  val_acc 0.4073
2026-04-08 19:51:52    epoch  56  loss 1.4690  acc 0.3978  val_loss 1.4431  val_acc 0.4108
2026-04-08 19:51:54    epoch  57  loss 1.4725  acc 0.4033  val_loss 1.4419  val_acc 0.4117
2026-04-08 19:51:57    epoch  58  loss 1.4695  acc 0.4022  val_loss 1.4462  val_acc 0.4091
2026-04-08 19:52:00    epoch  59  loss 1.4708  acc 0.4027  val_loss 1.4414  val_acc 0.4012
2026-04-08 19:52:02    epoch  60  loss 1.4708  acc 0.4015  val_loss 1.4323  val_acc 0.4196
2026-04-08 19:52:05    epoch  61  loss 1.4739  acc 0.3993  val_loss 1.4375  val_acc 0.4152
2026-04-08 19:52:08    epoch  62  loss 1.4709  acc 0.4005  val_loss 1.4346  val_acc 0.4038
2026-04-08 19:52:10    epoch  63  loss 1.4756  acc 0.3973  val_loss 1.4343  val_acc 0.4100
2026-04-08 19:52:13    epoch  64  loss 1.4738  acc 0.4013  val_loss 1.4307  val_acc 0.4213
2026-04-08 19:52:16    epoch  65  loss 1.4665  acc 0.4051  val_loss 1.4347  val_acc 0.3960
2026-04-08 19:52:18    epoch  66  loss 1.4645  acc 0.4055  val_loss 1.4479  val_acc 0.4152
2026-04-08 19:52:21    epoch  67  loss 1.4737  acc 0.4011  val_loss 1.4304  val_acc 0.4126
2026-04-08 19:52:24    epoch  68  loss 1.4737  acc 0.3947  val_loss 1.4314  val_acc 0.4135
2026-04-08 19:52:26    epoch  69  loss 1.4637  acc 0.4062  val_loss 1.4295  val_acc 0.4135
2026-04-08 19:52:29    epoch  70  loss 1.4652  acc 0.4006  val_loss 1.4367  val_acc 0.4161
2026-04-08 19:52:32    epoch  71  loss 1.4684  acc 0.4023  val_loss 1.4380  val_acc 0.4292
2026-04-08 19:52:34    epoch  72  loss 1.4591  acc 0.4007  val_loss 1.4370  val_acc 0.4038
2026-04-08 19:52:37    epoch  73  loss 1.4558  acc 0.4001  val_loss 1.4245  val_acc 0.4222
2026-04-08 19:52:40    epoch  74  loss 1.4600  acc 0.4028  val_loss 1.4263  val_acc 0.4143
2026-04-08 19:52:42    epoch  75  loss 1.4569  acc 0.4053  val_loss 1.4243  val_acc 0.4248
2026-04-08 19:52:45    epoch  76  loss 1.4594  acc 0.4040  val_loss 1.4222  val_acc 0.4178
2026-04-08 19:52:48    epoch  77  loss 1.4695  acc 0.4010  val_loss 1.4234  val_acc 0.4196
2026-04-08 19:52:50    epoch  78  loss 1.4616  acc 0.3990  val_loss 1.4197  val_acc 0.4213
2026-04-08 19:52:53    epoch  79  loss 1.4505  acc 0.4097  val_loss 1.4208  val_acc 0.4170
2026-04-08 19:52:56    epoch  80  loss 1.4713  acc 0.4013  val_loss 1.4260  val_acc 0.4222
2026-04-08 19:52:58    epoch  81  loss 1.4626  acc 0.4033  val_loss 1.4205  val_acc 0.4205
2026-04-08 19:53:01    epoch  82  loss 1.4598  acc 0.4077  val_loss 1.4213  val_acc 0.4240
2026-04-08 19:53:04    epoch  83  loss 1.4548  acc 0.4121  val_loss 1.4209  val_acc 0.4222
2026-04-08 19:53:06    epoch  84  loss 1.4510  acc 0.4073  val_loss 1.4142  val_acc 0.4222
2026-04-08 19:53:09    epoch  85  loss 1.4461  acc 0.4121  val_loss 1.4149  val_acc 0.4205
2026-04-08 19:53:12    epoch  86  loss 1.4475  acc 0.4136  val_loss 1.4126  val_acc 0.4178
2026-04-08 19:53:14    epoch  87  loss 1.4487  acc 0.4086  val_loss 1.4118  val_acc 0.4257
2026-04-08 19:53:17    epoch  88  loss 1.4482  acc 0.4111  val_loss 1.4262  val_acc 0.4117
2026-04-08 19:53:20    epoch  89  loss 1.4459  acc 0.4132  val_loss 1.4115  val_acc 0.4257
2026-04-08 19:53:23    epoch  90  loss 1.4517  acc 0.4076  val_loss 1.4154  val_acc 0.4231
2026-04-08 19:53:25    epoch  91  loss 1.4460  acc 0.4153  val_loss 1.4147  val_acc 0.4353
2026-04-08 19:53:28    epoch  92  loss 1.4503  acc 0.4146  val_loss 1.4117  val_acc 0.4336
2026-04-08 19:53:30    epoch  93  loss 1.4428  acc 0.4151  val_loss 1.4111  val_acc 0.4266
2026-04-08 19:53:33    epoch  94  loss 1.4455  acc 0.4123  val_loss 1.4091  val_acc 0.4240
2026-04-08 19:53:36    epoch  95  loss 1.4499  acc 0.4093  val_loss 1.4133  val_acc 0.4187
2026-04-08 19:53:38    epoch  96  loss 1.4386  acc 0.4146  val_loss 1.4154  val_acc 0.4240
2026-04-08 19:53:41    epoch  97  loss 1.4474  acc 0.4133  val_loss 1.4102  val_acc 0.4283
2026-04-08 19:53:44    epoch  98  loss 1.4535  acc 0.4083  val_loss 1.4064  val_acc 0.4257
2026-04-08 19:53:46    epoch  99  loss 1.4456  acc 0.4086  val_loss 1.4130  val_acc 0.4301
2026-04-08 19:53:49    epoch 100  loss 1.4459  acc 0.4176  val_loss 1.4206  val_acc 0.4309
2026-04-08 19:53:49    User5 accuracy: 0.4399
2026-04-08 19:53:50  ────────────────────────────────────────────────────────────
2026-04-08 19:53:50  LOSO fold — held-out: User6 (648 test windows, 11465 train windows)
2026-04-08 19:53:53    epoch   1  loss 1.8428  acc 0.2612  val_loss 1.6146  val_acc 0.3360
2026-04-08 19:53:55    epoch   2  loss 1.7059  acc 0.2971  val_loss 1.6016  val_acc 0.3307
2026-04-08 19:53:58    epoch   3  loss 1.6631  acc 0.2989  val_loss 1.5357  val_acc 0.3604
2026-04-08 19:54:01    epoch   4  loss 1.6323  acc 0.3093  val_loss 1.5194  val_acc 0.3543
2026-04-08 19:54:03    epoch   5  loss 1.6252  acc 0.3199  val_loss 1.5210  val_acc 0.3455
2026-04-08 19:54:06    epoch   6  loss 1.6296  acc 0.3189  val_loss 1.5252  val_acc 0.3307
2026-04-08 19:54:09    epoch   7  loss 1.6099  acc 0.3300  val_loss 1.5083  val_acc 0.3613
2026-04-08 19:54:11    epoch   8  loss 1.6063  acc 0.3270  val_loss 1.5136  val_acc 0.3647
2026-04-08 19:54:14    epoch   9  loss 1.6124  acc 0.3302  val_loss 1.5043  val_acc 0.3630
2026-04-08 19:54:16    epoch  10  loss 1.5983  acc 0.3346  val_loss 1.4983  val_acc 0.3787
2026-04-08 19:54:19    epoch  11  loss 1.5861  acc 0.3447  val_loss 1.4743  val_acc 0.3866
2026-04-08 19:54:22    epoch  12  loss 1.5755  acc 0.3389  val_loss 1.5100  val_acc 0.3822
2026-04-08 19:54:24    epoch  13  loss 1.5836  acc 0.3483  val_loss 1.4770  val_acc 0.3787
2026-04-08 19:54:27    epoch  14  loss 1.5741  acc 0.3470  val_loss 1.4696  val_acc 0.3831
2026-04-08 19:54:30    epoch  15  loss 1.5832  acc 0.3487  val_loss 1.4875  val_acc 0.3743
2026-04-08 19:54:32    epoch  16  loss 1.5691  acc 0.3590  val_loss 1.5063  val_acc 0.3717
2026-04-08 19:54:35    epoch  17  loss 1.5638  acc 0.3552  val_loss 1.4963  val_acc 0.3839
2026-04-08 19:54:38    epoch  18  loss 1.5636  acc 0.3546  val_loss 1.4794  val_acc 0.3883
2026-04-08 19:54:41    epoch  19  loss 1.5547  acc 0.3619  val_loss 1.4984  val_acc 0.3726
2026-04-08 19:54:43    epoch  20  loss 1.5468  acc 0.3647  val_loss 1.4563  val_acc 0.4049
2026-04-08 19:54:46    epoch  21  loss 1.5335  acc 0.3672  val_loss 1.4358  val_acc 0.4171
2026-04-08 19:54:49    epoch  22  loss 1.5310  acc 0.3668  val_loss 1.4379  val_acc 0.4066
2026-04-08 19:54:51    epoch  23  loss 1.5317  acc 0.3712  val_loss 1.4372  val_acc 0.4005
2026-04-08 19:54:54    epoch  24  loss 1.5261  acc 0.3766  val_loss 1.4397  val_acc 0.4162
2026-04-08 19:54:57    epoch  25  loss 1.5187  acc 0.3742  val_loss 1.4273  val_acc 0.4215
2026-04-08 19:54:59    epoch  26  loss 1.5182  acc 0.3704  val_loss 1.4285  val_acc 0.4241
2026-04-08 19:55:02    epoch  27  loss 1.5146  acc 0.3809  val_loss 1.4770  val_acc 0.4005
2026-04-08 19:55:04    epoch  28  loss 1.5151  acc 0.3795  val_loss 1.4155  val_acc 0.4372
2026-04-08 19:55:07    epoch  29  loss 1.5157  acc 0.3775  val_loss 1.4222  val_acc 0.4258
2026-04-08 19:55:10    epoch  30  loss 1.5062  acc 0.3890  val_loss 1.4087  val_acc 0.4215
2026-04-08 19:55:12    epoch  31  loss 1.5013  acc 0.3879  val_loss 1.4232  val_acc 0.4284
2026-04-08 19:55:15    epoch  32  loss 1.5102  acc 0.3887  val_loss 1.4265  val_acc 0.4250
2026-04-08 19:55:18    epoch  33  loss 1.4991  acc 0.3876  val_loss 1.4081  val_acc 0.4389
2026-04-08 19:55:20    epoch  34  loss 1.4993  acc 0.3998  val_loss 1.4032  val_acc 0.4223
2026-04-08 19:55:23    epoch  35  loss 1.4925  acc 0.3924  val_loss 1.4491  val_acc 0.4215
2026-04-08 19:55:26    epoch  36  loss 1.4932  acc 0.3963  val_loss 1.3951  val_acc 0.4346
2026-04-08 19:55:28    epoch  37  loss 1.4865  acc 0.3966  val_loss 1.3959  val_acc 0.4363
2026-04-08 19:55:31    epoch  38  loss 1.4890  acc 0.3955  val_loss 1.3847  val_acc 0.4511
2026-04-08 19:55:34    epoch  39  loss 1.4762  acc 0.4039  val_loss 1.3894  val_acc 0.4564
2026-04-08 19:55:36    epoch  40  loss 1.4797  acc 0.4040  val_loss 1.3925  val_acc 0.4459
2026-04-08 19:55:39    epoch  41  loss 1.4801  acc 0.3982  val_loss 1.4585  val_acc 0.4154
2026-04-08 19:55:41    epoch  42  loss 1.4718  acc 0.4021  val_loss 1.4200  val_acc 0.4058
2026-04-08 19:55:44    epoch  43  loss 1.4736  acc 0.4055  val_loss 1.3808  val_acc 0.4389
2026-04-08 19:55:47    epoch  44  loss 1.4635  acc 0.4074  val_loss 1.3807  val_acc 0.4346
2026-04-08 19:55:49    epoch  45  loss 1.4700  acc 0.3991  val_loss 1.4051  val_acc 0.4354
2026-04-08 19:55:52    epoch  46  loss 1.4617  acc 0.4130  val_loss 1.4020  val_acc 0.4415
2026-04-08 19:55:55    epoch  47  loss 1.4631  acc 0.4082  val_loss 1.4021  val_acc 0.4154
2026-04-08 19:55:57    epoch  48  loss 1.4754  acc 0.4017  val_loss 1.4238  val_acc 0.4180
2026-04-08 19:56:00    epoch  49  loss 1.4419  acc 0.4174  val_loss 1.3669  val_acc 0.4599
2026-04-08 19:56:03    epoch  50  loss 1.4393  acc 0.4217  val_loss 1.3636  val_acc 0.4529
2026-04-08 19:56:05    epoch  51  loss 1.4472  acc 0.4179  val_loss 1.3951  val_acc 0.4529
2026-04-08 19:56:08    epoch  52  loss 1.4334  acc 0.4197  val_loss 1.3567  val_acc 0.4625
2026-04-08 19:56:11    epoch  53  loss 1.4450  acc 0.4201  val_loss 1.3580  val_acc 0.4581
2026-04-08 19:56:13    epoch  54  loss 1.4327  acc 0.4237  val_loss 1.3613  val_acc 0.4668
2026-04-08 19:56:16    epoch  55  loss 1.4412  acc 0.4220  val_loss 1.3520  val_acc 0.4651
2026-04-08 19:56:19    epoch  56  loss 1.4300  acc 0.4277  val_loss 1.3520  val_acc 0.4459
2026-04-08 19:56:21    epoch  57  loss 1.4337  acc 0.4184  val_loss 1.3517  val_acc 0.4529
2026-04-08 19:56:24    epoch  58  loss 1.4361  acc 0.4241  val_loss 1.3375  val_acc 0.4756
2026-04-08 19:56:27    epoch  59  loss 1.4305  acc 0.4194  val_loss 1.3606  val_acc 0.4485
2026-04-08 19:56:29    epoch  60  loss 1.4327  acc 0.4262  val_loss 1.3351  val_acc 0.4642
2026-04-08 19:56:32    epoch  61  loss 1.4310  acc 0.4298  val_loss 1.3419  val_acc 0.4564
2026-04-08 19:56:35    epoch  62  loss 1.4275  acc 0.4299  val_loss 1.3487  val_acc 0.4503
2026-04-08 19:56:37    epoch  63  loss 1.4219  acc 0.4308  val_loss 1.3379  val_acc 0.4642
2026-04-08 19:56:40    epoch  64  loss 1.4190  acc 0.4290  val_loss 1.3551  val_acc 0.4625
2026-04-08 19:56:42    epoch  65  loss 1.4166  acc 0.4304  val_loss 1.3997  val_acc 0.4354
2026-04-08 19:56:45    epoch  66  loss 1.4155  acc 0.4305  val_loss 1.3407  val_acc 0.4677
2026-04-08 19:56:48    epoch  67  loss 1.4115  acc 0.4299  val_loss 1.3301  val_acc 0.4712
2026-04-08 19:56:50    epoch  68  loss 1.4083  acc 0.4356  val_loss 1.3358  val_acc 0.4590
2026-04-08 19:56:53    epoch  69  loss 1.4078  acc 0.4296  val_loss 1.3288  val_acc 0.4651
2026-04-08 19:56:56    epoch  70  loss 1.4115  acc 0.4366  val_loss 1.3304  val_acc 0.4799
2026-04-08 19:56:58    epoch  71  loss 1.4117  acc 0.4329  val_loss 1.3449  val_acc 0.4599
2026-04-08 19:57:01    epoch  72  loss 1.4155  acc 0.4300  val_loss 1.3281  val_acc 0.4729
2026-04-08 19:57:04    epoch  73  loss 1.4112  acc 0.4343  val_loss 1.3275  val_acc 0.4773
2026-04-08 19:57:06    epoch  74  loss 1.4044  acc 0.4361  val_loss 1.3307  val_acc 0.4677
2026-04-08 19:57:09    epoch  75  loss 1.4038  acc 0.4279  val_loss 1.3308  val_acc 0.4721
2026-04-08 19:57:12    epoch  76  loss 1.4077  acc 0.4382  val_loss 1.3317  val_acc 0.4782
2026-04-08 19:57:14    epoch  77  loss 1.4054  acc 0.4315  val_loss 1.3345  val_acc 0.4660
2026-04-08 19:57:17    epoch  78  loss 1.4051  acc 0.4393  val_loss 1.3319  val_acc 0.4738
2026-04-08 19:57:20    epoch  79  loss 1.4049  acc 0.4369  val_loss 1.3226  val_acc 0.4747
2026-04-08 19:57:22    epoch  80  loss 1.4079  acc 0.4360  val_loss 1.3240  val_acc 0.4721
2026-04-08 19:57:25    epoch  81  loss 1.4057  acc 0.4373  val_loss 1.3233  val_acc 0.4756
2026-04-08 19:57:28    epoch  82  loss 1.3936  acc 0.4422  val_loss 1.3243  val_acc 0.4782
2026-04-08 19:57:31    epoch  83  loss 1.4017  acc 0.4346  val_loss 1.3261  val_acc 0.4712
2026-04-08 19:57:33    epoch  84  loss 1.4020  acc 0.4366  val_loss 1.3235  val_acc 0.4756
2026-04-08 19:57:36    epoch  85  loss 1.3965  acc 0.4359  val_loss 1.3242  val_acc 0.4747
2026-04-08 19:57:38    epoch  86  loss 1.3955  acc 0.4438  val_loss 1.3217  val_acc 0.4782
2026-04-08 19:57:41    epoch  87  loss 1.3843  acc 0.4434  val_loss 1.3216  val_acc 0.4747
2026-04-08 19:57:44    epoch  88  loss 1.3916  acc 0.4454  val_loss 1.3185  val_acc 0.4764
2026-04-08 19:57:46    epoch  89  loss 1.3882  acc 0.4388  val_loss 1.3207  val_acc 0.4756
2026-04-08 19:57:49    epoch  90  loss 1.3983  acc 0.4397  val_loss 1.3298  val_acc 0.4677
2026-04-08 19:57:52    epoch  91  loss 1.3948  acc 0.4384  val_loss 1.3254  val_acc 0.4686
2026-04-08 19:57:54    epoch  92  loss 1.3901  acc 0.4437  val_loss 1.3245  val_acc 0.4712
2026-04-08 19:57:57    epoch  93  loss 1.3865  acc 0.4434  val_loss 1.3239  val_acc 0.4695
2026-04-08 19:58:00    epoch  94  loss 1.3961  acc 0.4385  val_loss 1.3194  val_acc 0.4773
2026-04-08 19:58:02    epoch  95  loss 1.3875  acc 0.4398  val_loss 1.3190  val_acc 0.4747
2026-04-08 19:58:05    epoch  96  loss 1.3873  acc 0.4400  val_loss 1.3173  val_acc 0.4808
2026-04-08 19:58:08    epoch  97  loss 1.3871  acc 0.4440  val_loss 1.3173  val_acc 0.4764
2026-04-08 19:58:10    epoch  98  loss 1.3825  acc 0.4431  val_loss 1.3175  val_acc 0.4782
2026-04-08 19:58:13    epoch  99  loss 1.3939  acc 0.4366  val_loss 1.3200  val_acc 0.4791
2026-04-08 19:58:16    epoch 100  loss 1.3865  acc 0.4418  val_loss 1.3182  val_acc 0.4747
2026-04-08 19:58:16    User6 accuracy: 0.4244
2026-04-08 19:58:17  ────────────────────────────────────────────────────────────
2026-04-08 19:58:17  LOSO fold — held-out: User7 (1409 test windows, 10704 train windows)
2026-04-08 19:58:19    epoch   1  loss 1.8617  acc 0.2568  val_loss 1.7026  val_acc 0.2813
2026-04-08 19:58:22    epoch   2  loss 1.7074  acc 0.2908  val_loss 1.6237  val_acc 0.3215
2026-04-08 19:58:24    epoch   3  loss 1.6661  acc 0.2974  val_loss 1.5925  val_acc 0.3262
2026-04-08 19:58:27    epoch   4  loss 1.6436  acc 0.3084  val_loss 1.5529  val_acc 0.3308
2026-04-08 19:58:29    epoch   5  loss 1.6275  acc 0.3068  val_loss 1.5580  val_acc 0.3533
2026-04-08 19:58:32    epoch   6  loss 1.6206  acc 0.3287  val_loss 1.5977  val_acc 0.3449
2026-04-08 19:58:34    epoch   7  loss 1.6172  acc 0.3194  val_loss 1.5377  val_acc 0.3411
2026-04-08 19:58:37    epoch   8  loss 1.6264  acc 0.3146  val_loss 1.5859  val_acc 0.3542
2026-04-08 19:58:39    epoch   9  loss 1.5956  acc 0.3298  val_loss 1.5266  val_acc 0.3598
2026-04-08 19:58:42    epoch  10  loss 1.5944  acc 0.3342  val_loss 1.5558  val_acc 0.3514
2026-04-08 19:58:44    epoch  11  loss 1.5985  acc 0.3294  val_loss 1.6258  val_acc 0.3234
2026-04-08 19:58:47    epoch  12  loss 1.5890  acc 0.3375  val_loss 1.5122  val_acc 0.3710
2026-04-08 19:58:49    epoch  13  loss 1.5912  acc 0.3383  val_loss 1.5081  val_acc 0.3822
2026-04-08 19:58:52    epoch  14  loss 1.5877  acc 0.3326  val_loss 1.5137  val_acc 0.3673
2026-04-08 19:58:54    epoch  15  loss 1.5807  acc 0.3366  val_loss 1.5002  val_acc 0.3897
2026-04-08 19:58:57    epoch  16  loss 1.5851  acc 0.3421  val_loss 1.5494  val_acc 0.3458
2026-04-08 19:58:59    epoch  17  loss 1.5615  acc 0.3498  val_loss 1.4991  val_acc 0.3897
2026-04-08 19:59:02    epoch  18  loss 1.5667  acc 0.3485  val_loss 1.4827  val_acc 0.3981
2026-04-08 19:59:04    epoch  19  loss 1.5642  acc 0.3479  val_loss 1.4823  val_acc 0.4103
2026-04-08 19:59:07    epoch  20  loss 1.5479  acc 0.3556  val_loss 1.4971  val_acc 0.4131
2026-04-08 19:59:09    epoch  21  loss 1.5642  acc 0.3533  val_loss 1.4699  val_acc 0.3981
2026-04-08 19:59:12    epoch  22  loss 1.5527  acc 0.3592  val_loss 1.4922  val_acc 0.3822
2026-04-08 19:59:14    epoch  23  loss 1.5541  acc 0.3517  val_loss 1.5215  val_acc 0.3692
2026-04-08 19:59:17    epoch  24  loss 1.5451  acc 0.3599  val_loss 1.4702  val_acc 0.4065
2026-04-08 19:59:19    epoch  25  loss 1.5274  acc 0.3661  val_loss 1.4722  val_acc 0.3953
2026-04-08 19:59:21    epoch  26  loss 1.5267  acc 0.3647  val_loss 1.4592  val_acc 0.3991
2026-04-08 19:59:24    epoch  27  loss 1.5282  acc 0.3725  val_loss 1.5508  val_acc 0.3794
2026-04-08 19:59:26    epoch  28  loss 1.5192  acc 0.3761  val_loss 1.5814  val_acc 0.3701
2026-04-08 19:59:29    epoch  29  loss 1.5268  acc 0.3748  val_loss 1.5026  val_acc 0.3841
2026-04-08 19:59:31    epoch  30  loss 1.5268  acc 0.3746  val_loss 1.4744  val_acc 0.4121
2026-04-08 19:59:34    epoch  31  loss 1.5131  acc 0.3754  val_loss 1.4512  val_acc 0.4112
2026-04-08 19:59:36    epoch  32  loss 1.5158  acc 0.3812  val_loss 1.4657  val_acc 0.4037
2026-04-08 19:59:39    epoch  33  loss 1.5122  acc 0.3803  val_loss 1.5076  val_acc 0.3916
2026-04-08 19:59:41    epoch  34  loss 1.5026  acc 0.3822  val_loss 1.4320  val_acc 0.4318
2026-04-08 19:59:44    epoch  35  loss 1.5113  acc 0.3846  val_loss 1.4674  val_acc 0.4140
2026-04-08 19:59:46    epoch  36  loss 1.4947  acc 0.3905  val_loss 1.4474  val_acc 0.4215
2026-04-08 19:59:49    epoch  37  loss 1.4928  acc 0.3888  val_loss 1.4338  val_acc 0.4262
2026-04-08 19:59:51    epoch  38  loss 1.4899  acc 0.3882  val_loss 1.4477  val_acc 0.4150
2026-04-08 19:59:54    epoch  39  loss 1.4911  acc 0.3963  val_loss 1.4259  val_acc 0.4150
2026-04-08 19:59:56    epoch  40  loss 1.4896  acc 0.3926  val_loss 1.4340  val_acc 0.4280
2026-04-08 19:59:59    epoch  41  loss 1.4768  acc 0.4013  val_loss 1.3854  val_acc 0.4495
2026-04-08 20:00:01    epoch  42  loss 1.4655  acc 0.4024  val_loss 1.3786  val_acc 0.4514
2026-04-08 20:00:04    epoch  43  loss 1.4741  acc 0.3935  val_loss 1.4440  val_acc 0.4252
