2026-04-08 18:39:32  ============================================================
2026-04-08 18:39:32  cnn  |  window=100  step=50
2026-04-08 18:39:32  Device  : cuda:2
2026-04-08 18:39:32  Flatten : True
2026-04-08 18:39:32  Log     : /home/mahmudm2/codebase/ClassyGlass/scripts/benchmark/logs/cnn_W100_S50.log
2026-04-08 18:39:32  Model   : /home/mahmudm2/codebase/ClassyGlass/scripts/benchmark/models/cnn_best_W100_S50.pth
2026-04-08 18:39:32  Figures : /home/mahmudm2/codebase/ClassyGlass/scripts/benchmark/figures
2026-04-08 18:39:32  ============================================================
2026-04-08 18:39:36  Loaded 29494 windows | window=100  step=50 | 129 experiments | 12 subjects | 0 experiments skipped
2026-04-08 18:39:36  ────────────────────────────────────────────────────────────
2026-04-08 18:39:36  LOSO fold — held-out: User1 (1704 test windows, 27790 train windows)
2026-04-08 18:39:45    epoch   1  loss 1.8267  acc 0.2579  val_loss 1.6521  val_acc 0.3019
2026-04-08 18:39:51    epoch   2  loss 1.7259  acc 0.2831  val_loss 1.6644  val_acc 0.3051
2026-04-08 18:39:58    epoch   3  loss 1.7112  acc 0.2963  val_loss 1.6249  val_acc 0.3159
2026-04-08 18:40:04    epoch   4  loss 1.6972  acc 0.2974  val_loss 1.6083  val_acc 0.3224
2026-04-08 18:40:10    epoch   5  loss 1.6889  acc 0.3055  val_loss 1.6002  val_acc 0.3404
2026-04-08 18:40:16    epoch   6  loss 1.6830  acc 0.3138  val_loss 1.6075  val_acc 0.3253
2026-04-08 18:40:23    epoch   7  loss 1.6740  acc 0.3113  val_loss 1.5803  val_acc 0.3516
2026-04-08 18:40:29    epoch   8  loss 1.6702  acc 0.3159  val_loss 1.5950  val_acc 0.3332
2026-04-08 18:40:36    epoch   9  loss 1.6699  acc 0.3210  val_loss 1.5844  val_acc 0.3501
2026-04-08 18:40:42    epoch  10  loss 1.6588  acc 0.3225  val_loss 1.5670  val_acc 0.3577
2026-04-08 18:40:49    epoch  11  loss 1.6569  acc 0.3258  val_loss 1.5864  val_acc 0.3498
2026-04-08 18:40:55    epoch  12  loss 1.6531  acc 0.3266  val_loss 1.5682  val_acc 0.3591
2026-04-08 18:41:02    epoch  13  loss 1.6508  acc 0.3297  val_loss 1.5635  val_acc 0.3616
2026-04-08 18:41:08    epoch  14  loss 1.6495  acc 0.3287  val_loss 1.5735  val_acc 0.3606
2026-04-08 18:41:15    epoch  15  loss 1.6440  acc 0.3313  val_loss 1.5584  val_acc 0.3663
2026-04-08 18:41:21    epoch  16  loss 1.6456  acc 0.3323  val_loss 1.6389  val_acc 0.3379
2026-04-08 18:41:27    epoch  17  loss 1.6323  acc 0.3375  val_loss 1.5504  val_acc 0.3656
2026-04-08 18:41:34    epoch  18  loss 1.6332  acc 0.3332  val_loss 1.5523  val_acc 0.3699
2026-04-08 18:41:40    epoch  19  loss 1.6338  acc 0.3357  val_loss 1.5527  val_acc 0.3624
2026-04-08 18:41:46    epoch  20  loss 1.6235  acc 0.3446  val_loss 1.5552  val_acc 0.3663
2026-04-08 18:41:53    epoch  21  loss 1.6224  acc 0.3423  val_loss 1.5479  val_acc 0.3706
2026-04-08 18:41:59    epoch  22  loss 1.6226  acc 0.3441  val_loss 1.5672  val_acc 0.3627
2026-04-08 18:42:05    epoch  23  loss 1.6173  acc 0.3412  val_loss 1.5580  val_acc 0.3678
2026-04-08 18:42:11    epoch  24  loss 1.6202  acc 0.3388  val_loss 1.5288  val_acc 0.3883
2026-04-08 18:42:17    epoch  25  loss 1.6126  acc 0.3443  val_loss 1.5218  val_acc 0.3897
2026-04-08 18:42:24    epoch  26  loss 1.6117  acc 0.3482  val_loss 1.5132  val_acc 0.3858
2026-04-08 18:42:30    epoch  27  loss 1.6041  acc 0.3488  val_loss 1.5309  val_acc 0.3696
2026-04-08 18:42:36    epoch  28  loss 1.6025  acc 0.3473  val_loss 1.5246  val_acc 0.3886
2026-04-08 18:42:42    epoch  29  loss 1.6032  acc 0.3488  val_loss 1.5170  val_acc 0.3868
2026-04-08 18:42:49    epoch  30  loss 1.5972  acc 0.3518  val_loss 1.5354  val_acc 0.3836
2026-04-08 18:42:55    epoch  31  loss 1.6003  acc 0.3519  val_loss 1.5068  val_acc 0.3858
2026-04-08 18:43:02    epoch  32  loss 1.5971  acc 0.3556  val_loss 1.5195  val_acc 0.3832
2026-04-08 18:43:08    epoch  33  loss 1.5952  acc 0.3509  val_loss 1.4934  val_acc 0.3983
2026-04-08 18:43:14    epoch  34  loss 1.5997  acc 0.3460  val_loss 1.5103  val_acc 0.3897
2026-04-08 18:43:21    epoch  35  loss 1.5875  acc 0.3553  val_loss 1.4931  val_acc 0.3926
2026-04-08 18:43:27    epoch  36  loss 1.5884  acc 0.3592  val_loss 1.4939  val_acc 0.3926
2026-04-08 18:43:34    epoch  37  loss 1.5856  acc 0.3590  val_loss 1.5806  val_acc 0.3620
2026-04-08 18:43:40    epoch  38  loss 1.5828  acc 0.3622  val_loss 1.5022  val_acc 0.3915
2026-04-08 18:43:47    epoch  39  loss 1.5811  acc 0.3596  val_loss 1.5019  val_acc 0.3897
2026-04-08 18:43:53    epoch  40  loss 1.5775  acc 0.3607  val_loss 1.4842  val_acc 0.3969
2026-04-08 18:44:00    epoch  41  loss 1.5735  acc 0.3635  val_loss 1.4818  val_acc 0.4099
2026-04-08 18:44:06    epoch  42  loss 1.5786  acc 0.3602  val_loss 1.4789  val_acc 0.4030
2026-04-08 18:44:13    epoch  43  loss 1.5750  acc 0.3653  val_loss 1.4849  val_acc 0.4077
2026-04-08 18:44:19    epoch  44  loss 1.5703  acc 0.3670  val_loss 1.4819  val_acc 0.4045
2026-04-08 18:44:25    epoch  45  loss 1.5749  acc 0.3657  val_loss 1.4880  val_acc 0.4055
2026-04-08 18:44:31    epoch  46  loss 1.5722  acc 0.3651  val_loss 1.4754  val_acc 0.4084
2026-04-08 18:44:38    epoch  47  loss 1.5684  acc 0.3642  val_loss 1.4922  val_acc 0.3940
2026-04-08 18:44:44    epoch  48  loss 1.5650  acc 0.3708  val_loss 1.4903  val_acc 0.3991
2026-04-08 18:44:50    epoch  49  loss 1.5671  acc 0.3674  val_loss 1.4967  val_acc 0.3933
2026-04-08 18:44:56    epoch  50  loss 1.5642  acc 0.3712  val_loss 1.4844  val_acc 0.3980
2026-04-08 18:45:03    epoch  51  loss 1.5609  acc 0.3693  val_loss 1.4871  val_acc 0.3937
2026-04-08 18:45:09    epoch  52  loss 1.5504  acc 0.3721  val_loss 1.4589  val_acc 0.4171
2026-04-08 18:45:15    epoch  53  loss 1.5460  acc 0.3752  val_loss 1.4614  val_acc 0.4091
2026-04-08 18:45:21    epoch  54  loss 1.5430  acc 0.3806  val_loss 1.4538  val_acc 0.4117
2026-04-08 18:45:28    epoch  55  loss 1.5438  acc 0.3812  val_loss 1.4733  val_acc 0.4145
2026-04-08 18:45:34    epoch  56  loss 1.5407  acc 0.3752  val_loss 1.4508  val_acc 0.4135
2026-04-08 18:45:40    epoch  57  loss 1.5420  acc 0.3815  val_loss 1.4637  val_acc 0.4099
2026-04-08 18:45:46    epoch  58  loss 1.5361  acc 0.3823  val_loss 1.4580  val_acc 0.4171
2026-04-08 18:45:52    epoch  59  loss 1.5438  acc 0.3802  val_loss 1.4529  val_acc 0.4109
2026-04-08 18:45:59    epoch  60  loss 1.5409  acc 0.3795  val_loss 1.4470  val_acc 0.4178
2026-04-08 18:46:05    epoch  61  loss 1.5355  acc 0.3820  val_loss 1.4733  val_acc 0.4142
2026-04-08 18:46:11    epoch  62  loss 1.5318  acc 0.3778  val_loss 1.4758  val_acc 0.4081
2026-04-08 18:46:17    epoch  63  loss 1.5297  acc 0.3861  val_loss 1.4463  val_acc 0.4178
2026-04-08 18:46:23    epoch  64  loss 1.5327  acc 0.3846  val_loss 1.4575  val_acc 0.4138
2026-04-08 18:46:30    epoch  65  loss 1.5288  acc 0.3835  val_loss 1.4443  val_acc 0.4174
2026-04-08 18:46:36    epoch  66  loss 1.5288  acc 0.3786  val_loss 1.4462  val_acc 0.4138
2026-04-08 18:46:42    epoch  67  loss 1.5332  acc 0.3857  val_loss 1.4457  val_acc 0.4138
2026-04-08 18:46:48    epoch  68  loss 1.5263  acc 0.3857  val_loss 1.4349  val_acc 0.4225
2026-04-08 18:46:54    epoch  69  loss 1.5243  acc 0.3850  val_loss 1.4516  val_acc 0.4127
2026-04-08 18:47:01    epoch  70  loss 1.5245  acc 0.3846  val_loss 1.4455  val_acc 0.4160
2026-04-08 18:47:07    epoch  71  loss 1.5294  acc 0.3836  val_loss 1.4399  val_acc 0.4174
2026-04-08 18:47:13    epoch  72  loss 1.5320  acc 0.3837  val_loss 1.4499  val_acc 0.4199
2026-04-08 18:47:19    epoch  73  loss 1.5222  acc 0.3881  val_loss 1.4507  val_acc 0.4081
2026-04-08 18:47:26    epoch  74  loss 1.5157  acc 0.3927  val_loss 1.4388  val_acc 0.4235
2026-04-08 18:47:32    epoch  75  loss 1.5144  acc 0.3897  val_loss 1.4322  val_acc 0.4235
2026-04-08 18:47:38    epoch  76  loss 1.5163  acc 0.3849  val_loss 1.4361  val_acc 0.4210
2026-04-08 18:47:44    epoch  77  loss 1.5114  acc 0.3948  val_loss 1.4352  val_acc 0.4235
2026-04-08 18:47:50    epoch  78  loss 1.5111  acc 0.3888  val_loss 1.4330  val_acc 0.4268
2026-04-08 18:47:57    epoch  79  loss 1.5084  acc 0.3962  val_loss 1.4314  val_acc 0.4289
2026-04-08 18:48:03    epoch  80  loss 1.5063  acc 0.3956  val_loss 1.4377  val_acc 0.4214
2026-04-08 18:48:09    epoch  81  loss 1.5063  acc 0.3956  val_loss 1.4223  val_acc 0.4297
2026-04-08 18:48:15    epoch  82  loss 1.5131  acc 0.3901  val_loss 1.4309  val_acc 0.4235
2026-04-08 18:48:22    epoch  83  loss 1.5094  acc 0.3933  val_loss 1.4229  val_acc 0.4257
2026-04-08 18:48:28    epoch  84  loss 1.5068  acc 0.3951  val_loss 1.4556  val_acc 0.4171
2026-04-08 18:48:34    epoch  85  loss 1.5085  acc 0.3949  val_loss 1.4447  val_acc 0.4167
2026-04-08 18:48:40    epoch  86  loss 1.5077  acc 0.3976  val_loss 1.4248  val_acc 0.4257
2026-04-08 18:48:47    epoch  87  loss 1.5087  acc 0.3943  val_loss 1.4258  val_acc 0.4239
2026-04-08 18:48:53    epoch  88  loss 1.5008  acc 0.3973  val_loss 1.4299  val_acc 0.4282
2026-04-08 18:48:59    epoch  89  loss 1.4964  acc 0.3995  val_loss 1.4222  val_acc 0.4289
2026-04-08 18:49:05    epoch  90  loss 1.5004  acc 0.3966  val_loss 1.4320  val_acc 0.4289
2026-04-08 18:49:11    epoch  91  loss 1.5000  acc 0.3953  val_loss 1.4306  val_acc 0.4286
2026-04-08 18:49:17    epoch  92  loss 1.4959  acc 0.4018  val_loss 1.4185  val_acc 0.4279
2026-04-08 18:49:24    epoch  93  loss 1.4977  acc 0.3994  val_loss 1.4228  val_acc 0.4297
2026-04-08 18:49:30    epoch  94  loss 1.4990  acc 0.3985  val_loss 1.4198  val_acc 0.4304
2026-04-08 18:49:36    epoch  95  loss 1.4980  acc 0.3991  val_loss 1.4193  val_acc 0.4304
2026-04-08 18:49:42    epoch  96  loss 1.4983  acc 0.4001  val_loss 1.4324  val_acc 0.4286
2026-04-08 18:49:48    epoch  97  loss 1.4978  acc 0.4008  val_loss 1.4204  val_acc 0.4293
2026-04-08 18:49:55    epoch  98  loss 1.4968  acc 0.3983  val_loss 1.4159  val_acc 0.4261
2026-04-08 18:50:01    epoch  99  loss 1.4973  acc 0.3995  val_loss 1.4189  val_acc 0.4300
2026-04-08 18:50:07    epoch 100  loss 1.4946  acc 0.3999  val_loss 1.4174  val_acc 0.4307
2026-04-08 18:50:07    User1 accuracy: 0.3028
2026-04-08 18:50:07    ✓ New best model saved (User1 held out, acc=0.3028)
2026-04-08 18:50:08  ────────────────────────────────────────────────────────────
2026-04-08 18:50:08  LOSO fold — held-out: User2 (1572 test windows, 27922 train windows)
2026-04-08 18:50:14    epoch   1  loss 1.8541  acc 0.2547  val_loss 1.7070  val_acc 0.2991
2026-04-08 18:50:20    epoch   2  loss 1.7452  acc 0.2869  val_loss 1.7084  val_acc 0.2840
2026-04-08 18:50:26    epoch   3  loss 1.7291  acc 0.2966  val_loss 1.6721  val_acc 0.3034
2026-04-08 18:50:33    epoch   4  loss 1.7201  acc 0.2981  val_loss 1.6674  val_acc 0.3134
2026-04-08 18:50:39    epoch   5  loss 1.7144  acc 0.2999  val_loss 1.6682  val_acc 0.2973
2026-04-08 18:50:45    epoch   6  loss 1.7072  acc 0.3034  val_loss 1.6626  val_acc 0.3027
2026-04-08 18:50:51    epoch   7  loss 1.6998  acc 0.3050  val_loss 1.7092  val_acc 0.3198
2026-04-08 18:50:58    epoch   8  loss 1.6932  acc 0.3091  val_loss 1.6458  val_acc 0.3152
2026-04-08 18:51:04    epoch   9  loss 1.6920  acc 0.3086  val_loss 1.6506  val_acc 0.3234
2026-04-08 18:51:10    epoch  10  loss 1.6906  acc 0.3114  val_loss 1.6479  val_acc 0.3245
2026-04-08 18:51:16    epoch  11  loss 1.6835  acc 0.3178  val_loss 1.6597  val_acc 0.3259
2026-04-08 18:51:22    epoch  12  loss 1.6817  acc 0.3190  val_loss 1.6625  val_acc 0.3202
2026-04-08 18:51:29    epoch  13  loss 1.6768  acc 0.3201  val_loss 1.6556  val_acc 0.3227
2026-04-08 18:51:35    epoch  14  loss 1.6659  acc 0.3251  val_loss 1.6206  val_acc 0.3295
2026-04-08 18:51:41    epoch  15  loss 1.6579  acc 0.3279  val_loss 1.6308  val_acc 0.3313
2026-04-08 18:51:47    epoch  16  loss 1.6619  acc 0.3285  val_loss 1.6264  val_acc 0.3349
2026-04-08 18:51:53    epoch  17  loss 1.6575  acc 0.3292  val_loss 1.6359  val_acc 0.3399
2026-04-08 18:52:00    epoch  18  loss 1.6564  acc 0.3315  val_loss 1.6044  val_acc 0.3460
2026-04-08 18:52:06    epoch  19  loss 1.6464  acc 0.3351  val_loss 1.6261  val_acc 0.3360
2026-04-08 18:52:12    epoch  20  loss 1.6478  acc 0.3341  val_loss 1.6204  val_acc 0.3403
2026-04-08 18:52:18    epoch  21  loss 1.6497  acc 0.3318  val_loss 1.6169  val_acc 0.3424
2026-04-08 18:52:25    epoch  22  loss 1.6385  acc 0.3364  val_loss 1.6236  val_acc 0.3417
2026-04-08 18:52:31    epoch  23  loss 1.6400  acc 0.3372  val_loss 1.6033  val_acc 0.3424
2026-04-08 18:52:37    epoch  24  loss 1.6370  acc 0.3412  val_loss 1.6100  val_acc 0.3324
2026-04-08 18:52:43    epoch  25  loss 1.6330  acc 0.3422  val_loss 1.6595  val_acc 0.3227
2026-04-08 18:52:50    epoch  26  loss 1.6330  acc 0.3445  val_loss 1.5930  val_acc 0.3582
2026-04-08 18:52:56    epoch  27  loss 1.6348  acc 0.3467  val_loss 1.5941  val_acc 0.3392
2026-04-08 18:53:02    epoch  28  loss 1.6269  acc 0.3458  val_loss 1.5943  val_acc 0.3471
2026-04-08 18:53:08    epoch  29  loss 1.6273  acc 0.3443  val_loss 1.5872  val_acc 0.3496
2026-04-08 18:53:15    epoch  30  loss 1.6232  acc 0.3454  val_loss 1.5838  val_acc 0.3607
2026-04-08 18:53:21    epoch  31  loss 1.6213  acc 0.3539  val_loss 1.5828  val_acc 0.3535
2026-04-08 18:53:27    epoch  32  loss 1.6180  acc 0.3524  val_loss 1.5746  val_acc 0.3703
2026-04-08 18:53:33    epoch  33  loss 1.6162  acc 0.3497  val_loss 1.5881  val_acc 0.3678
2026-04-08 18:53:40    epoch  34  loss 1.6136  acc 0.3518  val_loss 1.5671  val_acc 0.3714
2026-04-08 18:53:46    epoch  35  loss 1.6176  acc 0.3540  val_loss 1.5788  val_acc 0.3621
2026-04-08 18:53:52    epoch  36  loss 1.6124  acc 0.3551  val_loss 1.5682  val_acc 0.3750
2026-04-08 18:53:58    epoch  37  loss 1.6122  acc 0.3531  val_loss 1.5779  val_acc 0.3689
2026-04-08 18:54:05    epoch  38  loss 1.6114  acc 0.3530  val_loss 1.5690  val_acc 0.3761
2026-04-08 18:54:11    epoch  39  loss 1.6133  acc 0.3523  val_loss 1.6221  val_acc 0.3603
2026-04-08 18:54:18    epoch  40  loss 1.6019  acc 0.3573  val_loss 1.5544  val_acc 0.3761
2026-04-08 18:54:24    epoch  41  loss 1.5961  acc 0.3633  val_loss 1.5594  val_acc 0.3736
2026-04-08 18:54:30    epoch  42  loss 1.5946  acc 0.3611  val_loss 1.5734  val_acc 0.3686
2026-04-08 18:54:37    epoch  43  loss 1.5938  acc 0.3604  val_loss 1.5526  val_acc 0.3746
2026-04-08 18:54:43    epoch  44  loss 1.5929  acc 0.3602  val_loss 1.5463  val_acc 0.3804
2026-04-08 18:54:49    epoch  45  loss 1.5882  acc 0.3612  val_loss 1.5526  val_acc 0.3757
2026-04-08 18:54:56    epoch  46  loss 1.5960  acc 0.3608  val_loss 1.5449  val_acc 0.3861
2026-04-08 18:55:02    epoch  47  loss 1.5863  acc 0.3628  val_loss 1.5510  val_acc 0.3775
2026-04-08 18:55:08    epoch  48  loss 1.5852  acc 0.3659  val_loss 1.5609  val_acc 0.3725
2026-04-08 18:55:15    epoch  49  loss 1.5914  acc 0.3626  val_loss 1.5428  val_acc 0.3904
2026-04-08 18:55:21    epoch  50  loss 1.5913  acc 0.3654  val_loss 1.5472  val_acc 0.3865
2026-04-08 18:55:27    epoch  51  loss 1.5841  acc 0.3646  val_loss 1.5525  val_acc 0.3696
2026-04-08 18:55:33    epoch  52  loss 1.5872  acc 0.3652  val_loss 1.5471  val_acc 0.3703
2026-04-08 18:55:40    epoch  53  loss 1.5865  acc 0.3655  val_loss 1.5492  val_acc 0.3754
2026-04-08 18:55:46    epoch  54  loss 1.5857  acc 0.3673  val_loss 1.5465  val_acc 0.3761
2026-04-08 18:55:52    epoch  55  loss 1.5771  acc 0.3704  val_loss 1.5518  val_acc 0.3822
2026-04-08 18:55:58    epoch  56  loss 1.5738  acc 0.3715  val_loss 1.5330  val_acc 0.3829
2026-04-08 18:56:05    epoch  57  loss 1.5735  acc 0.3708  val_loss 1.5331  val_acc 0.3926
2026-04-08 18:56:11    epoch  58  loss 1.5776  acc 0.3683  val_loss 1.5450  val_acc 0.3811
2026-04-08 18:56:17    epoch  59  loss 1.5746  acc 0.3699  val_loss 1.5330  val_acc 0.3804
2026-04-08 18:56:23    epoch  60  loss 1.5728  acc 0.3661  val_loss 1.5370  val_acc 0.3854
2026-04-08 18:56:30    epoch  61  loss 1.5774  acc 0.3717  val_loss 1.5438  val_acc 0.3843
2026-04-08 18:56:36    epoch  62  loss 1.5692  acc 0.3694  val_loss 1.5431  val_acc 0.3875
2026-04-08 18:56:42    epoch  63  loss 1.5746  acc 0.3686  val_loss 1.5297  val_acc 0.3922
2026-04-08 18:56:48    epoch  64  loss 1.5712  acc 0.3731  val_loss 1.5299  val_acc 0.3940
2026-04-08 18:56:54    epoch  65  loss 1.5691  acc 0.3773  val_loss 1.5298  val_acc 0.3883
2026-04-08 18:57:01    epoch  66  loss 1.5714  acc 0.3719  val_loss 1.5287  val_acc 0.3890
2026-04-08 18:57:07    epoch  67  loss 1.5759  acc 0.3698  val_loss 1.5562  val_acc 0.3711
2026-04-08 18:57:13    epoch  68  loss 1.5672  acc 0.3726  val_loss 1.5312  val_acc 0.3883
2026-04-08 18:57:19    epoch  69  loss 1.5691  acc 0.3739  val_loss 1.5307  val_acc 0.3857
2026-04-08 18:57:25    epoch  70  loss 1.5694  acc 0.3719  val_loss 1.5305  val_acc 0.3875
2026-04-08 18:57:31    epoch  71  loss 1.5679  acc 0.3731  val_loss 1.5309  val_acc 0.3879
2026-04-08 18:57:38    epoch  72  loss 1.5641  acc 0.3714  val_loss 1.5341  val_acc 0.3900
2026-04-08 18:57:44    epoch  73  loss 1.5610  acc 0.3737  val_loss 1.5307  val_acc 0.3879
2026-04-08 18:57:50    epoch  74  loss 1.5699  acc 0.3698  val_loss 1.5302  val_acc 0.3883
2026-04-08 18:57:50    Early stopping at epoch 74
2026-04-08 18:57:50    User2 accuracy: 0.4472
2026-04-08 18:57:50    ✓ New best model saved (User2 held out, acc=0.4472)
2026-04-08 18:57:51  ────────────────────────────────────────────────────────────
2026-04-08 18:57:51  LOSO fold — held-out: User3 (1568 test windows, 27926 train windows)
2026-04-08 18:57:57    epoch   1  loss 1.8439  acc 0.2561  val_loss 1.7221  val_acc 0.2894
2026-04-08 18:58:03    epoch   2  loss 1.7484  acc 0.2862  val_loss 1.6770  val_acc 0.2973
2026-04-08 18:58:10    epoch   3  loss 1.7277  acc 0.2945  val_loss 1.6625  val_acc 0.3191
2026-04-08 18:58:16    epoch   4  loss 1.7170  acc 0.2998  val_loss 1.6633  val_acc 0.3102
2026-04-08 18:58:22    epoch   5  loss 1.7091  acc 0.3036  val_loss 1.6517  val_acc 0.3202
2026-04-08 18:58:28    epoch   6  loss 1.7006  acc 0.3068  val_loss 1.6629  val_acc 0.3130
2026-04-08 18:58:35    epoch   7  loss 1.6992  acc 0.3097  val_loss 1.6561  val_acc 0.3349
2026-04-08 18:58:41    epoch   8  loss 1.6958  acc 0.3090  val_loss 1.6344  val_acc 0.3342
2026-04-08 18:58:47    epoch   9  loss 1.6844  acc 0.3140  val_loss 1.6520  val_acc 0.3181
2026-04-08 18:58:54    epoch  10  loss 1.6870  acc 0.3195  val_loss 1.6352  val_acc 0.3349
2026-04-08 18:59:00    epoch  11  loss 1.6794  acc 0.3211  val_loss 1.6336  val_acc 0.3309
2026-04-08 18:59:06    epoch  12  loss 1.6802  acc 0.3221  val_loss 1.6330  val_acc 0.3442
2026-04-08 18:59:12    epoch  13  loss 1.6710  acc 0.3275  val_loss 1.6360  val_acc 0.3474
2026-04-08 18:59:19    epoch  14  loss 1.6698  acc 0.3268  val_loss 1.6212  val_acc 0.3446
2026-04-08 18:59:25    epoch  15  loss 1.6616  acc 0.3314  val_loss 1.6245  val_acc 0.3514
2026-04-08 18:59:31    epoch  16  loss 1.6618  acc 0.3302  val_loss 1.6104  val_acc 0.3510
2026-04-08 18:59:37    epoch  17  loss 1.6571  acc 0.3315  val_loss 1.6196  val_acc 0.3492
2026-04-08 18:59:44    epoch  18  loss 1.6546  acc 0.3352  val_loss 1.6132  val_acc 0.3428
2026-04-08 18:59:50    epoch  19  loss 1.6521  acc 0.3366  val_loss 1.6031  val_acc 0.3517
2026-04-08 18:59:56    epoch  20  loss 1.6446  acc 0.3387  val_loss 1.5944  val_acc 0.3503
2026-04-08 19:00:02    epoch  21  loss 1.6521  acc 0.3400  val_loss 1.5930  val_acc 0.3660
2026-04-08 19:00:09    epoch  22  loss 1.6381  acc 0.3412  val_loss 1.5998  val_acc 0.3517
2026-04-08 19:00:15    epoch  23  loss 1.6408  acc 0.3372  val_loss 1.6000  val_acc 0.3560
2026-04-08 19:00:21    epoch  24  loss 1.6351  acc 0.3427  val_loss 1.5953  val_acc 0.3621
2026-04-08 19:00:27    epoch  25  loss 1.6341  acc 0.3449  val_loss 1.5800  val_acc 0.3682
2026-04-08 19:00:34    epoch  26  loss 1.6292  acc 0.3484  val_loss 1.5841  val_acc 0.3660
2026-04-08 19:00:40    epoch  27  loss 1.6290  acc 0.3450  val_loss 1.5841  val_acc 0.3696
2026-04-08 19:00:46    epoch  28  loss 1.6234  acc 0.3477  val_loss 1.5833  val_acc 0.3650
2026-04-08 19:00:52    epoch  29  loss 1.6179  acc 0.3502  val_loss 1.5669  val_acc 0.3757
2026-04-08 19:00:59    epoch  30  loss 1.6204  acc 0.3512  val_loss 1.5621  val_acc 0.3775
2026-04-08 19:01:05    epoch  31  loss 1.6169  acc 0.3517  val_loss 1.5712  val_acc 0.3771
2026-04-08 19:01:11    epoch  32  loss 1.6178  acc 0.3538  val_loss 1.5643  val_acc 0.3729
2026-04-08 19:01:18    epoch  33  loss 1.6141  acc 0.3518  val_loss 1.5596  val_acc 0.3711
2026-04-08 19:01:24    epoch  34  loss 1.6099  acc 0.3556  val_loss 1.5812  val_acc 0.3707
2026-04-08 19:01:30    epoch  35  loss 1.6068  acc 0.3571  val_loss 1.5843  val_acc 0.3625
2026-04-08 19:01:36    epoch  36  loss 1.6025  acc 0.3594  val_loss 1.5442  val_acc 0.3865
2026-04-08 19:01:43    epoch  37  loss 1.6012  acc 0.3567  val_loss 1.5489  val_acc 0.3764
2026-04-08 19:01:49    epoch  38  loss 1.5979  acc 0.3573  val_loss 1.5798  val_acc 0.3714
2026-04-08 19:01:55    epoch  39  loss 1.6044  acc 0.3569  val_loss 1.6411  val_acc 0.3424
2026-04-08 19:02:01    epoch  40  loss 1.5984  acc 0.3620  val_loss 1.5573  val_acc 0.3782
2026-04-08 19:02:08    epoch  41  loss 1.5974  acc 0.3595  val_loss 1.5549  val_acc 0.3782
2026-04-08 19:02:15    epoch  42  loss 1.5745  acc 0.3692  val_loss 1.5407  val_acc 0.3746
2026-04-08 19:02:21    epoch  43  loss 1.5768  acc 0.3662  val_loss 1.5252  val_acc 0.3947
2026-04-08 19:02:27    epoch  44  loss 1.5760  acc 0.3687  val_loss 1.5345  val_acc 0.3857
2026-04-08 19:02:34    epoch  45  loss 1.5705  acc 0.3734  val_loss 1.5327  val_acc 0.3883
2026-04-08 19:02:40    epoch  46  loss 1.5678  acc 0.3714  val_loss 1.5296  val_acc 0.3865
2026-04-08 19:02:46    epoch  47  loss 1.5664  acc 0.3724  val_loss 1.5298  val_acc 0.3868
2026-04-08 19:02:52    epoch  48  loss 1.5660  acc 0.3738  val_loss 1.5388  val_acc 0.3807
2026-04-08 19:02:59    epoch  49  loss 1.5569  acc 0.3781  val_loss 1.5114  val_acc 0.3947
2026-04-08 19:03:05    epoch  50  loss 1.5514  acc 0.3797  val_loss 1.5299  val_acc 0.3875
2026-04-08 19:03:11    epoch  51  loss 1.5543  acc 0.3791  val_loss 1.5155  val_acc 0.3900
2026-04-08 19:03:17    epoch  52  loss 1.5551  acc 0.3783  val_loss 1.5129  val_acc 0.3897
2026-04-08 19:03:24    epoch  53  loss 1.5488  acc 0.3810  val_loss 1.5062  val_acc 0.4004
2026-04-08 19:03:30    epoch  54  loss 1.5542  acc 0.3783  val_loss 1.5271  val_acc 0.3883
2026-04-08 19:03:36    epoch  55  loss 1.5484  acc 0.3816  val_loss 1.5165  val_acc 0.3872
2026-04-08 19:03:42    epoch  56  loss 1.5545  acc 0.3797  val_loss 1.5117  val_acc 0.3940
2026-04-08 19:03:49    epoch  57  loss 1.5494  acc 0.3812  val_loss 1.5234  val_acc 0.3893
2026-04-08 19:03:55    epoch  58  loss 1.5482  acc 0.3799  val_loss 1.5186  val_acc 0.3854
2026-04-08 19:04:01    epoch  59  loss 1.5446  acc 0.3812  val_loss 1.5124  val_acc 0.3943
2026-04-08 19:04:07    epoch  60  loss 1.5400  acc 0.3845  val_loss 1.5332  val_acc 0.3900
2026-04-08 19:04:14    epoch  61  loss 1.5414  acc 0.3847  val_loss 1.5110  val_acc 0.3908
2026-04-08 19:04:14    Early stopping at epoch 61
2026-04-08 19:04:14    User3 accuracy: 0.4209
2026-04-08 19:04:14  ────────────────────────────────────────────────────────────
2026-04-08 19:04:14  LOSO fold — held-out: User4 (1657 test windows, 27837 train windows)
2026-04-08 19:04:21    epoch   1  loss 1.8567  acc 0.2546  val_loss 1.7180  val_acc 0.3166
2026-04-08 19:04:27    epoch   2  loss 1.7489  acc 0.2872  val_loss 1.6908  val_acc 0.2982
2026-04-08 19:04:33    epoch   3  loss 1.7311  acc 0.2981  val_loss 1.6553  val_acc 0.3194
2026-04-08 19:04:39    epoch   4  loss 1.7220  acc 0.3031  val_loss 1.6600  val_acc 0.3101
2026-04-08 19:04:45    epoch   5  loss 1.7158  acc 0.3046  val_loss 1.6299  val_acc 0.3363
2026-04-08 19:04:52    epoch   6  loss 1.7111  acc 0.3115  val_loss 1.6454  val_acc 0.3209
2026-04-08 19:04:58    epoch   7  loss 1.7046  acc 0.3128  val_loss 1.6441  val_acc 0.3173
2026-04-08 19:05:04    epoch   8  loss 1.7042  acc 0.3086  val_loss 1.6354  val_acc 0.3403
2026-04-08 19:05:10    epoch   9  loss 1.6954  acc 0.3203  val_loss 1.6274  val_acc 0.3259
2026-04-08 19:05:16    epoch  10  loss 1.6943  acc 0.3171  val_loss 1.6495  val_acc 0.3227
2026-04-08 19:05:23    epoch  11  loss 1.6929  acc 0.3214  val_loss 1.6377  val_acc 0.3335
2026-04-08 19:05:29    epoch  12  loss 1.6865  acc 0.3181  val_loss 1.6368  val_acc 0.3259
2026-04-08 19:05:35    epoch  13  loss 1.6848  acc 0.3248  val_loss 1.6293  val_acc 0.3460
2026-04-08 19:05:41    epoch  14  loss 1.6751  acc 0.3258  val_loss 1.6240  val_acc 0.3302
2026-04-08 19:05:47    epoch  15  loss 1.6736  acc 0.3282  val_loss 1.6093  val_acc 0.3496
2026-04-08 19:05:54    epoch  16  loss 1.6809  acc 0.3279  val_loss 1.6200  val_acc 0.3421
2026-04-08 19:06:00    epoch  17  loss 1.6721  acc 0.3293  val_loss 1.6441  val_acc 0.3352
2026-04-08 19:06:06    epoch  18  loss 1.6715  acc 0.3320  val_loss 1.6100  val_acc 0.3460
2026-04-08 19:06:12    epoch  19  loss 1.6630  acc 0.3335  val_loss 1.6004  val_acc 0.3525
2026-04-08 19:06:18    epoch  20  loss 1.6616  acc 0.3368  val_loss 1.6035  val_acc 0.3410
2026-04-08 19:06:25    epoch  21  loss 1.6623  acc 0.3342  val_loss 1.6176  val_acc 0.3485
2026-04-08 19:06:31    epoch  22  loss 1.6565  acc 0.3368  val_loss 1.5979  val_acc 0.3457
2026-04-08 19:06:37    epoch  23  loss 1.6601  acc 0.3365  val_loss 1.5945  val_acc 0.3622
2026-04-08 19:06:43    epoch  24  loss 1.6495  acc 0.3418  val_loss 1.5846  val_acc 0.3507
2026-04-08 19:06:50    epoch  25  loss 1.6472  acc 0.3426  val_loss 1.5928  val_acc 0.3518
2026-04-08 19:06:56    epoch  26  loss 1.6508  acc 0.3421  val_loss 1.5845  val_acc 0.3525
2026-04-08 19:07:02    epoch  27  loss 1.6421  acc 0.3439  val_loss 1.5850  val_acc 0.3604
2026-04-08 19:07:08    epoch  28  loss 1.6417  acc 0.3476  val_loss 1.6101  val_acc 0.3446
2026-04-08 19:07:14    epoch  29  loss 1.6403  acc 0.3478  val_loss 1.5726  val_acc 0.3651
2026-04-08 19:07:20    epoch  30  loss 1.6391  acc 0.3478  val_loss 1.5624  val_acc 0.3694
2026-04-08 19:07:27    epoch  31  loss 1.6330  acc 0.3482  val_loss 1.5884  val_acc 0.3651
2026-04-08 19:07:33    epoch  32  loss 1.6307  acc 0.3512  val_loss 1.5670  val_acc 0.3640
2026-04-08 19:07:39    epoch  33  loss 1.6316  acc 0.3506  val_loss 1.5836  val_acc 0.3615
2026-04-08 19:07:45    epoch  34  loss 1.6306  acc 0.3534  val_loss 1.5646  val_acc 0.3784
2026-04-08 19:07:52    epoch  35  loss 1.6219  acc 0.3505  val_loss 1.5628  val_acc 0.3708
2026-04-08 19:07:58    epoch  36  loss 1.6097  acc 0.3611  val_loss 1.5418  val_acc 0.3866
2026-04-08 19:08:04    epoch  37  loss 1.6041  acc 0.3569  val_loss 1.5476  val_acc 0.3820
2026-04-08 19:08:10    epoch  38  loss 1.6094  acc 0.3639  val_loss 1.5347  val_acc 0.3935
2026-04-08 19:08:16    epoch  39  loss 1.6035  acc 0.3641  val_loss 1.5914  val_acc 0.3518
2026-04-08 19:08:23    epoch  40  loss 1.6012  acc 0.3670  val_loss 1.5413  val_acc 0.3852
2026-04-08 19:08:29    epoch  41  loss 1.6039  acc 0.3642  val_loss 1.5341  val_acc 0.4017
2026-04-08 19:08:35    epoch  42  loss 1.5920  acc 0.3707  val_loss 1.5476  val_acc 0.3838
2026-04-08 19:08:42    epoch  43  loss 1.5938  acc 0.3701  val_loss 1.5386  val_acc 0.3773
2026-04-08 19:08:48    epoch  44  loss 1.6023  acc 0.3659  val_loss 1.5322  val_acc 0.3895
2026-04-08 19:08:55    epoch  45  loss 1.5894  acc 0.3658  val_loss 1.5469  val_acc 0.3777
2026-04-08 19:09:01    epoch  46  loss 1.5889  acc 0.3692  val_loss 1.5332  val_acc 0.3967
2026-04-08 19:09:07    epoch  47  loss 1.5908  acc 0.3683  val_loss 1.5433  val_acc 0.3784
2026-04-08 19:09:13    epoch  48  loss 1.5863  acc 0.3713  val_loss 1.5391  val_acc 0.3895
2026-04-08 19:09:19    epoch  49  loss 1.5955  acc 0.3705  val_loss 1.5304  val_acc 0.3884
2026-04-08 19:09:26    epoch  50  loss 1.5874  acc 0.3706  val_loss 1.5581  val_acc 0.3712
2026-04-08 19:09:32    epoch  51  loss 1.5850  acc 0.3754  val_loss 1.5240  val_acc 0.3924
2026-04-08 19:09:38    epoch  52  loss 1.5869  acc 0.3705  val_loss 1.5418  val_acc 0.3834
2026-04-08 19:09:44    epoch  53  loss 1.5902  acc 0.3687  val_loss 1.5117  val_acc 0.3974
2026-04-08 19:09:50    epoch  54  loss 1.5859  acc 0.3719  val_loss 1.5317  val_acc 0.3881
2026-04-08 19:09:57    epoch  55  loss 1.5857  acc 0.3750  val_loss 1.5157  val_acc 0.3971
2026-04-08 19:10:03    epoch  56  loss 1.5852  acc 0.3729  val_loss 1.5105  val_acc 0.4039
2026-04-08 19:10:09    epoch  57  loss 1.5827  acc 0.3731  val_loss 1.5345  val_acc 0.3748
2026-04-08 19:10:15    epoch  58  loss 1.5796  acc 0.3757  val_loss 1.5108  val_acc 0.3935
2026-04-08 19:10:21    epoch  59  loss 1.5755  acc 0.3742  val_loss 1.5244  val_acc 0.3974
2026-04-08 19:10:28    epoch  60  loss 1.5836  acc 0.3713  val_loss 1.5105  val_acc 0.3981
2026-04-08 19:10:34    epoch  61  loss 1.5727  acc 0.3728  val_loss 1.5181  val_acc 0.3967
2026-04-08 19:10:40    epoch  62  loss 1.5684  acc 0.3794  val_loss 1.4999  val_acc 0.4017
2026-04-08 19:10:46    epoch  63  loss 1.5663  acc 0.3809  val_loss 1.5156  val_acc 0.4003
2026-04-08 19:10:52    epoch  64  loss 1.5630  acc 0.3804  val_loss 1.5021  val_acc 0.3971
2026-04-08 19:10:58    epoch  65  loss 1.5640  acc 0.3786  val_loss 1.4983  val_acc 0.4035
2026-04-08 19:11:04    epoch  66  loss 1.5664  acc 0.3792  val_loss 1.5023  val_acc 0.4010
2026-04-08 19:11:10    epoch  67  loss 1.5540  acc 0.3819  val_loss 1.5015  val_acc 0.4032
2026-04-08 19:11:16    epoch  68  loss 1.5600  acc 0.3836  val_loss 1.4977  val_acc 0.3974
2026-04-08 19:11:21    epoch  69  loss 1.5555  acc 0.3801  val_loss 1.4963  val_acc 0.4053
2026-04-08 19:11:26    epoch  70  loss 1.5627  acc 0.3813  val_loss 1.4988  val_acc 0.4050
2026-04-08 19:11:30    epoch  71  loss 1.5612  acc 0.3809  val_loss 1.4994  val_acc 0.4010
2026-04-08 19:11:36    epoch  72  loss 1.5588  acc 0.3845  val_loss 1.4959  val_acc 0.4035
2026-04-08 19:11:43    epoch  73  loss 1.5608  acc 0.3811  val_loss 1.4953  val_acc 0.4046
2026-04-08 19:11:49    epoch  74  loss 1.5553  acc 0.3852  val_loss 1.4832  val_acc 0.4053
2026-04-08 19:11:56    epoch  75  loss 1.5575  acc 0.3821  val_loss 1.4901  val_acc 0.4089
2026-04-08 19:12:02    epoch  76  loss 1.5542  acc 0.3851  val_loss 1.4890  val_acc 0.4150
2026-04-08 19:12:07    epoch  77  loss 1.5623  acc 0.3839  val_loss 1.4924  val_acc 0.4100
2026-04-08 19:12:14    epoch  78  loss 1.5522  acc 0.3839  val_loss 1.4905  val_acc 0.4136
2026-04-08 19:12:21    epoch  79  loss 1.5525  acc 0.3840  val_loss 1.4860  val_acc 0.4103
2026-04-08 19:12:27    epoch  80  loss 1.5511  acc 0.3867  val_loss 1.4844  val_acc 0.4086
2026-04-08 19:12:33    epoch  81  loss 1.5474  acc 0.3829  val_loss 1.4793  val_acc 0.4118
2026-04-08 19:12:40    epoch  82  loss 1.5450  acc 0.3917  val_loss 1.4839  val_acc 0.4129
2026-04-08 19:12:46    epoch  83  loss 1.5489  acc 0.3854  val_loss 1.4826  val_acc 0.4100
2026-04-08 19:12:52    epoch  84  loss 1.5444  acc 0.3868  val_loss 1.4910  val_acc 0.4107
2026-04-08 19:12:58    epoch  85  loss 1.5396  acc 0.3879  val_loss 1.4784  val_acc 0.4121
2026-04-08 19:13:04    epoch  86  loss 1.5458  acc 0.3897  val_loss 1.4850  val_acc 0.4078
2026-04-08 19:13:11    epoch  87  loss 1.5483  acc 0.3892  val_loss 1.4999  val_acc 0.3989
2026-04-08 19:13:17    epoch  88  loss 1.5461  acc 0.3895  val_loss 1.4837  val_acc 0.4082
2026-04-08 19:13:23    epoch  89  loss 1.5434  acc 0.3883  val_loss 1.4793  val_acc 0.4132
2026-04-08 19:13:29    epoch  90  loss 1.5451  acc 0.3917  val_loss 1.4776  val_acc 0.4139
2026-04-08 19:13:35    epoch  91  loss 1.5407  acc 0.3892  val_loss 1.4862  val_acc 0.4096
2026-04-08 19:13:42    epoch  92  loss 1.5403  acc 0.3901  val_loss 1.4786  val_acc 0.4103
2026-04-08 19:13:48    epoch  93  loss 1.5492  acc 0.3878  val_loss 1.4765  val_acc 0.4121
2026-04-08 19:13:54    epoch  94  loss 1.5431  acc 0.3877  val_loss 1.4862  val_acc 0.4100
2026-04-08 19:14:00    epoch  95  loss 1.5370  acc 0.3904  val_loss 1.4858  val_acc 0.4068
2026-04-08 19:14:06    epoch  96  loss 1.5461  acc 0.3873  val_loss 1.4789  val_acc 0.4125
2026-04-08 19:14:12    epoch  97  loss 1.5438  acc 0.3900  val_loss 1.4770  val_acc 0.4121
2026-04-08 19:14:18    epoch  98  loss 1.5421  acc 0.3923  val_loss 1.4854  val_acc 0.4114
2026-04-08 19:14:25    epoch  99  loss 1.5313  acc 0.3941  val_loss 1.4795  val_acc 0.4129
2026-04-08 19:14:31    epoch 100  loss 1.5352  acc 0.3914  val_loss 1.4715  val_acc 0.4147
2026-04-08 19:14:31    User4 accuracy: 0.3518
2026-04-08 19:14:32  ────────────────────────────────────────────────────────────
2026-04-08 19:14:32  LOSO fold — held-out: User5 (1633 test windows, 27861 train windows)
2026-04-08 19:14:38    epoch   1  loss 1.8480  acc 0.2569  val_loss 1.6681  val_acc 0.2968
2026-04-08 19:14:44    epoch   2  loss 1.7509  acc 0.2824  val_loss 1.6504  val_acc 0.3051
2026-04-08 19:14:50    epoch   3  loss 1.7339  acc 0.2909  val_loss 1.6704  val_acc 0.3162
2026-04-08 19:14:57    epoch   4  loss 1.7140  acc 0.2967  val_loss 1.6283  val_acc 0.3489
2026-04-08 19:15:03    epoch   5  loss 1.7083  acc 0.3048  val_loss 1.6436  val_acc 0.3259
2026-04-08 19:15:09    epoch   6  loss 1.7076  acc 0.3080  val_loss 1.6305  val_acc 0.3252
2026-04-08 19:15:15    epoch   7  loss 1.6973  acc 0.3105  val_loss 1.6199  val_acc 0.3338
2026-04-08 19:15:21    epoch   8  loss 1.6961  acc 0.3112  val_loss 1.6075  val_acc 0.3324
2026-04-08 19:15:28    epoch   9  loss 1.6899  acc 0.3182  val_loss 1.6181  val_acc 0.3270
2026-04-08 19:15:34    epoch  10  loss 1.6847  acc 0.3195  val_loss 1.5989  val_acc 0.3482
2026-04-08 19:15:40    epoch  11  loss 1.6842  acc 0.3177  val_loss 1.6105  val_acc 0.3482
2026-04-08 19:15:46    epoch  12  loss 1.6781  acc 0.3194  val_loss 1.6225  val_acc 0.3378
2026-04-08 19:15:52    epoch  13  loss 1.6784  acc 0.3232  val_loss 1.5878  val_acc 0.3475
2026-04-08 19:15:59    epoch  14  loss 1.6770  acc 0.3212  val_loss 1.6112  val_acc 0.3615
2026-04-08 19:16:05    epoch  15  loss 1.6682  acc 0.3252  val_loss 1.5982  val_acc 0.3536
2026-04-08 19:16:11    epoch  16  loss 1.6652  acc 0.3308  val_loss 1.5995  val_acc 0.3518
2026-04-08 19:16:18    epoch  17  loss 1.6663  acc 0.3291  val_loss 1.5804  val_acc 0.3525
2026-04-08 19:16:24    epoch  18  loss 1.6583  acc 0.3353  val_loss 1.5909  val_acc 0.3503
2026-04-08 19:16:30    epoch  19  loss 1.6588  acc 0.3331  val_loss 1.5905  val_acc 0.3582
2026-04-08 19:16:36    epoch  20  loss 1.6562  acc 0.3389  val_loss 1.5776  val_acc 0.3640
2026-04-08 19:16:43    epoch  21  loss 1.6477  acc 0.3385  val_loss 1.6115  val_acc 0.3453
2026-04-08 19:16:49    epoch  22  loss 1.6495  acc 0.3374  val_loss 1.5715  val_acc 0.3625
2026-04-08 19:16:55    epoch  23  loss 1.6495  acc 0.3372  val_loss 1.5728  val_acc 0.3625
2026-04-08 19:17:01    epoch  24  loss 1.6480  acc 0.3431  val_loss 1.5622  val_acc 0.3751
2026-04-08 19:17:08    epoch  25  loss 1.6359  acc 0.3414  val_loss 1.5712  val_acc 0.3690
2026-04-08 19:17:14    epoch  26  loss 1.6457  acc 0.3389  val_loss 1.5803  val_acc 0.3744
2026-04-08 19:17:20    epoch  27  loss 1.6403  acc 0.3450  val_loss 1.6019  val_acc 0.3597
2026-04-08 19:17:26    epoch  28  loss 1.6359  acc 0.3476  val_loss 1.5610  val_acc 0.3650
2026-04-08 19:17:32    epoch  29  loss 1.6357  acc 0.3428  val_loss 1.5629  val_acc 0.3568
2026-04-08 19:17:39    epoch  30  loss 1.6304  acc 0.3488  val_loss 1.5504  val_acc 0.3729
2026-04-08 19:17:45    epoch  31  loss 1.6321  acc 0.3458  val_loss 1.5692  val_acc 0.3568
2026-04-08 19:17:51    epoch  32  loss 1.6259  acc 0.3509  val_loss 1.5536  val_acc 0.3640
2026-04-08 19:17:57    epoch  33  loss 1.6240  acc 0.3516  val_loss 1.5685  val_acc 0.3704
2026-04-08 19:18:04    epoch  34  loss 1.6157  acc 0.3526  val_loss 1.5472  val_acc 0.3679
2026-04-08 19:18:10    epoch  35  loss 1.6145  acc 0.3542  val_loss 1.5414  val_acc 0.3833
2026-04-08 19:18:16    epoch  36  loss 1.6162  acc 0.3521  val_loss 1.5847  val_acc 0.3564
2026-04-08 19:18:22    epoch  37  loss 1.6149  acc 0.3504  val_loss 1.5549  val_acc 0.3841
2026-04-08 19:18:29    epoch  38  loss 1.6224  acc 0.3484  val_loss 1.5382  val_acc 0.3819
2026-04-08 19:18:35    epoch  39  loss 1.6077  acc 0.3547  val_loss 1.5360  val_acc 0.3816
2026-04-08 19:18:41    epoch  40  loss 1.6069  acc 0.3548  val_loss 1.5297  val_acc 0.3869
2026-04-08 19:18:48    epoch  41  loss 1.6044  acc 0.3560  val_loss 1.5223  val_acc 0.3995
2026-04-08 19:18:54    epoch  42  loss 1.6065  acc 0.3585  val_loss 1.5785  val_acc 0.3690
2026-04-08 19:19:00    epoch  43  loss 1.6010  acc 0.3601  val_loss 1.5388  val_acc 0.3905
2026-04-08 19:19:07    epoch  44  loss 1.6043  acc 0.3602  val_loss 1.5535  val_acc 0.3798
2026-04-08 19:19:13    epoch  45  loss 1.6066  acc 0.3573  val_loss 1.5627  val_acc 0.3790
2026-04-08 19:19:19    epoch  46  loss 1.5946  acc 0.3661  val_loss 1.5216  val_acc 0.3837
2026-04-08 19:19:25    epoch  47  loss 1.5895  acc 0.3647  val_loss 1.5219  val_acc 0.4020
2026-04-08 19:19:32    epoch  48  loss 1.5907  acc 0.3601  val_loss 1.5161  val_acc 0.3884
2026-04-08 19:19:38    epoch  49  loss 1.5900  acc 0.3660  val_loss 1.5072  val_acc 0.3873
2026-04-08 19:19:44    epoch  50  loss 1.5903  acc 0.3642  val_loss 1.5125  val_acc 0.3884
2026-04-08 19:19:50    epoch  51  loss 1.5893  acc 0.3626  val_loss 1.5214  val_acc 0.3859
2026-04-08 19:19:57    epoch  52  loss 1.5893  acc 0.3671  val_loss 1.5011  val_acc 0.3970
2026-04-08 19:20:03    epoch  53  loss 1.5819  acc 0.3666  val_loss 1.4980  val_acc 0.4020
2026-04-08 19:20:09    epoch  54  loss 1.5853  acc 0.3669  val_loss 1.5067  val_acc 0.4031
2026-04-08 19:20:15    epoch  55  loss 1.5719  acc 0.3717  val_loss 1.4984  val_acc 0.4002
2026-04-08 19:20:21    epoch  56  loss 1.5792  acc 0.3693  val_loss 1.4950  val_acc 0.3959
2026-04-08 19:20:28    epoch  57  loss 1.5776  acc 0.3684  val_loss 1.5347  val_acc 0.3798
2026-04-08 19:20:34    epoch  58  loss 1.5757  acc 0.3703  val_loss 1.5083  val_acc 0.4056
2026-04-08 19:20:40    epoch  59  loss 1.5733  acc 0.3675  val_loss 1.5153  val_acc 0.3966
2026-04-08 19:20:46    epoch  60  loss 1.5766  acc 0.3690  val_loss 1.4950  val_acc 0.4131
2026-04-08 19:20:52    epoch  61  loss 1.5720  acc 0.3733  val_loss 1.4805  val_acc 0.4095
2026-04-08 19:20:59    epoch  62  loss 1.5722  acc 0.3724  val_loss 1.4903  val_acc 0.4078
2026-04-08 19:21:05    epoch  63  loss 1.5708  acc 0.3761  val_loss 1.4909  val_acc 0.4031
2026-04-08 19:21:11    epoch  64  loss 1.5625  acc 0.3730  val_loss 1.4844  val_acc 0.3991
2026-04-08 19:21:17    epoch  65  loss 1.5680  acc 0.3738  val_loss 1.4825  val_acc 0.4052
2026-04-08 19:21:24    epoch  66  loss 1.5732  acc 0.3707  val_loss 1.4771  val_acc 0.4156
2026-04-08 19:21:30    epoch  67  loss 1.5674  acc 0.3731  val_loss 1.4797  val_acc 0.4167
2026-04-08 19:21:36    epoch  68  loss 1.5625  acc 0.3768  val_loss 1.4793  val_acc 0.4074
2026-04-08 19:21:42    epoch  69  loss 1.5611  acc 0.3775  val_loss 1.4893  val_acc 0.4034
2026-04-08 19:21:48    epoch  70  loss 1.5586  acc 0.3781  val_loss 1.4724  val_acc 0.4095
2026-04-08 19:21:55    epoch  71  loss 1.5611  acc 0.3752  val_loss 1.5040  val_acc 0.3819
2026-04-08 19:22:01    epoch  72  loss 1.5516  acc 0.3792  val_loss 1.4803  val_acc 0.4174
2026-04-08 19:22:07    epoch  73  loss 1.5574  acc 0.3777  val_loss 1.4923  val_acc 0.3930
2026-04-08 19:22:13    epoch  74  loss 1.5559  acc 0.3811  val_loss 1.4752  val_acc 0.4106
2026-04-08 19:22:19    epoch  75  loss 1.5547  acc 0.3781  val_loss 1.4642  val_acc 0.4192
2026-04-08 19:22:26    epoch  76  loss 1.5525  acc 0.3804  val_loss 1.4785  val_acc 0.4038
2026-04-08 19:22:32    epoch  77  loss 1.5561  acc 0.3757  val_loss 1.4657  val_acc 0.4156
2026-04-08 19:22:38    epoch  78  loss 1.5496  acc 0.3803  val_loss 1.4671  val_acc 0.4153
2026-04-08 19:22:44    epoch  79  loss 1.5584  acc 0.3798  val_loss 1.4816  val_acc 0.4017
2026-04-08 19:22:50    epoch  80  loss 1.5469  acc 0.3833  val_loss 1.4693  val_acc 0.4164
2026-04-08 19:22:57    epoch  81  loss 1.5302  acc 0.3863  val_loss 1.4510  val_acc 0.4135
2026-04-08 19:23:03    epoch  82  loss 1.5318  acc 0.3897  val_loss 1.4484  val_acc 0.4203
2026-04-08 19:23:09    epoch  83  loss 1.5245  acc 0.3923  val_loss 1.4644  val_acc 0.4171
2026-04-08 19:23:15    epoch  84  loss 1.5250  acc 0.3894  val_loss 1.4516  val_acc 0.4131
2026-04-08 19:23:22    epoch  85  loss 1.5264  acc 0.3919  val_loss 1.4565  val_acc 0.4232
2026-04-08 19:23:28    epoch  86  loss 1.5266  acc 0.3900  val_loss 1.4443  val_acc 0.4149
2026-04-08 19:23:34    epoch  87  loss 1.5243  acc 0.3905  val_loss 1.4479  val_acc 0.4142
2026-04-08 19:23:40    epoch  88  loss 1.5300  acc 0.3902  val_loss 1.4466  val_acc 0.4325
2026-04-08 19:23:47    epoch  89  loss 1.5251  acc 0.3957  val_loss 1.4701  val_acc 0.4052
2026-04-08 19:23:53    epoch  90  loss 1.5181  acc 0.3944  val_loss 1.4449  val_acc 0.4261
2026-04-08 19:23:59    epoch  91  loss 1.5235  acc 0.3904  val_loss 1.4565  val_acc 0.4164
2026-04-08 19:24:05    epoch  92  loss 1.5080  acc 0.3967  val_loss 1.4358  val_acc 0.4282
2026-04-08 19:24:11    epoch  93  loss 1.5034  acc 0.3959  val_loss 1.4474  val_acc 0.4135
2026-04-08 19:24:18    epoch  94  loss 1.5084  acc 0.3965  val_loss 1.4450  val_acc 0.4192
2026-04-08 19:24:24    epoch  95  loss 1.5097  acc 0.3977  val_loss 1.4315  val_acc 0.4286
2026-04-08 19:24:30    epoch  96  loss 1.5079  acc 0.4010  val_loss 1.4332  val_acc 0.4253
2026-04-08 19:24:37    epoch  97  loss 1.5075  acc 0.3967  val_loss 1.4352  val_acc 0.4289
2026-04-08 19:24:43    epoch  98  loss 1.5087  acc 0.3967  val_loss 1.4313  val_acc 0.4268
2026-04-08 19:24:49    epoch  99  loss 1.5049  acc 0.3997  val_loss 1.4332  val_acc 0.4261
2026-04-08 19:24:55    epoch 100  loss 1.4995  acc 0.4028  val_loss 1.4298  val_acc 0.4314
2026-04-08 19:24:55    User5 accuracy: 0.3699
2026-04-08 19:24:56  ────────────────────────────────────────────────────────────
2026-04-08 19:24:56  LOSO fold — held-out: User6 (1591 test windows, 27903 train windows)
2026-04-08 19:25:02    epoch   1  loss 1.8449  acc 0.2591  val_loss 1.6986  val_acc 0.2950
2026-04-08 19:25:09    epoch   2  loss 1.7394  acc 0.2873  val_loss 1.6673  val_acc 0.3000
2026-04-08 19:25:15    epoch   3  loss 1.7219  acc 0.2975  val_loss 1.6545  val_acc 0.3179
2026-04-08 19:25:21    epoch   4  loss 1.7080  acc 0.3036  val_loss 1.6515  val_acc 0.3054
2026-04-08 19:25:27    epoch   5  loss 1.7028  acc 0.3113  val_loss 1.6350  val_acc 0.3147
2026-04-08 19:25:34    epoch   6  loss 1.6936  acc 0.3099  val_loss 1.6323  val_acc 0.3287
2026-04-08 19:25:40    epoch   7  loss 1.6896  acc 0.3097  val_loss 1.6266  val_acc 0.3319
2026-04-08 19:25:46    epoch   8  loss 1.6821  acc 0.3190  val_loss 1.6284  val_acc 0.3215
2026-04-08 19:25:52    epoch   9  loss 1.6783  acc 0.3210  val_loss 1.6325  val_acc 0.3391
2026-04-08 19:25:59    epoch  10  loss 1.6752  acc 0.3199  val_loss 1.6170  val_acc 0.3362
2026-04-08 19:26:05    epoch  11  loss 1.6713  acc 0.3267  val_loss 1.6346  val_acc 0.3183
2026-04-08 19:26:11    epoch  12  loss 1.6647  acc 0.3284  val_loss 1.6115  val_acc 0.3341
2026-04-08 19:26:17    epoch  13  loss 1.6682  acc 0.3297  val_loss 1.6071  val_acc 0.3473
2026-04-08 19:26:24    epoch  14  loss 1.6581  acc 0.3309  val_loss 1.6043  val_acc 0.3502
2026-04-08 19:26:30    epoch  15  loss 1.6458  acc 0.3378  val_loss 1.6100  val_acc 0.3405
2026-04-08 19:26:36    epoch  16  loss 1.6470  acc 0.3352  val_loss 1.6024  val_acc 0.3419
2026-04-08 19:26:42    epoch  17  loss 1.6526  acc 0.3360  val_loss 1.5961  val_acc 0.3498
2026-04-08 19:26:48    epoch  18  loss 1.6455  acc 0.3344  val_loss 1.5921  val_acc 0.3602
2026-04-08 19:26:55    epoch  19  loss 1.6410  acc 0.3387  val_loss 1.5790  val_acc 0.3563
2026-04-08 19:27:01    epoch  20  loss 1.6360  acc 0.3411  val_loss 1.5821  val_acc 0.3527
2026-04-08 19:27:07    epoch  21  loss 1.6375  acc 0.3403  val_loss 1.6482  val_acc 0.3287
2026-04-08 19:27:13    epoch  22  loss 1.6364  acc 0.3442  val_loss 1.5819  val_acc 0.3552
2026-04-08 19:27:19    epoch  23  loss 1.6345  acc 0.3437  val_loss 1.5875  val_acc 0.3398
2026-04-08 19:27:26    epoch  24  loss 1.6277  acc 0.3474  val_loss 1.6184  val_acc 0.3405
2026-04-08 19:27:32    epoch  25  loss 1.6114  acc 0.3541  val_loss 1.5556  val_acc 0.3613
2026-04-08 19:27:38    epoch  26  loss 1.6033  acc 0.3567  val_loss 1.5588  val_acc 0.3616
2026-04-08 19:27:44    epoch  27  loss 1.6078  acc 0.3599  val_loss 1.5546  val_acc 0.3642
2026-04-08 19:27:50    epoch  28  loss 1.6001  acc 0.3610  val_loss 1.5567  val_acc 0.3738
2026-04-08 19:27:57    epoch  29  loss 1.5986  acc 0.3593  val_loss 1.5500  val_acc 0.3627
2026-04-08 19:28:03    epoch  30  loss 1.5954  acc 0.3622  val_loss 1.5571  val_acc 0.3606
2026-04-08 19:28:09    epoch  31  loss 1.5968  acc 0.3616  val_loss 1.5556  val_acc 0.3634
2026-04-08 19:28:15    epoch  32  loss 1.5892  acc 0.3649  val_loss 1.5442  val_acc 0.3731
2026-04-08 19:28:21    epoch  33  loss 1.5862  acc 0.3632  val_loss 1.5430  val_acc 0.3756
2026-04-08 19:28:28    epoch  34  loss 1.5868  acc 0.3677  val_loss 1.5523  val_acc 0.3688
2026-04-08 19:28:34    epoch  35  loss 1.5878  acc 0.3669  val_loss 1.5405  val_acc 0.3738
2026-04-08 19:28:40    epoch  36  loss 1.5873  acc 0.3624  val_loss 1.5428  val_acc 0.3688
2026-04-08 19:28:46    epoch  37  loss 1.5810  acc 0.3675  val_loss 1.5572  val_acc 0.3695
2026-04-08 19:28:52    epoch  38  loss 1.5831  acc 0.3672  val_loss 1.5379  val_acc 0.3749
2026-04-08 19:28:59    epoch  39  loss 1.5831  acc 0.3695  val_loss 1.5333  val_acc 0.3824
2026-04-08 19:29:05    epoch  40  loss 1.5847  acc 0.3687  val_loss 1.5333  val_acc 0.3760
2026-04-08 19:29:11    epoch  41  loss 1.5761  acc 0.3687  val_loss 1.5325  val_acc 0.3806
2026-04-08 19:29:18    epoch  42  loss 1.5818  acc 0.3681  val_loss 1.5269  val_acc 0.3720
2026-04-08 19:29:24    epoch  43  loss 1.5770  acc 0.3700  val_loss 1.5295  val_acc 0.3785
2026-04-08 19:29:30    epoch  44  loss 1.5665  acc 0.3708  val_loss 1.5328  val_acc 0.3771
2026-04-08 19:29:36    epoch  45  loss 1.5765  acc 0.3675  val_loss 1.5462  val_acc 0.3677
2026-04-08 19:29:42    epoch  46  loss 1.5793  acc 0.3711  val_loss 1.5293  val_acc 0.3806
2026-04-08 19:29:49    epoch  47  loss 1.5724  acc 0.3759  val_loss 1.5254  val_acc 0.3828
2026-04-08 19:29:55    epoch  48  loss 1.5658  acc 0.3740  val_loss 1.5212  val_acc 0.3867
2026-04-08 19:30:01    epoch  49  loss 1.5684  acc 0.3738  val_loss 1.5360  val_acc 0.3728
2026-04-08 19:30:07    epoch  50  loss 1.5702  acc 0.3749  val_loss 1.5444  val_acc 0.3670
2026-04-08 19:30:14    epoch  51  loss 1.5739  acc 0.3757  val_loss 1.5208  val_acc 0.3867
2026-04-08 19:30:20    epoch  52  loss 1.5643  acc 0.3764  val_loss 1.5203  val_acc 0.3889
2026-04-08 19:30:26    epoch  53  loss 1.5641  acc 0.3746  val_loss 1.5168  val_acc 0.3832
2026-04-08 19:30:32    epoch  54  loss 1.5617  acc 0.3774  val_loss 1.5145  val_acc 0.3828
2026-04-08 19:30:39    epoch  55  loss 1.5601  acc 0.3785  val_loss 1.5214  val_acc 0.3846
2026-04-08 19:30:45    epoch  56  loss 1.5605  acc 0.3742  val_loss 1.5407  val_acc 0.3860
2026-04-08 19:30:51    epoch  57  loss 1.5644  acc 0.3790  val_loss 1.5175  val_acc 0.3792
2026-04-08 19:30:57    epoch  58  loss 1.5601  acc 0.3733  val_loss 1.5161  val_acc 0.3921
2026-04-08 19:31:03    epoch  59  loss 1.5552  acc 0.3816  val_loss 1.5132  val_acc 0.3824
2026-04-08 19:31:10    epoch  60  loss 1.5570  acc 0.3791  val_loss 1.5257  val_acc 0.3832
2026-04-08 19:31:16    epoch  61  loss 1.5517  acc 0.3829  val_loss 1.5177  val_acc 0.3785
2026-04-08 19:31:22    epoch  62  loss 1.5536  acc 0.3777  val_loss 1.5057  val_acc 0.3821
2026-04-08 19:31:28    epoch  63  loss 1.5536  acc 0.3825  val_loss 1.5093  val_acc 0.3853
2026-04-08 19:31:35    epoch  64  loss 1.5459  acc 0.3826  val_loss 1.5065  val_acc 0.3832
2026-04-08 19:31:41    epoch  65  loss 1.5489  acc 0.3809  val_loss 1.5359  val_acc 0.3817
2026-04-08 19:31:47    epoch  66  loss 1.5489  acc 0.3818  val_loss 1.5106  val_acc 0.3896
2026-04-08 19:31:53    epoch  67  loss 1.5499  acc 0.3836  val_loss 1.5093  val_acc 0.3810
2026-04-08 19:31:59    epoch  68  loss 1.5378  acc 0.3827  val_loss 1.5152  val_acc 0.3864
2026-04-08 19:32:05    epoch  69  loss 1.5395  acc 0.3846  val_loss 1.4977  val_acc 0.3903
2026-04-08 19:32:12    epoch  70  loss 1.5302  acc 0.3864  val_loss 1.4984  val_acc 0.3935
2026-04-08 19:32:18    epoch  71  loss 1.5357  acc 0.3881  val_loss 1.4978  val_acc 0.3918
2026-04-08 19:32:24    epoch  72  loss 1.5325  acc 0.3894  val_loss 1.5090  val_acc 0.3839
2026-04-08 19:32:30    epoch  73  loss 1.5272  acc 0.3914  val_loss 1.4916  val_acc 0.3885
2026-04-08 19:32:36    epoch  74  loss 1.5254  acc 0.3917  val_loss 1.5022  val_acc 0.3842
2026-04-08 19:32:43    epoch  75  loss 1.5356  acc 0.3845  val_loss 1.4948  val_acc 0.3957
2026-04-08 19:32:49    epoch  76  loss 1.5323  acc 0.3897  val_loss 1.4962  val_acc 0.3889
2026-04-08 19:32:55    epoch  77  loss 1.5249  acc 0.3913  val_loss 1.4873  val_acc 0.3910
2026-04-08 19:33:01    epoch  78  loss 1.5343  acc 0.3881  val_loss 1.4941  val_acc 0.4025
2026-04-08 19:33:07    epoch  79  loss 1.5261  acc 0.3910  val_loss 1.5067  val_acc 0.3839
2026-04-08 19:33:14    epoch  80  loss 1.5313  acc 0.3854  val_loss 1.4908  val_acc 0.3925
2026-04-08 19:33:20    epoch  81  loss 1.5298  acc 0.3884  val_loss 1.5231  val_acc 0.3799
2026-04-08 19:33:26    epoch  82  loss 1.5318  acc 0.3899  val_loss 1.4873  val_acc 0.3903
2026-04-08 19:33:32    epoch  83  loss 1.5192  acc 0.3973  val_loss 1.4853  val_acc 0.3910
2026-04-08 19:33:38    epoch  84  loss 1.5200  acc 0.3898  val_loss 1.4873  val_acc 0.3900
2026-04-08 19:33:45    epoch  85  loss 1.5155  acc 0.3951  val_loss 1.5198  val_acc 0.3781
2026-04-08 19:33:51    epoch  86  loss 1.5215  acc 0.3898  val_loss 1.4870  val_acc 0.3989
2026-04-08 19:33:57    epoch  87  loss 1.5176  acc 0.3912  val_loss 1.4902  val_acc 0.3950
2026-04-08 19:34:03    epoch  88  loss 1.5202  acc 0.3925  val_loss 1.4924  val_acc 0.3900
2026-04-08 19:34:09    epoch  89  loss 1.5173  acc 0.3915  val_loss 1.4899  val_acc 0.3943
2026-04-08 19:34:15    epoch  90  loss 1.5150  acc 0.3996  val_loss 1.4812  val_acc 0.3957
2026-04-08 19:34:21    epoch  91  loss 1.5136  acc 0.3962  val_loss 1.4831  val_acc 0.3950
2026-04-08 19:34:27    epoch  92  loss 1.5129  acc 0.3932  val_loss 1.4789  val_acc 0.3986
2026-04-08 19:34:34    epoch  93  loss 1.5103  acc 0.3962  val_loss 1.4824  val_acc 0.3939
2026-04-08 19:34:40    epoch  94  loss 1.5132  acc 0.3955  val_loss 1.4848  val_acc 0.3953
2026-04-08 19:34:46    epoch  95  loss 1.5135  acc 0.3921  val_loss 1.4819  val_acc 0.3993
2026-04-08 19:34:52    epoch  96  loss 1.5118  acc 0.3960  val_loss 1.4779  val_acc 0.4018
2026-04-08 19:34:58    epoch  97  loss 1.5180  acc 0.3955  val_loss 1.4795  val_acc 0.3986
2026-04-08 19:35:05    epoch  98  loss 1.5135  acc 0.3945  val_loss 1.4775  val_acc 0.4029
2026-04-08 19:35:11    epoch  99  loss 1.5104  acc 0.3952  val_loss 1.4777  val_acc 0.3957
2026-04-08 19:35:17    epoch 100  loss 1.5117  acc 0.3979  val_loss 1.4768  val_acc 0.3971
2026-04-08 19:35:17    User6 accuracy: 0.3627
2026-04-08 19:35:18  ────────────────────────────────────────────────────────────
2026-04-08 19:35:18  LOSO fold — held-out: User7 (3413 test windows, 26081 train windows)
2026-04-08 19:35:24    epoch   1  loss 1.8524  acc 0.2549  val_loss 1.6773  val_acc 0.3014
2026-04-08 19:35:30    epoch   2  loss 1.7483  acc 0.2837  val_loss 1.6499  val_acc 0.3133
2026-04-08 19:35:36    epoch   3  loss 1.7330  acc 0.2898  val_loss 1.6423  val_acc 0.3317
2026-04-08 19:35:41    epoch   4  loss 1.7226  acc 0.2974  val_loss 1.6466  val_acc 0.3133
2026-04-08 19:35:47    epoch   5  loss 1.7139  acc 0.3002  val_loss 1.6445  val_acc 0.3336
2026-04-08 19:35:53    epoch   6  loss 1.7122  acc 0.3015  val_loss 1.6370  val_acc 0.3447
2026-04-08 19:35:59    epoch   7  loss 1.7038  acc 0.3069  val_loss 1.6232  val_acc 0.3252
2026-04-08 19:36:05    epoch   8  loss 1.6920  acc 0.3163  val_loss 1.6172  val_acc 0.3244
2026-04-08 19:36:11    epoch   9  loss 1.6919  acc 0.3167  val_loss 1.6091  val_acc 0.3367
2026-04-08 19:36:16    epoch  10  loss 1.6842  acc 0.3208  val_loss 1.6121  val_acc 0.3301
2026-04-08 19:36:22    epoch  11  loss 1.6771  acc 0.3202  val_loss 1.6019  val_acc 0.3531
2026-04-08 19:36:28    epoch  12  loss 1.6751  acc 0.3247  val_loss 1.5958  val_acc 0.3451
2026-04-08 19:36:34    epoch  13  loss 1.6690  acc 0.3277  val_loss 1.5953  val_acc 0.3447
2026-04-08 19:36:40    epoch  14  loss 1.6676  acc 0.3292  val_loss 1.5961  val_acc 0.3478
2026-04-08 19:36:46    epoch  15  loss 1.6604  acc 0.3284  val_loss 1.5966  val_acc 0.3378
2026-04-08 19:36:51    epoch  16  loss 1.6608  acc 0.3300  val_loss 1.6020  val_acc 0.3439
2026-04-08 19:36:57    epoch  17  loss 1.6578  acc 0.3334  val_loss 1.5901  val_acc 0.3524
2026-04-08 19:37:03    epoch  18  loss 1.6560  acc 0.3336  val_loss 1.5733  val_acc 0.3612
2026-04-08 19:37:09    epoch  19  loss 1.6544  acc 0.3339  val_loss 1.5977  val_acc 0.3420
2026-04-08 19:37:15    epoch  20  loss 1.6482  acc 0.3409  val_loss 1.5766  val_acc 0.3589
2026-04-08 19:37:21    epoch  21  loss 1.6415  acc 0.3412  val_loss 1.5975  val_acc 0.3439
2026-04-08 19:37:27    epoch  22  loss 1.6417  acc 0.3414  val_loss 1.5712  val_acc 0.3643
2026-04-08 19:37:32    epoch  23  loss 1.6351  acc 0.3430  val_loss 1.5567  val_acc 0.3639
2026-04-08 19:37:38    epoch  24  loss 1.6356  acc 0.3457  val_loss 1.5745  val_acc 0.3558
2026-04-08 19:37:44    epoch  25  loss 1.6287  acc 0.3510  val_loss 1.5835  val_acc 0.3539
2026-04-08 19:37:50    epoch  26  loss 1.6292  acc 0.3491  val_loss 1.5609  val_acc 0.3505
2026-04-08 19:37:56    epoch  27  loss 1.6260  acc 0.3506  val_loss 1.5583  val_acc 0.3639
2026-04-08 19:38:01    epoch  28  loss 1.6177  acc 0.3526  val_loss 1.5427  val_acc 0.3750
2026-04-08 19:38:07    epoch  29  loss 1.6152  acc 0.3523  val_loss 1.5336  val_acc 0.3773
2026-04-08 19:38:13    epoch  30  loss 1.6175  acc 0.3563  val_loss 1.5613  val_acc 0.3723
2026-04-08 19:38:19    epoch  31  loss 1.6081  acc 0.3573  val_loss 1.5497  val_acc 0.3758
2026-04-08 19:38:25    epoch  32  loss 1.6090  acc 0.3568  val_loss 1.5410  val_acc 0.3727
2026-04-08 19:38:30    epoch  33  loss 1.6073  acc 0.3567  val_loss 1.5810  val_acc 0.3643
2026-04-08 19:38:36    epoch  34  loss 1.6065  acc 0.3615  val_loss 1.5259  val_acc 0.3834
2026-04-08 19:38:42    epoch  35  loss 1.5993  acc 0.3609  val_loss 1.5412  val_acc 0.3685
2026-04-08 19:38:48    epoch  36  loss 1.5979  acc 0.3593  val_loss 1.5197  val_acc 0.3900
2026-04-08 19:38:54    epoch  37  loss 1.5974  acc 0.3634  val_loss 1.5182  val_acc 0.3907
2026-04-08 19:39:00    epoch  38  loss 1.5953  acc 0.3623  val_loss 1.5302  val_acc 0.3827
2026-04-08 19:39:06    epoch  39  loss 1.5920  acc 0.3680  val_loss 1.5562  val_acc 0.3831
2026-04-08 19:39:11    epoch  40  loss 1.5933  acc 0.3655  val_loss 1.5291  val_acc 0.3911
2026-04-08 19:39:17    epoch  41  loss 1.5893  acc 0.3663  val_loss 1.5283  val_acc 0.3804
2026-04-08 19:39:23    epoch  42  loss 1.5879  acc 0.3677  val_loss 1.5284  val_acc 0.3903
2026-04-08 19:39:29    epoch  43  loss 1.5697  acc 0.3738  val_loss 1.5075  val_acc 0.4007
2026-04-08 19:39:35    epoch  44  loss 1.5625  acc 0.3781  val_loss 1.5208  val_acc 0.3980
2026-04-08 19:39:41    epoch  45  loss 1.5596  acc 0.3768  val_loss 1.4991  val_acc 0.3972
2026-04-08 19:39:47    epoch  46  loss 1.5611  acc 0.3801  val_loss 1.5129  val_acc 0.3949
2026-04-08 19:39:53    epoch  47  loss 1.5645  acc 0.3794  val_loss 1.5171  val_acc 0.4011
2026-04-08 19:39:59    epoch  48  loss 1.5582  acc 0.3816  val_loss 1.5003  val_acc 0.4022
2026-04-08 19:40:04    epoch  49  loss 1.5607  acc 0.3818  val_loss 1.4884  val_acc 0.3969
2026-04-08 19:40:10    epoch  50  loss 1.5574  acc 0.3799  val_loss 1.4958  val_acc 0.3915
2026-04-08 19:40:16    epoch  51  loss 1.5525  acc 0.3848  val_loss 1.4804  val_acc 0.4045
2026-04-08 19:40:22    epoch  52  loss 1.5553  acc 0.3793  val_loss 1.4814  val_acc 0.4034
2026-04-08 19:40:28    epoch  53  loss 1.5529  acc 0.3848  val_loss 1.4821  val_acc 0.4038
2026-04-08 19:40:34    epoch  54  loss 1.5523  acc 0.3847  val_loss 1.4870  val_acc 0.3984
2026-04-08 19:40:39    epoch  55  loss 1.5507  acc 0.3818  val_loss 1.4991  val_acc 0.3969
2026-04-08 19:40:45    epoch  56  loss 1.5513  acc 0.3819  val_loss 1.4870  val_acc 0.4099
2026-04-08 19:40:51    epoch  57  loss 1.5424  acc 0.3874  val_loss 1.4773  val_acc 0.4034
2026-04-08 19:40:57    epoch  58  loss 1.5379  acc 0.3912  val_loss 1.4902  val_acc 0.3992
2026-04-08 19:41:03    epoch  59  loss 1.5341  acc 0.3905  val_loss 1.4882  val_acc 0.4076
2026-04-08 19:41:08    epoch  60  loss 1.5369  acc 0.3875  val_loss 1.4635  val_acc 0.4145
2026-04-08 19:41:14    epoch  61  loss 1.5403  acc 0.3869  val_loss 1.4773  val_acc 0.4099
2026-04-08 19:41:20    epoch  62  loss 1.5309  acc 0.3913  val_loss 1.4714  val_acc 0.4110
2026-04-08 19:41:26    epoch  63  loss 1.5374  acc 0.3878  val_loss 1.4758  val_acc 0.4156
2026-04-08 19:41:32    epoch  64  loss 1.5327  acc 0.3900  val_loss 1.4748  val_acc 0.4057
2026-04-08 19:41:38    epoch  65  loss 1.5302  acc 0.3895  val_loss 1.4781  val_acc 0.4091
2026-04-08 19:41:43    epoch  66  loss 1.5261  acc 0.3950  val_loss 1.4707  val_acc 0.4164
2026-04-08 19:41:49    epoch  67  loss 1.5239  acc 0.3966  val_loss 1.4620  val_acc 0.4130
2026-04-08 19:41:55    epoch  68  loss 1.5335  acc 0.3947  val_loss 1.4717  val_acc 0.4110
2026-04-08 19:42:01    epoch  69  loss 1.5232  acc 0.3902  val_loss 1.4595  val_acc 0.4149
2026-04-08 19:42:07    epoch  70  loss 1.5251  acc 0.3944  val_loss 1.4583  val_acc 0.4110
2026-04-08 19:42:13    epoch  71  loss 1.5255  acc 0.3883  val_loss 1.4575  val_acc 0.4160
2026-04-08 19:42:18    epoch  72  loss 1.5251  acc 0.3932  val_loss 1.4624  val_acc 0.4183
2026-04-08 19:42:24    epoch  73  loss 1.5250  acc 0.3951  val_loss 1.4657  val_acc 0.4183
2026-04-08 19:42:30    epoch  74  loss 1.5203  acc 0.3942  val_loss 1.4607  val_acc 0.4153
2026-04-08 19:42:35    epoch  75  loss 1.5258  acc 0.3914  val_loss 1.4610  val_acc 0.4164
2026-04-08 19:42:41    epoch  76  loss 1.5210  acc 0.3925  val_loss 1.4605  val_acc 0.4172
2026-04-08 19:42:47    epoch  77  loss 1.5155  acc 0.3959  val_loss 1.4606  val_acc 0.4156
2026-04-08 19:42:53    epoch  78  loss 1.5159  acc 0.3954  val_loss 1.4528  val_acc 0.4164
2026-04-08 19:42:59    epoch  79  loss 1.5147  acc 0.3966  val_loss 1.4517  val_acc 0.4164
2026-04-08 19:43:05    epoch  80  loss 1.5120  acc 0.3988  val_loss 1.4533  val_acc 0.4183
2026-04-08 19:43:11    epoch  81  loss 1.5137  acc 0.4002  val_loss 1.4515  val_acc 0.4133
2026-04-08 19:43:17    epoch  82  loss 1.5140  acc 0.3980  val_loss 1.4585  val_acc 0.4137
2026-04-08 19:43:23    epoch  83  loss 1.5162  acc 0.3995  val_loss 1.4576  val_acc 0.4199
2026-04-08 19:43:29    epoch  84  loss 1.5135  acc 0.3960  val_loss 1.4570  val_acc 0.4164
2026-04-08 19:43:35    epoch  85  loss 1.5164  acc 0.3976  val_loss 1.4523  val_acc 0.4168
2026-04-08 19:43:40    epoch  86  loss 1.5113  acc 0.3973  val_loss 1.4656  val_acc 0.4168
2026-04-08 19:43:46    epoch  87  loss 1.5141  acc 0.3939  val_loss 1.4730  val_acc 0.4114
2026-04-08 19:43:52    epoch  88  loss 1.5130  acc 0.3992  val_loss 1.4524  val_acc 0.4195
2026-04-08 19:43:58    epoch  89  loss 1.5105  acc 0.4017  val_loss 1.4503  val_acc 0.4214
2026-04-08 19:44:04    epoch  90  loss 1.5158  acc 0.3983  val_loss 1.4480  val_acc 0.4179
2026-04-08 19:44:10    epoch  91  loss 1.5140  acc 0.3976  val_loss 1.4510  val_acc 0.4187
2026-04-08 19:44:15    epoch  92  loss 1.5160  acc 0.3966  val_loss 1.4595  val_acc 0.4168
2026-04-08 19:44:21    epoch  93  loss 1.5132  acc 0.3991  val_loss 1.4482  val_acc 0.4195
2026-04-08 19:44:27    epoch  94  loss 1.5120  acc 0.3981  val_loss 1.4508  val_acc 0.4156
2026-04-08 19:44:33    epoch  95  loss 1.5147  acc 0.3963  val_loss 1.4511  val_acc 0.4233
2026-04-08 19:44:39    epoch  96  loss 1.5133  acc 0.4022  val_loss 1.4472  val_acc 0.4160
2026-04-08 19:44:44    epoch  97  loss 1.5126  acc 0.4000  val_loss 1.4529  val_acc 0.4172
2026-04-08 19:44:50    epoch  98  loss 1.5069  acc 0.4004  val_loss 1.4711  val_acc 0.4137
2026-04-08 19:44:56    epoch  99  loss 1.5183  acc 0.3957  val_loss 1.4572  val_acc 0.4133
2026-04-08 19:45:02    epoch 100  loss 1.5138  acc 0.4010  val_loss 1.4486  val_acc 0.4229
2026-04-08 19:45:02    User7 accuracy: 0.3062
2026-04-08 19:45:03  ────────────────────────────────────────────────────────────
2026-04-08 19:45:03  LOSO fold — held-out: User8 (3072 test windows, 26422 train windows)
2026-04-08 19:45:09    epoch   1  loss 1.8567  acc 0.2548  val_loss 1.7215  val_acc 0.2858
2026-04-08 19:45:15    epoch   2  loss 1.7596  acc 0.2824  val_loss 1.7013  val_acc 0.3073
2026-04-08 19:45:21    epoch   3  loss 1.7397  acc 0.2894  val_loss 1.6981  val_acc 0.2990
2026-04-08 19:45:27    epoch   4  loss 1.7340  acc 0.2915  val_loss 1.6844  val_acc 0.2967
2026-04-08 19:45:33    epoch   5  loss 1.7213  acc 0.2968  val_loss 1.6727  val_acc 0.3126
2026-04-08 19:45:39    epoch   6  loss 1.7169  acc 0.3040  val_loss 1.6745  val_acc 0.3104
2026-04-08 19:45:45    epoch   7  loss 1.7072  acc 0.3030  val_loss 1.6792  val_acc 0.3058
2026-04-08 19:45:50    epoch   8  loss 1.7104  acc 0.2986  val_loss 1.6772  val_acc 0.3073
2026-04-08 19:45:56    epoch   9  loss 1.7024  acc 0.3060  val_loss 1.6617  val_acc 0.3092
2026-04-08 19:46:02    epoch  10  loss 1.7004  acc 0.3027  val_loss 1.6528  val_acc 0.3229
2026-04-08 19:46:08    epoch  11  loss 1.6881  acc 0.3140  val_loss 1.6465  val_acc 0.3229
2026-04-08 19:46:14    epoch  12  loss 1.6972  acc 0.3074  val_loss 1.6531  val_acc 0.3357
2026-04-08 19:46:20    epoch  13  loss 1.6820  acc 0.3158  val_loss 1.6442  val_acc 0.3319
2026-04-08 19:46:26    epoch  14  loss 1.6849  acc 0.3149  val_loss 1.6494  val_acc 0.3304
2026-04-08 19:46:32    epoch  15  loss 1.6801  acc 0.3173  val_loss 1.6882  val_acc 0.3036
2026-04-08 19:46:38    epoch  16  loss 1.6777  acc 0.3182  val_loss 1.6662  val_acc 0.3157
2026-04-08 19:46:44    epoch  17  loss 1.6747  acc 0.3171  val_loss 1.6422  val_acc 0.3297
2026-04-08 19:46:50    epoch  18  loss 1.6715  acc 0.3201  val_loss 1.6313  val_acc 0.3357
2026-04-08 19:46:56    epoch  19  loss 1.6652  acc 0.3236  val_loss 1.6685  val_acc 0.3221
2026-04-08 19:47:02    epoch  20  loss 1.6649  acc 0.3275  val_loss 1.6241  val_acc 0.3399
2026-04-08 19:47:08    epoch  21  loss 1.6634  acc 0.3273  val_loss 1.6255  val_acc 0.3285
2026-04-08 19:47:14    epoch  22  loss 1.6484  acc 0.3301  val_loss 1.6151  val_acc 0.3486
2026-04-08 19:47:20    epoch  23  loss 1.6505  acc 0.3321  val_loss 1.6361  val_acc 0.3323
2026-04-08 19:47:26    epoch  24  loss 1.6474  acc 0.3321  val_loss 1.6155  val_acc 0.3505
2026-04-08 19:47:31    epoch  25  loss 1.6416  acc 0.3379  val_loss 1.6006  val_acc 0.3588
2026-04-08 19:47:37    epoch  26  loss 1.6380  acc 0.3412  val_loss 1.6238  val_acc 0.3297
2026-04-08 19:47:43    epoch  27  loss 1.6463  acc 0.3389  val_loss 1.6027  val_acc 0.3471
2026-04-08 19:47:49    epoch  28  loss 1.6342  acc 0.3431  val_loss 1.5939  val_acc 0.3520
2026-04-08 19:47:55    epoch  29  loss 1.6332  acc 0.3415  val_loss 1.6049  val_acc 0.3543
2026-04-08 19:48:01    epoch  30  loss 1.6297  acc 0.3468  val_loss 1.5939  val_acc 0.3569
2026-04-08 19:48:07    epoch  31  loss 1.6260  acc 0.3462  val_loss 1.5844  val_acc 0.3600
2026-04-08 19:48:13    epoch  32  loss 1.6282  acc 0.3456  val_loss 1.6000  val_acc 0.3565
2026-04-08 19:48:19    epoch  33  loss 1.6228  acc 0.3488  val_loss 1.5908  val_acc 0.3494
2026-04-08 19:48:25    epoch  34  loss 1.6200  acc 0.3505  val_loss 1.5886  val_acc 0.3611
2026-04-08 19:48:31    epoch  35  loss 1.6198  acc 0.3497  val_loss 1.5911  val_acc 0.3573
2026-04-08 19:48:37    epoch  36  loss 1.6228  acc 0.3476  val_loss 1.5857  val_acc 0.3622
2026-04-08 19:48:43    epoch  37  loss 1.6092  acc 0.3570  val_loss 1.5779  val_acc 0.3615
2026-04-08 19:48:49    epoch  38  loss 1.5962  acc 0.3598  val_loss 1.5810  val_acc 0.3622
2026-04-08 19:48:55    epoch  39  loss 1.6029  acc 0.3555  val_loss 1.5633  val_acc 0.3679
2026-04-08 19:49:00    epoch  40  loss 1.5971  acc 0.3608  val_loss 1.5570  val_acc 0.3864
2026-04-08 19:49:06    epoch  41  loss 1.5911  acc 0.3569  val_loss 1.6108  val_acc 0.3505
2026-04-08 19:49:12    epoch  42  loss 1.5907  acc 0.3651  val_loss 1.5506  val_acc 0.3777
2026-04-08 19:49:18    epoch  43  loss 1.5937  acc 0.3605  val_loss 1.5616  val_acc 0.3777
2026-04-08 19:49:24    epoch  44  loss 1.5943  acc 0.3643  val_loss 1.5508  val_acc 0.3789
2026-04-08 19:49:30    epoch  45  loss 1.5871  acc 0.3649  val_loss 1.5583  val_acc 0.3808
2026-04-08 19:49:36    epoch  46  loss 1.5853  acc 0.3653  val_loss 1.5734  val_acc 0.3683
2026-04-08 19:49:42    epoch  47  loss 1.5836  acc 0.3634  val_loss 1.5556  val_acc 0.3781
2026-04-08 19:49:48    epoch  48  loss 1.5748  acc 0.3682  val_loss 1.5464  val_acc 0.3808
2026-04-08 19:49:54    epoch  49  loss 1.5806  acc 0.3666  val_loss 1.5606  val_acc 0.3732
2026-04-08 19:50:00    epoch  50  loss 1.5742  acc 0.3681  val_loss 1.5594  val_acc 0.3785
2026-04-08 19:50:06    epoch  51  loss 1.5709  acc 0.3703  val_loss 1.5501  val_acc 0.3830
2026-04-08 19:50:12    epoch  52  loss 1.5774  acc 0.3701  val_loss 1.5416  val_acc 0.3887
2026-04-08 19:50:18    epoch  53  loss 1.5699  acc 0.3676  val_loss 1.5401  val_acc 0.3880
2026-04-08 19:50:24    epoch  54  loss 1.5710  acc 0.3691  val_loss 1.5382  val_acc 0.3917
2026-04-08 19:50:30    epoch  55  loss 1.5678  acc 0.3737  val_loss 1.5661  val_acc 0.3706
2026-04-08 19:50:36    epoch  56  loss 1.5737  acc 0.3698  val_loss 1.5381  val_acc 0.3823
2026-04-08 19:50:42    epoch  57  loss 1.5716  acc 0.3706  val_loss 1.5365  val_acc 0.3902
2026-04-08 19:50:48    epoch  58  loss 1.5664  acc 0.3696  val_loss 1.5402  val_acc 0.3830
2026-04-08 19:50:54    epoch  59  loss 1.5737  acc 0.3685  val_loss 1.5503  val_acc 0.3880
2026-04-08 19:51:00    epoch  60  loss 1.5637  acc 0.3735  val_loss 1.5506  val_acc 0.3849
2026-04-08 19:51:06    epoch  61  loss 1.5698  acc 0.3749  val_loss 1.5582  val_acc 0.3766
2026-04-08 19:51:12    epoch  62  loss 1.5636  acc 0.3763  val_loss 1.5380  val_acc 0.3876
2026-04-08 19:51:17    epoch  63  loss 1.5547  acc 0.3797  val_loss 1.5413  val_acc 0.3868
2026-04-08 19:51:23    epoch  64  loss 1.5551  acc 0.3769  val_loss 1.5333  val_acc 0.3880
2026-04-08 19:51:29    epoch  65  loss 1.5580  acc 0.3767  val_loss 1.5301  val_acc 0.3902
2026-04-08 19:51:35    epoch  66  loss 1.5588  acc 0.3770  val_loss 1.5388  val_acc 0.3857
2026-04-08 19:51:41    epoch  67  loss 1.5630  acc 0.3772  val_loss 1.5319  val_acc 0.3849
2026-04-08 19:51:47    epoch  68  loss 1.5557  acc 0.3779  val_loss 1.5306  val_acc 0.3952
2026-04-08 19:51:53    epoch  69  loss 1.5554  acc 0.3814  val_loss 1.5375  val_acc 0.3899
2026-04-08 19:51:59    epoch  70  loss 1.5566  acc 0.3797  val_loss 1.5256  val_acc 0.3986
2026-04-08 19:52:05    epoch  71  loss 1.5535  acc 0.3775  val_loss 1.5313  val_acc 0.3842
2026-04-08 19:52:10    epoch  72  loss 1.5565  acc 0.3748  val_loss 1.5314  val_acc 0.3936
2026-04-08 19:52:16    epoch  73  loss 1.5554  acc 0.3774  val_loss 1.5245  val_acc 0.3955
2026-04-08 19:52:22    epoch  74  loss 1.5586  acc 0.3760  val_loss 1.5227  val_acc 0.3963
2026-04-08 19:52:28    epoch  75  loss 1.5501  acc 0.3810  val_loss 1.5455  val_acc 0.3864
2026-04-08 19:52:34    epoch  76  loss 1.5545  acc 0.3794  val_loss 1.5283  val_acc 0.3974
2026-04-08 19:52:40    epoch  77  loss 1.5545  acc 0.3839  val_loss 1.5295  val_acc 0.3952
2026-04-08 19:52:46    epoch  78  loss 1.5527  acc 0.3802  val_loss 1.5243  val_acc 0.3917
2026-04-08 19:52:52    epoch  79  loss 1.5530  acc 0.3806  val_loss 1.5243  val_acc 0.3917
2026-04-08 19:52:58    epoch  80  loss 1.5519  acc 0.3762  val_loss 1.5256  val_acc 0.3895
2026-04-08 19:53:04    epoch  81  loss 1.5494  acc 0.3810  val_loss 1.5188  val_acc 0.3959
2026-04-08 19:53:10    epoch  82  loss 1.5457  acc 0.3856  val_loss 1.5231  val_acc 0.3974
2026-04-08 19:53:16    epoch  83  loss 1.5490  acc 0.3810  val_loss 1.5255  val_acc 0.3948
2026-04-08 19:53:22    epoch  84  loss 1.5503  acc 0.3781  val_loss 1.5207  val_acc 0.3967
2026-04-08 19:53:28    epoch  85  loss 1.5460  acc 0.3829  val_loss 1.5339  val_acc 0.3883
2026-04-08 19:53:34    epoch  86  loss 1.5462  acc 0.3803  val_loss 1.5218  val_acc 0.3952
2026-04-08 19:53:39    epoch  87  loss 1.5477  acc 0.3831  val_loss 1.5380  val_acc 0.3887
2026-04-08 19:53:45    epoch  88  loss 1.5485  acc 0.3832  val_loss 1.5174  val_acc 0.3933
2026-04-08 19:53:51    epoch  89  loss 1.5510  acc 0.3837  val_loss 1.5171  val_acc 0.3967
2026-04-08 19:53:57    epoch  90  loss 1.5443  acc 0.3806  val_loss 1.5302  val_acc 0.3891
2026-04-08 19:54:03    epoch  91  loss 1.5475  acc 0.3819  val_loss 1.5177  val_acc 0.3948
2026-04-08 19:54:09    epoch  92  loss 1.5423  acc 0.3845  val_loss 1.5197  val_acc 0.3963
2026-04-08 19:54:15    epoch  93  loss 1.5460  acc 0.3864  val_loss 1.5244  val_acc 0.3929
2026-04-08 19:54:21    epoch  94  loss 1.5443  acc 0.3869  val_loss 1.5848  val_acc 0.3656
2026-04-08 19:54:27    epoch  95  loss 1.5486  acc 0.3821  val_loss 1.5227  val_acc 0.3982
2026-04-08 19:54:34    epoch  96  loss 1.5437  acc 0.3847  val_loss 1.5266  val_acc 0.3929
2026-04-08 19:54:40    epoch  97  loss 1.5443  acc 0.3838  val_loss 1.5158  val_acc 0.3959
2026-04-08 19:54:46    epoch  98  loss 1.5441  acc 0.3852  val_loss 1.5147  val_acc 0.4001
2026-04-08 19:54:52    epoch  99  loss 1.5503  acc 0.3787  val_loss 1.5267  val_acc 0.3940
2026-04-08 19:54:58    epoch 100  loss 1.5479  acc 0.3813  val_loss 1.5260  val_acc 0.3940
2026-04-08 19:54:58    User8 accuracy: 0.4115
2026-04-08 19:54:59  ────────────────────────────────────────────────────────────
2026-04-08 19:54:59  LOSO fold — held-out: User9 (3396 test windows, 26098 train windows)
2026-04-08 19:55:05    epoch   1  loss 1.8557  acc 0.2558  val_loss 1.7632  val_acc 0.2641
2026-04-08 19:55:11    epoch   2  loss 1.7472  acc 0.2859  val_loss 1.6648  val_acc 0.3147
2026-04-08 19:55:17    epoch   3  loss 1.7362  acc 0.2973  val_loss 1.6634  val_acc 0.2974
2026-04-08 19:55:23    epoch   4  loss 1.7236  acc 0.3032  val_loss 1.6913  val_acc 0.3223
2026-04-08 19:55:28    epoch   5  loss 1.7154  acc 0.3080  val_loss 1.6587  val_acc 0.3181
2026-04-08 19:55:34    epoch   6  loss 1.7108  acc 0.3070  val_loss 1.6593  val_acc 0.3220
2026-04-08 19:55:40    epoch   7  loss 1.7036  acc 0.3150  val_loss 1.6478  val_acc 0.3400
2026-04-08 19:55:46    epoch   8  loss 1.6960  acc 0.3175  val_loss 1.6368  val_acc 0.3296
2026-04-08 19:55:52    epoch   9  loss 1.6918  acc 0.3225  val_loss 1.6365  val_acc 0.3335
2026-04-08 19:55:58    epoch  10  loss 1.6865  acc 0.3244  val_loss 1.6169  val_acc 0.3423
2026-04-08 19:56:04    epoch  11  loss 1.6817  acc 0.3274  val_loss 1.6125  val_acc 0.3480
2026-04-08 19:56:10    epoch  12  loss 1.6818  acc 0.3222  val_loss 1.6174  val_acc 0.3496
2026-04-08 19:56:16    epoch  13  loss 1.6751  acc 0.3234  val_loss 1.6412  val_acc 0.3396
2026-04-08 19:56:22    epoch  14  loss 1.6765  acc 0.3252  val_loss 1.6154  val_acc 0.3549
2026-04-08 19:56:28    epoch  15  loss 1.6675  acc 0.3286  val_loss 1.6041  val_acc 0.3450
2026-04-08 19:56:33    epoch  16  loss 1.6695  acc 0.3306  val_loss 1.6058  val_acc 0.3511
2026-04-08 19:56:39    epoch  17  loss 1.6633  acc 0.3317  val_loss 1.6259  val_acc 0.3193
2026-04-08 19:56:45    epoch  18  loss 1.6582  acc 0.3365  val_loss 1.6064  val_acc 0.3542
2026-04-08 19:56:51    epoch  19  loss 1.6613  acc 0.3347  val_loss 1.6045  val_acc 0.3400
2026-04-08 19:56:57    epoch  20  loss 1.6551  acc 0.3352  val_loss 1.6067  val_acc 0.3453
2026-04-08 19:57:03    epoch  21  loss 1.6422  acc 0.3413  val_loss 1.5758  val_acc 0.3614
2026-04-08 19:57:09    epoch  22  loss 1.6429  acc 0.3417  val_loss 1.5712  val_acc 0.3687
2026-04-08 19:57:15    epoch  23  loss 1.6357  acc 0.3443  val_loss 1.5721  val_acc 0.3752
2026-04-08 19:57:21    epoch  24  loss 1.6351  acc 0.3442  val_loss 1.5643  val_acc 0.3657
2026-04-08 19:57:27    epoch  25  loss 1.6354  acc 0.3449  val_loss 1.5683  val_acc 0.3737
2026-04-08 19:57:33    epoch  26  loss 1.6290  acc 0.3484  val_loss 1.5789  val_acc 0.3683
2026-04-08 19:57:39    epoch  27  loss 1.6310  acc 0.3464  val_loss 1.5801  val_acc 0.3703
2026-04-08 19:57:45    epoch  28  loss 1.6305  acc 0.3467  val_loss 1.5592  val_acc 0.3607
2026-04-08 19:57:51    epoch  29  loss 1.6207  acc 0.3474  val_loss 1.5551  val_acc 0.3676
2026-04-08 19:57:57    epoch  30  loss 1.6214  acc 0.3492  val_loss 1.5674  val_acc 0.3687
2026-04-08 19:58:03    epoch  31  loss 1.6184  acc 0.3544  val_loss 1.5498  val_acc 0.3760
2026-04-08 19:58:09    epoch  32  loss 1.6161  acc 0.3542  val_loss 1.5666  val_acc 0.3779
2026-04-08 19:58:15    epoch  33  loss 1.6168  acc 0.3565  val_loss 1.5504  val_acc 0.3825
2026-04-08 19:58:21    epoch  34  loss 1.6114  acc 0.3502  val_loss 1.5538  val_acc 0.3798
2026-04-08 19:58:27    epoch  35  loss 1.6161  acc 0.3534  val_loss 1.5466  val_acc 0.3756
2026-04-08 19:58:33    epoch  36  loss 1.6125  acc 0.3541  val_loss 1.5569  val_acc 0.3703
2026-04-08 19:58:39    epoch  37  loss 1.6093  acc 0.3532  val_loss 1.5688  val_acc 0.3787
2026-04-08 19:58:45    epoch  38  loss 1.6095  acc 0.3560  val_loss 1.5431  val_acc 0.3860
2026-04-08 19:58:51    epoch  39  loss 1.6114  acc 0.3586  val_loss 1.6263  val_acc 0.3611
2026-04-08 19:58:57    epoch  40  loss 1.6019  acc 0.3592  val_loss 1.5632  val_acc 0.3695
2026-04-08 19:59:03    epoch  41  loss 1.6035  acc 0.3565  val_loss 1.5378  val_acc 0.3825
2026-04-08 19:59:09    epoch  42  loss 1.5999  acc 0.3649  val_loss 1.6057  val_acc 0.3407
2026-04-08 19:59:15    epoch  43  loss 1.6069  acc 0.3599  val_loss 1.5620  val_acc 0.3779
2026-04-08 19:59:21    epoch  44  loss 1.6029  acc 0.3633  val_loss 1.6246  val_acc 0.3607
2026-04-08 19:59:27    epoch  45  loss 1.5972  acc 0.3618  val_loss 1.5528  val_acc 0.3729
2026-04-08 19:59:33    epoch  46  loss 1.5971  acc 0.3622  val_loss 1.5384  val_acc 0.3806
2026-04-08 19:59:39    epoch  47  loss 1.5872  acc 0.3686  val_loss 1.5204  val_acc 0.3829
2026-04-08 19:59:45    epoch  48  loss 1.5867  acc 0.3660  val_loss 1.5937  val_acc 0.3588
2026-04-08 19:59:51    epoch  49  loss 1.5820  acc 0.3664  val_loss 1.5525  val_acc 0.3733
2026-04-08 19:59:57    epoch  50  loss 1.5795  acc 0.3662  val_loss 1.5430  val_acc 0.3722
2026-04-08 20:00:03    epoch  51  loss 1.5813  acc 0.3733  val_loss 1.5135  val_acc 0.3933
