2026-04-08 18:39:32  ============================================================
2026-04-08 18:39:32  cnn  |  window=100  step=40
2026-04-08 18:39:32  Device  : cuda:3
2026-04-08 18:39:32  Flatten : True
2026-04-08 18:39:32  Log     : /home/mahmudm2/codebase/ClassyGlass/scripts/benchmark/logs/cnn_W100_S40.log
2026-04-08 18:39:32  Model   : /home/mahmudm2/codebase/ClassyGlass/scripts/benchmark/models/cnn_best_W100_S40.pth
2026-04-08 18:39:32  Figures : /home/mahmudm2/codebase/ClassyGlass/scripts/benchmark/figures
2026-04-08 18:39:32  ============================================================
2026-04-08 18:39:36  Loaded 36845 windows | window=100  step=40 | 129 experiments | 12 subjects | 0 experiments skipped
2026-04-08 18:39:36  ────────────────────────────────────────────────────────────
2026-04-08 18:39:36  LOSO fold — held-out: User1 (2129 test windows, 34716 train windows)
2026-04-08 18:39:47    epoch   1  loss 1.8056  acc 0.2582  val_loss 1.6653  val_acc 0.3002
2026-04-08 18:39:55    epoch   2  loss 1.7189  acc 0.2881  val_loss 1.6477  val_acc 0.3155
2026-04-08 18:40:04    epoch   3  loss 1.7021  acc 0.3002  val_loss 1.6687  val_acc 0.3178
2026-04-08 18:40:12    epoch   4  loss 1.6852  acc 0.3064  val_loss 1.6322  val_acc 0.3080
2026-04-08 18:40:20    epoch   5  loss 1.6801  acc 0.3087  val_loss 1.6125  val_acc 0.3328
2026-04-08 18:40:28    epoch   6  loss 1.6750  acc 0.3142  val_loss 1.6090  val_acc 0.3492
2026-04-08 18:40:36    epoch   7  loss 1.6662  acc 0.3207  val_loss 1.5880  val_acc 0.3526
2026-04-08 18:40:44    epoch   8  loss 1.6557  acc 0.3237  val_loss 1.6500  val_acc 0.3215
2026-04-08 18:40:52    epoch   9  loss 1.6581  acc 0.3256  val_loss 1.5945  val_acc 0.3477
2026-04-08 18:41:00    epoch  10  loss 1.6491  acc 0.3297  val_loss 1.5776  val_acc 0.3518
2026-04-08 18:41:09    epoch  11  loss 1.6438  acc 0.3307  val_loss 1.5750  val_acc 0.3581
2026-04-08 18:41:17    epoch  12  loss 1.6425  acc 0.3329  val_loss 1.5879  val_acc 0.3454
2026-04-08 18:41:25    epoch  13  loss 1.6379  acc 0.3349  val_loss 1.5872  val_acc 0.3509
2026-04-08 18:41:33    epoch  14  loss 1.6276  acc 0.3364  val_loss 1.5713  val_acc 0.3621
2026-04-08 18:41:41    epoch  15  loss 1.6318  acc 0.3387  val_loss 1.5887  val_acc 0.3515
2026-04-08 18:41:49    epoch  16  loss 1.6258  acc 0.3398  val_loss 1.5816  val_acc 0.3621
2026-04-08 18:41:57    epoch  17  loss 1.6235  acc 0.3403  val_loss 1.6263  val_acc 0.3365
2026-04-08 18:42:05    epoch  18  loss 1.6184  acc 0.3420  val_loss 1.5638  val_acc 0.3630
2026-04-08 18:42:13    epoch  19  loss 1.6114  acc 0.3424  val_loss 1.5670  val_acc 0.3535
2026-04-08 18:42:21    epoch  20  loss 1.6114  acc 0.3455  val_loss 1.5702  val_acc 0.3616
2026-04-08 18:42:29    epoch  21  loss 1.6059  acc 0.3490  val_loss 1.6140  val_acc 0.3434
2026-04-08 18:42:37    epoch  22  loss 1.6050  acc 0.3474  val_loss 1.5634  val_acc 0.3650
2026-04-08 18:42:45    epoch  23  loss 1.6076  acc 0.3493  val_loss 1.5610  val_acc 0.3731
2026-04-08 18:42:53    epoch  24  loss 1.5951  acc 0.3573  val_loss 1.5426  val_acc 0.3780
2026-04-08 18:43:01    epoch  25  loss 1.6036  acc 0.3514  val_loss 1.5328  val_acc 0.3774
2026-04-08 18:43:10    epoch  26  loss 1.5910  acc 0.3575  val_loss 1.5485  val_acc 0.3714
2026-04-08 18:43:18    epoch  27  loss 1.5906  acc 0.3598  val_loss 1.5406  val_acc 0.3768
2026-04-08 18:43:26    epoch  28  loss 1.5925  acc 0.3565  val_loss 1.5290  val_acc 0.3846
2026-04-08 18:43:35    epoch  29  loss 1.5884  acc 0.3562  val_loss 1.5237  val_acc 0.3748
2026-04-08 18:43:43    epoch  30  loss 1.5807  acc 0.3634  val_loss 1.5117  val_acc 0.3904
2026-04-08 18:43:51    epoch  31  loss 1.5856  acc 0.3599  val_loss 1.5730  val_acc 0.3575
2026-04-08 18:44:00    epoch  32  loss 1.5759  acc 0.3650  val_loss 1.5310  val_acc 0.3757
2026-04-08 18:44:08    epoch  33  loss 1.5763  acc 0.3635  val_loss 1.5399  val_acc 0.3714
2026-04-08 18:44:16    epoch  34  loss 1.5733  acc 0.3639  val_loss 1.5190  val_acc 0.3763
2026-04-08 18:44:24    epoch  35  loss 1.5751  acc 0.3664  val_loss 1.5343  val_acc 0.3734
2026-04-08 18:44:32    epoch  36  loss 1.5592  acc 0.3699  val_loss 1.4992  val_acc 0.3927
2026-04-08 18:44:40    epoch  37  loss 1.5494  acc 0.3771  val_loss 1.5102  val_acc 0.3933
2026-04-08 18:44:48    epoch  38  loss 1.5446  acc 0.3800  val_loss 1.5069  val_acc 0.3889
2026-04-08 18:44:56    epoch  39  loss 1.5434  acc 0.3769  val_loss 1.4931  val_acc 0.3973
2026-04-08 18:45:04    epoch  40  loss 1.5412  acc 0.3800  val_loss 1.4967  val_acc 0.3912
2026-04-08 18:45:13    epoch  41  loss 1.5402  acc 0.3832  val_loss 1.5011  val_acc 0.3950
2026-04-08 18:45:21    epoch  42  loss 1.5364  acc 0.3805  val_loss 1.4829  val_acc 0.3999
2026-04-08 18:45:29    epoch  43  loss 1.5450  acc 0.3800  val_loss 1.4994  val_acc 0.3970
2026-04-08 18:45:37    epoch  44  loss 1.5376  acc 0.3804  val_loss 1.4832  val_acc 0.4019
2026-04-08 18:45:45    epoch  45  loss 1.5369  acc 0.3776  val_loss 1.4894  val_acc 0.4059
2026-04-08 18:45:53    epoch  46  loss 1.5324  acc 0.3835  val_loss 1.4824  val_acc 0.4045
2026-04-08 18:46:01    epoch  47  loss 1.5338  acc 0.3823  val_loss 1.4862  val_acc 0.4068
2026-04-08 18:46:10    epoch  48  loss 1.5318  acc 0.3844  val_loss 1.5042  val_acc 0.3861
2026-04-08 18:46:18    epoch  49  loss 1.5352  acc 0.3850  val_loss 1.4724  val_acc 0.4028
2026-04-08 18:46:26    epoch  50  loss 1.5273  acc 0.3870  val_loss 1.4882  val_acc 0.3993
2026-04-08 18:46:34    epoch  51  loss 1.5288  acc 0.3858  val_loss 1.4804  val_acc 0.3973
2026-04-08 18:46:42    epoch  52  loss 1.5300  acc 0.3841  val_loss 1.4777  val_acc 0.4051
2026-04-08 18:46:50    epoch  53  loss 1.5292  acc 0.3839  val_loss 1.4847  val_acc 0.3961
2026-04-08 18:46:59    epoch  54  loss 1.5247  acc 0.3870  val_loss 1.4719  val_acc 0.4074
2026-04-08 18:47:07    epoch  55  loss 1.5212  acc 0.3896  val_loss 1.4847  val_acc 0.4013
2026-04-08 18:47:15    epoch  56  loss 1.5216  acc 0.3914  val_loss 1.4810  val_acc 0.4048
2026-04-08 18:47:23    epoch  57  loss 1.5233  acc 0.3882  val_loss 1.4792  val_acc 0.4105
2026-04-08 18:47:31    epoch  58  loss 1.5209  acc 0.3899  val_loss 1.4611  val_acc 0.4100
2026-04-08 18:47:39    epoch  59  loss 1.5204  acc 0.3896  val_loss 1.4874  val_acc 0.3987
2026-04-08 18:47:47    epoch  60  loss 1.5202  acc 0.3872  val_loss 1.4961  val_acc 0.4039
2026-04-08 18:47:55    epoch  61  loss 1.5176  acc 0.3872  val_loss 1.4749  val_acc 0.4085
2026-04-08 18:48:04    epoch  62  loss 1.5171  acc 0.3916  val_loss 1.4676  val_acc 0.4082
2026-04-08 18:48:12    epoch  63  loss 1.5147  acc 0.3913  val_loss 1.4741  val_acc 0.4114
2026-04-08 18:48:20    epoch  64  loss 1.5009  acc 0.3940  val_loss 1.4576  val_acc 0.4123
2026-04-08 18:48:28    epoch  65  loss 1.5000  acc 0.4008  val_loss 1.4838  val_acc 0.3987
2026-04-08 18:48:36    epoch  66  loss 1.5039  acc 0.3986  val_loss 1.4541  val_acc 0.4166
2026-04-08 18:48:45    epoch  67  loss 1.5014  acc 0.3988  val_loss 1.4543  val_acc 0.4157
2026-04-08 18:48:53    epoch  68  loss 1.5047  acc 0.3929  val_loss 1.4578  val_acc 0.4154
2026-04-08 18:49:01    epoch  69  loss 1.4948  acc 0.3979  val_loss 1.4731  val_acc 0.4126
2026-04-08 18:49:09    epoch  70  loss 1.4986  acc 0.3996  val_loss 1.4558  val_acc 0.4157
2026-04-08 18:49:17    epoch  71  loss 1.5006  acc 0.3970  val_loss 1.4561  val_acc 0.4157
2026-04-08 18:49:25    epoch  72  loss 1.4987  acc 0.3984  val_loss 1.4507  val_acc 0.4175
2026-04-08 18:49:33    epoch  73  loss 1.4902  acc 0.4018  val_loss 1.4472  val_acc 0.4212
2026-04-08 18:49:42    epoch  74  loss 1.4928  acc 0.4015  val_loss 1.4395  val_acc 0.4267
2026-04-08 18:49:50    epoch  75  loss 1.4893  acc 0.4023  val_loss 1.4491  val_acc 0.4235
2026-04-08 18:49:58    epoch  76  loss 1.4919  acc 0.4032  val_loss 1.4443  val_acc 0.4212
2026-04-08 18:50:06    epoch  77  loss 1.4861  acc 0.4037  val_loss 1.4423  val_acc 0.4192
2026-04-08 18:50:14    epoch  78  loss 1.4902  acc 0.4028  val_loss 1.4458  val_acc 0.4221
2026-04-08 18:50:23    epoch  79  loss 1.4905  acc 0.4061  val_loss 1.4489  val_acc 0.4160
2026-04-08 18:50:31    epoch  80  loss 1.4838  acc 0.4049  val_loss 1.4375  val_acc 0.4247
2026-04-08 18:50:39    epoch  81  loss 1.4828  acc 0.4018  val_loss 1.4446  val_acc 0.4169
2026-04-08 18:50:47    epoch  82  loss 1.4825  acc 0.4046  val_loss 1.4397  val_acc 0.4244
2026-04-08 18:50:55    epoch  83  loss 1.4834  acc 0.4044  val_loss 1.4432  val_acc 0.4203
2026-04-08 18:51:03    epoch  84  loss 1.4857  acc 0.4051  val_loss 1.4397  val_acc 0.4221
2026-04-08 18:51:12    epoch  85  loss 1.4841  acc 0.4035  val_loss 1.4365  val_acc 0.4270
2026-04-08 18:51:20    epoch  86  loss 1.4804  acc 0.4060  val_loss 1.4372  val_acc 0.4212
2026-04-08 18:51:28    epoch  87  loss 1.4814  acc 0.4065  val_loss 1.4332  val_acc 0.4212
2026-04-08 18:51:36    epoch  88  loss 1.4815  acc 0.4070  val_loss 1.4483  val_acc 0.4195
2026-04-08 18:51:44    epoch  89  loss 1.4860  acc 0.4044  val_loss 1.4599  val_acc 0.4183
2026-04-08 18:51:53    epoch  90  loss 1.4806  acc 0.4059  val_loss 1.4449  val_acc 0.4189
2026-04-08 18:52:01    epoch  91  loss 1.4808  acc 0.4048  val_loss 1.4340  val_acc 0.4247
2026-04-08 18:52:09    epoch  92  loss 1.4783  acc 0.4051  val_loss 1.4378  val_acc 0.4206
2026-04-08 18:52:17    epoch  93  loss 1.4785  acc 0.4105  val_loss 1.4334  val_acc 0.4275
2026-04-08 18:52:25    epoch  94  loss 1.4785  acc 0.4097  val_loss 1.4383  val_acc 0.4215
2026-04-08 18:52:33    epoch  95  loss 1.4802  acc 0.4049  val_loss 1.4483  val_acc 0.4137
2026-04-08 18:52:33    Early stopping at epoch 95
2026-04-08 18:52:33    User1 accuracy: 0.3058
2026-04-08 18:52:33    ✓ New best model saved (User1 held out, acc=0.3058)
2026-04-08 18:52:34  ────────────────────────────────────────────────────────────
2026-04-08 18:52:34  LOSO fold — held-out: User2 (1964 test windows, 34881 train windows)
2026-04-08 18:52:43    epoch   1  loss 1.8345  acc 0.2583  val_loss 1.6941  val_acc 0.2939
2026-04-08 18:52:51    epoch   2  loss 1.7479  acc 0.2870  val_loss 1.7352  val_acc 0.2792
2026-04-08 18:52:59    epoch   3  loss 1.7310  acc 0.2949  val_loss 1.7686  val_acc 0.2764
2026-04-08 18:53:07    epoch   4  loss 1.7180  acc 0.2953  val_loss 1.6455  val_acc 0.3157
2026-04-08 18:53:15    epoch   5  loss 1.7084  acc 0.3031  val_loss 1.6530  val_acc 0.3096
2026-04-08 18:53:23    epoch   6  loss 1.6982  acc 0.3066  val_loss 1.6570  val_acc 0.3122
2026-04-08 18:53:32    epoch   7  loss 1.6985  acc 0.3088  val_loss 1.6400  val_acc 0.3243
2026-04-08 18:53:40    epoch   8  loss 1.6936  acc 0.3116  val_loss 1.6214  val_acc 0.3177
2026-04-08 18:53:48    epoch   9  loss 1.6868  acc 0.3159  val_loss 1.6230  val_acc 0.3214
2026-04-08 18:53:56    epoch  10  loss 1.6851  acc 0.3182  val_loss 1.6196  val_acc 0.3403
2026-04-08 18:54:04    epoch  11  loss 1.6797  acc 0.3201  val_loss 1.6202  val_acc 0.3446
2026-04-08 18:54:13    epoch  12  loss 1.6768  acc 0.3197  val_loss 1.6578  val_acc 0.3280
2026-04-08 18:54:21    epoch  13  loss 1.6739  acc 0.3212  val_loss 1.6145  val_acc 0.3243
2026-04-08 18:54:29    epoch  14  loss 1.6664  acc 0.3247  val_loss 1.6062  val_acc 0.3501
2026-04-08 18:54:37    epoch  15  loss 1.6678  acc 0.3234  val_loss 1.7092  val_acc 0.3182
2026-04-08 18:54:45    epoch  16  loss 1.6608  acc 0.3293  val_loss 1.6095  val_acc 0.3481
2026-04-08 18:54:53    epoch  17  loss 1.6558  acc 0.3306  val_loss 1.5935  val_acc 0.3549
2026-04-08 18:55:02    epoch  18  loss 1.6579  acc 0.3344  val_loss 1.9038  val_acc 0.2434
2026-04-08 18:55:10    epoch  19  loss 1.6499  acc 0.3352  val_loss 1.5891  val_acc 0.3621
2026-04-08 18:55:18    epoch  20  loss 1.6474  acc 0.3369  val_loss 1.6053  val_acc 0.3552
2026-04-08 18:55:26    epoch  21  loss 1.6443  acc 0.3393  val_loss 1.5950  val_acc 0.3535
2026-04-08 18:55:34    epoch  22  loss 1.6407  acc 0.3384  val_loss 1.5701  val_acc 0.3618
2026-04-08 18:55:43    epoch  23  loss 1.6336  acc 0.3409  val_loss 1.6000  val_acc 0.3406
2026-04-08 18:55:51    epoch  24  loss 1.6343  acc 0.3428  val_loss 1.5734  val_acc 0.3549
2026-04-08 18:55:59    epoch  25  loss 1.6260  acc 0.3448  val_loss 1.5707  val_acc 0.3584
2026-04-08 18:56:07    epoch  26  loss 1.6292  acc 0.3470  val_loss 1.5936  val_acc 0.3658
2026-04-08 18:56:16    epoch  27  loss 1.6249  acc 0.3470  val_loss 1.5744  val_acc 0.3641
2026-04-08 18:56:24    epoch  28  loss 1.6068  acc 0.3519  val_loss 1.5466  val_acc 0.3744
2026-04-08 18:56:32    epoch  29  loss 1.6042  acc 0.3571  val_loss 1.5476  val_acc 0.3710
2026-04-08 18:56:40    epoch  30  loss 1.6032  acc 0.3580  val_loss 1.5391  val_acc 0.3750
2026-04-08 18:56:48    epoch  31  loss 1.5968  acc 0.3599  val_loss 1.5367  val_acc 0.3776
2026-04-08 18:56:56    epoch  32  loss 1.5977  acc 0.3583  val_loss 1.5305  val_acc 0.3793
2026-04-08 18:57:05    epoch  33  loss 1.5910  acc 0.3619  val_loss 1.5443  val_acc 0.3733
2026-04-08 18:57:13    epoch  34  loss 1.5984  acc 0.3596  val_loss 1.5288  val_acc 0.3825
2026-04-08 18:57:21    epoch  35  loss 1.5916  acc 0.3639  val_loss 1.5457  val_acc 0.3770
2026-04-08 18:57:30    epoch  36  loss 1.5929  acc 0.3607  val_loss 1.5278  val_acc 0.3718
2026-04-08 18:57:38    epoch  37  loss 1.5911  acc 0.3614  val_loss 1.5236  val_acc 0.3793
2026-04-08 18:57:46    epoch  38  loss 1.5877  acc 0.3657  val_loss 1.5231  val_acc 0.3885
2026-04-08 18:57:54    epoch  39  loss 1.5843  acc 0.3683  val_loss 1.5237  val_acc 0.3827
2026-04-08 18:58:02    epoch  40  loss 1.5882  acc 0.3632  val_loss 1.5174  val_acc 0.3876
2026-04-08 18:58:11    epoch  41  loss 1.5833  acc 0.3633  val_loss 1.5364  val_acc 0.3807
2026-04-08 18:58:19    epoch  42  loss 1.5797  acc 0.3672  val_loss 1.5815  val_acc 0.3541
2026-04-08 18:58:27    epoch  43  loss 1.5889  acc 0.3643  val_loss 1.5086  val_acc 0.3962
2026-04-08 18:58:35    epoch  44  loss 1.5816  acc 0.3666  val_loss 1.5183  val_acc 0.3816
2026-04-08 18:58:43    epoch  45  loss 1.5795  acc 0.3668  val_loss 1.5271  val_acc 0.3759
2026-04-08 18:58:51    epoch  46  loss 1.5761  acc 0.3692  val_loss 1.5449  val_acc 0.3727
2026-04-08 18:59:00    epoch  47  loss 1.5821  acc 0.3682  val_loss 1.5080  val_acc 0.3868
2026-04-08 18:59:08    epoch  48  loss 1.5722  acc 0.3721  val_loss 1.5136  val_acc 0.3793
2026-04-08 18:59:16    epoch  49  loss 1.5711  acc 0.3671  val_loss 1.5251  val_acc 0.3822
2026-04-08 18:59:24    epoch  50  loss 1.5755  acc 0.3679  val_loss 1.5143  val_acc 0.3807
2026-04-08 18:59:32    epoch  51  loss 1.5702  acc 0.3740  val_loss 1.5128  val_acc 0.3925
2026-04-08 18:59:40    epoch  52  loss 1.5708  acc 0.3695  val_loss 1.5149  val_acc 0.3902
2026-04-08 18:59:48    epoch  53  loss 1.5609  acc 0.3727  val_loss 1.5129  val_acc 0.3876
2026-04-08 18:59:56    epoch  54  loss 1.5537  acc 0.3737  val_loss 1.5070  val_acc 0.3933
2026-04-08 19:00:05    epoch  55  loss 1.5591  acc 0.3749  val_loss 1.5039  val_acc 0.3862
2026-04-08 19:00:13    epoch  56  loss 1.5540  acc 0.3783  val_loss 1.4915  val_acc 0.3999
2026-04-08 19:00:21    epoch  57  loss 1.5595  acc 0.3763  val_loss 1.4969  val_acc 0.3997
2026-04-08 19:00:29    epoch  58  loss 1.5547  acc 0.3797  val_loss 1.4945  val_acc 0.3974
2026-04-08 19:00:37    epoch  59  loss 1.5492  acc 0.3809  val_loss 1.5341  val_acc 0.3764
2026-04-08 19:00:45    epoch  60  loss 1.5545  acc 0.3767  val_loss 1.4909  val_acc 0.3994
2026-04-08 19:00:53    epoch  61  loss 1.5555  acc 0.3754  val_loss 1.5000  val_acc 0.3790
2026-04-08 19:01:01    epoch  62  loss 1.5546  acc 0.3782  val_loss 1.4874  val_acc 0.3931
2026-04-08 19:01:09    epoch  63  loss 1.5536  acc 0.3779  val_loss 1.5001  val_acc 0.3819
2026-04-08 19:01:17    epoch  64  loss 1.5488  acc 0.3825  val_loss 1.5024  val_acc 0.3908
2026-04-08 19:01:26    epoch  65  loss 1.5522  acc 0.3814  val_loss 1.4874  val_acc 0.4045
2026-04-08 19:01:34    epoch  66  loss 1.5497  acc 0.3783  val_loss 1.4873  val_acc 0.4002
2026-04-08 19:01:42    epoch  67  loss 1.5457  acc 0.3823  val_loss 1.4917  val_acc 0.3893
2026-04-08 19:01:50    epoch  68  loss 1.5417  acc 0.3794  val_loss 1.4945  val_acc 0.3916
2026-04-08 19:01:58    epoch  69  loss 1.5412  acc 0.3816  val_loss 1.4844  val_acc 0.3919
2026-04-08 19:02:06    epoch  70  loss 1.5361  acc 0.3874  val_loss 1.4782  val_acc 0.4011
2026-04-08 19:02:14    epoch  71  loss 1.5398  acc 0.3816  val_loss 1.4917  val_acc 0.3908
2026-04-08 19:02:22    epoch  72  loss 1.5394  acc 0.3778  val_loss 1.4927  val_acc 0.3888
2026-04-08 19:02:30    epoch  73  loss 1.5409  acc 0.3822  val_loss 1.4924  val_acc 0.3948
2026-04-08 19:02:39    epoch  74  loss 1.5395  acc 0.3836  val_loss 1.4806  val_acc 0.3991
2026-04-08 19:02:47    epoch  75  loss 1.5360  acc 0.3805  val_loss 1.4788  val_acc 0.3982
2026-04-08 19:02:55    epoch  76  loss 1.5343  acc 0.3824  val_loss 1.4752  val_acc 0.4045
2026-04-08 19:03:03    epoch  77  loss 1.5348  acc 0.3855  val_loss 1.4761  val_acc 0.4048
2026-04-08 19:03:11    epoch  78  loss 1.5355  acc 0.3815  val_loss 1.4933  val_acc 0.3905
2026-04-08 19:03:19    epoch  79  loss 1.5370  acc 0.3872  val_loss 1.4756  val_acc 0.3982
2026-04-08 19:03:28    epoch  80  loss 1.5334  acc 0.3850  val_loss 1.4901  val_acc 0.3928
2026-04-08 19:03:36    epoch  81  loss 1.5351  acc 0.3882  val_loss 1.4791  val_acc 0.3976
2026-04-08 19:03:44    epoch  82  loss 1.5348  acc 0.3850  val_loss 1.4723  val_acc 0.4011
2026-04-08 19:03:52    epoch  83  loss 1.5341  acc 0.3854  val_loss 1.4833  val_acc 0.4042
2026-04-08 19:04:00    epoch  84  loss 1.5369  acc 0.3819  val_loss 1.6388  val_acc 0.3466
2026-04-08 19:04:08    epoch  85  loss 1.5397  acc 0.3849  val_loss 1.4780  val_acc 0.4028
2026-04-08 19:04:17    epoch  86  loss 1.5319  acc 0.3873  val_loss 1.4742  val_acc 0.4031
2026-04-08 19:04:25    epoch  87  loss 1.5336  acc 0.3845  val_loss 1.4871  val_acc 0.3999
2026-04-08 19:04:33    epoch  88  loss 1.5344  acc 0.3859  val_loss 1.4765  val_acc 0.4008
2026-04-08 19:04:41    epoch  89  loss 1.5362  acc 0.3860  val_loss 1.4779  val_acc 0.3962
2026-04-08 19:04:49    epoch  90  loss 1.5291  acc 0.3884  val_loss 1.4706  val_acc 0.4045
2026-04-08 19:04:57    epoch  91  loss 1.5292  acc 0.3866  val_loss 1.4804  val_acc 0.3911
2026-04-08 19:05:05    epoch  92  loss 1.5324  acc 0.3858  val_loss 1.4778  val_acc 0.4045
2026-04-08 19:05:14    epoch  93  loss 1.5294  acc 0.3877  val_loss 1.4768  val_acc 0.3982
2026-04-08 19:05:22    epoch  94  loss 1.5319  acc 0.3918  val_loss 1.4735  val_acc 0.4002
2026-04-08 19:05:30    epoch  95  loss 1.5285  acc 0.3831  val_loss 1.4813  val_acc 0.3954
2026-04-08 19:05:38    epoch  96  loss 1.5312  acc 0.3879  val_loss 1.4732  val_acc 0.3954
2026-04-08 19:05:46    epoch  97  loss 1.5304  acc 0.3858  val_loss 1.4788  val_acc 0.3971
2026-04-08 19:05:55    epoch  98  loss 1.5326  acc 0.3883  val_loss 1.4744  val_acc 0.3945
2026-04-08 19:05:55    Early stopping at epoch 98
2026-04-08 19:05:55    User2 accuracy: 0.4730
2026-04-08 19:05:55    ✓ New best model saved (User2 held out, acc=0.4730)
2026-04-08 19:05:55  ────────────────────────────────────────────────────────────
2026-04-08 19:05:55  LOSO fold — held-out: User3 (1959 test windows, 34886 train windows)
2026-04-08 19:06:04    epoch   1  loss 1.8382  acc 0.2552  val_loss 1.6926  val_acc 0.2910
2026-04-08 19:06:12    epoch   2  loss 1.7438  acc 0.2819  val_loss 1.6406  val_acc 0.3248
2026-04-08 19:06:20    epoch   3  loss 1.7208  acc 0.2980  val_loss 1.6997  val_acc 0.3099
2026-04-08 19:06:28    epoch   4  loss 1.7140  acc 0.3011  val_loss 1.6271  val_acc 0.3420
2026-04-08 19:06:36    epoch   5  loss 1.7104  acc 0.3008  val_loss 1.6308  val_acc 0.3254
2026-04-08 19:06:44    epoch   6  loss 1.6972  acc 0.3124  val_loss 1.6215  val_acc 0.3329
2026-04-08 19:06:52    epoch   7  loss 1.6957  acc 0.3117  val_loss 1.6108  val_acc 0.3343
2026-04-08 19:07:01    epoch   8  loss 1.6899  acc 0.3148  val_loss 1.6106  val_acc 0.3374
2026-04-08 19:07:09    epoch   9  loss 1.6849  acc 0.3171  val_loss 1.6198  val_acc 0.3294
2026-04-08 19:07:17    epoch  10  loss 1.6841  acc 0.3186  val_loss 1.6046  val_acc 0.3366
2026-04-08 19:07:25    epoch  11  loss 1.6759  acc 0.3189  val_loss 1.6146  val_acc 0.3383
2026-04-08 19:07:33    epoch  12  loss 1.6699  acc 0.3255  val_loss 1.5942  val_acc 0.3489
2026-04-08 19:07:41    epoch  13  loss 1.6703  acc 0.3263  val_loss 1.5889  val_acc 0.3526
2026-04-08 19:07:49    epoch  14  loss 1.6614  acc 0.3261  val_loss 1.5851  val_acc 0.3595
2026-04-08 19:07:57    epoch  15  loss 1.6580  acc 0.3302  val_loss 1.6003  val_acc 0.3481
2026-04-08 19:08:05    epoch  16  loss 1.6563  acc 0.3308  val_loss 1.5747  val_acc 0.3506
2026-04-08 19:08:13    epoch  17  loss 1.6496  acc 0.3357  val_loss 1.5786  val_acc 0.3503
2026-04-08 19:08:22    epoch  18  loss 1.6474  acc 0.3373  val_loss 1.5817  val_acc 0.3524
2026-04-08 19:08:30    epoch  19  loss 1.6409  acc 0.3394  val_loss 1.5689  val_acc 0.3621
2026-04-08 19:08:38    epoch  20  loss 1.6384  acc 0.3444  val_loss 1.5646  val_acc 0.3675
2026-04-08 19:08:46    epoch  21  loss 1.6331  acc 0.3456  val_loss 1.5613  val_acc 0.3578
2026-04-08 19:08:54    epoch  22  loss 1.6324  acc 0.3460  val_loss 1.5594  val_acc 0.3584
2026-04-08 19:09:02    epoch  23  loss 1.6260  acc 0.3460  val_loss 1.5790  val_acc 0.3569
2026-04-08 19:09:11    epoch  24  loss 1.6257  acc 0.3521  val_loss 1.5421  val_acc 0.3776
2026-04-08 19:09:19    epoch  25  loss 1.6204  acc 0.3538  val_loss 1.5488  val_acc 0.3716
2026-04-08 19:09:27    epoch  26  loss 1.6177  acc 0.3554  val_loss 1.5393  val_acc 0.3690
2026-04-08 19:09:35    epoch  27  loss 1.6128  acc 0.3548  val_loss 1.5392  val_acc 0.3638
2026-04-08 19:09:43    epoch  28  loss 1.6091  acc 0.3561  val_loss 1.5592  val_acc 0.3678
2026-04-08 19:09:52    epoch  29  loss 1.6075  acc 0.3546  val_loss 1.5638  val_acc 0.3718
2026-04-08 19:10:00    epoch  30  loss 1.6058  acc 0.3580  val_loss 1.5188  val_acc 0.3859
2026-04-08 19:10:08    epoch  31  loss 1.6039  acc 0.3586  val_loss 1.5302  val_acc 0.3813
2026-04-08 19:10:16    epoch  32  loss 1.5982  acc 0.3644  val_loss 1.5273  val_acc 0.3721
2026-04-08 19:10:25    epoch  33  loss 1.5978  acc 0.3594  val_loss 1.5188  val_acc 0.3744
2026-04-08 19:10:33    epoch  34  loss 1.5984  acc 0.3644  val_loss 1.5628  val_acc 0.3610
2026-04-08 19:10:41    epoch  35  loss 1.5926  acc 0.3635  val_loss 1.5153  val_acc 0.3727
2026-04-08 19:10:49    epoch  36  loss 1.5881  acc 0.3644  val_loss 1.5207  val_acc 0.3825
2026-04-08 19:10:57    epoch  37  loss 1.5871  acc 0.3654  val_loss 1.5183  val_acc 0.3833
2026-04-08 19:11:05    epoch  38  loss 1.5869  acc 0.3668  val_loss 1.5229  val_acc 0.3836
2026-04-08 19:11:13    epoch  39  loss 1.5822  acc 0.3683  val_loss 1.5105  val_acc 0.3825
2026-04-08 19:11:21    epoch  40  loss 1.5785  acc 0.3700  val_loss 1.5031  val_acc 0.3822
2026-04-08 19:11:26    epoch  41  loss 1.5821  acc 0.3699  val_loss 1.5330  val_acc 0.3759
2026-04-08 19:11:34    epoch  42  loss 1.5823  acc 0.3695  val_loss 1.5383  val_acc 0.3670
2026-04-08 19:11:42    epoch  43  loss 1.5754  acc 0.3713  val_loss 1.5415  val_acc 0.3621
2026-04-08 19:11:50    epoch  44  loss 1.5730  acc 0.3727  val_loss 1.4999  val_acc 0.3784
2026-04-08 19:11:58    epoch  45  loss 1.5740  acc 0.3742  val_loss 1.4959  val_acc 0.3916
2026-04-08 19:12:05    epoch  46  loss 1.5728  acc 0.3746  val_loss 1.5040  val_acc 0.3888
2026-04-08 19:12:14    epoch  47  loss 1.5645  acc 0.3772  val_loss 1.4990  val_acc 0.3890
2026-04-08 19:12:23    epoch  48  loss 1.5679  acc 0.3736  val_loss 1.5061  val_acc 0.3971
2026-04-08 19:12:31    epoch  49  loss 1.5629  acc 0.3778  val_loss 1.4903  val_acc 0.3939
2026-04-08 19:12:39    epoch  50  loss 1.5598  acc 0.3791  val_loss 1.4895  val_acc 0.3925
2026-04-08 19:12:47    epoch  51  loss 1.5613  acc 0.3758  val_loss 1.5148  val_acc 0.3845
2026-04-08 19:12:56    epoch  52  loss 1.5593  acc 0.3784  val_loss 1.5215  val_acc 0.3870
2026-04-08 19:13:04    epoch  53  loss 1.5572  acc 0.3807  val_loss 1.4876  val_acc 0.3979
2026-04-08 19:13:12    epoch  54  loss 1.5580  acc 0.3785  val_loss 1.4884  val_acc 0.3942
2026-04-08 19:13:20    epoch  55  loss 1.5553  acc 0.3825  val_loss 1.5017  val_acc 0.3945
2026-04-08 19:13:28    epoch  56  loss 1.5501  acc 0.3811  val_loss 1.5149  val_acc 0.3911
2026-04-08 19:13:36    epoch  57  loss 1.5570  acc 0.3778  val_loss 1.4975  val_acc 0.3976
2026-04-08 19:13:44    epoch  58  loss 1.5498  acc 0.3837  val_loss 1.4709  val_acc 0.4074
2026-04-08 19:13:53    epoch  59  loss 1.5495  acc 0.3801  val_loss 1.4696  val_acc 0.4019
2026-04-08 19:14:01    epoch  60  loss 1.5470  acc 0.3826  val_loss 1.5039  val_acc 0.4034
2026-04-08 19:14:09    epoch  61  loss 1.5437  acc 0.3840  val_loss 1.4794  val_acc 0.3893
2026-04-08 19:14:17    epoch  62  loss 1.5473  acc 0.3846  val_loss 1.4793  val_acc 0.4028
2026-04-08 19:14:25    epoch  63  loss 1.5482  acc 0.3828  val_loss 1.4952  val_acc 0.3994
2026-04-08 19:14:33    epoch  64  loss 1.5450  acc 0.3809  val_loss 1.4792  val_acc 0.4060
2026-04-08 19:14:41    epoch  65  loss 1.5264  acc 0.3920  val_loss 1.4709  val_acc 0.3971
2026-04-08 19:14:49    epoch  66  loss 1.5246  acc 0.3926  val_loss 1.4531  val_acc 0.4065
2026-04-08 19:14:57    epoch  67  loss 1.5218  acc 0.3915  val_loss 1.4610  val_acc 0.4062
2026-04-08 19:15:06    epoch  68  loss 1.5193  acc 0.3922  val_loss 1.4595  val_acc 0.4034
2026-04-08 19:15:14    epoch  69  loss 1.5194  acc 0.3954  val_loss 1.4706  val_acc 0.4108
2026-04-08 19:15:22    epoch  70  loss 1.5210  acc 0.3940  val_loss 1.4520  val_acc 0.4103
2026-04-08 19:15:30    epoch  71  loss 1.5193  acc 0.3961  val_loss 1.4475  val_acc 0.4097
2026-04-08 19:15:38    epoch  72  loss 1.5140  acc 0.3973  val_loss 1.4498  val_acc 0.4062
2026-04-08 19:15:46    epoch  73  loss 1.5148  acc 0.3931  val_loss 1.4437  val_acc 0.4131
2026-04-08 19:15:54    epoch  74  loss 1.5152  acc 0.3968  val_loss 1.4556  val_acc 0.4143
2026-04-08 19:16:02    epoch  75  loss 1.5170  acc 0.3954  val_loss 1.4611  val_acc 0.4088
2026-04-08 19:16:11    epoch  76  loss 1.5114  acc 0.3976  val_loss 1.4453  val_acc 0.4111
2026-04-08 19:16:19    epoch  77  loss 1.5124  acc 0.3999  val_loss 1.4510  val_acc 0.4120
2026-04-08 19:16:27    epoch  78  loss 1.5136  acc 0.3957  val_loss 1.4491  val_acc 0.4189
2026-04-08 19:16:35    epoch  79  loss 1.5013  acc 0.4011  val_loss 1.4369  val_acc 0.4143
2026-04-08 19:16:43    epoch  80  loss 1.5028  acc 0.4014  val_loss 1.4345  val_acc 0.4134
2026-04-08 19:16:51    epoch  81  loss 1.5061  acc 0.4015  val_loss 1.4532  val_acc 0.4128
2026-04-08 19:16:59    epoch  82  loss 1.5012  acc 0.4058  val_loss 1.4424  val_acc 0.4186
2026-04-08 19:17:07    epoch  83  loss 1.4984  acc 0.4036  val_loss 1.4305  val_acc 0.4140
2026-04-08 19:17:16    epoch  84  loss 1.4972  acc 0.4037  val_loss 1.4320  val_acc 0.4154
2026-04-08 19:17:24    epoch  85  loss 1.4976  acc 0.4048  val_loss 1.4338  val_acc 0.4154
2026-04-08 19:17:32    epoch  86  loss 1.4978  acc 0.4062  val_loss 1.4335  val_acc 0.4140
2026-04-08 19:17:40    epoch  87  loss 1.4991  acc 0.4032  val_loss 1.4364  val_acc 0.4177
2026-04-08 19:17:48    epoch  88  loss 1.4970  acc 0.4028  val_loss 1.4347  val_acc 0.4117
2026-04-08 19:17:56    epoch  89  loss 1.4884  acc 0.4103  val_loss 1.4580  val_acc 0.4154
2026-04-08 19:18:04    epoch  90  loss 1.4923  acc 0.4104  val_loss 1.4314  val_acc 0.4151
2026-04-08 19:18:13    epoch  91  loss 1.4911  acc 0.4092  val_loss 1.4325  val_acc 0.4137
2026-04-08 19:18:13    Early stopping at epoch 91
2026-04-08 19:18:13    User3 accuracy: 0.4324
2026-04-08 19:18:14  ────────────────────────────────────────────────────────────
2026-04-08 19:18:14  LOSO fold — held-out: User4 (2070 test windows, 34775 train windows)
2026-04-08 19:18:22    epoch   1  loss 1.8334  acc 0.2599  val_loss 1.7026  val_acc 0.2882
2026-04-08 19:18:30    epoch   2  loss 1.7360  acc 0.2921  val_loss 1.6573  val_acc 0.3169
2026-04-08 19:18:38    epoch   3  loss 1.7199  acc 0.2992  val_loss 1.6624  val_acc 0.3144
2026-04-08 19:18:46    epoch   4  loss 1.7195  acc 0.3090  val_loss 1.6349  val_acc 0.3158
2026-04-08 19:18:54    epoch   5  loss 1.6993  acc 0.3139  val_loss 1.6466  val_acc 0.3267
2026-04-08 19:19:02    epoch   6  loss 1.7012  acc 0.3128  val_loss 1.6251  val_acc 0.3506
2026-04-08 19:19:10    epoch   7  loss 1.6943  acc 0.3170  val_loss 1.6213  val_acc 0.3402
2026-04-08 19:19:18    epoch   8  loss 1.6849  acc 0.3219  val_loss 1.6093  val_acc 0.3497
2026-04-08 19:19:26    epoch   9  loss 1.6822  acc 0.3243  val_loss 1.6225  val_acc 0.3494
2026-04-08 19:19:35    epoch  10  loss 1.6763  acc 0.3282  val_loss 1.6076  val_acc 0.3477
2026-04-08 19:19:43    epoch  11  loss 1.6733  acc 0.3287  val_loss 1.6396  val_acc 0.3374
2026-04-08 19:19:51    epoch  12  loss 1.6709  acc 0.3263  val_loss 1.6138  val_acc 0.3561
2026-04-08 19:19:59    epoch  13  loss 1.6611  acc 0.3324  val_loss 1.6000  val_acc 0.3474
2026-04-08 19:20:07    epoch  14  loss 1.6673  acc 0.3345  val_loss 1.5900  val_acc 0.3561
2026-04-08 19:20:15    epoch  15  loss 1.6550  acc 0.3363  val_loss 1.5983  val_acc 0.3512
2026-04-08 19:20:23    epoch  16  loss 1.6511  acc 0.3392  val_loss 1.6010  val_acc 0.3515
2026-04-08 19:20:31    epoch  17  loss 1.6507  acc 0.3398  val_loss 1.5895  val_acc 0.3696
2026-04-08 19:20:39    epoch  18  loss 1.6494  acc 0.3416  val_loss 1.5632  val_acc 0.3722
2026-04-08 19:20:47    epoch  19  loss 1.6466  acc 0.3415  val_loss 1.6610  val_acc 0.3414
2026-04-08 19:20:55    epoch  20  loss 1.6358  acc 0.3462  val_loss 1.5802  val_acc 0.3598
2026-04-08 19:21:03    epoch  21  loss 1.6302  acc 0.3499  val_loss 1.5572  val_acc 0.3699
2026-04-08 19:21:12    epoch  22  loss 1.6248  acc 0.3520  val_loss 1.5522  val_acc 0.3770
2026-04-08 19:21:20    epoch  23  loss 1.6282  acc 0.3510  val_loss 1.5812  val_acc 0.3701
2026-04-08 19:21:28    epoch  24  loss 1.6222  acc 0.3518  val_loss 1.6994  val_acc 0.3264
2026-04-08 19:21:36    epoch  25  loss 1.6174  acc 0.3582  val_loss 1.5342  val_acc 0.3874
2026-04-08 19:21:44    epoch  26  loss 1.6169  acc 0.3567  val_loss 1.5493  val_acc 0.3937
2026-04-08 19:21:52    epoch  27  loss 1.6129  acc 0.3608  val_loss 1.5498  val_acc 0.3791
2026-04-08 19:22:01    epoch  28  loss 1.6113  acc 0.3602  val_loss 1.5553  val_acc 0.3719
2026-04-08 19:22:09    epoch  29  loss 1.6104  acc 0.3589  val_loss 1.5420  val_acc 0.3770
2026-04-08 19:22:17    epoch  30  loss 1.6002  acc 0.3645  val_loss 1.5488  val_acc 0.3776
2026-04-08 19:22:25    epoch  31  loss 1.5857  acc 0.3684  val_loss 1.5299  val_acc 0.3883
2026-04-08 19:22:33    epoch  32  loss 1.5857  acc 0.3703  val_loss 1.5160  val_acc 0.3972
2026-04-08 19:22:42    epoch  33  loss 1.5793  acc 0.3724  val_loss 1.5290  val_acc 0.3874
2026-04-08 19:22:50    epoch  34  loss 1.5813  acc 0.3740  val_loss 1.5158  val_acc 0.3966
2026-04-08 19:22:58    epoch  35  loss 1.5819  acc 0.3726  val_loss 1.5177  val_acc 0.3883
2026-04-08 19:23:07    epoch  36  loss 1.5825  acc 0.3731  val_loss 1.5116  val_acc 0.4012
2026-04-08 19:23:15    epoch  37  loss 1.5815  acc 0.3724  val_loss 1.5221  val_acc 0.3903
2026-04-08 19:23:23    epoch  38  loss 1.5751  acc 0.3780  val_loss 1.5072  val_acc 0.4024
2026-04-08 19:23:32    epoch  39  loss 1.5711  acc 0.3745  val_loss 1.5056  val_acc 0.4018
2026-04-08 19:23:40    epoch  40  loss 1.5720  acc 0.3749  val_loss 1.5236  val_acc 0.3854
2026-04-08 19:23:48    epoch  41  loss 1.5691  acc 0.3769  val_loss 1.5106  val_acc 0.3926
2026-04-08 19:23:56    epoch  42  loss 1.5695  acc 0.3758  val_loss 1.5161  val_acc 0.3926
2026-04-08 19:24:04    epoch  43  loss 1.5639  acc 0.3790  val_loss 1.5047  val_acc 0.3995
2026-04-08 19:24:12    epoch  44  loss 1.5695  acc 0.3763  val_loss 1.5051  val_acc 0.4018
2026-04-08 19:24:21    epoch  45  loss 1.5652  acc 0.3788  val_loss 1.4943  val_acc 0.4070
2026-04-08 19:24:29    epoch  46  loss 1.5644  acc 0.3806  val_loss 1.5368  val_acc 0.3727
2026-04-08 19:24:37    epoch  47  loss 1.5646  acc 0.3810  val_loss 1.5012  val_acc 0.4035
2026-04-08 19:24:45    epoch  48  loss 1.5633  acc 0.3804  val_loss 1.4929  val_acc 0.4047
2026-04-08 19:24:53    epoch  49  loss 1.5641  acc 0.3808  val_loss 1.5127  val_acc 0.3926
2026-04-08 19:25:01    epoch  50  loss 1.5576  acc 0.3835  val_loss 1.5112  val_acc 0.3877
2026-04-08 19:25:10    epoch  51  loss 1.5580  acc 0.3814  val_loss 1.4968  val_acc 0.3923
2026-04-08 19:25:18    epoch  52  loss 1.5556  acc 0.3816  val_loss 1.4938  val_acc 0.4018
2026-04-08 19:25:26    epoch  53  loss 1.5613  acc 0.3801  val_loss 1.4939  val_acc 0.4064
2026-04-08 19:25:34    epoch  54  loss 1.5470  acc 0.3858  val_loss 1.4845  val_acc 0.4061
2026-04-08 19:25:42    epoch  55  loss 1.5404  acc 0.3923  val_loss 1.4817  val_acc 0.4107
2026-04-08 19:25:50    epoch  56  loss 1.5418  acc 0.3867  val_loss 1.5074  val_acc 0.3911
2026-04-08 19:25:58    epoch  57  loss 1.5414  acc 0.3879  val_loss 1.4935  val_acc 0.4003
2026-04-08 19:26:06    epoch  58  loss 1.5354  acc 0.3926  val_loss 1.4766  val_acc 0.4101
2026-04-08 19:26:14    epoch  59  loss 1.5400  acc 0.3902  val_loss 1.4994  val_acc 0.4044
2026-04-08 19:26:23    epoch  60  loss 1.5380  acc 0.3882  val_loss 1.4894  val_acc 0.4012
2026-04-08 19:26:31    epoch  61  loss 1.5432  acc 0.3907  val_loss 1.4805  val_acc 0.4107
2026-04-08 19:26:39    epoch  62  loss 1.5341  acc 0.3916  val_loss 1.4842  val_acc 0.4024
2026-04-08 19:26:47    epoch  63  loss 1.5335  acc 0.3928  val_loss 1.4760  val_acc 0.4118
2026-04-08 19:26:55    epoch  64  loss 1.5337  acc 0.3919  val_loss 1.4797  val_acc 0.4072
2026-04-08 19:27:03    epoch  65  loss 1.5309  acc 0.3941  val_loss 1.4752  val_acc 0.4052
2026-04-08 19:27:12    epoch  66  loss 1.5341  acc 0.3917  val_loss 1.4777  val_acc 0.4021
2026-04-08 19:27:20    epoch  67  loss 1.5324  acc 0.3942  val_loss 1.4752  val_acc 0.4095
2026-04-08 19:27:28    epoch  68  loss 1.5338  acc 0.3913  val_loss 1.4806  val_acc 0.4061
2026-04-08 19:27:36    epoch  69  loss 1.5327  acc 0.3941  val_loss 1.4687  val_acc 0.4110
2026-04-08 19:27:44    epoch  70  loss 1.5317  acc 0.3917  val_loss 1.4758  val_acc 0.4098
2026-04-08 19:27:52    epoch  71  loss 1.5300  acc 0.3929  val_loss 1.4834  val_acc 0.4055
2026-04-08 19:28:00    epoch  72  loss 1.5255  acc 0.3931  val_loss 1.4696  val_acc 0.4052
2026-04-08 19:28:08    epoch  73  loss 1.5306  acc 0.3917  val_loss 1.4690  val_acc 0.4110
2026-04-08 19:28:16    epoch  74  loss 1.5286  acc 0.3946  val_loss 1.4765  val_acc 0.4090
2026-04-08 19:28:25    epoch  75  loss 1.5172  acc 0.4002  val_loss 1.4671  val_acc 0.4179
2026-04-08 19:28:33    epoch  76  loss 1.5228  acc 0.3962  val_loss 1.4609  val_acc 0.4150
2026-04-08 19:28:41    epoch  77  loss 1.5189  acc 0.3954  val_loss 1.4662  val_acc 0.4162
2026-04-08 19:28:49    epoch  78  loss 1.5192  acc 0.3993  val_loss 1.4585  val_acc 0.4213
2026-04-08 19:28:57    epoch  79  loss 1.5164  acc 0.3971  val_loss 1.4694  val_acc 0.4150
2026-04-08 19:29:05    epoch  80  loss 1.5166  acc 0.3974  val_loss 1.4604  val_acc 0.4124
2026-04-08 19:29:13    epoch  81  loss 1.5158  acc 0.4008  val_loss 1.4769  val_acc 0.4107
2026-04-08 19:29:22    epoch  82  loss 1.5115  acc 0.4002  val_loss 1.4691  val_acc 0.4139
2026-04-08 19:29:30    epoch  83  loss 1.5201  acc 0.4015  val_loss 1.4682  val_acc 0.4118
2026-04-08 19:29:38    epoch  84  loss 1.5121  acc 0.3987  val_loss 1.4600  val_acc 0.4213
2026-04-08 19:29:46    epoch  85  loss 1.5163  acc 0.4018  val_loss 1.4557  val_acc 0.4162
2026-04-08 19:29:54    epoch  86  loss 1.5149  acc 0.3987  val_loss 1.4797  val_acc 0.4098
2026-04-08 19:30:02    epoch  87  loss 1.5127  acc 0.3998  val_loss 1.4731  val_acc 0.4130
2026-04-08 19:30:10    epoch  88  loss 1.5147  acc 0.4000  val_loss 1.4581  val_acc 0.4179
2026-04-08 19:30:18    epoch  89  loss 1.5107  acc 0.4008  val_loss 1.4537  val_acc 0.4208
2026-04-08 19:30:26    epoch  90  loss 1.5125  acc 0.4027  val_loss 1.4523  val_acc 0.4196
2026-04-08 19:30:35    epoch  91  loss 1.5112  acc 0.3994  val_loss 1.5083  val_acc 0.4070
2026-04-08 19:30:43    epoch  92  loss 1.5092  acc 0.3995  val_loss 1.4800  val_acc 0.4130
2026-04-08 19:30:51    epoch  93  loss 1.5100  acc 0.4004  val_loss 1.4640  val_acc 0.4113
2026-04-08 19:30:59    epoch  94  loss 1.5085  acc 0.4002  val_loss 1.4563  val_acc 0.4205
2026-04-08 19:31:07    epoch  95  loss 1.5075  acc 0.4009  val_loss 1.4894  val_acc 0.4087
2026-04-08 19:31:15    epoch  96  loss 1.5102  acc 0.4028  val_loss 1.4517  val_acc 0.4182
2026-04-08 19:31:23    epoch  97  loss 1.5082  acc 0.4012  val_loss 1.4547  val_acc 0.4188
2026-04-08 19:31:32    epoch  98  loss 1.5102  acc 0.4004  val_loss 1.4577  val_acc 0.4165
2026-04-08 19:31:40    epoch  99  loss 1.5079  acc 0.4030  val_loss 1.4605  val_acc 0.4147
2026-04-08 19:31:48    epoch 100  loss 1.5092  acc 0.4023  val_loss 1.4754  val_acc 0.4167
2026-04-08 19:31:48    User4 accuracy: 0.3855
2026-04-08 19:31:49  ────────────────────────────────────────────────────────────
2026-04-08 19:31:49  LOSO fold — held-out: User5 (2039 test windows, 34806 train windows)
2026-04-08 19:31:57    epoch   1  loss 1.8298  acc 0.2633  val_loss 1.7062  val_acc 0.2865
2026-04-08 19:32:05    epoch   2  loss 1.7312  acc 0.2963  val_loss 1.6670  val_acc 0.3273
2026-04-08 19:32:13    epoch   3  loss 1.7188  acc 0.3004  val_loss 1.6656  val_acc 0.3118
2026-04-08 19:32:21    epoch   4  loss 1.7047  acc 0.3058  val_loss 1.6521  val_acc 0.3190
2026-04-08 19:32:29    epoch   5  loss 1.6990  acc 0.3121  val_loss 1.6514  val_acc 0.3322
2026-04-08 19:32:37    epoch   6  loss 1.6985  acc 0.3153  val_loss 1.6473  val_acc 0.3279
2026-04-08 19:32:46    epoch   7  loss 1.6884  acc 0.3146  val_loss 1.6365  val_acc 0.3313
2026-04-08 19:32:54    epoch   8  loss 1.6827  acc 0.3209  val_loss 1.6519  val_acc 0.3391
2026-04-08 19:33:02    epoch   9  loss 1.6779  acc 0.3213  val_loss 1.6319  val_acc 0.3247
2026-04-08 19:33:10    epoch  10  loss 1.6748  acc 0.3226  val_loss 1.6257  val_acc 0.3454
2026-04-08 19:33:18    epoch  11  loss 1.6676  acc 0.3254  val_loss 1.6505  val_acc 0.3270
2026-04-08 19:33:26    epoch  12  loss 1.6654  acc 0.3283  val_loss 1.6127  val_acc 0.3543
2026-04-08 19:33:34    epoch  13  loss 1.6640  acc 0.3292  val_loss 1.6132  val_acc 0.3540
2026-04-08 19:33:42    epoch  14  loss 1.6547  acc 0.3338  val_loss 1.6253  val_acc 0.3374
2026-04-08 19:33:50    epoch  15  loss 1.6560  acc 0.3337  val_loss 1.6189  val_acc 0.3443
2026-04-08 19:33:58    epoch  16  loss 1.6508  acc 0.3373  val_loss 1.6252  val_acc 0.3405
2026-04-08 19:34:06    epoch  17  loss 1.6444  acc 0.3398  val_loss 1.6141  val_acc 0.3489
2026-04-08 19:34:14    epoch  18  loss 1.6308  acc 0.3471  val_loss 1.6171  val_acc 0.3575
2026-04-08 19:34:22    epoch  19  loss 1.6250  acc 0.3495  val_loss 1.5879  val_acc 0.3684
2026-04-08 19:34:31    epoch  20  loss 1.6234  acc 0.3488  val_loss 1.5791  val_acc 0.3546
2026-04-08 19:34:39    epoch  21  loss 1.6194  acc 0.3501  val_loss 1.5929  val_acc 0.3569
2026-04-08 19:34:47    epoch  22  loss 1.6197  acc 0.3511  val_loss 1.5763  val_acc 0.3618
2026-04-08 19:34:55    epoch  23  loss 1.6179  acc 0.3507  val_loss 1.5974  val_acc 0.3494
2026-04-08 19:35:03    epoch  24  loss 1.6150  acc 0.3520  val_loss 1.5957  val_acc 0.3598
2026-04-08 19:35:11    epoch  25  loss 1.6123  acc 0.3526  val_loss 1.5744  val_acc 0.3649
2026-04-08 19:35:19    epoch  26  loss 1.6096  acc 0.3530  val_loss 1.5676  val_acc 0.3721
2026-04-08 19:35:27    epoch  27  loss 1.6081  acc 0.3510  val_loss 1.5860  val_acc 0.3580
2026-04-08 19:35:35    epoch  28  loss 1.6058  acc 0.3603  val_loss 1.5788  val_acc 0.3624
2026-04-08 19:35:44    epoch  29  loss 1.6064  acc 0.3580  val_loss 1.5761  val_acc 0.3693
2026-04-08 19:35:52    epoch  30  loss 1.6032  acc 0.3593  val_loss 1.5894  val_acc 0.3733
2026-04-08 19:36:00    epoch  31  loss 1.5988  acc 0.3600  val_loss 1.5860  val_acc 0.3672
2026-04-08 19:36:08    epoch  32  loss 1.5877  acc 0.3673  val_loss 1.5610  val_acc 0.3753
2026-04-08 19:36:17    epoch  33  loss 1.5883  acc 0.3652  val_loss 1.5566  val_acc 0.3713
2026-04-08 19:36:25    epoch  34  loss 1.5861  acc 0.3636  val_loss 1.5525  val_acc 0.3782
2026-04-08 19:36:33    epoch  35  loss 1.5848  acc 0.3635  val_loss 1.5571  val_acc 0.3790
2026-04-08 19:36:41    epoch  36  loss 1.5786  acc 0.3628  val_loss 1.5433  val_acc 0.3825
2026-04-08 19:36:50    epoch  37  loss 1.5798  acc 0.3677  val_loss 1.5547  val_acc 0.3770
2026-04-08 19:36:58    epoch  38  loss 1.5773  acc 0.3689  val_loss 1.5520  val_acc 0.3767
2026-04-08 19:37:06    epoch  39  loss 1.5800  acc 0.3720  val_loss 1.5415  val_acc 0.3784
2026-04-08 19:37:14    epoch  40  loss 1.5758  acc 0.3691  val_loss 1.5395  val_acc 0.3845
2026-04-08 19:37:22    epoch  41  loss 1.5771  acc 0.3694  val_loss 1.5484  val_acc 0.3782
2026-04-08 19:37:30    epoch  42  loss 1.5725  acc 0.3726  val_loss 1.5384  val_acc 0.3830
2026-04-08 19:37:39    epoch  43  loss 1.5743  acc 0.3704  val_loss 1.5384  val_acc 0.3859
2026-04-08 19:37:47    epoch  44  loss 1.5730  acc 0.3710  val_loss 1.5427  val_acc 0.3753
2026-04-08 19:37:55    epoch  45  loss 1.5687  acc 0.3721  val_loss 1.5425  val_acc 0.3773
2026-04-08 19:38:03    epoch  46  loss 1.5688  acc 0.3714  val_loss 1.5341  val_acc 0.3917
2026-04-08 19:38:11    epoch  47  loss 1.5644  acc 0.3741  val_loss 1.5309  val_acc 0.3882
2026-04-08 19:38:19    epoch  48  loss 1.5599  acc 0.3753  val_loss 1.5301  val_acc 0.3914
2026-04-08 19:38:27    epoch  49  loss 1.5622  acc 0.3756  val_loss 1.5294  val_acc 0.3899
2026-04-08 19:38:36    epoch  50  loss 1.5656  acc 0.3733  val_loss 1.5229  val_acc 0.3989
2026-04-08 19:38:44    epoch  51  loss 1.5622  acc 0.3764  val_loss 1.5300  val_acc 0.3845
2026-04-08 19:38:52    epoch  52  loss 1.5608  acc 0.3734  val_loss 1.5218  val_acc 0.3865
2026-04-08 19:39:00    epoch  53  loss 1.5560  acc 0.3785  val_loss 1.5215  val_acc 0.3845
2026-04-08 19:39:08    epoch  54  loss 1.5539  acc 0.3788  val_loss 1.5263  val_acc 0.3925
2026-04-08 19:39:16    epoch  55  loss 1.5590  acc 0.3772  val_loss 1.5278  val_acc 0.3790
2026-04-08 19:39:25    epoch  56  loss 1.5596  acc 0.3761  val_loss 1.5225  val_acc 0.3925
2026-04-08 19:39:33    epoch  57  loss 1.5572  acc 0.3756  val_loss 1.5241  val_acc 0.3853
2026-04-08 19:39:41    epoch  58  loss 1.5517  acc 0.3765  val_loss 1.5172  val_acc 0.3879
2026-04-08 19:39:49    epoch  59  loss 1.5515  acc 0.3785  val_loss 1.5156  val_acc 0.3931
2026-04-08 19:39:57    epoch  60  loss 1.5552  acc 0.3768  val_loss 1.5198  val_acc 0.3928
2026-04-08 19:40:05    epoch  61  loss 1.5542  acc 0.3775  val_loss 1.5104  val_acc 0.3968
2026-04-08 19:40:13    epoch  62  loss 1.5543  acc 0.3800  val_loss 1.5177  val_acc 0.3897
2026-04-08 19:40:21    epoch  63  loss 1.5506  acc 0.3758  val_loss 1.5248  val_acc 0.3957
2026-04-08 19:40:29    epoch  64  loss 1.5520  acc 0.3797  val_loss 1.5206  val_acc 0.3888
2026-04-08 19:40:38    epoch  65  loss 1.5539  acc 0.3789  val_loss 1.5226  val_acc 0.3807
2026-04-08 19:40:46    epoch  66  loss 1.5461  acc 0.3812  val_loss 1.5056  val_acc 0.3980
2026-04-08 19:40:54    epoch  67  loss 1.5512  acc 0.3767  val_loss 1.5064  val_acc 0.4000
2026-04-08 19:41:02    epoch  68  loss 1.5500  acc 0.3805  val_loss 1.5069  val_acc 0.3951
2026-04-08 19:41:10    epoch  69  loss 1.5463  acc 0.3815  val_loss 1.5068  val_acc 0.3928
2026-04-08 19:41:18    epoch  70  loss 1.5431  acc 0.3845  val_loss 1.5184  val_acc 0.3937
2026-04-08 19:41:26    epoch  71  loss 1.5431  acc 0.3837  val_loss 1.5082  val_acc 0.3954
2026-04-08 19:41:34    epoch  72  loss 1.5378  acc 0.3837  val_loss 1.5054  val_acc 0.3983
2026-04-08 19:41:42    epoch  73  loss 1.5386  acc 0.3871  val_loss 1.5035  val_acc 0.3917
2026-04-08 19:41:50    epoch  74  loss 1.5380  acc 0.3888  val_loss 1.5018  val_acc 0.3986
2026-04-08 19:41:59    epoch  75  loss 1.5347  acc 0.3870  val_loss 1.5006  val_acc 0.3957
2026-04-08 19:42:07    epoch  76  loss 1.5362  acc 0.3849  val_loss 1.4981  val_acc 0.3977
2026-04-08 19:42:15    epoch  77  loss 1.5350  acc 0.3832  val_loss 1.5012  val_acc 0.4029
2026-04-08 19:42:23    epoch  78  loss 1.5345  acc 0.3854  val_loss 1.4987  val_acc 0.3989
2026-04-08 19:42:31    epoch  79  loss 1.5341  acc 0.3846  val_loss 1.5017  val_acc 0.3994
2026-04-08 19:42:39    epoch  80  loss 1.5297  acc 0.3840  val_loss 1.4997  val_acc 0.4043
2026-04-08 19:42:47    epoch  81  loss 1.5320  acc 0.3894  val_loss 1.4994  val_acc 0.3986
2026-04-08 19:42:55    epoch  82  loss 1.5278  acc 0.3861  val_loss 1.5050  val_acc 0.4023
2026-04-08 19:43:03    epoch  83  loss 1.5296  acc 0.3893  val_loss 1.5106  val_acc 0.3983
2026-04-08 19:43:11    epoch  84  loss 1.5291  acc 0.3861  val_loss 1.4964  val_acc 0.4060
2026-04-08 19:43:19    epoch  85  loss 1.5286  acc 0.3892  val_loss 1.4920  val_acc 0.4023
2026-04-08 19:43:28    epoch  86  loss 1.5249  acc 0.3880  val_loss 1.4944  val_acc 0.4034
2026-04-08 19:43:36    epoch  87  loss 1.5222  acc 0.3877  val_loss 1.4929  val_acc 0.4086
2026-04-08 19:43:44    epoch  88  loss 1.5283  acc 0.3884  val_loss 1.4899  val_acc 0.4052
2026-04-08 19:43:52    epoch  89  loss 1.5237  acc 0.3884  val_loss 1.4883  val_acc 0.4014
2026-04-08 19:44:00    epoch  90  loss 1.5229  acc 0.3890  val_loss 1.4939  val_acc 0.4063
2026-04-08 19:44:08    epoch  91  loss 1.5266  acc 0.3885  val_loss 1.4929  val_acc 0.4089
2026-04-08 19:44:16    epoch  92  loss 1.5225  acc 0.3906  val_loss 1.4933  val_acc 0.4078
2026-04-08 19:44:24    epoch  93  loss 1.5217  acc 0.3912  val_loss 1.5013  val_acc 0.4040
2026-04-08 19:44:33    epoch  94  loss 1.5266  acc 0.3912  val_loss 1.4917  val_acc 0.4029
2026-04-08 19:44:41    epoch  95  loss 1.5263  acc 0.3919  val_loss 1.4985  val_acc 0.4046
2026-04-08 19:44:49    epoch  96  loss 1.5184  acc 0.3898  val_loss 1.4982  val_acc 0.4075
2026-04-08 19:44:57    epoch  97  loss 1.5182  acc 0.3904  val_loss 1.4888  val_acc 0.4060
2026-04-08 19:44:57    Early stopping at epoch 97
2026-04-08 19:44:57    User5 accuracy: 0.3801
2026-04-08 19:44:58  ────────────────────────────────────────────────────────────
2026-04-08 19:44:58  LOSO fold — held-out: User6 (1986 test windows, 34859 train windows)
2026-04-08 19:45:06    epoch   1  loss 1.8264  acc 0.2610  val_loss 1.6673  val_acc 0.2990
2026-04-08 19:45:14    epoch   2  loss 1.7356  acc 0.2864  val_loss 1.6311  val_acc 0.3131
2026-04-08 19:45:22    epoch   3  loss 1.7205  acc 0.2970  val_loss 1.6449  val_acc 0.3197
2026-04-08 19:45:31    epoch   4  loss 1.7084  acc 0.3040  val_loss 1.6312  val_acc 0.3088
2026-04-08 19:45:39    epoch   5  loss 1.6987  acc 0.3095  val_loss 1.6549  val_acc 0.3168
2026-04-08 19:45:47    epoch   6  loss 1.6966  acc 0.3118  val_loss 1.6058  val_acc 0.3340
2026-04-08 19:45:55    epoch   7  loss 1.6908  acc 0.3110  val_loss 1.6039  val_acc 0.3352
2026-04-08 19:46:03    epoch   8  loss 1.6765  acc 0.3209  val_loss 1.6176  val_acc 0.3288
2026-04-08 19:46:11    epoch   9  loss 1.6742  acc 0.3231  val_loss 1.6123  val_acc 0.3461
2026-04-08 19:46:19    epoch  10  loss 1.6706  acc 0.3278  val_loss 1.5937  val_acc 0.3426
2026-04-08 19:46:27    epoch  11  loss 1.6653  acc 0.3300  val_loss 1.5819  val_acc 0.3406
2026-04-08 19:46:35    epoch  12  loss 1.6620  acc 0.3298  val_loss 1.5804  val_acc 0.3495
2026-04-08 19:46:43    epoch  13  loss 1.6614  acc 0.3297  val_loss 1.6122  val_acc 0.3449
2026-04-08 19:46:52    epoch  14  loss 1.6588  acc 0.3309  val_loss 1.5817  val_acc 0.3558
2026-04-08 19:47:00    epoch  15  loss 1.6541  acc 0.3361  val_loss 1.5768  val_acc 0.3486
2026-04-08 19:47:08    epoch  16  loss 1.6463  acc 0.3350  val_loss 1.5707  val_acc 0.3492
2026-04-08 19:47:16    epoch  17  loss 1.6471  acc 0.3366  val_loss 1.5607  val_acc 0.3541
2026-04-08 19:47:24    epoch  18  loss 1.6435  acc 0.3411  val_loss 1.5558  val_acc 0.3661
2026-04-08 19:47:33    epoch  19  loss 1.6381  acc 0.3468  val_loss 1.5553  val_acc 0.3653
2026-04-08 19:47:41    epoch  20  loss 1.6320  acc 0.3439  val_loss 1.5502  val_acc 0.3644
2026-04-08 19:47:49    epoch  21  loss 1.6301  acc 0.3446  val_loss 1.5480  val_acc 0.3595
2026-04-08 19:47:57    epoch  22  loss 1.6245  acc 0.3469  val_loss 1.5381  val_acc 0.3727
2026-04-08 19:48:05    epoch  23  loss 1.6205  acc 0.3512  val_loss 1.5473  val_acc 0.3659
2026-04-08 19:48:13    epoch  24  loss 1.6263  acc 0.3473  val_loss 1.5418  val_acc 0.3644
2026-04-08 19:48:22    epoch  25  loss 1.6154  acc 0.3530  val_loss 1.5547  val_acc 0.3641
2026-04-08 19:48:30    epoch  26  loss 1.6158  acc 0.3507  val_loss 1.5401  val_acc 0.3667
2026-04-08 19:48:38    epoch  27  loss 1.6142  acc 0.3545  val_loss 1.5499  val_acc 0.3736
2026-04-08 19:48:46    epoch  28  loss 1.5995  acc 0.3595  val_loss 1.5184  val_acc 0.3839
2026-04-08 19:48:55    epoch  29  loss 1.5931  acc 0.3646  val_loss 1.5182  val_acc 0.3857
2026-04-08 19:49:03    epoch  30  loss 1.5906  acc 0.3629  val_loss 1.5172  val_acc 0.3796
2026-04-08 19:49:11    epoch  31  loss 1.5817  acc 0.3675  val_loss 1.5102  val_acc 0.3828
2026-04-08 19:49:19    epoch  32  loss 1.5897  acc 0.3654  val_loss 1.5285  val_acc 0.3756
2026-04-08 19:49:28    epoch  33  loss 1.5829  acc 0.3669  val_loss 1.5206  val_acc 0.3736
2026-04-08 19:49:36    epoch  34  loss 1.5799  acc 0.3692  val_loss 1.5023  val_acc 0.3908
2026-04-08 19:49:44    epoch  35  loss 1.5836  acc 0.3689  val_loss 1.5082  val_acc 0.3825
2026-04-08 19:49:52    epoch  36  loss 1.5773  acc 0.3699  val_loss 1.5085  val_acc 0.3768
2026-04-08 19:50:01    epoch  37  loss 1.5746  acc 0.3701  val_loss 1.5129  val_acc 0.3788
2026-04-08 19:50:09    epoch  38  loss 1.5733  acc 0.3727  val_loss 1.4894  val_acc 0.3905
2026-04-08 19:50:17    epoch  39  loss 1.5689  acc 0.3729  val_loss 1.5018  val_acc 0.3845
2026-04-08 19:50:25    epoch  40  loss 1.5711  acc 0.3690  val_loss 1.5009  val_acc 0.3900
2026-04-08 19:50:33    epoch  41  loss 1.5704  acc 0.3747  val_loss 1.4953  val_acc 0.3871
2026-04-08 19:50:41    epoch  42  loss 1.5692  acc 0.3737  val_loss 1.5111  val_acc 0.3825
2026-04-08 19:50:49    epoch  43  loss 1.5691  acc 0.3721  val_loss 1.4967  val_acc 0.3882
2026-04-08 19:50:58    epoch  44  loss 1.5590  acc 0.3760  val_loss 1.4836  val_acc 0.3914
2026-04-08 19:51:06    epoch  45  loss 1.5565  acc 0.3817  val_loss 1.5010  val_acc 0.3905
2026-04-08 19:51:14    epoch  46  loss 1.5509  acc 0.3789  val_loss 1.4840  val_acc 0.3874
2026-04-08 19:51:22    epoch  47  loss 1.5512  acc 0.3796  val_loss 1.4841  val_acc 0.3989
2026-04-08 19:51:30    epoch  48  loss 1.5502  acc 0.3788  val_loss 1.4821  val_acc 0.3971
2026-04-08 19:51:38    epoch  49  loss 1.5529  acc 0.3810  val_loss 1.4843  val_acc 0.3879
2026-04-08 19:51:46    epoch  50  loss 1.5493  acc 0.3801  val_loss 1.4900  val_acc 0.3894
2026-04-08 19:51:54    epoch  51  loss 1.5499  acc 0.3814  val_loss 1.4899  val_acc 0.3897
2026-04-08 19:52:02    epoch  52  loss 1.5521  acc 0.3790  val_loss 1.4729  val_acc 0.3934
2026-04-08 19:52:10    epoch  53  loss 1.5500  acc 0.3807  val_loss 1.4723  val_acc 0.3980
2026-04-08 19:52:18    epoch  54  loss 1.5442  acc 0.3851  val_loss 1.4842  val_acc 0.3917
2026-04-08 19:52:26    epoch  55  loss 1.5434  acc 0.3799  val_loss 1.5016  val_acc 0.3931
2026-04-08 19:52:35    epoch  56  loss 1.5403  acc 0.3847  val_loss 1.4692  val_acc 0.4017
2026-04-08 19:52:43    epoch  57  loss 1.5437  acc 0.3834  val_loss 1.4759  val_acc 0.3983
2026-04-08 19:52:51    epoch  58  loss 1.5401  acc 0.3865  val_loss 1.4717  val_acc 0.3940
2026-04-08 19:52:59    epoch  59  loss 1.5446  acc 0.3800  val_loss 1.4699  val_acc 0.4003
2026-04-08 19:53:07    epoch  60  loss 1.5464  acc 0.3837  val_loss 1.4726  val_acc 0.3983
2026-04-08 19:53:15    epoch  61  loss 1.5404  acc 0.3838  val_loss 1.4634  val_acc 0.3994
2026-04-08 19:53:23    epoch  62  loss 1.5402  acc 0.3859  val_loss 1.4756  val_acc 0.3974
2026-04-08 19:53:31    epoch  63  loss 1.5393  acc 0.3826  val_loss 1.4617  val_acc 0.4089
2026-04-08 19:53:39    epoch  64  loss 1.5398  acc 0.3829  val_loss 1.5000  val_acc 0.3842
2026-04-08 19:53:47    epoch  65  loss 1.5437  acc 0.3842  val_loss 1.4674  val_acc 0.4011
2026-04-08 19:53:56    epoch  66  loss 1.5367  acc 0.3864  val_loss 1.4564  val_acc 0.4066
2026-04-08 19:54:04    epoch  67  loss 1.5321  acc 0.3853  val_loss 1.4647  val_acc 0.4032
2026-04-08 19:54:12    epoch  68  loss 1.5396  acc 0.3859  val_loss 1.4548  val_acc 0.4063
2026-04-08 19:54:20    epoch  69  loss 1.5345  acc 0.3878  val_loss 1.4620  val_acc 0.4057
2026-04-08 19:54:28    epoch  70  loss 1.5383  acc 0.3851  val_loss 1.4900  val_acc 0.3991
2026-04-08 19:54:36    epoch  71  loss 1.5343  acc 0.3868  val_loss 1.4562  val_acc 0.3974
2026-04-08 19:54:44    epoch  72  loss 1.5353  acc 0.3885  val_loss 1.4692  val_acc 0.4077
2026-04-08 19:54:52    epoch  73  loss 1.5346  acc 0.3854  val_loss 1.4621  val_acc 0.3991
2026-04-08 19:55:00    epoch  74  loss 1.5290  acc 0.3872  val_loss 1.4561  val_acc 0.4032
2026-04-08 19:55:09    epoch  75  loss 1.5227  acc 0.3897  val_loss 1.4529  val_acc 0.4017
2026-04-08 19:55:17    epoch  76  loss 1.5286  acc 0.3881  val_loss 1.4489  val_acc 0.4080
2026-04-08 19:55:25    epoch  77  loss 1.5192  acc 0.3934  val_loss 1.4645  val_acc 0.4066
2026-04-08 19:55:33    epoch  78  loss 1.5309  acc 0.3906  val_loss 1.4553  val_acc 0.4034
2026-04-08 19:55:41    epoch  79  loss 1.5260  acc 0.3926  val_loss 1.4564  val_acc 0.4055
2026-04-08 19:55:49    epoch  80  loss 1.5264  acc 0.3902  val_loss 1.4490  val_acc 0.4066
2026-04-08 19:55:57    epoch  81  loss 1.5261  acc 0.3904  val_loss 1.4636  val_acc 0.4063
2026-04-08 19:56:05    epoch  82  loss 1.5211  acc 0.3919  val_loss 1.4842  val_acc 0.4029
2026-04-08 19:56:13    epoch  83  loss 1.5223  acc 0.3912  val_loss 1.4526  val_acc 0.4103
2026-04-08 19:56:21    epoch  84  loss 1.5224  acc 0.3928  val_loss 1.4502  val_acc 0.4092
2026-04-08 19:56:21    Early stopping at epoch 84
2026-04-08 19:56:21    User6 accuracy: 0.3741
2026-04-08 19:56:22  ────────────────────────────────────────────────────────────
2026-04-08 19:56:22  LOSO fold — held-out: User7 (4265 test windows, 32580 train windows)
2026-04-08 19:56:29    epoch   1  loss 1.8405  acc 0.2560  val_loss 1.6835  val_acc 0.2956
2026-04-08 19:56:37    epoch   2  loss 1.7426  acc 0.2866  val_loss 1.6870  val_acc 0.2830
2026-04-08 19:56:45    epoch   3  loss 1.7265  acc 0.2935  val_loss 1.6420  val_acc 0.3143
2026-04-08 19:56:52    epoch   4  loss 1.7141  acc 0.2997  val_loss 1.6418  val_acc 0.3171
2026-04-08 19:57:00    epoch   5  loss 1.7061  acc 0.3061  val_loss 1.6469  val_acc 0.3155
2026-04-08 19:57:07    epoch   6  loss 1.7007  acc 0.3055  val_loss 1.6276  val_acc 0.3428
2026-04-08 19:57:15    epoch   7  loss 1.6942  acc 0.3115  val_loss 1.6522  val_acc 0.3039
2026-04-08 19:57:23    epoch   8  loss 1.6856  acc 0.3155  val_loss 1.6195  val_acc 0.3306
2026-04-08 19:57:30    epoch   9  loss 1.6840  acc 0.3159  val_loss 1.6279  val_acc 0.3373
2026-04-08 19:57:38    epoch  10  loss 1.6786  acc 0.3187  val_loss 1.6002  val_acc 0.3505
2026-04-08 19:57:45    epoch  11  loss 1.6738  acc 0.3216  val_loss 1.6167  val_acc 0.3324
2026-04-08 19:57:53    epoch  12  loss 1.6704  acc 0.3274  val_loss 1.6132  val_acc 0.3502
2026-04-08 19:58:01    epoch  13  loss 1.6664  acc 0.3238  val_loss 1.5926  val_acc 0.3456
2026-04-08 19:58:08    epoch  14  loss 1.6615  acc 0.3308  val_loss 1.5998  val_acc 0.3502
2026-04-08 19:58:16    epoch  15  loss 1.6541  acc 0.3297  val_loss 1.5742  val_acc 0.3551
2026-04-08 19:58:24    epoch  16  loss 1.6482  acc 0.3366  val_loss 1.5740  val_acc 0.3613
2026-04-08 19:58:31    epoch  17  loss 1.6511  acc 0.3379  val_loss 1.5735  val_acc 0.3582
2026-04-08 19:58:39    epoch  18  loss 1.6448  acc 0.3393  val_loss 1.5693  val_acc 0.3653
2026-04-08 19:58:47    epoch  19  loss 1.6426  acc 0.3381  val_loss 1.5693  val_acc 0.3594
2026-04-08 19:58:54    epoch  20  loss 1.6438  acc 0.3412  val_loss 1.6178  val_acc 0.3404
2026-04-08 19:59:02    epoch  21  loss 1.6369  acc 0.3439  val_loss 1.5716  val_acc 0.3610
2026-04-08 19:59:09    epoch  22  loss 1.6312  acc 0.3458  val_loss 1.5450  val_acc 0.3880
2026-04-08 19:59:17    epoch  23  loss 1.6259  acc 0.3458  val_loss 1.5430  val_acc 0.3898
2026-04-08 19:59:25    epoch  24  loss 1.6302  acc 0.3458  val_loss 1.5676  val_acc 0.3769
2026-04-08 19:59:32    epoch  25  loss 1.6218  acc 0.3503  val_loss 1.5304  val_acc 0.3886
2026-04-08 19:59:40    epoch  26  loss 1.6228  acc 0.3508  val_loss 1.5458  val_acc 0.3720
2026-04-08 19:59:48    epoch  27  loss 1.6134  acc 0.3514  val_loss 1.5618  val_acc 0.3729
2026-04-08 19:59:55    epoch  28  loss 1.6142  acc 0.3556  val_loss 1.5353  val_acc 0.3867
2026-04-08 20:00:03    epoch  29  loss 1.6038  acc 0.3567  val_loss 1.5242  val_acc 0.3901
