2026-04-08 18:39:32  ============================================================
2026-04-08 18:39:32  cnn  |  window=200  step=200
2026-04-08 18:39:32  Device  : cuda:4
2026-04-08 18:39:32  Flatten : True
2026-04-08 18:39:32  Log     : /home/mahmudm2/codebase/ClassyGlass/scripts/benchmark/logs/cnn_W200_S200.log
2026-04-08 18:39:32  Model   : /home/mahmudm2/codebase/ClassyGlass/scripts/benchmark/models/cnn_best_W200_S200.pth
2026-04-08 18:39:32  Figures : /home/mahmudm2/codebase/ClassyGlass/scripts/benchmark/figures
2026-04-08 18:39:32  ============================================================
2026-04-08 18:39:36  Loaded 7354 windows | window=200  step=200 | 129 experiments | 12 subjects | 0 experiments skipped
2026-04-08 18:39:36  ────────────────────────────────────────────────────────────
2026-04-08 18:39:36  LOSO fold — held-out: User1 (423 test windows, 6931 train windows)
2026-04-08 18:39:40    epoch   1  loss 1.9365  acc 0.2408  val_loss 1.6602  val_acc 0.2958
2026-04-08 18:39:42    epoch   2  loss 1.7675  acc 0.2685  val_loss 1.5932  val_acc 0.3232
2026-04-08 18:39:44    epoch   3  loss 1.7139  acc 0.2943  val_loss 1.5933  val_acc 0.3247
2026-04-08 18:39:45    epoch   4  loss 1.6986  acc 0.2873  val_loss 1.5660  val_acc 0.3348
2026-04-08 18:39:47    epoch   5  loss 1.7010  acc 0.2887  val_loss 1.5534  val_acc 0.3420
2026-04-08 18:39:48    epoch   6  loss 1.6798  acc 0.3022  val_loss 1.5339  val_acc 0.3304
2026-04-08 18:39:50    epoch   7  loss 1.6712  acc 0.3107  val_loss 1.5260  val_acc 0.3290
2026-04-08 18:39:52    epoch   8  loss 1.6588  acc 0.3140  val_loss 1.5343  val_acc 0.3362
2026-04-08 18:39:53    epoch   9  loss 1.6584  acc 0.3115  val_loss 1.5199  val_acc 0.3377
2026-04-08 18:39:55    epoch  10  loss 1.6514  acc 0.3156  val_loss 1.5142  val_acc 0.3579
2026-04-08 18:39:56    epoch  11  loss 1.6392  acc 0.3100  val_loss 1.5016  val_acc 0.3709
2026-04-08 18:39:58    epoch  12  loss 1.6571  acc 0.3126  val_loss 1.5366  val_acc 0.3304
2026-04-08 18:40:00    epoch  13  loss 1.6343  acc 0.3184  val_loss 1.5162  val_acc 0.3636
2026-04-08 18:40:01    epoch  14  loss 1.6561  acc 0.3185  val_loss 1.5200  val_acc 0.3449
2026-04-08 18:40:03    epoch  15  loss 1.6364  acc 0.3251  val_loss 1.5290  val_acc 0.3405
2026-04-08 18:40:04    epoch  16  loss 1.6255  acc 0.3203  val_loss 1.4873  val_acc 0.3737
2026-04-08 18:40:06    epoch  17  loss 1.6284  acc 0.3221  val_loss 1.5172  val_acc 0.3795
2026-04-08 18:40:07    epoch  18  loss 1.6252  acc 0.3293  val_loss 1.5241  val_acc 0.3478
2026-04-08 18:40:09    epoch  19  loss 1.6336  acc 0.3262  val_loss 1.5573  val_acc 0.3261
2026-04-08 18:40:11    epoch  20  loss 1.6374  acc 0.3253  val_loss 1.5374  val_acc 0.3420
2026-04-08 18:40:12    epoch  21  loss 1.6120  acc 0.3315  val_loss 1.5069  val_acc 0.3362
2026-04-08 18:40:14    epoch  22  loss 1.6046  acc 0.3256  val_loss 1.4917  val_acc 0.3737
2026-04-08 18:40:15    epoch  23  loss 1.6104  acc 0.3349  val_loss 1.4948  val_acc 0.3752
2026-04-08 18:40:17    epoch  24  loss 1.6029  acc 0.3341  val_loss 1.4860  val_acc 0.3853
2026-04-08 18:40:18    epoch  25  loss 1.5932  acc 0.3466  val_loss 1.4892  val_acc 0.3651
2026-04-08 18:40:20    epoch  26  loss 1.5984  acc 0.3312  val_loss 1.4869  val_acc 0.3997
2026-04-08 18:40:22    epoch  27  loss 1.5981  acc 0.3405  val_loss 1.4710  val_acc 0.3723
2026-04-08 18:40:23    epoch  28  loss 1.6016  acc 0.3399  val_loss 1.4782  val_acc 0.3781
2026-04-08 18:40:25    epoch  29  loss 1.5927  acc 0.3459  val_loss 1.4955  val_acc 0.3896
2026-04-08 18:40:26    epoch  30  loss 1.5791  acc 0.3493  val_loss 1.4809  val_acc 0.3723
2026-04-08 18:40:28    epoch  31  loss 1.5975  acc 0.3472  val_loss 1.4833  val_acc 0.3564
2026-04-08 18:40:30    epoch  32  loss 1.5937  acc 0.3472  val_loss 1.4739  val_acc 0.3810
2026-04-08 18:40:31    epoch  33  loss 1.5695  acc 0.3564  val_loss 1.4636  val_acc 0.3737
2026-04-08 18:40:33    epoch  34  loss 1.5770  acc 0.3495  val_loss 1.4653  val_acc 0.3939
2026-04-08 18:40:34    epoch  35  loss 1.5720  acc 0.3560  val_loss 1.4832  val_acc 0.3636
2026-04-08 18:40:36    epoch  36  loss 1.5884  acc 0.3525  val_loss 1.4705  val_acc 0.3925
2026-04-08 18:40:38    epoch  37  loss 1.5663  acc 0.3548  val_loss 1.4642  val_acc 0.3853
2026-04-08 18:40:39    epoch  38  loss 1.5743  acc 0.3516  val_loss 1.4677  val_acc 0.3665
2026-04-08 18:40:41    epoch  39  loss 1.5663  acc 0.3649  val_loss 1.4612  val_acc 0.3838
2026-04-08 18:40:42    epoch  40  loss 1.5779  acc 0.3581  val_loss 1.4626  val_acc 0.3781
2026-04-08 18:40:44    epoch  41  loss 1.5548  acc 0.3642  val_loss 1.4635  val_acc 0.3766
2026-04-08 18:40:46    epoch  42  loss 1.5567  acc 0.3594  val_loss 1.4656  val_acc 0.3838
2026-04-08 18:40:47    epoch  43  loss 1.5666  acc 0.3541  val_loss 1.4621  val_acc 0.3867
2026-04-08 18:40:49    epoch  44  loss 1.5574  acc 0.3591  val_loss 1.4652  val_acc 0.3723
2026-04-08 18:40:50    epoch  45  loss 1.5628  acc 0.3570  val_loss 1.4574  val_acc 0.3939
2026-04-08 18:40:52    epoch  46  loss 1.5633  acc 0.3620  val_loss 1.4562  val_acc 0.3853
2026-04-08 18:40:54    epoch  47  loss 1.5690  acc 0.3530  val_loss 1.4606  val_acc 0.3853
2026-04-08 18:40:55    epoch  48  loss 1.5594  acc 0.3495  val_loss 1.4649  val_acc 0.3766
2026-04-08 18:40:57    epoch  49  loss 1.5618  acc 0.3556  val_loss 1.4643  val_acc 0.3694
2026-04-08 18:40:58    epoch  50  loss 1.5590  acc 0.3649  val_loss 1.4617  val_acc 0.3665
2026-04-08 18:41:00    epoch  51  loss 1.5599  acc 0.3618  val_loss 1.4573  val_acc 0.3838
2026-04-08 18:41:01    epoch  52  loss 1.5684  acc 0.3548  val_loss 1.4570  val_acc 0.3939
2026-04-08 18:41:03    epoch  53  loss 1.5599  acc 0.3578  val_loss 1.4578  val_acc 0.3824
2026-04-08 18:41:05    epoch  54  loss 1.5530  acc 0.3546  val_loss 1.4564  val_acc 0.3810
2026-04-08 18:41:05    Early stopping at epoch 54
2026-04-08 18:41:05    User1 accuracy: 0.2695
2026-04-08 18:41:05    ✓ New best model saved (User1 held out, acc=0.2695)
2026-04-08 18:41:05  ────────────────────────────────────────────────────────────
2026-04-08 18:41:05  LOSO fold — held-out: User2 (392 test windows, 6962 train windows)
2026-04-08 18:41:07    epoch   1  loss 1.9442  acc 0.2340  val_loss 1.7539  val_acc 0.2759
2026-04-08 18:41:08    epoch   2  loss 1.7784  acc 0.2689  val_loss 1.6973  val_acc 0.2874
2026-04-08 18:41:10    epoch   3  loss 1.7284  acc 0.2917  val_loss 1.7144  val_acc 0.2960
2026-04-08 18:41:11    epoch   4  loss 1.7201  acc 0.2810  val_loss 1.6524  val_acc 0.3046
2026-04-08 18:41:13    epoch   5  loss 1.6987  acc 0.2949  val_loss 1.6200  val_acc 0.3276
2026-04-08 18:41:15    epoch   6  loss 1.6940  acc 0.2906  val_loss 1.6569  val_acc 0.3046
2026-04-08 18:41:16    epoch   7  loss 1.6826  acc 0.3059  val_loss 1.6663  val_acc 0.2816
2026-04-08 18:41:18    epoch   8  loss 1.6791  acc 0.3069  val_loss 1.6329  val_acc 0.3319
2026-04-08 18:41:19    epoch   9  loss 1.6845  acc 0.2994  val_loss 1.6189  val_acc 0.3233
2026-04-08 18:41:21    epoch  10  loss 1.6699  acc 0.3147  val_loss 1.6572  val_acc 0.3132
2026-04-08 18:41:23    epoch  11  loss 1.6711  acc 0.3163  val_loss 1.6150  val_acc 0.3261
2026-04-08 18:41:24    epoch  12  loss 1.6633  acc 0.3112  val_loss 1.6295  val_acc 0.3333
2026-04-08 18:41:26    epoch  13  loss 1.6616  acc 0.3219  val_loss 1.6185  val_acc 0.3463
2026-04-08 18:41:27    epoch  14  loss 1.6646  acc 0.3112  val_loss 1.6319  val_acc 0.3348
2026-04-08 18:41:29    epoch  15  loss 1.6689  acc 0.3102  val_loss 1.6365  val_acc 0.3376
2026-04-08 18:41:31    epoch  16  loss 1.6630  acc 0.3122  val_loss 1.6355  val_acc 0.3290
2026-04-08 18:41:32    epoch  17  loss 1.6451  acc 0.3169  val_loss 1.5986  val_acc 0.3391
2026-04-08 18:41:34    epoch  18  loss 1.6365  acc 0.3249  val_loss 1.6088  val_acc 0.3333
2026-04-08 18:41:35    epoch  19  loss 1.6357  acc 0.3304  val_loss 1.6221  val_acc 0.3333
2026-04-08 18:41:37    epoch  20  loss 1.6300  acc 0.3251  val_loss 1.5873  val_acc 0.3506
2026-04-08 18:41:39    epoch  21  loss 1.6201  acc 0.3350  val_loss 1.6252  val_acc 0.3491
2026-04-08 18:41:40    epoch  22  loss 1.6231  acc 0.3304  val_loss 1.6067  val_acc 0.3491
2026-04-08 18:41:42    epoch  23  loss 1.6322  acc 0.3294  val_loss 1.5935  val_acc 0.3520
2026-04-08 18:41:43    epoch  24  loss 1.6276  acc 0.3292  val_loss 1.5895  val_acc 0.3520
2026-04-08 18:41:45    epoch  25  loss 1.6341  acc 0.3332  val_loss 1.5909  val_acc 0.3563
2026-04-08 18:41:46    epoch  26  loss 1.6229  acc 0.3423  val_loss 1.5825  val_acc 0.3750
2026-04-08 18:41:48    epoch  27  loss 1.6217  acc 0.3399  val_loss 1.5836  val_acc 0.3793
2026-04-08 18:41:50    epoch  28  loss 1.6217  acc 0.3388  val_loss 1.5799  val_acc 0.3707
2026-04-08 18:41:51    epoch  29  loss 1.6206  acc 0.3359  val_loss 1.5699  val_acc 0.3693
2026-04-08 18:41:53    epoch  30  loss 1.6177  acc 0.3364  val_loss 1.5827  val_acc 0.3764
2026-04-08 18:41:54    epoch  31  loss 1.6205  acc 0.3308  val_loss 1.5889  val_acc 0.3520
2026-04-08 18:41:56    epoch  32  loss 1.5983  acc 0.3356  val_loss 1.5836  val_acc 0.3563
2026-04-08 18:41:58    epoch  33  loss 1.6096  acc 0.3407  val_loss 1.5649  val_acc 0.3664
2026-04-08 18:41:59    epoch  34  loss 1.6215  acc 0.3401  val_loss 1.5745  val_acc 0.3621
2026-04-08 18:42:01    epoch  35  loss 1.6056  acc 0.3388  val_loss 1.5696  val_acc 0.3606
2026-04-08 18:42:02    epoch  36  loss 1.5982  acc 0.3482  val_loss 1.5696  val_acc 0.3793
2026-04-08 18:42:04    epoch  37  loss 1.6056  acc 0.3412  val_loss 1.5605  val_acc 0.3736
2026-04-08 18:42:06    epoch  38  loss 1.6119  acc 0.3402  val_loss 1.5708  val_acc 0.3520
2026-04-08 18:42:07    epoch  39  loss 1.6058  acc 0.3404  val_loss 1.5715  val_acc 0.3592
2026-04-08 18:42:09    epoch  40  loss 1.6065  acc 0.3425  val_loss 1.5724  val_acc 0.3908
2026-04-08 18:42:10    epoch  41  loss 1.6048  acc 0.3383  val_loss 1.6096  val_acc 0.3793
2026-04-08 18:42:12    epoch  42  loss 1.6043  acc 0.3401  val_loss 1.5586  val_acc 0.3822
2026-04-08 18:42:13    epoch  43  loss 1.6164  acc 0.3380  val_loss 1.5714  val_acc 0.3693
2026-04-08 18:42:15    epoch  44  loss 1.5902  acc 0.3473  val_loss 1.5824  val_acc 0.3578
2026-04-08 18:42:17    epoch  45  loss 1.6098  acc 0.3343  val_loss 1.5687  val_acc 0.3721
2026-04-08 18:42:18    epoch  46  loss 1.6028  acc 0.3426  val_loss 1.5809  val_acc 0.3707
2026-04-08 18:42:20    epoch  47  loss 1.5933  acc 0.3358  val_loss 1.5727  val_acc 0.3750
2026-04-08 18:42:21    epoch  48  loss 1.5943  acc 0.3422  val_loss 1.5565  val_acc 0.3922
2026-04-08 18:42:23    epoch  49  loss 1.5887  acc 0.3508  val_loss 1.5534  val_acc 0.3836
2026-04-08 18:42:25    epoch  50  loss 1.5869  acc 0.3473  val_loss 1.5552  val_acc 0.3793
2026-04-08 18:42:26    epoch  51  loss 1.5886  acc 0.3473  val_loss 1.5528  val_acc 0.3894
2026-04-08 18:42:28    epoch  52  loss 1.5857  acc 0.3497  val_loss 1.5557  val_acc 0.3736
2026-04-08 18:42:29    epoch  53  loss 1.5939  acc 0.3426  val_loss 1.5501  val_acc 0.3922
2026-04-08 18:42:31    epoch  54  loss 1.5908  acc 0.3493  val_loss 1.5525  val_acc 0.3865
2026-04-08 18:42:33    epoch  55  loss 1.5911  acc 0.3493  val_loss 1.5554  val_acc 0.3851
2026-04-08 18:42:34    epoch  56  loss 1.5897  acc 0.3471  val_loss 1.5503  val_acc 0.3793
2026-04-08 18:42:36    epoch  57  loss 1.5947  acc 0.3449  val_loss 1.5477  val_acc 0.3951
2026-04-08 18:42:37    epoch  58  loss 1.5988  acc 0.3479  val_loss 1.5566  val_acc 0.3721
2026-04-08 18:42:39    epoch  59  loss 1.5914  acc 0.3485  val_loss 1.5617  val_acc 0.3908
2026-04-08 18:42:41    epoch  60  loss 1.5834  acc 0.3404  val_loss 1.5559  val_acc 0.3807
2026-04-08 18:42:42    epoch  61  loss 1.5949  acc 0.3438  val_loss 1.5534  val_acc 0.3822
2026-04-08 18:42:44    epoch  62  loss 1.5915  acc 0.3446  val_loss 1.5536  val_acc 0.3807
2026-04-08 18:42:45    epoch  63  loss 1.5902  acc 0.3530  val_loss 1.5506  val_acc 0.3836
2026-04-08 18:42:47    epoch  64  loss 1.5799  acc 0.3521  val_loss 1.5503  val_acc 0.3851
2026-04-08 18:42:49    epoch  65  loss 1.5829  acc 0.3551  val_loss 1.5486  val_acc 0.3879
2026-04-08 18:42:49    Early stopping at epoch 65
2026-04-08 18:42:49    User2 accuracy: 0.4286
2026-04-08 18:42:49    ✓ New best model saved (User2 held out, acc=0.4286)
2026-04-08 18:42:49  ────────────────────────────────────────────────────────────
2026-04-08 18:42:49  LOSO fold — held-out: User3 (390 test windows, 6964 train windows)
2026-04-08 18:42:51    epoch   1  loss 1.9694  acc 0.2251  val_loss 1.7478  val_acc 0.2414
2026-04-08 18:42:52    epoch   2  loss 1.7903  acc 0.2647  val_loss 1.6633  val_acc 0.2787
2026-04-08 18:42:54    epoch   3  loss 1.7518  acc 0.2763  val_loss 1.6351  val_acc 0.3276
2026-04-08 18:42:55    epoch   4  loss 1.7086  acc 0.2937  val_loss 1.6098  val_acc 0.3434
2026-04-08 18:42:57    epoch   5  loss 1.7049  acc 0.2910  val_loss 1.6127  val_acc 0.3405
2026-04-08 18:42:59    epoch   6  loss 1.6911  acc 0.2988  val_loss 1.5965  val_acc 0.3261
2026-04-08 18:43:00    epoch   7  loss 1.6968  acc 0.2967  val_loss 1.6263  val_acc 0.3348
2026-04-08 18:43:02    epoch   8  loss 1.6815  acc 0.3057  val_loss 1.6044  val_acc 0.3319
2026-04-08 18:43:03    epoch   9  loss 1.6705  acc 0.3047  val_loss 1.5863  val_acc 0.3448
2026-04-08 18:43:05    epoch  10  loss 1.6689  acc 0.3047  val_loss 1.6222  val_acc 0.3348
2026-04-08 18:43:07    epoch  11  loss 1.6671  acc 0.3057  val_loss 1.5969  val_acc 0.3348
2026-04-08 18:43:08    epoch  12  loss 1.6644  acc 0.3189  val_loss 1.6143  val_acc 0.3290
2026-04-08 18:43:10    epoch  13  loss 1.6631  acc 0.3141  val_loss 1.6002  val_acc 0.3420
2026-04-08 18:43:11    epoch  14  loss 1.6797  acc 0.3106  val_loss 1.5869  val_acc 0.3391
2026-04-08 18:43:13    epoch  15  loss 1.6452  acc 0.3240  val_loss 1.5832  val_acc 0.3606
2026-04-08 18:43:14    epoch  16  loss 1.6414  acc 0.3202  val_loss 1.5692  val_acc 0.3664
2026-04-08 18:43:16    epoch  17  loss 1.6420  acc 0.3259  val_loss 1.6317  val_acc 0.3506
2026-04-08 18:43:18    epoch  18  loss 1.6430  acc 0.3234  val_loss 1.5750  val_acc 0.3506
2026-04-08 18:43:19    epoch  19  loss 1.6465  acc 0.3298  val_loss 1.5731  val_acc 0.3721
2026-04-08 18:43:21    epoch  20  loss 1.6464  acc 0.3086  val_loss 1.5699  val_acc 0.3922
2026-04-08 18:43:23    epoch  21  loss 1.6356  acc 0.3318  val_loss 1.5697  val_acc 0.3606
2026-04-08 18:43:24    epoch  22  loss 1.6315  acc 0.3212  val_loss 1.5621  val_acc 0.3721
2026-04-08 18:43:26    epoch  23  loss 1.6315  acc 0.3299  val_loss 1.5642  val_acc 0.3807
2026-04-08 18:43:27    epoch  24  loss 1.6314  acc 0.3334  val_loss 1.5582  val_acc 0.3664
2026-04-08 18:43:29    epoch  25  loss 1.6225  acc 0.3326  val_loss 1.5688  val_acc 0.3851
2026-04-08 18:43:30    epoch  26  loss 1.6281  acc 0.3362  val_loss 1.5683  val_acc 0.3851
2026-04-08 18:43:32    epoch  27  loss 1.6223  acc 0.3349  val_loss 1.5657  val_acc 0.3721
2026-04-08 18:43:34    epoch  28  loss 1.6306  acc 0.3347  val_loss 1.5665  val_acc 0.3807
2026-04-08 18:43:35    epoch  29  loss 1.6242  acc 0.3334  val_loss 1.5669  val_acc 0.3865
2026-04-08 18:43:37    epoch  30  loss 1.6121  acc 0.3363  val_loss 1.5523  val_acc 0.3779
2026-04-08 18:43:38    epoch  31  loss 1.6253  acc 0.3258  val_loss 1.5579  val_acc 0.3707
2026-04-08 18:43:40    epoch  32  loss 1.6179  acc 0.3328  val_loss 1.5544  val_acc 0.3836
2026-04-08 18:43:42    epoch  33  loss 1.6188  acc 0.3395  val_loss 1.5583  val_acc 0.3635
2026-04-08 18:43:43    epoch  34  loss 1.6167  acc 0.3338  val_loss 1.5474  val_acc 0.3822
2026-04-08 18:43:45    epoch  35  loss 1.6241  acc 0.3293  val_loss 1.5494  val_acc 0.3894
2026-04-08 18:43:46    epoch  36  loss 1.6196  acc 0.3354  val_loss 1.5574  val_acc 0.3707
2026-04-08 18:43:48    epoch  37  loss 1.6024  acc 0.3310  val_loss 1.5477  val_acc 0.3707
2026-04-08 18:43:50    epoch  38  loss 1.6074  acc 0.3360  val_loss 1.5608  val_acc 0.3807
2026-04-08 18:43:51    epoch  39  loss 1.6076  acc 0.3354  val_loss 1.5479  val_acc 0.3922
2026-04-08 18:43:53    epoch  40  loss 1.6097  acc 0.3363  val_loss 1.5484  val_acc 0.3937
2026-04-08 18:43:54    epoch  41  loss 1.6184  acc 0.3382  val_loss 1.5487  val_acc 0.3865
2026-04-08 18:43:56    epoch  42  loss 1.6122  acc 0.3414  val_loss 1.5474  val_acc 0.3851
2026-04-08 18:43:58    epoch  43  loss 1.6023  acc 0.3438  val_loss 1.5509  val_acc 0.3793
2026-04-08 18:43:59    epoch  44  loss 1.6220  acc 0.3309  val_loss 1.5502  val_acc 0.3606
2026-04-08 18:44:01    epoch  45  loss 1.6086  acc 0.3429  val_loss 1.5459  val_acc 0.3851
2026-04-08 18:44:02    epoch  46  loss 1.6115  acc 0.3401  val_loss 1.5468  val_acc 0.3793
2026-04-08 18:44:04    epoch  47  loss 1.6123  acc 0.3374  val_loss 1.5498  val_acc 0.3764
2026-04-08 18:44:06    epoch  48  loss 1.6088  acc 0.3341  val_loss 1.5468  val_acc 0.3994
2026-04-08 18:44:07    epoch  49  loss 1.6019  acc 0.3379  val_loss 1.5438  val_acc 0.3836
2026-04-08 18:44:09    epoch  50  loss 1.6051  acc 0.3456  val_loss 1.5448  val_acc 0.3879
2026-04-08 18:44:10    epoch  51  loss 1.6046  acc 0.3468  val_loss 1.5517  val_acc 0.3908
2026-04-08 18:44:12    epoch  52  loss 1.6170  acc 0.3377  val_loss 1.5455  val_acc 0.3937
2026-04-08 18:44:14    epoch  53  loss 1.6058  acc 0.3400  val_loss 1.5599  val_acc 0.3865
2026-04-08 18:44:15    epoch  54  loss 1.6050  acc 0.3440  val_loss 1.5440  val_acc 0.3922
2026-04-08 18:44:17    epoch  55  loss 1.6062  acc 0.3406  val_loss 1.5457  val_acc 0.3908
2026-04-08 18:44:18    epoch  56  loss 1.5972  acc 0.3365  val_loss 1.5428  val_acc 0.3750
2026-04-08 18:44:20    epoch  57  loss 1.5945  acc 0.3425  val_loss 1.5437  val_acc 0.3851
2026-04-08 18:44:22    epoch  58  loss 1.6058  acc 0.3424  val_loss 1.5509  val_acc 0.3779
2026-04-08 18:44:23    epoch  59  loss 1.6087  acc 0.3366  val_loss 1.5418  val_acc 0.3879
2026-04-08 18:44:25    epoch  60  loss 1.5989  acc 0.3368  val_loss 1.5482  val_acc 0.3807
2026-04-08 18:44:26    epoch  61  loss 1.6099  acc 0.3395  val_loss 1.5490  val_acc 0.3908
2026-04-08 18:44:28    epoch  62  loss 1.6099  acc 0.3390  val_loss 1.5435  val_acc 0.3894
2026-04-08 18:44:30    epoch  63  loss 1.6135  acc 0.3416  val_loss 1.5433  val_acc 0.3721
2026-04-08 18:44:31    epoch  64  loss 1.5989  acc 0.3459  val_loss 1.5443  val_acc 0.3937
2026-04-08 18:44:33    epoch  65  loss 1.6207  acc 0.3360  val_loss 1.5457  val_acc 0.3922
2026-04-08 18:44:35    epoch  66  loss 1.6031  acc 0.3435  val_loss 1.5617  val_acc 0.3822
2026-04-08 18:44:36    epoch  67  loss 1.6080  acc 0.3371  val_loss 1.5510  val_acc 0.3865
2026-04-08 18:44:36    Early stopping at epoch 67
2026-04-08 18:44:36    User3 accuracy: 0.4256
2026-04-08 18:44:37  ────────────────────────────────────────────────────────────
2026-04-08 18:44:37  LOSO fold — held-out: User4 (412 test windows, 6942 train windows)
2026-04-08 18:44:38    epoch   1  loss 1.9445  acc 0.2370  val_loss 1.6850  val_acc 0.3112
2026-04-08 18:44:40    epoch   2  loss 1.7957  acc 0.2721  val_loss 1.6386  val_acc 0.3069
2026-04-08 18:44:41    epoch   3  loss 1.7579  acc 0.2806  val_loss 1.6035  val_acc 0.3084
2026-04-08 18:44:43    epoch   4  loss 1.7266  acc 0.2905  val_loss 1.6085  val_acc 0.3127
2026-04-08 18:44:45    epoch   5  loss 1.6999  acc 0.3027  val_loss 1.5725  val_acc 0.3098
2026-04-08 18:44:46    epoch   6  loss 1.6896  acc 0.3089  val_loss 1.5487  val_acc 0.3329
2026-04-08 18:44:48    epoch   7  loss 1.6893  acc 0.3091  val_loss 1.5560  val_acc 0.3343
2026-04-08 18:44:49    epoch   8  loss 1.7039  acc 0.3062  val_loss 1.5716  val_acc 0.3444
2026-04-08 18:44:51    epoch   9  loss 1.6763  acc 0.3083  val_loss 1.5477  val_acc 0.3256
2026-04-08 18:44:53    epoch  10  loss 1.6793  acc 0.3070  val_loss 1.5354  val_acc 0.3573
2026-04-08 18:44:54    epoch  11  loss 1.6836  acc 0.3151  val_loss 1.5538  val_acc 0.3559
2026-04-08 18:44:56    epoch  12  loss 1.6885  acc 0.3108  val_loss 1.5312  val_acc 0.3545
2026-04-08 18:44:57    epoch  13  loss 1.6674  acc 0.3187  val_loss 1.5639  val_acc 0.3285
2026-04-08 18:44:59    epoch  14  loss 1.6729  acc 0.3161  val_loss 1.5254  val_acc 0.3602
2026-04-08 18:45:01    epoch  15  loss 1.6697  acc 0.3188  val_loss 1.5472  val_acc 0.3242
2026-04-08 18:45:02    epoch  16  loss 1.6675  acc 0.3291  val_loss 1.5339  val_acc 0.3473
2026-04-08 18:45:04    epoch  17  loss 1.6696  acc 0.3235  val_loss 1.5671  val_acc 0.3444
2026-04-08 18:45:05    epoch  18  loss 1.6690  acc 0.3147  val_loss 1.5234  val_acc 0.3790
2026-04-08 18:45:07    epoch  19  loss 1.6667  acc 0.3142  val_loss 1.5263  val_acc 0.3631
2026-04-08 18:45:09    epoch  20  loss 1.6467  acc 0.3300  val_loss 1.5174  val_acc 0.3386
2026-04-08 18:45:10    epoch  21  loss 1.6526  acc 0.3257  val_loss 1.5154  val_acc 0.3602
2026-04-08 18:45:12    epoch  22  loss 1.6505  acc 0.3283  val_loss 1.5358  val_acc 0.3674
2026-04-08 18:45:13    epoch  23  loss 1.6525  acc 0.3209  val_loss 1.5218  val_acc 0.3732
2026-04-08 18:45:15    epoch  24  loss 1.6438  acc 0.3295  val_loss 1.5123  val_acc 0.3631
2026-04-08 18:45:17    epoch  25  loss 1.6570  acc 0.3239  val_loss 1.5817  val_acc 0.3429
2026-04-08 18:45:18    epoch  26  loss 1.6434  acc 0.3361  val_loss 1.5409  val_acc 0.3761
2026-04-08 18:45:20    epoch  27  loss 1.6368  acc 0.3278  val_loss 1.5396  val_acc 0.3271
2026-04-08 18:45:21    epoch  28  loss 1.6439  acc 0.3311  val_loss 1.5256  val_acc 0.3559
2026-04-08 18:45:23    epoch  29  loss 1.6413  acc 0.3319  val_loss 1.5397  val_acc 0.3559
2026-04-08 18:45:25    epoch  30  loss 1.6343  acc 0.3345  val_loss 1.4980  val_acc 0.3833
2026-04-08 18:45:26    epoch  31  loss 1.6205  acc 0.3404  val_loss 1.5078  val_acc 0.3862
2026-04-08 18:45:28    epoch  32  loss 1.6254  acc 0.3422  val_loss 1.4947  val_acc 0.3890
2026-04-08 18:45:30    epoch  33  loss 1.6233  acc 0.3443  val_loss 1.4976  val_acc 0.3674
2026-04-08 18:45:31    epoch  34  loss 1.6360  acc 0.3355  val_loss 1.4959  val_acc 0.3646
2026-04-08 18:45:33    epoch  35  loss 1.6149  acc 0.3411  val_loss 1.5018  val_acc 0.3703
2026-04-08 18:45:34    epoch  36  loss 1.6214  acc 0.3515  val_loss 1.4848  val_acc 0.3991
2026-04-08 18:45:36    epoch  37  loss 1.6051  acc 0.3496  val_loss 1.4867  val_acc 0.3559
2026-04-08 18:45:38    epoch  38  loss 1.6105  acc 0.3411  val_loss 1.4884  val_acc 0.3862
2026-04-08 18:45:39    epoch  39  loss 1.6133  acc 0.3448  val_loss 1.4824  val_acc 0.4006
2026-04-08 18:45:41    epoch  40  loss 1.6005  acc 0.3462  val_loss 1.4683  val_acc 0.4020
2026-04-08 18:45:42    epoch  41  loss 1.6050  acc 0.3508  val_loss 1.4765  val_acc 0.3790
2026-04-08 18:45:44    epoch  42  loss 1.6053  acc 0.3449  val_loss 1.4779  val_acc 0.3948
2026-04-08 18:45:46    epoch  43  loss 1.6160  acc 0.3478  val_loss 1.4818  val_acc 0.3790
2026-04-08 18:45:47    epoch  44  loss 1.6045  acc 0.3422  val_loss 1.4853  val_acc 0.3991
2026-04-08 18:45:49    epoch  45  loss 1.5980  acc 0.3536  val_loss 1.4703  val_acc 0.4078
2026-04-08 18:45:50    epoch  46  loss 1.5948  acc 0.3548  val_loss 1.4709  val_acc 0.4121
2026-04-08 18:45:52    epoch  47  loss 1.5858  acc 0.3566  val_loss 1.4838  val_acc 0.4078
2026-04-08 18:45:54    epoch  48  loss 1.5893  acc 0.3518  val_loss 1.4667  val_acc 0.3890
2026-04-08 18:45:55    epoch  49  loss 1.5873  acc 0.3550  val_loss 1.4691  val_acc 0.3963
2026-04-08 18:45:57    epoch  50  loss 1.5887  acc 0.3598  val_loss 1.4871  val_acc 0.3963
2026-04-08 18:45:58    epoch  51  loss 1.5908  acc 0.3539  val_loss 1.4595  val_acc 0.4107
2026-04-08 18:46:00    epoch  52  loss 1.5933  acc 0.3571  val_loss 1.4653  val_acc 0.3991
2026-04-08 18:46:02    epoch  53  loss 1.5933  acc 0.3488  val_loss 1.4569  val_acc 0.3991
2026-04-08 18:46:03    epoch  54  loss 1.5870  acc 0.3617  val_loss 1.4655  val_acc 0.4107
2026-04-08 18:46:05    epoch  55  loss 1.5882  acc 0.3563  val_loss 1.4727  val_acc 0.4035
2026-04-08 18:46:06    epoch  56  loss 1.5903  acc 0.3563  val_loss 1.4580  val_acc 0.4020
2026-04-08 18:46:08    epoch  57  loss 1.5854  acc 0.3521  val_loss 1.4876  val_acc 0.3833
2026-04-08 18:46:10    epoch  58  loss 1.5894  acc 0.3580  val_loss 1.4539  val_acc 0.4107
2026-04-08 18:46:11    epoch  59  loss 1.5932  acc 0.3617  val_loss 1.4591  val_acc 0.3948
2026-04-08 18:46:13    epoch  60  loss 1.5869  acc 0.3568  val_loss 1.4556  val_acc 0.4107
2026-04-08 18:46:14    epoch  61  loss 1.5854  acc 0.3571  val_loss 1.4621  val_acc 0.4092
2026-04-08 18:46:16    epoch  62  loss 1.5923  acc 0.3497  val_loss 1.4638  val_acc 0.4135
2026-04-08 18:46:18    epoch  63  loss 1.5762  acc 0.3675  val_loss 1.4557  val_acc 0.4121
2026-04-08 18:46:19    epoch  64  loss 1.5821  acc 0.3550  val_loss 1.4554  val_acc 0.4135
2026-04-08 18:46:21    epoch  65  loss 1.5833  acc 0.3616  val_loss 1.4555  val_acc 0.4150
2026-04-08 18:46:22    epoch  66  loss 1.5744  acc 0.3609  val_loss 1.4508  val_acc 0.4236
2026-04-08 18:46:24    epoch  67  loss 1.5744  acc 0.3598  val_loss 1.4518  val_acc 0.4337
2026-04-08 18:46:26    epoch  68  loss 1.5788  acc 0.3628  val_loss 1.4539  val_acc 0.4179
2026-04-08 18:46:27    epoch  69  loss 1.5788  acc 0.3649  val_loss 1.4491  val_acc 0.4280
2026-04-08 18:46:29    epoch  70  loss 1.5768  acc 0.3532  val_loss 1.4491  val_acc 0.4063
2026-04-08 18:46:31    epoch  71  loss 1.5793  acc 0.3624  val_loss 1.4463  val_acc 0.4135
2026-04-08 18:46:32    epoch  72  loss 1.5778  acc 0.3539  val_loss 1.4444  val_acc 0.4323
2026-04-08 18:46:34    epoch  73  loss 1.5783  acc 0.3638  val_loss 1.4483  val_acc 0.4265
2026-04-08 18:46:35    epoch  74  loss 1.5767  acc 0.3630  val_loss 1.4468  val_acc 0.4179
2026-04-08 18:46:37    epoch  75  loss 1.5703  acc 0.3606  val_loss 1.4558  val_acc 0.4063
2026-04-08 18:46:39    epoch  76  loss 1.5731  acc 0.3696  val_loss 1.4431  val_acc 0.4164
2026-04-08 18:46:40    epoch  77  loss 1.5696  acc 0.3643  val_loss 1.4465  val_acc 0.4265
2026-04-08 18:46:42    epoch  78  loss 1.5778  acc 0.3700  val_loss 1.4459  val_acc 0.4121
2026-04-08 18:46:43    epoch  79  loss 1.5659  acc 0.3667  val_loss 1.4473  val_acc 0.4063
2026-04-08 18:46:45    epoch  80  loss 1.5735  acc 0.3699  val_loss 1.4376  val_acc 0.4207
2026-04-08 18:46:47    epoch  81  loss 1.5737  acc 0.3561  val_loss 1.4549  val_acc 0.3963
2026-04-08 18:46:48    epoch  82  loss 1.5736  acc 0.3649  val_loss 1.4497  val_acc 0.4092
2026-04-08 18:46:50    epoch  83  loss 1.5636  acc 0.3603  val_loss 1.4450  val_acc 0.4164
2026-04-08 18:46:51    epoch  84  loss 1.5740  acc 0.3598  val_loss 1.4501  val_acc 0.4150
2026-04-08 18:46:53    epoch  85  loss 1.5633  acc 0.3592  val_loss 1.4394  val_acc 0.4179
2026-04-08 18:46:55    epoch  86  loss 1.5755  acc 0.3576  val_loss 1.4408  val_acc 0.4179
2026-04-08 18:46:56    epoch  87  loss 1.5588  acc 0.3704  val_loss 1.4433  val_acc 0.4150
2026-04-08 18:46:58    epoch  88  loss 1.5678  acc 0.3675  val_loss 1.4412  val_acc 0.4236
2026-04-08 18:46:58    Early stopping at epoch 88
2026-04-08 18:46:58    User4 accuracy: 0.3592
2026-04-08 18:46:58  ────────────────────────────────────────────────────────────
2026-04-08 18:46:58  LOSO fold — held-out: User5 (407 test windows, 6947 train windows)
2026-04-08 18:47:00    epoch   1  loss 1.9462  acc 0.2344  val_loss 1.6957  val_acc 0.2882
2026-04-08 18:47:01    epoch   2  loss 1.7754  acc 0.2787  val_loss 1.6451  val_acc 0.2997
2026-04-08 18:47:03    epoch   3  loss 1.7441  acc 0.2831  val_loss 1.6149  val_acc 0.3098
2026-04-08 18:47:05    epoch   4  loss 1.7137  acc 0.2957  val_loss 1.5744  val_acc 0.3242
2026-04-08 18:47:06    epoch   5  loss 1.6883  acc 0.3026  val_loss 1.5820  val_acc 0.3516
2026-04-08 18:47:08    epoch   6  loss 1.6976  acc 0.3031  val_loss 1.5817  val_acc 0.3516
2026-04-08 18:47:09    epoch   7  loss 1.7011  acc 0.3045  val_loss 1.6225  val_acc 0.3156
2026-04-08 18:47:11    epoch   8  loss 1.6803  acc 0.3131  val_loss 1.5495  val_acc 0.3501
2026-04-08 18:47:13    epoch   9  loss 1.6690  acc 0.3138  val_loss 1.5432  val_acc 0.3689
2026-04-08 18:47:14    epoch  10  loss 1.6762  acc 0.3090  val_loss 1.5780  val_acc 0.3314
2026-04-08 18:47:16    epoch  11  loss 1.6640  acc 0.3190  val_loss 1.6236  val_acc 0.3256
2026-04-08 18:47:17    epoch  12  loss 1.6751  acc 0.3072  val_loss 1.5985  val_acc 0.3184
2026-04-08 18:47:19    epoch  13  loss 1.6629  acc 0.3202  val_loss 1.5643  val_acc 0.3588
2026-04-08 18:47:20    epoch  14  loss 1.6462  acc 0.3186  val_loss 1.5573  val_acc 0.3285
2026-04-08 18:47:22    epoch  15  loss 1.6501  acc 0.3269  val_loss 1.5338  val_acc 0.3516
2026-04-08 18:47:24    epoch  16  loss 1.6499  acc 0.3280  val_loss 1.5492  val_acc 0.3804
2026-04-08 18:47:25    epoch  17  loss 1.6427  acc 0.3326  val_loss 1.5370  val_acc 0.3473
2026-04-08 18:47:27    epoch  18  loss 1.6264  acc 0.3266  val_loss 1.5566  val_acc 0.3487
2026-04-08 18:47:28    epoch  19  loss 1.6407  acc 0.3283  val_loss 1.5401  val_acc 0.3559
2026-04-08 18:47:30    epoch  20  loss 1.6380  acc 0.3259  val_loss 1.5462  val_acc 0.3573
2026-04-08 18:47:32    epoch  21  loss 1.6338  acc 0.3381  val_loss 1.5266  val_acc 0.3602
2026-04-08 18:47:33    epoch  22  loss 1.6267  acc 0.3342  val_loss 1.5278  val_acc 0.3617
2026-04-08 18:47:35    epoch  23  loss 1.6268  acc 0.3315  val_loss 1.5238  val_acc 0.3545
2026-04-08 18:47:36    epoch  24  loss 1.6451  acc 0.3309  val_loss 1.5415  val_acc 0.3602
2026-04-08 18:47:38    epoch  25  loss 1.6276  acc 0.3325  val_loss 1.5199  val_acc 0.3660
2026-04-08 18:47:40    epoch  26  loss 1.6180  acc 0.3405  val_loss 1.5126  val_acc 0.3718
2026-04-08 18:47:41    epoch  27  loss 1.6348  acc 0.3309  val_loss 1.5142  val_acc 0.3631
2026-04-08 18:47:43    epoch  28  loss 1.6228  acc 0.3323  val_loss 1.5196  val_acc 0.3573
2026-04-08 18:47:44    epoch  29  loss 1.6122  acc 0.3358  val_loss 1.5536  val_acc 0.3588
2026-04-08 18:47:46    epoch  30  loss 1.6204  acc 0.3408  val_loss 1.5485  val_acc 0.3602
2026-04-08 18:47:48    epoch  31  loss 1.6262  acc 0.3325  val_loss 1.5140  val_acc 0.3617
2026-04-08 18:47:49    epoch  32  loss 1.6191  acc 0.3346  val_loss 1.5234  val_acc 0.3646
2026-04-08 18:47:51    epoch  33  loss 1.6053  acc 0.3373  val_loss 1.5084  val_acc 0.3674
2026-04-08 18:47:52    epoch  34  loss 1.6136  acc 0.3411  val_loss 1.5095  val_acc 0.3631
2026-04-08 18:47:54    epoch  35  loss 1.6169  acc 0.3490  val_loss 1.5124  val_acc 0.3689
2026-04-08 18:47:56    epoch  36  loss 1.6157  acc 0.3422  val_loss 1.5111  val_acc 0.3732
2026-04-08 18:47:57    epoch  37  loss 1.6065  acc 0.3400  val_loss 1.5056  val_acc 0.3588
2026-04-08 18:47:59    epoch  38  loss 1.6094  acc 0.3437  val_loss 1.5040  val_acc 0.3703
2026-04-08 18:48:00    epoch  39  loss 1.6210  acc 0.3302  val_loss 1.5081  val_acc 0.3703
2026-04-08 18:48:02    epoch  40  loss 1.6113  acc 0.3405  val_loss 1.5244  val_acc 0.3646
2026-04-08 18:48:04    epoch  41  loss 1.6145  acc 0.3426  val_loss 1.5024  val_acc 0.3617
2026-04-08 18:48:05    epoch  42  loss 1.6094  acc 0.3494  val_loss 1.5080  val_acc 0.3703
2026-04-08 18:48:07    epoch  43  loss 1.6140  acc 0.3326  val_loss 1.5130  val_acc 0.3631
2026-04-08 18:48:08    epoch  44  loss 1.6053  acc 0.3429  val_loss 1.5159  val_acc 0.3732
2026-04-08 18:48:10    epoch  45  loss 1.6131  acc 0.3458  val_loss 1.5116  val_acc 0.3588
2026-04-08 18:48:12    epoch  46  loss 1.6140  acc 0.3387  val_loss 1.5041  val_acc 0.3718
2026-04-08 18:48:13    epoch  47  loss 1.6032  acc 0.3443  val_loss 1.5051  val_acc 0.3718
2026-04-08 18:48:15    epoch  48  loss 1.6052  acc 0.3501  val_loss 1.5010  val_acc 0.3761
2026-04-08 18:48:16    epoch  49  loss 1.6097  acc 0.3475  val_loss 1.4985  val_acc 0.3674
2026-04-08 18:48:18    epoch  50  loss 1.5949  acc 0.3459  val_loss 1.4997  val_acc 0.3761
2026-04-08 18:48:20    epoch  51  loss 1.5930  acc 0.3530  val_loss 1.5025  val_acc 0.3703
2026-04-08 18:48:21    epoch  52  loss 1.6046  acc 0.3462  val_loss 1.5001  val_acc 0.3703
2026-04-08 18:48:23    epoch  53  loss 1.5982  acc 0.3536  val_loss 1.4989  val_acc 0.3790
2026-04-08 18:48:24    epoch  54  loss 1.6050  acc 0.3392  val_loss 1.5272  val_acc 0.3674
2026-04-08 18:48:26    epoch  55  loss 1.5929  acc 0.3461  val_loss 1.5003  val_acc 0.3732
2026-04-08 18:48:28    epoch  56  loss 1.5971  acc 0.3545  val_loss 1.5084  val_acc 0.3775
2026-04-08 18:48:29    epoch  57  loss 1.6068  acc 0.3352  val_loss 1.4971  val_acc 0.3746
2026-04-08 18:48:31    epoch  58  loss 1.5910  acc 0.3437  val_loss 1.5043  val_acc 0.3689
2026-04-08 18:48:32    epoch  59  loss 1.5915  acc 0.3547  val_loss 1.5158  val_acc 0.3761
2026-04-08 18:48:34    epoch  60  loss 1.5905  acc 0.3499  val_loss 1.4977  val_acc 0.3718
2026-04-08 18:48:36    epoch  61  loss 1.5976  acc 0.3499  val_loss 1.5011  val_acc 0.3718
2026-04-08 18:48:37    epoch  62  loss 1.5973  acc 0.3453  val_loss 1.5015  val_acc 0.3790
2026-04-08 18:48:39    epoch  63  loss 1.6031  acc 0.3394  val_loss 1.4966  val_acc 0.3732
2026-04-08 18:48:40    epoch  64  loss 1.5929  acc 0.3485  val_loss 1.4976  val_acc 0.3732
2026-04-08 18:48:42    epoch  65  loss 1.5970  acc 0.3522  val_loss 1.4943  val_acc 0.3746
2026-04-08 18:48:44    epoch  66  loss 1.5955  acc 0.3480  val_loss 1.4946  val_acc 0.3689
2026-04-08 18:48:45    epoch  67  loss 1.6021  acc 0.3499  val_loss 1.5204  val_acc 0.3703
2026-04-08 18:48:47    epoch  68  loss 1.6070  acc 0.3397  val_loss 1.5031  val_acc 0.3689
2026-04-08 18:48:48    epoch  69  loss 1.5935  acc 0.3494  val_loss 1.4974  val_acc 0.3718
2026-04-08 18:48:50    epoch  70  loss 1.6052  acc 0.3442  val_loss 1.5019  val_acc 0.3703
2026-04-08 18:48:52    epoch  71  loss 1.5859  acc 0.3443  val_loss 1.5133  val_acc 0.3761
2026-04-08 18:48:53    epoch  72  loss 1.5953  acc 0.3451  val_loss 1.4941  val_acc 0.3732
2026-04-08 18:48:55    epoch  73  loss 1.5938  acc 0.3466  val_loss 1.5071  val_acc 0.3646
2026-04-08 18:48:56    epoch  74  loss 1.5937  acc 0.3528  val_loss 1.4925  val_acc 0.3775
2026-04-08 18:48:58    epoch  75  loss 1.5994  acc 0.3443  val_loss 1.5101  val_acc 0.3718
2026-04-08 18:48:59    epoch  76  loss 1.5942  acc 0.3496  val_loss 1.5037  val_acc 0.3732
2026-04-08 18:49:01    epoch  77  loss 1.5848  acc 0.3530  val_loss 1.5002  val_acc 0.3732
2026-04-08 18:49:03    epoch  78  loss 1.5933  acc 0.3411  val_loss 1.5011  val_acc 0.3746
2026-04-08 18:49:04    epoch  79  loss 1.5992  acc 0.3382  val_loss 1.4933  val_acc 0.3775
2026-04-08 18:49:06    epoch  80  loss 1.6011  acc 0.3482  val_loss 1.4950  val_acc 0.3689
2026-04-08 18:49:07    epoch  81  loss 1.5952  acc 0.3538  val_loss 1.5094  val_acc 0.3746
2026-04-08 18:49:09    epoch  82  loss 1.6137  acc 0.3493  val_loss 1.4992  val_acc 0.3746
2026-04-08 18:49:09    Early stopping at epoch 82
2026-04-08 18:49:09    User5 accuracy: 0.3440
2026-04-08 18:49:09  ────────────────────────────────────────────────────────────
2026-04-08 18:49:09  LOSO fold — held-out: User6 (396 test windows, 6958 train windows)
2026-04-08 18:49:11    epoch   1  loss 1.9539  acc 0.2250  val_loss 1.7296  val_acc 0.3022
2026-04-08 18:49:13    epoch   2  loss 1.7779  acc 0.2674  val_loss 1.6770  val_acc 0.2777
2026-04-08 18:49:14    epoch   3  loss 1.7333  acc 0.2783  val_loss 1.6695  val_acc 0.2763
2026-04-08 18:49:16    epoch   4  loss 1.7121  acc 0.2979  val_loss 1.5911  val_acc 0.3295
2026-04-08 18:49:17    epoch   5  loss 1.7144  acc 0.2877  val_loss 1.6253  val_acc 0.3281
2026-04-08 18:49:19    epoch   6  loss 1.6837  acc 0.3048  val_loss 1.5885  val_acc 0.3381
2026-04-08 18:49:21    epoch   7  loss 1.6809  acc 0.3058  val_loss 1.5965  val_acc 0.3396
2026-04-08 18:49:22    epoch   8  loss 1.6715  acc 0.3013  val_loss 1.6042  val_acc 0.3338
2026-04-08 18:49:24    epoch   9  loss 1.6735  acc 0.2995  val_loss 1.5932  val_acc 0.3410
2026-04-08 18:49:25    epoch  10  loss 1.6620  acc 0.3114  val_loss 1.5765  val_acc 0.3065
2026-04-08 18:49:27    epoch  11  loss 1.6634  acc 0.3083  val_loss 1.5729  val_acc 0.3424
2026-04-08 18:49:29    epoch  12  loss 1.6577  acc 0.3168  val_loss 1.5765  val_acc 0.3583
2026-04-08 18:49:30    epoch  13  loss 1.6570  acc 0.3144  val_loss 1.5630  val_acc 0.3482
2026-04-08 18:49:32    epoch  14  loss 1.6502  acc 0.3166  val_loss 1.5922  val_acc 0.3482
2026-04-08 18:49:33    epoch  15  loss 1.6505  acc 0.3155  val_loss 1.5912  val_acc 0.3151
2026-04-08 18:49:35    epoch  16  loss 1.6456  acc 0.3259  val_loss 1.5736  val_acc 0.3583
2026-04-08 18:49:37    epoch  17  loss 1.6546  acc 0.3112  val_loss 1.5647  val_acc 0.3468
2026-04-08 18:49:38    epoch  18  loss 1.6367  acc 0.3259  val_loss 1.5483  val_acc 0.3683
2026-04-08 18:49:40    epoch  19  loss 1.6349  acc 0.3257  val_loss 1.5531  val_acc 0.3568
2026-04-08 18:49:41    epoch  20  loss 1.6284  acc 0.3280  val_loss 1.5632  val_acc 0.3540
2026-04-08 18:49:43    epoch  21  loss 1.6416  acc 0.3251  val_loss 1.5972  val_acc 0.3626
2026-04-08 18:49:45    epoch  22  loss 1.6345  acc 0.3284  val_loss 1.5480  val_acc 0.3655
2026-04-08 18:49:46    epoch  23  loss 1.6301  acc 0.3335  val_loss 1.5643  val_acc 0.3612
2026-04-08 18:49:48    epoch  24  loss 1.6413  acc 0.3268  val_loss 1.5470  val_acc 0.3669
2026-04-08 18:49:49    epoch  25  loss 1.6221  acc 0.3359  val_loss 1.5502  val_acc 0.3784
2026-04-08 18:49:51    epoch  26  loss 1.6170  acc 0.3367  val_loss 1.6289  val_acc 0.3353
2026-04-08 18:49:53    epoch  27  loss 1.6283  acc 0.3276  val_loss 1.5413  val_acc 0.3626
2026-04-08 18:49:54    epoch  28  loss 1.6337  acc 0.3248  val_loss 1.5736  val_acc 0.3525
2026-04-08 18:49:56    epoch  29  loss 1.6227  acc 0.3398  val_loss 1.5422  val_acc 0.3568
2026-04-08 18:49:57    epoch  30  loss 1.6119  acc 0.3379  val_loss 1.5311  val_acc 0.3885
2026-04-08 18:49:59    epoch  31  loss 1.6193  acc 0.3329  val_loss 1.5583  val_acc 0.3626
2026-04-08 18:50:01    epoch  32  loss 1.6097  acc 0.3434  val_loss 1.5275  val_acc 0.3683
2026-04-08 18:50:02    epoch  33  loss 1.6029  acc 0.3468  val_loss 1.6233  val_acc 0.3554
2026-04-08 18:50:04    epoch  34  loss 1.6124  acc 0.3462  val_loss 1.5414  val_acc 0.3799
2026-04-08 18:50:05    epoch  35  loss 1.6096  acc 0.3377  val_loss 1.5317  val_acc 0.3640
2026-04-08 18:50:07    epoch  36  loss 1.6058  acc 0.3444  val_loss 1.5324  val_acc 0.3727
2026-04-08 18:50:09    epoch  37  loss 1.6136  acc 0.3382  val_loss 1.6033  val_acc 0.3683
2026-04-08 18:50:10    epoch  38  loss 1.5938  acc 0.3597  val_loss 1.5865  val_acc 0.3583
2026-04-08 18:50:12    epoch  39  loss 1.5896  acc 0.3554  val_loss 1.5187  val_acc 0.3770
2026-04-08 18:50:13    epoch  40  loss 1.5792  acc 0.3503  val_loss 1.5157  val_acc 0.3899
2026-04-08 18:50:15    epoch  41  loss 1.5799  acc 0.3527  val_loss 1.5637  val_acc 0.3784
2026-04-08 18:50:17    epoch  42  loss 1.5769  acc 0.3525  val_loss 1.5156  val_acc 0.3871
2026-04-08 18:50:18    epoch  43  loss 1.5773  acc 0.3586  val_loss 1.5325  val_acc 0.3856
2026-04-08 18:50:20    epoch  44  loss 1.5742  acc 0.3588  val_loss 1.5073  val_acc 0.3928
2026-04-08 18:50:21    epoch  45  loss 1.5716  acc 0.3588  val_loss 1.5162  val_acc 0.3957
2026-04-08 18:50:23    epoch  46  loss 1.5764  acc 0.3623  val_loss 1.5069  val_acc 0.3928
2026-04-08 18:50:25    epoch  47  loss 1.5781  acc 0.3546  val_loss 1.5072  val_acc 0.3727
2026-04-08 18:50:26    epoch  48  loss 1.5806  acc 0.3583  val_loss 1.5206  val_acc 0.3799
2026-04-08 18:50:28    epoch  49  loss 1.5634  acc 0.3554  val_loss 1.5045  val_acc 0.3885
2026-04-08 18:50:29    epoch  50  loss 1.5688  acc 0.3616  val_loss 1.5412  val_acc 0.3669
2026-04-08 18:50:31    epoch  51  loss 1.5729  acc 0.3644  val_loss 1.5139  val_acc 0.3827
2026-04-08 18:50:33    epoch  52  loss 1.5637  acc 0.3639  val_loss 1.5008  val_acc 0.3856
2026-04-08 18:50:34    epoch  53  loss 1.5711  acc 0.3605  val_loss 1.5023  val_acc 0.3899
2026-04-08 18:50:36    epoch  54  loss 1.5603  acc 0.3650  val_loss 1.4936  val_acc 0.4029
2026-04-08 18:50:38    epoch  55  loss 1.5643  acc 0.3660  val_loss 1.4942  val_acc 0.3957
2026-04-08 18:50:39    epoch  56  loss 1.5685  acc 0.3684  val_loss 1.5354  val_acc 0.3899
2026-04-08 18:50:41    epoch  57  loss 1.5626  acc 0.3583  val_loss 1.5349  val_acc 0.3914
2026-04-08 18:50:43    epoch  58  loss 1.5459  acc 0.3674  val_loss 1.4823  val_acc 0.4144
2026-04-08 18:50:44    epoch  59  loss 1.5426  acc 0.3719  val_loss 1.4941  val_acc 0.3899
2026-04-08 18:50:46    epoch  60  loss 1.5515  acc 0.3693  val_loss 1.4953  val_acc 0.4029
2026-04-08 18:50:47    epoch  61  loss 1.5518  acc 0.3672  val_loss 1.5200  val_acc 0.3856
2026-04-08 18:50:49    epoch  62  loss 1.5650  acc 0.3768  val_loss 1.4896  val_acc 0.4014
2026-04-08 18:50:51    epoch  63  loss 1.5599  acc 0.3618  val_loss 1.4995  val_acc 0.4043
2026-04-08 18:50:52    epoch  64  loss 1.5427  acc 0.3738  val_loss 1.5181  val_acc 0.3856
2026-04-08 18:50:54    epoch  65  loss 1.5400  acc 0.3763  val_loss 1.4697  val_acc 0.4317
2026-04-08 18:50:55    epoch  66  loss 1.5330  acc 0.3842  val_loss 1.4935  val_acc 0.4086
2026-04-08 18:50:57    epoch  67  loss 1.5263  acc 0.3806  val_loss 1.4738  val_acc 0.4173
2026-04-08 18:50:59    epoch  68  loss 1.5397  acc 0.3695  val_loss 1.4653  val_acc 0.4158
2026-04-08 18:51:00    epoch  69  loss 1.5420  acc 0.3858  val_loss 1.4628  val_acc 0.4245
2026-04-08 18:51:02    epoch  70  loss 1.5266  acc 0.3834  val_loss 1.4658  val_acc 0.4317
2026-04-08 18:51:04    epoch  71  loss 1.5322  acc 0.3795  val_loss 1.4694  val_acc 0.4259
2026-04-08 18:51:05    epoch  72  loss 1.5361  acc 0.3754  val_loss 1.5032  val_acc 0.3842
2026-04-08 18:51:07    epoch  73  loss 1.5327  acc 0.3861  val_loss 1.4657  val_acc 0.4230
2026-04-08 18:51:08    epoch  74  loss 1.5268  acc 0.3787  val_loss 1.4652  val_acc 0.4158
2026-04-08 18:51:10    epoch  75  loss 1.5268  acc 0.3872  val_loss 1.4642  val_acc 0.4158
2026-04-08 18:51:12    epoch  76  loss 1.5259  acc 0.3802  val_loss 1.4629  val_acc 0.4216
2026-04-08 18:51:13    epoch  77  loss 1.5306  acc 0.3835  val_loss 1.4578  val_acc 0.4273
2026-04-08 18:51:15    epoch  78  loss 1.5204  acc 0.3792  val_loss 1.4582  val_acc 0.4245
2026-04-08 18:51:16    epoch  79  loss 1.5270  acc 0.3877  val_loss 1.4691  val_acc 0.4216
2026-04-08 18:51:18    epoch  80  loss 1.5194  acc 0.3864  val_loss 1.4583  val_acc 0.4273
2026-04-08 18:51:20    epoch  81  loss 1.5218  acc 0.3874  val_loss 1.4591  val_acc 0.4302
2026-04-08 18:51:21    epoch  82  loss 1.5304  acc 0.3931  val_loss 1.4676  val_acc 0.4173
2026-04-08 18:51:23    epoch  83  loss 1.5211  acc 0.3856  val_loss 1.4632  val_acc 0.4187
2026-04-08 18:51:24    epoch  84  loss 1.5231  acc 0.3937  val_loss 1.4689  val_acc 0.4086
2026-04-08 18:51:26    epoch  85  loss 1.5055  acc 0.3880  val_loss 1.4640  val_acc 0.4187
2026-04-08 18:51:26    Early stopping at epoch 85
2026-04-08 18:51:26    User6 accuracy: 0.3157
2026-04-08 18:51:26  ────────────────────────────────────────────────────────────
2026-04-08 18:51:26  LOSO fold — held-out: User7 (852 test windows, 6502 train windows)
2026-04-08 18:51:28    epoch   1  loss 1.9503  acc 0.2411  val_loss 1.7468  val_acc 0.2662
2026-04-08 18:51:29    epoch   2  loss 1.7995  acc 0.2579  val_loss 1.6747  val_acc 0.3492
2026-04-08 18:51:31    epoch   3  loss 1.7591  acc 0.2749  val_loss 1.6816  val_acc 0.3231
2026-04-08 18:51:32    epoch   4  loss 1.7333  acc 0.2878  val_loss 1.6304  val_acc 0.3538
2026-04-08 18:51:34    epoch   5  loss 1.7161  acc 0.2956  val_loss 1.7275  val_acc 0.2908
2026-04-08 18:51:35    epoch   6  loss 1.7083  acc 0.2946  val_loss 1.6385  val_acc 0.3492
2026-04-08 18:51:37    epoch   7  loss 1.7090  acc 0.2879  val_loss 1.7435  val_acc 0.2923
2026-04-08 18:51:38    epoch   8  loss 1.6957  acc 0.2960  val_loss 1.6373  val_acc 0.3538
2026-04-08 18:51:40    epoch   9  loss 1.6879  acc 0.3018  val_loss 1.6202  val_acc 0.3446
2026-04-08 18:51:41    epoch  10  loss 1.6862  acc 0.2900  val_loss 1.6138  val_acc 0.3569
2026-04-08 18:51:43    epoch  11  loss 1.6577  acc 0.3113  val_loss 1.6055  val_acc 0.3492
2026-04-08 18:51:44    epoch  12  loss 1.6758  acc 0.3127  val_loss 1.5975  val_acc 0.3569
2026-04-08 18:51:46    epoch  13  loss 1.6623  acc 0.3083  val_loss 1.5763  val_acc 0.3754
2026-04-08 18:51:47    epoch  14  loss 1.6613  acc 0.3088  val_loss 1.6400  val_acc 0.3123
2026-04-08 18:51:49    epoch  15  loss 1.6671  acc 0.3042  val_loss 1.6452  val_acc 0.3477
2026-04-08 18:51:50    epoch  16  loss 1.6499  acc 0.3122  val_loss 1.6118  val_acc 0.3338
2026-04-08 18:51:52    epoch  17  loss 1.6552  acc 0.3146  val_loss 1.6158  val_acc 0.3477
2026-04-08 18:51:53    epoch  18  loss 1.6536  acc 0.3161  val_loss 1.5955  val_acc 0.3446
2026-04-08 18:51:55    epoch  19  loss 1.6330  acc 0.3240  val_loss 1.5798  val_acc 0.3923
2026-04-08 18:51:56    epoch  20  loss 1.6397  acc 0.3185  val_loss 1.5891  val_acc 0.3615
2026-04-08 18:51:58    epoch  21  loss 1.6426  acc 0.3177  val_loss 1.5727  val_acc 0.3800
2026-04-08 18:51:59    epoch  22  loss 1.6264  acc 0.3228  val_loss 1.6298  val_acc 0.3723
2026-04-08 18:52:01    epoch  23  loss 1.6292  acc 0.3242  val_loss 1.5589  val_acc 0.3662
2026-04-08 18:52:02    epoch  24  loss 1.6333  acc 0.3237  val_loss 1.5727  val_acc 0.3369
2026-04-08 18:52:03    epoch  25  loss 1.6268  acc 0.3260  val_loss 1.5754  val_acc 0.3646
2026-04-08 18:52:05    epoch  26  loss 1.6307  acc 0.3237  val_loss 1.5697  val_acc 0.3723
2026-04-08 18:52:06    epoch  27  loss 1.6334  acc 0.3209  val_loss 1.5632  val_acc 0.3692
2026-04-08 18:52:08    epoch  28  loss 1.6178  acc 0.3361  val_loss 1.5681  val_acc 0.3815
2026-04-08 18:52:09    epoch  29  loss 1.6105  acc 0.3279  val_loss 1.5556  val_acc 0.3769
2026-04-08 18:52:11    epoch  30  loss 1.6097  acc 0.3353  val_loss 1.5548  val_acc 0.3892
2026-04-08 18:52:12    epoch  31  loss 1.6102  acc 0.3274  val_loss 1.5498  val_acc 0.3969
2026-04-08 18:52:14    epoch  32  loss 1.6010  acc 0.3382  val_loss 1.5596  val_acc 0.3754
2026-04-08 18:52:15    epoch  33  loss 1.6047  acc 0.3390  val_loss 1.5503  val_acc 0.3862
2026-04-08 18:52:17    epoch  34  loss 1.6086  acc 0.3332  val_loss 1.5477  val_acc 0.3954
2026-04-08 18:52:18    epoch  35  loss 1.6045  acc 0.3413  val_loss 1.5910  val_acc 0.3800
2026-04-08 18:52:20    epoch  36  loss 1.6117  acc 0.3330  val_loss 1.5528  val_acc 0.3677
2026-04-08 18:52:21    epoch  37  loss 1.6007  acc 0.3341  val_loss 1.5574  val_acc 0.3938
2026-04-08 18:52:23    epoch  38  loss 1.6163  acc 0.3370  val_loss 1.5536  val_acc 0.3646
2026-04-08 18:52:24    epoch  39  loss 1.6148  acc 0.3296  val_loss 1.5505  val_acc 0.3754
2026-04-08 18:52:26    epoch  40  loss 1.6055  acc 0.3361  val_loss 1.5491  val_acc 0.3785
2026-04-08 18:52:27    epoch  41  loss 1.6006  acc 0.3356  val_loss 1.5480  val_acc 0.3923
2026-04-08 18:52:29    epoch  42  loss 1.6065  acc 0.3399  val_loss 1.5456  val_acc 0.3708
2026-04-08 18:52:30    epoch  43  loss 1.5942  acc 0.3394  val_loss 1.5682  val_acc 0.3923
2026-04-08 18:52:32    epoch  44  loss 1.5961  acc 0.3380  val_loss 1.5443  val_acc 0.3877
2026-04-08 18:52:33    epoch  45  loss 1.5960  acc 0.3375  val_loss 1.5430  val_acc 0.3800
2026-04-08 18:52:35    epoch  46  loss 1.6037  acc 0.3370  val_loss 1.5564  val_acc 0.3831
2026-04-08 18:52:36    epoch  47  loss 1.5966  acc 0.3370  val_loss 1.5386  val_acc 0.3877
2026-04-08 18:52:38    epoch  48  loss 1.5862  acc 0.3505  val_loss 1.5393  val_acc 0.3877
2026-04-08 18:52:39    epoch  49  loss 1.5967  acc 0.3438  val_loss 1.5385  val_acc 0.3877
2026-04-08 18:52:41    epoch  50  loss 1.6126  acc 0.3346  val_loss 1.5382  val_acc 0.3815
2026-04-08 18:52:42    epoch  51  loss 1.5952  acc 0.3312  val_loss 1.5370  val_acc 0.3938
2026-04-08 18:52:44    epoch  52  loss 1.5956  acc 0.3353  val_loss 1.5391  val_acc 0.4015
2026-04-08 18:52:45    epoch  53  loss 1.5975  acc 0.3454  val_loss 1.5320  val_acc 0.3985
2026-04-08 18:52:47    epoch  54  loss 1.5928  acc 0.3416  val_loss 1.5386  val_acc 0.3954
2026-04-08 18:52:48    epoch  55  loss 1.5922  acc 0.3407  val_loss 1.5390  val_acc 0.4031
2026-04-08 18:52:50    epoch  56  loss 1.5877  acc 0.3529  val_loss 1.5336  val_acc 0.3938
2026-04-08 18:52:51    epoch  57  loss 1.5930  acc 0.3329  val_loss 1.5323  val_acc 0.3969
2026-04-08 18:52:53    epoch  58  loss 1.5903  acc 0.3416  val_loss 1.5388  val_acc 0.4046
2026-04-08 18:52:54    epoch  59  loss 1.5879  acc 0.3383  val_loss 1.5365  val_acc 0.3892
2026-04-08 18:52:56    epoch  60  loss 1.5950  acc 0.3397  val_loss 1.5337  val_acc 0.3954
2026-04-08 18:52:57    epoch  61  loss 1.5926  acc 0.3390  val_loss 1.5331  val_acc 0.4046
2026-04-08 18:52:57    Early stopping at epoch 61
2026-04-08 18:52:57    User7 accuracy: 0.3486
2026-04-08 18:52:58  ────────────────────────────────────────────────────────────
2026-04-08 18:52:58  LOSO fold — held-out: User8 (767 test windows, 6587 train windows)
2026-04-08 18:52:59    epoch   1  loss 1.9687  acc 0.2233  val_loss 1.7519  val_acc 0.3024
2026-04-08 18:53:01    epoch   2  loss 1.7944  acc 0.2702  val_loss 1.6872  val_acc 0.3146
2026-04-08 18:53:02    epoch   3  loss 1.7619  acc 0.2721  val_loss 1.6869  val_acc 0.2979
2026-04-08 18:53:04    epoch   4  loss 1.7237  acc 0.2903  val_loss 1.6305  val_acc 0.3343
2026-04-08 18:53:05    epoch   5  loss 1.7044  acc 0.2958  val_loss 1.6447  val_acc 0.3207
2026-04-08 18:53:07    epoch   6  loss 1.7159  acc 0.2931  val_loss 1.6386  val_acc 0.3343
2026-04-08 18:53:08    epoch   7  loss 1.6895  acc 0.3019  val_loss 1.6351  val_acc 0.3480
2026-04-08 18:53:10    epoch   8  loss 1.6856  acc 0.3132  val_loss 1.6300  val_acc 0.3374
2026-04-08 18:53:11    epoch   9  loss 1.6829  acc 0.3048  val_loss 1.6137  val_acc 0.3450
2026-04-08 18:53:13    epoch  10  loss 1.6768  acc 0.3041  val_loss 1.6216  val_acc 0.3222
2026-04-08 18:53:14    epoch  11  loss 1.6784  acc 0.3027  val_loss 1.6444  val_acc 0.3450
2026-04-08 18:53:16    epoch  12  loss 1.6605  acc 0.3260  val_loss 1.6301  val_acc 0.3526
2026-04-08 18:53:17    epoch  13  loss 1.6734  acc 0.3198  val_loss 1.6162  val_acc 0.3419
2026-04-08 18:53:19    epoch  14  loss 1.6680  acc 0.3105  val_loss 1.6303  val_acc 0.3404
2026-04-08 18:53:20    epoch  15  loss 1.6555  acc 0.3156  val_loss 1.6030  val_acc 0.3480
2026-04-08 18:53:22    epoch  16  loss 1.6588  acc 0.3205  val_loss 1.6115  val_acc 0.3480
2026-04-08 18:53:23    epoch  17  loss 1.6473  acc 0.3243  val_loss 1.6315  val_acc 0.3419
2026-04-08 18:53:25    epoch  18  loss 1.6490  acc 0.3176  val_loss 1.6045  val_acc 0.3617
2026-04-08 18:53:26    epoch  19  loss 1.6449  acc 0.3120  val_loss 1.6000  val_acc 0.3632
2026-04-08 18:53:28    epoch  20  loss 1.6492  acc 0.3122  val_loss 1.6005  val_acc 0.3571
2026-04-08 18:53:29    epoch  21  loss 1.6460  acc 0.3210  val_loss 1.6167  val_acc 0.3283
2026-04-08 18:53:31    epoch  22  loss 1.6509  acc 0.3233  val_loss 1.6097  val_acc 0.3495
2026-04-08 18:53:32    epoch  23  loss 1.6322  acc 0.3287  val_loss 1.6027  val_acc 0.3389
2026-04-08 18:53:34    epoch  24  loss 1.6398  acc 0.3201  val_loss 1.6173  val_acc 0.3359
2026-04-08 18:53:35    epoch  25  loss 1.6236  acc 0.3355  val_loss 1.6020  val_acc 0.3389
2026-04-08 18:53:37    epoch  26  loss 1.6318  acc 0.3253  val_loss 1.6050  val_acc 0.3556
2026-04-08 18:53:38    epoch  27  loss 1.6261  acc 0.3253  val_loss 1.5979  val_acc 0.3511
2026-04-08 18:53:40    epoch  28  loss 1.6316  acc 0.3306  val_loss 1.6008  val_acc 0.3495
2026-04-08 18:53:41    epoch  29  loss 1.6236  acc 0.3237  val_loss 1.5960  val_acc 0.3404
2026-04-08 18:53:43    epoch  30  loss 1.6237  acc 0.3333  val_loss 1.5948  val_acc 0.3678
2026-04-08 18:53:44    epoch  31  loss 1.6209  acc 0.3346  val_loss 1.5984  val_acc 0.3435
2026-04-08 18:53:46    epoch  32  loss 1.6313  acc 0.3299  val_loss 1.5918  val_acc 0.3556
2026-04-08 18:53:48    epoch  33  loss 1.6311  acc 0.3240  val_loss 1.5948  val_acc 0.3556
2026-04-08 18:53:49    epoch  34  loss 1.6205  acc 0.3329  val_loss 1.5901  val_acc 0.3495
2026-04-08 18:53:51    epoch  35  loss 1.6256  acc 0.3324  val_loss 1.5907  val_acc 0.3450
2026-04-08 18:53:52    epoch  36  loss 1.6216  acc 0.3358  val_loss 1.5897  val_acc 0.3511
2026-04-08 18:53:54    epoch  37  loss 1.6223  acc 0.3375  val_loss 1.5930  val_acc 0.3450
2026-04-08 18:53:55    epoch  38  loss 1.6228  acc 0.3289  val_loss 1.5952  val_acc 0.3495
2026-04-08 18:53:57    epoch  39  loss 1.6246  acc 0.3373  val_loss 1.5842  val_acc 0.3587
2026-04-08 18:53:58    epoch  40  loss 1.6171  acc 0.3336  val_loss 1.5872  val_acc 0.3404
2026-04-08 18:54:00    epoch  41  loss 1.6086  acc 0.3351  val_loss 1.5854  val_acc 0.3526
2026-04-08 18:54:01    epoch  42  loss 1.6120  acc 0.3250  val_loss 1.5995  val_acc 0.3435
2026-04-08 18:54:03    epoch  43  loss 1.6190  acc 0.3414  val_loss 1.5864  val_acc 0.3495
2026-04-08 18:54:04    epoch  44  loss 1.6157  acc 0.3383  val_loss 1.5912  val_acc 0.3556
2026-04-08 18:54:06    epoch  45  loss 1.6194  acc 0.3453  val_loss 1.5871  val_acc 0.3602
2026-04-08 18:54:07    epoch  46  loss 1.6105  acc 0.3387  val_loss 1.5825  val_acc 0.3647
2026-04-08 18:54:09    epoch  47  loss 1.5952  acc 0.3356  val_loss 1.5865  val_acc 0.3495
2026-04-08 18:54:10    epoch  48  loss 1.6138  acc 0.3314  val_loss 1.5842  val_acc 0.3587
2026-04-08 18:54:12    epoch  49  loss 1.5993  acc 0.3437  val_loss 1.5819  val_acc 0.3602
2026-04-08 18:54:13    epoch  50  loss 1.6089  acc 0.3442  val_loss 1.5898  val_acc 0.3465
2026-04-08 18:54:15    epoch  51  loss 1.6071  acc 0.3373  val_loss 1.5868  val_acc 0.3480
2026-04-08 18:54:16    epoch  52  loss 1.6006  acc 0.3451  val_loss 1.5859  val_acc 0.3708
2026-04-08 18:54:18    epoch  53  loss 1.6184  acc 0.3480  val_loss 1.5833  val_acc 0.3556
2026-04-08 18:54:19    epoch  54  loss 1.6117  acc 0.3353  val_loss 1.5925  val_acc 0.3495
2026-04-08 18:54:21    epoch  55  loss 1.6005  acc 0.3463  val_loss 1.5992  val_acc 0.3359
2026-04-08 18:54:22    epoch  56  loss 1.5956  acc 0.3495  val_loss 1.5857  val_acc 0.3389
2026-04-08 18:54:24    epoch  57  loss 1.6028  acc 0.3382  val_loss 1.5798  val_acc 0.3617
2026-04-08 18:54:25    epoch  58  loss 1.6110  acc 0.3405  val_loss 1.5825  val_acc 0.3587
2026-04-08 18:54:27    epoch  59  loss 1.6001  acc 0.3399  val_loss 1.5820  val_acc 0.3587
2026-04-08 18:54:29    epoch  60  loss 1.6057  acc 0.3454  val_loss 1.5833  val_acc 0.3602
2026-04-08 18:54:30    epoch  61  loss 1.6048  acc 0.3476  val_loss 1.6229  val_acc 0.3435
2026-04-08 18:54:32    epoch  62  loss 1.6043  acc 0.3368  val_loss 1.5857  val_acc 0.3465
2026-04-08 18:54:33    epoch  63  loss 1.5978  acc 0.3399  val_loss 1.5765  val_acc 0.3571
2026-04-08 18:54:35    epoch  64  loss 1.6030  acc 0.3414  val_loss 1.5803  val_acc 0.3617
2026-04-08 18:54:36    epoch  65  loss 1.5999  acc 0.3397  val_loss 1.5819  val_acc 0.3419
2026-04-08 18:54:38    epoch  66  loss 1.6031  acc 0.3444  val_loss 1.5805  val_acc 0.3602
2026-04-08 18:54:39    epoch  67  loss 1.5954  acc 0.3469  val_loss 1.5773  val_acc 0.3632
2026-04-08 18:54:41    epoch  68  loss 1.5987  acc 0.3407  val_loss 1.5780  val_acc 0.3632
2026-04-08 18:54:42    epoch  69  loss 1.6066  acc 0.3392  val_loss 1.5806  val_acc 0.3602
2026-04-08 18:54:44    epoch  70  loss 1.6028  acc 0.3463  val_loss 1.5788  val_acc 0.3617
2026-04-08 18:54:45    epoch  71  loss 1.6076  acc 0.3427  val_loss 1.5779  val_acc 0.3647
2026-04-08 18:54:45    Early stopping at epoch 71
2026-04-08 18:54:45    User8 accuracy: 0.3651
2026-04-08 18:54:46  ────────────────────────────────────────────────────────────
2026-04-08 18:54:46  LOSO fold — held-out: User9 (848 test windows, 6506 train windows)
2026-04-08 18:54:47    epoch   1  loss 1.9604  acc 0.2379  val_loss 1.7096  val_acc 0.3062
2026-04-08 18:54:49    epoch   2  loss 1.7997  acc 0.2734  val_loss 1.6470  val_acc 0.3185
2026-04-08 18:54:50    epoch   3  loss 1.7418  acc 0.2893  val_loss 1.6195  val_acc 0.3877
2026-04-08 18:54:52    epoch   4  loss 1.7266  acc 0.2889  val_loss 1.6204  val_acc 0.3354
2026-04-08 18:54:53    epoch   5  loss 1.7100  acc 0.3023  val_loss 1.5925  val_acc 0.3338
2026-04-08 18:54:55    epoch   6  loss 1.6787  acc 0.3012  val_loss 1.5644  val_acc 0.3523
2026-04-08 18:54:56    epoch   7  loss 1.6858  acc 0.3043  val_loss 1.6380  val_acc 0.2954
2026-04-08 18:54:58    epoch   8  loss 1.6780  acc 0.3079  val_loss 1.5649  val_acc 0.3538
2026-04-08 18:54:59    epoch   9  loss 1.6772  acc 0.3098  val_loss 1.5690  val_acc 0.3585
2026-04-08 18:55:01    epoch  10  loss 1.6856  acc 0.3098  val_loss 1.6055  val_acc 0.3477
2026-04-08 18:55:02    epoch  11  loss 1.6696  acc 0.3207  val_loss 1.5653  val_acc 0.3600
2026-04-08 18:55:04    epoch  12  loss 1.6585  acc 0.3277  val_loss 1.5503  val_acc 0.3554
2026-04-08 18:55:05    epoch  13  loss 1.6452  acc 0.3292  val_loss 1.5561  val_acc 0.3446
2026-04-08 18:55:07    epoch  14  loss 1.6485  acc 0.3227  val_loss 1.5411  val_acc 0.3569
2026-04-08 18:55:08    epoch  15  loss 1.6515  acc 0.3256  val_loss 1.5704  val_acc 0.3677
2026-04-08 18:55:10    epoch  16  loss 1.6577  acc 0.3284  val_loss 1.5486  val_acc 0.3538
2026-04-08 18:55:11    epoch  17  loss 1.6450  acc 0.3248  val_loss 1.5352  val_acc 0.3785
2026-04-08 18:55:13    epoch  18  loss 1.6460  acc 0.3262  val_loss 1.5500  val_acc 0.3662
2026-04-08 18:55:14    epoch  19  loss 1.6535  acc 0.3251  val_loss 1.5513  val_acc 0.3523
2026-04-08 18:55:16    epoch  20  loss 1.6360  acc 0.3345  val_loss 1.5266  val_acc 0.3785
2026-04-08 18:55:17    epoch  21  loss 1.6411  acc 0.3292  val_loss 1.5314  val_acc 0.3600
2026-04-08 18:55:19    epoch  22  loss 1.6281  acc 0.3400  val_loss 1.5349  val_acc 0.3646
2026-04-08 18:55:20    epoch  23  loss 1.6334  acc 0.3297  val_loss 1.5239  val_acc 0.3569
2026-04-08 18:55:22    epoch  24  loss 1.6414  acc 0.3272  val_loss 1.5320  val_acc 0.4000
2026-04-08 18:55:23    epoch  25  loss 1.6343  acc 0.3337  val_loss 1.5377  val_acc 0.3877
2026-04-08 18:55:25    epoch  26  loss 1.6389  acc 0.3226  val_loss 1.5397  val_acc 0.3631
2026-04-08 18:55:26    epoch  27  loss 1.6369  acc 0.3364  val_loss 1.5386  val_acc 0.3554
2026-04-08 18:55:28    epoch  28  loss 1.6169  acc 0.3403  val_loss 1.5298  val_acc 0.3862
2026-04-08 18:55:29    epoch  29  loss 1.6144  acc 0.3482  val_loss 1.5378  val_acc 0.3492
2026-04-08 18:55:31    epoch  30  loss 1.6085  acc 0.3475  val_loss 1.5200  val_acc 0.3631
2026-04-08 18:55:32    epoch  31  loss 1.6238  acc 0.3393  val_loss 1.5283  val_acc 0.3569
2026-04-08 18:55:34    epoch  32  loss 1.6071  acc 0.3513  val_loss 1.5235  val_acc 0.3662
2026-04-08 18:55:35    epoch  33  loss 1.6188  acc 0.3342  val_loss 1.5224  val_acc 0.3738
2026-04-08 18:55:37    epoch  34  loss 1.6169  acc 0.3431  val_loss 1.5211  val_acc 0.3677
2026-04-08 18:55:38    epoch  35  loss 1.6181  acc 0.3436  val_loss 1.5156  val_acc 0.3938
2026-04-08 18:55:40    epoch  36  loss 1.6097  acc 0.3501  val_loss 1.5154  val_acc 0.3800
2026-04-08 18:55:41    epoch  37  loss 1.6077  acc 0.3426  val_loss 1.5192  val_acc 0.3815
2026-04-08 18:55:43    epoch  38  loss 1.6152  acc 0.3422  val_loss 1.5263  val_acc 0.4015
2026-04-08 18:55:44    epoch  39  loss 1.6012  acc 0.3475  val_loss 1.5138  val_acc 0.3723
2026-04-08 18:55:46    epoch  40  loss 1.6055  acc 0.3419  val_loss 1.5252  val_acc 0.3692
2026-04-08 18:55:48    epoch  41  loss 1.6029  acc 0.3513  val_loss 1.5041  val_acc 0.3862
2026-04-08 18:55:49    epoch  42  loss 1.6109  acc 0.3434  val_loss 1.5175  val_acc 0.3600
2026-04-08 18:55:51    epoch  43  loss 1.6040  acc 0.3497  val_loss 1.5063  val_acc 0.3785
2026-04-08 18:55:52    epoch  44  loss 1.6088  acc 0.3475  val_loss 1.5093  val_acc 0.3954
2026-04-08 18:55:54    epoch  45  loss 1.5965  acc 0.3586  val_loss 1.5028  val_acc 0.3800
2026-04-08 18:55:55    epoch  46  loss 1.5965  acc 0.3504  val_loss 1.5617  val_acc 0.3708
2026-04-08 18:55:57    epoch  47  loss 1.6109  acc 0.3398  val_loss 1.5117  val_acc 0.3615
2026-04-08 18:55:58    epoch  48  loss 1.6021  acc 0.3508  val_loss 1.5040  val_acc 0.3646
2026-04-08 18:56:00    epoch  49  loss 1.5984  acc 0.3542  val_loss 1.5040  val_acc 0.4046
2026-04-08 18:56:01    epoch  50  loss 1.6042  acc 0.3475  val_loss 1.5086  val_acc 0.3877
2026-04-08 18:56:03    epoch  51  loss 1.5906  acc 0.3496  val_loss 1.4959  val_acc 0.4031
2026-04-08 18:56:04    epoch  52  loss 1.5827  acc 0.3519  val_loss 1.4990  val_acc 0.3831
2026-04-08 18:56:06    epoch  53  loss 1.6016  acc 0.3523  val_loss 1.5035  val_acc 0.4092
2026-04-08 18:56:07    epoch  54  loss 1.5789  acc 0.3572  val_loss 1.5032  val_acc 0.3938
2026-04-08 18:56:09    epoch  55  loss 1.5819  acc 0.3567  val_loss 1.5064  val_acc 0.3800
2026-04-08 18:56:10    epoch  56  loss 1.5953  acc 0.3605  val_loss 1.4954  val_acc 0.4092
2026-04-08 18:56:12    epoch  57  loss 1.5946  acc 0.3482  val_loss 1.5011  val_acc 0.4108
2026-04-08 18:56:13    epoch  58  loss 1.5835  acc 0.3600  val_loss 1.4975  val_acc 0.3938
2026-04-08 18:56:15    epoch  59  loss 1.5841  acc 0.3608  val_loss 1.4968  val_acc 0.3846
2026-04-08 18:56:16    epoch  60  loss 1.5863  acc 0.3579  val_loss 1.4963  val_acc 0.3862
2026-04-08 18:56:17    epoch  61  loss 1.5842  acc 0.3603  val_loss 1.5035  val_acc 0.4000
2026-04-08 18:56:19    epoch  62  loss 1.5825  acc 0.3523  val_loss 1.4927  val_acc 0.4031
2026-04-08 18:56:21    epoch  63  loss 1.5860  acc 0.3607  val_loss 1.4956  val_acc 0.3985
2026-04-08 18:56:22    epoch  64  loss 1.5869  acc 0.3579  val_loss 1.4962  val_acc 0.3954
2026-04-08 18:56:23    epoch  65  loss 1.5818  acc 0.3677  val_loss 1.4904  val_acc 0.4000
2026-04-08 18:56:25    epoch  66  loss 1.5771  acc 0.3559  val_loss 1.4901  val_acc 0.4031
2026-04-08 18:56:27    epoch  67  loss 1.5780  acc 0.3608  val_loss 1.4899  val_acc 0.4031
2026-04-08 18:56:28    epoch  68  loss 1.5849  acc 0.3576  val_loss 1.4918  val_acc 0.4108
2026-04-08 18:56:29    epoch  69  loss 1.5784  acc 0.3600  val_loss 1.4919  val_acc 0.4154
2026-04-08 18:56:31    epoch  70  loss 1.5726  acc 0.3547  val_loss 1.4891  val_acc 0.3923
2026-04-08 18:56:32    epoch  71  loss 1.5722  acc 0.3540  val_loss 1.4910  val_acc 0.4000
2026-04-08 18:56:34    epoch  72  loss 1.5710  acc 0.3649  val_loss 1.4911  val_acc 0.3985
2026-04-08 18:56:35    epoch  73  loss 1.5882  acc 0.3465  val_loss 1.4941  val_acc 0.3969
2026-04-08 18:56:37    epoch  74  loss 1.5753  acc 0.3567  val_loss 1.4953  val_acc 0.3954
2026-04-08 18:56:38    epoch  75  loss 1.5807  acc 0.3521  val_loss 1.4923  val_acc 0.4062
2026-04-08 18:56:40    epoch  76  loss 1.5781  acc 0.3634  val_loss 1.4923  val_acc 0.3908
2026-04-08 18:56:41    epoch  77  loss 1.5768  acc 0.3581  val_loss 1.4908  val_acc 0.3954
2026-04-08 18:56:43    epoch  78  loss 1.5825  acc 0.3642  val_loss 1.4918  val_acc 0.4046
2026-04-08 18:56:43    Early stopping at epoch 78
2026-04-08 18:56:43    User9 accuracy: 0.2995
2026-04-08 18:56:43  ────────────────────────────────────────────────────────────
2026-04-08 18:56:43  LOSO fold — held-out: User10 (841 test windows, 6513 train windows)
2026-04-08 18:56:45    epoch   1  loss 1.9546  acc 0.2359  val_loss 1.7285  val_acc 0.2765
2026-04-08 18:56:46    epoch   2  loss 1.7903  acc 0.2654  val_loss 1.6613  val_acc 0.3241
2026-04-08 18:56:48    epoch   3  loss 1.7446  acc 0.2815  val_loss 1.6207  val_acc 0.3287
2026-04-08 18:56:49    epoch   4  loss 1.7180  acc 0.2987  val_loss 1.6444  val_acc 0.2750
2026-04-08 18:56:51    epoch   5  loss 1.7051  acc 0.3074  val_loss 1.6006  val_acc 0.3011
2026-04-08 18:56:52    epoch   6  loss 1.6895  acc 0.2996  val_loss 1.5920  val_acc 0.3072
2026-04-08 18:56:54    epoch   7  loss 1.6911  acc 0.3180  val_loss 1.5973  val_acc 0.3456
2026-04-08 18:56:55    epoch   8  loss 1.6869  acc 0.3084  val_loss 1.6161  val_acc 0.2949
2026-04-08 18:56:57    epoch   9  loss 1.6814  acc 0.3151  val_loss 1.5995  val_acc 0.3226
2026-04-08 18:56:58    epoch  10  loss 1.6680  acc 0.3122  val_loss 1.6089  val_acc 0.2842
2026-04-08 18:57:00    epoch  11  loss 1.6670  acc 0.3240  val_loss 1.5973  val_acc 0.3103
2026-04-08 18:57:01    epoch  12  loss 1.6697  acc 0.3137  val_loss 1.5690  val_acc 0.3548
2026-04-08 18:57:03    epoch  13  loss 1.6515  acc 0.3180  val_loss 1.5793  val_acc 0.3410
2026-04-08 18:57:05    epoch  14  loss 1.6515  acc 0.3311  val_loss 1.5755  val_acc 0.3180
2026-04-08 18:57:06    epoch  15  loss 1.6374  acc 0.3272  val_loss 1.5709  val_acc 0.3349
2026-04-08 18:57:08    epoch  16  loss 1.6495  acc 0.3246  val_loss 1.6060  val_acc 0.3425
2026-04-08 18:57:09    epoch  17  loss 1.6513  acc 0.3287  val_loss 1.5579  val_acc 0.3410
2026-04-08 18:57:11    epoch  18  loss 1.6546  acc 0.3352  val_loss 1.5698  val_acc 0.3349
2026-04-08 18:57:12    epoch  19  loss 1.6364  acc 0.3294  val_loss 1.5895  val_acc 0.3379
2026-04-08 18:57:14    epoch  20  loss 1.6454  acc 0.3304  val_loss 1.6084  val_acc 0.3226
2026-04-08 18:57:15    epoch  21  loss 1.6457  acc 0.3321  val_loss 1.5723  val_acc 0.3410
2026-04-08 18:57:17    epoch  22  loss 1.6438  acc 0.3321  val_loss 1.5814  val_acc 0.3272
2026-04-08 18:57:18    epoch  23  loss 1.6315  acc 0.3364  val_loss 1.5639  val_acc 0.3548
2026-04-08 18:57:20    epoch  24  loss 1.6243  acc 0.3443  val_loss 1.5574  val_acc 0.3502
2026-04-08 18:57:21    epoch  25  loss 1.6269  acc 0.3420  val_loss 1.5574  val_acc 0.3364
2026-04-08 18:57:23    epoch  26  loss 1.6247  acc 0.3350  val_loss 1.5604  val_acc 0.3395
2026-04-08 18:57:24    epoch  27  loss 1.6236  acc 0.3414  val_loss 1.5619  val_acc 0.3472
2026-04-08 18:57:26    epoch  28  loss 1.6208  acc 0.3367  val_loss 1.5543  val_acc 0.3487
2026-04-08 18:57:27    epoch  29  loss 1.6272  acc 0.3337  val_loss 1.5555  val_acc 0.3487
2026-04-08 18:57:29    epoch  30  loss 1.6297  acc 0.3340  val_loss 1.5877  val_acc 0.3195
2026-04-08 18:57:30    epoch  31  loss 1.6136  acc 0.3383  val_loss 1.5486  val_acc 0.3272
2026-04-08 18:57:32    epoch  32  loss 1.6212  acc 0.3407  val_loss 1.5573  val_acc 0.3364
2026-04-08 18:57:33    epoch  33  loss 1.6150  acc 0.3386  val_loss 1.5540  val_acc 0.3518
2026-04-08 18:57:35    epoch  34  loss 1.6267  acc 0.3390  val_loss 1.5846  val_acc 0.3364
2026-04-08 18:57:36    epoch  35  loss 1.6088  acc 0.3453  val_loss 1.5615  val_acc 0.3425
2026-04-08 18:57:38    epoch  36  loss 1.6228  acc 0.3337  val_loss 1.5604  val_acc 0.3287
2026-04-08 18:57:39    epoch  37  loss 1.6158  acc 0.3429  val_loss 1.5658  val_acc 0.3594
2026-04-08 18:57:41    epoch  38  loss 1.6089  acc 0.3482  val_loss 1.5514  val_acc 0.3533
2026-04-08 18:57:42    epoch  39  loss 1.6100  acc 0.3456  val_loss 1.5484  val_acc 0.3441
2026-04-08 18:57:44    epoch  40  loss 1.6136  acc 0.3393  val_loss 1.5492  val_acc 0.3456
2026-04-08 18:57:45    epoch  41  loss 1.6200  acc 0.3436  val_loss 1.5973  val_acc 0.3164
2026-04-08 18:57:47    epoch  42  loss 1.6047  acc 0.3403  val_loss 1.5460  val_acc 0.3579
2026-04-08 18:57:48    epoch  43  loss 1.6025  acc 0.3429  val_loss 1.5526  val_acc 0.3487
2026-04-08 18:57:50    epoch  44  loss 1.6112  acc 0.3485  val_loss 1.5494  val_acc 0.3518
2026-04-08 18:57:51    epoch  45  loss 1.6100  acc 0.3523  val_loss 1.5460  val_acc 0.3456
2026-04-08 18:57:53    epoch  46  loss 1.6015  acc 0.3480  val_loss 1.5460  val_acc 0.3425
2026-04-08 18:57:54    epoch  47  loss 1.6066  acc 0.3485  val_loss 1.5457  val_acc 0.3472
2026-04-08 18:57:56    epoch  48  loss 1.6045  acc 0.3550  val_loss 1.5636  val_acc 0.3472
2026-04-08 18:57:57    epoch  49  loss 1.6091  acc 0.3477  val_loss 1.5519  val_acc 0.3594
2026-04-08 18:57:59    epoch  50  loss 1.6058  acc 0.3472  val_loss 1.5532  val_acc 0.3456
2026-04-08 18:58:00    epoch  51  loss 1.6001  acc 0.3512  val_loss 1.5472  val_acc 0.3333
2026-04-08 18:58:02    epoch  52  loss 1.6062  acc 0.3431  val_loss 1.5505  val_acc 0.3379
2026-04-08 18:58:03    epoch  53  loss 1.5992  acc 0.3470  val_loss 1.5487  val_acc 0.3364
2026-04-08 18:58:05    epoch  54  loss 1.6026  acc 0.3466  val_loss 1.5439  val_acc 0.3410
2026-04-08 18:58:06    epoch  55  loss 1.6250  acc 0.3373  val_loss 1.5509  val_acc 0.3425
2026-04-08 18:58:08    epoch  56  loss 1.6002  acc 0.3531  val_loss 1.5410  val_acc 0.3548
2026-04-08 18:58:09    epoch  57  loss 1.5994  acc 0.3463  val_loss 1.5408  val_acc 0.3564
2026-04-08 18:58:11    epoch  58  loss 1.6061  acc 0.3526  val_loss 1.5440  val_acc 0.3487
2026-04-08 18:58:12    epoch  59  loss 1.6049  acc 0.3540  val_loss 1.5508  val_acc 0.3425
2026-04-08 18:58:14    epoch  60  loss 1.5989  acc 0.3506  val_loss 1.5444  val_acc 0.3687
2026-04-08 18:58:15    epoch  61  loss 1.6102  acc 0.3492  val_loss 1.5512  val_acc 0.3456
2026-04-08 18:58:17    epoch  62  loss 1.5973  acc 0.3528  val_loss 1.5573  val_acc 0.3594
2026-04-08 18:58:18    epoch  63  loss 1.6026  acc 0.3512  val_loss 1.5739  val_acc 0.3610
2026-04-08 18:58:20    epoch  64  loss 1.6047  acc 0.3504  val_loss 1.5452  val_acc 0.3502
2026-04-08 18:58:21    epoch  65  loss 1.5946  acc 0.3560  val_loss 1.5433  val_acc 0.3487
2026-04-08 18:58:21    Early stopping at epoch 65
2026-04-08 18:58:21    User10 accuracy: 0.3187
2026-04-08 18:58:21  ────────────────────────────────────────────────────────────
2026-04-08 18:58:21  LOSO fold — held-out: User11 (888 test windows, 6466 train windows)
2026-04-08 18:58:23    epoch   1  loss 1.9634  acc 0.2351  val_loss 1.7609  val_acc 0.2693
2026-04-08 18:58:24    epoch   2  loss 1.7869  acc 0.2710  val_loss 1.7083  val_acc 0.2879
2026-04-08 18:58:26    epoch   3  loss 1.7435  acc 0.2816  val_loss 1.6585  val_acc 0.3065
2026-04-08 18:58:27    epoch   4  loss 1.7299  acc 0.2880  val_loss 1.6581  val_acc 0.3235
2026-04-08 18:58:29    epoch   5  loss 1.7071  acc 0.3052  val_loss 1.6224  val_acc 0.3282
2026-04-08 18:58:30    epoch   6  loss 1.6836  acc 0.2998  val_loss 1.6085  val_acc 0.3158
2026-04-08 18:58:32    epoch   7  loss 1.6930  acc 0.3019  val_loss 1.6964  val_acc 0.2972
2026-04-08 18:58:33    epoch   8  loss 1.6797  acc 0.3069  val_loss 1.6600  val_acc 0.3065
2026-04-08 18:58:35    epoch   9  loss 1.6709  acc 0.3077  val_loss 1.6647  val_acc 0.3080
2026-04-08 18:58:36    epoch  10  loss 1.6751  acc 0.3088  val_loss 1.6422  val_acc 0.3189
2026-04-08 18:58:38    epoch  11  loss 1.6633  acc 0.3160  val_loss 1.6457  val_acc 0.3019
2026-04-08 18:58:39    epoch  12  loss 1.6617  acc 0.3134  val_loss 1.6111  val_acc 0.3220
2026-04-08 18:58:41    epoch  13  loss 1.6446  acc 0.3220  val_loss 1.6960  val_acc 0.2786
2026-04-08 18:58:42    epoch  14  loss 1.6572  acc 0.3093  val_loss 1.5967  val_acc 0.3406
2026-04-08 18:58:44    epoch  15  loss 1.6679  acc 0.3242  val_loss 1.6640  val_acc 0.3220
2026-04-08 18:58:45    epoch  16  loss 1.6412  acc 0.3316  val_loss 1.5976  val_acc 0.3437
2026-04-08 18:58:47    epoch  17  loss 1.6444  acc 0.3189  val_loss 1.5862  val_acc 0.3328
2026-04-08 18:58:48    epoch  18  loss 1.6519  acc 0.3241  val_loss 1.6016  val_acc 0.3282
2026-04-08 18:58:50    epoch  19  loss 1.6531  acc 0.3182  val_loss 1.6487  val_acc 0.3220
2026-04-08 18:58:51    epoch  20  loss 1.6350  acc 0.3256  val_loss 1.5972  val_acc 0.3313
2026-04-08 18:58:53    epoch  21  loss 1.6457  acc 0.3244  val_loss 1.6012  val_acc 0.3452
2026-04-08 18:58:54    epoch  22  loss 1.6355  acc 0.3320  val_loss 1.6060  val_acc 0.3204
2026-04-08 18:58:56    epoch  23  loss 1.6227  acc 0.3330  val_loss 1.5782  val_acc 0.3359
2026-04-08 18:58:57    epoch  24  loss 1.6310  acc 0.3316  val_loss 1.5852  val_acc 0.3189
2026-04-08 18:58:59    epoch  25  loss 1.6279  acc 0.3357  val_loss 1.5828  val_acc 0.3328
2026-04-08 18:59:00    epoch  26  loss 1.6210  acc 0.3435  val_loss 1.5838  val_acc 0.3359
2026-04-08 18:59:01    epoch  27  loss 1.6184  acc 0.3387  val_loss 1.5761  val_acc 0.3375
2026-04-08 18:59:03    epoch  28  loss 1.6197  acc 0.3335  val_loss 1.5746  val_acc 0.3328
2026-04-08 18:59:04    epoch  29  loss 1.6192  acc 0.3404  val_loss 1.5993  val_acc 0.3359
2026-04-08 18:59:06    epoch  30  loss 1.6215  acc 0.3325  val_loss 1.5823  val_acc 0.3313
2026-04-08 18:59:07    epoch  31  loss 1.6184  acc 0.3314  val_loss 1.5748  val_acc 0.3467
2026-04-08 18:59:09    epoch  32  loss 1.6241  acc 0.3409  val_loss 1.5783  val_acc 0.3421
2026-04-08 18:59:10    epoch  33  loss 1.6121  acc 0.3395  val_loss 1.5766  val_acc 0.3359
2026-04-08 18:59:12    epoch  34  loss 1.6062  acc 0.3452  val_loss 1.5796  val_acc 0.3421
2026-04-08 18:59:13    epoch  35  loss 1.6166  acc 0.3407  val_loss 1.5732  val_acc 0.3498
2026-04-08 18:59:15    epoch  36  loss 1.6009  acc 0.3421  val_loss 1.5723  val_acc 0.3467
2026-04-08 18:59:16    epoch  37  loss 1.6139  acc 0.3385  val_loss 1.5954  val_acc 0.3282
2026-04-08 18:59:18    epoch  38  loss 1.6075  acc 0.3448  val_loss 1.5750  val_acc 0.3328
2026-04-08 18:59:19    epoch  39  loss 1.6064  acc 0.3462  val_loss 1.5774  val_acc 0.3498
2026-04-08 18:59:21    epoch  40  loss 1.6099  acc 0.3423  val_loss 1.5779  val_acc 0.3576
2026-04-08 18:59:22    epoch  41  loss 1.6022  acc 0.3462  val_loss 1.5722  val_acc 0.3452
2026-04-08 18:59:24    epoch  42  loss 1.5987  acc 0.3445  val_loss 1.5685  val_acc 0.3514
2026-04-08 18:59:25    epoch  43  loss 1.5978  acc 0.3479  val_loss 1.5663  val_acc 0.3421
2026-04-08 18:59:27    epoch  44  loss 1.5966  acc 0.3485  val_loss 1.5751  val_acc 0.3545
2026-04-08 18:59:28    epoch  45  loss 1.6120  acc 0.3443  val_loss 1.5685  val_acc 0.3514
2026-04-08 18:59:30    epoch  46  loss 1.6133  acc 0.3454  val_loss 1.5712  val_acc 0.3514
2026-04-08 18:59:31    epoch  47  loss 1.6071  acc 0.3414  val_loss 1.5791  val_acc 0.3467
2026-04-08 18:59:33    epoch  48  loss 1.6135  acc 0.3414  val_loss 1.5718  val_acc 0.3653
2026-04-08 18:59:34    epoch  49  loss 1.5986  acc 0.3474  val_loss 1.5822  val_acc 0.3607
2026-04-08 18:59:36    epoch  50  loss 1.6064  acc 0.3471  val_loss 1.5688  val_acc 0.3514
2026-04-08 18:59:37    epoch  51  loss 1.6200  acc 0.3294  val_loss 1.5676  val_acc 0.3622
2026-04-08 18:59:37    Early stopping at epoch 51
2026-04-08 18:59:37    User11 accuracy: 0.3300
2026-04-08 18:59:37  ────────────────────────────────────────────────────────────
2026-04-08 18:59:37  LOSO fold — held-out: User12 (738 test windows, 6616 train windows)
2026-04-08 18:59:39    epoch   1  loss 1.9670  acc 0.2191  val_loss 1.7154  val_acc 0.2844
2026-04-08 18:59:41    epoch   2  loss 1.7804  acc 0.2746  val_loss 1.6636  val_acc 0.2980
2026-04-08 18:59:42    epoch   3  loss 1.7336  acc 0.2863  val_loss 1.6137  val_acc 0.3177
2026-04-08 18:59:44    epoch   4  loss 1.7118  acc 0.2927  val_loss 1.6463  val_acc 0.3011
2026-04-08 18:59:45    epoch   5  loss 1.6835  acc 0.3097  val_loss 1.6178  val_acc 0.3328
2026-04-08 18:59:47    epoch   6  loss 1.6793  acc 0.3060  val_loss 1.5975  val_acc 0.2965
2026-04-08 18:59:48    epoch   7  loss 1.6633  acc 0.3169  val_loss 1.6069  val_acc 0.3147
2026-04-08 18:59:50    epoch   8  loss 1.6553  acc 0.3128  val_loss 1.5955  val_acc 0.3116
2026-04-08 18:59:51    epoch   9  loss 1.6569  acc 0.3162  val_loss 1.6038  val_acc 0.3056
2026-04-08 18:59:53    epoch  10  loss 1.6539  acc 0.3139  val_loss 1.5883  val_acc 0.3041
2026-04-08 18:59:54    epoch  11  loss 1.6588  acc 0.3100  val_loss 1.6181  val_acc 0.3101
2026-04-08 18:59:56    epoch  12  loss 1.6570  acc 0.3140  val_loss 1.6167  val_acc 0.3162
2026-04-08 18:59:57    epoch  13  loss 1.6285  acc 0.3300  val_loss 1.5796  val_acc 0.3162
2026-04-08 18:59:59    epoch  14  loss 1.6411  acc 0.3226  val_loss 1.6613  val_acc 0.3026
2026-04-08 19:00:01    epoch  15  loss 1.6215  acc 0.3347  val_loss 1.5991  val_acc 0.3343
2026-04-08 19:00:02    epoch  16  loss 1.6411  acc 0.3226  val_loss 1.6030  val_acc 0.3207
2026-04-08 19:00:04    epoch  17  loss 1.6276  acc 0.3365  val_loss 1.5869  val_acc 0.3132
2026-04-08 19:00:05    epoch  18  loss 1.6251  acc 0.3310  val_loss 1.5930  val_acc 0.3207
2026-04-08 19:00:07    epoch  19  loss 1.6059  acc 0.3406  val_loss 1.5621  val_acc 0.3374
2026-04-08 19:00:08    epoch  20  loss 1.6062  acc 0.3377  val_loss 1.5833  val_acc 0.3631
2026-04-08 19:00:10    epoch  21  loss 1.6087  acc 0.3375  val_loss 1.5867  val_acc 0.3495
2026-04-08 19:00:11    epoch  22  loss 1.6096  acc 0.3312  val_loss 1.5648  val_acc 0.3555
2026-04-08 19:00:13    epoch  23  loss 1.6210  acc 0.3310  val_loss 1.5823  val_acc 0.3570
2026-04-08 19:00:14    epoch  24  loss 1.6072  acc 0.3377  val_loss 1.5718  val_acc 0.3389
2026-04-08 19:00:16    epoch  25  loss 1.5930  acc 0.3453  val_loss 1.5856  val_acc 0.3570
2026-04-08 19:00:17    epoch  26  loss 1.5935  acc 0.3385  val_loss 1.5809  val_acc 0.3449
2026-04-08 19:00:19    epoch  27  loss 1.5987  acc 0.3449  val_loss 1.5736  val_acc 0.3359
2026-04-08 19:00:19    Early stopping at epoch 27
2026-04-08 19:00:19    User12 accuracy: 0.2846
2026-04-08 19:00:19  Best model: /home/mahmudm2/codebase/ClassyGlass/scripts/benchmark/models/cnn_best_W200_S200.pth  (acc=0.4286)
2026-04-08 19:00:19  ============================================================
2026-04-08 19:00:19  LOSO SUMMARY
2026-04-08 19:00:19  ============================================================
2026-04-08 19:00:19    User1: 0.2695
2026-04-08 19:00:19    User2: 0.4286
2026-04-08 19:00:19    User3: 0.4256
2026-04-08 19:00:19    User4: 0.3592
2026-04-08 19:00:19    User5: 0.3440
2026-04-08 19:00:19    User6: 0.3157
2026-04-08 19:00:19    User7: 0.3486
2026-04-08 19:00:19    User8: 0.3651
2026-04-08 19:00:19    User9: 0.2995
2026-04-08 19:00:19    User10: 0.3187
2026-04-08 19:00:19    User11: 0.3300
2026-04-08 19:00:19    User12: 0.2846
2026-04-08 19:00:19    Mean accuracy : 0.3407
2026-04-08 19:00:19    Std  accuracy : 0.0475
2026-04-08 19:00:19  ============================================================
2026-04-08 19:00:19  CLASSIFICATION REPORT (all folds combined)
2026-04-08 19:00:19  ============================================================
2026-04-08 19:00:19  
                            precision    recall  f1-score   support

         Sitting – Reading       0.20      0.09      0.12       701
         Sitting – Writing       0.26      0.33      0.29       774
         Computer – Typing       0.36      0.26      0.30       773
       Computer – Browsing       0.36      0.52      0.42       787
Sitting – Moving head/body       0.22      0.32      0.26       678
    Sitting – Moving chair       0.30      0.20      0.24       773
     Stand up from sitting       0.28      0.33      0.31       916
                  Standing       0.16      0.06      0.08       516
                   Walking       0.43      0.61      0.50       610
                   Running       0.63      0.77      0.69       596
             Taking stairs       0.00      0.00      0.00       230

                  accuracy                           0.33      7354
                 macro avg       0.29      0.32      0.29      7354
              weighted avg       0.31      0.33      0.31      7354

2026-04-08 19:00:20  Confusion matrix saved to: /home/mahmudm2/codebase/ClassyGlass/scripts/benchmark/figures/cnn_confusion_matrix_W200_S200.png
2026-04-08 19:00:20  Per-subject accuracy chart saved to: /home/mahmudm2/codebase/ClassyGlass/scripts/benchmark/figures/cnn_per_subject_accuracy_W200_S200.png
2026-04-08 19:00:20  ============================================================
2026-04-08 19:00:20  cnn training complete
2026-04-08 19:00:20  ============================================================
