2026-04-08 19:55:41  ============================================================
2026-04-08 19:55:41  cnn  |  window=500  step=200
2026-04-08 19:55:41  Device  : cuda:6
2026-04-08 19:55:41  Flatten : True
2026-04-08 19:55:41  Log     : /home/mahmudm2/codebase/ClassyGlass/scripts/benchmark/logs/cnn_W500_S200.log
2026-04-08 19:55:41  Model   : /home/mahmudm2/codebase/ClassyGlass/scripts/benchmark/models/cnn_best_W500_S200.pth
2026-04-08 19:55:41  Figures : /home/mahmudm2/codebase/ClassyGlass/scripts/benchmark/figures
2026-04-08 19:55:41  ============================================================
2026-04-08 19:55:45  Loaded 7164 windows | window=500  step=200 | 129 experiments | 12 subjects | 0 experiments skipped
2026-04-08 19:55:46  ────────────────────────────────────────────────────────────
2026-04-08 19:55:46  LOSO fold — held-out: User1 (410 test windows, 6754 train windows)
2026-04-08 19:55:49    epoch   1  loss 1.8766  acc 0.2558  val_loss 1.6090  val_acc 0.3170
2026-04-08 19:55:51    epoch   2  loss 1.6705  acc 0.2889  val_loss 1.5625  val_acc 0.3422
2026-04-08 19:55:52    epoch   3  loss 1.6376  acc 0.3009  val_loss 1.5313  val_acc 0.3689
2026-04-08 19:55:54    epoch   4  loss 1.6103  acc 0.3247  val_loss 1.5272  val_acc 0.3422
2026-04-08 19:55:55    epoch   5  loss 1.5909  acc 0.3232  val_loss 1.6896  val_acc 0.2963
2026-04-08 19:55:57    epoch   6  loss 1.5576  acc 0.3283  val_loss 1.5181  val_acc 0.3689
2026-04-08 19:55:59    epoch   7  loss 1.5654  acc 0.3325  val_loss 1.4673  val_acc 0.4015
2026-04-08 19:56:00    epoch   8  loss 1.5471  acc 0.3400  val_loss 1.5657  val_acc 0.3304
2026-04-08 19:56:02    epoch   9  loss 1.5446  acc 0.3399  val_loss 1.4877  val_acc 0.3881
2026-04-08 19:56:04    epoch  10  loss 1.5469  acc 0.3349  val_loss 1.4692  val_acc 0.3689
2026-04-08 19:56:05    epoch  11  loss 1.5177  acc 0.3506  val_loss 1.4318  val_acc 0.4089
2026-04-08 19:56:07    epoch  12  loss 1.5186  acc 0.3548  val_loss 1.4290  val_acc 0.4281
2026-04-08 19:56:08    epoch  13  loss 1.5156  acc 0.3507  val_loss 1.4414  val_acc 0.3941
2026-04-08 19:56:10    epoch  14  loss 1.5023  acc 0.3677  val_loss 1.4309  val_acc 0.4074
2026-04-08 19:56:12    epoch  15  loss 1.5017  acc 0.3668  val_loss 1.4293  val_acc 0.3941
2026-04-08 19:56:13    epoch  16  loss 1.4954  acc 0.3708  val_loss 1.4245  val_acc 0.4044
2026-04-08 19:56:15    epoch  17  loss 1.4780  acc 0.3696  val_loss 1.4065  val_acc 0.4326
2026-04-08 19:56:16    epoch  18  loss 1.5074  acc 0.3652  val_loss 1.4400  val_acc 0.3941
2026-04-08 19:56:18    epoch  19  loss 1.4843  acc 0.3706  val_loss 1.5027  val_acc 0.4148
2026-04-08 19:56:20    epoch  20  loss 1.4873  acc 0.3793  val_loss 1.4103  val_acc 0.4222
2026-04-08 19:56:21    epoch  21  loss 1.4674  acc 0.3835  val_loss 1.3962  val_acc 0.4237
2026-04-08 19:56:23    epoch  22  loss 1.4907  acc 0.3774  val_loss 1.4385  val_acc 0.4267
2026-04-08 19:56:24    epoch  23  loss 1.4654  acc 0.3772  val_loss 1.4037  val_acc 0.4281
2026-04-08 19:56:26    epoch  24  loss 1.4710  acc 0.3859  val_loss 1.3978  val_acc 0.4385
2026-04-08 19:56:28    epoch  25  loss 1.4423  acc 0.3973  val_loss 1.3659  val_acc 0.4474
2026-04-08 19:56:29    epoch  26  loss 1.4572  acc 0.3992  val_loss 1.3692  val_acc 0.4356
2026-04-08 19:56:31    epoch  27  loss 1.4489  acc 0.3938  val_loss 1.3844  val_acc 0.4430
2026-04-08 19:56:32    epoch  28  loss 1.4467  acc 0.3969  val_loss 1.3738  val_acc 0.4430
2026-04-08 19:56:34    epoch  29  loss 1.4273  acc 0.3981  val_loss 1.3771  val_acc 0.4711
2026-04-08 19:56:36    epoch  30  loss 1.4307  acc 0.4020  val_loss 1.3887  val_acc 0.4296
2026-04-08 19:56:37    epoch  31  loss 1.4180  acc 0.4075  val_loss 1.3681  val_acc 0.4607
2026-04-08 19:56:39    epoch  32  loss 1.3983  acc 0.4145  val_loss 1.3676  val_acc 0.4400
2026-04-08 19:56:40    epoch  33  loss 1.4142  acc 0.4114  val_loss 1.3412  val_acc 0.4533
2026-04-08 19:56:42    epoch  34  loss 1.4016  acc 0.4117  val_loss 1.3473  val_acc 0.4637
2026-04-08 19:56:44    epoch  35  loss 1.4058  acc 0.4111  val_loss 1.3675  val_acc 0.4296
2026-04-08 19:56:45    epoch  36  loss 1.3977  acc 0.4157  val_loss 1.3718  val_acc 0.4711
2026-04-08 19:56:47    epoch  37  loss 1.4037  acc 0.4126  val_loss 1.3178  val_acc 0.4963
2026-04-08 19:56:48    epoch  38  loss 1.3776  acc 0.4233  val_loss 1.3844  val_acc 0.4667
2026-04-08 19:56:50    epoch  39  loss 1.3804  acc 0.4229  val_loss 1.3263  val_acc 0.4874
2026-04-08 19:56:51    epoch  40  loss 1.3796  acc 0.4252  val_loss 1.3012  val_acc 0.4963
2026-04-08 19:56:53    epoch  41  loss 1.3774  acc 0.4213  val_loss 1.3238  val_acc 0.4622
2026-04-08 19:56:55    epoch  42  loss 1.3904  acc 0.4218  val_loss 1.3772  val_acc 0.4296
2026-04-08 19:56:56    epoch  43  loss 1.3621  acc 0.4270  val_loss 1.3149  val_acc 0.4815
2026-04-08 19:56:58    epoch  44  loss 1.3614  acc 0.4394  val_loss 1.3084  val_acc 0.4859
2026-04-08 19:56:59    epoch  45  loss 1.3772  acc 0.4282  val_loss 1.3128  val_acc 0.4548
2026-04-08 19:57:01    epoch  46  loss 1.3658  acc 0.4364  val_loss 1.2896  val_acc 0.5007
2026-04-08 19:57:03    epoch  47  loss 1.3484  acc 0.4330  val_loss 1.3412  val_acc 0.4993
2026-04-08 19:57:04    epoch  48  loss 1.3573  acc 0.4364  val_loss 1.3028  val_acc 0.4904
2026-04-08 19:57:06    epoch  49  loss 1.3366  acc 0.4418  val_loss 1.2801  val_acc 0.4919
2026-04-08 19:57:07    epoch  50  loss 1.3457  acc 0.4465  val_loss 1.3425  val_acc 0.4844
2026-04-08 19:57:09    epoch  51  loss 1.3405  acc 0.4506  val_loss 1.3169  val_acc 0.5022
2026-04-08 19:57:11    epoch  52  loss 1.3366  acc 0.4486  val_loss 1.3446  val_acc 0.4889
2026-04-08 19:57:12    epoch  53  loss 1.3366  acc 0.4402  val_loss 1.2770  val_acc 0.5022
2026-04-08 19:57:14    epoch  54  loss 1.3492  acc 0.4366  val_loss 1.3285  val_acc 0.4815
2026-04-08 19:57:15    epoch  55  loss 1.3279  acc 0.4486  val_loss 1.2753  val_acc 0.4948
2026-04-08 19:57:17    epoch  56  loss 1.3427  acc 0.4483  val_loss 1.2782  val_acc 0.5067
2026-04-08 19:57:19    epoch  57  loss 1.3313  acc 0.4455  val_loss 1.2925  val_acc 0.5126
2026-04-08 19:57:20    epoch  58  loss 1.3281  acc 0.4468  val_loss 1.2718  val_acc 0.4978
2026-04-08 19:57:22    epoch  59  loss 1.3358  acc 0.4415  val_loss 1.2921  val_acc 0.4770
2026-04-08 19:57:23    epoch  60  loss 1.3426  acc 0.4414  val_loss 1.2624  val_acc 0.5185
2026-04-08 19:57:25    epoch  61  loss 1.3177  acc 0.4527  val_loss 1.3153  val_acc 0.4844
2026-04-08 19:57:27    epoch  62  loss 1.3335  acc 0.4488  val_loss 1.3095  val_acc 0.4874
2026-04-08 19:57:28    epoch  63  loss 1.3263  acc 0.4585  val_loss 1.2802  val_acc 0.4830
2026-04-08 19:57:30    epoch  64  loss 1.3418  acc 0.4440  val_loss 1.2962  val_acc 0.5200
2026-04-08 19:57:31    epoch  65  loss 1.3306  acc 0.4511  val_loss 1.2630  val_acc 0.5244
2026-04-08 19:57:33    epoch  66  loss 1.3225  acc 0.4558  val_loss 1.2903  val_acc 0.5126
2026-04-08 19:57:35    epoch  67  loss 1.3070  acc 0.4573  val_loss 1.2590  val_acc 0.5215
2026-04-08 19:57:36    epoch  68  loss 1.3159  acc 0.4545  val_loss 1.2491  val_acc 0.5096
2026-04-08 19:57:38    epoch  69  loss 1.2933  acc 0.4581  val_loss 1.2604  val_acc 0.5170
2026-04-08 19:57:39    epoch  70  loss 1.3059  acc 0.4550  val_loss 1.2481  val_acc 0.5274
2026-04-08 19:57:41    epoch  71  loss 1.3043  acc 0.4619  val_loss 1.2590  val_acc 0.4978
2026-04-08 19:57:43    epoch  72  loss 1.3103  acc 0.4552  val_loss 1.2707  val_acc 0.5111
2026-04-08 19:57:44    epoch  73  loss 1.3137  acc 0.4560  val_loss 1.2503  val_acc 0.5052
2026-04-08 19:57:46    epoch  74  loss 1.3146  acc 0.4542  val_loss 1.3302  val_acc 0.5022
2026-04-08 19:57:47    epoch  75  loss 1.3036  acc 0.4634  val_loss 1.2493  val_acc 0.5111
2026-04-08 19:57:49    epoch  76  loss 1.3001  acc 0.4581  val_loss 1.2487  val_acc 0.5304
2026-04-08 19:57:51    epoch  77  loss 1.3081  acc 0.4568  val_loss 1.2451  val_acc 0.5289
2026-04-08 19:57:52    epoch  78  loss 1.2968  acc 0.4618  val_loss 1.2442  val_acc 0.5126
2026-04-08 19:57:54    epoch  79  loss 1.3066  acc 0.4629  val_loss 1.2414  val_acc 0.5141
2026-04-08 19:57:55    epoch  80  loss 1.2961  acc 0.4669  val_loss 1.2432  val_acc 0.5244
2026-04-08 19:57:57    epoch  81  loss 1.2933  acc 0.4692  val_loss 1.2394  val_acc 0.5126
2026-04-08 19:57:59    epoch  82  loss 1.2971  acc 0.4634  val_loss 1.2449  val_acc 0.5244
2026-04-08 19:58:00    epoch  83  loss 1.2867  acc 0.4571  val_loss 1.2416  val_acc 0.5363
2026-04-08 19:58:02    epoch  84  loss 1.2942  acc 0.4626  val_loss 1.2490  val_acc 0.5333
2026-04-08 19:58:03    epoch  85  loss 1.2960  acc 0.4567  val_loss 1.2468  val_acc 0.5333
2026-04-08 19:58:05    epoch  86  loss 1.2953  acc 0.4595  val_loss 1.2460  val_acc 0.5274
2026-04-08 19:58:07    epoch  87  loss 1.3014  acc 0.4631  val_loss 1.2403  val_acc 0.5333
2026-04-08 19:58:08    epoch  88  loss 1.2941  acc 0.4578  val_loss 1.2485  val_acc 0.5333
2026-04-08 19:58:10    epoch  89  loss 1.2942  acc 0.4568  val_loss 1.2415  val_acc 0.5170
2026-04-08 19:58:10    Early stopping at epoch 89
2026-04-08 19:58:10    User1 accuracy: 0.3098
2026-04-08 19:58:10    ✓ New best model saved (User1 held out, acc=0.3098)
2026-04-08 19:58:11  ────────────────────────────────────────────────────────────
2026-04-08 19:58:11  LOSO fold — held-out: User2 (374 test windows, 6790 train windows)
2026-04-08 19:58:13    epoch   1  loss 1.8907  acc 0.2517  val_loss 1.6521  val_acc 0.3078
2026-04-08 19:58:14    epoch   2  loss 1.7105  acc 0.2802  val_loss 1.6067  val_acc 0.3343
2026-04-08 19:58:16    epoch   3  loss 1.6513  acc 0.3062  val_loss 1.5674  val_acc 0.3579
2026-04-08 19:58:17    epoch   4  loss 1.6231  acc 0.3137  val_loss 1.5281  val_acc 0.3564
2026-04-08 19:58:19    epoch   5  loss 1.6217  acc 0.3171  val_loss 1.6082  val_acc 0.3270
2026-04-08 19:58:21    epoch   6  loss 1.5888  acc 0.3217  val_loss 1.5631  val_acc 0.3358
2026-04-08 19:58:22    epoch   7  loss 1.5724  acc 0.3422  val_loss 1.5837  val_acc 0.3196
2026-04-08 19:58:24    epoch   8  loss 1.5840  acc 0.3355  val_loss 1.4823  val_acc 0.3711
2026-04-08 19:58:25    epoch   9  loss 1.5661  acc 0.3489  val_loss 1.4771  val_acc 0.3726
2026-04-08 19:58:27    epoch  10  loss 1.5484  acc 0.3580  val_loss 1.4768  val_acc 0.3756
2026-04-08 19:58:29    epoch  11  loss 1.5410  acc 0.3531  val_loss 1.5055  val_acc 0.3535
2026-04-08 19:58:30    epoch  12  loss 1.5632  acc 0.3553  val_loss 1.5751  val_acc 0.3505
2026-04-08 19:58:32    epoch  13  loss 1.5299  acc 0.3626  val_loss 1.5651  val_acc 0.3461
2026-04-08 19:58:34    epoch  14  loss 1.5368  acc 0.3646  val_loss 1.4594  val_acc 0.4035
2026-04-08 19:58:35    epoch  15  loss 1.5420  acc 0.3587  val_loss 1.4764  val_acc 0.4109
2026-04-08 19:58:37    epoch  16  loss 1.5280  acc 0.3711  val_loss 1.4767  val_acc 0.3918
2026-04-08 19:58:38    epoch  17  loss 1.5104  acc 0.3690  val_loss 1.4380  val_acc 0.3947
2026-04-08 19:58:40    epoch  18  loss 1.5151  acc 0.3715  val_loss 1.4416  val_acc 0.3873
2026-04-08 19:58:42    epoch  19  loss 1.5264  acc 0.3729  val_loss 1.4810  val_acc 0.3741
2026-04-08 19:58:43    epoch  20  loss 1.5142  acc 0.3814  val_loss 1.4415  val_acc 0.3873
2026-04-08 19:58:45    epoch  21  loss 1.4862  acc 0.3736  val_loss 1.4140  val_acc 0.3873
2026-04-08 19:58:46    epoch  22  loss 1.4904  acc 0.3734  val_loss 1.4516  val_acc 0.3873
2026-04-08 19:58:48    epoch  23  loss 1.4818  acc 0.3805  val_loss 1.4206  val_acc 0.4227
2026-04-08 19:58:50    epoch  24  loss 1.4883  acc 0.3800  val_loss 1.4277  val_acc 0.3873
2026-04-08 19:58:51    epoch  25  loss 1.4896  acc 0.3832  val_loss 1.4124  val_acc 0.4227
2026-04-08 19:58:53    epoch  26  loss 1.4758  acc 0.3796  val_loss 1.4830  val_acc 0.4138
2026-04-08 19:58:54    epoch  27  loss 1.4834  acc 0.3850  val_loss 1.4049  val_acc 0.4300
2026-04-08 19:58:56    epoch  28  loss 1.4601  acc 0.3958  val_loss 1.4074  val_acc 0.4021
2026-04-08 19:58:58    epoch  29  loss 1.4643  acc 0.3947  val_loss 1.4534  val_acc 0.4021
2026-04-08 19:58:59    epoch  30  loss 1.4642  acc 0.3932  val_loss 1.4133  val_acc 0.4138
2026-04-08 19:59:01    epoch  31  loss 1.4704  acc 0.3900  val_loss 1.5788  val_acc 0.3255
2026-04-08 19:59:03    epoch  32  loss 1.4713  acc 0.3857  val_loss 1.4136  val_acc 0.3991
2026-04-08 19:59:04    epoch  33  loss 1.4348  acc 0.4042  val_loss 1.4237  val_acc 0.4197
2026-04-08 19:59:06    epoch  34  loss 1.4363  acc 0.4047  val_loss 1.4048  val_acc 0.4389
2026-04-08 19:59:07    epoch  35  loss 1.4316  acc 0.4165  val_loss 1.4108  val_acc 0.4330
2026-04-08 19:59:09    epoch  36  loss 1.4286  acc 0.4206  val_loss 1.4076  val_acc 0.4286
2026-04-08 19:59:11    epoch  37  loss 1.4311  acc 0.4057  val_loss 1.3826  val_acc 0.4404
2026-04-08 19:59:12    epoch  38  loss 1.4110  acc 0.4189  val_loss 1.4340  val_acc 0.4035
2026-04-08 19:59:14    epoch  39  loss 1.4283  acc 0.4116  val_loss 1.3738  val_acc 0.4477
2026-04-08 19:59:16    epoch  40  loss 1.4179  acc 0.4153  val_loss 1.3897  val_acc 0.4374
2026-04-08 19:59:17    epoch  41  loss 1.4044  acc 0.4212  val_loss 1.4112  val_acc 0.4330
2026-04-08 19:59:19    epoch  42  loss 1.4026  acc 0.4220  val_loss 1.3529  val_acc 0.4433
2026-04-08 19:59:20    epoch  43  loss 1.4110  acc 0.4168  val_loss 1.4862  val_acc 0.3976
2026-04-08 19:59:22    epoch  44  loss 1.3883  acc 0.4299  val_loss 1.3551  val_acc 0.4433
2026-04-08 19:59:24    epoch  45  loss 1.3906  acc 0.4281  val_loss 1.5979  val_acc 0.3387
2026-04-08 19:59:25    epoch  46  loss 1.3919  acc 0.4263  val_loss 1.3901  val_acc 0.4404
2026-04-08 19:59:27    epoch  47  loss 1.4002  acc 0.4255  val_loss 1.3850  val_acc 0.4153
2026-04-08 19:59:29    epoch  48  loss 1.3820  acc 0.4251  val_loss 1.3616  val_acc 0.4507
2026-04-08 19:59:30    epoch  49  loss 1.3758  acc 0.4328  val_loss 1.3857  val_acc 0.4286
2026-04-08 19:59:32    epoch  50  loss 1.3746  acc 0.4363  val_loss 1.4138  val_acc 0.4094
2026-04-08 19:59:32    Early stopping at epoch 50
2026-04-08 19:59:32    User2 accuracy: 0.4171
2026-04-08 19:59:32    ✓ New best model saved (User2 held out, acc=0.4171)
2026-04-08 19:59:33  ────────────────────────────────────────────────────────────
2026-04-08 19:59:33  LOSO fold — held-out: User3 (374 test windows, 6790 train windows)
2026-04-08 19:59:34    epoch   1  loss 1.8755  acc 0.2455  val_loss 1.6444  val_acc 0.2946
2026-04-08 19:59:36    epoch   2  loss 1.6952  acc 0.2905  val_loss 1.5833  val_acc 0.3490
2026-04-08 19:59:37    epoch   3  loss 1.6523  acc 0.3047  val_loss 1.5680  val_acc 0.3490
2026-04-08 19:59:39    epoch   4  loss 1.6244  acc 0.3180  val_loss 1.5778  val_acc 0.3343
2026-04-08 19:59:41    epoch   5  loss 1.6219  acc 0.3153  val_loss 1.5107  val_acc 0.3505
2026-04-08 19:59:42    epoch   6  loss 1.5844  acc 0.3232  val_loss 1.4915  val_acc 0.3623
2026-04-08 19:59:44    epoch   7  loss 1.5830  acc 0.3366  val_loss 1.4842  val_acc 0.3682
2026-04-08 19:59:45    epoch   8  loss 1.5738  acc 0.3330  val_loss 1.5244  val_acc 0.3785
2026-04-08 19:59:47    epoch   9  loss 1.5697  acc 0.3389  val_loss 1.6815  val_acc 0.3137
2026-04-08 19:59:49    epoch  10  loss 1.5622  acc 0.3425  val_loss 1.4945  val_acc 0.3638
2026-04-08 19:59:50    epoch  11  loss 1.5447  acc 0.3564  val_loss 1.4839  val_acc 0.3932
2026-04-08 19:59:52    epoch  12  loss 1.5275  acc 0.3636  val_loss 1.5168  val_acc 0.3520
2026-04-08 19:59:53    epoch  13  loss 1.5196  acc 0.3631  val_loss 1.4664  val_acc 0.3726
2026-04-08 19:59:55    epoch  14  loss 1.5261  acc 0.3569  val_loss 1.4512  val_acc 0.3873
2026-04-08 19:59:57    epoch  15  loss 1.5345  acc 0.3643  val_loss 1.5172  val_acc 0.3490
2026-04-08 19:59:58    epoch  16  loss 1.5246  acc 0.3674  val_loss 1.4568  val_acc 0.3814
2026-04-08 20:00:00    epoch  17  loss 1.5166  acc 0.3620  val_loss 1.4536  val_acc 0.3814
2026-04-08 20:00:02    epoch  18  loss 1.5096  acc 0.3607  val_loss 1.4525  val_acc 0.3800
2026-04-08 20:00:03    epoch  19  loss 1.5176  acc 0.3661  val_loss 1.4551  val_acc 0.3829
2026-04-08 20:00:05    epoch  20  loss 1.4918  acc 0.3718  val_loss 1.4291  val_acc 0.4094
