2026-04-08 19:48:12  ============================================================
2026-04-08 19:48:12  cnn  |  window=400  step=160
2026-04-08 19:48:12  Device  : cuda:7
2026-04-08 19:48:12  Flatten : True
2026-04-08 19:48:12  Log     : /home/mahmudm2/codebase/ClassyGlass/scripts/benchmark/logs/cnn_W400_S160.log
2026-04-08 19:48:12  Model   : /home/mahmudm2/codebase/ClassyGlass/scripts/benchmark/models/cnn_best_W400_S160.pth
2026-04-08 19:48:12  Figures : /home/mahmudm2/codebase/ClassyGlass/scripts/benchmark/figures
2026-04-08 19:48:12  ============================================================
2026-04-08 19:48:16  Loaded 9022 windows | window=400  step=160 | 129 experiments | 12 subjects | 0 experiments skipped
2026-04-08 19:48:17  ────────────────────────────────────────────────────────────
2026-04-08 19:48:17  LOSO fold — held-out: User1 (517 test windows, 8505 train windows)
2026-04-08 19:48:23    epoch   1  loss 1.8514  acc 0.2536  val_loss 1.7326  val_acc 0.2482
2026-04-08 19:48:25    epoch   2  loss 1.6775  acc 0.2920  val_loss 1.5806  val_acc 0.3306
2026-04-08 19:48:27    epoch   3  loss 1.6300  acc 0.3063  val_loss 1.5624  val_acc 0.3353
2026-04-08 19:48:29    epoch   4  loss 1.6179  acc 0.3184  val_loss 1.5848  val_acc 0.3353
2026-04-08 19:48:31    epoch   5  loss 1.5951  acc 0.3219  val_loss 1.5201  val_acc 0.3494
2026-04-08 19:48:33    epoch   6  loss 1.5726  acc 0.3344  val_loss 1.5621  val_acc 0.3388
2026-04-08 19:48:35    epoch   7  loss 1.5701  acc 0.3309  val_loss 1.4965  val_acc 0.3576
2026-04-08 19:48:37    epoch   8  loss 1.5606  acc 0.3393  val_loss 1.5240  val_acc 0.3494
2026-04-08 19:48:39    epoch   9  loss 1.5472  acc 0.3535  val_loss 1.5028  val_acc 0.3541
2026-04-08 19:48:41    epoch  10  loss 1.5470  acc 0.3511  val_loss 1.4998  val_acc 0.3529
2026-04-08 19:48:43    epoch  11  loss 1.5510  acc 0.3475  val_loss 1.4671  val_acc 0.3788
2026-04-08 19:48:45    epoch  12  loss 1.5324  acc 0.3603  val_loss 1.4655  val_acc 0.3929
2026-04-08 19:48:47    epoch  13  loss 1.5439  acc 0.3511  val_loss 1.4909  val_acc 0.3647
2026-04-08 19:48:49    epoch  14  loss 1.5370  acc 0.3530  val_loss 1.4600  val_acc 0.3871
2026-04-08 19:48:50    epoch  15  loss 1.5267  acc 0.3630  val_loss 1.4843  val_acc 0.3541
2026-04-08 19:48:52    epoch  16  loss 1.5247  acc 0.3616  val_loss 1.5003  val_acc 0.3424
2026-04-08 19:48:54    epoch  17  loss 1.5278  acc 0.3673  val_loss 1.4369  val_acc 0.3776
2026-04-08 19:48:56    epoch  18  loss 1.5109  acc 0.3692  val_loss 1.5533  val_acc 0.3306
2026-04-08 19:48:58    epoch  19  loss 1.4918  acc 0.3709  val_loss 1.4957  val_acc 0.3741
2026-04-08 19:49:00    epoch  20  loss 1.5017  acc 0.3739  val_loss 1.4482  val_acc 0.3918
2026-04-08 19:49:02    epoch  21  loss 1.5059  acc 0.3816  val_loss 1.4339  val_acc 0.4000
2026-04-08 19:49:04    epoch  22  loss 1.4911  acc 0.3771  val_loss 1.4708  val_acc 0.3882
2026-04-08 19:49:06    epoch  23  loss 1.4909  acc 0.3766  val_loss 1.4479  val_acc 0.3788
2026-04-08 19:49:08    epoch  24  loss 1.4894  acc 0.3828  val_loss 1.4488  val_acc 0.4012
2026-04-08 19:49:10    epoch  25  loss 1.4828  acc 0.3895  val_loss 1.4144  val_acc 0.3941
2026-04-08 19:49:11    epoch  26  loss 1.4754  acc 0.3931  val_loss 1.4181  val_acc 0.3812
2026-04-08 19:49:13    epoch  27  loss 1.4817  acc 0.3881  val_loss 1.4013  val_acc 0.4176
2026-04-08 19:49:15    epoch  28  loss 1.4734  acc 0.3944  val_loss 1.4670  val_acc 0.4000
2026-04-08 19:49:17    epoch  29  loss 1.4582  acc 0.4029  val_loss 1.4165  val_acc 0.4212
2026-04-08 19:49:19    epoch  30  loss 1.4738  acc 0.3945  val_loss 1.4292  val_acc 0.4224
2026-04-08 19:49:21    epoch  31  loss 1.4546  acc 0.4073  val_loss 1.3687  val_acc 0.4376
2026-04-08 19:49:23    epoch  32  loss 1.4453  acc 0.3987  val_loss 1.3763  val_acc 0.4247
2026-04-08 19:49:25    epoch  33  loss 1.4520  acc 0.3991  val_loss 1.3591  val_acc 0.4400
2026-04-08 19:49:27    epoch  34  loss 1.4368  acc 0.4125  val_loss 1.3705  val_acc 0.4212
2026-04-08 19:49:29    epoch  35  loss 1.4378  acc 0.4114  val_loss 1.3900  val_acc 0.4271
2026-04-08 19:49:31    epoch  36  loss 1.4312  acc 0.4076  val_loss 1.4094  val_acc 0.4012
2026-04-08 19:49:33    epoch  37  loss 1.4409  acc 0.4088  val_loss 1.3658  val_acc 0.4459
2026-04-08 19:49:35    epoch  38  loss 1.4148  acc 0.4159  val_loss 1.3358  val_acc 0.4400
2026-04-08 19:49:37    epoch  39  loss 1.4202  acc 0.4169  val_loss 1.3532  val_acc 0.4294
2026-04-08 19:49:38    epoch  40  loss 1.4235  acc 0.4114  val_loss 1.3457  val_acc 0.4212
2026-04-08 19:49:40    epoch  41  loss 1.4269  acc 0.4140  val_loss 1.3279  val_acc 0.4271
2026-04-08 19:49:42    epoch  42  loss 1.4023  acc 0.4248  val_loss 1.4430  val_acc 0.4129
2026-04-08 19:49:44    epoch  43  loss 1.4198  acc 0.4274  val_loss 1.3636  val_acc 0.4212
2026-04-08 19:49:46    epoch  44  loss 1.4238  acc 0.4172  val_loss 1.3418  val_acc 0.4412
2026-04-08 19:49:48    epoch  45  loss 1.4041  acc 0.4175  val_loss 1.3768  val_acc 0.4353
2026-04-08 19:49:50    epoch  46  loss 1.4200  acc 0.4145  val_loss 1.3220  val_acc 0.4647
2026-04-08 19:49:52    epoch  47  loss 1.3955  acc 0.4281  val_loss 1.4209  val_acc 0.4318
2026-04-08 19:49:54    epoch  48  loss 1.3958  acc 0.4268  val_loss 1.3277  val_acc 0.4365
2026-04-08 19:49:56    epoch  49  loss 1.3889  acc 0.4210  val_loss 1.3544  val_acc 0.4341
2026-04-08 19:49:58    epoch  50  loss 1.3907  acc 0.4242  val_loss 1.3532  val_acc 0.4259
2026-04-08 19:50:00    epoch  51  loss 1.3846  acc 0.4276  val_loss 1.3749  val_acc 0.4471
2026-04-08 19:50:02    epoch  52  loss 1.3678  acc 0.4426  val_loss 1.2797  val_acc 0.4659
2026-04-08 19:50:03    epoch  53  loss 1.3621  acc 0.4439  val_loss 1.3448  val_acc 0.4482
2026-04-08 19:50:05    epoch  54  loss 1.3572  acc 0.4453  val_loss 1.2708  val_acc 0.4612
2026-04-08 19:50:07    epoch  55  loss 1.3662  acc 0.4413  val_loss 1.2684  val_acc 0.4871
2026-04-08 19:50:09    epoch  56  loss 1.3585  acc 0.4489  val_loss 1.2971  val_acc 0.4588
2026-04-08 19:50:11    epoch  57  loss 1.3627  acc 0.4468  val_loss 1.3354  val_acc 0.4471
2026-04-08 19:50:13    epoch  58  loss 1.3610  acc 0.4419  val_loss 1.2661  val_acc 0.4718
2026-04-08 19:50:15    epoch  59  loss 1.3451  acc 0.4502  val_loss 1.2684  val_acc 0.4741
2026-04-08 19:50:17    epoch  60  loss 1.3537  acc 0.4487  val_loss 1.2907  val_acc 0.4447
2026-04-08 19:50:19    epoch  61  loss 1.3611  acc 0.4440  val_loss 1.3777  val_acc 0.4341
2026-04-08 19:50:21    epoch  62  loss 1.3576  acc 0.4385  val_loss 1.2563  val_acc 0.4835
2026-04-08 19:50:23    epoch  63  loss 1.3487  acc 0.4523  val_loss 1.2710  val_acc 0.4718
2026-04-08 19:50:25    epoch  64  loss 1.3399  acc 0.4546  val_loss 1.2732  val_acc 0.4635
2026-04-08 19:50:27    epoch  65  loss 1.3355  acc 0.4509  val_loss 1.2836  val_acc 0.4788
2026-04-08 19:50:29    epoch  66  loss 1.3361  acc 0.4545  val_loss 1.2528  val_acc 0.4882
2026-04-08 19:50:31    epoch  67  loss 1.3314  acc 0.4536  val_loss 1.2635  val_acc 0.4800
2026-04-08 19:50:33    epoch  68  loss 1.3382  acc 0.4540  val_loss 1.2664  val_acc 0.4565
2026-04-08 19:50:35    epoch  69  loss 1.3369  acc 0.4503  val_loss 1.2808  val_acc 0.4600
2026-04-08 19:50:37    epoch  70  loss 1.3389  acc 0.4502  val_loss 1.3058  val_acc 0.4553
2026-04-08 19:50:39    epoch  71  loss 1.3402  acc 0.4496  val_loss 1.3919  val_acc 0.4235
2026-04-08 19:50:40    epoch  72  loss 1.3083  acc 0.4630  val_loss 1.2446  val_acc 0.4753
2026-04-08 19:50:42    epoch  73  loss 1.3153  acc 0.4568  val_loss 1.2246  val_acc 0.4824
2026-04-08 19:50:44    epoch  74  loss 1.3151  acc 0.4632  val_loss 1.2362  val_acc 0.4694
2026-04-08 19:50:46    epoch  75  loss 1.3199  acc 0.4618  val_loss 1.2952  val_acc 0.4612
2026-04-08 19:50:48    epoch  76  loss 1.3315  acc 0.4575  val_loss 1.2349  val_acc 0.4906
2026-04-08 19:50:50    epoch  77  loss 1.3168  acc 0.4644  val_loss 1.2302  val_acc 0.4906
2026-04-08 19:50:52    epoch  78  loss 1.3149  acc 0.4651  val_loss 1.2566  val_acc 0.4929
2026-04-08 19:50:54    epoch  79  loss 1.3029  acc 0.4699  val_loss 1.2318  val_acc 0.4929
2026-04-08 19:50:56    epoch  80  loss 1.3043  acc 0.4671  val_loss 1.2409  val_acc 0.4941
2026-04-08 19:50:58    epoch  81  loss 1.3130  acc 0.4647  val_loss 1.2214  val_acc 0.5024
2026-04-08 19:51:00    epoch  82  loss 1.3039  acc 0.4657  val_loss 1.2215  val_acc 0.4918
2026-04-08 19:51:02    epoch  83  loss 1.2986  acc 0.4658  val_loss 1.2284  val_acc 0.4882
2026-04-08 19:51:04    epoch  84  loss 1.3001  acc 0.4716  val_loss 1.2210  val_acc 0.4988
2026-04-08 19:51:06    epoch  85  loss 1.3067  acc 0.4634  val_loss 1.2164  val_acc 0.5000
2026-04-08 19:51:08    epoch  86  loss 1.3010  acc 0.4747  val_loss 1.2150  val_acc 0.5024
2026-04-08 19:51:10    epoch  87  loss 1.3027  acc 0.4707  val_loss 1.2501  val_acc 0.4824
2026-04-08 19:51:12    epoch  88  loss 1.3054  acc 0.4658  val_loss 1.2287  val_acc 0.4918
2026-04-08 19:51:14    epoch  89  loss 1.2987  acc 0.4611  val_loss 1.2347  val_acc 0.4976
2026-04-08 19:51:15    epoch  90  loss 1.2929  acc 0.4716  val_loss 1.2176  val_acc 0.4918
2026-04-08 19:51:17    epoch  91  loss 1.2897  acc 0.4726  val_loss 1.2196  val_acc 0.5000
2026-04-08 19:51:19    epoch  92  loss 1.2975  acc 0.4657  val_loss 1.2227  val_acc 0.4894
2026-04-08 19:51:21    epoch  93  loss 1.2877  acc 0.4711  val_loss 1.2098  val_acc 0.5012
2026-04-08 19:51:23    epoch  94  loss 1.3029  acc 0.4702  val_loss 1.2118  val_acc 0.4894
2026-04-08 19:51:25    epoch  95  loss 1.2999  acc 0.4657  val_loss 1.2166  val_acc 0.4965
2026-04-08 19:51:27    epoch  96  loss 1.2832  acc 0.4776  val_loss 1.2197  val_acc 0.4988
2026-04-08 19:51:29    epoch  97  loss 1.2897  acc 0.4730  val_loss 1.2350  val_acc 0.4929
2026-04-08 19:51:31    epoch  98  loss 1.2923  acc 0.4733  val_loss 1.2181  val_acc 0.4871
2026-04-08 19:51:33    epoch  99  loss 1.2888  acc 0.4796  val_loss 1.2272  val_acc 0.4929
2026-04-08 19:51:35    epoch 100  loss 1.2952  acc 0.4703  val_loss 1.2214  val_acc 0.4941
2026-04-08 19:51:35    User1 accuracy: 0.3172
2026-04-08 19:51:35    ✓ New best model saved (User1 held out, acc=0.3172)
2026-04-08 19:51:36  ────────────────────────────────────────────────────────────
2026-04-08 19:51:36  LOSO fold — held-out: User2 (476 test windows, 8546 train windows)
2026-04-08 19:51:38    epoch   1  loss 1.8981  acc 0.2347  val_loss 1.6192  val_acc 0.3337
2026-04-08 19:51:40    epoch   2  loss 1.6966  acc 0.2924  val_loss 1.5848  val_acc 0.3208
2026-04-08 19:51:42    epoch   3  loss 1.6566  acc 0.3041  val_loss 1.5001  val_acc 0.3595
2026-04-08 19:51:44    epoch   4  loss 1.6367  acc 0.3168  val_loss 1.4937  val_acc 0.3618
2026-04-08 19:51:45    epoch   5  loss 1.6230  acc 0.3136  val_loss 1.4889  val_acc 0.3700
2026-04-08 19:51:47    epoch   6  loss 1.6120  acc 0.3202  val_loss 1.4504  val_acc 0.4133
2026-04-08 19:51:49    epoch   7  loss 1.5995  acc 0.3275  val_loss 1.4798  val_acc 0.3981
2026-04-08 19:51:51    epoch   8  loss 1.5799  acc 0.3383  val_loss 1.4411  val_acc 0.3993
2026-04-08 19:51:53    epoch   9  loss 1.5864  acc 0.3446  val_loss 1.4444  val_acc 0.4016
2026-04-08 19:51:55    epoch  10  loss 1.5932  acc 0.3398  val_loss 1.4696  val_acc 0.3993
2026-04-08 19:51:57    epoch  11  loss 1.5785  acc 0.3350  val_loss 1.4738  val_acc 0.4087
2026-04-08 19:51:59    epoch  12  loss 1.5598  acc 0.3498  val_loss 1.4254  val_acc 0.4110
2026-04-08 19:52:01    epoch  13  loss 1.5672  acc 0.3388  val_loss 1.4612  val_acc 0.4192
2026-04-08 19:52:03    epoch  14  loss 1.5626  acc 0.3487  val_loss 1.4402  val_acc 0.4368
2026-04-08 19:52:05    epoch  15  loss 1.5521  acc 0.3519  val_loss 1.4093  val_acc 0.4204
2026-04-08 19:52:07    epoch  16  loss 1.5433  acc 0.3606  val_loss 1.4121  val_acc 0.4169
2026-04-08 19:52:09    epoch  17  loss 1.5392  acc 0.3569  val_loss 1.4479  val_acc 0.4075
2026-04-08 19:52:11    epoch  18  loss 1.5449  acc 0.3544  val_loss 1.4160  val_acc 0.4005
2026-04-08 19:52:13    epoch  19  loss 1.5384  acc 0.3589  val_loss 1.3893  val_acc 0.4192
2026-04-08 19:52:15    epoch  20  loss 1.5341  acc 0.3644  val_loss 1.3986  val_acc 0.4274
2026-04-08 19:52:17    epoch  21  loss 1.5344  acc 0.3595  val_loss 1.4122  val_acc 0.4333
2026-04-08 19:52:19    epoch  22  loss 1.5234  acc 0.3669  val_loss 1.4013  val_acc 0.4368
2026-04-08 19:52:21    epoch  23  loss 1.5324  acc 0.3636  val_loss 1.3927  val_acc 0.4133
2026-04-08 19:52:23    epoch  24  loss 1.5275  acc 0.3726  val_loss 1.4060  val_acc 0.4356
2026-04-08 19:52:24    epoch  25  loss 1.5029  acc 0.3827  val_loss 1.3710  val_acc 0.4368
2026-04-08 19:52:26    epoch  26  loss 1.5053  acc 0.3752  val_loss 1.3758  val_acc 0.4438
2026-04-08 19:52:28    epoch  27  loss 1.5017  acc 0.3794  val_loss 1.4100  val_acc 0.4262
2026-04-08 19:52:30    epoch  28  loss 1.4965  acc 0.3766  val_loss 1.3783  val_acc 0.4555
2026-04-08 19:52:32    epoch  29  loss 1.5024  acc 0.3762  val_loss 1.3884  val_acc 0.4485
2026-04-08 19:52:34    epoch  30  loss 1.4874  acc 0.3870  val_loss 1.3749  val_acc 0.4532
2026-04-08 19:52:36    epoch  31  loss 1.4764  acc 0.3899  val_loss 1.3824  val_acc 0.4555
2026-04-08 19:52:38    epoch  32  loss 1.4737  acc 0.3912  val_loss 1.3541  val_acc 0.4415
2026-04-08 19:52:40    epoch  33  loss 1.4783  acc 0.3846  val_loss 1.3644  val_acc 0.4438
2026-04-08 19:52:42    epoch  34  loss 1.4615  acc 0.4002  val_loss 1.3434  val_acc 0.4379
2026-04-08 19:52:44    epoch  35  loss 1.4672  acc 0.3940  val_loss 1.3512  val_acc 0.4403
2026-04-08 19:52:46    epoch  36  loss 1.4719  acc 0.3953  val_loss 1.3526  val_acc 0.4356
2026-04-08 19:52:48    epoch  37  loss 1.4632  acc 0.3968  val_loss 1.3362  val_acc 0.4379
2026-04-08 19:52:50    epoch  38  loss 1.4647  acc 0.3947  val_loss 1.3380  val_acc 0.4461
2026-04-08 19:52:52    epoch  39  loss 1.4716  acc 0.3940  val_loss 1.3412  val_acc 0.4473
2026-04-08 19:52:53    epoch  40  loss 1.4668  acc 0.3973  val_loss 1.3446  val_acc 0.4567
2026-04-08 19:52:55    epoch  41  loss 1.4780  acc 0.3969  val_loss 1.3759  val_acc 0.4251
2026-04-08 19:52:57    epoch  42  loss 1.4693  acc 0.3998  val_loss 1.3494  val_acc 0.4309
2026-04-08 19:52:59    epoch  43  loss 1.4558  acc 0.4051  val_loss 1.3316  val_acc 0.4426
2026-04-08 19:53:01    epoch  44  loss 1.4634  acc 0.3976  val_loss 1.3317  val_acc 0.4602
2026-04-08 19:53:03    epoch  45  loss 1.4595  acc 0.4025  val_loss 1.3385  val_acc 0.4508
2026-04-08 19:53:05    epoch  46  loss 1.4528  acc 0.4009  val_loss 1.3427  val_acc 0.4532
2026-04-08 19:53:07    epoch  47  loss 1.4542  acc 0.4090  val_loss 1.3274  val_acc 0.4602
2026-04-08 19:53:09    epoch  48  loss 1.4478  acc 0.4052  val_loss 1.3409  val_acc 0.4473
2026-04-08 19:53:11    epoch  49  loss 1.4522  acc 0.4042  val_loss 1.3279  val_acc 0.4391
2026-04-08 19:53:13    epoch  50  loss 1.4465  acc 0.4031  val_loss 1.3289  val_acc 0.4309
2026-04-08 19:53:15    epoch  51  loss 1.4382  acc 0.4080  val_loss 1.3298  val_acc 0.4426
2026-04-08 19:53:17    epoch  52  loss 1.4486  acc 0.4057  val_loss 1.3250  val_acc 0.4567
2026-04-08 19:53:19    epoch  53  loss 1.4384  acc 0.4126  val_loss 1.3247  val_acc 0.4461
2026-04-08 19:53:21    epoch  54  loss 1.4274  acc 0.4174  val_loss 1.3243  val_acc 0.4473
2026-04-08 19:53:23    epoch  55  loss 1.4398  acc 0.4130  val_loss 1.3260  val_acc 0.4473
2026-04-08 19:53:25    epoch  56  loss 1.4545  acc 0.4059  val_loss 1.3206  val_acc 0.4660
2026-04-08 19:53:26    epoch  57  loss 1.4433  acc 0.4148  val_loss 1.3241  val_acc 0.4426
2026-04-08 19:53:28    epoch  58  loss 1.4358  acc 0.4159  val_loss 1.3256  val_acc 0.4309
2026-04-08 19:53:30    epoch  59  loss 1.4288  acc 0.4163  val_loss 1.3228  val_acc 0.4508
2026-04-08 19:53:32    epoch  60  loss 1.4473  acc 0.4112  val_loss 1.3159  val_acc 0.4473
2026-04-08 19:53:34    epoch  61  loss 1.4377  acc 0.4154  val_loss 1.3194  val_acc 0.4602
2026-04-08 19:53:36    epoch  62  loss 1.4397  acc 0.4154  val_loss 1.3204  val_acc 0.4520
2026-04-08 19:53:38    epoch  63  loss 1.4374  acc 0.4164  val_loss 1.3551  val_acc 0.4578
2026-04-08 19:53:40    epoch  64  loss 1.4313  acc 0.4158  val_loss 1.3108  val_acc 0.4754
2026-04-08 19:53:42    epoch  65  loss 1.4324  acc 0.4124  val_loss 1.3144  val_acc 0.4520
2026-04-08 19:53:44    epoch  66  loss 1.4468  acc 0.4156  val_loss 1.3147  val_acc 0.4508
2026-04-08 19:53:46    epoch  67  loss 1.4292  acc 0.4159  val_loss 1.3156  val_acc 0.4391
2026-04-08 19:53:48    epoch  68  loss 1.4301  acc 0.4165  val_loss 1.3087  val_acc 0.4473
2026-04-08 19:53:50    epoch  69  loss 1.4274  acc 0.4206  val_loss 1.3080  val_acc 0.4602
2026-04-08 19:53:52    epoch  70  loss 1.4210  acc 0.4204  val_loss 1.3100  val_acc 0.4696
2026-04-08 19:53:54    epoch  71  loss 1.4250  acc 0.4204  val_loss 1.3126  val_acc 0.4508
2026-04-08 19:53:56    epoch  72  loss 1.4185  acc 0.4238  val_loss 1.3107  val_acc 0.4625
2026-04-08 19:53:57    epoch  73  loss 1.4326  acc 0.4256  val_loss 1.3159  val_acc 0.4684
2026-04-08 19:53:59    epoch  74  loss 1.4211  acc 0.4167  val_loss 1.3107  val_acc 0.4602
2026-04-08 19:54:01    epoch  75  loss 1.4162  acc 0.4312  val_loss 1.3088  val_acc 0.4742
2026-04-08 19:54:03    epoch  76  loss 1.4206  acc 0.4203  val_loss 1.3041  val_acc 0.4637
2026-04-08 19:54:05    epoch  77  loss 1.4124  acc 0.4258  val_loss 1.2980  val_acc 0.4567
2026-04-08 19:54:07    epoch  78  loss 1.4147  acc 0.4277  val_loss 1.2973  val_acc 0.4532
2026-04-08 19:54:09    epoch  79  loss 1.4100  acc 0.4262  val_loss 1.2962  val_acc 0.4578
2026-04-08 19:54:11    epoch  80  loss 1.4166  acc 0.4255  val_loss 1.2982  val_acc 0.4731
2026-04-08 19:54:13    epoch  81  loss 1.4096  acc 0.4232  val_loss 1.2976  val_acc 0.4543
2026-04-08 19:54:15    epoch  82  loss 1.4178  acc 0.4229  val_loss 1.3149  val_acc 0.4731
2026-04-08 19:54:17    epoch  83  loss 1.4092  acc 0.4252  val_loss 1.3025  val_acc 0.4742
2026-04-08 19:54:19    epoch  84  loss 1.4112  acc 0.4329  val_loss 1.2992  val_acc 0.4520
2026-04-08 19:54:21    epoch  85  loss 1.4166  acc 0.4288  val_loss 1.3031  val_acc 0.4754
2026-04-08 19:54:23    epoch  86  loss 1.4192  acc 0.4304  val_loss 1.2934  val_acc 0.4614
2026-04-08 19:54:25    epoch  87  loss 1.4014  acc 0.4242  val_loss 1.2909  val_acc 0.4578
2026-04-08 19:54:27    epoch  88  loss 1.4163  acc 0.4271  val_loss 1.2928  val_acc 0.4614
2026-04-08 19:54:29    epoch  89  loss 1.4051  acc 0.4275  val_loss 1.2921  val_acc 0.4696
2026-04-08 19:54:31    epoch  90  loss 1.4008  acc 0.4256  val_loss 1.2920  val_acc 0.4590
2026-04-08 19:54:32    epoch  91  loss 1.4058  acc 0.4269  val_loss 1.2899  val_acc 0.4684
2026-04-08 19:54:34    epoch  92  loss 1.4091  acc 0.4267  val_loss 1.2891  val_acc 0.4660
2026-04-08 19:54:36    epoch  93  loss 1.4117  acc 0.4303  val_loss 1.2929  val_acc 0.4766
2026-04-08 19:54:38    epoch  94  loss 1.4037  acc 0.4288  val_loss 1.2932  val_acc 0.4637
2026-04-08 19:54:40    epoch  95  loss 1.4061  acc 0.4289  val_loss 1.2902  val_acc 0.4649
2026-04-08 19:54:42    epoch  96  loss 1.3998  acc 0.4392  val_loss 1.2891  val_acc 0.4719
2026-04-08 19:54:44    epoch  97  loss 1.4067  acc 0.4310  val_loss 1.2893  val_acc 0.4789
2026-04-08 19:54:46    epoch  98  loss 1.4011  acc 0.4304  val_loss 1.2909  val_acc 0.4508
2026-04-08 19:54:48    epoch  99  loss 1.4045  acc 0.4317  val_loss 1.2915  val_acc 0.4754
2026-04-08 19:54:50    epoch 100  loss 1.3973  acc 0.4317  val_loss 1.2921  val_acc 0.4590
2026-04-08 19:54:50    User2 accuracy: 0.4475
2026-04-08 19:54:50    ✓ New best model saved (User2 held out, acc=0.4475)
2026-04-08 19:54:51  ────────────────────────────────────────────────────────────
2026-04-08 19:54:51  LOSO fold — held-out: User3 (473 test windows, 8549 train windows)
2026-04-08 19:54:53    epoch   1  loss 1.8845  acc 0.2565  val_loss 1.6643  val_acc 0.2752
2026-04-08 19:54:55    epoch   2  loss 1.7189  acc 0.2851  val_loss 1.6099  val_acc 0.3115
2026-04-08 19:54:57    epoch   3  loss 1.6575  acc 0.3122  val_loss 1.5797  val_acc 0.3185
2026-04-08 19:54:59    epoch   4  loss 1.6262  acc 0.3185  val_loss 1.5387  val_acc 0.3501
2026-04-08 19:55:01    epoch   5  loss 1.6333  acc 0.3238  val_loss 1.5252  val_acc 0.3337
2026-04-08 19:55:03    epoch   6  loss 1.6112  acc 0.3176  val_loss 1.5481  val_acc 0.3349
2026-04-08 19:55:05    epoch   7  loss 1.5895  acc 0.3237  val_loss 1.5602  val_acc 0.3501
2026-04-08 19:55:07    epoch   8  loss 1.5885  acc 0.3266  val_loss 1.5525  val_acc 0.3290
2026-04-08 19:55:09    epoch   9  loss 1.5753  acc 0.3365  val_loss 1.5275  val_acc 0.3607
2026-04-08 19:55:11    epoch  10  loss 1.5688  acc 0.3448  val_loss 1.5809  val_acc 0.3138
2026-04-08 19:55:13    epoch  11  loss 1.5527  acc 0.3479  val_loss 1.4844  val_acc 0.3829
2026-04-08 19:55:14    epoch  12  loss 1.5492  acc 0.3484  val_loss 1.4895  val_acc 0.3571
2026-04-08 19:55:16    epoch  13  loss 1.5623  acc 0.3531  val_loss 1.5357  val_acc 0.3806
2026-04-08 19:55:18    epoch  14  loss 1.5419  acc 0.3532  val_loss 1.5087  val_acc 0.3607
2026-04-08 19:55:20    epoch  15  loss 1.5457  acc 0.3502  val_loss 1.4913  val_acc 0.3759
2026-04-08 19:55:22    epoch  16  loss 1.5375  acc 0.3597  val_loss 1.5016  val_acc 0.3501
2026-04-08 19:55:24    epoch  17  loss 1.5336  acc 0.3658  val_loss 1.4715  val_acc 0.3689
2026-04-08 19:55:26    epoch  18  loss 1.5304  acc 0.3637  val_loss 1.4589  val_acc 0.4052
2026-04-08 19:55:28    epoch  19  loss 1.5249  acc 0.3579  val_loss 1.4557  val_acc 0.3993
2026-04-08 19:55:30    epoch  20  loss 1.5215  acc 0.3656  val_loss 1.4628  val_acc 0.3724
2026-04-08 19:55:32    epoch  21  loss 1.5278  acc 0.3623  val_loss 1.4589  val_acc 0.3665
2026-04-08 19:55:34    epoch  22  loss 1.5077  acc 0.3718  val_loss 1.4515  val_acc 0.3689
2026-04-08 19:55:36    epoch  23  loss 1.5114  acc 0.3718  val_loss 1.4674  val_acc 0.3595
2026-04-08 19:55:37    epoch  24  loss 1.5058  acc 0.3687  val_loss 1.4568  val_acc 0.3630
2026-04-08 19:55:39    epoch  25  loss 1.5120  acc 0.3660  val_loss 1.4530  val_acc 0.3876
2026-04-08 19:55:41    epoch  26  loss 1.5183  acc 0.3640  val_loss 1.4451  val_acc 0.3911
2026-04-08 19:55:43    epoch  27  loss 1.5076  acc 0.3688  val_loss 1.4482  val_acc 0.3970
2026-04-08 19:55:45    epoch  28  loss 1.4956  acc 0.3774  val_loss 1.4472  val_acc 0.3899
2026-04-08 19:55:47    epoch  29  loss 1.5163  acc 0.3699  val_loss 1.4568  val_acc 0.3852
2026-04-08 19:55:48    epoch  30  loss 1.4989  acc 0.3724  val_loss 1.4543  val_acc 0.3759
2026-04-08 19:55:50    epoch  31  loss 1.4903  acc 0.3780  val_loss 1.4435  val_acc 0.3911
2026-04-08 19:55:52    epoch  32  loss 1.5004  acc 0.3699  val_loss 1.4404  val_acc 0.3864
2026-04-08 19:55:54    epoch  33  loss 1.4928  acc 0.3827  val_loss 1.4826  val_acc 0.3478
2026-04-08 19:55:56    epoch  34  loss 1.5022  acc 0.3753  val_loss 1.4516  val_acc 0.3665
2026-04-08 19:55:58    epoch  35  loss 1.4995  acc 0.3741  val_loss 1.4375  val_acc 0.3806
2026-04-08 19:56:00    epoch  36  loss 1.4914  acc 0.3744  val_loss 1.4387  val_acc 0.4040
2026-04-08 19:56:02    epoch  37  loss 1.4813  acc 0.3796  val_loss 1.4295  val_acc 0.4016
2026-04-08 19:56:04    epoch  38  loss 1.4837  acc 0.3851  val_loss 1.4519  val_acc 0.3946
2026-04-08 19:56:06    epoch  39  loss 1.4931  acc 0.3832  val_loss 1.4281  val_acc 0.4052
2026-04-08 19:56:08    epoch  40  loss 1.4931  acc 0.3799  val_loss 1.4568  val_acc 0.3724
2026-04-08 19:56:10    epoch  41  loss 1.4971  acc 0.3832  val_loss 1.4321  val_acc 0.4005
2026-04-08 19:56:12    epoch  42  loss 1.4794  acc 0.3835  val_loss 1.4283  val_acc 0.3911
2026-04-08 19:56:14    epoch  43  loss 1.4879  acc 0.3787  val_loss 1.4239  val_acc 0.4087
2026-04-08 19:56:16    epoch  44  loss 1.4842  acc 0.3847  val_loss 1.4737  val_acc 0.3689
2026-04-08 19:56:18    epoch  45  loss 1.4928  acc 0.3826  val_loss 1.4531  val_acc 0.3747
2026-04-08 19:56:20    epoch  46  loss 1.4832  acc 0.3814  val_loss 1.4206  val_acc 0.3993
2026-04-08 19:56:22    epoch  47  loss 1.4787  acc 0.3826  val_loss 1.4153  val_acc 0.4262
2026-04-08 19:56:24    epoch  48  loss 1.4745  acc 0.3912  val_loss 1.4240  val_acc 0.3993
2026-04-08 19:56:25    epoch  49  loss 1.4836  acc 0.3887  val_loss 1.4247  val_acc 0.4087
2026-04-08 19:56:27    epoch  50  loss 1.4695  acc 0.3864  val_loss 1.4125  val_acc 0.4063
2026-04-08 19:56:29    epoch  51  loss 1.4699  acc 0.3952  val_loss 1.4266  val_acc 0.4005
2026-04-08 19:56:31    epoch  52  loss 1.4676  acc 0.3903  val_loss 1.4618  val_acc 0.3595
2026-04-08 19:56:33    epoch  53  loss 1.4614  acc 0.3988  val_loss 1.4128  val_acc 0.4016
2026-04-08 19:56:35    epoch  54  loss 1.4621  acc 0.4000  val_loss 1.4114  val_acc 0.4145
2026-04-08 19:56:37    epoch  55  loss 1.4645  acc 0.3947  val_loss 1.4192  val_acc 0.3946
2026-04-08 19:56:39    epoch  56  loss 1.4625  acc 0.3918  val_loss 1.4055  val_acc 0.4122
2026-04-08 19:56:41    epoch  57  loss 1.4707  acc 0.3975  val_loss 1.4185  val_acc 0.4063
2026-04-08 19:56:43    epoch  58  loss 1.4579  acc 0.4034  val_loss 1.4161  val_acc 0.4391
2026-04-08 19:56:45    epoch  59  loss 1.4565  acc 0.3992  val_loss 1.4232  val_acc 0.4075
2026-04-08 19:56:47    epoch  60  loss 1.4693  acc 0.4036  val_loss 1.3878  val_acc 0.4473
2026-04-08 19:56:49    epoch  61  loss 1.4534  acc 0.3970  val_loss 1.4108  val_acc 0.4028
2026-04-08 19:56:51    epoch  62  loss 1.4490  acc 0.4034  val_loss 1.4000  val_acc 0.4473
2026-04-08 19:56:53    epoch  63  loss 1.4399  acc 0.4044  val_loss 1.4054  val_acc 0.4251
2026-04-08 19:56:55    epoch  64  loss 1.4506  acc 0.4083  val_loss 1.4321  val_acc 0.4145
2026-04-08 19:56:56    epoch  65  loss 1.4547  acc 0.4062  val_loss 1.4090  val_acc 0.4450
2026-04-08 19:56:58    epoch  66  loss 1.4490  acc 0.4023  val_loss 1.3734  val_acc 0.4438
2026-04-08 19:57:00    epoch  67  loss 1.4441  acc 0.4068  val_loss 1.3797  val_acc 0.4426
2026-04-08 19:57:02    epoch  68  loss 1.4435  acc 0.4038  val_loss 1.3828  val_acc 0.4227
2026-04-08 19:57:04    epoch  69  loss 1.4327  acc 0.4186  val_loss 1.4586  val_acc 0.3899
2026-04-08 19:57:06    epoch  70  loss 1.4469  acc 0.4092  val_loss 1.3715  val_acc 0.4368
2026-04-08 19:57:08    epoch  71  loss 1.4344  acc 0.4181  val_loss 1.3657  val_acc 0.4391
2026-04-08 19:57:10    epoch  72  loss 1.4370  acc 0.4077  val_loss 1.3753  val_acc 0.4567
2026-04-08 19:57:12    epoch  73  loss 1.4307  acc 0.4160  val_loss 1.3672  val_acc 0.4637
2026-04-08 19:57:14    epoch  74  loss 1.4185  acc 0.4194  val_loss 1.3919  val_acc 0.4426
2026-04-08 19:57:16    epoch  75  loss 1.4343  acc 0.4157  val_loss 1.4067  val_acc 0.4204
2026-04-08 19:57:18    epoch  76  loss 1.4305  acc 0.4199  val_loss 1.3667  val_acc 0.4508
2026-04-08 19:57:20    epoch  77  loss 1.4226  acc 0.4216  val_loss 1.3839  val_acc 0.4251
2026-04-08 19:57:22    epoch  78  loss 1.4282  acc 0.4152  val_loss 1.3585  val_acc 0.4590
2026-04-08 19:57:24    epoch  79  loss 1.4242  acc 0.4199  val_loss 1.3600  val_acc 0.4485
2026-04-08 19:57:26    epoch  80  loss 1.4178  acc 0.4194  val_loss 1.3661  val_acc 0.4496
2026-04-08 19:57:28    epoch  81  loss 1.4265  acc 0.4149  val_loss 1.3574  val_acc 0.4532
2026-04-08 19:57:30    epoch  82  loss 1.4142  acc 0.4230  val_loss 1.3597  val_acc 0.4520
2026-04-08 19:57:31    epoch  83  loss 1.4055  acc 0.4247  val_loss 1.3514  val_acc 0.4543
2026-04-08 19:57:33    epoch  84  loss 1.4137  acc 0.4203  val_loss 1.3633  val_acc 0.4426
2026-04-08 19:57:35    epoch  85  loss 1.4231  acc 0.4190  val_loss 1.3670  val_acc 0.4368
2026-04-08 19:57:37    epoch  86  loss 1.4197  acc 0.4213  val_loss 1.3473  val_acc 0.4696
2026-04-08 19:57:39    epoch  87  loss 1.4255  acc 0.4217  val_loss 1.3461  val_acc 0.4660
2026-04-08 19:57:41    epoch  88  loss 1.4263  acc 0.4251  val_loss 1.3653  val_acc 0.4473
2026-04-08 19:57:43    epoch  89  loss 1.4117  acc 0.4286  val_loss 1.3514  val_acc 0.4602
2026-04-08 19:57:45    epoch  90  loss 1.4172  acc 0.4234  val_loss 1.3692  val_acc 0.4637
2026-04-08 19:57:47    epoch  91  loss 1.4122  acc 0.4242  val_loss 1.3553  val_acc 0.4543
2026-04-08 19:57:49    epoch  92  loss 1.4218  acc 0.4208  val_loss 1.3441  val_acc 0.4637
2026-04-08 19:57:51    epoch  93  loss 1.4079  acc 0.4288  val_loss 1.3604  val_acc 0.4555
2026-04-08 19:57:53    epoch  94  loss 1.4053  acc 0.4246  val_loss 1.3454  val_acc 0.4614
2026-04-08 19:57:55    epoch  95  loss 1.4069  acc 0.4291  val_loss 1.3410  val_acc 0.4696
2026-04-08 19:57:57    epoch  96  loss 1.4058  acc 0.4238  val_loss 1.3397  val_acc 0.4684
2026-04-08 19:57:59    epoch  97  loss 1.4012  acc 0.4213  val_loss 1.3426  val_acc 0.4660
2026-04-08 19:58:01    epoch  98  loss 1.4152  acc 0.4218  val_loss 1.3496  val_acc 0.4555
2026-04-08 19:58:03    epoch  99  loss 1.4073  acc 0.4222  val_loss 1.3622  val_acc 0.4532
2026-04-08 19:58:05    epoch 100  loss 1.4048  acc 0.4301  val_loss 1.3525  val_acc 0.4649
2026-04-08 19:58:05    User3 accuracy: 0.5011
2026-04-08 19:58:05    ✓ New best model saved (User3 held out, acc=0.5011)
2026-04-08 19:58:06  ────────────────────────────────────────────────────────────
2026-04-08 19:58:06  LOSO fold — held-out: User4 (501 test windows, 8521 train windows)
2026-04-08 19:58:08    epoch   1  loss 1.8882  acc 0.2605  val_loss 1.6905  val_acc 0.3099
2026-04-08 19:58:10    epoch   2  loss 1.7006  acc 0.2965  val_loss 1.6669  val_acc 0.3040
2026-04-08 19:58:12    epoch   3  loss 1.6593  acc 0.3053  val_loss 1.6214  val_acc 0.3404
2026-04-08 19:58:14    epoch   4  loss 1.6377  acc 0.3077  val_loss 1.5846  val_acc 0.3650
2026-04-08 19:58:15    epoch   5  loss 1.6097  acc 0.3259  val_loss 1.5979  val_acc 0.3369
2026-04-08 19:58:17    epoch   6  loss 1.6027  acc 0.3231  val_loss 1.5693  val_acc 0.3556
2026-04-08 19:58:19    epoch   7  loss 1.5816  acc 0.3349  val_loss 1.5726  val_acc 0.3685
2026-04-08 19:58:21    epoch   8  loss 1.5894  acc 0.3334  val_loss 1.6049  val_acc 0.3521
2026-04-08 19:58:23    epoch   9  loss 1.5748  acc 0.3394  val_loss 1.5682  val_acc 0.3662
2026-04-08 19:58:25    epoch  10  loss 1.5793  acc 0.3364  val_loss 1.5320  val_acc 0.3697
2026-04-08 19:58:27    epoch  11  loss 1.5763  acc 0.3458  val_loss 1.5342  val_acc 0.3873
2026-04-08 19:58:29    epoch  12  loss 1.5593  acc 0.3562  val_loss 1.5289  val_acc 0.3803
2026-04-08 19:58:31    epoch  13  loss 1.5480  acc 0.3573  val_loss 1.5601  val_acc 0.3768
2026-04-08 19:58:33    epoch  14  loss 1.5489  acc 0.3514  val_loss 1.5575  val_acc 0.3897
2026-04-08 19:58:35    epoch  15  loss 1.5590  acc 0.3548  val_loss 1.5607  val_acc 0.3615
2026-04-08 19:58:37    epoch  16  loss 1.5336  acc 0.3621  val_loss 1.5070  val_acc 0.3920
2026-04-08 19:58:39    epoch  17  loss 1.5430  acc 0.3582  val_loss 1.4982  val_acc 0.4167
2026-04-08 19:58:41    epoch  18  loss 1.5389  acc 0.3620  val_loss 1.4944  val_acc 0.4002
2026-04-08 19:58:43    epoch  19  loss 1.5248  acc 0.3658  val_loss 1.5179  val_acc 0.3908
2026-04-08 19:58:44    epoch  20  loss 1.5308  acc 0.3724  val_loss 1.4874  val_acc 0.3991
2026-04-08 19:58:46    epoch  21  loss 1.5238  acc 0.3701  val_loss 1.5023  val_acc 0.3850
2026-04-08 19:58:48    epoch  22  loss 1.5351  acc 0.3664  val_loss 1.5372  val_acc 0.3838
2026-04-08 19:58:50    epoch  23  loss 1.5108  acc 0.3758  val_loss 1.5184  val_acc 0.3709
2026-04-08 19:58:52    epoch  24  loss 1.5180  acc 0.3801  val_loss 1.4827  val_acc 0.3967
2026-04-08 19:58:54    epoch  25  loss 1.5022  acc 0.3805  val_loss 1.4720  val_acc 0.4085
2026-04-08 19:58:56    epoch  26  loss 1.5051  acc 0.3824  val_loss 1.5705  val_acc 0.3967
2026-04-08 19:58:58    epoch  27  loss 1.4932  acc 0.3875  val_loss 1.4844  val_acc 0.4190
2026-04-08 19:59:00    epoch  28  loss 1.5012  acc 0.3849  val_loss 1.4800  val_acc 0.4073
2026-04-08 19:59:02    epoch  29  loss 1.5105  acc 0.3809  val_loss 1.4778  val_acc 0.4237
2026-04-08 19:59:04    epoch  30  loss 1.4941  acc 0.3851  val_loss 1.4623  val_acc 0.4296
2026-04-08 19:59:06    epoch  31  loss 1.4834  acc 0.3935  val_loss 1.4949  val_acc 0.4167
2026-04-08 19:59:08    epoch  32  loss 1.4808  acc 0.3964  val_loss 1.5216  val_acc 0.4061
2026-04-08 19:59:10    epoch  33  loss 1.4872  acc 0.3994  val_loss 1.4588  val_acc 0.4460
2026-04-08 19:59:11    epoch  34  loss 1.4778  acc 0.4051  val_loss 1.4587  val_acc 0.4354
2026-04-08 19:59:13    epoch  35  loss 1.4776  acc 0.3990  val_loss 1.4366  val_acc 0.4437
2026-04-08 19:59:15    epoch  36  loss 1.4750  acc 0.4077  val_loss 1.4690  val_acc 0.4272
2026-04-08 19:59:17    epoch  37  loss 1.4551  acc 0.4096  val_loss 1.4738  val_acc 0.4085
2026-04-08 19:59:19    epoch  38  loss 1.4614  acc 0.4132  val_loss 1.4229  val_acc 0.4413
2026-04-08 19:59:21    epoch  39  loss 1.4495  acc 0.4177  val_loss 1.6254  val_acc 0.3721
2026-04-08 19:59:23    epoch  40  loss 1.4545  acc 0.4143  val_loss 1.4213  val_acc 0.4554
2026-04-08 19:59:25    epoch  41  loss 1.4428  acc 0.4239  val_loss 1.3888  val_acc 0.4577
2026-04-08 19:59:27    epoch  42  loss 1.4354  acc 0.4227  val_loss 1.4427  val_acc 0.4378
2026-04-08 19:59:29    epoch  43  loss 1.4402  acc 0.4194  val_loss 1.4620  val_acc 0.4225
2026-04-08 19:59:31    epoch  44  loss 1.4406  acc 0.4196  val_loss 1.4074  val_acc 0.4472
2026-04-08 19:59:33    epoch  45  loss 1.4363  acc 0.4157  val_loss 1.3664  val_acc 0.4683
2026-04-08 19:59:35    epoch  46  loss 1.4318  acc 0.4289  val_loss 1.3711  val_acc 0.4707
2026-04-08 19:59:37    epoch  47  loss 1.4247  acc 0.4247  val_loss 1.4071  val_acc 0.4507
2026-04-08 19:59:39    epoch  48  loss 1.4173  acc 0.4259  val_loss 1.4505  val_acc 0.4167
2026-04-08 19:59:41    epoch  49  loss 1.4228  acc 0.4247  val_loss 1.3728  val_acc 0.4648
2026-04-08 19:59:42    epoch  50  loss 1.4323  acc 0.4160  val_loss 1.3970  val_acc 0.4484
2026-04-08 19:59:44    epoch  51  loss 1.4068  acc 0.4280  val_loss 1.3594  val_acc 0.4683
2026-04-08 19:59:46    epoch  52  loss 1.3822  acc 0.4426  val_loss 1.3486  val_acc 0.4918
2026-04-08 19:59:48    epoch  53  loss 1.3975  acc 0.4346  val_loss 1.3548  val_acc 0.4577
2026-04-08 19:59:50    epoch  54  loss 1.3834  acc 0.4465  val_loss 1.3548  val_acc 0.4754
2026-04-08 19:59:52    epoch  55  loss 1.3921  acc 0.4428  val_loss 1.3619  val_acc 0.4707
2026-04-08 19:59:54    epoch  56  loss 1.3880  acc 0.4363  val_loss 1.3390  val_acc 0.4765
2026-04-08 19:59:56    epoch  57  loss 1.3834  acc 0.4443  val_loss 1.3731  val_acc 0.4683
2026-04-08 19:59:58    epoch  58  loss 1.3801  acc 0.4381  val_loss 1.3677  val_acc 0.4601
2026-04-08 20:00:00    epoch  59  loss 1.3873  acc 0.4355  val_loss 1.3306  val_acc 0.4883
2026-04-08 20:00:02    epoch  60  loss 1.3908  acc 0.4371  val_loss 1.3687  val_acc 0.4648
2026-04-08 20:00:04    epoch  61  loss 1.3842  acc 0.4346  val_loss 1.3448  val_acc 0.4671
2026-04-08 20:00:06    epoch  62  loss 1.3759  acc 0.4448  val_loss 1.3577  val_acc 0.4519
