2026-04-08 19:33:56  ============================================================
2026-04-08 19:33:56  cnn  |  window=400  step=300
2026-04-08 19:33:56  Device  : cuda:6
2026-04-08 19:33:56  Flatten : True
2026-04-08 19:33:56  Log     : /home/mahmudm2/codebase/ClassyGlass/scripts/benchmark/logs/cnn_W400_S300.log
2026-04-08 19:33:56  Model   : /home/mahmudm2/codebase/ClassyGlass/scripts/benchmark/models/cnn_best_W400_S300.pth
2026-04-08 19:33:56  Figures : /home/mahmudm2/codebase/ClassyGlass/scripts/benchmark/figures
2026-04-08 19:33:56  ============================================================
2026-04-08 19:34:00  Loaded 4838 windows | window=400  step=300 | 129 experiments | 12 subjects | 0 experiments skipped
2026-04-08 19:34:00  ────────────────────────────────────────────────────────────
2026-04-08 19:34:00  LOSO fold — held-out: User1 (277 test windows, 4561 train windows)
2026-04-08 19:34:04    epoch   1  loss 1.9612  acc 0.2426  val_loss 1.6642  val_acc 0.3289
2026-04-08 19:34:05    epoch   2  loss 1.7243  acc 0.2972  val_loss 1.6459  val_acc 0.3026
2026-04-08 19:34:06    epoch   3  loss 1.6816  acc 0.2967  val_loss 1.5941  val_acc 0.3246
2026-04-08 19:34:07    epoch   4  loss 1.6598  acc 0.3082  val_loss 1.6799  val_acc 0.2544
2026-04-08 19:34:08    epoch   5  loss 1.6402  acc 0.3079  val_loss 1.5662  val_acc 0.3333
2026-04-08 19:34:09    epoch   6  loss 1.6295  acc 0.3181  val_loss 1.5959  val_acc 0.3289
2026-04-08 19:34:10    epoch   7  loss 1.5913  acc 0.3313  val_loss 1.5353  val_acc 0.3421
2026-04-08 19:34:11    epoch   8  loss 1.5896  acc 0.3291  val_loss 1.5171  val_acc 0.3553
2026-04-08 19:34:12    epoch   9  loss 1.5868  acc 0.3328  val_loss 1.5186  val_acc 0.3399
2026-04-08 19:34:13    epoch  10  loss 1.5742  acc 0.3247  val_loss 1.5909  val_acc 0.3092
2026-04-08 19:34:15    epoch  11  loss 1.5914  acc 0.3313  val_loss 1.5430  val_acc 0.3553
2026-04-08 19:34:16    epoch  12  loss 1.5689  acc 0.3396  val_loss 1.4958  val_acc 0.3684
2026-04-08 19:34:17    epoch  13  loss 1.5637  acc 0.3523  val_loss 1.5060  val_acc 0.3575
2026-04-08 19:34:18    epoch  14  loss 1.5825  acc 0.3328  val_loss 1.5011  val_acc 0.3509
2026-04-08 19:34:19    epoch  15  loss 1.5600  acc 0.3454  val_loss 1.4872  val_acc 0.3772
2026-04-08 19:34:20    epoch  16  loss 1.5636  acc 0.3462  val_loss 1.4907  val_acc 0.3662
2026-04-08 19:34:21    epoch  17  loss 1.5606  acc 0.3486  val_loss 1.5194  val_acc 0.3575
2026-04-08 19:34:22    epoch  18  loss 1.5582  acc 0.3432  val_loss 1.4918  val_acc 0.3618
2026-04-08 19:34:23    epoch  19  loss 1.5468  acc 0.3396  val_loss 1.5297  val_acc 0.3553
2026-04-08 19:34:24    epoch  20  loss 1.5605  acc 0.3413  val_loss 1.4914  val_acc 0.3838
2026-04-08 19:34:26    epoch  21  loss 1.5338  acc 0.3583  val_loss 1.4753  val_acc 0.3991
2026-04-08 19:34:27    epoch  22  loss 1.5293  acc 0.3581  val_loss 1.4530  val_acc 0.3904
2026-04-08 19:34:28    epoch  23  loss 1.5198  acc 0.3583  val_loss 1.4389  val_acc 0.3969
2026-04-08 19:34:29    epoch  24  loss 1.5265  acc 0.3649  val_loss 1.4570  val_acc 0.4123
2026-04-08 19:34:30    epoch  25  loss 1.5223  acc 0.3642  val_loss 1.4637  val_acc 0.3640
2026-04-08 19:34:31    epoch  26  loss 1.5375  acc 0.3549  val_loss 1.4464  val_acc 0.3947
2026-04-08 19:34:32    epoch  27  loss 1.5188  acc 0.3747  val_loss 1.4438  val_acc 0.4145
2026-04-08 19:34:33    epoch  28  loss 1.5156  acc 0.3664  val_loss 1.4821  val_acc 0.3750
2026-04-08 19:34:34    epoch  29  loss 1.5066  acc 0.3713  val_loss 1.4332  val_acc 0.3947
2026-04-08 19:34:35    epoch  30  loss 1.4992  acc 0.3829  val_loss 1.4266  val_acc 0.4123
2026-04-08 19:34:36    epoch  31  loss 1.4960  acc 0.3812  val_loss 1.4370  val_acc 0.3794
2026-04-08 19:34:37    epoch  32  loss 1.4954  acc 0.3773  val_loss 1.4269  val_acc 0.4079
2026-04-08 19:34:38    epoch  33  loss 1.5074  acc 0.3783  val_loss 1.4562  val_acc 0.3838
2026-04-08 19:34:40    epoch  34  loss 1.5029  acc 0.3683  val_loss 1.4508  val_acc 0.4123
2026-04-08 19:34:41    epoch  35  loss 1.4820  acc 0.3820  val_loss 1.4440  val_acc 0.3794
2026-04-08 19:34:42    epoch  36  loss 1.4748  acc 0.3717  val_loss 1.4419  val_acc 0.4079
2026-04-08 19:34:43    epoch  37  loss 1.4979  acc 0.3793  val_loss 1.4157  val_acc 0.4232
2026-04-08 19:34:44    epoch  38  loss 1.4867  acc 0.3810  val_loss 1.4263  val_acc 0.4101
2026-04-08 19:34:45    epoch  39  loss 1.4847  acc 0.3820  val_loss 1.4224  val_acc 0.4298
2026-04-08 19:34:46    epoch  40  loss 1.4915  acc 0.3747  val_loss 1.4201  val_acc 0.4123
2026-04-08 19:34:47    epoch  41  loss 1.4766  acc 0.3820  val_loss 1.4265  val_acc 0.3991
2026-04-08 19:34:48    epoch  42  loss 1.4809  acc 0.3815  val_loss 1.4079  val_acc 0.4145
2026-04-08 19:34:49    epoch  43  loss 1.4741  acc 0.3795  val_loss 1.4261  val_acc 0.4057
2026-04-08 19:34:50    epoch  44  loss 1.4891  acc 0.3727  val_loss 1.4129  val_acc 0.4254
2026-04-08 19:34:51    epoch  45  loss 1.4656  acc 0.3873  val_loss 1.4111  val_acc 0.4276
2026-04-08 19:34:52    epoch  46  loss 1.4777  acc 0.3788  val_loss 1.4050  val_acc 0.4232
2026-04-08 19:34:54    epoch  47  loss 1.4754  acc 0.3861  val_loss 1.4558  val_acc 0.4035
2026-04-08 19:34:55    epoch  48  loss 1.4723  acc 0.3849  val_loss 1.4171  val_acc 0.4232
2026-04-08 19:34:56    epoch  49  loss 1.4692  acc 0.3739  val_loss 1.4038  val_acc 0.4320
2026-04-08 19:34:57    epoch  50  loss 1.4757  acc 0.3798  val_loss 1.4669  val_acc 0.3882
2026-04-08 19:34:58    epoch  51  loss 1.4667  acc 0.3793  val_loss 1.4357  val_acc 0.4057
2026-04-08 19:34:59    epoch  52  loss 1.4785  acc 0.3827  val_loss 1.4070  val_acc 0.4254
2026-04-08 19:35:00    epoch  53  loss 1.4863  acc 0.3781  val_loss 1.4048  val_acc 0.4167
2026-04-08 19:35:01    epoch  54  loss 1.4740  acc 0.3854  val_loss 1.4039  val_acc 0.4145
2026-04-08 19:35:02    epoch  55  loss 1.4650  acc 0.3910  val_loss 1.4256  val_acc 0.4079
2026-04-08 19:35:03    epoch  56  loss 1.4728  acc 0.3783  val_loss 1.4230  val_acc 0.4057
2026-04-08 19:35:04    epoch  57  loss 1.4681  acc 0.3776  val_loss 1.3980  val_acc 0.4254
2026-04-08 19:35:06    epoch  58  loss 1.4624  acc 0.3810  val_loss 1.4036  val_acc 0.4320
2026-04-08 19:35:07    epoch  59  loss 1.4689  acc 0.3810  val_loss 1.4022  val_acc 0.4276
2026-04-08 19:35:08    epoch  60  loss 1.4665  acc 0.3864  val_loss 1.4023  val_acc 0.4364
2026-04-08 19:35:09    epoch  61  loss 1.4655  acc 0.3942  val_loss 1.4077  val_acc 0.4167
2026-04-08 19:35:10    epoch  62  loss 1.4621  acc 0.3881  val_loss 1.4014  val_acc 0.4254
2026-04-08 19:35:11    epoch  63  loss 1.4661  acc 0.3961  val_loss 1.4115  val_acc 0.4211
2026-04-08 19:35:12    epoch  64  loss 1.4597  acc 0.3949  val_loss 1.3922  val_acc 0.4189
2026-04-08 19:35:13    epoch  65  loss 1.4769  acc 0.3837  val_loss 1.4085  val_acc 0.4232
2026-04-08 19:35:14    epoch  66  loss 1.4518  acc 0.3924  val_loss 1.4054  val_acc 0.4276
2026-04-08 19:35:15    epoch  67  loss 1.4668  acc 0.3759  val_loss 1.4511  val_acc 0.3882
2026-04-08 19:35:16    epoch  68  loss 1.4626  acc 0.3895  val_loss 1.3986  val_acc 0.4079
2026-04-08 19:35:17    epoch  69  loss 1.4589  acc 0.3959  val_loss 1.4195  val_acc 0.4013
2026-04-08 19:35:19    epoch  70  loss 1.4536  acc 0.3954  val_loss 1.4161  val_acc 0.4145
2026-04-08 19:35:20    epoch  71  loss 1.4765  acc 0.3856  val_loss 1.3947  val_acc 0.4276
2026-04-08 19:35:21    epoch  72  loss 1.4671  acc 0.3920  val_loss 1.4049  val_acc 0.4342
2026-04-08 19:35:21    Early stopping at epoch 72
2026-04-08 19:35:21    User1 accuracy: 0.3502
2026-04-08 19:35:21    ✓ New best model saved (User1 held out, acc=0.3502)
2026-04-08 19:35:21  ────────────────────────────────────────────────────────────
2026-04-08 19:35:21  LOSO fold — held-out: User2 (254 test windows, 4584 train windows)
2026-04-08 19:35:22    epoch   1  loss 1.9726  acc 0.2332  val_loss 1.7173  val_acc 0.3188
2026-04-08 19:35:23    epoch   2  loss 1.7463  acc 0.2899  val_loss 1.6645  val_acc 0.3079
2026-04-08 19:35:24    epoch   3  loss 1.7124  acc 0.2908  val_loss 1.6481  val_acc 0.3100
2026-04-08 19:35:26    epoch   4  loss 1.7035  acc 0.2901  val_loss 1.6387  val_acc 0.3035
2026-04-08 19:35:27    epoch   5  loss 1.6759  acc 0.3088  val_loss 1.6046  val_acc 0.3210
2026-04-08 19:35:28    epoch   6  loss 1.6533  acc 0.2993  val_loss 1.5988  val_acc 0.2969
2026-04-08 19:35:29    epoch   7  loss 1.6355  acc 0.3112  val_loss 1.6078  val_acc 0.2795
2026-04-08 19:35:30    epoch   8  loss 1.6325  acc 0.3141  val_loss 1.6330  val_acc 0.2795
2026-04-08 19:35:31    epoch   9  loss 1.6176  acc 0.3168  val_loss 1.6043  val_acc 0.3319
2026-04-08 19:35:32    epoch  10  loss 1.6179  acc 0.3250  val_loss 1.6240  val_acc 0.3079
2026-04-08 19:35:33    epoch  11  loss 1.6162  acc 0.3291  val_loss 1.5738  val_acc 0.3341
2026-04-08 19:35:34    epoch  12  loss 1.6029  acc 0.3303  val_loss 1.5590  val_acc 0.3253
2026-04-08 19:35:35    epoch  13  loss 1.6256  acc 0.3173  val_loss 1.5546  val_acc 0.3341
2026-04-08 19:35:36    epoch  14  loss 1.5893  acc 0.3398  val_loss 1.5130  val_acc 0.3734
2026-04-08 19:35:37    epoch  15  loss 1.5768  acc 0.3534  val_loss 1.5780  val_acc 0.3472
2026-04-08 19:35:39    epoch  16  loss 1.6048  acc 0.3330  val_loss 1.5204  val_acc 0.3646
2026-04-08 19:35:40    epoch  17  loss 1.5802  acc 0.3345  val_loss 1.5613  val_acc 0.3581
2026-04-08 19:35:41    epoch  18  loss 1.5542  acc 0.3543  val_loss 1.5203  val_acc 0.3755
2026-04-08 19:35:42    epoch  19  loss 1.5660  acc 0.3357  val_loss 1.5261  val_acc 0.3406
2026-04-08 19:35:43    epoch  20  loss 1.5747  acc 0.3403  val_loss 1.4838  val_acc 0.3865
2026-04-08 19:35:44    epoch  21  loss 1.5502  acc 0.3500  val_loss 1.5027  val_acc 0.3603
2026-04-08 19:35:45    epoch  22  loss 1.5605  acc 0.3568  val_loss 1.4888  val_acc 0.3930
2026-04-08 19:35:46    epoch  23  loss 1.5559  acc 0.3519  val_loss 1.4979  val_acc 0.3777
2026-04-08 19:35:47    epoch  24  loss 1.5477  acc 0.3514  val_loss 1.4820  val_acc 0.3886
2026-04-08 19:35:48    epoch  25  loss 1.5394  acc 0.3669  val_loss 1.5523  val_acc 0.3319
2026-04-08 19:35:49    epoch  26  loss 1.5483  acc 0.3599  val_loss 1.5275  val_acc 0.3712
2026-04-08 19:35:50    epoch  27  loss 1.5417  acc 0.3616  val_loss 1.4750  val_acc 0.3886
2026-04-08 19:35:51    epoch  28  loss 1.5534  acc 0.3553  val_loss 1.5044  val_acc 0.3646
2026-04-08 19:35:53    epoch  29  loss 1.5500  acc 0.3643  val_loss 1.5118  val_acc 0.3734
2026-04-08 19:35:54    epoch  30  loss 1.5368  acc 0.3589  val_loss 1.5023  val_acc 0.3843
2026-04-08 19:35:55    epoch  31  loss 1.5428  acc 0.3631  val_loss 1.4903  val_acc 0.3908
2026-04-08 19:35:56    epoch  32  loss 1.5477  acc 0.3594  val_loss 1.4511  val_acc 0.4083
2026-04-08 19:35:57    epoch  33  loss 1.5173  acc 0.3774  val_loss 1.4936  val_acc 0.3843
2026-04-08 19:35:58    epoch  34  loss 1.5378  acc 0.3560  val_loss 1.5019  val_acc 0.3865
2026-04-08 19:35:59    epoch  35  loss 1.5190  acc 0.3781  val_loss 1.5618  val_acc 0.3603
2026-04-08 19:36:00    epoch  36  loss 1.5202  acc 0.3703  val_loss 1.4622  val_acc 0.4127
2026-04-08 19:36:01    epoch  37  loss 1.5340  acc 0.3602  val_loss 1.4553  val_acc 0.4039
2026-04-08 19:36:02    epoch  38  loss 1.5164  acc 0.3783  val_loss 1.4771  val_acc 0.3886
2026-04-08 19:36:03    epoch  39  loss 1.5014  acc 0.3829  val_loss 1.4423  val_acc 0.4148
2026-04-08 19:36:04    epoch  40  loss 1.5179  acc 0.3778  val_loss 1.4625  val_acc 0.4017
2026-04-08 19:36:05    epoch  41  loss 1.5181  acc 0.3812  val_loss 1.4605  val_acc 0.4258
2026-04-08 19:36:06    epoch  42  loss 1.5110  acc 0.3791  val_loss 1.4467  val_acc 0.4236
2026-04-08 19:36:08    epoch  43  loss 1.4884  acc 0.3851  val_loss 1.4459  val_acc 0.3930
2026-04-08 19:36:09    epoch  44  loss 1.4827  acc 0.3815  val_loss 1.4678  val_acc 0.3952
2026-04-08 19:36:10    epoch  45  loss 1.5046  acc 0.3769  val_loss 1.4352  val_acc 0.4127
2026-04-08 19:36:11    epoch  46  loss 1.4957  acc 0.3812  val_loss 1.4455  val_acc 0.3996
2026-04-08 19:36:12    epoch  47  loss 1.4941  acc 0.3863  val_loss 1.4617  val_acc 0.4170
2026-04-08 19:36:13    epoch  48  loss 1.4876  acc 0.3817  val_loss 1.4476  val_acc 0.4083
2026-04-08 19:36:14    epoch  49  loss 1.4956  acc 0.4026  val_loss 1.4461  val_acc 0.4236
2026-04-08 19:36:15    epoch  50  loss 1.4964  acc 0.3863  val_loss 1.4653  val_acc 0.4017
2026-04-08 19:36:16    epoch  51  loss 1.4972  acc 0.3851  val_loss 1.4466  val_acc 0.4083
2026-04-08 19:36:17    epoch  52  loss 1.4937  acc 0.3892  val_loss 1.4497  val_acc 0.4367
2026-04-08 19:36:18    epoch  53  loss 1.4771  acc 0.3858  val_loss 1.4387  val_acc 0.4192
2026-04-08 19:36:18    Early stopping at epoch 53
2026-04-08 19:36:18    User2 accuracy: 0.4055
2026-04-08 19:36:18    ✓ New best model saved (User2 held out, acc=0.4055)
2026-04-08 19:36:19  ────────────────────────────────────────────────────────────
2026-04-08 19:36:19  LOSO fold — held-out: User3 (256 test windows, 4582 train windows)
2026-04-08 19:36:20    epoch   1  loss 1.9583  acc 0.2228  val_loss 1.7547  val_acc 0.2751
2026-04-08 19:36:21    epoch   2  loss 1.7718  acc 0.2704  val_loss 1.6939  val_acc 0.2686
2026-04-08 19:36:22    epoch   3  loss 1.7074  acc 0.2995  val_loss 1.6548  val_acc 0.2991
2026-04-08 19:36:23    epoch   4  loss 1.6734  acc 0.3084  val_loss 1.6462  val_acc 0.3035
2026-04-08 19:36:24    epoch   5  loss 1.6703  acc 0.2966  val_loss 1.6355  val_acc 0.3013
2026-04-08 19:36:25    epoch   6  loss 1.6136  acc 0.3152  val_loss 1.5921  val_acc 0.3013
2026-04-08 19:36:26    epoch   7  loss 1.6277  acc 0.3157  val_loss 1.6174  val_acc 0.2860
2026-04-08 19:36:28    epoch   8  loss 1.6212  acc 0.3206  val_loss 1.5761  val_acc 0.3275
2026-04-08 19:36:29    epoch   9  loss 1.6193  acc 0.3237  val_loss 1.5752  val_acc 0.2926
2026-04-08 19:36:30    epoch  10  loss 1.6057  acc 0.3344  val_loss 1.5956  val_acc 0.2795
2026-04-08 19:36:31    epoch  11  loss 1.5885  acc 0.3373  val_loss 1.6625  val_acc 0.3079
2026-04-08 19:36:32    epoch  12  loss 1.5723  acc 0.3407  val_loss 1.5767  val_acc 0.3275
2026-04-08 19:36:33    epoch  13  loss 1.5817  acc 0.3307  val_loss 1.5505  val_acc 0.3624
2026-04-08 19:36:34    epoch  14  loss 1.6106  acc 0.3220  val_loss 1.6359  val_acc 0.2860
2026-04-08 19:36:35    epoch  15  loss 1.5894  acc 0.3324  val_loss 1.5664  val_acc 0.3057
2026-04-08 19:36:36    epoch  16  loss 1.5870  acc 0.3341  val_loss 1.5529  val_acc 0.3515
2026-04-08 19:36:37    epoch  17  loss 1.5573  acc 0.3453  val_loss 1.5488  val_acc 0.3537
2026-04-08 19:36:38    epoch  18  loss 1.5815  acc 0.3380  val_loss 1.5619  val_acc 0.3253
2026-04-08 19:36:39    epoch  19  loss 1.5740  acc 0.3434  val_loss 1.5927  val_acc 0.3079
2026-04-08 19:36:40    epoch  20  loss 1.5800  acc 0.3434  val_loss 1.5710  val_acc 0.3493
2026-04-08 19:36:42    epoch  21  loss 1.5694  acc 0.3480  val_loss 1.5350  val_acc 0.3362
2026-04-08 19:36:43    epoch  22  loss 1.5461  acc 0.3572  val_loss 1.5385  val_acc 0.3188
2026-04-08 19:36:44    epoch  23  loss 1.5574  acc 0.3414  val_loss 1.5229  val_acc 0.3559
2026-04-08 19:36:45    epoch  24  loss 1.5474  acc 0.3540  val_loss 1.5448  val_acc 0.3319
2026-04-08 19:36:46    epoch  25  loss 1.5389  acc 0.3540  val_loss 1.5282  val_acc 0.3493
2026-04-08 19:36:47    epoch  26  loss 1.5564  acc 0.3499  val_loss 1.5273  val_acc 0.3603
2026-04-08 19:36:48    epoch  27  loss 1.5415  acc 0.3487  val_loss 1.5201  val_acc 0.3515
2026-04-08 19:36:49    epoch  28  loss 1.5439  acc 0.3613  val_loss 1.5377  val_acc 0.3865
2026-04-08 19:36:50    epoch  29  loss 1.5448  acc 0.3645  val_loss 1.5264  val_acc 0.3297
2026-04-08 19:36:51    epoch  30  loss 1.5346  acc 0.3613  val_loss 1.5205  val_acc 0.3428
2026-04-08 19:36:52    epoch  31  loss 1.5522  acc 0.3552  val_loss 1.5136  val_acc 0.3362
2026-04-08 19:36:53    epoch  32  loss 1.5275  acc 0.3548  val_loss 1.5066  val_acc 0.3188
2026-04-08 19:36:54    epoch  33  loss 1.5403  acc 0.3591  val_loss 1.6059  val_acc 0.3122
2026-04-08 19:36:56    epoch  34  loss 1.5318  acc 0.3686  val_loss 1.5865  val_acc 0.3319
2026-04-08 19:36:57    epoch  35  loss 1.5403  acc 0.3649  val_loss 1.5120  val_acc 0.3450
2026-04-08 19:36:58    epoch  36  loss 1.5339  acc 0.3611  val_loss 1.5286  val_acc 0.3406
2026-04-08 19:36:59    epoch  37  loss 1.5218  acc 0.3809  val_loss 1.5346  val_acc 0.3384
2026-04-08 19:37:00    epoch  38  loss 1.5204  acc 0.3671  val_loss 1.5054  val_acc 0.3341
2026-04-08 19:37:01    epoch  39  loss 1.4999  acc 0.3771  val_loss 1.5339  val_acc 0.3319
2026-04-08 19:37:02    epoch  40  loss 1.5166  acc 0.3640  val_loss 1.4904  val_acc 0.3777
2026-04-08 19:37:03    epoch  41  loss 1.5056  acc 0.3831  val_loss 1.5035  val_acc 0.3493
2026-04-08 19:37:04    epoch  42  loss 1.5051  acc 0.3812  val_loss 1.5272  val_acc 0.3188
2026-04-08 19:37:05    epoch  43  loss 1.4971  acc 0.3899  val_loss 1.5049  val_acc 0.3493
2026-04-08 19:37:06    epoch  44  loss 1.5039  acc 0.3836  val_loss 1.4931  val_acc 0.3624
2026-04-08 19:37:07    epoch  45  loss 1.4999  acc 0.3812  val_loss 1.4954  val_acc 0.3559
2026-04-08 19:37:09    epoch  46  loss 1.4964  acc 0.3839  val_loss 1.4893  val_acc 0.3515
2026-04-08 19:37:10    epoch  47  loss 1.4805  acc 0.3763  val_loss 1.4882  val_acc 0.3493
2026-04-08 19:37:11    epoch  48  loss 1.4895  acc 0.3926  val_loss 1.5139  val_acc 0.3406
2026-04-08 19:37:12    epoch  49  loss 1.5043  acc 0.3858  val_loss 1.4865  val_acc 0.3450
2026-04-08 19:37:13    epoch  50  loss 1.4824  acc 0.3933  val_loss 1.4945  val_acc 0.3406
2026-04-08 19:37:14    epoch  51  loss 1.4900  acc 0.3819  val_loss 1.4897  val_acc 0.3362
2026-04-08 19:37:15    epoch  52  loss 1.4704  acc 0.3945  val_loss 1.4838  val_acc 0.3559
2026-04-08 19:37:16    epoch  53  loss 1.4707  acc 0.3948  val_loss 1.4920  val_acc 0.3515
2026-04-08 19:37:17    epoch  54  loss 1.4894  acc 0.3773  val_loss 1.4821  val_acc 0.3341
2026-04-08 19:37:18    epoch  55  loss 1.4643  acc 0.3948  val_loss 1.4878  val_acc 0.3341
2026-04-08 19:37:20    epoch  56  loss 1.4811  acc 0.3836  val_loss 1.5074  val_acc 0.3493
2026-04-08 19:37:21    epoch  57  loss 1.4891  acc 0.3848  val_loss 1.4777  val_acc 0.3384
2026-04-08 19:37:22    epoch  58  loss 1.4730  acc 0.3885  val_loss 1.4932  val_acc 0.3559
2026-04-08 19:37:23    epoch  59  loss 1.4674  acc 0.3889  val_loss 1.4791  val_acc 0.3559
2026-04-08 19:37:24    epoch  60  loss 1.4800  acc 0.3822  val_loss 1.5111  val_acc 0.3493
2026-04-08 19:37:25    epoch  61  loss 1.4755  acc 0.3894  val_loss 1.4770  val_acc 0.3450
2026-04-08 19:37:26    epoch  62  loss 1.4798  acc 0.3790  val_loss 1.4887  val_acc 0.3428
2026-04-08 19:37:27    epoch  63  loss 1.4713  acc 0.3943  val_loss 1.4959  val_acc 0.3406
2026-04-08 19:37:28    epoch  64  loss 1.4647  acc 0.3894  val_loss 1.4717  val_acc 0.3690
2026-04-08 19:37:29    epoch  65  loss 1.4811  acc 0.3858  val_loss 1.4822  val_acc 0.3537
2026-04-08 19:37:30    epoch  66  loss 1.4692  acc 0.3940  val_loss 1.4856  val_acc 0.3646
2026-04-08 19:37:31    epoch  67  loss 1.4729  acc 0.3979  val_loss 1.4800  val_acc 0.3493
2026-04-08 19:37:33    epoch  68  loss 1.4614  acc 0.3965  val_loss 1.5088  val_acc 0.3646
2026-04-08 19:37:34    epoch  69  loss 1.4825  acc 0.3931  val_loss 1.4921  val_acc 0.3341
2026-04-08 19:37:35    epoch  70  loss 1.4642  acc 0.3943  val_loss 1.4794  val_acc 0.3624
2026-04-08 19:37:36    epoch  71  loss 1.4531  acc 0.3996  val_loss 1.4716  val_acc 0.3603
2026-04-08 19:37:37    epoch  72  loss 1.4544  acc 0.4008  val_loss 1.4870  val_acc 0.3559
2026-04-08 19:37:38    epoch  73  loss 1.4538  acc 0.4086  val_loss 1.4766  val_acc 0.3581
2026-04-08 19:37:39    epoch  74  loss 1.4530  acc 0.4016  val_loss 1.4729  val_acc 0.3734
2026-04-08 19:37:40    epoch  75  loss 1.4637  acc 0.3994  val_loss 1.4681  val_acc 0.3624
2026-04-08 19:37:41    epoch  76  loss 1.4637  acc 0.3950  val_loss 1.4686  val_acc 0.3581
2026-04-08 19:37:42    epoch  77  loss 1.4367  acc 0.4064  val_loss 1.4683  val_acc 0.3559
2026-04-08 19:37:43    epoch  78  loss 1.4479  acc 0.3960  val_loss 1.4677  val_acc 0.3559
2026-04-08 19:37:44    epoch  79  loss 1.4361  acc 0.4098  val_loss 1.4718  val_acc 0.3624
2026-04-08 19:37:45    epoch  80  loss 1.4623  acc 0.3984  val_loss 1.4641  val_acc 0.3537
2026-04-08 19:37:46    epoch  81  loss 1.4539  acc 0.4006  val_loss 1.4758  val_acc 0.3559
2026-04-08 19:37:48    epoch  82  loss 1.4569  acc 0.4074  val_loss 1.4660  val_acc 0.3537
2026-04-08 19:37:49    epoch  83  loss 1.4695  acc 0.3955  val_loss 1.4703  val_acc 0.3428
2026-04-08 19:37:50    epoch  84  loss 1.4538  acc 0.3999  val_loss 1.4642  val_acc 0.3646
2026-04-08 19:37:51    epoch  85  loss 1.4531  acc 0.4035  val_loss 1.4681  val_acc 0.3450
2026-04-08 19:37:52    epoch  86  loss 1.4474  acc 0.4062  val_loss 1.4681  val_acc 0.3646
2026-04-08 19:37:53    epoch  87  loss 1.4632  acc 0.4001  val_loss 1.4651  val_acc 0.3624
2026-04-08 19:37:54    epoch  88  loss 1.4617  acc 0.4091  val_loss 1.4671  val_acc 0.3537
2026-04-08 19:37:54    Early stopping at epoch 88
2026-04-08 19:37:54    User3 accuracy: 0.4844
2026-04-08 19:37:54    ✓ New best model saved (User3 held out, acc=0.4844)
2026-04-08 19:37:55  ────────────────────────────────────────────────────────────
2026-04-08 19:37:55  LOSO fold — held-out: User4 (271 test windows, 4567 train windows)
2026-04-08 19:37:56    epoch   1  loss 1.9819  acc 0.2177  val_loss 1.7198  val_acc 0.2939
2026-04-08 19:37:57    epoch   2  loss 1.7585  acc 0.2727  val_loss 1.6738  val_acc 0.2632
2026-04-08 19:37:58    epoch   3  loss 1.7080  acc 0.2960  val_loss 1.6236  val_acc 0.3092
2026-04-08 19:37:59    epoch   4  loss 1.6754  acc 0.2982  val_loss 1.5664  val_acc 0.3377
2026-04-08 19:38:00    epoch   5  loss 1.6640  acc 0.3138  val_loss 1.5640  val_acc 0.3443
2026-04-08 19:38:01    epoch   6  loss 1.6423  acc 0.3204  val_loss 1.5617  val_acc 0.3421
2026-04-08 19:38:02    epoch   7  loss 1.6260  acc 0.3245  val_loss 1.5149  val_acc 0.3531
2026-04-08 19:38:03    epoch   8  loss 1.6280  acc 0.3274  val_loss 1.5072  val_acc 0.3662
2026-04-08 19:38:04    epoch   9  loss 1.6296  acc 0.3243  val_loss 1.7031  val_acc 0.2807
2026-04-08 19:38:05    epoch  10  loss 1.6008  acc 0.3410  val_loss 1.4914  val_acc 0.3750
2026-04-08 19:38:06    epoch  11  loss 1.6054  acc 0.3354  val_loss 1.6180  val_acc 0.2851
2026-04-08 19:38:07    epoch  12  loss 1.5944  acc 0.3403  val_loss 1.5048  val_acc 0.3575
2026-04-08 19:38:09    epoch  13  loss 1.5883  acc 0.3442  val_loss 1.5170  val_acc 0.3553
2026-04-08 19:38:10    epoch  14  loss 1.5996  acc 0.3335  val_loss 1.4841  val_acc 0.3684
2026-04-08 19:38:11    epoch  15  loss 1.5889  acc 0.3474  val_loss 1.4952  val_acc 0.3816
2026-04-08 19:38:12    epoch  16  loss 1.5776  acc 0.3464  val_loss 1.4637  val_acc 0.4101
2026-04-08 19:38:13    epoch  17  loss 1.5784  acc 0.3547  val_loss 1.4784  val_acc 0.4035
2026-04-08 19:38:14    epoch  18  loss 1.5545  acc 0.3527  val_loss 1.4526  val_acc 0.3904
2026-04-08 19:38:15    epoch  19  loss 1.5836  acc 0.3483  val_loss 1.4887  val_acc 0.4079
2026-04-08 19:38:16    epoch  20  loss 1.5745  acc 0.3549  val_loss 1.5154  val_acc 0.3333
2026-04-08 19:38:17    epoch  21  loss 1.5765  acc 0.3527  val_loss 1.4919  val_acc 0.3772
2026-04-08 19:38:18    epoch  22  loss 1.5735  acc 0.3554  val_loss 1.4680  val_acc 0.3794
2026-04-08 19:38:19    epoch  23  loss 1.5749  acc 0.3588  val_loss 1.4832  val_acc 0.3596
2026-04-08 19:38:20    epoch  24  loss 1.5404  acc 0.3610  val_loss 1.4655  val_acc 0.3684
2026-04-08 19:38:21    epoch  25  loss 1.5413  acc 0.3658  val_loss 1.4364  val_acc 0.3969
2026-04-08 19:38:22    epoch  26  loss 1.5581  acc 0.3573  val_loss 1.4555  val_acc 0.3816
2026-04-08 19:38:23    epoch  27  loss 1.5376  acc 0.3668  val_loss 1.4459  val_acc 0.3969
2026-04-08 19:38:25    epoch  28  loss 1.5548  acc 0.3551  val_loss 1.4438  val_acc 0.3947
2026-04-08 19:38:26    epoch  29  loss 1.5149  acc 0.3795  val_loss 1.4497  val_acc 0.3969
2026-04-08 19:38:27    epoch  30  loss 1.5436  acc 0.3683  val_loss 1.5112  val_acc 0.3465
2026-04-08 19:38:28    epoch  31  loss 1.5213  acc 0.3702  val_loss 1.4396  val_acc 0.3838
2026-04-08 19:38:29    epoch  32  loss 1.5185  acc 0.3695  val_loss 1.4420  val_acc 0.3882
2026-04-08 19:38:30    epoch  33  loss 1.5114  acc 0.3770  val_loss 1.4358  val_acc 0.3925
2026-04-08 19:38:31    epoch  34  loss 1.5371  acc 0.3744  val_loss 1.4413  val_acc 0.3728
2026-04-08 19:38:32    epoch  35  loss 1.5218  acc 0.3595  val_loss 1.4327  val_acc 0.4101
2026-04-08 19:38:33    epoch  36  loss 1.5282  acc 0.3717  val_loss 1.4664  val_acc 0.3904
2026-04-08 19:38:34    epoch  37  loss 1.5265  acc 0.3880  val_loss 1.4281  val_acc 0.3969
2026-04-08 19:38:35    epoch  38  loss 1.5159  acc 0.3683  val_loss 1.4533  val_acc 0.3838
2026-04-08 19:38:36    epoch  39  loss 1.5218  acc 0.3758  val_loss 1.4429  val_acc 0.4013
2026-04-08 19:38:37    epoch  40  loss 1.5024  acc 0.3856  val_loss 1.4211  val_acc 0.3969
2026-04-08 19:38:38    epoch  41  loss 1.5124  acc 0.3761  val_loss 1.4251  val_acc 0.3969
2026-04-08 19:38:40    epoch  42  loss 1.5313  acc 0.3744  val_loss 1.4272  val_acc 0.3947
2026-04-08 19:38:41    epoch  43  loss 1.5163  acc 0.3761  val_loss 1.4287  val_acc 0.4013
2026-04-08 19:38:42    epoch  44  loss 1.5169  acc 0.3814  val_loss 1.4294  val_acc 0.3925
2026-04-08 19:38:43    epoch  45  loss 1.4990  acc 0.3846  val_loss 1.4265  val_acc 0.4079
2026-04-08 19:38:44    epoch  46  loss 1.5067  acc 0.3853  val_loss 1.4293  val_acc 0.3969
2026-04-08 19:38:45    epoch  47  loss 1.5112  acc 0.3829  val_loss 1.4227  val_acc 0.4123
2026-04-08 19:38:46    epoch  48  loss 1.5135  acc 0.3848  val_loss 1.4224  val_acc 0.3991
2026-04-08 19:38:46    Early stopping at epoch 48
2026-04-08 19:38:46    User4 accuracy: 0.3358
2026-04-08 19:38:46  ────────────────────────────────────────────────────────────
2026-04-08 19:38:46  LOSO fold — held-out: User5 (265 test windows, 4573 train windows)
2026-04-08 19:38:48    epoch   1  loss 1.9771  acc 0.2335  val_loss 1.7470  val_acc 0.2670
2026-04-08 19:38:49    epoch   2  loss 1.7544  acc 0.2828  val_loss 1.6259  val_acc 0.3129
2026-04-08 19:38:50    epoch   3  loss 1.7134  acc 0.2787  val_loss 1.6124  val_acc 0.2932
2026-04-08 19:38:51    epoch   4  loss 1.6675  acc 0.3030  val_loss 1.6341  val_acc 0.2998
2026-04-08 19:38:52    epoch   5  loss 1.6584  acc 0.3095  val_loss 1.6294  val_acc 0.2757
2026-04-08 19:38:53    epoch   6  loss 1.6409  acc 0.3137  val_loss 1.5712  val_acc 0.3020
2026-04-08 19:38:54    epoch   7  loss 1.6381  acc 0.3127  val_loss 1.5522  val_acc 0.3151
2026-04-08 19:38:55    epoch   8  loss 1.6067  acc 0.3287  val_loss 1.5462  val_acc 0.3326
2026-04-08 19:38:56    epoch   9  loss 1.5940  acc 0.3258  val_loss 1.5337  val_acc 0.3217
2026-04-08 19:38:57    epoch  10  loss 1.5966  acc 0.3321  val_loss 1.5259  val_acc 0.3764
2026-04-08 19:38:58    epoch  11  loss 1.6041  acc 0.3205  val_loss 1.5531  val_acc 0.3085
2026-04-08 19:39:00    epoch  12  loss 1.5768  acc 0.3443  val_loss 1.5327  val_acc 0.3326
2026-04-08 19:39:01    epoch  13  loss 1.5926  acc 0.3384  val_loss 1.5136  val_acc 0.3501
2026-04-08 19:39:02    epoch  14  loss 1.5863  acc 0.3384  val_loss 1.5238  val_acc 0.3479
2026-04-08 19:39:03    epoch  15  loss 1.5828  acc 0.3467  val_loss 1.5109  val_acc 0.3370
2026-04-08 19:39:04    epoch  16  loss 1.5881  acc 0.3506  val_loss 1.5618  val_acc 0.3479
2026-04-08 19:39:05    epoch  17  loss 1.5652  acc 0.3491  val_loss 1.5282  val_acc 0.3151
2026-04-08 19:39:06    epoch  18  loss 1.5715  acc 0.3482  val_loss 1.4963  val_acc 0.3632
2026-04-08 19:39:07    epoch  19  loss 1.5706  acc 0.3433  val_loss 1.4965  val_acc 0.3589
2026-04-08 19:39:08    epoch  20  loss 1.5762  acc 0.3389  val_loss 1.5141  val_acc 0.3392
2026-04-08 19:39:09    epoch  21  loss 1.5596  acc 0.3535  val_loss 1.5405  val_acc 0.3370
2026-04-08 19:39:10    epoch  22  loss 1.5650  acc 0.3586  val_loss 1.4950  val_acc 0.3282
2026-04-08 19:39:11    epoch  23  loss 1.5519  acc 0.3695  val_loss 1.5206  val_acc 0.3807
2026-04-08 19:39:12    epoch  24  loss 1.5557  acc 0.3540  val_loss 1.5175  val_acc 0.3348
2026-04-08 19:39:14    epoch  25  loss 1.5548  acc 0.3598  val_loss 1.4863  val_acc 0.3632
2026-04-08 19:39:15    epoch  26  loss 1.5575  acc 0.3537  val_loss 1.5231  val_acc 0.3654
2026-04-08 19:39:16    epoch  27  loss 1.5535  acc 0.3622  val_loss 1.5165  val_acc 0.3807
2026-04-08 19:39:17    epoch  28  loss 1.5316  acc 0.3635  val_loss 1.5379  val_acc 0.3304
2026-04-08 19:39:18    epoch  29  loss 1.5452  acc 0.3695  val_loss 1.4912  val_acc 0.3632
2026-04-08 19:39:19    epoch  30  loss 1.5343  acc 0.3603  val_loss 1.4945  val_acc 0.3873
2026-04-08 19:39:20    epoch  31  loss 1.5066  acc 0.3788  val_loss 1.4680  val_acc 0.3807
2026-04-08 19:39:21    epoch  32  loss 1.5221  acc 0.3790  val_loss 1.4796  val_acc 0.3895
2026-04-08 19:39:22    epoch  33  loss 1.5152  acc 0.3822  val_loss 1.4680  val_acc 0.3851
2026-04-08 19:39:23    epoch  34  loss 1.5256  acc 0.3751  val_loss 1.5000  val_acc 0.3501
2026-04-08 19:39:24    epoch  35  loss 1.5114  acc 0.3749  val_loss 1.4801  val_acc 0.3611
2026-04-08 19:39:25    epoch  36  loss 1.5168  acc 0.3717  val_loss 1.4810  val_acc 0.3851
2026-04-08 19:39:26    epoch  37  loss 1.4984  acc 0.3829  val_loss 1.4719  val_acc 0.3786
2026-04-08 19:39:28    epoch  38  loss 1.4997  acc 0.3741  val_loss 1.4810  val_acc 0.3829
2026-04-08 19:39:29    epoch  39  loss 1.5050  acc 0.3870  val_loss 1.4681  val_acc 0.3807
2026-04-08 19:39:30    epoch  40  loss 1.4923  acc 0.3836  val_loss 1.4674  val_acc 0.3720
2026-04-08 19:39:31    epoch  41  loss 1.5060  acc 0.3863  val_loss 1.4811  val_acc 0.3807
2026-04-08 19:39:32    epoch  42  loss 1.4928  acc 0.3788  val_loss 1.4599  val_acc 0.3982
2026-04-08 19:39:33    epoch  43  loss 1.4984  acc 0.3924  val_loss 1.4679  val_acc 0.3851
2026-04-08 19:39:34    epoch  44  loss 1.4912  acc 0.3858  val_loss 1.4698  val_acc 0.3786
2026-04-08 19:39:35    epoch  45  loss 1.4821  acc 0.3768  val_loss 1.4571  val_acc 0.3895
2026-04-08 19:39:36    epoch  46  loss 1.4926  acc 0.3931  val_loss 1.4608  val_acc 0.3851
2026-04-08 19:39:37    epoch  47  loss 1.4906  acc 0.3873  val_loss 1.4690  val_acc 0.3961
2026-04-08 19:39:38    epoch  48  loss 1.5033  acc 0.3814  val_loss 1.4520  val_acc 0.3873
2026-04-08 19:39:39    epoch  49  loss 1.4896  acc 0.3882  val_loss 1.4554  val_acc 0.3873
2026-04-08 19:39:41    epoch  50  loss 1.5093  acc 0.3817  val_loss 1.4731  val_acc 0.3786
2026-04-08 19:39:42    epoch  51  loss 1.4913  acc 0.3950  val_loss 1.4562  val_acc 0.3873
2026-04-08 19:39:43    epoch  52  loss 1.4884  acc 0.3931  val_loss 1.4628  val_acc 0.3982
2026-04-08 19:39:44    epoch  53  loss 1.4970  acc 0.3829  val_loss 1.4572  val_acc 0.3851
2026-04-08 19:39:45    epoch  54  loss 1.4718  acc 0.3960  val_loss 1.4603  val_acc 0.3764
2026-04-08 19:39:46    epoch  55  loss 1.4710  acc 0.3946  val_loss 1.4529  val_acc 0.3829
2026-04-08 19:39:47    epoch  56  loss 1.4763  acc 0.3919  val_loss 1.4521  val_acc 0.3764
2026-04-08 19:39:47    Early stopping at epoch 56
2026-04-08 19:39:47    User5 accuracy: 0.4113
2026-04-08 19:39:47  ────────────────────────────────────────────────────────────
2026-04-08 19:39:47  LOSO fold — held-out: User6 (259 test windows, 4579 train windows)
2026-04-08 19:39:48    epoch   1  loss 1.9676  acc 0.2368  val_loss 1.6448  val_acc 0.3304
2026-04-08 19:39:50    epoch   2  loss 1.7537  acc 0.2814  val_loss 1.5531  val_acc 0.3523
2026-04-08 19:39:51    epoch   3  loss 1.7218  acc 0.2904  val_loss 1.5404  val_acc 0.3676
2026-04-08 19:39:52    epoch   4  loss 1.7029  acc 0.2984  val_loss 1.5104  val_acc 0.3326
2026-04-08 19:39:53    epoch   5  loss 1.6617  acc 0.3028  val_loss 1.4990  val_acc 0.3742
2026-04-08 19:39:54    epoch   6  loss 1.6638  acc 0.3103  val_loss 1.4763  val_acc 0.3611
2026-04-08 19:39:55    epoch   7  loss 1.6499  acc 0.3059  val_loss 1.5112  val_acc 0.3523
2026-04-08 19:39:56    epoch   8  loss 1.6341  acc 0.3168  val_loss 1.4629  val_acc 0.3895
2026-04-08 19:39:57    epoch   9  loss 1.6171  acc 0.3156  val_loss 1.4466  val_acc 0.3676
2026-04-08 19:39:58    epoch  10  loss 1.6254  acc 0.3205  val_loss 1.4628  val_acc 0.3917
2026-04-08 19:39:59    epoch  11  loss 1.6203  acc 0.3134  val_loss 1.4760  val_acc 0.3545
2026-04-08 19:40:00    epoch  12  loss 1.6068  acc 0.3168  val_loss 1.4202  val_acc 0.3720
2026-04-08 19:40:01    epoch  13  loss 1.5904  acc 0.3295  val_loss 1.4127  val_acc 0.3982
2026-04-08 19:40:02    epoch  14  loss 1.5857  acc 0.3256  val_loss 1.4531  val_acc 0.3589
2026-04-08 19:40:04    epoch  15  loss 1.6184  acc 0.3336  val_loss 1.4508  val_acc 0.3632
2026-04-08 19:40:05    epoch  16  loss 1.5925  acc 0.3350  val_loss 1.4520  val_acc 0.3589
2026-04-08 19:40:06    epoch  17  loss 1.5861  acc 0.3467  val_loss 1.4112  val_acc 0.3851
2026-04-08 19:40:07    epoch  18  loss 1.5791  acc 0.3457  val_loss 1.4269  val_acc 0.3742
2026-04-08 19:40:08    epoch  19  loss 1.5691  acc 0.3464  val_loss 1.4027  val_acc 0.4223
2026-04-08 19:40:09    epoch  20  loss 1.5837  acc 0.3464  val_loss 1.4624  val_acc 0.3939
2026-04-08 19:40:10    epoch  21  loss 1.5806  acc 0.3435  val_loss 1.4314  val_acc 0.3764
2026-04-08 19:40:11    epoch  22  loss 1.5845  acc 0.3515  val_loss 1.4338  val_acc 0.3676
2026-04-08 19:40:12    epoch  23  loss 1.5758  acc 0.3423  val_loss 1.4034  val_acc 0.3982
2026-04-08 19:40:13    epoch  24  loss 1.5509  acc 0.3508  val_loss 1.4089  val_acc 0.3764
2026-04-08 19:40:14    epoch  25  loss 1.5616  acc 0.3564  val_loss 1.4152  val_acc 0.4114
2026-04-08 19:40:15    epoch  26  loss 1.5674  acc 0.3673  val_loss 1.4103  val_acc 0.4136
2026-04-08 19:40:17    epoch  27  loss 1.5432  acc 0.3600  val_loss 1.3999  val_acc 0.4026
2026-04-08 19:40:18    epoch  28  loss 1.5542  acc 0.3658  val_loss 1.4107  val_acc 0.3720
2026-04-08 19:40:19    epoch  29  loss 1.5271  acc 0.3649  val_loss 1.3900  val_acc 0.4245
2026-04-08 19:40:20    epoch  30  loss 1.5283  acc 0.3661  val_loss 1.3901  val_acc 0.4179
2026-04-08 19:40:21    epoch  31  loss 1.5390  acc 0.3663  val_loss 1.4161  val_acc 0.4026
2026-04-08 19:40:22    epoch  32  loss 1.5262  acc 0.3678  val_loss 1.3837  val_acc 0.4464
2026-04-08 19:40:23    epoch  33  loss 1.5288  acc 0.3731  val_loss 1.3835  val_acc 0.4114
2026-04-08 19:40:24    epoch  34  loss 1.5350  acc 0.3595  val_loss 1.4084  val_acc 0.4092
2026-04-08 19:40:25    epoch  35  loss 1.5281  acc 0.3683  val_loss 1.3772  val_acc 0.4158
2026-04-08 19:40:26    epoch  36  loss 1.5276  acc 0.3717  val_loss 1.3816  val_acc 0.4201
2026-04-08 19:40:27    epoch  37  loss 1.5343  acc 0.3702  val_loss 1.3739  val_acc 0.4311
2026-04-08 19:40:28    epoch  38  loss 1.5166  acc 0.3758  val_loss 1.3665  val_acc 0.4267
2026-04-08 19:40:29    epoch  39  loss 1.5182  acc 0.3726  val_loss 1.4055  val_acc 0.4092
2026-04-08 19:40:30    epoch  40  loss 1.5403  acc 0.3624  val_loss 1.4325  val_acc 0.4070
2026-04-08 19:40:31    epoch  41  loss 1.5229  acc 0.3843  val_loss 1.3855  val_acc 0.3851
2026-04-08 19:40:33    epoch  42  loss 1.5109  acc 0.3729  val_loss 1.3883  val_acc 0.4114
2026-04-08 19:40:34    epoch  43  loss 1.5024  acc 0.3782  val_loss 1.3824  val_acc 0.4004
2026-04-08 19:40:35    epoch  44  loss 1.5071  acc 0.3692  val_loss 1.3737  val_acc 0.4048
2026-04-08 19:40:36    epoch  45  loss 1.4893  acc 0.3860  val_loss 1.3648  val_acc 0.4201
2026-04-08 19:40:37    epoch  46  loss 1.4877  acc 0.3884  val_loss 1.3805  val_acc 0.4267
2026-04-08 19:40:38    epoch  47  loss 1.4943  acc 0.3998  val_loss 1.3722  val_acc 0.4289
2026-04-08 19:40:39    epoch  48  loss 1.5178  acc 0.3768  val_loss 1.3784  val_acc 0.4289
2026-04-08 19:40:40    epoch  49  loss 1.5065  acc 0.3816  val_loss 1.3644  val_acc 0.4201
2026-04-08 19:40:41    epoch  50  loss 1.5129  acc 0.3806  val_loss 1.3576  val_acc 0.4245
2026-04-08 19:40:42    epoch  51  loss 1.5064  acc 0.3814  val_loss 1.3715  val_acc 0.4245
2026-04-08 19:40:43    epoch  52  loss 1.5096  acc 0.3836  val_loss 1.3754  val_acc 0.4092
2026-04-08 19:40:44    epoch  53  loss 1.5064  acc 0.3797  val_loss 1.3582  val_acc 0.4114
2026-04-08 19:40:46    epoch  54  loss 1.5048  acc 0.3845  val_loss 1.3581  val_acc 0.4311
2026-04-08 19:40:47    epoch  55  loss 1.5052  acc 0.3908  val_loss 1.3868  val_acc 0.4289
2026-04-08 19:40:48    epoch  56  loss 1.4895  acc 0.3911  val_loss 1.3526  val_acc 0.4201
2026-04-08 19:40:49    epoch  57  loss 1.5093  acc 0.3836  val_loss 1.3624  val_acc 0.4223
2026-04-08 19:40:50    epoch  58  loss 1.4947  acc 0.3862  val_loss 1.3522  val_acc 0.4486
2026-04-08 19:40:51    epoch  59  loss 1.4872  acc 0.3908  val_loss 1.3459  val_acc 0.4245
2026-04-08 19:40:52    epoch  60  loss 1.4946  acc 0.3833  val_loss 1.3482  val_acc 0.4420
2026-04-08 19:40:53    epoch  61  loss 1.4986  acc 0.3809  val_loss 1.3512  val_acc 0.4376
2026-04-08 19:40:54    epoch  62  loss 1.4810  acc 0.3903  val_loss 1.3636  val_acc 0.4223
2026-04-08 19:40:55    epoch  63  loss 1.4977  acc 0.3899  val_loss 1.3599  val_acc 0.4398
2026-04-08 19:40:56    epoch  64  loss 1.4957  acc 0.3850  val_loss 1.3473  val_acc 0.4289
2026-04-08 19:40:57    epoch  65  loss 1.4906  acc 0.3821  val_loss 1.3515  val_acc 0.4311
2026-04-08 19:40:58    epoch  66  loss 1.4866  acc 0.3945  val_loss 1.3473  val_acc 0.4289
2026-04-08 19:41:00    epoch  67  loss 1.4986  acc 0.3969  val_loss 1.3600  val_acc 0.4376
2026-04-08 19:41:00    Early stopping at epoch 67
2026-04-08 19:41:00    User6 accuracy: 0.3475
2026-04-08 19:41:00  ────────────────────────────────────────────────────────────
2026-04-08 19:41:00  LOSO fold — held-out: User7 (561 test windows, 4277 train windows)
2026-04-08 19:41:01    epoch   1  loss 1.9959  acc 0.2143  val_loss 1.7826  val_acc 0.2927
2026-04-08 19:41:02    epoch   2  loss 1.7767  acc 0.2738  val_loss 1.6881  val_acc 0.3068
2026-04-08 19:41:03    epoch   3  loss 1.7173  acc 0.2930  val_loss 1.7370  val_acc 0.2740
2026-04-08 19:41:04    epoch   4  loss 1.6848  acc 0.3005  val_loss 1.6470  val_acc 0.3208
2026-04-08 19:41:05    epoch   5  loss 1.6718  acc 0.3101  val_loss 1.6336  val_acc 0.3232
2026-04-08 19:41:06    epoch   6  loss 1.6617  acc 0.3130  val_loss 1.6474  val_acc 0.3115
2026-04-08 19:41:07    epoch   7  loss 1.6388  acc 0.3083  val_loss 1.6188  val_acc 0.3279
2026-04-08 19:41:08    epoch   8  loss 1.6282  acc 0.3205  val_loss 1.5943  val_acc 0.3208
2026-04-08 19:41:09    epoch   9  loss 1.6133  acc 0.3148  val_loss 1.5695  val_acc 0.3255
2026-04-08 19:41:10    epoch  10  loss 1.6216  acc 0.3314  val_loss 1.6512  val_acc 0.3091
2026-04-08 19:41:11    epoch  11  loss 1.6204  acc 0.3273  val_loss 1.5606  val_acc 0.3208
2026-04-08 19:41:12    epoch  12  loss 1.6095  acc 0.3278  val_loss 1.6331  val_acc 0.2927
2026-04-08 19:41:13    epoch  13  loss 1.6026  acc 0.3317  val_loss 1.5656  val_acc 0.3326
2026-04-08 19:41:14    epoch  14  loss 1.5914  acc 0.3319  val_loss 1.5464  val_acc 0.3232
2026-04-08 19:41:15    epoch  15  loss 1.6173  acc 0.3314  val_loss 1.5795  val_acc 0.3138
2026-04-08 19:41:16    epoch  16  loss 1.5937  acc 0.3319  val_loss 1.5489  val_acc 0.3349
2026-04-08 19:41:17    epoch  17  loss 1.5861  acc 0.3335  val_loss 1.5263  val_acc 0.3443
2026-04-08 19:41:18    epoch  18  loss 1.5929  acc 0.3361  val_loss 1.5583  val_acc 0.3302
2026-04-08 19:41:19    epoch  19  loss 1.5840  acc 0.3252  val_loss 1.5258  val_acc 0.3466
2026-04-08 19:41:20    epoch  20  loss 1.5824  acc 0.3382  val_loss 1.5206  val_acc 0.3443
2026-04-08 19:41:21    epoch  21  loss 1.5752  acc 0.3371  val_loss 1.5786  val_acc 0.3255
2026-04-08 19:41:22    epoch  22  loss 1.5709  acc 0.3343  val_loss 1.5375  val_acc 0.3372
2026-04-08 19:41:23    epoch  23  loss 1.5652  acc 0.3442  val_loss 1.5176  val_acc 0.3513
2026-04-08 19:41:24    epoch  24  loss 1.5723  acc 0.3439  val_loss 1.5292  val_acc 0.3443
2026-04-08 19:41:25    epoch  25  loss 1.5609  acc 0.3496  val_loss 1.5725  val_acc 0.3372
2026-04-08 19:41:26    epoch  26  loss 1.5528  acc 0.3652  val_loss 1.5403  val_acc 0.3326
2026-04-08 19:41:27    epoch  27  loss 1.5635  acc 0.3434  val_loss 1.5125  val_acc 0.3185
2026-04-08 19:41:28    epoch  28  loss 1.5425  acc 0.3470  val_loss 1.5135  val_acc 0.3396
2026-04-08 19:41:29    epoch  29  loss 1.5528  acc 0.3579  val_loss 1.6212  val_acc 0.3232
2026-04-08 19:41:30    epoch  30  loss 1.5684  acc 0.3473  val_loss 1.5544  val_acc 0.3513
2026-04-08 19:41:31    epoch  31  loss 1.5413  acc 0.3592  val_loss 1.5258  val_acc 0.3630
2026-04-08 19:41:32    epoch  32  loss 1.5505  acc 0.3499  val_loss 1.5104  val_acc 0.3583
2026-04-08 19:41:33    epoch  33  loss 1.5503  acc 0.3564  val_loss 1.5376  val_acc 0.3419
2026-04-08 19:41:34    epoch  34  loss 1.5254  acc 0.3644  val_loss 1.5522  val_acc 0.3747
2026-04-08 19:41:35    epoch  35  loss 1.5369  acc 0.3657  val_loss 1.5155  val_acc 0.3372
2026-04-08 19:41:36    epoch  36  loss 1.5391  acc 0.3571  val_loss 1.5079  val_acc 0.3349
2026-04-08 19:41:37    epoch  37  loss 1.5428  acc 0.3608  val_loss 1.5056  val_acc 0.3583
2026-04-08 19:41:38    epoch  38  loss 1.5407  acc 0.3616  val_loss 1.5211  val_acc 0.3443
2026-04-08 19:41:39    epoch  39  loss 1.5170  acc 0.3623  val_loss 1.5016  val_acc 0.3560
2026-04-08 19:41:40    epoch  40  loss 1.5275  acc 0.3691  val_loss 1.5625  val_acc 0.3607
2026-04-08 19:41:41    epoch  41  loss 1.5422  acc 0.3647  val_loss 1.5140  val_acc 0.3888
2026-04-08 19:41:42    epoch  42  loss 1.5425  acc 0.3548  val_loss 1.5144  val_acc 0.3489
2026-04-08 19:41:43    epoch  43  loss 1.5080  acc 0.3683  val_loss 1.4905  val_acc 0.3396
2026-04-08 19:41:44    epoch  44  loss 1.5279  acc 0.3722  val_loss 1.5024  val_acc 0.3677
2026-04-08 19:41:45    epoch  45  loss 1.5250  acc 0.3678  val_loss 1.4983  val_acc 0.3560
2026-04-08 19:41:46    epoch  46  loss 1.5336  acc 0.3574  val_loss 1.5091  val_acc 0.3817
2026-04-08 19:41:47    epoch  47  loss 1.5354  acc 0.3564  val_loss 1.5073  val_acc 0.3443
2026-04-08 19:41:48    epoch  48  loss 1.5287  acc 0.3683  val_loss 1.5408  val_acc 0.3653
2026-04-08 19:41:49    epoch  49  loss 1.5036  acc 0.3745  val_loss 1.4942  val_acc 0.3677
2026-04-08 19:41:50    epoch  50  loss 1.4948  acc 0.3771  val_loss 1.4738  val_acc 0.3934
2026-04-08 19:41:52    epoch  51  loss 1.4936  acc 0.3774  val_loss 1.4682  val_acc 0.3888
2026-04-08 19:41:53    epoch  52  loss 1.4973  acc 0.3777  val_loss 1.4751  val_acc 0.3817
2026-04-08 19:41:54    epoch  53  loss 1.4826  acc 0.3852  val_loss 1.4885  val_acc 0.3513
2026-04-08 19:41:55    epoch  54  loss 1.4921  acc 0.3764  val_loss 1.4848  val_acc 0.3466
2026-04-08 19:41:56    epoch  55  loss 1.4924  acc 0.3836  val_loss 1.4826  val_acc 0.3653
2026-04-08 19:41:57    epoch  56  loss 1.5128  acc 0.3761  val_loss 1.4947  val_acc 0.3536
2026-04-08 19:41:58    epoch  57  loss 1.4767  acc 0.3836  val_loss 1.4936  val_acc 0.3536
2026-04-08 19:41:59    epoch  58  loss 1.4880  acc 0.3914  val_loss 1.4748  val_acc 0.3817
2026-04-08 19:42:00    epoch  59  loss 1.4725  acc 0.3816  val_loss 1.4832  val_acc 0.3536
2026-04-08 19:42:00    Early stopping at epoch 59
2026-04-08 19:42:00    User7 accuracy: 0.3850
2026-04-08 19:42:00  ────────────────────────────────────────────────────────────
2026-04-08 19:42:00  LOSO fold — held-out: User8 (506 test windows, 4332 train windows)
2026-04-08 19:42:01    epoch   1  loss 1.9768  acc 0.2272  val_loss 1.6953  val_acc 0.3210
2026-04-08 19:42:02    epoch   2  loss 1.7785  acc 0.2783  val_loss 1.6337  val_acc 0.3464
2026-04-08 19:42:03    epoch   3  loss 1.7222  acc 0.2939  val_loss 1.6058  val_acc 0.3741
2026-04-08 19:42:04    epoch   4  loss 1.7028  acc 0.2924  val_loss 1.6045  val_acc 0.3418
2026-04-08 19:42:05    epoch   5  loss 1.6723  acc 0.3019  val_loss 1.6573  val_acc 0.2864
2026-04-08 19:42:06    epoch   6  loss 1.6766  acc 0.2939  val_loss 1.5746  val_acc 0.3441
2026-04-08 19:42:07    epoch   7  loss 1.6428  acc 0.3126  val_loss 1.5614  val_acc 0.3510
2026-04-08 19:42:08    epoch   8  loss 1.6433  acc 0.3121  val_loss 1.5799  val_acc 0.3510
2026-04-08 19:42:09    epoch   9  loss 1.6233  acc 0.3160  val_loss 1.5849  val_acc 0.3603
2026-04-08 19:42:10    epoch  10  loss 1.6265  acc 0.3214  val_loss 1.6122  val_acc 0.3464
2026-04-08 19:42:11    epoch  11  loss 1.6316  acc 0.3198  val_loss 1.5376  val_acc 0.3580
2026-04-08 19:42:12    epoch  12  loss 1.6124  acc 0.3260  val_loss 1.5125  val_acc 0.3903
2026-04-08 19:42:13    epoch  13  loss 1.6024  acc 0.3273  val_loss 1.5424  val_acc 0.3695
2026-04-08 19:42:14    epoch  14  loss 1.5990  acc 0.3255  val_loss 1.5355  val_acc 0.3441
2026-04-08 19:42:15    epoch  15  loss 1.6104  acc 0.3306  val_loss 1.5594  val_acc 0.3303
2026-04-08 19:42:16    epoch  16  loss 1.6017  acc 0.3247  val_loss 1.5525  val_acc 0.3326
2026-04-08 19:42:17    epoch  17  loss 1.5897  acc 0.3373  val_loss 1.5050  val_acc 0.4042
2026-04-08 19:42:18    epoch  18  loss 1.5929  acc 0.3421  val_loss 1.5229  val_acc 0.3672
2026-04-08 19:42:19    epoch  19  loss 1.5996  acc 0.3388  val_loss 1.5002  val_acc 0.4180
2026-04-08 19:42:20    epoch  20  loss 1.5839  acc 0.3309  val_loss 1.5041  val_acc 0.3580
2026-04-08 19:42:21    epoch  21  loss 1.5721  acc 0.3416  val_loss 1.5208  val_acc 0.3510
2026-04-08 19:42:22    epoch  22  loss 1.6006  acc 0.3319  val_loss 1.5587  val_acc 0.3326
2026-04-08 19:42:23    epoch  23  loss 1.5715  acc 0.3355  val_loss 1.5175  val_acc 0.3857
2026-04-08 19:42:24    epoch  24  loss 1.5760  acc 0.3344  val_loss 1.5120  val_acc 0.3741
2026-04-08 19:42:25    epoch  25  loss 1.5708  acc 0.3352  val_loss 1.5102  val_acc 0.3880
2026-04-08 19:42:26    epoch  26  loss 1.5617  acc 0.3403  val_loss 1.4928  val_acc 0.4065
2026-04-08 19:42:27    epoch  27  loss 1.5688  acc 0.3498  val_loss 1.4848  val_acc 0.4180
2026-04-08 19:42:28    epoch  28  loss 1.5461  acc 0.3373  val_loss 1.5306  val_acc 0.4065
2026-04-08 19:42:29    epoch  29  loss 1.5631  acc 0.3506  val_loss 1.5154  val_acc 0.3695
2026-04-08 19:42:30    epoch  30  loss 1.5469  acc 0.3447  val_loss 1.5003  val_acc 0.3580
2026-04-08 19:42:31    epoch  31  loss 1.5499  acc 0.3509  val_loss 1.4775  val_acc 0.3972
2026-04-08 19:42:32    epoch  32  loss 1.5483  acc 0.3678  val_loss 1.4808  val_acc 0.3788
2026-04-08 19:42:33    epoch  33  loss 1.5497  acc 0.3591  val_loss 1.4990  val_acc 0.3811
2026-04-08 19:42:34    epoch  34  loss 1.5529  acc 0.3542  val_loss 1.4751  val_acc 0.3926
2026-04-08 19:42:35    epoch  35  loss 1.5591  acc 0.3493  val_loss 1.6137  val_acc 0.3072
2026-04-08 19:42:36    epoch  36  loss 1.5420  acc 0.3627  val_loss 1.4873  val_acc 0.3718
2026-04-08 19:42:37    epoch  37  loss 1.5513  acc 0.3624  val_loss 1.5006  val_acc 0.3580
2026-04-08 19:42:38    epoch  38  loss 1.5305  acc 0.3662  val_loss 1.4679  val_acc 0.3926
2026-04-08 19:42:39    epoch  39  loss 1.5372  acc 0.3611  val_loss 1.4793  val_acc 0.3718
2026-04-08 19:42:40    epoch  40  loss 1.5339  acc 0.3619  val_loss 1.4757  val_acc 0.3926
2026-04-08 19:42:41    epoch  41  loss 1.5367  acc 0.3673  val_loss 1.4728  val_acc 0.4111
2026-04-08 19:42:42    epoch  42  loss 1.5450  acc 0.3483  val_loss 1.4796  val_acc 0.3972
2026-04-08 19:42:43    epoch  43  loss 1.5228  acc 0.3603  val_loss 1.4711  val_acc 0.3926
2026-04-08 19:42:44    epoch  44  loss 1.5366  acc 0.3575  val_loss 1.4744  val_acc 0.3834
2026-04-08 19:42:45    epoch  45  loss 1.5151  acc 0.3639  val_loss 1.4705  val_acc 0.4018
2026-04-08 19:42:46    epoch  46  loss 1.5238  acc 0.3627  val_loss 1.4523  val_acc 0.4180
2026-04-08 19:42:47    epoch  47  loss 1.5373  acc 0.3757  val_loss 1.4856  val_acc 0.3903
2026-04-08 19:42:49    epoch  48  loss 1.5058  acc 0.3729  val_loss 1.4574  val_acc 0.3972
2026-04-08 19:42:50    epoch  49  loss 1.5087  acc 0.3780  val_loss 1.4518  val_acc 0.4134
2026-04-08 19:42:51    epoch  50  loss 1.5137  acc 0.3804  val_loss 1.4760  val_acc 0.3880
2026-04-08 19:42:52    epoch  51  loss 1.5228  acc 0.3673  val_loss 1.4543  val_acc 0.4042
2026-04-08 19:42:53    epoch  52  loss 1.5181  acc 0.3757  val_loss 1.4589  val_acc 0.4018
2026-04-08 19:42:54    epoch  53  loss 1.5105  acc 0.3842  val_loss 1.4453  val_acc 0.4018
2026-04-08 19:42:55    epoch  54  loss 1.5067  acc 0.3747  val_loss 1.4388  val_acc 0.4273
2026-04-08 19:42:56    epoch  55  loss 1.5113  acc 0.3745  val_loss 1.4393  val_acc 0.4180
2026-04-08 19:42:57    epoch  56  loss 1.5118  acc 0.3716  val_loss 1.4446  val_acc 0.4249
2026-04-08 19:42:58    epoch  57  loss 1.4988  acc 0.3793  val_loss 1.4928  val_acc 0.3718
2026-04-08 19:42:59    epoch  58  loss 1.5020  acc 0.3829  val_loss 1.4454  val_acc 0.4226
2026-04-08 19:43:00    epoch  59  loss 1.5045  acc 0.3742  val_loss 1.4589  val_acc 0.4065
2026-04-08 19:43:01    epoch  60  loss 1.4937  acc 0.3824  val_loss 1.4336  val_acc 0.4203
2026-04-08 19:43:02    epoch  61  loss 1.5012  acc 0.3750  val_loss 1.4405  val_acc 0.4296
2026-04-08 19:43:03    epoch  62  loss 1.4923  acc 0.3814  val_loss 1.4366  val_acc 0.3995
2026-04-08 19:43:04    epoch  63  loss 1.5001  acc 0.3714  val_loss 1.4320  val_acc 0.4226
2026-04-08 19:43:05    epoch  64  loss 1.4907  acc 0.3819  val_loss 1.4380  val_acc 0.4203
2026-04-08 19:43:06    epoch  65  loss 1.4808  acc 0.3942  val_loss 1.4373  val_acc 0.4203
2026-04-08 19:43:07    epoch  66  loss 1.4865  acc 0.3863  val_loss 1.4296  val_acc 0.4273
2026-04-08 19:43:08    epoch  67  loss 1.4844  acc 0.3960  val_loss 1.4439  val_acc 0.4180
2026-04-08 19:43:09    epoch  68  loss 1.5011  acc 0.3827  val_loss 1.4392  val_acc 0.3949
2026-04-08 19:43:10    epoch  69  loss 1.4941  acc 0.3783  val_loss 1.4419  val_acc 0.4018
2026-04-08 19:43:11    epoch  70  loss 1.4929  acc 0.3855  val_loss 1.4357  val_acc 0.4134
2026-04-08 19:43:12    epoch  71  loss 1.4976  acc 0.3750  val_loss 1.4302  val_acc 0.4319
2026-04-08 19:43:13    epoch  72  loss 1.5063  acc 0.3834  val_loss 1.4439  val_acc 0.4065
2026-04-08 19:43:14    epoch  73  loss 1.4985  acc 0.3842  val_loss 1.4374  val_acc 0.4134
2026-04-08 19:43:15    epoch  74  loss 1.4820  acc 0.3893  val_loss 1.4411  val_acc 0.4180
2026-04-08 19:43:15    Early stopping at epoch 74
2026-04-08 19:43:15    User8 accuracy: 0.3814
2026-04-08 19:43:15  ────────────────────────────────────────────────────────────
2026-04-08 19:43:15  LOSO fold — held-out: User9 (560 test windows, 4278 train windows)
2026-04-08 19:43:16    epoch   1  loss 2.0202  acc 0.2142  val_loss 1.6911  val_acc 0.3091
2026-04-08 19:43:17    epoch   2  loss 1.7847  acc 0.2781  val_loss 1.5763  val_acc 0.3396
2026-04-08 19:43:18    epoch   3  loss 1.7220  acc 0.2937  val_loss 1.5487  val_acc 0.3560
2026-04-08 19:43:19    epoch   4  loss 1.6891  acc 0.3059  val_loss 1.5240  val_acc 0.3607
2026-04-08 19:43:20    epoch   5  loss 1.6556  acc 0.3165  val_loss 1.5319  val_acc 0.3653
2026-04-08 19:43:21    epoch   6  loss 1.6568  acc 0.3160  val_loss 1.5136  val_acc 0.3560
2026-04-08 19:43:23    epoch   7  loss 1.6473  acc 0.3132  val_loss 1.5972  val_acc 0.3279
2026-04-08 19:43:24    epoch   8  loss 1.6332  acc 0.3384  val_loss 1.5164  val_acc 0.3560
2026-04-08 19:43:25    epoch   9  loss 1.6304  acc 0.3347  val_loss 1.5063  val_acc 0.3653
2026-04-08 19:43:26    epoch  10  loss 1.5987  acc 0.3332  val_loss 1.4903  val_acc 0.3607
2026-04-08 19:43:27    epoch  11  loss 1.6004  acc 0.3355  val_loss 1.4620  val_acc 0.3630
2026-04-08 19:43:28    epoch  12  loss 1.6061  acc 0.3352  val_loss 1.4740  val_acc 0.4005
2026-04-08 19:43:29    epoch  13  loss 1.6009  acc 0.3399  val_loss 1.4772  val_acc 0.3677
2026-04-08 19:43:30    epoch  14  loss 1.5796  acc 0.3415  val_loss 1.4575  val_acc 0.3700
2026-04-08 19:43:31    epoch  15  loss 1.6142  acc 0.3425  val_loss 1.4796  val_acc 0.3630
2026-04-08 19:43:32    epoch  16  loss 1.5739  acc 0.3500  val_loss 1.5279  val_acc 0.3513
2026-04-08 19:43:33    epoch  17  loss 1.5950  acc 0.3490  val_loss 1.4560  val_acc 0.4028
2026-04-08 19:43:34    epoch  18  loss 1.5979  acc 0.3368  val_loss 1.4720  val_acc 0.3724
2026-04-08 19:43:35    epoch  19  loss 1.5827  acc 0.3404  val_loss 1.4456  val_acc 0.3864
2026-04-08 19:43:36    epoch  20  loss 1.5894  acc 0.3378  val_loss 1.4550  val_acc 0.3770
2026-04-08 19:43:37    epoch  21  loss 1.5708  acc 0.3516  val_loss 1.4868  val_acc 0.3560
2026-04-08 19:43:38    epoch  22  loss 1.5685  acc 0.3443  val_loss 1.4654  val_acc 0.3770
2026-04-08 19:43:39    epoch  23  loss 1.5740  acc 0.3503  val_loss 1.4614  val_acc 0.3630
2026-04-08 19:43:40    epoch  24  loss 1.5644  acc 0.3555  val_loss 1.4945  val_acc 0.3607
2026-04-08 19:43:41    epoch  25  loss 1.5422  acc 0.3615  val_loss 1.4431  val_acc 0.4286
2026-04-08 19:43:42    epoch  26  loss 1.5353  acc 0.3558  val_loss 1.4402  val_acc 0.3817
2026-04-08 19:43:43    epoch  27  loss 1.5301  acc 0.3659  val_loss 1.4397  val_acc 0.3770
2026-04-08 19:43:44    epoch  28  loss 1.5397  acc 0.3622  val_loss 1.4809  val_acc 0.3934
2026-04-08 19:43:45    epoch  29  loss 1.5339  acc 0.3552  val_loss 1.4329  val_acc 0.3981
2026-04-08 19:43:46    epoch  30  loss 1.5402  acc 0.3667  val_loss 1.4292  val_acc 0.3888
2026-04-08 19:43:47    epoch  31  loss 1.5313  acc 0.3620  val_loss 1.4304  val_acc 0.4075
2026-04-08 19:43:48    epoch  32  loss 1.5421  acc 0.3646  val_loss 1.4373  val_acc 0.4052
2026-04-08 19:43:49    epoch  33  loss 1.5602  acc 0.3537  val_loss 1.4536  val_acc 0.3864
2026-04-08 19:43:50    epoch  34  loss 1.5223  acc 0.3729  val_loss 1.4365  val_acc 0.4052
2026-04-08 19:43:51    epoch  35  loss 1.5381  acc 0.3721  val_loss 1.4482  val_acc 0.3934
2026-04-08 19:43:52    epoch  36  loss 1.5276  acc 0.3672  val_loss 1.4235  val_acc 0.4192
2026-04-08 19:43:53    epoch  37  loss 1.5086  acc 0.3765  val_loss 1.4293  val_acc 0.3864
2026-04-08 19:43:54    epoch  38  loss 1.5208  acc 0.3750  val_loss 1.4342  val_acc 0.3981
2026-04-08 19:43:55    epoch  39  loss 1.5235  acc 0.3731  val_loss 1.4240  val_acc 0.3981
2026-04-08 19:43:56    epoch  40  loss 1.5226  acc 0.3731  val_loss 1.4263  val_acc 0.4286
2026-04-08 19:43:57    epoch  41  loss 1.5256  acc 0.3646  val_loss 1.4338  val_acc 0.3864
2026-04-08 19:43:58    epoch  42  loss 1.5277  acc 0.3669  val_loss 1.4277  val_acc 0.3864
2026-04-08 19:43:59    epoch  43  loss 1.5130  acc 0.3765  val_loss 1.4218  val_acc 0.3770
2026-04-08 19:44:00    epoch  44  loss 1.5202  acc 0.3693  val_loss 1.4183  val_acc 0.3888
2026-04-08 19:44:01    epoch  45  loss 1.4969  acc 0.3822  val_loss 1.4189  val_acc 0.3934
2026-04-08 19:44:02    epoch  46  loss 1.5203  acc 0.3672  val_loss 1.4297  val_acc 0.3747
2026-04-08 19:44:03    epoch  47  loss 1.5121  acc 0.3703  val_loss 1.4254  val_acc 0.3911
2026-04-08 19:44:04    epoch  48  loss 1.5291  acc 0.3695  val_loss 1.4207  val_acc 0.3958
2026-04-08 19:44:05    epoch  49  loss 1.5027  acc 0.3802  val_loss 1.4126  val_acc 0.3888
2026-04-08 19:44:06    epoch  50  loss 1.4989  acc 0.3708  val_loss 1.4148  val_acc 0.4052
2026-04-08 19:44:07    epoch  51  loss 1.5002  acc 0.3768  val_loss 1.4141  val_acc 0.4028
2026-04-08 19:44:08    epoch  52  loss 1.5107  acc 0.3776  val_loss 1.4192  val_acc 0.3911
2026-04-08 19:44:09    epoch  53  loss 1.5147  acc 0.3724  val_loss 1.4186  val_acc 0.3934
2026-04-08 19:44:10    epoch  54  loss 1.5090  acc 0.3781  val_loss 1.4202  val_acc 0.3864
2026-04-08 19:44:11    epoch  55  loss 1.4986  acc 0.3843  val_loss 1.4109  val_acc 0.3911
2026-04-08 19:44:12    epoch  56  loss 1.4940  acc 0.3791  val_loss 1.4151  val_acc 0.4052
2026-04-08 19:44:13    epoch  57  loss 1.4829  acc 0.3804  val_loss 1.4093  val_acc 0.3911
2026-04-08 19:44:14    epoch  58  loss 1.4931  acc 0.3815  val_loss 1.4099  val_acc 0.3911
2026-04-08 19:44:15    epoch  59  loss 1.4895  acc 0.3822  val_loss 1.4090  val_acc 0.3958
2026-04-08 19:44:16    epoch  60  loss 1.4995  acc 0.3848  val_loss 1.4164  val_acc 0.3934
2026-04-08 19:44:17    epoch  61  loss 1.5107  acc 0.3752  val_loss 1.4106  val_acc 0.4005
2026-04-08 19:44:18    epoch  62  loss 1.4974  acc 0.3885  val_loss 1.4132  val_acc 0.3911
2026-04-08 19:44:19    epoch  63  loss 1.4991  acc 0.3841  val_loss 1.4067  val_acc 0.3911
2026-04-08 19:44:20    epoch  64  loss 1.5116  acc 0.3809  val_loss 1.4141  val_acc 0.3794
2026-04-08 19:44:21    epoch  65  loss 1.4924  acc 0.3846  val_loss 1.4099  val_acc 0.3934
2026-04-08 19:44:22    epoch  66  loss 1.4950  acc 0.3877  val_loss 1.4183  val_acc 0.3981
2026-04-08 19:44:23    epoch  67  loss 1.5018  acc 0.3846  val_loss 1.4136  val_acc 0.3841
2026-04-08 19:44:24    epoch  68  loss 1.5015  acc 0.3851  val_loss 1.4093  val_acc 0.4005
2026-04-08 19:44:25    epoch  69  loss 1.4960  acc 0.3830  val_loss 1.4062  val_acc 0.4028
2026-04-08 19:44:26    epoch  70  loss 1.4975  acc 0.3828  val_loss 1.4082  val_acc 0.3911
2026-04-08 19:44:27    epoch  71  loss 1.5024  acc 0.3783  val_loss 1.4132  val_acc 0.3934
2026-04-08 19:44:28    epoch  72  loss 1.4911  acc 0.3794  val_loss 1.4115  val_acc 0.4028
2026-04-08 19:44:29    epoch  73  loss 1.4905  acc 0.3822  val_loss 1.4064  val_acc 0.4052
2026-04-08 19:44:30    epoch  74  loss 1.5016  acc 0.3737  val_loss 1.4125  val_acc 0.3841
2026-04-08 19:44:31    epoch  75  loss 1.4891  acc 0.3809  val_loss 1.4075  val_acc 0.3888
2026-04-08 19:44:32    epoch  76  loss 1.4947  acc 0.3778  val_loss 1.4063  val_acc 0.4098
2026-04-08 19:44:33    epoch  77  loss 1.5042  acc 0.3750  val_loss 1.4048  val_acc 0.3888
2026-04-08 19:44:34    epoch  78  loss 1.5024  acc 0.3809  val_loss 1.4099  val_acc 0.3911
2026-04-08 19:44:35    epoch  79  loss 1.4883  acc 0.3900  val_loss 1.4039  val_acc 0.3888
2026-04-08 19:44:36    epoch  80  loss 1.5015  acc 0.3856  val_loss 1.4188  val_acc 0.3934
2026-04-08 19:44:37    epoch  81  loss 1.4866  acc 0.3859  val_loss 1.4092  val_acc 0.3911
2026-04-08 19:44:38    epoch  82  loss 1.4883  acc 0.3869  val_loss 1.4051  val_acc 0.3888
2026-04-08 19:44:39    epoch  83  loss 1.4753  acc 0.3937  val_loss 1.4043  val_acc 0.3911
2026-04-08 19:44:40    epoch  84  loss 1.5019  acc 0.3817  val_loss 1.4061  val_acc 0.3864
2026-04-08 19:44:41    epoch  85  loss 1.4982  acc 0.3916  val_loss 1.4087  val_acc 0.3888
2026-04-08 19:44:42    epoch  86  loss 1.4790  acc 0.3973  val_loss 1.4070  val_acc 0.3864
2026-04-08 19:44:43    epoch  87  loss 1.5081  acc 0.3846  val_loss 1.4153  val_acc 0.3934
2026-04-08 19:44:43    Early stopping at epoch 87
2026-04-08 19:44:43    User9 accuracy: 0.2839
2026-04-08 19:44:44  ────────────────────────────────────────────────────────────
2026-04-08 19:44:44  LOSO fold — held-out: User10 (556 test windows, 4282 train windows)
2026-04-08 19:44:45    epoch   1  loss 1.9871  acc 0.2278  val_loss 1.7248  val_acc 0.2804
2026-04-08 19:44:46    epoch   2  loss 1.7495  acc 0.2891  val_loss 1.6496  val_acc 0.3154
2026-04-08 19:44:47    epoch   3  loss 1.6777  acc 0.3083  val_loss 1.6321  val_acc 0.3224
2026-04-08 19:44:48    epoch   4  loss 1.6893  acc 0.3049  val_loss 1.6104  val_acc 0.3154
2026-04-08 19:44:49    epoch   5  loss 1.6511  acc 0.3160  val_loss 1.6009  val_acc 0.3318
2026-04-08 19:44:50    epoch   6  loss 1.6512  acc 0.3186  val_loss 1.5410  val_acc 0.3598
2026-04-08 19:44:51    epoch   7  loss 1.6258  acc 0.3243  val_loss 1.5661  val_acc 0.3762
2026-04-08 19:44:52    epoch   8  loss 1.6113  acc 0.3262  val_loss 1.5306  val_acc 0.3715
2026-04-08 19:44:53    epoch   9  loss 1.6177  acc 0.3194  val_loss 1.5194  val_acc 0.3645
2026-04-08 19:44:54    epoch  10  loss 1.6088  acc 0.3202  val_loss 1.5030  val_acc 0.3855
2026-04-08 19:44:55    epoch  11  loss 1.6096  acc 0.3306  val_loss 1.5087  val_acc 0.3575
2026-04-08 19:44:56    epoch  12  loss 1.6145  acc 0.3363  val_loss 1.5397  val_acc 0.3621
2026-04-08 19:44:57    epoch  13  loss 1.5890  acc 0.3391  val_loss 1.5061  val_acc 0.3902
2026-04-08 19:44:58    epoch  14  loss 1.5938  acc 0.3363  val_loss 1.5103  val_acc 0.3692
2026-04-08 19:44:59    epoch  15  loss 1.5868  acc 0.3337  val_loss 1.5190  val_acc 0.3808
2026-04-08 19:45:00    epoch  16  loss 1.6005  acc 0.3441  val_loss 1.4890  val_acc 0.3995
2026-04-08 19:45:01    epoch  17  loss 1.5636  acc 0.3552  val_loss 1.4905  val_acc 0.3762
2026-04-08 19:45:02    epoch  18  loss 1.5735  acc 0.3443  val_loss 1.5469  val_acc 0.3645
2026-04-08 19:45:03    epoch  19  loss 1.5671  acc 0.3485  val_loss 1.5035  val_acc 0.3785
2026-04-08 19:45:04    epoch  20  loss 1.5492  acc 0.3487  val_loss 1.4862  val_acc 0.3715
2026-04-08 19:45:05    epoch  21  loss 1.5497  acc 0.3498  val_loss 1.4843  val_acc 0.3995
2026-04-08 19:45:06    epoch  22  loss 1.5558  acc 0.3459  val_loss 1.4758  val_acc 0.4019
2026-04-08 19:45:07    epoch  23  loss 1.5690  acc 0.3555  val_loss 1.5423  val_acc 0.3551
2026-04-08 19:45:08    epoch  24  loss 1.5606  acc 0.3524  val_loss 1.5139  val_acc 0.4019
2026-04-08 19:45:09    epoch  25  loss 1.5503  acc 0.3482  val_loss 1.4703  val_acc 0.4042
2026-04-08 19:45:10    epoch  26  loss 1.5642  acc 0.3472  val_loss 1.4944  val_acc 0.4136
2026-04-08 19:45:11    epoch  27  loss 1.5468  acc 0.3531  val_loss 1.4940  val_acc 0.3879
2026-04-08 19:45:12    epoch  28  loss 1.5482  acc 0.3630  val_loss 1.5527  val_acc 0.3575
2026-04-08 19:45:13    epoch  29  loss 1.5603  acc 0.3503  val_loss 1.4866  val_acc 0.4065
2026-04-08 19:45:14    epoch  30  loss 1.5483  acc 0.3542  val_loss 1.4722  val_acc 0.4019
2026-04-08 19:45:15    epoch  31  loss 1.5219  acc 0.3773  val_loss 1.4588  val_acc 0.4159
2026-04-08 19:45:16    epoch  32  loss 1.5348  acc 0.3596  val_loss 1.4600  val_acc 0.4136
2026-04-08 19:45:17    epoch  33  loss 1.5343  acc 0.3713  val_loss 1.4943  val_acc 0.4042
2026-04-08 19:45:18    epoch  34  loss 1.5360  acc 0.3640  val_loss 1.4556  val_acc 0.4089
2026-04-08 19:45:19    epoch  35  loss 1.5175  acc 0.3586  val_loss 1.4592  val_acc 0.4206
2026-04-08 19:45:20    epoch  36  loss 1.5415  acc 0.3583  val_loss 1.4694  val_acc 0.4182
2026-04-08 19:45:21    epoch  37  loss 1.5356  acc 0.3687  val_loss 1.4649  val_acc 0.4159
2026-04-08 19:45:22    epoch  38  loss 1.5272  acc 0.3565  val_loss 1.4633  val_acc 0.4252
2026-04-08 19:45:23    epoch  39  loss 1.5360  acc 0.3721  val_loss 1.4499  val_acc 0.4136
2026-04-08 19:45:24    epoch  40  loss 1.5320  acc 0.3697  val_loss 1.4576  val_acc 0.4065
2026-04-08 19:45:25    epoch  41  loss 1.5194  acc 0.3659  val_loss 1.4561  val_acc 0.4369
2026-04-08 19:45:26    epoch  42  loss 1.5277  acc 0.3718  val_loss 1.4589  val_acc 0.4393
2026-04-08 19:45:27    epoch  43  loss 1.5321  acc 0.3679  val_loss 1.4553  val_acc 0.4206
2026-04-08 19:45:28    epoch  44  loss 1.5239  acc 0.3700  val_loss 1.4899  val_acc 0.4159
2026-04-08 19:45:29    epoch  45  loss 1.5090  acc 0.3710  val_loss 1.4669  val_acc 0.4159
2026-04-08 19:45:30    epoch  46  loss 1.5350  acc 0.3661  val_loss 1.4470  val_acc 0.4276
2026-04-08 19:45:31    epoch  47  loss 1.5113  acc 0.3731  val_loss 1.4608  val_acc 0.4159
2026-04-08 19:45:32    epoch  48  loss 1.5071  acc 0.3791  val_loss 1.4479  val_acc 0.4159
2026-04-08 19:45:33    epoch  49  loss 1.5286  acc 0.3710  val_loss 1.4453  val_acc 0.4206
2026-04-08 19:45:34    epoch  50  loss 1.5115  acc 0.3643  val_loss 1.4513  val_acc 0.4369
2026-04-08 19:45:35    epoch  51  loss 1.5160  acc 0.3703  val_loss 1.4417  val_acc 0.4276
2026-04-08 19:45:36    epoch  52  loss 1.5225  acc 0.3721  val_loss 1.4458  val_acc 0.4299
2026-04-08 19:45:37    epoch  53  loss 1.5170  acc 0.3692  val_loss 1.4541  val_acc 0.4322
2026-04-08 19:45:38    epoch  54  loss 1.5176  acc 0.3723  val_loss 1.4549  val_acc 0.4322
2026-04-08 19:45:39    epoch  55  loss 1.5261  acc 0.3734  val_loss 1.4410  val_acc 0.4182
2026-04-08 19:45:40    epoch  56  loss 1.5202  acc 0.3747  val_loss 1.4425  val_acc 0.4299
2026-04-08 19:45:41    epoch  57  loss 1.5166  acc 0.3749  val_loss 1.4438  val_acc 0.4206
2026-04-08 19:45:42    epoch  58  loss 1.5179  acc 0.3744  val_loss 1.4421  val_acc 0.4322
2026-04-08 19:45:43    epoch  59  loss 1.5083  acc 0.3768  val_loss 1.4430  val_acc 0.4136
2026-04-08 19:45:44    epoch  60  loss 1.5008  acc 0.3801  val_loss 1.4487  val_acc 0.4136
2026-04-08 19:45:45    epoch  61  loss 1.5247  acc 0.3770  val_loss 1.4413  val_acc 0.4136
2026-04-08 19:45:46    epoch  62  loss 1.5012  acc 0.3773  val_loss 1.4399  val_acc 0.4252
2026-04-08 19:45:47    epoch  63  loss 1.4969  acc 0.3716  val_loss 1.4396  val_acc 0.4252
2026-04-08 19:45:48    epoch  64  loss 1.5007  acc 0.3780  val_loss 1.4354  val_acc 0.4276
2026-04-08 19:45:49    epoch  65  loss 1.5044  acc 0.3768  val_loss 1.4404  val_acc 0.4252
2026-04-08 19:45:50    epoch  66  loss 1.5066  acc 0.3760  val_loss 1.4420  val_acc 0.4276
2026-04-08 19:45:51    epoch  67  loss 1.5157  acc 0.3718  val_loss 1.4364  val_acc 0.4229
2026-04-08 19:45:52    epoch  68  loss 1.5081  acc 0.3734  val_loss 1.4439  val_acc 0.4393
2026-04-08 19:45:53    epoch  69  loss 1.5040  acc 0.3755  val_loss 1.4404  val_acc 0.4393
2026-04-08 19:45:54    epoch  70  loss 1.4948  acc 0.3799  val_loss 1.4459  val_acc 0.4252
2026-04-08 19:45:55    epoch  71  loss 1.4973  acc 0.3739  val_loss 1.4466  val_acc 0.4159
2026-04-08 19:45:56    epoch  72  loss 1.5037  acc 0.3708  val_loss 1.4384  val_acc 0.4346
2026-04-08 19:45:56    Early stopping at epoch 72
2026-04-08 19:45:56    User10 accuracy: 0.3435
2026-04-08 19:45:57  ────────────────────────────────────────────────────────────
2026-04-08 19:45:57  LOSO fold — held-out: User11 (585 test windows, 4253 train windows)
2026-04-08 19:45:58    epoch   1  loss 1.9723  acc 0.2275  val_loss 1.7036  val_acc 0.3012
2026-04-08 19:45:59    epoch   2  loss 1.7550  acc 0.2785  val_loss 1.6350  val_acc 0.3388
2026-04-08 19:46:00    epoch   3  loss 1.7022  acc 0.3007  val_loss 1.5835  val_acc 0.3294
2026-04-08 19:46:01    epoch   4  loss 1.6745  acc 0.2991  val_loss 1.5800  val_acc 0.3200
2026-04-08 19:46:02    epoch   5  loss 1.6540  acc 0.3119  val_loss 1.5363  val_acc 0.3553
2026-04-08 19:46:03    epoch   6  loss 1.6342  acc 0.3106  val_loss 1.5592  val_acc 0.3247
2026-04-08 19:46:04    epoch   7  loss 1.6303  acc 0.3161  val_loss 1.5266  val_acc 0.3529
2026-04-08 19:46:05    epoch   8  loss 1.6465  acc 0.3140  val_loss 1.5310  val_acc 0.3482
2026-04-08 19:46:06    epoch   9  loss 1.6274  acc 0.3231  val_loss 1.5243  val_acc 0.3553
2026-04-08 19:46:07    epoch  10  loss 1.6317  acc 0.3307  val_loss 1.5828  val_acc 0.3224
2026-04-08 19:46:08    epoch  11  loss 1.6149  acc 0.3174  val_loss 1.5169  val_acc 0.3647
2026-04-08 19:46:09    epoch  12  loss 1.6079  acc 0.3182  val_loss 1.4972  val_acc 0.3576
2026-04-08 19:46:10    epoch  13  loss 1.5711  acc 0.3427  val_loss 1.5006  val_acc 0.3576
2026-04-08 19:46:11    epoch  14  loss 1.6050  acc 0.3380  val_loss 1.5249  val_acc 0.3506
2026-04-08 19:46:12    epoch  15  loss 1.5774  acc 0.3299  val_loss 1.4849  val_acc 0.3765
2026-04-08 19:46:13    epoch  16  loss 1.5987  acc 0.3362  val_loss 1.4800  val_acc 0.3624
2026-04-08 19:46:14    epoch  17  loss 1.6096  acc 0.3318  val_loss 1.4808  val_acc 0.3788
2026-04-08 19:46:15    epoch  18  loss 1.5723  acc 0.3514  val_loss 1.5212  val_acc 0.3365
2026-04-08 19:46:16    epoch  19  loss 1.5686  acc 0.3542  val_loss 1.4676  val_acc 0.3765
2026-04-08 19:46:17    epoch  20  loss 1.5781  acc 0.3480  val_loss 1.4992  val_acc 0.3718
2026-04-08 19:46:18    epoch  21  loss 1.5708  acc 0.3558  val_loss 1.5037  val_acc 0.3553
2026-04-08 19:46:19    epoch  22  loss 1.5734  acc 0.3414  val_loss 1.4630  val_acc 0.3718
2026-04-08 19:46:20    epoch  23  loss 1.5686  acc 0.3477  val_loss 1.4772  val_acc 0.3624
2026-04-08 19:46:21    epoch  24  loss 1.5607  acc 0.3542  val_loss 1.4517  val_acc 0.3718
2026-04-08 19:46:22    epoch  25  loss 1.5587  acc 0.3600  val_loss 1.4679  val_acc 0.3835
2026-04-08 19:46:23    epoch  26  loss 1.5757  acc 0.3501  val_loss 1.4884  val_acc 0.3671
2026-04-08 19:46:24    epoch  27  loss 1.5614  acc 0.3600  val_loss 1.4496  val_acc 0.3976
2026-04-08 19:46:25    epoch  28  loss 1.5445  acc 0.3592  val_loss 1.4532  val_acc 0.3812
2026-04-08 19:46:26    epoch  29  loss 1.5552  acc 0.3521  val_loss 1.4819  val_acc 0.4000
2026-04-08 19:46:27    epoch  30  loss 1.5432  acc 0.3592  val_loss 1.4944  val_acc 0.3271
2026-04-08 19:46:28    epoch  31  loss 1.5529  acc 0.3579  val_loss 1.4572  val_acc 0.3859
2026-04-08 19:46:29    epoch  32  loss 1.5439  acc 0.3689  val_loss 1.4897  val_acc 0.3553
2026-04-08 19:46:29    epoch  33  loss 1.5272  acc 0.3746  val_loss 1.4774  val_acc 0.3647
2026-04-08 19:46:30    epoch  34  loss 1.5174  acc 0.3665  val_loss 1.4280  val_acc 0.3765
2026-04-08 19:46:31    epoch  35  loss 1.5294  acc 0.3777  val_loss 1.4340  val_acc 0.3859
2026-04-08 19:46:32    epoch  36  loss 1.5383  acc 0.3817  val_loss 1.5226  val_acc 0.3600
2026-04-08 19:46:33    epoch  37  loss 1.5175  acc 0.3712  val_loss 1.4289  val_acc 0.3812
2026-04-08 19:46:34    epoch  38  loss 1.5170  acc 0.3639  val_loss 1.4270  val_acc 0.3741
2026-04-08 19:46:35    epoch  39  loss 1.5206  acc 0.3723  val_loss 1.4221  val_acc 0.3953
2026-04-08 19:46:36    epoch  40  loss 1.5181  acc 0.3772  val_loss 1.6128  val_acc 0.3224
2026-04-08 19:46:37    epoch  41  loss 1.5132  acc 0.3743  val_loss 1.4218  val_acc 0.3788
2026-04-08 19:46:38    epoch  42  loss 1.5286  acc 0.3723  val_loss 1.4157  val_acc 0.4212
2026-04-08 19:46:39    epoch  43  loss 1.4995  acc 0.3824  val_loss 1.4369  val_acc 0.3812
2026-04-08 19:46:40    epoch  44  loss 1.5258  acc 0.3689  val_loss 1.4218  val_acc 0.4141
2026-04-08 19:46:41    epoch  45  loss 1.4986  acc 0.3801  val_loss 1.4070  val_acc 0.3812
2026-04-08 19:46:42    epoch  46  loss 1.5111  acc 0.3696  val_loss 1.4565  val_acc 0.3835
2026-04-08 19:46:43    epoch  47  loss 1.4953  acc 0.3892  val_loss 1.4032  val_acc 0.3765
2026-04-08 19:46:44    epoch  48  loss 1.4946  acc 0.3804  val_loss 1.4218  val_acc 0.4000
2026-04-08 19:46:45    epoch  49  loss 1.5142  acc 0.3840  val_loss 1.4179  val_acc 0.4024
2026-04-08 19:46:46    epoch  50  loss 1.4890  acc 0.3822  val_loss 1.4632  val_acc 0.3647
2026-04-08 19:46:47    epoch  51  loss 1.4984  acc 0.3869  val_loss 1.4055  val_acc 0.3976
2026-04-08 19:46:48    epoch  52  loss 1.4997  acc 0.3895  val_loss 1.4444  val_acc 0.3718
2026-04-08 19:46:49    epoch  53  loss 1.4828  acc 0.3908  val_loss 1.3909  val_acc 0.4094
2026-04-08 19:46:50    epoch  54  loss 1.4926  acc 0.3971  val_loss 1.4199  val_acc 0.3976
2026-04-08 19:46:51    epoch  55  loss 1.4863  acc 0.4005  val_loss 1.4099  val_acc 0.3718
2026-04-08 19:46:52    epoch  56  loss 1.4782  acc 0.4094  val_loss 1.3995  val_acc 0.3788
2026-04-08 19:46:53    epoch  57  loss 1.4717  acc 0.4096  val_loss 1.3888  val_acc 0.4165
2026-04-08 19:46:54    epoch  58  loss 1.4727  acc 0.4122  val_loss 1.4061  val_acc 0.4024
2026-04-08 19:46:55    epoch  59  loss 1.4761  acc 0.4101  val_loss 1.3967  val_acc 0.3765
2026-04-08 19:46:56    epoch  60  loss 1.4942  acc 0.3994  val_loss 1.3830  val_acc 0.4000
2026-04-08 19:46:57    epoch  61  loss 1.4679  acc 0.4086  val_loss 1.3854  val_acc 0.3953
2026-04-08 19:46:58    epoch  62  loss 1.4764  acc 0.4065  val_loss 1.3848  val_acc 0.4353
2026-04-08 19:46:59    epoch  63  loss 1.4786  acc 0.4065  val_loss 1.3897  val_acc 0.4000
2026-04-08 19:47:00    epoch  64  loss 1.4694  acc 0.4026  val_loss 1.4319  val_acc 0.3788
2026-04-08 19:47:01    epoch  65  loss 1.4732  acc 0.3976  val_loss 1.4017  val_acc 0.4165
2026-04-08 19:47:02    epoch  66  loss 1.4717  acc 0.4026  val_loss 1.3787  val_acc 0.4329
2026-04-08 19:47:03    epoch  67  loss 1.4645  acc 0.4041  val_loss 1.3952  val_acc 0.4071
2026-04-08 19:47:04    epoch  68  loss 1.4629  acc 0.4086  val_loss 1.3798  val_acc 0.4282
2026-04-08 19:47:05    epoch  69  loss 1.4692  acc 0.4031  val_loss 1.3967  val_acc 0.3859
2026-04-08 19:47:06    epoch  70  loss 1.4611  acc 0.4114  val_loss 1.3830  val_acc 0.4094
2026-04-08 19:47:07    epoch  71  loss 1.4660  acc 0.4164  val_loss 1.3703  val_acc 0.4118
2026-04-08 19:47:08    epoch  72  loss 1.4635  acc 0.4023  val_loss 1.3784  val_acc 0.4212
2026-04-08 19:47:09    epoch  73  loss 1.4437  acc 0.4240  val_loss 1.3985  val_acc 0.3929
2026-04-08 19:47:10    epoch  74  loss 1.4527  acc 0.4086  val_loss 1.3698  val_acc 0.4235
2026-04-08 19:47:11    epoch  75  loss 1.4607  acc 0.4039  val_loss 1.3814  val_acc 0.4071
2026-04-08 19:47:12    epoch  76  loss 1.4536  acc 0.4161  val_loss 1.3802  val_acc 0.4094
2026-04-08 19:47:13    epoch  77  loss 1.4621  acc 0.4122  val_loss 1.3741  val_acc 0.4047
2026-04-08 19:47:14    epoch  78  loss 1.4424  acc 0.4242  val_loss 1.3724  val_acc 0.4118
2026-04-08 19:47:15    epoch  79  loss 1.4359  acc 0.4177  val_loss 1.3625  val_acc 0.4282
2026-04-08 19:47:16    epoch  80  loss 1.4397  acc 0.4143  val_loss 1.3577  val_acc 0.4259
2026-04-08 19:47:17    epoch  81  loss 1.4551  acc 0.4164  val_loss 1.3630  val_acc 0.4000
2026-04-08 19:47:18    epoch  82  loss 1.4606  acc 0.4099  val_loss 1.3677  val_acc 0.4118
2026-04-08 19:47:19    epoch  83  loss 1.4328  acc 0.4245  val_loss 1.3553  val_acc 0.4165
2026-04-08 19:47:20    epoch  84  loss 1.4435  acc 0.4188  val_loss 1.3633  val_acc 0.4329
2026-04-08 19:47:21    epoch  85  loss 1.4616  acc 0.4169  val_loss 1.3598  val_acc 0.4306
2026-04-08 19:47:22    epoch  86  loss 1.4501  acc 0.4232  val_loss 1.3623  val_acc 0.4212
2026-04-08 19:47:23    epoch  87  loss 1.4463  acc 0.4263  val_loss 1.3579  val_acc 0.4282
2026-04-08 19:47:24    epoch  88  loss 1.4448  acc 0.4222  val_loss 1.3784  val_acc 0.4494
2026-04-08 19:47:25    epoch  89  loss 1.4553  acc 0.4172  val_loss 1.3550  val_acc 0.4329
2026-04-08 19:47:26    epoch  90  loss 1.4474  acc 0.4177  val_loss 1.3523  val_acc 0.4400
2026-04-08 19:47:27    epoch  91  loss 1.4392  acc 0.4122  val_loss 1.3515  val_acc 0.4376
2026-04-08 19:47:28    epoch  92  loss 1.4325  acc 0.4193  val_loss 1.3576  val_acc 0.4235
2026-04-08 19:47:29    epoch  93  loss 1.4452  acc 0.4180  val_loss 1.3557  val_acc 0.4235
2026-04-08 19:47:30    epoch  94  loss 1.4345  acc 0.4255  val_loss 1.3736  val_acc 0.4212
2026-04-08 19:47:31    epoch  95  loss 1.4493  acc 0.4117  val_loss 1.3720  val_acc 0.4376
2026-04-08 19:47:32    epoch  96  loss 1.4327  acc 0.4240  val_loss 1.3592  val_acc 0.4188
2026-04-08 19:47:33    epoch  97  loss 1.4283  acc 0.4274  val_loss 1.3478  val_acc 0.4329
2026-04-08 19:47:34    epoch  98  loss 1.4325  acc 0.4185  val_loss 1.3529  val_acc 0.4282
2026-04-08 19:47:35    epoch  99  loss 1.4213  acc 0.4276  val_loss 1.3455  val_acc 0.4235
2026-04-08 19:47:36    epoch 100  loss 1.4247  acc 0.4368  val_loss 1.3489  val_acc 0.4282
2026-04-08 19:47:36    User11 accuracy: 0.3692
2026-04-08 19:47:36  ────────────────────────────────────────────────────────────
2026-04-08 19:47:36  LOSO fold — held-out: User12 (488 test windows, 4350 train windows)
2026-04-08 19:47:38    epoch   1  loss 1.9749  acc 0.2352  val_loss 1.7391  val_acc 0.2759
2026-04-08 19:47:39    epoch   2  loss 1.7486  acc 0.2943  val_loss 1.6739  val_acc 0.3011
2026-04-08 19:47:40    epoch   3  loss 1.6993  acc 0.2955  val_loss 1.6188  val_acc 0.3126
2026-04-08 19:47:41    epoch   4  loss 1.6597  acc 0.3019  val_loss 1.5723  val_acc 0.3425
2026-04-08 19:47:42    epoch   5  loss 1.6638  acc 0.3040  val_loss 1.5805  val_acc 0.3172
2026-04-08 19:47:43    epoch   6  loss 1.6288  acc 0.3211  val_loss 1.5788  val_acc 0.3103
2026-04-08 19:47:44    epoch   7  loss 1.6048  acc 0.3190  val_loss 1.5195  val_acc 0.3724
2026-04-08 19:47:45    epoch   8  loss 1.5987  acc 0.3211  val_loss 1.5215  val_acc 0.3241
2026-04-08 19:47:46    epoch   9  loss 1.5746  acc 0.3395  val_loss 1.4989  val_acc 0.3862
2026-04-08 19:47:47    epoch  10  loss 1.5673  acc 0.3300  val_loss 1.5322  val_acc 0.3379
2026-04-08 19:47:48    epoch  11  loss 1.5712  acc 0.3407  val_loss 1.4861  val_acc 0.3448
2026-04-08 19:47:49    epoch  12  loss 1.5703  acc 0.3425  val_loss 1.4845  val_acc 0.3563
2026-04-08 19:47:50    epoch  13  loss 1.5644  acc 0.3433  val_loss 1.4908  val_acc 0.3586
2026-04-08 19:47:51    epoch  14  loss 1.5609  acc 0.3484  val_loss 1.5589  val_acc 0.3402
2026-04-08 19:47:52    epoch  15  loss 1.5684  acc 0.3423  val_loss 1.5324  val_acc 0.3517
2026-04-08 19:47:53    epoch  16  loss 1.5647  acc 0.3456  val_loss 1.4867  val_acc 0.3494
2026-04-08 19:47:54    epoch  17  loss 1.5552  acc 0.3428  val_loss 1.4840  val_acc 0.3494
2026-04-08 19:47:55    epoch  18  loss 1.5566  acc 0.3563  val_loss 1.4905  val_acc 0.3816
2026-04-08 19:47:56    epoch  19  loss 1.5417  acc 0.3538  val_loss 1.4876  val_acc 0.3747
2026-04-08 19:47:57    epoch  20  loss 1.5460  acc 0.3494  val_loss 1.4784  val_acc 0.3494
2026-04-08 19:47:58    epoch  21  loss 1.5464  acc 0.3563  val_loss 1.4847  val_acc 0.3632
2026-04-08 19:47:59    epoch  22  loss 1.5277  acc 0.3622  val_loss 1.4796  val_acc 0.3977
2026-04-08 19:48:00    epoch  23  loss 1.5194  acc 0.3622  val_loss 1.4809  val_acc 0.3356
2026-04-08 19:48:01    epoch  24  loss 1.5519  acc 0.3497  val_loss 1.4719  val_acc 0.3816
2026-04-08 19:48:02    epoch  25  loss 1.5500  acc 0.3545  val_loss 1.4786  val_acc 0.3471
2026-04-08 19:48:03    epoch  26  loss 1.5172  acc 0.3640  val_loss 1.4856  val_acc 0.4000
2026-04-08 19:48:04    epoch  27  loss 1.5341  acc 0.3525  val_loss 1.5183  val_acc 0.3586
2026-04-08 19:48:05    epoch  28  loss 1.5307  acc 0.3599  val_loss 1.4656  val_acc 0.3793
2026-04-08 19:48:06    epoch  29  loss 1.5261  acc 0.3650  val_loss 1.5418  val_acc 0.3586
2026-04-08 19:48:07    epoch  30  loss 1.5096  acc 0.3706  val_loss 1.4776  val_acc 0.3724
2026-04-08 19:48:08    epoch  31  loss 1.5247  acc 0.3711  val_loss 1.4766  val_acc 0.3379
2026-04-08 19:48:09    epoch  32  loss 1.5139  acc 0.3678  val_loss 1.4704  val_acc 0.3770
2026-04-08 19:48:10    epoch  33  loss 1.5191  acc 0.3722  val_loss 1.4867  val_acc 0.3977
2026-04-08 19:48:11    epoch  34  loss 1.5009  acc 0.3709  val_loss 1.4439  val_acc 0.4046
2026-04-08 19:48:12    epoch  35  loss 1.4750  acc 0.3747  val_loss 1.4314  val_acc 0.4046
2026-04-08 19:48:13    epoch  36  loss 1.5022  acc 0.3877  val_loss 1.4321  val_acc 0.4207
2026-04-08 19:48:14    epoch  37  loss 1.4955  acc 0.3780  val_loss 1.4735  val_acc 0.3586
2026-04-08 19:48:15    epoch  38  loss 1.5033  acc 0.3742  val_loss 1.4440  val_acc 0.3885
2026-04-08 19:48:16    epoch  39  loss 1.4815  acc 0.3783  val_loss 1.4249  val_acc 0.4207
2026-04-08 19:48:17    epoch  40  loss 1.4897  acc 0.3834  val_loss 1.4266  val_acc 0.4000
2026-04-08 19:48:18    epoch  41  loss 1.4869  acc 0.3849  val_loss 1.4530  val_acc 0.4138
2026-04-08 19:48:19    epoch  42  loss 1.4820  acc 0.3785  val_loss 1.4513  val_acc 0.3816
2026-04-08 19:48:20    epoch  43  loss 1.4877  acc 0.3814  val_loss 1.4318  val_acc 0.3908
2026-04-08 19:48:21    epoch  44  loss 1.4877  acc 0.3768  val_loss 1.4416  val_acc 0.3885
2026-04-08 19:48:22    epoch  45  loss 1.4660  acc 0.3944  val_loss 1.4548  val_acc 0.3770
2026-04-08 19:48:23    epoch  46  loss 1.4598  acc 0.4005  val_loss 1.4247  val_acc 0.4046
2026-04-08 19:48:24    epoch  47  loss 1.4696  acc 0.3900  val_loss 1.4073  val_acc 0.4207
2026-04-08 19:48:25    epoch  48  loss 1.4609  acc 0.3949  val_loss 1.4120  val_acc 0.4069
2026-04-08 19:48:27    epoch  49  loss 1.4597  acc 0.3911  val_loss 1.4154  val_acc 0.4184
2026-04-08 19:48:28    epoch  50  loss 1.4534  acc 0.3982  val_loss 1.4367  val_acc 0.4184
2026-04-08 19:48:29    epoch  51  loss 1.4785  acc 0.3862  val_loss 1.4149  val_acc 0.4000
2026-04-08 19:48:30    epoch  52  loss 1.4544  acc 0.4003  val_loss 1.4199  val_acc 0.4092
2026-04-08 19:48:31    epoch  53  loss 1.4570  acc 0.4038  val_loss 1.4110  val_acc 0.4230
2026-04-08 19:48:32    epoch  54  loss 1.4672  acc 0.3985  val_loss 1.4098  val_acc 0.4368
2026-04-08 19:48:33    epoch  55  loss 1.4561  acc 0.3852  val_loss 1.4052  val_acc 0.4391
2026-04-08 19:48:34    epoch  56  loss 1.4396  acc 0.4120  val_loss 1.4078  val_acc 0.4023
2026-04-08 19:48:35    epoch  57  loss 1.4532  acc 0.4015  val_loss 1.4158  val_acc 0.4069
2026-04-08 19:48:36    epoch  58  loss 1.4648  acc 0.3913  val_loss 1.4037  val_acc 0.4299
2026-04-08 19:48:37    epoch  59  loss 1.4651  acc 0.3911  val_loss 1.4074  val_acc 0.4161
2026-04-08 19:48:38    epoch  60  loss 1.4443  acc 0.3954  val_loss 1.4078  val_acc 0.4184
2026-04-08 19:48:39    epoch  61  loss 1.4402  acc 0.4061  val_loss 1.4020  val_acc 0.4207
2026-04-08 19:48:40    epoch  62  loss 1.4529  acc 0.3928  val_loss 1.4044  val_acc 0.4276
2026-04-08 19:48:41    epoch  63  loss 1.4375  acc 0.4125  val_loss 1.4062  val_acc 0.4184
2026-04-08 19:48:42    epoch  64  loss 1.4343  acc 0.4082  val_loss 1.4085  val_acc 0.4184
2026-04-08 19:48:43    epoch  65  loss 1.4427  acc 0.3951  val_loss 1.4038  val_acc 0.4207
2026-04-08 19:48:44    epoch  66  loss 1.4489  acc 0.3995  val_loss 1.4231  val_acc 0.4184
2026-04-08 19:48:45    epoch  67  loss 1.4453  acc 0.4020  val_loss 1.3895  val_acc 0.4414
2026-04-08 19:48:46    epoch  68  loss 1.4668  acc 0.3977  val_loss 1.3981  val_acc 0.4299
2026-04-08 19:48:47    epoch  69  loss 1.4357  acc 0.3982  val_loss 1.4010  val_acc 0.4184
2026-04-08 19:48:48    epoch  70  loss 1.4532  acc 0.3995  val_loss 1.3919  val_acc 0.4552
2026-04-08 19:48:49    epoch  71  loss 1.4389  acc 0.4095  val_loss 1.4036  val_acc 0.4276
2026-04-08 19:48:50    epoch  72  loss 1.4484  acc 0.3997  val_loss 1.3896  val_acc 0.4506
2026-04-08 19:48:51    epoch  73  loss 1.4495  acc 0.3977  val_loss 1.3943  val_acc 0.4207
2026-04-08 19:48:52    epoch  74  loss 1.4404  acc 0.3962  val_loss 1.4081  val_acc 0.4207
2026-04-08 19:48:53    epoch  75  loss 1.4397  acc 0.4056  val_loss 1.3909  val_acc 0.4345
2026-04-08 19:48:53    Early stopping at epoch 75
2026-04-08 19:48:53    User12 accuracy: 0.3320
2026-04-08 19:48:53  Best model: /home/mahmudm2/codebase/ClassyGlass/scripts/benchmark/models/cnn_best_W400_S300.pth  (acc=0.4844)
2026-04-08 19:48:53  ============================================================
2026-04-08 19:48:53  LOSO SUMMARY
2026-04-08 19:48:53  ============================================================
2026-04-08 19:48:53    User1: 0.3502
2026-04-08 19:48:53    User2: 0.4055
2026-04-08 19:48:53    User3: 0.4844
2026-04-08 19:48:53    User4: 0.3358
2026-04-08 19:48:53    User5: 0.4113
2026-04-08 19:48:53    User6: 0.3475
2026-04-08 19:48:53    User7: 0.3850
2026-04-08 19:48:53    User8: 0.3814
2026-04-08 19:48:53    User9: 0.2839
2026-04-08 19:48:53    User10: 0.3435
2026-04-08 19:48:53    User11: 0.3692
2026-04-08 19:48:53    User12: 0.3320
2026-04-08 19:48:53    Mean accuracy : 0.3691
2026-04-08 19:48:53    Std  accuracy : 0.0483
2026-04-08 19:48:53  ============================================================
2026-04-08 19:48:53  CLASSIFICATION REPORT (all folds combined)
2026-04-08 19:48:53  ============================================================
2026-04-08 19:48:53  
                            precision    recall  f1-score   support

         Sitting – Reading       0.16      0.08      0.11       462
         Sitting – Writing       0.29      0.36      0.32       510
         Computer – Typing       0.29      0.15      0.20       508
       Computer – Browsing       0.33      0.50      0.40       518
Sitting – Moving head/body       0.25      0.33      0.29       448
    Sitting – Moving chair       0.32      0.21      0.25       509
     Stand up from sitting       0.36      0.57      0.44       605
                  Standing       0.13      0.02      0.03       339
                   Walking       0.51      0.68      0.58       402
                   Running       0.69      0.81      0.75       390
             Taking stairs       0.00      0.00      0.00       147

                  accuracy                           0.36      4838
                 macro avg       0.30      0.34      0.31      4838
              weighted avg       0.32      0.36      0.33      4838

2026-04-08 19:48:54  Confusion matrix saved to: /home/mahmudm2/codebase/ClassyGlass/scripts/benchmark/figures/cnn_confusion_matrix_W400_S300.png
2026-04-08 19:48:54  Per-subject accuracy chart saved to: /home/mahmudm2/codebase/ClassyGlass/scripts/benchmark/figures/cnn_per_subject_accuracy_W400_S300.png
2026-04-08 19:48:54  ============================================================
2026-04-08 19:48:54  cnn training complete
2026-04-08 19:48:54  ============================================================
