2026-04-08 19:42:20  ============================================================
2026-04-08 19:42:20  cnn  |  window=400  step=200
2026-04-08 19:42:20  Device  : cuda:4
2026-04-08 19:42:20  Flatten : True
2026-04-08 19:42:20  Log     : /home/mahmudm2/codebase/ClassyGlass/scripts/benchmark/logs/cnn_W400_S200.log
2026-04-08 19:42:20  Model   : /home/mahmudm2/codebase/ClassyGlass/scripts/benchmark/models/cnn_best_W400_S200.pth
2026-04-08 19:42:20  Figures : /home/mahmudm2/codebase/ClassyGlass/scripts/benchmark/figures
2026-04-08 19:42:20  ============================================================
2026-04-08 19:42:24  Loaded 7225 windows | window=400  step=200 | 129 experiments | 12 subjects | 0 experiments skipped
2026-04-08 19:42:24  ────────────────────────────────────────────────────────────
2026-04-08 19:42:24  LOSO fold — held-out: User1 (412 test windows, 6813 train windows)
2026-04-08 19:42:28    epoch   1  loss 1.8857  acc 0.2505  val_loss 1.6220  val_acc 0.3098
2026-04-08 19:42:30    epoch   2  loss 1.6932  acc 0.2852  val_loss 1.5953  val_acc 0.3216
2026-04-08 19:42:31    epoch   3  loss 1.6448  acc 0.3084  val_loss 1.5969  val_acc 0.3128
2026-04-08 19:42:33    epoch   4  loss 1.6407  acc 0.3141  val_loss 1.5352  val_acc 0.3510
2026-04-08 19:42:34    epoch   5  loss 1.5998  acc 0.3289  val_loss 1.5081  val_acc 0.3510
2026-04-08 19:42:36    epoch   6  loss 1.5808  acc 0.3258  val_loss 1.5665  val_acc 0.3289
2026-04-08 19:42:37    epoch   7  loss 1.5862  acc 0.3338  val_loss 1.5274  val_acc 0.3407
2026-04-08 19:42:39    epoch   8  loss 1.5645  acc 0.3335  val_loss 1.4846  val_acc 0.3862
2026-04-08 19:42:41    epoch   9  loss 1.5535  acc 0.3511  val_loss 1.5236  val_acc 0.3510
2026-04-08 19:42:42    epoch  10  loss 1.5618  acc 0.3492  val_loss 1.4879  val_acc 0.3612
2026-04-08 19:42:44    epoch  11  loss 1.5535  acc 0.3542  val_loss 1.4887  val_acc 0.3304
2026-04-08 19:42:46    epoch  12  loss 1.5444  acc 0.3503  val_loss 1.4918  val_acc 0.3730
2026-04-08 19:42:47    epoch  13  loss 1.5361  acc 0.3604  val_loss 1.5051  val_acc 0.3994
2026-04-08 19:42:49    epoch  14  loss 1.5230  acc 0.3544  val_loss 1.4959  val_acc 0.3612
2026-04-08 19:42:50    epoch  15  loss 1.5240  acc 0.3655  val_loss 1.4543  val_acc 0.4112
2026-04-08 19:42:52    epoch  16  loss 1.5275  acc 0.3575  val_loss 1.4714  val_acc 0.3965
2026-04-08 19:42:54    epoch  17  loss 1.5136  acc 0.3741  val_loss 1.4410  val_acc 0.3906
2026-04-08 19:42:55    epoch  18  loss 1.5146  acc 0.3686  val_loss 1.4785  val_acc 0.3583
2026-04-08 19:42:57    epoch  19  loss 1.5191  acc 0.3653  val_loss 1.4482  val_acc 0.3847
2026-04-08 19:42:58    epoch  20  loss 1.5145  acc 0.3687  val_loss 1.4968  val_acc 0.3789
2026-04-08 19:43:00    epoch  21  loss 1.5042  acc 0.3663  val_loss 1.4463  val_acc 0.3700
2026-04-08 19:43:02    epoch  22  loss 1.4896  acc 0.3818  val_loss 1.4347  val_acc 0.3847
2026-04-08 19:43:03    epoch  23  loss 1.5172  acc 0.3717  val_loss 1.4372  val_acc 0.4126
2026-04-08 19:43:05    epoch  24  loss 1.4951  acc 0.3770  val_loss 1.4537  val_acc 0.3803
2026-04-08 19:43:07    epoch  25  loss 1.5029  acc 0.3748  val_loss 1.4399  val_acc 0.4023
2026-04-08 19:43:08    epoch  26  loss 1.5019  acc 0.3707  val_loss 1.4365  val_acc 0.3906
2026-04-08 19:43:10    epoch  27  loss 1.4923  acc 0.3744  val_loss 1.5456  val_acc 0.3744
2026-04-08 19:43:12    epoch  28  loss 1.4708  acc 0.3806  val_loss 1.4126  val_acc 0.4023
2026-04-08 19:43:13    epoch  29  loss 1.4832  acc 0.3841  val_loss 1.4094  val_acc 0.4273
2026-04-08 19:43:15    epoch  30  loss 1.4801  acc 0.3922  val_loss 1.4234  val_acc 0.4038
2026-04-08 19:43:17    epoch  31  loss 1.4688  acc 0.3964  val_loss 1.4406  val_acc 0.3789
2026-04-08 19:43:18    epoch  32  loss 1.4739  acc 0.3898  val_loss 1.4210  val_acc 0.3950
2026-04-08 19:43:20    epoch  33  loss 1.4691  acc 0.3881  val_loss 1.4214  val_acc 0.4214
2026-04-08 19:43:21    epoch  34  loss 1.4608  acc 0.3933  val_loss 1.4037  val_acc 0.4258
2026-04-08 19:43:23    epoch  35  loss 1.4560  acc 0.3942  val_loss 1.4458  val_acc 0.3730
2026-04-08 19:43:25    epoch  36  loss 1.4674  acc 0.3917  val_loss 1.3920  val_acc 0.4523
2026-04-08 19:43:26    epoch  37  loss 1.4651  acc 0.3904  val_loss 1.3926  val_acc 0.4347
2026-04-08 19:43:28    epoch  38  loss 1.4544  acc 0.3945  val_loss 1.3920  val_acc 0.4141
2026-04-08 19:43:29    epoch  39  loss 1.4564  acc 0.4026  val_loss 1.4188  val_acc 0.3965
2026-04-08 19:43:31    epoch  40  loss 1.4470  acc 0.4026  val_loss 1.3787  val_acc 0.4596
2026-04-08 19:43:33    epoch  41  loss 1.4598  acc 0.3945  val_loss 1.4118  val_acc 0.4009
2026-04-08 19:43:34    epoch  42  loss 1.4444  acc 0.4035  val_loss 1.3906  val_acc 0.4391
2026-04-08 19:43:36    epoch  43  loss 1.4355  acc 0.4023  val_loss 1.3834  val_acc 0.4405
2026-04-08 19:43:37    epoch  44  loss 1.4444  acc 0.4022  val_loss 1.3661  val_acc 0.4361
2026-04-08 19:43:39    epoch  45  loss 1.4467  acc 0.4041  val_loss 1.3990  val_acc 0.3965
2026-04-08 19:43:41    epoch  46  loss 1.4343  acc 0.4087  val_loss 1.3869  val_acc 0.4185
2026-04-08 19:43:42    epoch  47  loss 1.4377  acc 0.4005  val_loss 1.4058  val_acc 0.4273
2026-04-08 19:43:44    epoch  48  loss 1.4364  acc 0.4030  val_loss 1.3853  val_acc 0.4508
2026-04-08 19:43:45    epoch  49  loss 1.4272  acc 0.4106  val_loss 1.3626  val_acc 0.4567
2026-04-08 19:43:47    epoch  50  loss 1.4413  acc 0.4142  val_loss 1.3809  val_acc 0.4405
2026-04-08 19:43:48    epoch  51  loss 1.4330  acc 0.4098  val_loss 1.3586  val_acc 0.4449
2026-04-08 19:43:50    epoch  52  loss 1.4272  acc 0.4185  val_loss 1.3882  val_acc 0.4523
2026-04-08 19:43:52    epoch  53  loss 1.4352  acc 0.4048  val_loss 1.3649  val_acc 0.4670
2026-04-08 19:43:53    epoch  54  loss 1.4220  acc 0.4178  val_loss 1.3917  val_acc 0.4229
2026-04-08 19:43:55    epoch  55  loss 1.4209  acc 0.4198  val_loss 1.3497  val_acc 0.4405
2026-04-08 19:43:56    epoch  56  loss 1.4093  acc 0.4229  val_loss 1.3656  val_acc 0.4361
2026-04-08 19:43:58    epoch  57  loss 1.4143  acc 0.4173  val_loss 1.3496  val_acc 0.4772
2026-04-08 19:44:00    epoch  58  loss 1.4024  acc 0.4106  val_loss 1.3390  val_acc 0.4596
2026-04-08 19:44:01    epoch  59  loss 1.4062  acc 0.4204  val_loss 1.3387  val_acc 0.4670
2026-04-08 19:44:03    epoch  60  loss 1.3984  acc 0.4222  val_loss 1.4355  val_acc 0.4258
2026-04-08 19:44:04    epoch  61  loss 1.4004  acc 0.4291  val_loss 1.3359  val_acc 0.4816
2026-04-08 19:44:06    epoch  62  loss 1.4007  acc 0.4193  val_loss 1.3359  val_acc 0.4479
2026-04-08 19:44:07    epoch  63  loss 1.4038  acc 0.4170  val_loss 1.3410  val_acc 0.4596
2026-04-08 19:44:09    epoch  64  loss 1.3973  acc 0.4243  val_loss 1.3510  val_acc 0.4523
2026-04-08 19:44:11    epoch  65  loss 1.3972  acc 0.4276  val_loss 1.3281  val_acc 0.4714
2026-04-08 19:44:12    epoch  66  loss 1.3949  acc 0.4291  val_loss 1.4092  val_acc 0.4053
2026-04-08 19:44:14    epoch  67  loss 1.3999  acc 0.4183  val_loss 1.3392  val_acc 0.4787
2026-04-08 19:44:15    epoch  68  loss 1.4041  acc 0.4287  val_loss 1.3726  val_acc 0.4464
2026-04-08 19:44:17    epoch  69  loss 1.3906  acc 0.4299  val_loss 1.3630  val_acc 0.4537
2026-04-08 19:44:19    epoch  70  loss 1.4026  acc 0.4281  val_loss 1.3701  val_acc 0.4420
2026-04-08 19:44:20    epoch  71  loss 1.4010  acc 0.4318  val_loss 1.3238  val_acc 0.4596
2026-04-08 19:44:22    epoch  72  loss 1.3868  acc 0.4366  val_loss 1.3175  val_acc 0.4684
2026-04-08 19:44:23    epoch  73  loss 1.3849  acc 0.4305  val_loss 1.3174  val_acc 0.4743
2026-04-08 19:44:25    epoch  74  loss 1.3756  acc 0.4374  val_loss 1.3180  val_acc 0.4831
2026-04-08 19:44:26    epoch  75  loss 1.3724  acc 0.4395  val_loss 1.3255  val_acc 0.4611
2026-04-08 19:44:28    epoch  76  loss 1.3889  acc 0.4302  val_loss 1.3075  val_acc 0.4493
2026-04-08 19:44:30    epoch  77  loss 1.3868  acc 0.4240  val_loss 1.3485  val_acc 0.4596
2026-04-08 19:44:31    epoch  78  loss 1.3878  acc 0.4281  val_loss 1.3072  val_acc 0.4714
2026-04-08 19:44:33    epoch  79  loss 1.3893  acc 0.4340  val_loss 1.3080  val_acc 0.4978
2026-04-08 19:44:34    epoch  80  loss 1.3767  acc 0.4375  val_loss 1.3055  val_acc 0.4802
2026-04-08 19:44:36    epoch  81  loss 1.3799  acc 0.4320  val_loss 1.2998  val_acc 0.4949
2026-04-08 19:44:37    epoch  82  loss 1.3743  acc 0.4393  val_loss 1.3444  val_acc 0.4567
2026-04-08 19:44:39    epoch  83  loss 1.3870  acc 0.4305  val_loss 1.3104  val_acc 0.4860
2026-04-08 19:44:41    epoch  84  loss 1.3755  acc 0.4320  val_loss 1.3144  val_acc 0.4581
2026-04-08 19:44:42    epoch  85  loss 1.3728  acc 0.4287  val_loss 1.3086  val_acc 0.4802
2026-04-08 19:44:44    epoch  86  loss 1.3651  acc 0.4400  val_loss 1.2915  val_acc 0.4743
2026-04-08 19:44:45    epoch  87  loss 1.3621  acc 0.4380  val_loss 1.3132  val_acc 0.4714
2026-04-08 19:44:47    epoch  88  loss 1.3659  acc 0.4388  val_loss 1.2987  val_acc 0.4787
2026-04-08 19:44:48    epoch  89  loss 1.3597  acc 0.4460  val_loss 1.2989  val_acc 0.4772
2026-04-08 19:44:50    epoch  90  loss 1.3637  acc 0.4408  val_loss 1.3297  val_acc 0.4596
2026-04-08 19:44:52    epoch  91  loss 1.3606  acc 0.4449  val_loss 1.3036  val_acc 0.4846
2026-04-08 19:44:53    epoch  92  loss 1.3645  acc 0.4384  val_loss 1.2895  val_acc 0.4670
2026-04-08 19:44:55    epoch  93  loss 1.3606  acc 0.4377  val_loss 1.2967  val_acc 0.4743
2026-04-08 19:44:56    epoch  94  loss 1.3503  acc 0.4463  val_loss 1.3132  val_acc 0.4699
2026-04-08 19:44:58    epoch  95  loss 1.3763  acc 0.4353  val_loss 1.2831  val_acc 0.4655
2026-04-08 19:44:59    epoch  96  loss 1.3485  acc 0.4463  val_loss 1.2936  val_acc 0.4655
2026-04-08 19:45:01    epoch  97  loss 1.3549  acc 0.4483  val_loss 1.2908  val_acc 0.4905
2026-04-08 19:45:03    epoch  98  loss 1.3527  acc 0.4478  val_loss 1.2983  val_acc 0.4934
2026-04-08 19:45:04    epoch  99  loss 1.3478  acc 0.4508  val_loss 1.2990  val_acc 0.4670
2026-04-08 19:45:06    epoch 100  loss 1.3543  acc 0.4424  val_loss 1.2844  val_acc 0.4860
2026-04-08 19:45:06    User1 accuracy: 0.2937
2026-04-08 19:45:06    ✓ New best model saved (User1 held out, acc=0.2937)
2026-04-08 19:45:07  ────────────────────────────────────────────────────────────
2026-04-08 19:45:07  LOSO fold — held-out: User2 (381 test windows, 6844 train windows)
2026-04-08 19:45:08    epoch   1  loss 1.9114  acc 0.2448  val_loss 1.6382  val_acc 0.3158
2026-04-08 19:45:10    epoch   2  loss 1.7340  acc 0.2872  val_loss 1.5509  val_acc 0.3348
2026-04-08 19:45:12    epoch   3  loss 1.6909  acc 0.2927  val_loss 1.5679  val_acc 0.3436
2026-04-08 19:45:13    epoch   4  loss 1.6602  acc 0.2997  val_loss 1.5243  val_acc 0.3538
2026-04-08 19:45:15    epoch   5  loss 1.6313  acc 0.3104  val_loss 1.4608  val_acc 0.3699
2026-04-08 19:45:16    epoch   6  loss 1.6340  acc 0.3179  val_loss 1.4726  val_acc 0.3553
2026-04-08 19:45:18    epoch   7  loss 1.6113  acc 0.3256  val_loss 1.4546  val_acc 0.3684
2026-04-08 19:45:20    epoch   8  loss 1.6177  acc 0.3167  val_loss 1.4527  val_acc 0.3933
2026-04-08 19:45:21    epoch   9  loss 1.5991  acc 0.3219  val_loss 1.4552  val_acc 0.3772
2026-04-08 19:45:23    epoch  10  loss 1.5886  acc 0.3377  val_loss 1.5479  val_acc 0.3684
2026-04-08 19:45:25    epoch  11  loss 1.5928  acc 0.3381  val_loss 1.4389  val_acc 0.3772
2026-04-08 19:45:26    epoch  12  loss 1.5809  acc 0.3364  val_loss 1.4715  val_acc 0.3509
2026-04-08 19:45:28    epoch  13  loss 1.5661  acc 0.3497  val_loss 1.4389  val_acc 0.3845
2026-04-08 19:45:30    epoch  14  loss 1.5926  acc 0.3385  val_loss 1.4244  val_acc 0.3874
2026-04-08 19:45:31    epoch  15  loss 1.5479  acc 0.3576  val_loss 1.4832  val_acc 0.3874
2026-04-08 19:45:33    epoch  16  loss 1.5649  acc 0.3463  val_loss 1.4584  val_acc 0.3947
2026-04-08 19:45:34    epoch  17  loss 1.5508  acc 0.3550  val_loss 1.4175  val_acc 0.3933
2026-04-08 19:45:36    epoch  18  loss 1.5551  acc 0.3615  val_loss 1.3936  val_acc 0.4196
2026-04-08 19:45:38    epoch  19  loss 1.5472  acc 0.3524  val_loss 1.3997  val_acc 0.4196
2026-04-08 19:45:39    epoch  20  loss 1.5336  acc 0.3636  val_loss 1.4876  val_acc 0.3889
2026-04-08 19:45:41    epoch  21  loss 1.5421  acc 0.3674  val_loss 1.4460  val_acc 0.4196
2026-04-08 19:45:43    epoch  22  loss 1.5337  acc 0.3631  val_loss 1.3788  val_acc 0.4240
2026-04-08 19:45:44    epoch  23  loss 1.5367  acc 0.3643  val_loss 1.4111  val_acc 0.4181
2026-04-08 19:45:46    epoch  24  loss 1.5325  acc 0.3630  val_loss 1.3816  val_acc 0.4167
2026-04-08 19:45:47    epoch  25  loss 1.5403  acc 0.3649  val_loss 1.4082  val_acc 0.4035
2026-04-08 19:45:49    epoch  26  loss 1.5306  acc 0.3638  val_loss 1.3837  val_acc 0.4327
2026-04-08 19:45:51    epoch  27  loss 1.5325  acc 0.3654  val_loss 1.4075  val_acc 0.3889
2026-04-08 19:45:52    epoch  28  loss 1.5168  acc 0.3795  val_loss 1.3748  val_acc 0.4167
2026-04-08 19:45:54    epoch  29  loss 1.5037  acc 0.3834  val_loss 1.3978  val_acc 0.4079
2026-04-08 19:45:55    epoch  30  loss 1.4987  acc 0.3821  val_loss 1.3823  val_acc 0.4342
2026-04-08 19:45:57    epoch  31  loss 1.5014  acc 0.3838  val_loss 1.4145  val_acc 0.4211
2026-04-08 19:45:59    epoch  32  loss 1.5024  acc 0.3718  val_loss 1.3681  val_acc 0.4196
2026-04-08 19:46:00    epoch  33  loss 1.5013  acc 0.3745  val_loss 1.3746  val_acc 0.4444
2026-04-08 19:46:02    epoch  34  loss 1.5173  acc 0.3735  val_loss 1.3820  val_acc 0.4181
2026-04-08 19:46:03    epoch  35  loss 1.4821  acc 0.3919  val_loss 1.3961  val_acc 0.4123
2026-04-08 19:46:05    epoch  36  loss 1.4934  acc 0.3859  val_loss 1.4326  val_acc 0.4094
2026-04-08 19:46:06    epoch  37  loss 1.4791  acc 0.3924  val_loss 1.3749  val_acc 0.4269
2026-04-08 19:46:08    epoch  38  loss 1.4838  acc 0.3932  val_loss 1.3586  val_acc 0.4430
2026-04-08 19:46:10    epoch  39  loss 1.4793  acc 0.3956  val_loss 1.3688  val_acc 0.4430
2026-04-08 19:46:11    epoch  40  loss 1.4720  acc 0.3959  val_loss 1.3673  val_acc 0.4459
2026-04-08 19:46:13    epoch  41  loss 1.4932  acc 0.3810  val_loss 1.3490  val_acc 0.4591
2026-04-08 19:46:14    epoch  42  loss 1.4772  acc 0.3976  val_loss 1.3492  val_acc 0.4605
2026-04-08 19:46:16    epoch  43  loss 1.4679  acc 0.3979  val_loss 1.3391  val_acc 0.4518
2026-04-08 19:46:18    epoch  44  loss 1.4799  acc 0.3977  val_loss 1.3631  val_acc 0.4401
2026-04-08 19:46:19    epoch  45  loss 1.4617  acc 0.3935  val_loss 1.3399  val_acc 0.4503
2026-04-08 19:46:21    epoch  46  loss 1.4718  acc 0.3961  val_loss 1.3558  val_acc 0.4459
2026-04-08 19:46:23    epoch  47  loss 1.4693  acc 0.3951  val_loss 1.3451  val_acc 0.4474
2026-04-08 19:46:24    epoch  48  loss 1.4630  acc 0.3968  val_loss 1.3390  val_acc 0.4561
2026-04-08 19:46:26    epoch  49  loss 1.4564  acc 0.4002  val_loss 1.3315  val_acc 0.4576
2026-04-08 19:46:27    epoch  50  loss 1.4682  acc 0.3985  val_loss 1.3294  val_acc 0.4591
2026-04-08 19:46:29    epoch  51  loss 1.4654  acc 0.4091  val_loss 1.3393  val_acc 0.4664
2026-04-08 19:46:31    epoch  52  loss 1.4673  acc 0.4049  val_loss 1.3349  val_acc 0.4459
2026-04-08 19:46:32    epoch  53  loss 1.4585  acc 0.4083  val_loss 1.3292  val_acc 0.4737
2026-04-08 19:46:34    epoch  54  loss 1.4566  acc 0.4031  val_loss 1.3293  val_acc 0.4488
2026-04-08 19:46:35    epoch  55  loss 1.4410  acc 0.4130  val_loss 1.3254  val_acc 0.4839
2026-04-08 19:46:37    epoch  56  loss 1.4494  acc 0.4081  val_loss 1.3243  val_acc 0.4722
2026-04-08 19:46:39    epoch  57  loss 1.4560  acc 0.4023  val_loss 1.3273  val_acc 0.4664
2026-04-08 19:46:40    epoch  58  loss 1.4657  acc 0.3981  val_loss 1.3490  val_acc 0.4678
2026-04-08 19:46:42    epoch  59  loss 1.4473  acc 0.4114  val_loss 1.3337  val_acc 0.4664
2026-04-08 19:46:43    epoch  60  loss 1.4385  acc 0.4070  val_loss 1.3337  val_acc 0.4576
2026-04-08 19:46:45    epoch  61  loss 1.4518  acc 0.4125  val_loss 1.3331  val_acc 0.4693
2026-04-08 19:46:47    epoch  62  loss 1.4443  acc 0.4106  val_loss 1.3263  val_acc 0.4708
2026-04-08 19:46:48    epoch  63  loss 1.4452  acc 0.4120  val_loss 1.3296  val_acc 0.4678
2026-04-08 19:46:50    epoch  64  loss 1.4479  acc 0.4112  val_loss 1.3246  val_acc 0.4635
2026-04-08 19:46:50    Early stopping at epoch 64
2026-04-08 19:46:50    User2 accuracy: 0.4436
2026-04-08 19:46:50    ✓ New best model saved (User2 held out, acc=0.4436)
2026-04-08 19:46:51  ────────────────────────────────────────────────────────────
2026-04-08 19:46:51  LOSO fold — held-out: User3 (379 test windows, 6846 train windows)
2026-04-08 19:46:52    epoch   1  loss 1.9064  acc 0.2428  val_loss 1.6794  val_acc 0.2982
2026-04-08 19:46:54    epoch   2  loss 1.7269  acc 0.2924  val_loss 1.6018  val_acc 0.3173
2026-04-08 19:46:55    epoch   3  loss 1.6763  acc 0.3049  val_loss 1.5531  val_acc 0.3304
2026-04-08 19:46:57    epoch   4  loss 1.6380  acc 0.3064  val_loss 1.6862  val_acc 0.2778
2026-04-08 19:46:59    epoch   5  loss 1.6369  acc 0.3143  val_loss 1.5537  val_acc 0.3319
2026-04-08 19:47:00    epoch   6  loss 1.6142  acc 0.3244  val_loss 1.5294  val_acc 0.3392
2026-04-08 19:47:02    epoch   7  loss 1.6049  acc 0.3275  val_loss 1.6052  val_acc 0.3363
2026-04-08 19:47:03    epoch   8  loss 1.6010  acc 0.3298  val_loss 1.5086  val_acc 0.3509
2026-04-08 19:47:05    epoch   9  loss 1.5830  acc 0.3376  val_loss 1.5040  val_acc 0.3582
2026-04-08 19:47:06    epoch  10  loss 1.5837  acc 0.3509  val_loss 1.4889  val_acc 0.3523
2026-04-08 19:47:08    epoch  11  loss 1.5797  acc 0.3481  val_loss 1.4956  val_acc 0.3699
2026-04-08 19:47:10    epoch  12  loss 1.5723  acc 0.3491  val_loss 1.5740  val_acc 0.3626
2026-04-08 19:47:11    epoch  13  loss 1.5806  acc 0.3471  val_loss 1.5344  val_acc 0.3377
2026-04-08 19:47:13    epoch  14  loss 1.5667  acc 0.3488  val_loss 1.4967  val_acc 0.3684
2026-04-08 19:47:14    epoch  15  loss 1.5591  acc 0.3575  val_loss 1.4988  val_acc 0.3582
2026-04-08 19:47:16    epoch  16  loss 1.5402  acc 0.3681  val_loss 1.4667  val_acc 0.3538
2026-04-08 19:47:18    epoch  17  loss 1.5296  acc 0.3708  val_loss 1.4673  val_acc 0.3991
2026-04-08 19:47:19    epoch  18  loss 1.5438  acc 0.3656  val_loss 1.4905  val_acc 0.3494
2026-04-08 19:47:21    epoch  19  loss 1.5380  acc 0.3561  val_loss 1.4947  val_acc 0.3743
2026-04-08 19:47:22    epoch  20  loss 1.5375  acc 0.3707  val_loss 1.4620  val_acc 0.3713
2026-04-08 19:47:24    epoch  21  loss 1.5411  acc 0.3638  val_loss 1.4787  val_acc 0.3728
2026-04-08 19:47:25    epoch  22  loss 1.5235  acc 0.3720  val_loss 1.4677  val_acc 0.3626
2026-04-08 19:47:27    epoch  23  loss 1.5234  acc 0.3609  val_loss 1.4550  val_acc 0.3830
2026-04-08 19:47:29    epoch  24  loss 1.5205  acc 0.3689  val_loss 1.4634  val_acc 0.3787
2026-04-08 19:47:30    epoch  25  loss 1.5240  acc 0.3616  val_loss 1.4604  val_acc 0.3626
2026-04-08 19:47:32    epoch  26  loss 1.5224  acc 0.3677  val_loss 1.4706  val_acc 0.3874
2026-04-08 19:47:33    epoch  27  loss 1.5078  acc 0.3752  val_loss 1.4519  val_acc 0.3728
2026-04-08 19:47:35    epoch  28  loss 1.5156  acc 0.3760  val_loss 1.4551  val_acc 0.3611
2026-04-08 19:47:37    epoch  29  loss 1.5204  acc 0.3619  val_loss 1.4539  val_acc 0.3728
2026-04-08 19:47:38    epoch  30  loss 1.5108  acc 0.3682  val_loss 1.4448  val_acc 0.3933
2026-04-08 19:47:40    epoch  31  loss 1.5208  acc 0.3674  val_loss 1.4682  val_acc 0.3801
2026-04-08 19:47:41    epoch  32  loss 1.5081  acc 0.3716  val_loss 1.4487  val_acc 0.3699
2026-04-08 19:47:43    epoch  33  loss 1.5109  acc 0.3695  val_loss 1.4474  val_acc 0.3670
2026-04-08 19:47:45    epoch  34  loss 1.4964  acc 0.3747  val_loss 1.4542  val_acc 0.3713
2026-04-08 19:47:46    epoch  35  loss 1.5106  acc 0.3749  val_loss 1.4427  val_acc 0.3787
2026-04-08 19:47:48    epoch  36  loss 1.4986  acc 0.3799  val_loss 1.4440  val_acc 0.3830
2026-04-08 19:47:49    epoch  37  loss 1.5046  acc 0.3776  val_loss 1.4363  val_acc 0.3889
2026-04-08 19:47:51    epoch  38  loss 1.4950  acc 0.3815  val_loss 1.5209  val_acc 0.3713
2026-04-08 19:47:53    epoch  39  loss 1.4914  acc 0.3736  val_loss 1.4428  val_acc 0.3787
2026-04-08 19:47:54    epoch  40  loss 1.4961  acc 0.3815  val_loss 1.4339  val_acc 0.4050
2026-04-08 19:47:56    epoch  41  loss 1.4874  acc 0.3762  val_loss 1.4402  val_acc 0.4020
2026-04-08 19:47:57    epoch  42  loss 1.5000  acc 0.3817  val_loss 1.4308  val_acc 0.4006
2026-04-08 19:47:59    epoch  43  loss 1.4908  acc 0.3942  val_loss 1.4306  val_acc 0.3801
2026-04-08 19:48:01    epoch  44  loss 1.4938  acc 0.3810  val_loss 1.4532  val_acc 0.3655
2026-04-08 19:48:02    epoch  45  loss 1.4989  acc 0.3747  val_loss 1.4739  val_acc 0.4050
2026-04-08 19:48:04    epoch  46  loss 1.4849  acc 0.3828  val_loss 1.4187  val_acc 0.4357
2026-04-08 19:48:05    epoch  47  loss 1.4829  acc 0.3858  val_loss 1.4328  val_acc 0.4196
2026-04-08 19:48:07    epoch  48  loss 1.4946  acc 0.3799  val_loss 1.4388  val_acc 0.3728
2026-04-08 19:48:08    epoch  49  loss 1.4776  acc 0.3898  val_loss 1.5003  val_acc 0.3480
2026-04-08 19:48:10    epoch  50  loss 1.4680  acc 0.3937  val_loss 1.4212  val_acc 0.4211
2026-04-08 19:48:12    epoch  51  loss 1.4829  acc 0.3890  val_loss 1.4433  val_acc 0.3816
2026-04-08 19:48:13    epoch  52  loss 1.4768  acc 0.3965  val_loss 1.4026  val_acc 0.4211
2026-04-08 19:48:15    epoch  53  loss 1.4588  acc 0.3958  val_loss 1.3992  val_acc 0.4313
2026-04-08 19:48:16    epoch  54  loss 1.4567  acc 0.4116  val_loss 1.4204  val_acc 0.3947
2026-04-08 19:48:18    epoch  55  loss 1.4571  acc 0.3935  val_loss 1.3932  val_acc 0.4225
2026-04-08 19:48:20    epoch  56  loss 1.4622  acc 0.3976  val_loss 1.4131  val_acc 0.4108
2026-04-08 19:48:21    epoch  57  loss 1.4632  acc 0.4038  val_loss 1.4589  val_acc 0.4064
2026-04-08 19:48:23    epoch  58  loss 1.4562  acc 0.4065  val_loss 1.4033  val_acc 0.4108
2026-04-08 19:48:24    epoch  59  loss 1.4475  acc 0.3969  val_loss 1.3889  val_acc 0.4327
2026-04-08 19:48:26    epoch  60  loss 1.4470  acc 0.4010  val_loss 1.4262  val_acc 0.4298
2026-04-08 19:48:27    epoch  61  loss 1.4581  acc 0.4093  val_loss 1.4072  val_acc 0.4181
2026-04-08 19:48:29    epoch  62  loss 1.4436  acc 0.4072  val_loss 1.3992  val_acc 0.4079
2026-04-08 19:48:31    epoch  63  loss 1.4558  acc 0.4094  val_loss 1.4171  val_acc 0.4254
2026-04-08 19:48:32    epoch  64  loss 1.4432  acc 0.4085  val_loss 1.3807  val_acc 0.4503
2026-04-08 19:48:34    epoch  65  loss 1.4577  acc 0.3940  val_loss 1.4103  val_acc 0.4298
2026-04-08 19:48:35    epoch  66  loss 1.4366  acc 0.4090  val_loss 1.3755  val_acc 0.4371
2026-04-08 19:48:37    epoch  67  loss 1.4331  acc 0.4156  val_loss 1.3794  val_acc 0.4459
2026-04-08 19:48:39    epoch  68  loss 1.4262  acc 0.4203  val_loss 1.3797  val_acc 0.4386
2026-04-08 19:48:40    epoch  69  loss 1.4479  acc 0.4104  val_loss 1.3743  val_acc 0.4342
2026-04-08 19:48:42    epoch  70  loss 1.4395  acc 0.4145  val_loss 1.3869  val_acc 0.4459
2026-04-08 19:48:43    epoch  71  loss 1.4435  acc 0.4051  val_loss 1.3920  val_acc 0.4342
2026-04-08 19:48:45    epoch  72  loss 1.4330  acc 0.4172  val_loss 1.3991  val_acc 0.4488
2026-04-08 19:48:47    epoch  73  loss 1.4260  acc 0.4062  val_loss 1.3848  val_acc 0.4605
2026-04-08 19:48:48    epoch  74  loss 1.4343  acc 0.4154  val_loss 1.4817  val_acc 0.3977
2026-04-08 19:48:50    epoch  75  loss 1.4154  acc 0.4198  val_loss 1.3719  val_acc 0.4503
2026-04-08 19:48:51    epoch  76  loss 1.4173  acc 0.4249  val_loss 1.3689  val_acc 0.4401
2026-04-08 19:48:53    epoch  77  loss 1.4307  acc 0.4153  val_loss 1.3832  val_acc 0.4401
2026-04-08 19:48:55    epoch  78  loss 1.4289  acc 0.4140  val_loss 1.3616  val_acc 0.4284
2026-04-08 19:48:56    epoch  79  loss 1.4371  acc 0.4210  val_loss 1.3577  val_acc 0.4444
2026-04-08 19:48:57    epoch  80  loss 1.4119  acc 0.4104  val_loss 1.3583  val_acc 0.4532
2026-04-08 19:48:59    epoch  81  loss 1.4114  acc 0.4216  val_loss 1.3497  val_acc 0.4561
2026-04-08 19:49:01    epoch  82  loss 1.4112  acc 0.4294  val_loss 1.3501  val_acc 0.4474
2026-04-08 19:49:02    epoch  83  loss 1.4206  acc 0.4210  val_loss 1.3460  val_acc 0.4503
2026-04-08 19:49:04    epoch  84  loss 1.4170  acc 0.4176  val_loss 1.3637  val_acc 0.4591
2026-04-08 19:49:05    epoch  85  loss 1.4162  acc 0.4257  val_loss 1.3509  val_acc 0.4488
2026-04-08 19:49:07    epoch  86  loss 1.4286  acc 0.4189  val_loss 1.3539  val_acc 0.4532
2026-04-08 19:49:09    epoch  87  loss 1.4067  acc 0.4182  val_loss 1.3467  val_acc 0.4781
2026-04-08 19:49:10    epoch  88  loss 1.4115  acc 0.4296  val_loss 1.3556  val_acc 0.4547
2026-04-08 19:49:12    epoch  89  loss 1.4009  acc 0.4241  val_loss 1.3464  val_acc 0.4649
2026-04-08 19:49:13    epoch  90  loss 1.3928  acc 0.4255  val_loss 1.3441  val_acc 0.4474
2026-04-08 19:49:15    epoch  91  loss 1.4024  acc 0.4346  val_loss 1.3411  val_acc 0.4605
2026-04-08 19:49:17    epoch  92  loss 1.3956  acc 0.4226  val_loss 1.3396  val_acc 0.4561
2026-04-08 19:49:18    epoch  93  loss 1.4041  acc 0.4340  val_loss 1.3346  val_acc 0.4722
2026-04-08 19:49:20    epoch  94  loss 1.4181  acc 0.4176  val_loss 1.3390  val_acc 0.4693
2026-04-08 19:49:21    epoch  95  loss 1.3936  acc 0.4320  val_loss 1.3400  val_acc 0.4664
2026-04-08 19:49:23    epoch  96  loss 1.3895  acc 0.4331  val_loss 1.3401  val_acc 0.4444
2026-04-08 19:49:25    epoch  97  loss 1.4040  acc 0.4283  val_loss 1.3342  val_acc 0.4620
2026-04-08 19:49:26    epoch  98  loss 1.4001  acc 0.4231  val_loss 1.3396  val_acc 0.4518
2026-04-08 19:49:28    epoch  99  loss 1.3995  acc 0.4263  val_loss 1.3392  val_acc 0.4547
2026-04-08 19:49:29    epoch 100  loss 1.4002  acc 0.4257  val_loss 1.3343  val_acc 0.4751
2026-04-08 19:49:29    User3 accuracy: 0.5119
2026-04-08 19:49:29    ✓ New best model saved (User3 held out, acc=0.5119)
2026-04-08 19:49:30  ────────────────────────────────────────────────────────────
2026-04-08 19:49:30  LOSO fold — held-out: User4 (401 test windows, 6824 train windows)
2026-04-08 19:49:32    epoch   1  loss 1.9098  acc 0.2538  val_loss 1.6436  val_acc 0.3211
2026-04-08 19:49:33    epoch   2  loss 1.7194  acc 0.2898  val_loss 1.5740  val_acc 0.3783
2026-04-08 19:49:35    epoch   3  loss 1.6926  acc 0.2901  val_loss 1.5492  val_acc 0.3490
2026-04-08 19:49:37    epoch   4  loss 1.6492  acc 0.3087  val_loss 1.5024  val_acc 0.3607
2026-04-08 19:49:38    epoch   5  loss 1.6364  acc 0.3172  val_loss 1.5075  val_acc 0.3754
2026-04-08 19:49:40    epoch   6  loss 1.6243  acc 0.3168  val_loss 1.4708  val_acc 0.3695
2026-04-08 19:49:41    epoch   7  loss 1.6162  acc 0.3260  val_loss 1.4810  val_acc 0.3812
2026-04-08 19:49:43    epoch   8  loss 1.5968  acc 0.3400  val_loss 1.5070  val_acc 0.3710
2026-04-08 19:49:45    epoch   9  loss 1.5893  acc 0.3354  val_loss 1.6120  val_acc 0.3739
2026-04-08 19:49:46    epoch  10  loss 1.5870  acc 0.3385  val_loss 1.4761  val_acc 0.4047
2026-04-08 19:49:48    epoch  11  loss 1.5793  acc 0.3390  val_loss 1.4583  val_acc 0.4047
2026-04-08 19:49:49    epoch  12  loss 1.5833  acc 0.3378  val_loss 1.4346  val_acc 0.3944
2026-04-08 19:49:51    epoch  13  loss 1.5834  acc 0.3372  val_loss 1.4478  val_acc 0.3812
2026-04-08 19:49:53    epoch  14  loss 1.5744  acc 0.3455  val_loss 1.4310  val_acc 0.3900
2026-04-08 19:49:54    epoch  15  loss 1.5714  acc 0.3465  val_loss 1.4288  val_acc 0.3754
2026-04-08 19:49:56    epoch  16  loss 1.5781  acc 0.3430  val_loss 1.4258  val_acc 0.4076
2026-04-08 19:49:57    epoch  17  loss 1.5671  acc 0.3492  val_loss 1.4485  val_acc 0.3974
2026-04-08 19:49:59    epoch  18  loss 1.5710  acc 0.3517  val_loss 1.4300  val_acc 0.4047
2026-04-08 19:50:00    epoch  19  loss 1.5600  acc 0.3595  val_loss 1.4469  val_acc 0.4208
2026-04-08 19:50:02    epoch  20  loss 1.5666  acc 0.3522  val_loss 1.4458  val_acc 0.4252
2026-04-08 19:50:04    epoch  21  loss 1.5582  acc 0.3577  val_loss 1.4107  val_acc 0.4018
2026-04-08 19:50:05    epoch  22  loss 1.5409  acc 0.3662  val_loss 1.4307  val_acc 0.3944
2026-04-08 19:50:07    epoch  23  loss 1.5364  acc 0.3639  val_loss 1.4285  val_acc 0.4311
2026-04-08 19:50:08    epoch  24  loss 1.5328  acc 0.3665  val_loss 1.4353  val_acc 0.4267
2026-04-08 19:50:10    epoch  25  loss 1.5348  acc 0.3631  val_loss 1.4043  val_acc 0.4047
2026-04-08 19:50:12    epoch  26  loss 1.5363  acc 0.3675  val_loss 1.3957  val_acc 0.4267
2026-04-08 19:50:13    epoch  27  loss 1.5307  acc 0.3658  val_loss 1.3812  val_acc 0.4208
2026-04-08 19:50:15    epoch  28  loss 1.5423  acc 0.3683  val_loss 1.3999  val_acc 0.4179
2026-04-08 19:50:16    epoch  29  loss 1.5324  acc 0.3683  val_loss 1.3978  val_acc 0.4282
2026-04-08 19:50:18    epoch  30  loss 1.5293  acc 0.3724  val_loss 1.3779  val_acc 0.4443
2026-04-08 19:50:19    epoch  31  loss 1.5075  acc 0.3779  val_loss 1.4444  val_acc 0.4238
2026-04-08 19:50:21    epoch  32  loss 1.5110  acc 0.3808  val_loss 1.4006  val_acc 0.4370
2026-04-08 19:50:23    epoch  33  loss 1.5235  acc 0.3678  val_loss 1.4864  val_acc 0.4399
2026-04-08 19:50:24    epoch  34  loss 1.5066  acc 0.3750  val_loss 1.3722  val_acc 0.4516
2026-04-08 19:50:26    epoch  35  loss 1.5258  acc 0.3678  val_loss 1.3709  val_acc 0.4326
2026-04-08 19:50:27    epoch  36  loss 1.4967  acc 0.3836  val_loss 1.3794  val_acc 0.4501
2026-04-08 19:50:29    epoch  37  loss 1.5022  acc 0.3867  val_loss 1.3914  val_acc 0.4413
2026-04-08 19:50:31    epoch  38  loss 1.4989  acc 0.3826  val_loss 1.4041  val_acc 0.4487
2026-04-08 19:50:32    epoch  39  loss 1.4962  acc 0.3807  val_loss 1.3662  val_acc 0.4428
2026-04-08 19:50:34    epoch  40  loss 1.4916  acc 0.3857  val_loss 1.3753  val_acc 0.4311
2026-04-08 19:50:35    epoch  41  loss 1.5052  acc 0.3878  val_loss 1.3691  val_acc 0.4575
2026-04-08 19:50:37    epoch  42  loss 1.4856  acc 0.3965  val_loss 1.3690  val_acc 0.4736
2026-04-08 19:50:38    epoch  43  loss 1.4906  acc 0.3885  val_loss 1.3342  val_acc 0.4736
2026-04-08 19:50:40    epoch  44  loss 1.4896  acc 0.3971  val_loss 1.3956  val_acc 0.4472
2026-04-08 19:50:42    epoch  45  loss 1.4857  acc 0.3943  val_loss 1.4064  val_acc 0.4150
2026-04-08 19:50:43    epoch  46  loss 1.4886  acc 0.3903  val_loss 1.3309  val_acc 0.4589
2026-04-08 19:50:45    epoch  47  loss 1.4813  acc 0.3942  val_loss 1.3602  val_acc 0.4340
2026-04-08 19:50:46    epoch  48  loss 1.4753  acc 0.3935  val_loss 1.3250  val_acc 0.4795
2026-04-08 19:50:48    epoch  49  loss 1.4634  acc 0.4067  val_loss 1.3334  val_acc 0.4663
2026-04-08 19:50:50    epoch  50  loss 1.4704  acc 0.3981  val_loss 1.3049  val_acc 0.4956
2026-04-08 19:50:51    epoch  51  loss 1.4612  acc 0.3979  val_loss 1.3293  val_acc 0.4751
2026-04-08 19:50:53    epoch  52  loss 1.4664  acc 0.4074  val_loss 1.4752  val_acc 0.4194
2026-04-08 19:50:54    epoch  53  loss 1.4564  acc 0.4109  val_loss 1.3485  val_acc 0.4721
2026-04-08 19:50:56    epoch  54  loss 1.4537  acc 0.4113  val_loss 1.3370  val_acc 0.4692
2026-04-08 19:50:57    epoch  55  loss 1.4549  acc 0.4046  val_loss 1.3116  val_acc 0.4809
2026-04-08 19:50:59    epoch  56  loss 1.4305  acc 0.4129  val_loss 1.3082  val_acc 0.4927
2026-04-08 19:51:01    epoch  57  loss 1.4283  acc 0.4175  val_loss 1.2803  val_acc 0.4985
2026-04-08 19:51:02    epoch  58  loss 1.4263  acc 0.4218  val_loss 1.2706  val_acc 0.5000
2026-04-08 19:51:04    epoch  59  loss 1.4249  acc 0.4183  val_loss 1.3029  val_acc 0.4941
2026-04-08 19:51:05    epoch  60  loss 1.4113  acc 0.4306  val_loss 1.3197  val_acc 0.4868
2026-04-08 19:51:07    epoch  61  loss 1.4183  acc 0.4298  val_loss 1.3100  val_acc 0.4751
2026-04-08 19:51:08    epoch  62  loss 1.4160  acc 0.4267  val_loss 1.3128  val_acc 0.4795
2026-04-08 19:51:10    epoch  63  loss 1.4132  acc 0.4315  val_loss 1.3182  val_acc 0.4765
2026-04-08 19:51:12    epoch  64  loss 1.4131  acc 0.4290  val_loss 1.2483  val_acc 0.5132
2026-04-08 19:51:13    epoch  65  loss 1.3866  acc 0.4367  val_loss 1.2526  val_acc 0.5220
2026-04-08 19:51:15    epoch  66  loss 1.3943  acc 0.4344  val_loss 1.2805  val_acc 0.5015
2026-04-08 19:51:16    epoch  67  loss 1.3948  acc 0.4332  val_loss 1.2628  val_acc 0.5161
2026-04-08 19:51:18    epoch  68  loss 1.3825  acc 0.4350  val_loss 1.2555  val_acc 0.5161
2026-04-08 19:51:19    epoch  69  loss 1.3852  acc 0.4368  val_loss 1.2962  val_acc 0.4985
2026-04-08 19:51:21    epoch  70  loss 1.3974  acc 0.4319  val_loss 1.2407  val_acc 0.5308
2026-04-08 19:51:23    epoch  71  loss 1.3789  acc 0.4388  val_loss 1.2345  val_acc 0.5249
2026-04-08 19:51:24    epoch  72  loss 1.3726  acc 0.4432  val_loss 1.2408  val_acc 0.5176
2026-04-08 19:51:26    epoch  73  loss 1.3768  acc 0.4459  val_loss 1.2462  val_acc 0.5235
2026-04-08 19:51:27    epoch  74  loss 1.3853  acc 0.4391  val_loss 1.2372  val_acc 0.5176
2026-04-08 19:51:29    epoch  75  loss 1.3846  acc 0.4389  val_loss 1.2297  val_acc 0.5279
2026-04-08 19:51:31    epoch  76  loss 1.3814  acc 0.4398  val_loss 1.2636  val_acc 0.5191
2026-04-08 19:51:32    epoch  77  loss 1.3637  acc 0.4453  val_loss 1.2422  val_acc 0.5088
2026-04-08 19:51:34    epoch  78  loss 1.3725  acc 0.4433  val_loss 1.2407  val_acc 0.5117
2026-04-08 19:51:35    epoch  79  loss 1.3773  acc 0.4422  val_loss 1.2263  val_acc 0.5308
2026-04-08 19:51:37    epoch  80  loss 1.3780  acc 0.4407  val_loss 1.2515  val_acc 0.5059
2026-04-08 19:51:38    epoch  81  loss 1.3789  acc 0.4414  val_loss 1.2335  val_acc 0.5264
2026-04-08 19:51:40    epoch  82  loss 1.3787  acc 0.4461  val_loss 1.2305  val_acc 0.5293
2026-04-08 19:51:41    epoch  83  loss 1.3721  acc 0.4424  val_loss 1.2363  val_acc 0.5205
2026-04-08 19:51:43    epoch  84  loss 1.3850  acc 0.4463  val_loss 1.2241  val_acc 0.5367
2026-04-08 19:51:45    epoch  85  loss 1.3714  acc 0.4385  val_loss 1.2378  val_acc 0.5161
2026-04-08 19:51:46    epoch  86  loss 1.3732  acc 0.4414  val_loss 1.2246  val_acc 0.5264
2026-04-08 19:51:48    epoch  87  loss 1.3641  acc 0.4464  val_loss 1.2315  val_acc 0.5161
2026-04-08 19:51:49    epoch  88  loss 1.3779  acc 0.4389  val_loss 1.2316  val_acc 0.5279
2026-04-08 19:51:51    epoch  89  loss 1.3744  acc 0.4482  val_loss 1.2326  val_acc 0.5249
2026-04-08 19:51:53    epoch  90  loss 1.3760  acc 0.4398  val_loss 1.2225  val_acc 0.5279
2026-04-08 19:51:54    epoch  91  loss 1.3597  acc 0.4466  val_loss 1.2193  val_acc 0.5367
2026-04-08 19:51:56    epoch  92  loss 1.3713  acc 0.4476  val_loss 1.2270  val_acc 0.5249
2026-04-08 19:51:57    epoch  93  loss 1.3585  acc 0.4406  val_loss 1.2172  val_acc 0.5279
2026-04-08 19:51:59    epoch  94  loss 1.3548  acc 0.4450  val_loss 1.2177  val_acc 0.5337
2026-04-08 19:52:01    epoch  95  loss 1.3758  acc 0.4471  val_loss 1.2215  val_acc 0.5264
2026-04-08 19:52:02    epoch  96  loss 1.3656  acc 0.4505  val_loss 1.2221  val_acc 0.5249
2026-04-08 19:52:04    epoch  97  loss 1.3596  acc 0.4420  val_loss 1.2187  val_acc 0.5293
2026-04-08 19:52:05    epoch  98  loss 1.3683  acc 0.4446  val_loss 1.2193  val_acc 0.5425
2026-04-08 19:52:07    epoch  99  loss 1.3635  acc 0.4442  val_loss 1.2190  val_acc 0.5279
2026-04-08 19:52:08    epoch 100  loss 1.3519  acc 0.4476  val_loss 1.2187  val_acc 0.5323
2026-04-08 19:52:09    User4 accuracy: 0.3890
2026-04-08 19:52:09  ────────────────────────────────────────────────────────────
2026-04-08 19:52:09  LOSO fold — held-out: User5 (396 test windows, 6829 train windows)
2026-04-08 19:52:11    epoch   1  loss 1.9096  acc 0.2496  val_loss 1.6383  val_acc 0.3211
2026-04-08 19:52:13    epoch   2  loss 1.7215  acc 0.2945  val_loss 1.6294  val_acc 0.3328
2026-04-08 19:52:14    epoch   3  loss 1.6702  acc 0.3076  val_loss 1.6376  val_acc 0.3109
2026-04-08 19:52:16    epoch   4  loss 1.6637  acc 0.3127  val_loss 1.5624  val_acc 0.3402
2026-04-08 19:52:17    epoch   5  loss 1.6368  acc 0.3138  val_loss 1.5421  val_acc 0.3460
2026-04-08 19:52:19    epoch   6  loss 1.6182  acc 0.3161  val_loss 1.5279  val_acc 0.3592
2026-04-08 19:52:21    epoch   7  loss 1.6202  acc 0.3187  val_loss 1.5498  val_acc 0.3358
2026-04-08 19:52:22    epoch   8  loss 1.6039  acc 0.3330  val_loss 1.5052  val_acc 0.3534
2026-04-08 19:52:24    epoch   9  loss 1.5818  acc 0.3325  val_loss 1.5025  val_acc 0.3548
2026-04-08 19:52:25    epoch  10  loss 1.5961  acc 0.3283  val_loss 1.4974  val_acc 0.3563
2026-04-08 19:52:27    epoch  11  loss 1.5834  acc 0.3402  val_loss 1.5089  val_acc 0.3358
2026-04-08 19:52:29    epoch  12  loss 1.5754  acc 0.3446  val_loss 1.5336  val_acc 0.3431
2026-04-08 19:52:30    epoch  13  loss 1.5899  acc 0.3385  val_loss 1.5048  val_acc 0.3724
2026-04-08 19:52:32    epoch  14  loss 1.5806  acc 0.3420  val_loss 1.4722  val_acc 0.3900
2026-04-08 19:52:33    epoch  15  loss 1.5635  acc 0.3472  val_loss 1.5020  val_acc 0.3446
2026-04-08 19:52:35    epoch  16  loss 1.5566  acc 0.3507  val_loss 1.5851  val_acc 0.3431
2026-04-08 19:52:36    epoch  17  loss 1.5672  acc 0.3574  val_loss 1.4907  val_acc 0.3724
2026-04-08 19:52:38    epoch  18  loss 1.5468  acc 0.3594  val_loss 1.4777  val_acc 0.3651
2026-04-08 19:52:40    epoch  19  loss 1.5567  acc 0.3532  val_loss 1.4796  val_acc 0.3666
2026-04-08 19:52:41    epoch  20  loss 1.5512  acc 0.3504  val_loss 1.4533  val_acc 0.3988
2026-04-08 19:52:43    epoch  21  loss 1.5297  acc 0.3699  val_loss 1.4311  val_acc 0.3944
2026-04-08 19:52:44    epoch  22  loss 1.5474  acc 0.3590  val_loss 1.4519  val_acc 0.3739
2026-04-08 19:52:46    epoch  23  loss 1.5264  acc 0.3639  val_loss 1.4873  val_acc 0.3886
2026-04-08 19:52:47    epoch  24  loss 1.5241  acc 0.3693  val_loss 1.4664  val_acc 0.3754
2026-04-08 19:52:49    epoch  25  loss 1.5269  acc 0.3636  val_loss 1.4316  val_acc 0.4032
2026-04-08 19:52:51    epoch  26  loss 1.4999  acc 0.3769  val_loss 1.4558  val_acc 0.3930
2026-04-08 19:52:52    epoch  27  loss 1.5062  acc 0.3755  val_loss 1.4277  val_acc 0.3900
2026-04-08 19:52:54    epoch  28  loss 1.5061  acc 0.3755  val_loss 1.4301  val_acc 0.3930
2026-04-08 19:52:55    epoch  29  loss 1.5068  acc 0.3690  val_loss 1.5028  val_acc 0.3651
2026-04-08 19:52:57    epoch  30  loss 1.5059  acc 0.3712  val_loss 1.4159  val_acc 0.3930
2026-04-08 19:52:58    epoch  31  loss 1.4946  acc 0.3763  val_loss 1.4698  val_acc 0.3710
2026-04-08 19:53:00    epoch  32  loss 1.4957  acc 0.3818  val_loss 1.4263  val_acc 0.4003
2026-04-08 19:53:02    epoch  33  loss 1.5112  acc 0.3797  val_loss 1.4189  val_acc 0.4120
2026-04-08 19:53:03    epoch  34  loss 1.4980  acc 0.3732  val_loss 1.4683  val_acc 0.3798
2026-04-08 19:53:05    epoch  35  loss 1.4985  acc 0.3764  val_loss 1.4154  val_acc 0.4018
2026-04-08 19:53:06    epoch  36  loss 1.4952  acc 0.3802  val_loss 1.4241  val_acc 0.3915
2026-04-08 19:53:08    epoch  37  loss 1.4979  acc 0.3786  val_loss 1.4185  val_acc 0.3871
2026-04-08 19:53:09    epoch  38  loss 1.4932  acc 0.3738  val_loss 1.4083  val_acc 0.4076
2026-04-08 19:53:11    epoch  39  loss 1.5058  acc 0.3826  val_loss 1.5236  val_acc 0.3446
2026-04-08 19:53:13    epoch  40  loss 1.4935  acc 0.3816  val_loss 1.4321  val_acc 0.3915
2026-04-08 19:53:14    epoch  41  loss 1.4990  acc 0.3786  val_loss 1.4163  val_acc 0.4164
2026-04-08 19:53:16    epoch  42  loss 1.4894  acc 0.3862  val_loss 1.4182  val_acc 0.3974
2026-04-08 19:53:17    epoch  43  loss 1.4843  acc 0.3886  val_loss 1.4112  val_acc 0.3974
2026-04-08 19:53:19    epoch  44  loss 1.4812  acc 0.3930  val_loss 1.4185  val_acc 0.3959
2026-04-08 19:53:20    epoch  45  loss 1.4844  acc 0.3917  val_loss 1.4077  val_acc 0.3988
2026-04-08 19:53:22    epoch  46  loss 1.4848  acc 0.3825  val_loss 1.4071  val_acc 0.4091
2026-04-08 19:53:24    epoch  47  loss 1.4845  acc 0.3903  val_loss 1.4162  val_acc 0.4120
2026-04-08 19:53:25    epoch  48  loss 1.4736  acc 0.3968  val_loss 1.4127  val_acc 0.3871
2026-04-08 19:53:27    epoch  49  loss 1.4659  acc 0.3833  val_loss 1.4959  val_acc 0.3636
2026-04-08 19:53:28    epoch  50  loss 1.4828  acc 0.3870  val_loss 1.4090  val_acc 0.3974
2026-04-08 19:53:30    epoch  51  loss 1.4819  acc 0.3810  val_loss 1.4270  val_acc 0.3798
2026-04-08 19:53:32    epoch  52  loss 1.4841  acc 0.3841  val_loss 1.4217  val_acc 0.3988
2026-04-08 19:53:33    epoch  53  loss 1.4669  acc 0.3939  val_loss 1.4061  val_acc 0.4003
2026-04-08 19:53:35    epoch  54  loss 1.4849  acc 0.3862  val_loss 1.4207  val_acc 0.3988
2026-04-08 19:53:36    epoch  55  loss 1.4669  acc 0.3919  val_loss 1.4056  val_acc 0.4062
2026-04-08 19:53:38    epoch  56  loss 1.4704  acc 0.3899  val_loss 1.4133  val_acc 0.3959
2026-04-08 19:53:40    epoch  57  loss 1.4808  acc 0.3924  val_loss 1.4239  val_acc 0.3959
2026-04-08 19:53:41    epoch  58  loss 1.4586  acc 0.3930  val_loss 1.4030  val_acc 0.4032
2026-04-08 19:53:43    epoch  59  loss 1.4620  acc 0.3869  val_loss 1.4033  val_acc 0.3974
2026-04-08 19:53:44    epoch  60  loss 1.4650  acc 0.3895  val_loss 1.4002  val_acc 0.4032
2026-04-08 19:53:46    epoch  61  loss 1.4666  acc 0.3932  val_loss 1.4224  val_acc 0.3944
2026-04-08 19:53:47    epoch  62  loss 1.4794  acc 0.3880  val_loss 1.4115  val_acc 0.4018
2026-04-08 19:53:49    epoch  63  loss 1.4802  acc 0.3869  val_loss 1.4057  val_acc 0.3930
2026-04-08 19:53:51    epoch  64  loss 1.4588  acc 0.3997  val_loss 1.4014  val_acc 0.4047
2026-04-08 19:53:52    epoch  65  loss 1.4619  acc 0.3947  val_loss 1.4033  val_acc 0.3930
2026-04-08 19:53:54    epoch  66  loss 1.4647  acc 0.3909  val_loss 1.4271  val_acc 0.3944
2026-04-08 19:53:55    epoch  67  loss 1.4707  acc 0.3922  val_loss 1.4056  val_acc 0.4076
2026-04-08 19:53:57    epoch  68  loss 1.4672  acc 0.3925  val_loss 1.3966  val_acc 0.4150
2026-04-08 19:53:59    epoch  69  loss 1.4775  acc 0.3862  val_loss 1.4052  val_acc 0.4062
2026-04-08 19:54:00    epoch  70  loss 1.4657  acc 0.3965  val_loss 1.3979  val_acc 0.4091
2026-04-08 19:54:02    epoch  71  loss 1.4806  acc 0.3891  val_loss 1.4002  val_acc 0.4194
2026-04-08 19:54:03    epoch  72  loss 1.4658  acc 0.3932  val_loss 1.3975  val_acc 0.4076
2026-04-08 19:54:05    epoch  73  loss 1.4645  acc 0.3927  val_loss 1.4069  val_acc 0.4076
2026-04-08 19:54:07    epoch  74  loss 1.4665  acc 0.3925  val_loss 1.3975  val_acc 0.4150
2026-04-08 19:54:08    epoch  75  loss 1.4645  acc 0.3945  val_loss 1.4105  val_acc 0.4106
2026-04-08 19:54:10    epoch  76  loss 1.4664  acc 0.3937  val_loss 1.4003  val_acc 0.4120
2026-04-08 19:54:10    Early stopping at epoch 76
2026-04-08 19:54:10    User5 accuracy: 0.4293
2026-04-08 19:54:11  ────────────────────────────────────────────────────────────
2026-04-08 19:54:11  LOSO fold — held-out: User6 (385 test windows, 6840 train windows)
2026-04-08 19:54:12    epoch   1  loss 1.9077  acc 0.2558  val_loss 1.6954  val_acc 0.2661
2026-04-08 19:54:14    epoch   2  loss 1.7172  acc 0.2947  val_loss 1.6390  val_acc 0.2778
2026-04-08 19:54:15    epoch   3  loss 1.6909  acc 0.2943  val_loss 1.6005  val_acc 0.3158
2026-04-08 19:54:17    epoch   4  loss 1.6629  acc 0.3171  val_loss 1.5818  val_acc 0.3099
2026-04-08 19:54:19    epoch   5  loss 1.6383  acc 0.3182  val_loss 1.5798  val_acc 0.3129
2026-04-08 19:54:20    epoch   6  loss 1.6197  acc 0.3263  val_loss 1.5817  val_acc 0.3041
2026-04-08 19:54:22    epoch   7  loss 1.6140  acc 0.3254  val_loss 1.5505  val_acc 0.3085
2026-04-08 19:54:23    epoch   8  loss 1.6024  acc 0.3221  val_loss 1.5519  val_acc 0.3348
2026-04-08 19:54:25    epoch   9  loss 1.5974  acc 0.3335  val_loss 1.5360  val_acc 0.3333
2026-04-08 19:54:27    epoch  10  loss 1.5824  acc 0.3385  val_loss 1.5488  val_acc 0.3304
2026-04-08 19:54:28    epoch  11  loss 1.5866  acc 0.3431  val_loss 1.5444  val_acc 0.3216
2026-04-08 19:54:30    epoch  12  loss 1.5871  acc 0.3387  val_loss 1.5531  val_acc 0.3377
2026-04-08 19:54:31    epoch  13  loss 1.5846  acc 0.3418  val_loss 1.5700  val_acc 0.3143
2026-04-08 19:54:33    epoch  14  loss 1.5712  acc 0.3320  val_loss 1.5496  val_acc 0.3304
2026-04-08 19:54:35    epoch  15  loss 1.5797  acc 0.3497  val_loss 1.5216  val_acc 0.3450
2026-04-08 19:54:36    epoch  16  loss 1.5570  acc 0.3398  val_loss 1.5407  val_acc 0.3480
2026-04-08 19:54:38    epoch  17  loss 1.5370  acc 0.3585  val_loss 1.5016  val_acc 0.3582
2026-04-08 19:54:39    epoch  18  loss 1.5554  acc 0.3540  val_loss 1.5155  val_acc 0.3523
2026-04-08 19:54:41    epoch  19  loss 1.5470  acc 0.3504  val_loss 1.5200  val_acc 0.3582
2026-04-08 19:54:42    epoch  20  loss 1.5288  acc 0.3590  val_loss 1.5092  val_acc 0.3363
2026-04-08 19:54:44    epoch  21  loss 1.5484  acc 0.3527  val_loss 1.5525  val_acc 0.3553
2026-04-08 19:54:46    epoch  22  loss 1.5368  acc 0.3562  val_loss 1.5312  val_acc 0.3392
2026-04-08 19:54:47    epoch  23  loss 1.5361  acc 0.3561  val_loss 1.4953  val_acc 0.3626
2026-04-08 19:54:49    epoch  24  loss 1.5242  acc 0.3668  val_loss 1.4907  val_acc 0.3480
2026-04-08 19:54:50    epoch  25  loss 1.5338  acc 0.3569  val_loss 1.4959  val_acc 0.3494
2026-04-08 19:54:52    epoch  26  loss 1.5160  acc 0.3658  val_loss 1.5024  val_acc 0.3538
2026-04-08 19:54:54    epoch  27  loss 1.5334  acc 0.3637  val_loss 1.4914  val_acc 0.3523
2026-04-08 19:54:55    epoch  28  loss 1.5109  acc 0.3739  val_loss 1.4925  val_acc 0.3553
2026-04-08 19:54:57    epoch  29  loss 1.5229  acc 0.3613  val_loss 1.4840  val_acc 0.3494
2026-04-08 19:54:58    epoch  30  loss 1.5278  acc 0.3686  val_loss 1.4837  val_acc 0.3596
2026-04-08 19:55:00    epoch  31  loss 1.5274  acc 0.3653  val_loss 1.4885  val_acc 0.3655
2026-04-08 19:55:02    epoch  32  loss 1.5112  acc 0.3735  val_loss 1.5006  val_acc 0.3567
2026-04-08 19:55:03    epoch  33  loss 1.5124  acc 0.3713  val_loss 1.4848  val_acc 0.3509
2026-04-08 19:55:05    epoch  34  loss 1.5153  acc 0.3757  val_loss 1.4896  val_acc 0.3640
2026-04-08 19:55:06    epoch  35  loss 1.5125  acc 0.3800  val_loss 1.4841  val_acc 0.3801
2026-04-08 19:55:08    epoch  36  loss 1.5213  acc 0.3621  val_loss 1.4786  val_acc 0.3684
2026-04-08 19:55:10    epoch  37  loss 1.5291  acc 0.3650  val_loss 1.4753  val_acc 0.3684
2026-04-08 19:55:11    epoch  38  loss 1.5063  acc 0.3741  val_loss 1.4777  val_acc 0.3655
2026-04-08 19:55:13    epoch  39  loss 1.5040  acc 0.3764  val_loss 1.4750  val_acc 0.3845
2026-04-08 19:55:15    epoch  40  loss 1.4901  acc 0.3800  val_loss 1.4747  val_acc 0.3699
2026-04-08 19:55:16    epoch  41  loss 1.4935  acc 0.3756  val_loss 1.4779  val_acc 0.3567
2026-04-08 19:55:18    epoch  42  loss 1.5001  acc 0.3821  val_loss 1.4723  val_acc 0.3787
2026-04-08 19:55:19    epoch  43  loss 1.5013  acc 0.3761  val_loss 1.4742  val_acc 0.3567
2026-04-08 19:55:21    epoch  44  loss 1.4989  acc 0.3756  val_loss 1.4760  val_acc 0.3640
2026-04-08 19:55:23    epoch  45  loss 1.5052  acc 0.3798  val_loss 1.4848  val_acc 0.3713
2026-04-08 19:55:24    epoch  46  loss 1.4983  acc 0.3783  val_loss 1.4681  val_acc 0.3684
2026-04-08 19:55:26    epoch  47  loss 1.5011  acc 0.3783  val_loss 1.4810  val_acc 0.3655
2026-04-08 19:55:27    epoch  48  loss 1.4968  acc 0.3806  val_loss 1.4730  val_acc 0.3728
2026-04-08 19:55:29    epoch  49  loss 1.4937  acc 0.3832  val_loss 1.4703  val_acc 0.3611
2026-04-08 19:55:30    epoch  50  loss 1.4922  acc 0.3845  val_loss 1.4741  val_acc 0.3640
2026-04-08 19:55:32    epoch  51  loss 1.4979  acc 0.3785  val_loss 1.4663  val_acc 0.3743
2026-04-08 19:55:33    epoch  52  loss 1.4843  acc 0.3842  val_loss 1.4682  val_acc 0.3830
2026-04-08 19:55:35    epoch  53  loss 1.4928  acc 0.3816  val_loss 1.4652  val_acc 0.3801
2026-04-08 19:55:37    epoch  54  loss 1.5003  acc 0.3853  val_loss 1.4655  val_acc 0.3611
2026-04-08 19:55:38    epoch  55  loss 1.4928  acc 0.3873  val_loss 1.4707  val_acc 0.3787
2026-04-08 19:55:40    epoch  56  loss 1.4949  acc 0.3816  val_loss 1.4683  val_acc 0.3845
2026-04-08 19:55:41    epoch  57  loss 1.5014  acc 0.3806  val_loss 1.4702  val_acc 0.3655
2026-04-08 19:55:43    epoch  58  loss 1.4953  acc 0.3801  val_loss 1.4670  val_acc 0.3816
2026-04-08 19:55:44    epoch  59  loss 1.4914  acc 0.3839  val_loss 1.4616  val_acc 0.3889
2026-04-08 19:55:46    epoch  60  loss 1.4957  acc 0.3852  val_loss 1.4657  val_acc 0.3655
2026-04-08 19:55:47    epoch  61  loss 1.4942  acc 0.3826  val_loss 1.4650  val_acc 0.3772
2026-04-08 19:55:49    epoch  62  loss 1.4778  acc 0.3933  val_loss 1.4653  val_acc 0.3713
2026-04-08 19:55:50    epoch  63  loss 1.4817  acc 0.3894  val_loss 1.4637  val_acc 0.3743
2026-04-08 19:55:52    epoch  64  loss 1.4853  acc 0.3835  val_loss 1.4663  val_acc 0.3757
2026-04-08 19:55:54    epoch  65  loss 1.4780  acc 0.3809  val_loss 1.4795  val_acc 0.3728
2026-04-08 19:55:55    epoch  66  loss 1.4837  acc 0.3874  val_loss 1.4601  val_acc 0.3772
2026-04-08 19:55:57    epoch  67  loss 1.5003  acc 0.3834  val_loss 1.4738  val_acc 0.3699
2026-04-08 19:55:58    epoch  68  loss 1.4697  acc 0.3884  val_loss 1.4619  val_acc 0.3772
2026-04-08 19:56:00    epoch  69  loss 1.4863  acc 0.3900  val_loss 1.4607  val_acc 0.3743
2026-04-08 19:56:01    epoch  70  loss 1.4950  acc 0.3806  val_loss 1.4663  val_acc 0.3801
2026-04-08 19:56:03    epoch  71  loss 1.4883  acc 0.3800  val_loss 1.4630  val_acc 0.3787
2026-04-08 19:56:05    epoch  72  loss 1.4813  acc 0.3855  val_loss 1.4593  val_acc 0.3816
2026-04-08 19:56:06    epoch  73  loss 1.4788  acc 0.3852  val_loss 1.4607  val_acc 0.3743
2026-04-08 19:56:08    epoch  74  loss 1.4851  acc 0.3803  val_loss 1.4600  val_acc 0.3787
2026-04-08 19:56:09    epoch  75  loss 1.4878  acc 0.3796  val_loss 1.4622  val_acc 0.3728
2026-04-08 19:56:11    epoch  76  loss 1.4944  acc 0.3814  val_loss 1.4660  val_acc 0.3830
2026-04-08 19:56:12    epoch  77  loss 1.4857  acc 0.3843  val_loss 1.4601  val_acc 0.3713
2026-04-08 19:56:14    epoch  78  loss 1.4776  acc 0.3876  val_loss 1.4589  val_acc 0.3787
2026-04-08 19:56:16    epoch  79  loss 1.4775  acc 0.3899  val_loss 1.4593  val_acc 0.3772
2026-04-08 19:56:17    epoch  80  loss 1.4760  acc 0.3842  val_loss 1.4619  val_acc 0.3801
2026-04-08 19:56:19    epoch  81  loss 1.4833  acc 0.3829  val_loss 1.4668  val_acc 0.3830
2026-04-08 19:56:20    epoch  82  loss 1.4776  acc 0.3852  val_loss 1.4695  val_acc 0.3728
2026-04-08 19:56:22    epoch  83  loss 1.4834  acc 0.3827  val_loss 1.4605  val_acc 0.3830
2026-04-08 19:56:24    epoch  84  loss 1.4844  acc 0.3960  val_loss 1.4598  val_acc 0.3860
2026-04-08 19:56:25    epoch  85  loss 1.4762  acc 0.3861  val_loss 1.4599  val_acc 0.3787
2026-04-08 19:56:27    epoch  86  loss 1.4814  acc 0.3869  val_loss 1.4593  val_acc 0.3860
2026-04-08 19:56:27    Early stopping at epoch 86
2026-04-08 19:56:27    User6 accuracy: 0.3688
2026-04-08 19:56:28  ────────────────────────────────────────────────────────────
2026-04-08 19:56:28  LOSO fold — held-out: User7 (841 test windows, 6384 train windows)
2026-04-08 19:56:29    epoch   1  loss 1.9232  acc 0.2428  val_loss 1.6449  val_acc 0.3041
2026-04-08 19:56:31    epoch   2  loss 1.7289  acc 0.2929  val_loss 1.5872  val_acc 0.3307
2026-04-08 19:56:32    epoch   3  loss 1.6884  acc 0.2992  val_loss 1.5402  val_acc 0.3433
2026-04-08 19:56:34    epoch   4  loss 1.6460  acc 0.3096  val_loss 1.5323  val_acc 0.3292
2026-04-08 19:56:35    epoch   5  loss 1.6429  acc 0.3148  val_loss 1.5025  val_acc 0.3401
2026-04-08 19:56:36    epoch   6  loss 1.6128  acc 0.3152  val_loss 1.5503  val_acc 0.3197
2026-04-08 19:56:38    epoch   7  loss 1.5996  acc 0.3274  val_loss 1.5231  val_acc 0.3386
2026-04-08 19:56:39    epoch   8  loss 1.5979  acc 0.3230  val_loss 1.4843  val_acc 0.3464
2026-04-08 19:56:41    epoch   9  loss 1.5902  acc 0.3348  val_loss 1.4772  val_acc 0.3401
2026-04-08 19:56:42    epoch  10  loss 1.5733  acc 0.3434  val_loss 1.4940  val_acc 0.3511
2026-04-08 19:56:44    epoch  11  loss 1.5794  acc 0.3378  val_loss 1.4839  val_acc 0.3621
2026-04-08 19:56:45    epoch  12  loss 1.5635  acc 0.3362  val_loss 1.5064  val_acc 0.3527
2026-04-08 19:56:47    epoch  13  loss 1.5669  acc 0.3444  val_loss 1.4673  val_acc 0.3887
2026-04-08 19:56:48    epoch  14  loss 1.5564  acc 0.3458  val_loss 1.4727  val_acc 0.3746
2026-04-08 19:56:50    epoch  15  loss 1.5508  acc 0.3482  val_loss 1.4766  val_acc 0.3480
2026-04-08 19:56:51    epoch  16  loss 1.5496  acc 0.3477  val_loss 1.4902  val_acc 0.3793
2026-04-08 19:56:53    epoch  17  loss 1.5449  acc 0.3479  val_loss 1.4602  val_acc 0.3746
2026-04-08 19:56:54    epoch  18  loss 1.5407  acc 0.3470  val_loss 1.4314  val_acc 0.3824
2026-04-08 19:56:56    epoch  19  loss 1.5425  acc 0.3543  val_loss 1.6457  val_acc 0.3307
2026-04-08 19:56:57    epoch  20  loss 1.5437  acc 0.3552  val_loss 1.4388  val_acc 0.3871
2026-04-08 19:56:59    epoch  21  loss 1.5410  acc 0.3670  val_loss 1.4359  val_acc 0.3997
2026-04-08 19:57:00    epoch  22  loss 1.5378  acc 0.3648  val_loss 1.4499  val_acc 0.3997
2026-04-08 19:57:02    epoch  23  loss 1.5448  acc 0.3585  val_loss 1.4413  val_acc 0.3730
2026-04-08 19:57:03    epoch  24  loss 1.5099  acc 0.3756  val_loss 1.4237  val_acc 0.3966
2026-04-08 19:57:05    epoch  25  loss 1.5218  acc 0.3684  val_loss 1.4297  val_acc 0.3934
2026-04-08 19:57:06    epoch  26  loss 1.4919  acc 0.3853  val_loss 1.4444  val_acc 0.3824
2026-04-08 19:57:08    epoch  27  loss 1.5024  acc 0.3712  val_loss 1.4558  val_acc 0.3840
2026-04-08 19:57:09    epoch  28  loss 1.5069  acc 0.3749  val_loss 1.4146  val_acc 0.4185
2026-04-08 19:57:11    epoch  29  loss 1.4933  acc 0.3829  val_loss 1.4107  val_acc 0.4107
2026-04-08 19:57:12    epoch  30  loss 1.5105  acc 0.3764  val_loss 1.4210  val_acc 0.4028
2026-04-08 19:57:14    epoch  31  loss 1.4861  acc 0.3834  val_loss 1.3971  val_acc 0.4404
2026-04-08 19:57:15    epoch  32  loss 1.4848  acc 0.3822  val_loss 1.4481  val_acc 0.4060
2026-04-08 19:57:17    epoch  33  loss 1.4856  acc 0.3865  val_loss 1.4385  val_acc 0.4279
2026-04-08 19:57:18    epoch  34  loss 1.4730  acc 0.3914  val_loss 1.3811  val_acc 0.4326
2026-04-08 19:57:20    epoch  35  loss 1.4938  acc 0.3843  val_loss 1.4126  val_acc 0.4216
2026-04-08 19:57:21    epoch  36  loss 1.4836  acc 0.3883  val_loss 1.3862  val_acc 0.4169
2026-04-08 19:57:23    epoch  37  loss 1.4743  acc 0.3959  val_loss 1.4111  val_acc 0.3950
2026-04-08 19:57:24    epoch  38  loss 1.4765  acc 0.4003  val_loss 1.3735  val_acc 0.4498
2026-04-08 19:57:26    epoch  39  loss 1.4719  acc 0.3869  val_loss 1.4565  val_acc 0.3840
2026-04-08 19:57:27    epoch  40  loss 1.4649  acc 0.3982  val_loss 1.3967  val_acc 0.4451
2026-04-08 19:57:29    epoch  41  loss 1.4749  acc 0.3961  val_loss 1.4067  val_acc 0.4185
2026-04-08 19:57:30    epoch  42  loss 1.4629  acc 0.3958  val_loss 1.3866  val_acc 0.4373
2026-04-08 19:57:31    epoch  43  loss 1.4588  acc 0.3954  val_loss 1.4449  val_acc 0.3762
2026-04-08 19:57:33    epoch  44  loss 1.4502  acc 0.4001  val_loss 1.3554  val_acc 0.4451
2026-04-08 19:57:34    epoch  45  loss 1.4369  acc 0.4085  val_loss 1.3620  val_acc 0.4483
2026-04-08 19:57:36    epoch  46  loss 1.4485  acc 0.3994  val_loss 1.3577  val_acc 0.4357
2026-04-08 19:57:37    epoch  47  loss 1.4502  acc 0.4154  val_loss 1.3695  val_acc 0.4326
2026-04-08 19:57:39    epoch  48  loss 1.4258  acc 0.4121  val_loss 1.3461  val_acc 0.4498
2026-04-08 19:57:40    epoch  49  loss 1.4422  acc 0.4069  val_loss 1.3634  val_acc 0.4342
2026-04-08 19:57:42    epoch  50  loss 1.4264  acc 0.4151  val_loss 1.3828  val_acc 0.4232
2026-04-08 19:57:43    epoch  51  loss 1.4299  acc 0.4116  val_loss 1.3646  val_acc 0.4248
2026-04-08 19:57:45    epoch  52  loss 1.4154  acc 0.4104  val_loss 1.3447  val_acc 0.4545
2026-04-08 19:57:46    epoch  53  loss 1.4249  acc 0.4133  val_loss 1.3676  val_acc 0.4185
2026-04-08 19:57:48    epoch  54  loss 1.4266  acc 0.4105  val_loss 1.3400  val_acc 0.4389
2026-04-08 19:57:49    epoch  55  loss 1.4194  acc 0.4219  val_loss 1.3445  val_acc 0.4514
2026-04-08 19:57:51    epoch  56  loss 1.4209  acc 0.4128  val_loss 1.3706  val_acc 0.4279
2026-04-08 19:57:52    epoch  57  loss 1.4244  acc 0.4168  val_loss 1.3811  val_acc 0.4436
2026-04-08 19:57:54    epoch  58  loss 1.4298  acc 0.4088  val_loss 1.3368  val_acc 0.4498
2026-04-08 19:57:55    epoch  59  loss 1.4019  acc 0.4255  val_loss 1.3397  val_acc 0.4592
2026-04-08 19:57:57    epoch  60  loss 1.4203  acc 0.4132  val_loss 1.3329  val_acc 0.4467
2026-04-08 19:57:58    epoch  61  loss 1.4067  acc 0.4276  val_loss 1.3320  val_acc 0.4514
2026-04-08 19:58:00    epoch  62  loss 1.4102  acc 0.4276  val_loss 1.3318  val_acc 0.4436
2026-04-08 19:58:01    epoch  63  loss 1.4025  acc 0.4224  val_loss 1.3173  val_acc 0.4655
2026-04-08 19:58:03    epoch  64  loss 1.4001  acc 0.4269  val_loss 1.3543  val_acc 0.4483
2026-04-08 19:58:04    epoch  65  loss 1.3954  acc 0.4354  val_loss 1.3167  val_acc 0.4624
2026-04-08 19:58:06    epoch  66  loss 1.4058  acc 0.4269  val_loss 1.4161  val_acc 0.4389
2026-04-08 19:58:07    epoch  67  loss 1.4019  acc 0.4255  val_loss 1.3401  val_acc 0.4451
2026-04-08 19:58:09    epoch  68  loss 1.3822  acc 0.4356  val_loss 1.4112  val_acc 0.4295
2026-04-08 19:58:10    epoch  69  loss 1.4009  acc 0.4320  val_loss 1.3223  val_acc 0.4624
2026-04-08 19:58:12    epoch  70  loss 1.3944  acc 0.4252  val_loss 1.3500  val_acc 0.4436
2026-04-08 19:58:13    epoch  71  loss 1.3850  acc 0.4391  val_loss 1.3135  val_acc 0.4639
2026-04-08 19:58:15    epoch  72  loss 1.3956  acc 0.4370  val_loss 1.3163  val_acc 0.4765
2026-04-08 19:58:16    epoch  73  loss 1.3858  acc 0.4372  val_loss 1.3108  val_acc 0.4624
2026-04-08 19:58:17    epoch  74  loss 1.3936  acc 0.4273  val_loss 1.3017  val_acc 0.4687
2026-04-08 19:58:19    epoch  75  loss 1.3850  acc 0.4400  val_loss 1.3178  val_acc 0.4530
2026-04-08 19:58:20    epoch  76  loss 1.3840  acc 0.4443  val_loss 1.3033  val_acc 0.4687
2026-04-08 19:58:22    epoch  77  loss 1.3706  acc 0.4368  val_loss 1.3024  val_acc 0.4812
2026-04-08 19:58:23    epoch  78  loss 1.3814  acc 0.4408  val_loss 1.2957  val_acc 0.4765
2026-04-08 19:58:25    epoch  79  loss 1.3777  acc 0.4353  val_loss 1.3299  val_acc 0.4451
2026-04-08 19:58:26    epoch  80  loss 1.3769  acc 0.4384  val_loss 1.3290  val_acc 0.4561
2026-04-08 19:58:28    epoch  81  loss 1.3931  acc 0.4299  val_loss 1.3014  val_acc 0.4796
2026-04-08 19:58:29    epoch  82  loss 1.3807  acc 0.4387  val_loss 1.3059  val_acc 0.4749
2026-04-08 19:58:31    epoch  83  loss 1.3726  acc 0.4384  val_loss 1.2919  val_acc 0.4671
2026-04-08 19:58:32    epoch  84  loss 1.3742  acc 0.4469  val_loss 1.3070  val_acc 0.4749
2026-04-08 19:58:34    epoch  85  loss 1.3664  acc 0.4414  val_loss 1.3121  val_acc 0.4765
2026-04-08 19:58:35    epoch  86  loss 1.3641  acc 0.4490  val_loss 1.2907  val_acc 0.4702
2026-04-08 19:58:37    epoch  87  loss 1.3758  acc 0.4339  val_loss 1.3090  val_acc 0.4467
2026-04-08 19:58:38    epoch  88  loss 1.3793  acc 0.4407  val_loss 1.2911  val_acc 0.4734
2026-04-08 19:58:40    epoch  89  loss 1.3641  acc 0.4391  val_loss 1.3047  val_acc 0.4734
2026-04-08 19:58:41    epoch  90  loss 1.3657  acc 0.4415  val_loss 1.2940  val_acc 0.4702
2026-04-08 19:58:43    epoch  91  loss 1.3657  acc 0.4422  val_loss 1.2855  val_acc 0.4765
2026-04-08 19:58:44    epoch  92  loss 1.3637  acc 0.4419  val_loss 1.2843  val_acc 0.4859
2026-04-08 19:58:46    epoch  93  loss 1.3636  acc 0.4420  val_loss 1.2843  val_acc 0.4765
2026-04-08 19:58:47    epoch  94  loss 1.3684  acc 0.4408  val_loss 1.2907  val_acc 0.4875
2026-04-08 19:58:49    epoch  95  loss 1.3559  acc 0.4487  val_loss 1.3129  val_acc 0.4530
2026-04-08 19:58:50    epoch  96  loss 1.3670  acc 0.4426  val_loss 1.2883  val_acc 0.4624
2026-04-08 19:58:52    epoch  97  loss 1.3758  acc 0.4393  val_loss 1.3248  val_acc 0.4608
2026-04-08 19:58:53    epoch  98  loss 1.3644  acc 0.4393  val_loss 1.2879  val_acc 0.4702
2026-04-08 19:58:55    epoch  99  loss 1.3545  acc 0.4401  val_loss 1.2983  val_acc 0.4702
2026-04-08 19:58:56    epoch 100  loss 1.3563  acc 0.4527  val_loss 1.3020  val_acc 0.4812
2026-04-08 19:58:56    Early stopping at epoch 100
2026-04-08 19:58:56    User7 accuracy: 0.3757
2026-04-08 19:58:57  ────────────────────────────────────────────────────────────
2026-04-08 19:58:57  LOSO fold — held-out: User8 (757 test windows, 6468 train windows)
2026-04-08 19:58:58    epoch   1  loss 1.9304  acc 0.2472  val_loss 1.6856  val_acc 0.2848
2026-04-08 19:59:00    epoch   2  loss 1.7375  acc 0.2850  val_loss 1.6127  val_acc 0.3359
2026-04-08 19:59:02    epoch   3  loss 1.7034  acc 0.2953  val_loss 1.5629  val_acc 0.3297
2026-04-08 19:59:03    epoch   4  loss 1.6541  acc 0.3078  val_loss 1.5190  val_acc 0.3576
2026-04-08 19:59:04    epoch   5  loss 1.6389  acc 0.3159  val_loss 1.4939  val_acc 0.3932
2026-04-08 19:59:06    epoch   6  loss 1.6397  acc 0.3186  val_loss 1.4973  val_acc 0.3731
2026-04-08 19:59:07    epoch   7  loss 1.6314  acc 0.3150  val_loss 1.4757  val_acc 0.3793
2026-04-08 19:59:09    epoch   8  loss 1.6126  acc 0.3181  val_loss 1.4657  val_acc 0.4180
2026-04-08 19:59:10    epoch   9  loss 1.6280  acc 0.3265  val_loss 1.4560  val_acc 0.3885
2026-04-08 19:59:12    epoch  10  loss 1.5982  acc 0.3365  val_loss 1.4591  val_acc 0.4040
2026-04-08 19:59:13    epoch  11  loss 1.6018  acc 0.3291  val_loss 1.4490  val_acc 0.3854
2026-04-08 19:59:15    epoch  12  loss 1.6030  acc 0.3377  val_loss 1.4744  val_acc 0.3622
2026-04-08 19:59:16    epoch  13  loss 1.5903  acc 0.3391  val_loss 1.4632  val_acc 0.4040
2026-04-08 19:59:18    epoch  14  loss 1.5798  acc 0.3367  val_loss 1.5043  val_acc 0.3684
2026-04-08 19:59:19    epoch  15  loss 1.5742  acc 0.3406  val_loss 1.5679  val_acc 0.3421
2026-04-08 19:59:21    epoch  16  loss 1.5746  acc 0.3418  val_loss 1.4740  val_acc 0.3762
2026-04-08 19:59:22    epoch  17  loss 1.5638  acc 0.3580  val_loss 1.4209  val_acc 0.4133
2026-04-08 19:59:24    epoch  18  loss 1.5516  acc 0.3574  val_loss 1.4158  val_acc 0.4087
2026-04-08 19:59:25    epoch  19  loss 1.5480  acc 0.3581  val_loss 1.4146  val_acc 0.4241
2026-04-08 19:59:27    epoch  20  loss 1.5460  acc 0.3585  val_loss 1.4103  val_acc 0.3994
2026-04-08 19:59:28    epoch  21  loss 1.5613  acc 0.3528  val_loss 1.4241  val_acc 0.3885
2026-04-08 19:59:30    epoch  22  loss 1.5358  acc 0.3674  val_loss 1.3987  val_acc 0.4427
2026-04-08 19:59:31    epoch  23  loss 1.5414  acc 0.3629  val_loss 1.4203  val_acc 0.4474
2026-04-08 19:59:33    epoch  24  loss 1.5427  acc 0.3597  val_loss 1.4250  val_acc 0.4056
2026-04-08 19:59:34    epoch  25  loss 1.5475  acc 0.3568  val_loss 1.4114  val_acc 0.4180
2026-04-08 19:59:36    epoch  26  loss 1.5339  acc 0.3676  val_loss 1.4037  val_acc 0.4272
2026-04-08 19:59:37    epoch  27  loss 1.5404  acc 0.3653  val_loss 1.4080  val_acc 0.4118
2026-04-08 19:59:39    epoch  28  loss 1.5365  acc 0.3612  val_loss 1.3951  val_acc 0.4133
2026-04-08 19:59:40    epoch  29  loss 1.5210  acc 0.3779  val_loss 1.4005  val_acc 0.4241
2026-04-08 19:59:42    epoch  30  loss 1.5357  acc 0.3701  val_loss 1.3888  val_acc 0.4272
2026-04-08 19:59:43    epoch  31  loss 1.5221  acc 0.3698  val_loss 1.3937  val_acc 0.4195
2026-04-08 19:59:45    epoch  32  loss 1.5049  acc 0.3744  val_loss 1.3855  val_acc 0.4040
2026-04-08 19:59:46    epoch  33  loss 1.5170  acc 0.3763  val_loss 1.3827  val_acc 0.4226
2026-04-08 19:59:48    epoch  34  loss 1.5178  acc 0.3695  val_loss 1.3771  val_acc 0.4164
2026-04-08 19:59:49    epoch  35  loss 1.5077  acc 0.3774  val_loss 1.3771  val_acc 0.4396
2026-04-08 19:59:51    epoch  36  loss 1.5012  acc 0.3830  val_loss 1.3907  val_acc 0.4303
2026-04-08 19:59:52    epoch  37  loss 1.5061  acc 0.3815  val_loss 1.3868  val_acc 0.4443
2026-04-08 19:59:54    epoch  38  loss 1.5106  acc 0.3770  val_loss 1.4055  val_acc 0.4226
2026-04-08 19:59:55    epoch  39  loss 1.4992  acc 0.3765  val_loss 1.3823  val_acc 0.4180
2026-04-08 19:59:57    epoch  40  loss 1.5006  acc 0.3868  val_loss 1.3745  val_acc 0.4567
2026-04-08 19:59:58    epoch  41  loss 1.5015  acc 0.3878  val_loss 1.3734  val_acc 0.4443
2026-04-08 20:00:00    epoch  42  loss 1.4936  acc 0.3798  val_loss 1.3703  val_acc 0.4334
2026-04-08 20:00:01    epoch  43  loss 1.5062  acc 0.3784  val_loss 1.3670  val_acc 0.4489
2026-04-08 20:00:03    epoch  44  loss 1.4934  acc 0.3837  val_loss 1.3736  val_acc 0.4427
2026-04-08 20:00:04    epoch  45  loss 1.4941  acc 0.3805  val_loss 1.3739  val_acc 0.4582
2026-04-08 20:00:06    epoch  46  loss 1.4930  acc 0.3823  val_loss 1.3668  val_acc 0.4350
