2026-04-08 18:39:32  ============================================================
2026-04-08 18:39:32  cnn  |  window=100  step=75
2026-04-08 18:39:32  Device  : cuda:1
2026-04-08 18:39:32  Flatten : True
2026-04-08 18:39:32  Log     : /home/mahmudm2/codebase/ClassyGlass/scripts/benchmark/logs/cnn_W100_S75.log
2026-04-08 18:39:32  Model   : /home/mahmudm2/codebase/ClassyGlass/scripts/benchmark/models/cnn_best_W100_S75.pth
2026-04-08 18:39:32  Figures : /home/mahmudm2/codebase/ClassyGlass/scripts/benchmark/figures
2026-04-08 18:39:32  ============================================================
2026-04-08 18:39:36  Loaded 19678 windows | window=100  step=75 | 129 experiments | 12 subjects | 0 experiments skipped
2026-04-08 18:39:36  ────────────────────────────────────────────────────────────
2026-04-08 18:39:36  LOSO fold — held-out: User1 (1137 test windows, 18541 train windows)
2026-04-08 18:39:43    epoch   1  loss 1.8680  acc 0.2474  val_loss 1.6825  val_acc 0.2902
2026-04-08 18:39:48    epoch   2  loss 1.7464  acc 0.2748  val_loss 1.6877  val_acc 0.3058
2026-04-08 18:39:52    epoch   3  loss 1.7209  acc 0.2878  val_loss 1.6281  val_acc 0.3172
2026-04-08 18:39:56    epoch   4  loss 1.7103  acc 0.2918  val_loss 1.6270  val_acc 0.3010
2026-04-08 18:40:01    epoch   5  loss 1.7067  acc 0.2969  val_loss 1.6106  val_acc 0.3269
2026-04-08 18:40:05    epoch   6  loss 1.6971  acc 0.3030  val_loss 1.6064  val_acc 0.3258
2026-04-08 18:40:09    epoch   7  loss 1.7019  acc 0.3069  val_loss 1.6354  val_acc 0.3252
2026-04-08 18:40:14    epoch   8  loss 1.6823  acc 0.3080  val_loss 1.6655  val_acc 0.3101
2026-04-08 18:40:18    epoch   9  loss 1.6874  acc 0.3084  val_loss 1.6152  val_acc 0.3220
2026-04-08 18:40:22    epoch  10  loss 1.6837  acc 0.3144  val_loss 1.5919  val_acc 0.3301
2026-04-08 18:40:26    epoch  11  loss 1.6820  acc 0.3104  val_loss 1.6239  val_acc 0.3269
2026-04-08 18:40:31    epoch  12  loss 1.6710  acc 0.3118  val_loss 1.5805  val_acc 0.3376
2026-04-08 18:40:35    epoch  13  loss 1.6748  acc 0.3168  val_loss 1.6475  val_acc 0.3101
2026-04-08 18:40:40    epoch  14  loss 1.6719  acc 0.3140  val_loss 1.6070  val_acc 0.3355
2026-04-08 18:40:44    epoch  15  loss 1.6653  acc 0.3205  val_loss 1.5883  val_acc 0.3269
2026-04-08 18:40:48    epoch  16  loss 1.6515  acc 0.3231  val_loss 1.5662  val_acc 0.3452
2026-04-08 18:40:53    epoch  17  loss 1.6553  acc 0.3238  val_loss 1.5969  val_acc 0.3150
2026-04-08 18:40:57    epoch  18  loss 1.6660  acc 0.3247  val_loss 1.5759  val_acc 0.3501
2026-04-08 18:41:01    epoch  19  loss 1.6575  acc 0.3252  val_loss 1.5790  val_acc 0.3538
2026-04-08 18:41:06    epoch  20  loss 1.6514  acc 0.3278  val_loss 1.5661  val_acc 0.3554
2026-04-08 18:41:10    epoch  21  loss 1.6572  acc 0.3241  val_loss 1.6043  val_acc 0.3215
2026-04-08 18:41:14    epoch  22  loss 1.6377  acc 0.3358  val_loss 1.5574  val_acc 0.3565
2026-04-08 18:41:18    epoch  23  loss 1.6291  acc 0.3382  val_loss 1.5520  val_acc 0.3635
2026-04-08 18:41:23    epoch  24  loss 1.6365  acc 0.3351  val_loss 1.5483  val_acc 0.3776
2026-04-08 18:41:27    epoch  25  loss 1.6291  acc 0.3429  val_loss 1.5771  val_acc 0.3355
2026-04-08 18:41:31    epoch  26  loss 1.6280  acc 0.3383  val_loss 1.5434  val_acc 0.3592
2026-04-08 18:41:36    epoch  27  loss 1.6249  acc 0.3397  val_loss 1.5429  val_acc 0.3657
2026-04-08 18:41:40    epoch  28  loss 1.6213  acc 0.3440  val_loss 1.5436  val_acc 0.3614
2026-04-08 18:41:44    epoch  29  loss 1.6264  acc 0.3341  val_loss 1.5523  val_acc 0.3474
2026-04-08 18:41:49    epoch  30  loss 1.6130  acc 0.3468  val_loss 1.5433  val_acc 0.3554
2026-04-08 18:41:53    epoch  31  loss 1.6147  acc 0.3490  val_loss 1.5475  val_acc 0.3738
2026-04-08 18:41:57    epoch  32  loss 1.6164  acc 0.3410  val_loss 1.5809  val_acc 0.3528
2026-04-08 18:42:02    epoch  33  loss 1.6054  acc 0.3515  val_loss 1.5461  val_acc 0.3646
2026-04-08 18:42:06    epoch  34  loss 1.6013  acc 0.3481  val_loss 1.5280  val_acc 0.3813
2026-04-08 18:42:10    epoch  35  loss 1.6091  acc 0.3440  val_loss 1.5494  val_acc 0.3619
2026-04-08 18:42:15    epoch  36  loss 1.6022  acc 0.3505  val_loss 1.5324  val_acc 0.3792
2026-04-08 18:42:19    epoch  37  loss 1.5947  acc 0.3526  val_loss 1.5406  val_acc 0.3738
2026-04-08 18:42:23    epoch  38  loss 1.5964  acc 0.3526  val_loss 1.5454  val_acc 0.3592
2026-04-08 18:42:28    epoch  39  loss 1.5984  acc 0.3550  val_loss 1.5281  val_acc 0.3792
2026-04-08 18:42:32    epoch  40  loss 1.5929  acc 0.3595  val_loss 1.5408  val_acc 0.3716
2026-04-08 18:42:36    epoch  41  loss 1.5949  acc 0.3487  val_loss 1.5232  val_acc 0.3792
2026-04-08 18:42:41    epoch  42  loss 1.5847  acc 0.3596  val_loss 1.5211  val_acc 0.3840
2026-04-08 18:42:45    epoch  43  loss 1.5880  acc 0.3545  val_loss 1.5194  val_acc 0.3883
2026-04-08 18:42:49    epoch  44  loss 1.5867  acc 0.3515  val_loss 1.5179  val_acc 0.3819
2026-04-08 18:42:54    epoch  45  loss 1.5843  acc 0.3557  val_loss 1.5416  val_acc 0.3781
2026-04-08 18:42:58    epoch  46  loss 1.5877  acc 0.3618  val_loss 1.5375  val_acc 0.3830
2026-04-08 18:43:02    epoch  47  loss 1.5932  acc 0.3569  val_loss 1.5236  val_acc 0.3878
2026-04-08 18:43:07    epoch  48  loss 1.5821  acc 0.3633  val_loss 1.5137  val_acc 0.3921
2026-04-08 18:43:11    epoch  49  loss 1.5892  acc 0.3570  val_loss 1.5176  val_acc 0.3894
2026-04-08 18:43:15    epoch  50  loss 1.5849  acc 0.3609  val_loss 1.5183  val_acc 0.3889
2026-04-08 18:43:19    epoch  51  loss 1.5901  acc 0.3621  val_loss 1.5406  val_acc 0.3835
2026-04-08 18:43:24    epoch  52  loss 1.5879  acc 0.3595  val_loss 1.5279  val_acc 0.3786
2026-04-08 18:43:28    epoch  53  loss 1.5851  acc 0.3581  val_loss 1.5152  val_acc 0.3862
2026-04-08 18:43:32    epoch  54  loss 1.5869  acc 0.3609  val_loss 1.5188  val_acc 0.3851
2026-04-08 18:43:37    epoch  55  loss 1.5837  acc 0.3550  val_loss 1.5223  val_acc 0.3813
2026-04-08 18:43:41    epoch  56  loss 1.5804  acc 0.3620  val_loss 1.5187  val_acc 0.3921
2026-04-08 18:43:41    Early stopping at epoch 56
2026-04-08 18:43:41    User1 accuracy: 0.2806
2026-04-08 18:43:41    ✓ New best model saved (User1 held out, acc=0.2806)
2026-04-08 18:43:41  ────────────────────────────────────────────────────────────
2026-04-08 18:43:41  LOSO fold — held-out: User2 (1050 test windows, 18628 train windows)
2026-04-08 18:43:46    epoch   1  loss 1.8856  acc 0.2463  val_loss 1.7576  val_acc 0.2766
2026-04-08 18:43:50    epoch   2  loss 1.7766  acc 0.2748  val_loss 1.7098  val_acc 0.2846
2026-04-08 18:43:55    epoch   3  loss 1.7451  acc 0.2865  val_loss 1.6831  val_acc 0.2954
2026-04-08 18:43:59    epoch   4  loss 1.7392  acc 0.2913  val_loss 1.6825  val_acc 0.2927
2026-04-08 18:44:04    epoch   5  loss 1.7230  acc 0.3026  val_loss 1.6789  val_acc 0.3024
2026-04-08 18:44:08    epoch   6  loss 1.7182  acc 0.2961  val_loss 1.6652  val_acc 0.3029
2026-04-08 18:44:12    epoch   7  loss 1.7168  acc 0.3041  val_loss 1.6881  val_acc 0.2997
2026-04-08 18:44:17    epoch   8  loss 1.7051  acc 0.3043  val_loss 1.6703  val_acc 0.2954
2026-04-08 18:44:21    epoch   9  loss 1.7122  acc 0.3030  val_loss 1.6564  val_acc 0.3072
2026-04-08 18:44:25    epoch  10  loss 1.7118  acc 0.3043  val_loss 1.6619  val_acc 0.3029
2026-04-08 18:44:30    epoch  11  loss 1.6965  acc 0.3071  val_loss 1.6566  val_acc 0.3029
2026-04-08 18:44:34    epoch  12  loss 1.7006  acc 0.3095  val_loss 1.6698  val_acc 0.3142
2026-04-08 18:44:38    epoch  13  loss 1.6984  acc 0.3017  val_loss 1.6450  val_acc 0.3077
2026-04-08 18:44:43    epoch  14  loss 1.6929  acc 0.3145  val_loss 1.6642  val_acc 0.3201
2026-04-08 18:44:47    epoch  15  loss 1.6903  acc 0.3118  val_loss 1.6422  val_acc 0.3244
2026-04-08 18:44:51    epoch  16  loss 1.6848  acc 0.3177  val_loss 1.6286  val_acc 0.3276
2026-04-08 18:44:56    epoch  17  loss 1.6807  acc 0.3181  val_loss 1.6503  val_acc 0.3158
2026-04-08 18:45:00    epoch  18  loss 1.6845  acc 0.3191  val_loss 1.6407  val_acc 0.3405
2026-04-08 18:45:04    epoch  19  loss 1.6831  acc 0.3210  val_loss 1.6403  val_acc 0.3298
2026-04-08 18:45:09    epoch  20  loss 1.6824  acc 0.3202  val_loss 1.6261  val_acc 0.3271
2026-04-08 18:45:13    epoch  21  loss 1.6780  acc 0.3216  val_loss 1.6632  val_acc 0.3142
2026-04-08 18:45:18    epoch  22  loss 1.6692  acc 0.3251  val_loss 1.6277  val_acc 0.3249
2026-04-08 18:45:22    epoch  23  loss 1.6772  acc 0.3264  val_loss 1.6799  val_acc 0.3222
2026-04-08 18:45:27    epoch  24  loss 1.6666  acc 0.3279  val_loss 1.6312  val_acc 0.3410
2026-04-08 18:45:31    epoch  25  loss 1.6684  acc 0.3274  val_loss 1.6256  val_acc 0.3351
2026-04-08 18:45:35    epoch  26  loss 1.6686  acc 0.3289  val_loss 1.6225  val_acc 0.3512
2026-04-08 18:45:40    epoch  27  loss 1.6619  acc 0.3301  val_loss 1.6061  val_acc 0.3448
2026-04-08 18:45:44    epoch  28  loss 1.6589  acc 0.3316  val_loss 1.6283  val_acc 0.3158
2026-04-08 18:45:49    epoch  29  loss 1.6604  acc 0.3291  val_loss 1.6195  val_acc 0.3324
2026-04-08 18:45:53    epoch  30  loss 1.6539  acc 0.3313  val_loss 1.6481  val_acc 0.3308
2026-04-08 18:45:57    epoch  31  loss 1.6528  acc 0.3274  val_loss 1.6183  val_acc 0.3421
2026-04-08 18:46:02    epoch  32  loss 1.6575  acc 0.3331  val_loss 1.6005  val_acc 0.3426
2026-04-08 18:46:06    epoch  33  loss 1.6461  acc 0.3398  val_loss 1.6243  val_acc 0.3437
2026-04-08 18:46:10    epoch  34  loss 1.6510  acc 0.3311  val_loss 1.6058  val_acc 0.3577
2026-04-08 18:46:14    epoch  35  loss 1.6485  acc 0.3355  val_loss 1.6173  val_acc 0.3437
2026-04-08 18:46:19    epoch  36  loss 1.6456  acc 0.3371  val_loss 1.5974  val_acc 0.3351
2026-04-08 18:46:23    epoch  37  loss 1.6419  acc 0.3359  val_loss 1.6032  val_acc 0.3577
2026-04-08 18:46:28    epoch  38  loss 1.6428  acc 0.3387  val_loss 1.5947  val_acc 0.3620
2026-04-08 18:46:32    epoch  39  loss 1.6431  acc 0.3367  val_loss 1.6008  val_acc 0.3690
2026-04-08 18:46:36    epoch  40  loss 1.6369  acc 0.3438  val_loss 1.5998  val_acc 0.3577
2026-04-08 18:46:41    epoch  41  loss 1.6319  acc 0.3433  val_loss 1.5841  val_acc 0.3620
2026-04-08 18:46:45    epoch  42  loss 1.6279  acc 0.3446  val_loss 1.5741  val_acc 0.3711
2026-04-08 18:46:50    epoch  43  loss 1.6276  acc 0.3496  val_loss 1.5942  val_acc 0.3571
2026-04-08 18:46:54    epoch  44  loss 1.6279  acc 0.3441  val_loss 1.6156  val_acc 0.3469
2026-04-08 18:46:58    epoch  45  loss 1.6259  acc 0.3464  val_loss 1.6491  val_acc 0.3389
2026-04-08 18:47:03    epoch  46  loss 1.6264  acc 0.3448  val_loss 1.5775  val_acc 0.3743
2026-04-08 18:47:07    epoch  47  loss 1.6254  acc 0.3496  val_loss 1.5854  val_acc 0.3625
2026-04-08 18:47:12    epoch  48  loss 1.6026  acc 0.3572  val_loss 1.5632  val_acc 0.3738
2026-04-08 18:47:16    epoch  49  loss 1.6030  acc 0.3599  val_loss 1.5760  val_acc 0.3824
2026-04-08 18:47:20    epoch  50  loss 1.6007  acc 0.3568  val_loss 1.5613  val_acc 0.3695
2026-04-08 18:47:25    epoch  51  loss 1.6052  acc 0.3599  val_loss 1.5668  val_acc 0.3631
2026-04-08 18:47:29    epoch  52  loss 1.6050  acc 0.3538  val_loss 1.5583  val_acc 0.3754
2026-04-08 18:47:34    epoch  53  loss 1.5931  acc 0.3589  val_loss 1.5664  val_acc 0.3641
2026-04-08 18:47:38    epoch  54  loss 1.5895  acc 0.3668  val_loss 1.5648  val_acc 0.3604
2026-04-08 18:47:43    epoch  55  loss 1.5889  acc 0.3650  val_loss 1.5633  val_acc 0.3673
2026-04-08 18:47:47    epoch  56  loss 1.5998  acc 0.3551  val_loss 1.5760  val_acc 0.3835
2026-04-08 18:47:51    epoch  57  loss 1.5961  acc 0.3637  val_loss 1.5612  val_acc 0.3652
2026-04-08 18:47:56    epoch  58  loss 1.5835  acc 0.3622  val_loss 1.5436  val_acc 0.3813
2026-04-08 18:48:00    epoch  59  loss 1.5790  acc 0.3642  val_loss 1.5491  val_acc 0.3786
2026-04-08 18:48:04    epoch  60  loss 1.5898  acc 0.3609  val_loss 1.5414  val_acc 0.3861
2026-04-08 18:48:09    epoch  61  loss 1.5812  acc 0.3643  val_loss 1.5560  val_acc 0.3749
2026-04-08 18:48:13    epoch  62  loss 1.5753  acc 0.3683  val_loss 1.5471  val_acc 0.3722
2026-04-08 18:48:18    epoch  63  loss 1.5759  acc 0.3659  val_loss 1.5411  val_acc 0.3835
2026-04-08 18:48:22    epoch  64  loss 1.5786  acc 0.3666  val_loss 1.5467  val_acc 0.3829
2026-04-08 18:48:27    epoch  65  loss 1.5769  acc 0.3661  val_loss 1.5428  val_acc 0.3872
2026-04-08 18:48:31    epoch  66  loss 1.5729  acc 0.3697  val_loss 1.5426  val_acc 0.3818
2026-04-08 18:48:35    epoch  67  loss 1.5799  acc 0.3699  val_loss 1.5479  val_acc 0.3765
2026-04-08 18:48:40    epoch  68  loss 1.5777  acc 0.3676  val_loss 1.5397  val_acc 0.3845
2026-04-08 18:48:44    epoch  69  loss 1.5733  acc 0.3675  val_loss 1.5398  val_acc 0.3931
2026-04-08 18:48:49    epoch  70  loss 1.5718  acc 0.3677  val_loss 1.5446  val_acc 0.3797
2026-04-08 18:48:53    epoch  71  loss 1.5710  acc 0.3707  val_loss 1.5382  val_acc 0.3856
2026-04-08 18:48:57    epoch  72  loss 1.5685  acc 0.3672  val_loss 1.5370  val_acc 0.3856
2026-04-08 18:49:02    epoch  73  loss 1.5704  acc 0.3720  val_loss 1.5376  val_acc 0.3808
2026-04-08 18:49:06    epoch  74  loss 1.5729  acc 0.3742  val_loss 1.5330  val_acc 0.3921
2026-04-08 18:49:10    epoch  75  loss 1.5668  acc 0.3732  val_loss 1.5300  val_acc 0.3851
2026-04-08 18:49:15    epoch  76  loss 1.5716  acc 0.3724  val_loss 1.5359  val_acc 0.3824
2026-04-08 18:49:19    epoch  77  loss 1.5673  acc 0.3693  val_loss 1.5401  val_acc 0.3840
2026-04-08 18:49:23    epoch  78  loss 1.5683  acc 0.3723  val_loss 1.5394  val_acc 0.3856
2026-04-08 18:49:28    epoch  79  loss 1.5690  acc 0.3716  val_loss 1.5295  val_acc 0.3947
2026-04-08 18:49:32    epoch  80  loss 1.5592  acc 0.3759  val_loss 1.5350  val_acc 0.3840
2026-04-08 18:49:36    epoch  81  loss 1.5684  acc 0.3716  val_loss 1.5431  val_acc 0.3813
2026-04-08 18:49:41    epoch  82  loss 1.5701  acc 0.3669  val_loss 1.5362  val_acc 0.3840
2026-04-08 18:49:45    epoch  83  loss 1.5658  acc 0.3721  val_loss 1.5293  val_acc 0.3861
2026-04-08 18:49:49    epoch  84  loss 1.5642  acc 0.3764  val_loss 1.5330  val_acc 0.3942
2026-04-08 18:49:53    epoch  85  loss 1.5669  acc 0.3733  val_loss 1.5465  val_acc 0.3818
2026-04-08 18:49:58    epoch  86  loss 1.5623  acc 0.3748  val_loss 1.5313  val_acc 0.3904
2026-04-08 18:50:02    epoch  87  loss 1.5658  acc 0.3737  val_loss 1.5276  val_acc 0.3904
2026-04-08 18:50:06    epoch  88  loss 1.5572  acc 0.3732  val_loss 1.5406  val_acc 0.3921
2026-04-08 18:50:11    epoch  89  loss 1.5639  acc 0.3783  val_loss 1.5291  val_acc 0.3899
2026-04-08 18:50:15    epoch  90  loss 1.5593  acc 0.3718  val_loss 1.5344  val_acc 0.3861
2026-04-08 18:50:19    epoch  91  loss 1.5655  acc 0.3737  val_loss 1.5327  val_acc 0.3878
2026-04-08 18:50:24    epoch  92  loss 1.5596  acc 0.3753  val_loss 1.5244  val_acc 0.3883
2026-04-08 18:50:28    epoch  93  loss 1.5643  acc 0.3793  val_loss 1.5295  val_acc 0.3813
2026-04-08 18:50:32    epoch  94  loss 1.5584  acc 0.3797  val_loss 1.5321  val_acc 0.3867
2026-04-08 18:50:37    epoch  95  loss 1.5595  acc 0.3765  val_loss 1.5319  val_acc 0.3910
2026-04-08 18:50:41    epoch  96  loss 1.5573  acc 0.3753  val_loss 1.5473  val_acc 0.3802
2026-04-08 18:50:45    epoch  97  loss 1.5547  acc 0.3802  val_loss 1.5225  val_acc 0.3861
2026-04-08 18:50:50    epoch  98  loss 1.5530  acc 0.3779  val_loss 1.5204  val_acc 0.3899
2026-04-08 18:50:54    epoch  99  loss 1.5555  acc 0.3750  val_loss 1.5286  val_acc 0.3808
2026-04-08 18:50:58    epoch 100  loss 1.5552  acc 0.3764  val_loss 1.5260  val_acc 0.3910
2026-04-08 18:50:58    User2 accuracy: 0.4400
2026-04-08 18:50:58    ✓ New best model saved (User2 held out, acc=0.4400)
2026-04-08 18:50:59  ────────────────────────────────────────────────────────────
2026-04-08 18:50:59  LOSO fold — held-out: User3 (1046 test windows, 18632 train windows)
2026-04-08 18:51:03    epoch   1  loss 1.8888  acc 0.2406  val_loss 1.7653  val_acc 0.2743
2026-04-08 18:51:07    epoch   2  loss 1.7732  acc 0.2757  val_loss 1.7206  val_acc 0.2958
2026-04-08 18:51:12    epoch   3  loss 1.7431  acc 0.2828  val_loss 1.7001  val_acc 0.3065
2026-04-08 18:51:16    epoch   4  loss 1.7342  acc 0.2876  val_loss 1.6732  val_acc 0.3017
2026-04-08 18:51:20    epoch   5  loss 1.7224  acc 0.2966  val_loss 1.6748  val_acc 0.3097
2026-04-08 18:51:25    epoch   6  loss 1.7227  acc 0.2948  val_loss 1.6842  val_acc 0.3006
2026-04-08 18:51:29    epoch   7  loss 1.7184  acc 0.3001  val_loss 1.6794  val_acc 0.2974
2026-04-08 18:51:33    epoch   8  loss 1.7110  acc 0.3020  val_loss 1.6782  val_acc 0.3038
2026-04-08 18:51:38    epoch   9  loss 1.7079  acc 0.3027  val_loss 1.6760  val_acc 0.3205
2026-04-08 18:51:42    epoch  10  loss 1.6874  acc 0.3069  val_loss 1.6570  val_acc 0.3194
2026-04-08 18:51:46    epoch  11  loss 1.6897  acc 0.3126  val_loss 1.6567  val_acc 0.3264
2026-04-08 18:51:51    epoch  12  loss 1.6816  acc 0.3195  val_loss 1.6520  val_acc 0.3285
2026-04-08 18:51:55    epoch  13  loss 1.6796  acc 0.3229  val_loss 1.6600  val_acc 0.3247
2026-04-08 18:51:59    epoch  14  loss 1.6787  acc 0.3185  val_loss 1.6539  val_acc 0.3210
2026-04-08 18:52:04    epoch  15  loss 1.6800  acc 0.3174  val_loss 1.6461  val_acc 0.3392
2026-04-08 18:52:08    epoch  16  loss 1.6797  acc 0.3204  val_loss 1.6490  val_acc 0.3323
2026-04-08 18:52:12    epoch  17  loss 1.6726  acc 0.3260  val_loss 1.6403  val_acc 0.3264
2026-04-08 18:52:17    epoch  18  loss 1.6809  acc 0.3235  val_loss 1.7011  val_acc 0.2995
2026-04-08 18:52:21    epoch  19  loss 1.6739  acc 0.3218  val_loss 1.6815  val_acc 0.3194
2026-04-08 18:52:25    epoch  20  loss 1.6692  acc 0.3289  val_loss 1.6382  val_acc 0.3339
2026-04-08 18:52:30    epoch  21  loss 1.6632  acc 0.3317  val_loss 1.6412  val_acc 0.3382
2026-04-08 18:52:34    epoch  22  loss 1.6642  acc 0.3285  val_loss 1.6347  val_acc 0.3290
2026-04-08 18:52:38    epoch  23  loss 1.6674  acc 0.3288  val_loss 1.6419  val_acc 0.3199
2026-04-08 18:52:43    epoch  24  loss 1.6649  acc 0.3267  val_loss 1.6377  val_acc 0.3366
2026-04-08 18:52:47    epoch  25  loss 1.6550  acc 0.3310  val_loss 1.6461  val_acc 0.3355
2026-04-08 18:52:52    epoch  26  loss 1.6602  acc 0.3331  val_loss 1.6297  val_acc 0.3430
2026-04-08 18:52:56    epoch  27  loss 1.6563  acc 0.3344  val_loss 1.6287  val_acc 0.3333
2026-04-08 18:53:01    epoch  28  loss 1.6554  acc 0.3351  val_loss 1.6248  val_acc 0.3430
2026-04-08 18:53:05    epoch  29  loss 1.6495  acc 0.3392  val_loss 1.6179  val_acc 0.3323
2026-04-08 18:53:09    epoch  30  loss 1.6542  acc 0.3291  val_loss 1.6635  val_acc 0.3210
2026-04-08 18:53:14    epoch  31  loss 1.6526  acc 0.3395  val_loss 1.6408  val_acc 0.3419
2026-04-08 18:53:18    epoch  32  loss 1.6480  acc 0.3409  val_loss 1.6371  val_acc 0.3301
2026-04-08 18:53:22    epoch  33  loss 1.6497  acc 0.3368  val_loss 1.6195  val_acc 0.3387
2026-04-08 18:53:27    epoch  34  loss 1.6466  acc 0.3400  val_loss 1.6543  val_acc 0.3205
2026-04-08 18:53:31    epoch  35  loss 1.6401  acc 0.3391  val_loss 1.6100  val_acc 0.3435
2026-04-08 18:53:36    epoch  36  loss 1.6359  acc 0.3411  val_loss 1.6064  val_acc 0.3414
2026-04-08 18:53:40    epoch  37  loss 1.6322  acc 0.3397  val_loss 1.6085  val_acc 0.3425
2026-04-08 18:53:44    epoch  38  loss 1.6314  acc 0.3441  val_loss 1.6171  val_acc 0.3408
2026-04-08 18:53:49    epoch  39  loss 1.6292  acc 0.3456  val_loss 1.6024  val_acc 0.3414
2026-04-08 18:53:53    epoch  40  loss 1.6243  acc 0.3477  val_loss 1.6126  val_acc 0.3419
2026-04-08 18:53:57    epoch  41  loss 1.6329  acc 0.3403  val_loss 1.6245  val_acc 0.3306
2026-04-08 18:54:02    epoch  42  loss 1.6254  acc 0.3455  val_loss 1.6245  val_acc 0.3430
2026-04-08 18:54:06    epoch  43  loss 1.6218  acc 0.3493  val_loss 1.6037  val_acc 0.3392
2026-04-08 18:54:11    epoch  44  loss 1.6236  acc 0.3499  val_loss 1.6096  val_acc 0.3494
2026-04-08 18:54:15    epoch  45  loss 1.6215  acc 0.3490  val_loss 1.6046  val_acc 0.3484
2026-04-08 18:54:20    epoch  46  loss 1.6249  acc 0.3450  val_loss 1.5992  val_acc 0.3489
2026-04-08 18:54:24    epoch  47  loss 1.6138  acc 0.3518  val_loss 1.6377  val_acc 0.3387
2026-04-08 18:54:28    epoch  48  loss 1.6110  acc 0.3530  val_loss 1.5899  val_acc 0.3462
2026-04-08 18:54:33    epoch  49  loss 1.6124  acc 0.3495  val_loss 1.5923  val_acc 0.3419
2026-04-08 18:54:37    epoch  50  loss 1.6205  acc 0.3524  val_loss 1.5999  val_acc 0.3371
2026-04-08 18:54:41    epoch  51  loss 1.6136  acc 0.3480  val_loss 1.6011  val_acc 0.3473
2026-04-08 18:54:46    epoch  52  loss 1.6114  acc 0.3506  val_loss 1.5965  val_acc 0.3446
2026-04-08 18:54:50    epoch  53  loss 1.6072  acc 0.3531  val_loss 1.5957  val_acc 0.3441
2026-04-08 18:54:54    epoch  54  loss 1.6163  acc 0.3523  val_loss 1.5890  val_acc 0.3435
2026-04-08 18:54:59    epoch  55  loss 1.6092  acc 0.3556  val_loss 1.5856  val_acc 0.3510
2026-04-08 18:55:03    epoch  56  loss 1.6132  acc 0.3537  val_loss 1.5880  val_acc 0.3468
2026-04-08 18:55:07    epoch  57  loss 1.6096  acc 0.3540  val_loss 1.5884  val_acc 0.3484
2026-04-08 18:55:12    epoch  58  loss 1.6062  acc 0.3579  val_loss 1.5897  val_acc 0.3430
2026-04-08 18:55:16    epoch  59  loss 1.6075  acc 0.3564  val_loss 1.5864  val_acc 0.3468
2026-04-08 18:55:20    epoch  60  loss 1.6091  acc 0.3543  val_loss 1.6037  val_acc 0.3500
2026-04-08 18:55:25    epoch  61  loss 1.6080  acc 0.3498  val_loss 1.5847  val_acc 0.3494
2026-04-08 18:55:29    epoch  62  loss 1.6037  acc 0.3519  val_loss 1.5827  val_acc 0.3457
2026-04-08 18:55:34    epoch  63  loss 1.6017  acc 0.3563  val_loss 1.5915  val_acc 0.3457
2026-04-08 18:55:38    epoch  64  loss 1.6023  acc 0.3552  val_loss 1.5824  val_acc 0.3435
2026-04-08 18:55:43    epoch  65  loss 1.6063  acc 0.3550  val_loss 1.5896  val_acc 0.3548
2026-04-08 18:55:47    epoch  66  loss 1.6027  acc 0.3568  val_loss 1.5868  val_acc 0.3462
2026-04-08 18:55:51    epoch  67  loss 1.6018  acc 0.3573  val_loss 1.5821  val_acc 0.3468
2026-04-08 18:55:56    epoch  68  loss 1.6096  acc 0.3561  val_loss 1.5847  val_acc 0.3494
2026-04-08 18:56:00    epoch  69  loss 1.6057  acc 0.3577  val_loss 1.5827  val_acc 0.3451
2026-04-08 18:56:05    epoch  70  loss 1.6088  acc 0.3516  val_loss 1.5835  val_acc 0.3494
2026-04-08 18:56:09    epoch  71  loss 1.6060  acc 0.3548  val_loss 1.5835  val_acc 0.3414
2026-04-08 18:56:14    epoch  72  loss 1.6007  acc 0.3598  val_loss 1.5850  val_acc 0.3457
2026-04-08 18:56:18    epoch  73  loss 1.6097  acc 0.3508  val_loss 1.5810  val_acc 0.3457
2026-04-08 18:56:22    epoch  74  loss 1.6045  acc 0.3585  val_loss 1.5904  val_acc 0.3430
2026-04-08 18:56:27    epoch  75  loss 1.6052  acc 0.3538  val_loss 1.5804  val_acc 0.3446
2026-04-08 18:56:31    epoch  76  loss 1.6024  acc 0.3577  val_loss 1.5831  val_acc 0.3430
2026-04-08 18:56:35    epoch  77  loss 1.6040  acc 0.3546  val_loss 1.5816  val_acc 0.3510
2026-04-08 18:56:40    epoch  78  loss 1.6034  acc 0.3612  val_loss 1.5888  val_acc 0.3468
2026-04-08 18:56:44    epoch  79  loss 1.6070  acc 0.3573  val_loss 1.5817  val_acc 0.3451
2026-04-08 18:56:48    epoch  80  loss 1.5996  acc 0.3630  val_loss 1.5843  val_acc 0.3451
2026-04-08 18:56:53    epoch  81  loss 1.6021  acc 0.3581  val_loss 1.5805  val_acc 0.3468
2026-04-08 18:56:57    epoch  82  loss 1.5985  acc 0.3622  val_loss 1.5867  val_acc 0.3441
2026-04-08 18:57:01    epoch  83  loss 1.6042  acc 0.3584  val_loss 1.5968  val_acc 0.3441
2026-04-08 18:57:01    Early stopping at epoch 83
2026-04-08 18:57:01    User3 accuracy: 0.3748
2026-04-08 18:57:02  ────────────────────────────────────────────────────────────
2026-04-08 18:57:02  LOSO fold — held-out: User4 (1107 test windows, 18571 train windows)
2026-04-08 18:57:06    epoch   1  loss 1.8866  acc 0.2475  val_loss 1.7369  val_acc 0.2784
2026-04-08 18:57:10    epoch   2  loss 1.7687  acc 0.2828  val_loss 1.8129  val_acc 0.2375
2026-04-08 18:57:15    epoch   3  loss 1.7463  acc 0.2856  val_loss 1.6987  val_acc 0.2956
2026-04-08 18:57:19    epoch   4  loss 1.7364  acc 0.2869  val_loss 1.6835  val_acc 0.3156
2026-04-08 18:57:23    epoch   5  loss 1.7327  acc 0.2941  val_loss 1.6644  val_acc 0.3064
2026-04-08 18:57:28    epoch   6  loss 1.7256  acc 0.2963  val_loss 1.6628  val_acc 0.3091
2026-04-08 18:57:32    epoch   7  loss 1.7273  acc 0.2975  val_loss 1.6917  val_acc 0.2983
2026-04-08 18:57:36    epoch   8  loss 1.7112  acc 0.3048  val_loss 1.6549  val_acc 0.3226
2026-04-08 18:57:41    epoch   9  loss 1.7085  acc 0.3072  val_loss 1.6545  val_acc 0.3188
2026-04-08 18:57:45    epoch  10  loss 1.7175  acc 0.3094  val_loss 1.6651  val_acc 0.3209
2026-04-08 18:57:49    epoch  11  loss 1.7020  acc 0.3129  val_loss 1.6571  val_acc 0.3188
2026-04-08 18:57:54    epoch  12  loss 1.6998  acc 0.3134  val_loss 1.6610  val_acc 0.3139
2026-04-08 18:57:58    epoch  13  loss 1.6941  acc 0.3166  val_loss 1.6981  val_acc 0.3096
2026-04-08 18:58:02    epoch  14  loss 1.6949  acc 0.3134  val_loss 1.6461  val_acc 0.3188
2026-04-08 18:58:07    epoch  15  loss 1.6858  acc 0.3235  val_loss 1.6310  val_acc 0.3269
2026-04-08 18:58:11    epoch  16  loss 1.6840  acc 0.3208  val_loss 1.6548  val_acc 0.3236
2026-04-08 18:58:15    epoch  17  loss 1.6818  acc 0.3250  val_loss 1.6628  val_acc 0.3349
2026-04-08 18:58:20    epoch  18  loss 1.6749  acc 0.3269  val_loss 1.6247  val_acc 0.3258
2026-04-08 18:58:24    epoch  19  loss 1.6845  acc 0.3234  val_loss 1.6197  val_acc 0.3506
2026-04-08 18:58:28    epoch  20  loss 1.6800  acc 0.3282  val_loss 1.6251  val_acc 0.3382
2026-04-08 18:58:33    epoch  21  loss 1.6788  acc 0.3265  val_loss 1.6262  val_acc 0.3306
2026-04-08 18:58:37    epoch  22  loss 1.6780  acc 0.3307  val_loss 1.6277  val_acc 0.3425
2026-04-08 18:58:41    epoch  23  loss 1.6682  acc 0.3348  val_loss 1.6153  val_acc 0.3419
2026-04-08 18:58:46    epoch  24  loss 1.6753  acc 0.3282  val_loss 1.6228  val_acc 0.3468
2026-04-08 18:58:50    epoch  25  loss 1.6612  acc 0.3289  val_loss 1.6426  val_acc 0.3328
2026-04-08 18:58:54    epoch  26  loss 1.6642  acc 0.3350  val_loss 1.6247  val_acc 0.3430
2026-04-08 18:58:59    epoch  27  loss 1.6615  acc 0.3344  val_loss 1.6259  val_acc 0.3414
2026-04-08 18:59:03    epoch  28  loss 1.6577  acc 0.3363  val_loss 1.6061  val_acc 0.3560
2026-04-08 18:59:07    epoch  29  loss 1.6638  acc 0.3304  val_loss 1.6162  val_acc 0.3376
2026-04-08 18:59:12    epoch  30  loss 1.6576  acc 0.3374  val_loss 1.6003  val_acc 0.3522
2026-04-08 18:59:16    epoch  31  loss 1.6491  acc 0.3403  val_loss 1.5983  val_acc 0.3581
2026-04-08 18:59:20    epoch  32  loss 1.6526  acc 0.3383  val_loss 1.6018  val_acc 0.3646
2026-04-08 18:59:25    epoch  33  loss 1.6548  acc 0.3388  val_loss 1.6041  val_acc 0.3463
2026-04-08 18:59:29    epoch  34  loss 1.6440  acc 0.3445  val_loss 1.5903  val_acc 0.3608
2026-04-08 18:59:33    epoch  35  loss 1.6419  acc 0.3472  val_loss 1.6134  val_acc 0.3436
2026-04-08 18:59:38    epoch  36  loss 1.6454  acc 0.3450  val_loss 1.6485  val_acc 0.3371
2026-04-08 18:59:42    epoch  37  loss 1.6366  acc 0.3468  val_loss 1.5927  val_acc 0.3489
2026-04-08 18:59:46    epoch  38  loss 1.6392  acc 0.3490  val_loss 1.5892  val_acc 0.3624
2026-04-08 18:59:50    epoch  39  loss 1.6359  acc 0.3520  val_loss 1.5955  val_acc 0.3673
2026-04-08 18:59:55    epoch  40  loss 1.6337  acc 0.3519  val_loss 1.5839  val_acc 0.3613
2026-04-08 18:59:59    epoch  41  loss 1.6292  acc 0.3506  val_loss 1.5779  val_acc 0.3640
2026-04-08 19:00:03    epoch  42  loss 1.6279  acc 0.3540  val_loss 1.5769  val_acc 0.3732
2026-04-08 19:00:08    epoch  43  loss 1.6232  acc 0.3552  val_loss 1.5781  val_acc 0.3737
2026-04-08 19:00:12    epoch  44  loss 1.6268  acc 0.3511  val_loss 1.5707  val_acc 0.3732
2026-04-08 19:00:16    epoch  45  loss 1.6230  acc 0.3497  val_loss 1.5786  val_acc 0.3640
2026-04-08 19:00:21    epoch  46  loss 1.6190  acc 0.3565  val_loss 1.5749  val_acc 0.3586
2026-04-08 19:00:25    epoch  47  loss 1.6109  acc 0.3575  val_loss 1.6254  val_acc 0.3409
2026-04-08 19:00:29    epoch  48  loss 1.6149  acc 0.3525  val_loss 1.5832  val_acc 0.3640
2026-04-08 19:00:34    epoch  49  loss 1.6076  acc 0.3620  val_loss 1.5692  val_acc 0.3576
2026-04-08 19:00:38    epoch  50  loss 1.6152  acc 0.3574  val_loss 1.5741  val_acc 0.3651
2026-04-08 19:00:42    epoch  51  loss 1.6127  acc 0.3574  val_loss 1.5721  val_acc 0.3640
2026-04-08 19:00:46    epoch  52  loss 1.6100  acc 0.3590  val_loss 1.5584  val_acc 0.3726
2026-04-08 19:00:51    epoch  53  loss 1.6059  acc 0.3561  val_loss 1.5788  val_acc 0.3662
2026-04-08 19:00:55    epoch  54  loss 1.6082  acc 0.3522  val_loss 1.5579  val_acc 0.3710
2026-04-08 19:00:59    epoch  55  loss 1.6001  acc 0.3650  val_loss 1.5633  val_acc 0.3732
2026-04-08 19:01:04    epoch  56  loss 1.6047  acc 0.3672  val_loss 1.5505  val_acc 0.3866
2026-04-08 19:01:08    epoch  57  loss 1.6052  acc 0.3671  val_loss 1.5862  val_acc 0.3667
2026-04-08 19:01:12    epoch  58  loss 1.5980  acc 0.3629  val_loss 1.5585  val_acc 0.3710
2026-04-08 19:01:17    epoch  59  loss 1.6029  acc 0.3651  val_loss 1.5474  val_acc 0.3856
2026-04-08 19:01:21    epoch  60  loss 1.6015  acc 0.3657  val_loss 1.5743  val_acc 0.3796
2026-04-08 19:01:26    epoch  61  loss 1.5975  acc 0.3651  val_loss 1.5613  val_acc 0.3630
2026-04-08 19:01:30    epoch  62  loss 1.5986  acc 0.3604  val_loss 1.5687  val_acc 0.3786
2026-04-08 19:01:34    epoch  63  loss 1.5940  acc 0.3678  val_loss 1.5601  val_acc 0.3834
2026-04-08 19:01:39    epoch  64  loss 1.5977  acc 0.3610  val_loss 1.6082  val_acc 0.3700
2026-04-08 19:01:43    epoch  65  loss 1.5796  acc 0.3722  val_loss 1.5317  val_acc 0.3953
2026-04-08 19:01:48    epoch  66  loss 1.5760  acc 0.3762  val_loss 1.5359  val_acc 0.3910
2026-04-08 19:01:52    epoch  67  loss 1.5736  acc 0.3727  val_loss 1.5459  val_acc 0.3759
2026-04-08 19:01:56    epoch  68  loss 1.5710  acc 0.3751  val_loss 1.5418  val_acc 0.3834
2026-04-08 19:02:01    epoch  69  loss 1.5770  acc 0.3730  val_loss 1.5406  val_acc 0.3872
2026-04-08 19:02:05    epoch  70  loss 1.5684  acc 0.3779  val_loss 1.5461  val_acc 0.3866
2026-04-08 19:02:09    epoch  71  loss 1.5569  acc 0.3778  val_loss 1.5251  val_acc 0.3953
2026-04-08 19:02:14    epoch  72  loss 1.5587  acc 0.3811  val_loss 1.5362  val_acc 0.3888
2026-04-08 19:02:18    epoch  73  loss 1.5617  acc 0.3791  val_loss 1.5287  val_acc 0.3915
2026-04-08 19:02:23    epoch  74  loss 1.5568  acc 0.3803  val_loss 1.5298  val_acc 0.3920
2026-04-08 19:02:27    epoch  75  loss 1.5583  acc 0.3814  val_loss 1.5309  val_acc 0.3899
2026-04-08 19:02:31    epoch  76  loss 1.5456  acc 0.3864  val_loss 1.5232  val_acc 0.3877
2026-04-08 19:02:36    epoch  77  loss 1.5566  acc 0.3766  val_loss 1.5296  val_acc 0.3931
2026-04-08 19:02:40    epoch  78  loss 1.5593  acc 0.3791  val_loss 1.5335  val_acc 0.3813
2026-04-08 19:02:44    epoch  79  loss 1.5570  acc 0.3793  val_loss 1.5329  val_acc 0.3926
2026-04-08 19:02:49    epoch  80  loss 1.5495  acc 0.3870  val_loss 1.5339  val_acc 0.3904
2026-04-08 19:02:53    epoch  81  loss 1.5474  acc 0.3843  val_loss 1.5225  val_acc 0.3888
2026-04-08 19:02:58    epoch  82  loss 1.5538  acc 0.3836  val_loss 1.5172  val_acc 0.3883
2026-04-08 19:03:02    epoch  83  loss 1.5612  acc 0.3768  val_loss 1.5206  val_acc 0.3926
2026-04-08 19:03:06    epoch  84  loss 1.5494  acc 0.3812  val_loss 1.5254  val_acc 0.3947
2026-04-08 19:03:11    epoch  85  loss 1.5451  acc 0.3890  val_loss 1.5233  val_acc 0.3915
2026-04-08 19:03:15    epoch  86  loss 1.5523  acc 0.3845  val_loss 1.5230  val_acc 0.3904
2026-04-08 19:03:19    epoch  87  loss 1.5511  acc 0.3775  val_loss 1.5443  val_acc 0.3980
2026-04-08 19:03:24    epoch  88  loss 1.5467  acc 0.3854  val_loss 1.5160  val_acc 0.3931
2026-04-08 19:03:28    epoch  89  loss 1.5435  acc 0.3861  val_loss 1.5210  val_acc 0.4028
2026-04-08 19:03:32    epoch  90  loss 1.5404  acc 0.3883  val_loss 1.5208  val_acc 0.3947
2026-04-08 19:03:36    epoch  91  loss 1.5499  acc 0.3867  val_loss 1.5153  val_acc 0.3904
2026-04-08 19:03:41    epoch  92  loss 1.5483  acc 0.3812  val_loss 1.5267  val_acc 0.3947
2026-04-08 19:03:45    epoch  93  loss 1.5439  acc 0.3864  val_loss 1.5145  val_acc 0.3936
2026-04-08 19:03:50    epoch  94  loss 1.5401  acc 0.3827  val_loss 1.5179  val_acc 0.3958
2026-04-08 19:03:54    epoch  95  loss 1.5445  acc 0.3863  val_loss 1.5157  val_acc 0.3899
2026-04-08 19:03:58    epoch  96  loss 1.5392  acc 0.3876  val_loss 1.5212  val_acc 0.3883
2026-04-08 19:04:02    epoch  97  loss 1.5438  acc 0.3894  val_loss 1.5154  val_acc 0.3958
2026-04-08 19:04:07    epoch  98  loss 1.5420  acc 0.3890  val_loss 1.5131  val_acc 0.3953
2026-04-08 19:04:11    epoch  99  loss 1.5396  acc 0.3837  val_loss 1.5131  val_acc 0.3920
2026-04-08 19:04:15    epoch 100  loss 1.5393  acc 0.3888  val_loss 1.5196  val_acc 0.3926
2026-04-08 19:04:15    User4 accuracy: 0.3686
2026-04-08 19:04:16  ────────────────────────────────────────────────────────────
2026-04-08 19:04:16  LOSO fold — held-out: User5 (1089 test windows, 18589 train windows)
2026-04-08 19:04:20    epoch   1  loss 1.8882  acc 0.2392  val_loss 1.7344  val_acc 0.3009
2026-04-08 19:04:25    epoch   2  loss 1.7660  acc 0.2792  val_loss 1.7018  val_acc 0.3095
2026-04-08 19:04:29    epoch   3  loss 1.7356  acc 0.2880  val_loss 1.6855  val_acc 0.3262
2026-04-08 19:04:34    epoch   4  loss 1.7302  acc 0.2920  val_loss 1.6670  val_acc 0.3202
2026-04-08 19:04:38    epoch   5  loss 1.7249  acc 0.2958  val_loss 1.6663  val_acc 0.3170
2026-04-08 19:04:42    epoch   6  loss 1.7190  acc 0.3005  val_loss 1.7296  val_acc 0.2966
2026-04-08 19:04:47    epoch   7  loss 1.7128  acc 0.3023  val_loss 1.6510  val_acc 0.3391
2026-04-08 19:04:51    epoch   8  loss 1.7026  acc 0.3049  val_loss 1.6430  val_acc 0.3310
2026-04-08 19:04:55    epoch   9  loss 1.7037  acc 0.3090  val_loss 1.6838  val_acc 0.3170
2026-04-08 19:05:00    epoch  10  loss 1.7023  acc 0.3124  val_loss 1.6483  val_acc 0.3407
2026-04-08 19:05:04    epoch  11  loss 1.6910  acc 0.3124  val_loss 1.6375  val_acc 0.3407
2026-04-08 19:05:08    epoch  12  loss 1.6871  acc 0.3163  val_loss 1.6472  val_acc 0.3396
2026-04-08 19:05:13    epoch  13  loss 1.6902  acc 0.3157  val_loss 1.6603  val_acc 0.3310
2026-04-08 19:05:17    epoch  14  loss 1.6813  acc 0.3179  val_loss 1.6360  val_acc 0.3364
2026-04-08 19:05:21    epoch  15  loss 1.6881  acc 0.3165  val_loss 1.6330  val_acc 0.3466
2026-04-08 19:05:26    epoch  16  loss 1.6835  acc 0.3171  val_loss 1.6484  val_acc 0.3391
2026-04-08 19:05:30    epoch  17  loss 1.6774  acc 0.3248  val_loss 1.6150  val_acc 0.3568
2026-04-08 19:05:34    epoch  18  loss 1.6780  acc 0.3223  val_loss 1.6232  val_acc 0.3450
2026-04-08 19:05:39    epoch  19  loss 1.6643  acc 0.3256  val_loss 1.6118  val_acc 0.3574
2026-04-08 19:05:43    epoch  20  loss 1.6735  acc 0.3280  val_loss 1.6287  val_acc 0.3407
2026-04-08 19:05:47    epoch  21  loss 1.6667  acc 0.3250  val_loss 1.6219  val_acc 0.3574
2026-04-08 19:05:52    epoch  22  loss 1.6604  acc 0.3314  val_loss 1.6129  val_acc 0.3525
2026-04-08 19:05:56    epoch  23  loss 1.6701  acc 0.3256  val_loss 1.6114  val_acc 0.3568
2026-04-08 19:06:00    epoch  24  loss 1.6605  acc 0.3349  val_loss 1.6181  val_acc 0.3558
2026-04-08 19:06:04    epoch  25  loss 1.6560  acc 0.3338  val_loss 1.6084  val_acc 0.3563
2026-04-08 19:06:09    epoch  26  loss 1.6543  acc 0.3388  val_loss 1.6085  val_acc 0.3488
2026-04-08 19:06:13    epoch  27  loss 1.6552  acc 0.3315  val_loss 1.6077  val_acc 0.3563
2026-04-08 19:06:17    epoch  28  loss 1.6479  acc 0.3400  val_loss 1.6156  val_acc 0.3617
2026-04-08 19:06:22    epoch  29  loss 1.6504  acc 0.3382  val_loss 1.5984  val_acc 0.3547
2026-04-08 19:06:26    epoch  30  loss 1.6395  acc 0.3428  val_loss 1.5995  val_acc 0.3649
2026-04-08 19:06:31    epoch  31  loss 1.6458  acc 0.3375  val_loss 1.6294  val_acc 0.3402
2026-04-08 19:06:35    epoch  32  loss 1.6328  acc 0.3448  val_loss 1.5935  val_acc 0.3595
2026-04-08 19:06:39    epoch  33  loss 1.6461  acc 0.3337  val_loss 1.5886  val_acc 0.3541
2026-04-08 19:06:44    epoch  34  loss 1.6413  acc 0.3394  val_loss 1.6010  val_acc 0.3676
2026-04-08 19:06:48    epoch  35  loss 1.6364  acc 0.3424  val_loss 1.5922  val_acc 0.3767
2026-04-08 19:06:52    epoch  36  loss 1.6337  acc 0.3427  val_loss 1.5898  val_acc 0.3778
2026-04-08 19:06:57    epoch  37  loss 1.6310  acc 0.3446  val_loss 1.6196  val_acc 0.3568
2026-04-08 19:07:01    epoch  38  loss 1.6276  acc 0.3450  val_loss 1.5726  val_acc 0.3773
2026-04-08 19:07:05    epoch  39  loss 1.6186  acc 0.3504  val_loss 1.5849  val_acc 0.3584
2026-04-08 19:07:09    epoch  40  loss 1.6284  acc 0.3492  val_loss 1.5754  val_acc 0.3692
2026-04-08 19:07:14    epoch  41  loss 1.6224  acc 0.3480  val_loss 1.6169  val_acc 0.3649
2026-04-08 19:07:18    epoch  42  loss 1.6191  acc 0.3516  val_loss 1.5855  val_acc 0.3574
2026-04-08 19:07:22    epoch  43  loss 1.6218  acc 0.3522  val_loss 1.5727  val_acc 0.3638
2026-04-08 19:07:27    epoch  44  loss 1.6027  acc 0.3577  val_loss 1.5596  val_acc 0.3741
2026-04-08 19:07:31    epoch  45  loss 1.6015  acc 0.3614  val_loss 1.5588  val_acc 0.3794
2026-04-08 19:07:35    epoch  46  loss 1.5956  acc 0.3624  val_loss 1.5583  val_acc 0.3730
2026-04-08 19:07:40    epoch  47  loss 1.6001  acc 0.3572  val_loss 1.5540  val_acc 0.3811
2026-04-08 19:07:44    epoch  48  loss 1.5941  acc 0.3630  val_loss 1.5697  val_acc 0.3821
2026-04-08 19:07:48    epoch  49  loss 1.5936  acc 0.3642  val_loss 1.5629  val_acc 0.3735
2026-04-08 19:07:53    epoch  50  loss 1.5904  acc 0.3655  val_loss 1.5481  val_acc 0.3875
2026-04-08 19:07:57    epoch  51  loss 1.5871  acc 0.3666  val_loss 1.5567  val_acc 0.3805
2026-04-08 19:08:02    epoch  52  loss 1.5835  acc 0.3654  val_loss 1.5606  val_acc 0.3719
2026-04-08 19:08:06    epoch  53  loss 1.5942  acc 0.3641  val_loss 1.5512  val_acc 0.3843
2026-04-08 19:08:10    epoch  54  loss 1.5897  acc 0.3667  val_loss 1.5693  val_acc 0.3698
2026-04-08 19:08:15    epoch  55  loss 1.5813  acc 0.3686  val_loss 1.5509  val_acc 0.3751
2026-04-08 19:08:19    epoch  56  loss 1.5744  acc 0.3715  val_loss 1.5476  val_acc 0.3692
2026-04-08 19:08:23    epoch  57  loss 1.5711  acc 0.3737  val_loss 1.5443  val_acc 0.3767
2026-04-08 19:08:28    epoch  58  loss 1.5808  acc 0.3715  val_loss 1.5523  val_acc 0.3805
2026-04-08 19:08:32    epoch  59  loss 1.5740  acc 0.3678  val_loss 1.5614  val_acc 0.3811
2026-04-08 19:08:37    epoch  60  loss 1.5746  acc 0.3738  val_loss 1.5408  val_acc 0.3821
2026-04-08 19:08:41    epoch  61  loss 1.5678  acc 0.3791  val_loss 1.5385  val_acc 0.3778
2026-04-08 19:08:45    epoch  62  loss 1.5688  acc 0.3698  val_loss 1.5433  val_acc 0.3794
2026-04-08 19:08:50    epoch  63  loss 1.5652  acc 0.3712  val_loss 1.5444  val_acc 0.3762
2026-04-08 19:08:54    epoch  64  loss 1.5698  acc 0.3770  val_loss 1.5362  val_acc 0.3837
2026-04-08 19:08:59    epoch  65  loss 1.5674  acc 0.3703  val_loss 1.5372  val_acc 0.3967
2026-04-08 19:09:03    epoch  66  loss 1.5607  acc 0.3792  val_loss 1.5409  val_acc 0.3778
2026-04-08 19:09:07    epoch  67  loss 1.5584  acc 0.3756  val_loss 1.5442  val_acc 0.3870
2026-04-08 19:09:12    epoch  68  loss 1.5659  acc 0.3734  val_loss 1.5396  val_acc 0.3794
2026-04-08 19:09:16    epoch  69  loss 1.5625  acc 0.3762  val_loss 1.5491  val_acc 0.3730
2026-04-08 19:09:20    epoch  70  loss 1.5621  acc 0.3757  val_loss 1.5318  val_acc 0.3929
2026-04-08 19:09:25    epoch  71  loss 1.5636  acc 0.3774  val_loss 1.5332  val_acc 0.3859
2026-04-08 19:09:29    epoch  72  loss 1.5638  acc 0.3765  val_loss 1.5306  val_acc 0.3864
2026-04-08 19:09:34    epoch  73  loss 1.5655  acc 0.3752  val_loss 1.5314  val_acc 0.3859
2026-04-08 19:09:38    epoch  74  loss 1.5635  acc 0.3788  val_loss 1.5342  val_acc 0.3870
2026-04-08 19:09:42    epoch  75  loss 1.5554  acc 0.3782  val_loss 1.5330  val_acc 0.3800
2026-04-08 19:09:46    epoch  76  loss 1.5534  acc 0.3793  val_loss 1.5511  val_acc 0.3864
2026-04-08 19:09:51    epoch  77  loss 1.5608  acc 0.3780  val_loss 1.5407  val_acc 0.3881
2026-04-08 19:09:55    epoch  78  loss 1.5568  acc 0.3834  val_loss 1.5276  val_acc 0.3864
2026-04-08 19:09:59    epoch  79  loss 1.5524  acc 0.3779  val_loss 1.5355  val_acc 0.3881
2026-04-08 19:10:04    epoch  80  loss 1.5581  acc 0.3755  val_loss 1.5326  val_acc 0.3881
2026-04-08 19:10:08    epoch  81  loss 1.5510  acc 0.3772  val_loss 1.5292  val_acc 0.3854
2026-04-08 19:10:12    epoch  82  loss 1.5464  acc 0.3813  val_loss 1.5307  val_acc 0.3940
2026-04-08 19:10:17    epoch  83  loss 1.5521  acc 0.3816  val_loss 1.5355  val_acc 0.3891
2026-04-08 19:10:21    epoch  84  loss 1.5542  acc 0.3816  val_loss 1.5283  val_acc 0.3929
2026-04-08 19:10:25    epoch  85  loss 1.5467  acc 0.3792  val_loss 1.5257  val_acc 0.3918
2026-04-08 19:10:29    epoch  86  loss 1.5492  acc 0.3799  val_loss 1.5309  val_acc 0.3864
2026-04-08 19:10:34    epoch  87  loss 1.5504  acc 0.3806  val_loss 1.5260  val_acc 0.3924
2026-04-08 19:10:38    epoch  88  loss 1.5517  acc 0.3792  val_loss 1.5255  val_acc 0.3902
2026-04-08 19:10:42    epoch  89  loss 1.5511  acc 0.3825  val_loss 1.5243  val_acc 0.3934
2026-04-08 19:10:47    epoch  90  loss 1.5489  acc 0.3801  val_loss 1.5271  val_acc 0.3950
2026-04-08 19:10:51    epoch  91  loss 1.5491  acc 0.3820  val_loss 1.5309  val_acc 0.3875
2026-04-08 19:10:55    epoch  92  loss 1.5611  acc 0.3821  val_loss 1.5269  val_acc 0.3924
2026-04-08 19:10:59    epoch  93  loss 1.5506  acc 0.3828  val_loss 1.5343  val_acc 0.3897
2026-04-08 19:11:03    epoch  94  loss 1.5512  acc 0.3840  val_loss 1.5264  val_acc 0.3929
2026-04-08 19:11:07    epoch  95  loss 1.5489  acc 0.3812  val_loss 1.5288  val_acc 0.3891
2026-04-08 19:11:11    epoch  96  loss 1.5461  acc 0.3867  val_loss 1.5347  val_acc 0.3881
2026-04-08 19:11:16    epoch  97  loss 1.5497  acc 0.3823  val_loss 1.5325  val_acc 0.3902
2026-04-08 19:11:16    Early stopping at epoch 97
2026-04-08 19:11:16    User5 accuracy: 0.3673
2026-04-08 19:11:16  ────────────────────────────────────────────────────────────
2026-04-08 19:11:16  LOSO fold — held-out: User6 (1062 test windows, 18616 train windows)
2026-04-08 19:11:21    epoch   1  loss 1.8833  acc 0.2478  val_loss 1.7236  val_acc 0.2912
2026-04-08 19:11:24    epoch   2  loss 1.7596  acc 0.2792  val_loss 1.6711  val_acc 0.3111
2026-04-08 19:11:26    epoch   3  loss 1.7378  acc 0.2904  val_loss 1.7245  val_acc 0.2719
2026-04-08 19:11:29    epoch   4  loss 1.7263  acc 0.2980  val_loss 1.6464  val_acc 0.3160
2026-04-08 19:11:33    epoch   5  loss 1.7185  acc 0.3045  val_loss 1.6394  val_acc 0.3229
2026-04-08 19:11:37    epoch   6  loss 1.7064  acc 0.3037  val_loss 1.6484  val_acc 0.3090
2026-04-08 19:11:42    epoch   7  loss 1.7105  acc 0.3101  val_loss 1.6409  val_acc 0.3149
2026-04-08 19:11:46    epoch   8  loss 1.6990  acc 0.3009  val_loss 1.6381  val_acc 0.3385
2026-04-08 19:11:51    epoch   9  loss 1.6961  acc 0.3092  val_loss 1.6309  val_acc 0.3407
2026-04-08 19:11:55    epoch  10  loss 1.6905  acc 0.3112  val_loss 1.6744  val_acc 0.3235
2026-04-08 19:11:59    epoch  11  loss 1.6923  acc 0.3074  val_loss 1.6183  val_acc 0.3412
2026-04-08 19:12:03    epoch  12  loss 1.6871  acc 0.3113  val_loss 1.6169  val_acc 0.3396
2026-04-08 19:12:06    epoch  13  loss 1.6929  acc 0.3197  val_loss 1.6145  val_acc 0.3412
2026-04-08 19:12:11    epoch  14  loss 1.6867  acc 0.3151  val_loss 1.6143  val_acc 0.3514
2026-04-08 19:12:17    epoch  15  loss 1.6831  acc 0.3190  val_loss 1.6039  val_acc 0.3401
2026-04-08 19:12:21    epoch  16  loss 1.6733  acc 0.3199  val_loss 1.6293  val_acc 0.3294
2026-04-08 19:12:25    epoch  17  loss 1.6775  acc 0.3282  val_loss 1.6067  val_acc 0.3536
2026-04-08 19:12:30    epoch  18  loss 1.6683  acc 0.3245  val_loss 1.6056  val_acc 0.3498
2026-04-08 19:12:34    epoch  19  loss 1.6665  acc 0.3253  val_loss 1.5851  val_acc 0.3638
2026-04-08 19:12:38    epoch  20  loss 1.6629  acc 0.3238  val_loss 1.6042  val_acc 0.3450
2026-04-08 19:12:43    epoch  21  loss 1.6623  acc 0.3323  val_loss 1.5917  val_acc 0.3606
2026-04-08 19:12:47    epoch  22  loss 1.6543  acc 0.3340  val_loss 1.5885  val_acc 0.3595
2026-04-08 19:12:51    epoch  23  loss 1.6632  acc 0.3302  val_loss 1.5901  val_acc 0.3616
2026-04-08 19:12:56    epoch  24  loss 1.6594  acc 0.3286  val_loss 1.6000  val_acc 0.3536
2026-04-08 19:13:00    epoch  25  loss 1.6463  acc 0.3401  val_loss 1.5726  val_acc 0.3611
2026-04-08 19:13:04    epoch  26  loss 1.6411  acc 0.3376  val_loss 1.5721  val_acc 0.3606
2026-04-08 19:13:09    epoch  27  loss 1.6363  acc 0.3389  val_loss 1.5797  val_acc 0.3681
2026-04-08 19:13:13    epoch  28  loss 1.6318  acc 0.3459  val_loss 1.5725  val_acc 0.3600
2026-04-08 19:13:17    epoch  29  loss 1.6291  acc 0.3426  val_loss 1.5614  val_acc 0.3686
2026-04-08 19:13:22    epoch  30  loss 1.6305  acc 0.3427  val_loss 1.5907  val_acc 0.3536
2026-04-08 19:13:26    epoch  31  loss 1.6259  acc 0.3474  val_loss 1.5540  val_acc 0.3632
2026-04-08 19:13:30    epoch  32  loss 1.6215  acc 0.3496  val_loss 1.5528  val_acc 0.3756
2026-04-08 19:13:35    epoch  33  loss 1.6209  acc 0.3472  val_loss 1.5531  val_acc 0.3659
2026-04-08 19:13:39    epoch  34  loss 1.6264  acc 0.3499  val_loss 1.5476  val_acc 0.3751
2026-04-08 19:13:43    epoch  35  loss 1.6236  acc 0.3472  val_loss 1.5546  val_acc 0.3724
2026-04-08 19:13:48    epoch  36  loss 1.6213  acc 0.3504  val_loss 1.5547  val_acc 0.3697
2026-04-08 19:13:52    epoch  37  loss 1.6145  acc 0.3511  val_loss 1.5574  val_acc 0.3692
2026-04-08 19:13:57    epoch  38  loss 1.6206  acc 0.3478  val_loss 1.5454  val_acc 0.3778
2026-04-08 19:14:01    epoch  39  loss 1.6211  acc 0.3482  val_loss 1.5466  val_acc 0.3783
2026-04-08 19:14:05    epoch  40  loss 1.6182  acc 0.3562  val_loss 1.5458  val_acc 0.3847
2026-04-08 19:14:10    epoch  41  loss 1.6174  acc 0.3497  val_loss 1.5771  val_acc 0.3632
2026-04-08 19:14:14    epoch  42  loss 1.6167  acc 0.3506  val_loss 1.5448  val_acc 0.3869
2026-04-08 19:14:18    epoch  43  loss 1.6109  acc 0.3499  val_loss 1.5366  val_acc 0.3772
2026-04-08 19:14:23    epoch  44  loss 1.6113  acc 0.3533  val_loss 1.5382  val_acc 0.3697
2026-04-08 19:14:27    epoch  45  loss 1.6092  acc 0.3527  val_loss 1.5375  val_acc 0.3778
2026-04-08 19:14:32    epoch  46  loss 1.6106  acc 0.3550  val_loss 1.5418  val_acc 0.3708
2026-04-08 19:14:36    epoch  47  loss 1.6066  acc 0.3564  val_loss 1.5281  val_acc 0.3923
2026-04-08 19:14:40    epoch  48  loss 1.6050  acc 0.3536  val_loss 1.5315  val_acc 0.3718
2026-04-08 19:14:45    epoch  49  loss 1.6066  acc 0.3534  val_loss 1.5345  val_acc 0.3745
2026-04-08 19:14:49    epoch  50  loss 1.6019  acc 0.3602  val_loss 1.5275  val_acc 0.3896
2026-04-08 19:14:53    epoch  51  loss 1.5994  acc 0.3563  val_loss 1.5265  val_acc 0.3821
2026-04-08 19:14:58    epoch  52  loss 1.6059  acc 0.3592  val_loss 1.5313  val_acc 0.3815
2026-04-08 19:15:02    epoch  53  loss 1.6000  acc 0.3563  val_loss 1.5280  val_acc 0.3853
2026-04-08 19:15:06    epoch  54  loss 1.5960  acc 0.3613  val_loss 1.5179  val_acc 0.3955
2026-04-08 19:15:11    epoch  55  loss 1.5965  acc 0.3656  val_loss 1.5281  val_acc 0.3799
2026-04-08 19:15:15    epoch  56  loss 1.5942  acc 0.3600  val_loss 1.5279  val_acc 0.3708
2026-04-08 19:15:19    epoch  57  loss 1.5960  acc 0.3625  val_loss 1.5207  val_acc 0.3751
2026-04-08 19:15:24    epoch  58  loss 1.5904  acc 0.3653  val_loss 1.5238  val_acc 0.3896
2026-04-08 19:15:28    epoch  59  loss 1.5936  acc 0.3687  val_loss 1.5167  val_acc 0.3869
2026-04-08 19:15:32    epoch  60  loss 1.5976  acc 0.3599  val_loss 1.5185  val_acc 0.3847
2026-04-08 19:15:37    epoch  61  loss 1.5940  acc 0.3603  val_loss 1.5059  val_acc 0.3864
2026-04-08 19:15:41    epoch  62  loss 1.5869  acc 0.3669  val_loss 1.5130  val_acc 0.3880
2026-04-08 19:15:46    epoch  63  loss 1.5897  acc 0.3628  val_loss 1.5185  val_acc 0.3815
2026-04-08 19:15:50    epoch  64  loss 1.5900  acc 0.3632  val_loss 1.5112  val_acc 0.4003
2026-04-08 19:15:54    epoch  65  loss 1.5811  acc 0.3659  val_loss 1.5208  val_acc 0.3778
2026-04-08 19:15:59    epoch  66  loss 1.5858  acc 0.3645  val_loss 1.5106  val_acc 0.3778
2026-04-08 19:16:03    epoch  67  loss 1.5818  acc 0.3697  val_loss 1.5031  val_acc 0.3869
2026-04-08 19:16:08    epoch  68  loss 1.5788  acc 0.3681  val_loss 1.5273  val_acc 0.3788
2026-04-08 19:16:12    epoch  69  loss 1.5722  acc 0.3725  val_loss 1.4998  val_acc 0.3896
2026-04-08 19:16:16    epoch  70  loss 1.5759  acc 0.3678  val_loss 1.5063  val_acc 0.4014
2026-04-08 19:16:21    epoch  71  loss 1.5675  acc 0.3681  val_loss 1.5010  val_acc 0.3960
2026-04-08 19:16:25    epoch  72  loss 1.5772  acc 0.3678  val_loss 1.5071  val_acc 0.3923
2026-04-08 19:16:29    epoch  73  loss 1.5702  acc 0.3737  val_loss 1.5249  val_acc 0.3751
2026-04-08 19:16:34    epoch  74  loss 1.5712  acc 0.3721  val_loss 1.5018  val_acc 0.3944
2026-04-08 19:16:38    epoch  75  loss 1.5593  acc 0.3761  val_loss 1.5076  val_acc 0.3799
2026-04-08 19:16:42    epoch  76  loss 1.5686  acc 0.3730  val_loss 1.4953  val_acc 0.4025
2026-04-08 19:16:47    epoch  77  loss 1.5595  acc 0.3733  val_loss 1.4931  val_acc 0.3992
2026-04-08 19:16:51    epoch  78  loss 1.5645  acc 0.3761  val_loss 1.4923  val_acc 0.4035
2026-04-08 19:16:55    epoch  79  loss 1.5612  acc 0.3722  val_loss 1.4924  val_acc 0.4003
2026-04-08 19:17:00    epoch  80  loss 1.5599  acc 0.3733  val_loss 1.4957  val_acc 0.4041
2026-04-08 19:17:04    epoch  81  loss 1.5634  acc 0.3761  val_loss 1.4904  val_acc 0.3992
2026-04-08 19:17:08    epoch  82  loss 1.5651  acc 0.3758  val_loss 1.5087  val_acc 0.3960
2026-04-08 19:17:13    epoch  83  loss 1.5654  acc 0.3731  val_loss 1.4898  val_acc 0.3976
2026-04-08 19:17:17    epoch  84  loss 1.5583  acc 0.3776  val_loss 1.4939  val_acc 0.4009
2026-04-08 19:17:21    epoch  85  loss 1.5669  acc 0.3704  val_loss 1.4945  val_acc 0.3998
2026-04-08 19:17:26    epoch  86  loss 1.5680  acc 0.3710  val_loss 1.4936  val_acc 0.3982
2026-04-08 19:17:30    epoch  87  loss 1.5582  acc 0.3758  val_loss 1.4935  val_acc 0.3912
2026-04-08 19:17:34    epoch  88  loss 1.5674  acc 0.3722  val_loss 1.4961  val_acc 0.3901
2026-04-08 19:17:38    epoch  89  loss 1.5608  acc 0.3716  val_loss 1.4929  val_acc 0.4003
2026-04-08 19:17:43    epoch  90  loss 1.5571  acc 0.3758  val_loss 1.4905  val_acc 0.3982
2026-04-08 19:17:47    epoch  91  loss 1.5553  acc 0.3775  val_loss 1.4934  val_acc 0.4019
2026-04-08 19:17:47    Early stopping at epoch 91
2026-04-08 19:17:47    User6 accuracy: 0.3390
2026-04-08 19:17:48  ────────────────────────────────────────────────────────────
2026-04-08 19:17:48  LOSO fold — held-out: User7 (2276 test windows, 17402 train windows)
2026-04-08 19:17:52    epoch   1  loss 1.8972  acc 0.2459  val_loss 1.7106  val_acc 0.2885
2026-04-08 19:17:56    epoch   2  loss 1.7767  acc 0.2726  val_loss 1.6510  val_acc 0.3052
2026-04-08 19:18:00    epoch   3  loss 1.7461  acc 0.2816  val_loss 1.6313  val_acc 0.3161
2026-04-08 19:18:04    epoch   4  loss 1.7376  acc 0.2912  val_loss 1.6115  val_acc 0.3374
2026-04-08 19:18:08    epoch   5  loss 1.7323  acc 0.2966  val_loss 1.6268  val_acc 0.3144
2026-04-08 19:18:12    epoch   6  loss 1.7181  acc 0.2984  val_loss 1.6147  val_acc 0.3207
2026-04-08 19:18:16    epoch   7  loss 1.7089  acc 0.3021  val_loss 1.6120  val_acc 0.3161
2026-04-08 19:18:20    epoch   8  loss 1.7110  acc 0.3027  val_loss 1.6306  val_acc 0.3253
2026-04-08 19:18:24    epoch   9  loss 1.7011  acc 0.3054  val_loss 1.6042  val_acc 0.3563
2026-04-08 19:18:28    epoch  10  loss 1.7042  acc 0.3099  val_loss 1.6232  val_acc 0.3316
2026-04-08 19:18:32    epoch  11  loss 1.6999  acc 0.3126  val_loss 1.6028  val_acc 0.3557
2026-04-08 19:18:36    epoch  12  loss 1.6920  acc 0.3074  val_loss 1.5935  val_acc 0.3592
2026-04-08 19:18:40    epoch  13  loss 1.6849  acc 0.3113  val_loss 1.5902  val_acc 0.3351
2026-04-08 19:18:44    epoch  14  loss 1.6987  acc 0.3098  val_loss 1.6102  val_acc 0.3511
2026-04-08 19:18:48    epoch  15  loss 1.6894  acc 0.3179  val_loss 1.5866  val_acc 0.3397
2026-04-08 19:18:52    epoch  16  loss 1.6900  acc 0.3150  val_loss 1.6213  val_acc 0.3431
2026-04-08 19:18:56    epoch  17  loss 1.6842  acc 0.3183  val_loss 1.6539  val_acc 0.3282
2026-04-08 19:19:00    epoch  18  loss 1.6817  acc 0.3210  val_loss 1.5651  val_acc 0.3563
2026-04-08 19:19:04    epoch  19  loss 1.6758  acc 0.3253  val_loss 1.5669  val_acc 0.3621
2026-04-08 19:19:08    epoch  20  loss 1.6845  acc 0.3238  val_loss 1.5817  val_acc 0.3368
2026-04-08 19:19:12    epoch  21  loss 1.6731  acc 0.3296  val_loss 1.5696  val_acc 0.3632
2026-04-08 19:19:17    epoch  22  loss 1.6704  acc 0.3243  val_loss 1.5688  val_acc 0.3724
2026-04-08 19:19:21    epoch  23  loss 1.6675  acc 0.3239  val_loss 1.5624  val_acc 0.3563
2026-04-08 19:19:25    epoch  24  loss 1.6659  acc 0.3320  val_loss 1.5613  val_acc 0.3644
2026-04-08 19:19:29    epoch  25  loss 1.6639  acc 0.3252  val_loss 1.6279  val_acc 0.3356
2026-04-08 19:19:33    epoch  26  loss 1.6587  acc 0.3385  val_loss 1.6085  val_acc 0.3580
2026-04-08 19:19:37    epoch  27  loss 1.6554  acc 0.3320  val_loss 1.5494  val_acc 0.3672
2026-04-08 19:19:41    epoch  28  loss 1.6510  acc 0.3328  val_loss 1.6100  val_acc 0.3511
2026-04-08 19:19:45    epoch  29  loss 1.6539  acc 0.3372  val_loss 1.5769  val_acc 0.3667
2026-04-08 19:19:49    epoch  30  loss 1.6517  acc 0.3374  val_loss 1.5387  val_acc 0.3621
2026-04-08 19:19:53    epoch  31  loss 1.6486  acc 0.3399  val_loss 1.5564  val_acc 0.3759
2026-04-08 19:19:57    epoch  32  loss 1.6403  acc 0.3413  val_loss 1.5692  val_acc 0.3747
2026-04-08 19:20:01    epoch  33  loss 1.6393  acc 0.3395  val_loss 1.5813  val_acc 0.3730
2026-04-08 19:20:05    epoch  34  loss 1.6400  acc 0.3386  val_loss 1.5710  val_acc 0.3632
2026-04-08 19:20:09    epoch  35  loss 1.6393  acc 0.3391  val_loss 1.5829  val_acc 0.3626
2026-04-08 19:20:13    epoch  36  loss 1.6167  acc 0.3512  val_loss 1.5200  val_acc 0.3805
2026-04-08 19:20:17    epoch  37  loss 1.6154  acc 0.3568  val_loss 1.5210  val_acc 0.3822
2026-04-08 19:20:21    epoch  38  loss 1.6115  acc 0.3531  val_loss 1.5190  val_acc 0.3770
2026-04-08 19:20:25    epoch  39  loss 1.6179  acc 0.3503  val_loss 1.5212  val_acc 0.3805
2026-04-08 19:20:29    epoch  40  loss 1.6150  acc 0.3539  val_loss 1.5122  val_acc 0.3920
2026-04-08 19:20:33    epoch  41  loss 1.6142  acc 0.3530  val_loss 1.5171  val_acc 0.3868
2026-04-08 19:20:37    epoch  42  loss 1.6175  acc 0.3540  val_loss 1.5238  val_acc 0.3908
2026-04-08 19:20:41    epoch  43  loss 1.6067  acc 0.3473  val_loss 1.5049  val_acc 0.3902
2026-04-08 19:20:45    epoch  44  loss 1.6097  acc 0.3549  val_loss 1.5168  val_acc 0.3943
2026-04-08 19:20:49    epoch  45  loss 1.6132  acc 0.3569  val_loss 1.5288  val_acc 0.3954
2026-04-08 19:20:53    epoch  46  loss 1.6035  acc 0.3558  val_loss 1.5270  val_acc 0.3868
2026-04-08 19:20:57    epoch  47  loss 1.6037  acc 0.3614  val_loss 1.5015  val_acc 0.3960
2026-04-08 19:21:01    epoch  48  loss 1.6010  acc 0.3548  val_loss 1.5260  val_acc 0.3943
2026-04-08 19:21:05    epoch  49  loss 1.6050  acc 0.3598  val_loss 1.5106  val_acc 0.3874
2026-04-08 19:21:09    epoch  50  loss 1.6030  acc 0.3599  val_loss 1.5022  val_acc 0.3948
2026-04-08 19:21:13    epoch  51  loss 1.5977  acc 0.3566  val_loss 1.5093  val_acc 0.4000
2026-04-08 19:21:17    epoch  52  loss 1.5954  acc 0.3623  val_loss 1.5020  val_acc 0.3966
2026-04-08 19:21:22    epoch  53  loss 1.5964  acc 0.3611  val_loss 1.4942  val_acc 0.3948
2026-04-08 19:21:26    epoch  54  loss 1.5885  acc 0.3615  val_loss 1.4904  val_acc 0.4029
2026-04-08 19:21:30    epoch  55  loss 1.5813  acc 0.3678  val_loss 1.4910  val_acc 0.4040
2026-04-08 19:21:34    epoch  56  loss 1.5771  acc 0.3690  val_loss 1.4973  val_acc 0.4046
2026-04-08 19:21:38    epoch  57  loss 1.5853  acc 0.3673  val_loss 1.5076  val_acc 0.3937
2026-04-08 19:21:42    epoch  58  loss 1.5938  acc 0.3653  val_loss 1.4984  val_acc 0.4017
2026-04-08 19:21:46    epoch  59  loss 1.5846  acc 0.3650  val_loss 1.5078  val_acc 0.4023
2026-04-08 19:21:50    epoch  60  loss 1.5817  acc 0.3671  val_loss 1.4865  val_acc 0.4063
2026-04-08 19:21:54    epoch  61  loss 1.5762  acc 0.3720  val_loss 1.4986  val_acc 0.3989
2026-04-08 19:21:58    epoch  62  loss 1.5788  acc 0.3716  val_loss 1.4865  val_acc 0.4063
2026-04-08 19:22:02    epoch  63  loss 1.5761  acc 0.3677  val_loss 1.4885  val_acc 0.4017
2026-04-08 19:22:06    epoch  64  loss 1.5729  acc 0.3675  val_loss 1.4942  val_acc 0.4075
2026-04-08 19:22:10    epoch  65  loss 1.5789  acc 0.3653  val_loss 1.5077  val_acc 0.3960
2026-04-08 19:22:14    epoch  66  loss 1.5726  acc 0.3749  val_loss 1.4877  val_acc 0.4103
2026-04-08 19:22:18    epoch  67  loss 1.5729  acc 0.3711  val_loss 1.4879  val_acc 0.4092
2026-04-08 19:22:23    epoch  68  loss 1.5720  acc 0.3772  val_loss 1.4922  val_acc 0.4052
2026-04-08 19:22:23    Early stopping at epoch 68
2026-04-08 19:22:23    User7 accuracy: 0.2966
2026-04-08 19:22:23  ────────────────────────────────────────────────────────────
2026-04-08 19:22:23  LOSO fold — held-out: User8 (2049 test windows, 17629 train windows)
2026-04-08 19:22:27    epoch   1  loss 1.8964  acc 0.2433  val_loss 1.7466  val_acc 0.2690
2026-04-08 19:22:31    epoch   2  loss 1.7809  acc 0.2699  val_loss 1.6789  val_acc 0.2860
2026-04-08 19:22:35    epoch   3  loss 1.7523  acc 0.2844  val_loss 1.7457  val_acc 0.2775
2026-04-08 19:22:39    epoch   4  loss 1.7424  acc 0.2863  val_loss 1.6769  val_acc 0.2963
2026-04-08 19:22:43    epoch   5  loss 1.7436  acc 0.2948  val_loss 1.6696  val_acc 0.2906
2026-04-08 19:22:47    epoch   6  loss 1.7381  acc 0.2876  val_loss 1.6433  val_acc 0.3082
2026-04-08 19:22:52    epoch   7  loss 1.7311  acc 0.2943  val_loss 1.6552  val_acc 0.3087
2026-04-08 19:22:56    epoch   8  loss 1.7311  acc 0.2944  val_loss 1.6425  val_acc 0.2889
2026-04-08 19:23:00    epoch   9  loss 1.7174  acc 0.3002  val_loss 1.6242  val_acc 0.3076
2026-04-08 19:23:04    epoch  10  loss 1.7157  acc 0.3012  val_loss 1.6247  val_acc 0.3116
2026-04-08 19:23:08    epoch  11  loss 1.7159  acc 0.2976  val_loss 1.6316  val_acc 0.2997
2026-04-08 19:23:12    epoch  12  loss 1.7054  acc 0.3064  val_loss 1.6283  val_acc 0.3099
2026-04-08 19:23:16    epoch  13  loss 1.7037  acc 0.3055  val_loss 1.6446  val_acc 0.3059
2026-04-08 19:23:20    epoch  14  loss 1.7080  acc 0.3091  val_loss 1.6304  val_acc 0.3008
2026-04-08 19:23:24    epoch  15  loss 1.6968  acc 0.3079  val_loss 1.6137  val_acc 0.3014
2026-04-08 19:23:28    epoch  16  loss 1.6835  acc 0.3146  val_loss 1.6174  val_acc 0.3173
2026-04-08 19:23:32    epoch  17  loss 1.6819  acc 0.3149  val_loss 1.6069  val_acc 0.3150
2026-04-08 19:23:36    epoch  18  loss 1.6859  acc 0.3178  val_loss 1.6113  val_acc 0.3184
2026-04-08 19:23:40    epoch  19  loss 1.6860  acc 0.3168  val_loss 1.6095  val_acc 0.3133
2026-04-08 19:23:44    epoch  20  loss 1.6820  acc 0.3170  val_loss 1.6027  val_acc 0.3292
2026-04-08 19:23:48    epoch  21  loss 1.6790  acc 0.3187  val_loss 1.5967  val_acc 0.3394
2026-04-08 19:23:52    epoch  22  loss 1.6762  acc 0.3183  val_loss 1.5965  val_acc 0.3400
2026-04-08 19:23:57    epoch  23  loss 1.6796  acc 0.3197  val_loss 1.5886  val_acc 0.3241
2026-04-08 19:24:01    epoch  24  loss 1.6736  acc 0.3258  val_loss 1.5839  val_acc 0.3320
2026-04-08 19:24:05    epoch  25  loss 1.6712  acc 0.3222  val_loss 1.5870  val_acc 0.3343
2026-04-08 19:24:09    epoch  26  loss 1.6658  acc 0.3235  val_loss 1.5900  val_acc 0.3326
2026-04-08 19:24:13    epoch  27  loss 1.6661  acc 0.3268  val_loss 1.6019  val_acc 0.3252
2026-04-08 19:24:17    epoch  28  loss 1.6689  acc 0.3299  val_loss 1.5868  val_acc 0.3348
2026-04-08 19:24:21    epoch  29  loss 1.6595  acc 0.3271  val_loss 1.5819  val_acc 0.3343
2026-04-08 19:24:25    epoch  30  loss 1.6627  acc 0.3268  val_loss 1.5934  val_acc 0.3331
2026-04-08 19:24:29    epoch  31  loss 1.6635  acc 0.3246  val_loss 1.5841  val_acc 0.3207
2026-04-08 19:24:33    epoch  32  loss 1.6576  acc 0.3261  val_loss 1.5795  val_acc 0.3309
2026-04-08 19:24:37    epoch  33  loss 1.6519  acc 0.3309  val_loss 1.5792  val_acc 0.3309
2026-04-08 19:24:41    epoch  34  loss 1.6587  acc 0.3281  val_loss 1.5770  val_acc 0.3428
2026-04-08 19:24:45    epoch  35  loss 1.6552  acc 0.3344  val_loss 1.5766  val_acc 0.3462
2026-04-08 19:24:49    epoch  36  loss 1.6442  acc 0.3371  val_loss 1.5923  val_acc 0.3280
2026-04-08 19:24:53    epoch  37  loss 1.6557  acc 0.3328  val_loss 1.5831  val_acc 0.3348
2026-04-08 19:24:57    epoch  38  loss 1.6455  acc 0.3337  val_loss 1.5737  val_acc 0.3235
2026-04-08 19:25:02    epoch  39  loss 1.6507  acc 0.3389  val_loss 1.5637  val_acc 0.3536
2026-04-08 19:25:06    epoch  40  loss 1.6457  acc 0.3373  val_loss 1.5714  val_acc 0.3530
2026-04-08 19:25:10    epoch  41  loss 1.6424  acc 0.3425  val_loss 1.5909  val_acc 0.3348
2026-04-08 19:25:14    epoch  42  loss 1.6394  acc 0.3415  val_loss 1.5855  val_acc 0.3303
2026-04-08 19:25:18    epoch  43  loss 1.6390  acc 0.3410  val_loss 1.5878  val_acc 0.3343
2026-04-08 19:25:22    epoch  44  loss 1.6409  acc 0.3418  val_loss 1.5706  val_acc 0.3604
2026-04-08 19:25:26    epoch  45  loss 1.6325  acc 0.3434  val_loss 1.5641  val_acc 0.3439
2026-04-08 19:25:30    epoch  46  loss 1.6221  acc 0.3492  val_loss 1.5516  val_acc 0.3615
2026-04-08 19:25:35    epoch  47  loss 1.6228  acc 0.3500  val_loss 1.5473  val_acc 0.3507
2026-04-08 19:25:39    epoch  48  loss 1.6222  acc 0.3439  val_loss 1.5609  val_acc 0.3468
2026-04-08 19:25:43    epoch  49  loss 1.6235  acc 0.3486  val_loss 1.5604  val_acc 0.3451
2026-04-08 19:25:47    epoch  50  loss 1.6238  acc 0.3500  val_loss 1.5423  val_acc 0.3615
2026-04-08 19:25:51    epoch  51  loss 1.6212  acc 0.3464  val_loss 1.5765  val_acc 0.3553
2026-04-08 19:25:55    epoch  52  loss 1.6186  acc 0.3491  val_loss 1.5532  val_acc 0.3593
2026-04-08 19:25:59    epoch  53  loss 1.6177  acc 0.3538  val_loss 1.5474  val_acc 0.3530
2026-04-08 19:26:04    epoch  54  loss 1.6145  acc 0.3551  val_loss 1.5379  val_acc 0.3717
2026-04-08 19:26:08    epoch  55  loss 1.6168  acc 0.3530  val_loss 1.5703  val_acc 0.3462
2026-04-08 19:26:12    epoch  56  loss 1.6162  acc 0.3523  val_loss 1.5447  val_acc 0.3615
2026-04-08 19:26:16    epoch  57  loss 1.6150  acc 0.3476  val_loss 1.5375  val_acc 0.3649
2026-04-08 19:26:20    epoch  58  loss 1.6194  acc 0.3490  val_loss 1.5644  val_acc 0.3473
2026-04-08 19:26:24    epoch  59  loss 1.6132  acc 0.3531  val_loss 1.5307  val_acc 0.3751
2026-04-08 19:26:28    epoch  60  loss 1.6119  acc 0.3547  val_loss 1.5426  val_acc 0.3655
2026-04-08 19:26:32    epoch  61  loss 1.6117  acc 0.3524  val_loss 1.5340  val_acc 0.3672
2026-04-08 19:26:36    epoch  62  loss 1.6109  acc 0.3514  val_loss 1.5252  val_acc 0.3644
2026-04-08 19:26:40    epoch  63  loss 1.6085  acc 0.3545  val_loss 1.5343  val_acc 0.3621
2026-04-08 19:26:45    epoch  64  loss 1.6094  acc 0.3554  val_loss 1.5484  val_acc 0.3593
2026-04-08 19:26:49    epoch  65  loss 1.6099  acc 0.3534  val_loss 1.5305  val_acc 0.3712
2026-04-08 19:26:53    epoch  66  loss 1.6139  acc 0.3537  val_loss 1.5330  val_acc 0.3615
2026-04-08 19:26:57    epoch  67  loss 1.6021  acc 0.3570  val_loss 1.5299  val_acc 0.3644
2026-04-08 19:27:02    epoch  68  loss 1.6002  acc 0.3534  val_loss 1.5281  val_acc 0.3683
2026-04-08 19:27:06    epoch  69  loss 1.5943  acc 0.3616  val_loss 1.5202  val_acc 0.3712
2026-04-08 19:27:10    epoch  70  loss 1.5997  acc 0.3617  val_loss 1.5202  val_acc 0.3774
2026-04-08 19:27:14    epoch  71  loss 1.5979  acc 0.3580  val_loss 1.5186  val_acc 0.3729
2026-04-08 19:27:18    epoch  72  loss 1.5974  acc 0.3635  val_loss 1.5219  val_acc 0.3757
2026-04-08 19:27:22    epoch  73  loss 1.6001  acc 0.3602  val_loss 1.5378  val_acc 0.3632
2026-04-08 19:27:26    epoch  74  loss 1.5947  acc 0.3594  val_loss 1.5177  val_acc 0.3700
2026-04-08 19:27:31    epoch  75  loss 1.5907  acc 0.3645  val_loss 1.5287  val_acc 0.3678
2026-04-08 19:27:35    epoch  76  loss 1.5918  acc 0.3629  val_loss 1.5183  val_acc 0.3751
2026-04-08 19:27:39    epoch  77  loss 1.5977  acc 0.3652  val_loss 1.5168  val_acc 0.3734
2026-04-08 19:27:43    epoch  78  loss 1.5917  acc 0.3662  val_loss 1.5128  val_acc 0.3797
2026-04-08 19:27:47    epoch  79  loss 1.5931  acc 0.3610  val_loss 1.5228  val_acc 0.3689
2026-04-08 19:27:51    epoch  80  loss 1.5972  acc 0.3624  val_loss 1.5170  val_acc 0.3678
2026-04-08 19:27:55    epoch  81  loss 1.5966  acc 0.3595  val_loss 1.5216  val_acc 0.3734
2026-04-08 19:27:59    epoch  82  loss 1.5975  acc 0.3607  val_loss 1.5172  val_acc 0.3751
2026-04-08 19:28:03    epoch  83  loss 1.5892  acc 0.3635  val_loss 1.5092  val_acc 0.3808
2026-04-08 19:28:07    epoch  84  loss 1.5901  acc 0.3672  val_loss 1.5150  val_acc 0.3746
2026-04-08 19:28:11    epoch  85  loss 1.5870  acc 0.3646  val_loss 1.5166  val_acc 0.3723
2026-04-08 19:28:15    epoch  86  loss 1.5821  acc 0.3657  val_loss 1.5128  val_acc 0.3683
2026-04-08 19:28:20    epoch  87  loss 1.5936  acc 0.3580  val_loss 1.5105  val_acc 0.3717
2026-04-08 19:28:24    epoch  88  loss 1.5957  acc 0.3601  val_loss 1.5068  val_acc 0.3882
2026-04-08 19:28:28    epoch  89  loss 1.5859  acc 0.3693  val_loss 1.5113  val_acc 0.3785
2026-04-08 19:28:32    epoch  90  loss 1.5865  acc 0.3706  val_loss 1.5118  val_acc 0.3723
2026-04-08 19:28:36    epoch  91  loss 1.5893  acc 0.3639  val_loss 1.5128  val_acc 0.3820
2026-04-08 19:28:40    epoch  92  loss 1.5877  acc 0.3655  val_loss 1.5060  val_acc 0.3717
2026-04-08 19:28:44    epoch  93  loss 1.5920  acc 0.3645  val_loss 1.5214  val_acc 0.3655
2026-04-08 19:28:48    epoch  94  loss 1.5902  acc 0.3618  val_loss 1.5181  val_acc 0.3723
2026-04-08 19:28:52    epoch  95  loss 1.5880  acc 0.3665  val_loss 1.5104  val_acc 0.3751
2026-04-08 19:28:56    epoch  96  loss 1.5862  acc 0.3660  val_loss 1.5142  val_acc 0.3842
2026-04-08 19:29:00    epoch  97  loss 1.5780  acc 0.3643  val_loss 1.5182  val_acc 0.3712
2026-04-08 19:29:05    epoch  98  loss 1.5805  acc 0.3636  val_loss 1.5099  val_acc 0.3774
2026-04-08 19:29:09    epoch  99  loss 1.5869  acc 0.3668  val_loss 1.5257  val_acc 0.3661
2026-04-08 19:29:13    epoch 100  loss 1.5812  acc 0.3645  val_loss 1.5039  val_acc 0.3757
2026-04-08 19:29:13    User8 accuracy: 0.4168
2026-04-08 19:29:13  ────────────────────────────────────────────────────────────
2026-04-08 19:29:13  LOSO fold — held-out: User9 (2267 test windows, 17411 train windows)
2026-04-08 19:29:17    epoch   1  loss 1.9017  acc 0.2416  val_loss 1.7213  val_acc 0.2981
2026-04-08 19:29:21    epoch   2  loss 1.7694  acc 0.2832  val_loss 1.6812  val_acc 0.2993
2026-04-08 19:29:25    epoch   3  loss 1.7431  acc 0.2847  val_loss 1.6999  val_acc 0.2981
2026-04-08 19:29:29    epoch   4  loss 1.7256  acc 0.2966  val_loss 1.6630  val_acc 0.3205
2026-04-08 19:29:33    epoch   5  loss 1.7288  acc 0.3020  val_loss 1.7069  val_acc 0.2901
2026-04-08 19:29:38    epoch   6  loss 1.7144  acc 0.3044  val_loss 1.6500  val_acc 0.3285
2026-04-08 19:29:42    epoch   7  loss 1.7084  acc 0.3060  val_loss 1.6465  val_acc 0.3280
2026-04-08 19:29:46    epoch   8  loss 1.7094  acc 0.3075  val_loss 1.6869  val_acc 0.3148
2026-04-08 19:29:50    epoch   9  loss 1.6982  acc 0.3126  val_loss 1.6735  val_acc 0.3159
2026-04-08 19:29:54    epoch  10  loss 1.6983  acc 0.3172  val_loss 1.6476  val_acc 0.3268
2026-04-08 19:29:58    epoch  11  loss 1.6908  acc 0.3153  val_loss 1.6419  val_acc 0.3446
2026-04-08 19:30:02    epoch  12  loss 1.6928  acc 0.3184  val_loss 1.6738  val_acc 0.3268
2026-04-08 19:30:06    epoch  13  loss 1.6842  acc 0.3220  val_loss 1.6342  val_acc 0.3354
2026-04-08 19:30:10    epoch  14  loss 1.6841  acc 0.3261  val_loss 1.6257  val_acc 0.3423
2026-04-08 19:30:14    epoch  15  loss 1.6872  acc 0.3237  val_loss 1.6518  val_acc 0.3222
2026-04-08 19:30:18    epoch  16  loss 1.6873  acc 0.3257  val_loss 1.6255  val_acc 0.3400
2026-04-08 19:30:22    epoch  17  loss 1.6746  acc 0.3280  val_loss 1.6175  val_acc 0.3573
2026-04-08 19:30:26    epoch  18  loss 1.6673  acc 0.3285  val_loss 1.6137  val_acc 0.3389
2026-04-08 19:30:30    epoch  19  loss 1.6718  acc 0.3263  val_loss 1.6142  val_acc 0.3504
2026-04-08 19:30:34    epoch  20  loss 1.6615  acc 0.3360  val_loss 1.6152  val_acc 0.3337
2026-04-08 19:30:38    epoch  21  loss 1.6656  acc 0.3370  val_loss 1.6089  val_acc 0.3481
2026-04-08 19:30:42    epoch  22  loss 1.6613  acc 0.3366  val_loss 1.6056  val_acc 0.3584
2026-04-08 19:30:46    epoch  23  loss 1.6571  acc 0.3342  val_loss 1.6131  val_acc 0.3509
2026-04-08 19:30:50    epoch  24  loss 1.6575  acc 0.3387  val_loss 1.6182  val_acc 0.3423
2026-04-08 19:30:54    epoch  25  loss 1.6568  acc 0.3336  val_loss 1.5950  val_acc 0.3590
2026-04-08 19:30:58    epoch  26  loss 1.6483  acc 0.3459  val_loss 1.6218  val_acc 0.3389
2026-04-08 19:31:02    epoch  27  loss 1.6469  acc 0.3437  val_loss 1.5834  val_acc 0.3492
2026-04-08 19:31:06    epoch  28  loss 1.6495  acc 0.3437  val_loss 1.5846  val_acc 0.3814
2026-04-08 19:31:10    epoch  29  loss 1.6388  acc 0.3440  val_loss 1.6125  val_acc 0.3441
2026-04-08 19:31:14    epoch  30  loss 1.6375  acc 0.3517  val_loss 1.5967  val_acc 0.3699
2026-04-08 19:31:18    epoch  31  loss 1.6346  acc 0.3514  val_loss 1.5898  val_acc 0.3389
2026-04-08 19:31:22    epoch  32  loss 1.6346  acc 0.3549  val_loss 1.5861  val_acc 0.3716
2026-04-08 19:31:26    epoch  33  loss 1.6181  acc 0.3563  val_loss 1.5678  val_acc 0.3716
2026-04-08 19:31:30    epoch  34  loss 1.6166  acc 0.3584  val_loss 1.5597  val_acc 0.3825
2026-04-08 19:31:34    epoch  35  loss 1.6197  acc 0.3536  val_loss 1.5799  val_acc 0.3624
2026-04-08 19:31:38    epoch  36  loss 1.6081  acc 0.3615  val_loss 1.5837  val_acc 0.3601
2026-04-08 19:31:42    epoch  37  loss 1.6152  acc 0.3600  val_loss 1.5602  val_acc 0.3785
2026-04-08 19:31:46    epoch  38  loss 1.6076  acc 0.3627  val_loss 1.5570  val_acc 0.3820
2026-04-08 19:31:50    epoch  39  loss 1.6078  acc 0.3601  val_loss 1.5721  val_acc 0.3797
2026-04-08 19:31:54    epoch  40  loss 1.6033  acc 0.3618  val_loss 1.5539  val_acc 0.3871
2026-04-08 19:31:58    epoch  41  loss 1.6038  acc 0.3632  val_loss 1.5720  val_acc 0.3653
2026-04-08 19:32:03    epoch  42  loss 1.6006  acc 0.3627  val_loss 1.5663  val_acc 0.3739
2026-04-08 19:32:07    epoch  43  loss 1.6043  acc 0.3629  val_loss 1.5455  val_acc 0.3992
2026-04-08 19:32:11    epoch  44  loss 1.5968  acc 0.3669  val_loss 1.5777  val_acc 0.3728
2026-04-08 19:32:15    epoch  45  loss 1.6019  acc 0.3702  val_loss 1.5457  val_acc 0.3871
2026-04-08 19:32:18    epoch  46  loss 1.6032  acc 0.3638  val_loss 1.5678  val_acc 0.3647
2026-04-08 19:32:22    epoch  47  loss 1.5943  acc 0.3692  val_loss 1.5784  val_acc 0.3722
2026-04-08 19:32:26    epoch  48  loss 1.5945  acc 0.3673  val_loss 1.5636  val_acc 0.3728
2026-04-08 19:32:31    epoch  49  loss 1.5866  acc 0.3719  val_loss 1.5471  val_acc 0.3877
2026-04-08 19:32:35    epoch  50  loss 1.5802  acc 0.3713  val_loss 1.5508  val_acc 0.3802
2026-04-08 19:32:39    epoch  51  loss 1.5816  acc 0.3731  val_loss 1.5473  val_acc 0.3843
2026-04-08 19:32:39    Early stopping at epoch 51
2026-04-08 19:32:39    User9 accuracy: 0.2955
2026-04-08 19:32:39  ────────────────────────────────────────────────────────────
2026-04-08 19:32:39  LOSO fold — held-out: User10 (2250 test windows, 17428 train windows)
2026-04-08 19:32:43    epoch   1  loss 1.8735  acc 0.2477  val_loss 1.7373  val_acc 0.2916
2026-04-08 19:32:47    epoch   2  loss 1.7630  acc 0.2792  val_loss 1.7184  val_acc 0.2916
2026-04-08 19:32:51    epoch   3  loss 1.7429  acc 0.2880  val_loss 1.6940  val_acc 0.3106
2026-04-08 19:32:55    epoch   4  loss 1.7349  acc 0.2924  val_loss 1.6956  val_acc 0.3037
2026-04-08 19:32:59    epoch   5  loss 1.7186  acc 0.3043  val_loss 1.6744  val_acc 0.3226
2026-04-08 19:33:03    epoch   6  loss 1.7134  acc 0.3059  val_loss 1.6578  val_acc 0.3083
2026-04-08 19:33:07    epoch   7  loss 1.7068  acc 0.3077  val_loss 1.6494  val_acc 0.3209
2026-04-08 19:33:11    epoch   8  loss 1.6990  acc 0.3138  val_loss 1.6665  val_acc 0.3197
2026-04-08 19:33:15    epoch   9  loss 1.7022  acc 0.3095  val_loss 1.6629  val_acc 0.3180
2026-04-08 19:33:19    epoch  10  loss 1.6960  acc 0.3143  val_loss 1.6540  val_acc 0.3479
2026-04-08 19:33:23    epoch  11  loss 1.6952  acc 0.3152  val_loss 1.6514  val_acc 0.3341
2026-04-08 19:33:27    epoch  12  loss 1.6890  acc 0.3216  val_loss 1.6538  val_acc 0.3197
2026-04-08 19:33:31    epoch  13  loss 1.6753  acc 0.3216  val_loss 1.6338  val_acc 0.3433
2026-04-08 19:33:35    epoch  14  loss 1.6741  acc 0.3209  val_loss 1.6371  val_acc 0.3398
2026-04-08 19:33:39    epoch  15  loss 1.6750  acc 0.3237  val_loss 1.6336  val_acc 0.3370
2026-04-08 19:33:43    epoch  16  loss 1.6685  acc 0.3311  val_loss 1.6348  val_acc 0.3450
2026-04-08 19:33:47    epoch  17  loss 1.6703  acc 0.3291  val_loss 1.6241  val_acc 0.3404
2026-04-08 19:33:51    epoch  18  loss 1.6677  acc 0.3340  val_loss 1.6302  val_acc 0.3410
2026-04-08 19:33:55    epoch  19  loss 1.6602  acc 0.3297  val_loss 1.6254  val_acc 0.3381
2026-04-08 19:33:59    epoch  20  loss 1.6601  acc 0.3321  val_loss 1.6258  val_acc 0.3530
2026-04-08 19:34:03    epoch  21  loss 1.6654  acc 0.3266  val_loss 1.6140  val_acc 0.3599
2026-04-08 19:34:07    epoch  22  loss 1.6573  acc 0.3313  val_loss 1.6133  val_acc 0.3582
2026-04-08 19:34:11    epoch  23  loss 1.6567  acc 0.3291  val_loss 1.6219  val_acc 0.3565
2026-04-08 19:34:15    epoch  24  loss 1.6534  acc 0.3336  val_loss 1.6205  val_acc 0.3559
2026-04-08 19:34:19    epoch  25  loss 1.6450  acc 0.3396  val_loss 1.6705  val_acc 0.3341
2026-04-08 19:34:23    epoch  26  loss 1.6473  acc 0.3426  val_loss 1.6118  val_acc 0.3588
2026-04-08 19:34:27    epoch  27  loss 1.6481  acc 0.3397  val_loss 1.6074  val_acc 0.3582
2026-04-08 19:34:32    epoch  28  loss 1.6535  acc 0.3358  val_loss 1.6239  val_acc 0.3530
2026-04-08 19:34:36    epoch  29  loss 1.6439  acc 0.3404  val_loss 1.6093  val_acc 0.3467
2026-04-08 19:34:40    epoch  30  loss 1.6494  acc 0.3402  val_loss 1.6012  val_acc 0.3685
2026-04-08 19:34:44    epoch  31  loss 1.6368  acc 0.3441  val_loss 1.6018  val_acc 0.3651
2026-04-08 19:34:48    epoch  32  loss 1.6418  acc 0.3369  val_loss 1.6186  val_acc 0.3513
2026-04-08 19:34:52    epoch  33  loss 1.6441  acc 0.3415  val_loss 1.5942  val_acc 0.3697
2026-04-08 19:34:56    epoch  34  loss 1.6326  acc 0.3432  val_loss 1.6064  val_acc 0.3588
2026-04-08 19:35:00    epoch  35  loss 1.6426  acc 0.3382  val_loss 1.6004  val_acc 0.3617
2026-04-08 19:35:04    epoch  36  loss 1.6347  acc 0.3409  val_loss 1.5989  val_acc 0.3674
2026-04-08 19:35:08    epoch  37  loss 1.6346  acc 0.3449  val_loss 1.5874  val_acc 0.3639
2026-04-08 19:35:12    epoch  38  loss 1.6337  acc 0.3432  val_loss 1.5949  val_acc 0.3703
2026-04-08 19:35:16    epoch  39  loss 1.6322  acc 0.3478  val_loss 1.5893  val_acc 0.3737
2026-04-08 19:35:20    epoch  40  loss 1.6323  acc 0.3450  val_loss 1.5936  val_acc 0.3588
2026-04-08 19:35:24    epoch  41  loss 1.6303  acc 0.3436  val_loss 1.5982  val_acc 0.3645
2026-04-08 19:35:28    epoch  42  loss 1.6335  acc 0.3474  val_loss 1.5922  val_acc 0.3760
2026-04-08 19:35:32    epoch  43  loss 1.6167  acc 0.3480  val_loss 1.5852  val_acc 0.3720
2026-04-08 19:35:36    epoch  44  loss 1.6147  acc 0.3530  val_loss 1.5891  val_acc 0.3731
2026-04-08 19:35:40    epoch  45  loss 1.6097  acc 0.3474  val_loss 1.5949  val_acc 0.3651
2026-04-08 19:35:44    epoch  46  loss 1.6180  acc 0.3526  val_loss 1.5768  val_acc 0.3674
2026-04-08 19:35:48    epoch  47  loss 1.6113  acc 0.3522  val_loss 1.5736  val_acc 0.3645
2026-04-08 19:35:52    epoch  48  loss 1.6153  acc 0.3495  val_loss 1.5750  val_acc 0.3777
2026-04-08 19:35:56    epoch  49  loss 1.6106  acc 0.3503  val_loss 1.5930  val_acc 0.3726
2026-04-08 19:36:00    epoch  50  loss 1.6091  acc 0.3534  val_loss 1.5817  val_acc 0.3731
2026-04-08 19:36:04    epoch  51  loss 1.6051  acc 0.3582  val_loss 1.5714  val_acc 0.3737
2026-04-08 19:36:08    epoch  52  loss 1.6130  acc 0.3491  val_loss 1.5663  val_acc 0.3835
2026-04-08 19:36:12    epoch  53  loss 1.6090  acc 0.3529  val_loss 1.5819  val_acc 0.3680
2026-04-08 19:36:17    epoch  54  loss 1.6035  acc 0.3559  val_loss 1.6066  val_acc 0.3691
2026-04-08 19:36:21    epoch  55  loss 1.6098  acc 0.3545  val_loss 1.5738  val_acc 0.3749
2026-04-08 19:36:25    epoch  56  loss 1.6067  acc 0.3527  val_loss 1.5705  val_acc 0.3760
2026-04-08 19:36:29    epoch  57  loss 1.6078  acc 0.3554  val_loss 1.5727  val_acc 0.3817
2026-04-08 19:36:33    epoch  58  loss 1.5949  acc 0.3589  val_loss 1.5699  val_acc 0.3726
2026-04-08 19:36:37    epoch  59  loss 1.5964  acc 0.3589  val_loss 1.5627  val_acc 0.3772
2026-04-08 19:36:41    epoch  60  loss 1.5984  acc 0.3557  val_loss 1.5716  val_acc 0.3737
2026-04-08 19:36:45    epoch  61  loss 1.5906  acc 0.3634  val_loss 1.5620  val_acc 0.3749
2026-04-08 19:36:49    epoch  62  loss 1.5970  acc 0.3590  val_loss 1.5635  val_acc 0.3806
2026-04-08 19:36:53    epoch  63  loss 1.5956  acc 0.3583  val_loss 1.5665  val_acc 0.3766
2026-04-08 19:36:57    epoch  64  loss 1.6016  acc 0.3526  val_loss 1.5765  val_acc 0.3789
2026-04-08 19:37:01    epoch  65  loss 1.5926  acc 0.3594  val_loss 1.5595  val_acc 0.3777
2026-04-08 19:37:05    epoch  66  loss 1.5940  acc 0.3612  val_loss 1.5661  val_acc 0.3783
2026-04-08 19:37:09    epoch  67  loss 1.5961  acc 0.3557  val_loss 1.5579  val_acc 0.3766
2026-04-08 19:37:13    epoch  68  loss 1.5823  acc 0.3604  val_loss 1.5695  val_acc 0.3772
2026-04-08 19:37:17    epoch  69  loss 1.5894  acc 0.3571  val_loss 1.5722  val_acc 0.3754
2026-04-08 19:37:21    epoch  70  loss 1.5928  acc 0.3565  val_loss 1.5715  val_acc 0.3817
2026-04-08 19:37:26    epoch  71  loss 1.5906  acc 0.3604  val_loss 1.5580  val_acc 0.3772
2026-04-08 19:37:30    epoch  72  loss 1.5869  acc 0.3592  val_loss 1.5605  val_acc 0.3772
2026-04-08 19:37:34    epoch  73  loss 1.5827  acc 0.3627  val_loss 1.5568  val_acc 0.3789
2026-04-08 19:37:38    epoch  74  loss 1.5874  acc 0.3638  val_loss 1.5614  val_acc 0.3760
2026-04-08 19:37:42    epoch  75  loss 1.5863  acc 0.3631  val_loss 1.5637  val_acc 0.3772
2026-04-08 19:37:46    epoch  76  loss 1.5847  acc 0.3570  val_loss 1.5538  val_acc 0.3783
2026-04-08 19:37:50    epoch  77  loss 1.5846  acc 0.3603  val_loss 1.5568  val_acc 0.3760
2026-04-08 19:37:54    epoch  78  loss 1.5815  acc 0.3655  val_loss 1.5549  val_acc 0.3754
2026-04-08 19:37:58    epoch  79  loss 1.5845  acc 0.3596  val_loss 1.5541  val_acc 0.3749
2026-04-08 19:38:02    epoch  80  loss 1.5805  acc 0.3632  val_loss 1.5542  val_acc 0.3800
2026-04-08 19:38:06    epoch  81  loss 1.5823  acc 0.3633  val_loss 1.5578  val_acc 0.3760
2026-04-08 19:38:10    epoch  82  loss 1.5891  acc 0.3615  val_loss 1.5534  val_acc 0.3812
2026-04-08 19:38:14    epoch  83  loss 1.5789  acc 0.3603  val_loss 1.5548  val_acc 0.3794
2026-04-08 19:38:18    epoch  84  loss 1.5821  acc 0.3620  val_loss 1.5528  val_acc 0.3754
2026-04-08 19:38:22    epoch  85  loss 1.5795  acc 0.3597  val_loss 1.5536  val_acc 0.3800
2026-04-08 19:38:26    epoch  86  loss 1.5835  acc 0.3642  val_loss 1.5516  val_acc 0.3840
2026-04-08 19:38:30    epoch  87  loss 1.5790  acc 0.3643  val_loss 1.5525  val_acc 0.3817
2026-04-08 19:38:34    epoch  88  loss 1.5844  acc 0.3636  val_loss 1.5527  val_acc 0.3840
2026-04-08 19:38:38    epoch  89  loss 1.5840  acc 0.3648  val_loss 1.5547  val_acc 0.3800
2026-04-08 19:38:42    epoch  90  loss 1.5786  acc 0.3675  val_loss 1.5519  val_acc 0.3806
2026-04-08 19:38:46    epoch  91  loss 1.5787  acc 0.3622  val_loss 1.5600  val_acc 0.3783
2026-04-08 19:38:50    epoch  92  loss 1.5808  acc 0.3617  val_loss 1.5514  val_acc 0.3835
2026-04-08 19:38:54    epoch  93  loss 1.5808  acc 0.3649  val_loss 1.5544  val_acc 0.3806
2026-04-08 19:38:58    epoch  94  loss 1.5785  acc 0.3641  val_loss 1.5538  val_acc 0.3835
2026-04-08 19:39:02    epoch  95  loss 1.5839  acc 0.3648  val_loss 1.5514  val_acc 0.3829
2026-04-08 19:39:06    epoch  96  loss 1.5797  acc 0.3667  val_loss 1.5564  val_acc 0.3789
2026-04-08 19:39:10    epoch  97  loss 1.5754  acc 0.3663  val_loss 1.5541  val_acc 0.3794
2026-04-08 19:39:14    epoch  98  loss 1.5774  acc 0.3695  val_loss 1.5511  val_acc 0.3829
2026-04-08 19:39:18    epoch  99  loss 1.5783  acc 0.3618  val_loss 1.5527  val_acc 0.3806
2026-04-08 19:39:22    epoch 100  loss 1.5824  acc 0.3702  val_loss 1.5508  val_acc 0.3794
2026-04-08 19:39:22    User10 accuracy: 0.3209
2026-04-08 19:39:23  ────────────────────────────────────────────────────────────
2026-04-08 19:39:23  LOSO fold — held-out: User11 (2373 test windows, 17305 train windows)
2026-04-08 19:39:27    epoch   1  loss 1.8886  acc 0.2507  val_loss 1.7731  val_acc 0.2561
2026-04-08 19:39:31    epoch   2  loss 1.7714  acc 0.2754  val_loss 1.6950  val_acc 0.2867
2026-04-08 19:39:35    epoch   3  loss 1.7442  acc 0.2897  val_loss 1.6810  val_acc 0.2960
2026-04-08 19:39:39    epoch   4  loss 1.7269  acc 0.2954  val_loss 1.6817  val_acc 0.3035
2026-04-08 19:39:43    epoch   5  loss 1.7202  acc 0.3000  val_loss 1.6753  val_acc 0.2960
2026-04-08 19:39:47    epoch   6  loss 1.7144  acc 0.2964  val_loss 1.6705  val_acc 0.3000
2026-04-08 19:39:51    epoch   7  loss 1.7185  acc 0.3027  val_loss 1.6585  val_acc 0.3312
2026-04-08 19:39:55    epoch   8  loss 1.7080  acc 0.3043  val_loss 1.6511  val_acc 0.3145
2026-04-08 19:39:59    epoch   9  loss 1.7045  acc 0.3100  val_loss 1.6468  val_acc 0.3231
2026-04-08 19:40:03    epoch  10  loss 1.7008  acc 0.3056  val_loss 1.6387  val_acc 0.3358
2026-04-08 19:40:07    epoch  11  loss 1.6970  acc 0.3187  val_loss 1.6385  val_acc 0.3283
2026-04-08 19:40:11    epoch  12  loss 1.6975  acc 0.3167  val_loss 1.6700  val_acc 0.3243
2026-04-08 19:40:15    epoch  13  loss 1.6923  acc 0.3196  val_loss 1.6413  val_acc 0.3208
2026-04-08 19:40:19    epoch  14  loss 1.6833  acc 0.3185  val_loss 1.6446  val_acc 0.3272
2026-04-08 19:40:23    epoch  15  loss 1.6811  acc 0.3236  val_loss 1.6201  val_acc 0.3399
2026-04-08 19:40:27    epoch  16  loss 1.6815  acc 0.3187  val_loss 1.6391  val_acc 0.3324
2026-04-08 19:40:31    epoch  17  loss 1.6843  acc 0.3211  val_loss 1.6229  val_acc 0.3364
2026-04-08 19:40:35    epoch  18  loss 1.6749  acc 0.3286  val_loss 1.6360  val_acc 0.3231
2026-04-08 19:40:39    epoch  19  loss 1.6705  acc 0.3272  val_loss 1.6206  val_acc 0.3364
2026-04-08 19:40:43    epoch  20  loss 1.6693  acc 0.3307  val_loss 1.6228  val_acc 0.3410
2026-04-08 19:40:47    epoch  21  loss 1.6667  acc 0.3286  val_loss 1.6242  val_acc 0.3486
2026-04-08 19:40:51    epoch  22  loss 1.6523  acc 0.3348  val_loss 1.6255  val_acc 0.3370
2026-04-08 19:40:55    epoch  23  loss 1.6550  acc 0.3359  val_loss 1.6062  val_acc 0.3514
2026-04-08 19:40:59    epoch  24  loss 1.6526  acc 0.3384  val_loss 1.6003  val_acc 0.3422
2026-04-08 19:41:03    epoch  25  loss 1.6466  acc 0.3417  val_loss 1.6141  val_acc 0.3387
2026-04-08 19:41:07    epoch  26  loss 1.6480  acc 0.3436  val_loss 1.5958  val_acc 0.3445
2026-04-08 19:41:11    epoch  27  loss 1.6438  acc 0.3408  val_loss 1.6005  val_acc 0.3480
2026-04-08 19:41:15    epoch  28  loss 1.6433  acc 0.3445  val_loss 1.5997  val_acc 0.3462
2026-04-08 19:41:19    epoch  29  loss 1.6385  acc 0.3409  val_loss 1.6007  val_acc 0.3445
2026-04-08 19:41:23    epoch  30  loss 1.6396  acc 0.3441  val_loss 1.5879  val_acc 0.3653
2026-04-08 19:41:27    epoch  31  loss 1.6343  acc 0.3399  val_loss 1.5888  val_acc 0.3497
2026-04-08 19:41:31    epoch  32  loss 1.6310  acc 0.3412  val_loss 1.5852  val_acc 0.3595
2026-04-08 19:41:35    epoch  33  loss 1.6283  acc 0.3480  val_loss 1.5904  val_acc 0.3526
2026-04-08 19:41:39    epoch  34  loss 1.6324  acc 0.3483  val_loss 1.5856  val_acc 0.3543
2026-04-08 19:41:43    epoch  35  loss 1.6275  acc 0.3461  val_loss 1.5793  val_acc 0.3514
2026-04-08 19:41:47    epoch  36  loss 1.6300  acc 0.3493  val_loss 1.5812  val_acc 0.3543
2026-04-08 19:41:51    epoch  37  loss 1.6278  acc 0.3508  val_loss 1.5758  val_acc 0.3676
2026-04-08 19:41:55    epoch  38  loss 1.6198  acc 0.3550  val_loss 1.5802  val_acc 0.3613
2026-04-08 19:41:59    epoch  39  loss 1.6226  acc 0.3534  val_loss 1.5947  val_acc 0.3624
2026-04-08 19:42:03    epoch  40  loss 1.6217  acc 0.3518  val_loss 1.5713  val_acc 0.3769
2026-04-08 19:42:07    epoch  41  loss 1.6169  acc 0.3506  val_loss 1.5761  val_acc 0.3647
2026-04-08 19:42:11    epoch  42  loss 1.6133  acc 0.3548  val_loss 1.5738  val_acc 0.3769
2026-04-08 19:42:15    epoch  43  loss 1.6147  acc 0.3613  val_loss 1.5704  val_acc 0.3561
2026-04-08 19:42:19    epoch  44  loss 1.6157  acc 0.3541  val_loss 1.5790  val_acc 0.3642
2026-04-08 19:42:23    epoch  45  loss 1.6163  acc 0.3588  val_loss 1.5781  val_acc 0.3590
2026-04-08 19:42:27    epoch  46  loss 1.6196  acc 0.3518  val_loss 1.5662  val_acc 0.3705
2026-04-08 19:42:31    epoch  47  loss 1.6110  acc 0.3568  val_loss 1.5658  val_acc 0.3682
2026-04-08 19:42:35    epoch  48  loss 1.6131  acc 0.3619  val_loss 1.5648  val_acc 0.3728
2026-04-08 19:42:39    epoch  49  loss 1.6071  acc 0.3590  val_loss 1.5784  val_acc 0.3578
2026-04-08 19:42:43    epoch  50  loss 1.6124  acc 0.3604  val_loss 1.5549  val_acc 0.3763
2026-04-08 19:42:47    epoch  51  loss 1.6098  acc 0.3578  val_loss 1.5758  val_acc 0.3665
2026-04-08 19:42:51    epoch  52  loss 1.6102  acc 0.3574  val_loss 1.5617  val_acc 0.3647
2026-04-08 19:42:55    epoch  53  loss 1.6008  acc 0.3644  val_loss 1.5769  val_acc 0.3618
2026-04-08 19:42:59    epoch  54  loss 1.5962  acc 0.3640  val_loss 1.5568  val_acc 0.3780
2026-04-08 19:43:03    epoch  55  loss 1.6006  acc 0.3618  val_loss 1.5608  val_acc 0.3780
2026-04-08 19:43:07    epoch  56  loss 1.5958  acc 0.3685  val_loss 1.5514  val_acc 0.3873
2026-04-08 19:43:11    epoch  57  loss 1.5903  acc 0.3736  val_loss 1.5514  val_acc 0.3780
2026-04-08 19:43:15    epoch  58  loss 1.5852  acc 0.3711  val_loss 1.5390  val_acc 0.3821
2026-04-08 19:43:19    epoch  59  loss 1.5888  acc 0.3689  val_loss 1.5410  val_acc 0.3832
2026-04-08 19:43:23    epoch  60  loss 1.5848  acc 0.3703  val_loss 1.5552  val_acc 0.3723
2026-04-08 19:43:27    epoch  61  loss 1.5880  acc 0.3665  val_loss 1.5382  val_acc 0.3792
2026-04-08 19:43:31    epoch  62  loss 1.5839  acc 0.3703  val_loss 1.5429  val_acc 0.3809
2026-04-08 19:43:35    epoch  63  loss 1.5828  acc 0.3716  val_loss 1.5416  val_acc 0.3821
2026-04-08 19:43:39    epoch  64  loss 1.5797  acc 0.3660  val_loss 1.5424  val_acc 0.3780
2026-04-08 19:43:43    epoch  65  loss 1.5876  acc 0.3677  val_loss 1.5425  val_acc 0.3821
2026-04-08 19:43:47    epoch  66  loss 1.5829  acc 0.3735  val_loss 1.5367  val_acc 0.3884
2026-04-08 19:43:51    epoch  67  loss 1.5703  acc 0.3709  val_loss 1.5277  val_acc 0.3855
2026-04-08 19:43:55    epoch  68  loss 1.5784  acc 0.3748  val_loss 1.5352  val_acc 0.3884
2026-04-08 19:43:59    epoch  69  loss 1.5792  acc 0.3731  val_loss 1.5435  val_acc 0.3786
2026-04-08 19:44:03    epoch  70  loss 1.5746  acc 0.3765  val_loss 1.5329  val_acc 0.3867
2026-04-08 19:44:07    epoch  71  loss 1.5745  acc 0.3762  val_loss 1.5295  val_acc 0.3902
2026-04-08 19:44:12    epoch  72  loss 1.5790  acc 0.3739  val_loss 1.5387  val_acc 0.3786
2026-04-08 19:44:16    epoch  73  loss 1.5686  acc 0.3793  val_loss 1.5274  val_acc 0.3908
2026-04-08 19:44:20    epoch  74  loss 1.5687  acc 0.3743  val_loss 1.5220  val_acc 0.3936
2026-04-08 19:44:24    epoch  75  loss 1.5631  acc 0.3820  val_loss 1.5378  val_acc 0.3884
2026-04-08 19:44:28    epoch  76  loss 1.5709  acc 0.3786  val_loss 1.5350  val_acc 0.3827
2026-04-08 19:44:32    epoch  77  loss 1.5611  acc 0.3836  val_loss 1.5364  val_acc 0.3902
2026-04-08 19:44:36    epoch  78  loss 1.5666  acc 0.3768  val_loss 1.5234  val_acc 0.3994
2026-04-08 19:44:40    epoch  79  loss 1.5715  acc 0.3803  val_loss 1.5225  val_acc 0.3931
2026-04-08 19:44:44    epoch  80  loss 1.5582  acc 0.3795  val_loss 1.5213  val_acc 0.3948
2026-04-08 19:44:48    epoch  81  loss 1.5629  acc 0.3807  val_loss 1.5303  val_acc 0.3884
2026-04-08 19:44:52    epoch  82  loss 1.5552  acc 0.3815  val_loss 1.5186  val_acc 0.3913
2026-04-08 19:44:56    epoch  83  loss 1.5563  acc 0.3833  val_loss 1.5172  val_acc 0.3948
2026-04-08 19:45:00    epoch  84  loss 1.5602  acc 0.3841  val_loss 1.5215  val_acc 0.3942
2026-04-08 19:45:04    epoch  85  loss 1.5624  acc 0.3863  val_loss 1.5233  val_acc 0.3884
2026-04-08 19:45:08    epoch  86  loss 1.5579  acc 0.3820  val_loss 1.5187  val_acc 0.3960
2026-04-08 19:45:12    epoch  87  loss 1.5586  acc 0.3839  val_loss 1.5234  val_acc 0.3936
2026-04-08 19:45:16    epoch  88  loss 1.5507  acc 0.3773  val_loss 1.5191  val_acc 0.4000
2026-04-08 19:45:20    epoch  89  loss 1.5590  acc 0.3802  val_loss 1.5122  val_acc 0.3988
2026-04-08 19:45:24    epoch  90  loss 1.5629  acc 0.3780  val_loss 1.5195  val_acc 0.3925
2026-04-08 19:45:28    epoch  91  loss 1.5562  acc 0.3873  val_loss 1.5199  val_acc 0.3908
2026-04-08 19:45:32    epoch  92  loss 1.5568  acc 0.3852  val_loss 1.5161  val_acc 0.3908
2026-04-08 19:45:36    epoch  93  loss 1.5542  acc 0.3820  val_loss 1.5179  val_acc 0.3913
2026-04-08 19:45:40    epoch  94  loss 1.5591  acc 0.3837  val_loss 1.5165  val_acc 0.3913
2026-04-08 19:45:44    epoch  95  loss 1.5614  acc 0.3870  val_loss 1.5258  val_acc 0.3936
2026-04-08 19:45:48    epoch  96  loss 1.5575  acc 0.3797  val_loss 1.5146  val_acc 0.3896
2026-04-08 19:45:52    epoch  97  loss 1.5542  acc 0.3818  val_loss 1.5301  val_acc 0.3936
2026-04-08 19:45:52    Early stopping at epoch 97
2026-04-08 19:45:52    User11 accuracy: 0.3430
2026-04-08 19:45:52  ────────────────────────────────────────────────────────────
2026-04-08 19:45:52  LOSO fold — held-out: User12 (1972 test windows, 17706 train windows)
2026-04-08 19:45:56    epoch   1  loss 1.8862  acc 0.2424  val_loss 1.6986  val_acc 0.2955
2026-04-08 19:46:00    epoch   2  loss 1.7468  acc 0.2841  val_loss 1.6768  val_acc 0.3006
2026-04-08 19:46:04    epoch   3  loss 1.7290  acc 0.2947  val_loss 1.6483  val_acc 0.3237
2026-04-08 19:46:09    epoch   4  loss 1.7144  acc 0.2999  val_loss 1.6361  val_acc 0.3090
2026-04-08 19:46:13    epoch   5  loss 1.7094  acc 0.3066  val_loss 1.6385  val_acc 0.3254
2026-04-08 19:46:17    epoch   6  loss 1.6953  acc 0.3139  val_loss 1.6356  val_acc 0.3288
2026-04-08 19:46:21    epoch   7  loss 1.6982  acc 0.3121  val_loss 1.6211  val_acc 0.3294
2026-04-08 19:46:25    epoch   8  loss 1.6850  acc 0.3190  val_loss 1.6351  val_acc 0.3153
2026-04-08 19:46:29    epoch   9  loss 1.6801  acc 0.3207  val_loss 1.6401  val_acc 0.3102
2026-04-08 19:46:33    epoch  10  loss 1.6760  acc 0.3184  val_loss 1.6227  val_acc 0.3345
2026-04-08 19:46:37    epoch  11  loss 1.6766  acc 0.3218  val_loss 1.6248  val_acc 0.3311
2026-04-08 19:46:41    epoch  12  loss 1.6666  acc 0.3289  val_loss 1.5992  val_acc 0.3508
2026-04-08 19:46:45    epoch  13  loss 1.6663  acc 0.3288  val_loss 1.6068  val_acc 0.3418
2026-04-08 19:46:49    epoch  14  loss 1.6620  acc 0.3264  val_loss 1.6030  val_acc 0.3492
2026-04-08 19:46:53    epoch  15  loss 1.6539  acc 0.3326  val_loss 1.6325  val_acc 0.3243
2026-04-08 19:46:57    epoch  16  loss 1.6658  acc 0.3362  val_loss 1.6080  val_acc 0.3373
2026-04-08 19:47:01    epoch  17  loss 1.6594  acc 0.3360  val_loss 1.5982  val_acc 0.3446
2026-04-08 19:47:06    epoch  18  loss 1.6509  acc 0.3353  val_loss 1.6538  val_acc 0.3232
2026-04-08 19:47:10    epoch  19  loss 1.6459  acc 0.3370  val_loss 1.6018  val_acc 0.3390
2026-04-08 19:47:14    epoch  20  loss 1.6439  acc 0.3394  val_loss 1.5959  val_acc 0.3401
2026-04-08 19:47:18    epoch  21  loss 1.6374  acc 0.3481  val_loss 1.5896  val_acc 0.3458
2026-04-08 19:47:22    epoch  22  loss 1.6356  acc 0.3419  val_loss 1.5873  val_acc 0.3565
2026-04-08 19:47:26    epoch  23  loss 1.6348  acc 0.3459  val_loss 1.6026  val_acc 0.3266
2026-04-08 19:47:30    epoch  24  loss 1.6430  acc 0.3396  val_loss 1.5861  val_acc 0.3537
2026-04-08 19:47:34    epoch  25  loss 1.6383  acc 0.3457  val_loss 1.5985  val_acc 0.3486
2026-04-08 19:47:38    epoch  26  loss 1.6307  acc 0.3475  val_loss 1.6021  val_acc 0.3452
2026-04-08 19:47:42    epoch  27  loss 1.6319  acc 0.3475  val_loss 1.5713  val_acc 0.3751
2026-04-08 19:47:46    epoch  28  loss 1.6281  acc 0.3507  val_loss 1.5900  val_acc 0.3678
2026-04-08 19:47:50    epoch  29  loss 1.6254  acc 0.3502  val_loss 1.6342  val_acc 0.3582
2026-04-08 19:47:55    epoch  30  loss 1.6218  acc 0.3511  val_loss 1.5701  val_acc 0.3548
2026-04-08 19:47:59    epoch  31  loss 1.6151  acc 0.3505  val_loss 1.5741  val_acc 0.3718
2026-04-08 19:48:03    epoch  32  loss 1.6122  acc 0.3535  val_loss 1.5842  val_acc 0.3616
2026-04-08 19:48:07    epoch  33  loss 1.6139  acc 0.3549  val_loss 1.5577  val_acc 0.3763
2026-04-08 19:48:11    epoch  34  loss 1.6121  acc 0.3544  val_loss 1.5684  val_acc 0.3644
2026-04-08 19:48:15    epoch  35  loss 1.6138  acc 0.3571  val_loss 1.5727  val_acc 0.3774
2026-04-08 19:48:19    epoch  36  loss 1.6002  acc 0.3651  val_loss 1.5544  val_acc 0.3712
2026-04-08 19:48:23    epoch  37  loss 1.6095  acc 0.3567  val_loss 1.5836  val_acc 0.3729
2026-04-08 19:48:27    epoch  38  loss 1.6070  acc 0.3626  val_loss 1.5557  val_acc 0.3819
2026-04-08 19:48:31    epoch  39  loss 1.6005  acc 0.3625  val_loss 1.5377  val_acc 0.3887
2026-04-08 19:48:35    epoch  40  loss 1.5986  acc 0.3619  val_loss 1.6296  val_acc 0.3339
2026-04-08 19:48:39    epoch  41  loss 1.5965  acc 0.3635  val_loss 1.5560  val_acc 0.3678
2026-04-08 19:48:43    epoch  42  loss 1.5922  acc 0.3632  val_loss 1.5555  val_acc 0.3836
2026-04-08 19:48:47    epoch  43  loss 1.5964  acc 0.3645  val_loss 1.5339  val_acc 0.3814
2026-04-08 19:48:51    epoch  44  loss 1.5842  acc 0.3649  val_loss 1.5367  val_acc 0.3836
2026-04-08 19:48:55    epoch  45  loss 1.5899  acc 0.3688  val_loss 1.5508  val_acc 0.3718
2026-04-08 19:48:59    epoch  46  loss 1.5886  acc 0.3700  val_loss 1.5231  val_acc 0.3910
2026-04-08 19:49:03    epoch  47  loss 1.5866  acc 0.3666  val_loss 1.5303  val_acc 0.3808
2026-04-08 19:49:08    epoch  48  loss 1.5875  acc 0.3725  val_loss 1.5506  val_acc 0.3701
2026-04-08 19:49:12    epoch  49  loss 1.5818  acc 0.3717  val_loss 1.5187  val_acc 0.3881
2026-04-08 19:49:16    epoch  50  loss 1.5801  acc 0.3655  val_loss 1.5291  val_acc 0.3746
2026-04-08 19:49:20    epoch  51  loss 1.5850  acc 0.3689  val_loss 1.5357  val_acc 0.3831
2026-04-08 19:49:24    epoch  52  loss 1.5759  acc 0.3733  val_loss 1.5435  val_acc 0.3836
2026-04-08 19:49:28    epoch  53  loss 1.5818  acc 0.3700  val_loss 1.5280  val_acc 0.3898
2026-04-08 19:49:32    epoch  54  loss 1.5798  acc 0.3734  val_loss 1.5188  val_acc 0.3893
2026-04-08 19:49:37    epoch  55  loss 1.5614  acc 0.3739  val_loss 1.5223  val_acc 0.3870
2026-04-08 19:49:41    epoch  56  loss 1.5491  acc 0.3805  val_loss 1.5169  val_acc 0.3972
2026-04-08 19:49:45    epoch  57  loss 1.5531  acc 0.3879  val_loss 1.5091  val_acc 0.3994
2026-04-08 19:49:49    epoch  58  loss 1.5508  acc 0.3856  val_loss 1.4953  val_acc 0.3989
2026-04-08 19:49:53    epoch  59  loss 1.5551  acc 0.3845  val_loss 1.5230  val_acc 0.3887
2026-04-08 19:49:57    epoch  60  loss 1.5438  acc 0.3914  val_loss 1.5252  val_acc 0.3927
2026-04-08 19:50:01    epoch  61  loss 1.5421  acc 0.3875  val_loss 1.5218  val_acc 0.3842
2026-04-08 19:50:06    epoch  62  loss 1.5450  acc 0.3869  val_loss 1.5095  val_acc 0.3960
2026-04-08 19:50:10    epoch  63  loss 1.5468  acc 0.3852  val_loss 1.5042  val_acc 0.3949
2026-04-08 19:50:14    epoch  64  loss 1.5283  acc 0.3905  val_loss 1.4877  val_acc 0.4034
2026-04-08 19:50:18    epoch  65  loss 1.5329  acc 0.3929  val_loss 1.4994  val_acc 0.4045
2026-04-08 19:50:22    epoch  66  loss 1.5228  acc 0.3954  val_loss 1.4927  val_acc 0.4040
2026-04-08 19:50:26    epoch  67  loss 1.5375  acc 0.3862  val_loss 1.4925  val_acc 0.4034
2026-04-08 19:50:31    epoch  68  loss 1.5240  acc 0.3941  val_loss 1.4959  val_acc 0.4000
2026-04-08 19:50:35    epoch  69  loss 1.5294  acc 0.3955  val_loss 1.4931  val_acc 0.4034
2026-04-08 19:50:39    epoch  70  loss 1.5307  acc 0.3905  val_loss 1.5007  val_acc 0.3983
2026-04-08 19:50:43    epoch  71  loss 1.5265  acc 0.3931  val_loss 1.4854  val_acc 0.3994
2026-04-08 19:50:47    epoch  72  loss 1.5272  acc 0.3980  val_loss 1.4882  val_acc 0.4023
2026-04-08 19:50:51    epoch  73  loss 1.5243  acc 0.3952  val_loss 1.4867  val_acc 0.3955
2026-04-08 19:50:56    epoch  74  loss 1.5275  acc 0.3956  val_loss 1.4805  val_acc 0.4096
2026-04-08 19:51:00    epoch  75  loss 1.5220  acc 0.3894  val_loss 1.5025  val_acc 0.3944
2026-04-08 19:51:04    epoch  76  loss 1.5145  acc 0.4037  val_loss 1.4838  val_acc 0.4040
2026-04-08 19:51:08    epoch  77  loss 1.5338  acc 0.3926  val_loss 1.4813  val_acc 0.4085
2026-04-08 19:51:12    epoch  78  loss 1.5242  acc 0.3963  val_loss 1.4871  val_acc 0.4068
2026-04-08 19:51:16    epoch  79  loss 1.5251  acc 0.3925  val_loss 1.4824  val_acc 0.4062
2026-04-08 19:51:20    epoch  80  loss 1.5199  acc 0.4005  val_loss 1.4868  val_acc 0.4011
2026-04-08 19:51:25    epoch  81  loss 1.5207  acc 0.3983  val_loss 1.4812  val_acc 0.4096
2026-04-08 19:51:29    epoch  82  loss 1.5162  acc 0.4007  val_loss 1.4846  val_acc 0.4073
2026-04-08 19:51:29    Early stopping at epoch 82
2026-04-08 19:51:29    User12 accuracy: 0.2896
2026-04-08 19:51:29  Best model: /home/mahmudm2/codebase/ClassyGlass/scripts/benchmark/models/cnn_best_W100_S75.pth  (acc=0.4400)
2026-04-08 19:51:29  ============================================================
2026-04-08 19:51:29  LOSO SUMMARY
2026-04-08 19:51:29  ============================================================
2026-04-08 19:51:29    User1: 0.2806
2026-04-08 19:51:29    User2: 0.4400
2026-04-08 19:51:29    User3: 0.3748
2026-04-08 19:51:29    User4: 0.3686
2026-04-08 19:51:29    User5: 0.3673
2026-04-08 19:51:29    User6: 0.3390
2026-04-08 19:51:29    User7: 0.2966
2026-04-08 19:51:29    User8: 0.4168
2026-04-08 19:51:29    User9: 0.2955
2026-04-08 19:51:29    User10: 0.3209
2026-04-08 19:51:29    User11: 0.3430
2026-04-08 19:51:29    User12: 0.2896
2026-04-08 19:51:29    Mean accuracy : 0.3444
2026-04-08 19:51:29    Std  accuracy : 0.0489
2026-04-08 19:51:29  ============================================================
2026-04-08 19:51:29  CLASSIFICATION REPORT (all folds combined)
2026-04-08 19:51:29  ============================================================
2026-04-08 19:51:29  
                            precision    recall  f1-score   support

         Sitting – Reading       0.15      0.07      0.10      1874
         Sitting – Writing       0.23      0.22      0.23      2072
         Computer – Typing       0.32      0.47      0.38      2067
       Computer – Browsing       0.41      0.37      0.39      2103
Sitting – Moving head/body       0.25      0.37      0.29      1819
    Sitting – Moving chair       0.26      0.25      0.26      2073
     Stand up from sitting       0.32      0.35      0.33      2448
                  Standing       0.30      0.12      0.17      1381
                   Walking       0.43      0.53      0.48      1632
                   Running       0.65      0.77      0.70      1595
             Taking stairs       0.10      0.00      0.00       614

                  accuracy                           0.34     19678
                 macro avg       0.31      0.32      0.30     19678
              weighted avg       0.32      0.34      0.32     19678

2026-04-08 19:51:29  Confusion matrix saved to: /home/mahmudm2/codebase/ClassyGlass/scripts/benchmark/figures/cnn_confusion_matrix_W100_S75.png
2026-04-08 19:51:30  Per-subject accuracy chart saved to: /home/mahmudm2/codebase/ClassyGlass/scripts/benchmark/figures/cnn_per_subject_accuracy_W100_S75.png
2026-04-08 19:51:30  ============================================================
2026-04-08 19:51:30  cnn training complete
2026-04-08 19:51:30  ============================================================
