2026-04-08 19:51:38  ============================================================
2026-04-08 19:51:38  cnn  |  window=500  step=375
2026-04-08 19:51:38  Device  : cuda:1
2026-04-08 19:51:38  Flatten : True
2026-04-08 19:51:38  Log     : /home/mahmudm2/codebase/ClassyGlass/scripts/benchmark/logs/cnn_W500_S375.log
2026-04-08 19:51:38  Model   : /home/mahmudm2/codebase/ClassyGlass/scripts/benchmark/models/cnn_best_W500_S375.pth
2026-04-08 19:51:38  Figures : /home/mahmudm2/codebase/ClassyGlass/scripts/benchmark/figures
2026-04-08 19:51:38  ============================================================
2026-04-08 19:51:42  Loaded 3850 windows | window=500  step=375 | 129 experiments | 12 subjects | 0 experiments skipped
2026-04-08 19:51:42  ────────────────────────────────────────────────────────────
2026-04-08 19:51:42  LOSO fold — held-out: User1 (221 test windows, 3629 train windows)
2026-04-08 19:51:47    epoch   1  loss 2.0044  acc 0.2280  val_loss 1.6994  val_acc 0.3011
2026-04-08 19:51:48    epoch   2  loss 1.7350  acc 0.2779  val_loss 1.5992  val_acc 0.2901
2026-04-08 19:51:49    epoch   3  loss 1.6914  acc 0.2935  val_loss 1.5997  val_acc 0.3398
2026-04-08 19:51:50    epoch   4  loss 1.6674  acc 0.3024  val_loss 1.6850  val_acc 0.2790
2026-04-08 19:51:50    epoch   5  loss 1.6528  acc 0.3061  val_loss 1.5578  val_acc 0.3094
2026-04-08 19:51:51    epoch   6  loss 1.6402  acc 0.3098  val_loss 1.5340  val_acc 0.3066
2026-04-08 19:51:52    epoch   7  loss 1.6079  acc 0.3150  val_loss 1.5111  val_acc 0.3204
2026-04-08 19:51:53    epoch   8  loss 1.6097  acc 0.3242  val_loss 1.5765  val_acc 0.2928
2026-04-08 19:51:54    epoch   9  loss 1.6131  acc 0.3122  val_loss 1.4865  val_acc 0.3177
2026-04-08 19:51:55    epoch  10  loss 1.5868  acc 0.3303  val_loss 1.6658  val_acc 0.2597
2026-04-08 19:51:56    epoch  11  loss 1.5831  acc 0.3318  val_loss 1.4977  val_acc 0.3453
2026-04-08 19:51:56    epoch  12  loss 1.5882  acc 0.3251  val_loss 1.4710  val_acc 0.3536
2026-04-08 19:51:57    epoch  13  loss 1.5783  acc 0.3343  val_loss 1.4827  val_acc 0.3204
2026-04-08 19:51:58    epoch  14  loss 1.5545  acc 0.3385  val_loss 1.4566  val_acc 0.3398
2026-04-08 19:51:59    epoch  15  loss 1.5424  acc 0.3465  val_loss 1.4987  val_acc 0.3204
2026-04-08 19:52:00    epoch  16  loss 1.5506  acc 0.3404  val_loss 1.4887  val_acc 0.3315
2026-04-08 19:52:01    epoch  17  loss 1.5558  acc 0.3349  val_loss 1.4275  val_acc 0.3591
2026-04-08 19:52:02    epoch  18  loss 1.5374  acc 0.3376  val_loss 1.4476  val_acc 0.3702
2026-04-08 19:52:03    epoch  19  loss 1.5371  acc 0.3388  val_loss 1.4417  val_acc 0.3398
2026-04-08 19:52:03    epoch  20  loss 1.5398  acc 0.3597  val_loss 1.4319  val_acc 0.3757
2026-04-08 19:52:04    epoch  21  loss 1.5259  acc 0.3554  val_loss 1.4269  val_acc 0.3481
2026-04-08 19:52:05    epoch  22  loss 1.5345  acc 0.3499  val_loss 1.4432  val_acc 0.3343
2026-04-08 19:52:06    epoch  23  loss 1.5230  acc 0.3502  val_loss 1.4723  val_acc 0.3646
2026-04-08 19:52:07    epoch  24  loss 1.5646  acc 0.3330  val_loss 1.4395  val_acc 0.3674
2026-04-08 19:52:08    epoch  25  loss 1.4984  acc 0.3652  val_loss 1.4295  val_acc 0.3812
2026-04-08 19:52:09    epoch  26  loss 1.5089  acc 0.3590  val_loss 1.4515  val_acc 0.3508
2026-04-08 19:52:09    epoch  27  loss 1.5007  acc 0.3566  val_loss 1.4074  val_acc 0.3978
2026-04-08 19:52:10    epoch  28  loss 1.4885  acc 0.3713  val_loss 1.4098  val_acc 0.3453
2026-04-08 19:52:11    epoch  29  loss 1.4809  acc 0.3701  val_loss 1.4049  val_acc 0.3481
2026-04-08 19:52:12    epoch  30  loss 1.5015  acc 0.3569  val_loss 1.4178  val_acc 0.3425
2026-04-08 19:52:13    epoch  31  loss 1.5180  acc 0.3514  val_loss 1.4118  val_acc 0.3481
2026-04-08 19:52:14    epoch  32  loss 1.5162  acc 0.3658  val_loss 1.4063  val_acc 0.3702
2026-04-08 19:52:15    epoch  33  loss 1.4718  acc 0.3713  val_loss 1.3913  val_acc 0.3785
2026-04-08 19:52:15    epoch  34  loss 1.5036  acc 0.3664  val_loss 1.4185  val_acc 0.3591
2026-04-08 19:52:16    epoch  35  loss 1.4898  acc 0.3695  val_loss 1.4431  val_acc 0.3702
2026-04-08 19:52:17    epoch  36  loss 1.4914  acc 0.3695  val_loss 1.3996  val_acc 0.3867
2026-04-08 19:52:18    epoch  37  loss 1.4888  acc 0.3664  val_loss 1.4273  val_acc 0.3895
2026-04-08 19:52:19    epoch  38  loss 1.4957  acc 0.3786  val_loss 1.4280  val_acc 0.3646
2026-04-08 19:52:20    epoch  39  loss 1.4876  acc 0.3792  val_loss 1.3900  val_acc 0.3757
2026-04-08 19:52:20    epoch  40  loss 1.4836  acc 0.3799  val_loss 1.4038  val_acc 0.3950
2026-04-08 19:52:21    epoch  41  loss 1.4875  acc 0.3753  val_loss 1.3946  val_acc 0.4006
2026-04-08 19:52:22    epoch  42  loss 1.4670  acc 0.3918  val_loss 1.3983  val_acc 0.3757
2026-04-08 19:52:23    epoch  43  loss 1.4713  acc 0.3820  val_loss 1.3805  val_acc 0.3950
2026-04-08 19:52:24    epoch  44  loss 1.5008  acc 0.3750  val_loss 1.4253  val_acc 0.3757
2026-04-08 19:52:25    epoch  45  loss 1.4764  acc 0.3768  val_loss 1.3931  val_acc 0.3978
2026-04-08 19:52:26    epoch  46  loss 1.4564  acc 0.3903  val_loss 1.3751  val_acc 0.3923
2026-04-08 19:52:26    epoch  47  loss 1.4506  acc 0.3939  val_loss 1.3853  val_acc 0.3729
2026-04-08 19:52:27    epoch  48  loss 1.4582  acc 0.3829  val_loss 1.3799  val_acc 0.4088
2026-04-08 19:52:28    epoch  49  loss 1.4707  acc 0.3841  val_loss 1.4461  val_acc 0.3646
2026-04-08 19:52:29    epoch  50  loss 1.4705  acc 0.3906  val_loss 1.3780  val_acc 0.3785
2026-04-08 19:52:30    epoch  51  loss 1.4682  acc 0.3841  val_loss 1.3779  val_acc 0.4088
2026-04-08 19:52:31    epoch  52  loss 1.4598  acc 0.3909  val_loss 1.3734  val_acc 0.3978
2026-04-08 19:52:32    epoch  53  loss 1.4486  acc 0.3838  val_loss 1.3784  val_acc 0.3950
2026-04-08 19:52:32    epoch  54  loss 1.4669  acc 0.3958  val_loss 1.3751  val_acc 0.4006
2026-04-08 19:52:33    epoch  55  loss 1.4538  acc 0.3860  val_loss 1.3739  val_acc 0.3978
2026-04-08 19:52:34    epoch  56  loss 1.4717  acc 0.3884  val_loss 1.3725  val_acc 0.3923
2026-04-08 19:52:35    epoch  57  loss 1.4323  acc 0.4047  val_loss 1.3904  val_acc 0.3950
2026-04-08 19:52:36    epoch  58  loss 1.4480  acc 0.3762  val_loss 1.3748  val_acc 0.4061
2026-04-08 19:52:37    epoch  59  loss 1.4565  acc 0.3906  val_loss 1.3663  val_acc 0.4088
2026-04-08 19:52:38    epoch  60  loss 1.4476  acc 0.4004  val_loss 1.3669  val_acc 0.4006
2026-04-08 19:52:39    epoch  61  loss 1.4507  acc 0.4034  val_loss 1.3738  val_acc 0.3978
2026-04-08 19:52:39    epoch  62  loss 1.4376  acc 0.3927  val_loss 1.3752  val_acc 0.3895
2026-04-08 19:52:40    epoch  63  loss 1.4669  acc 0.3805  val_loss 1.3678  val_acc 0.4144
2026-04-08 19:52:41    epoch  64  loss 1.4439  acc 0.3927  val_loss 1.3668  val_acc 0.4006
2026-04-08 19:52:42    epoch  65  loss 1.4500  acc 0.3881  val_loss 1.3697  val_acc 0.4033
2026-04-08 19:52:43    epoch  66  loss 1.4484  acc 0.3964  val_loss 1.3824  val_acc 0.3895
2026-04-08 19:52:44    epoch  67  loss 1.4345  acc 0.4004  val_loss 1.3660  val_acc 0.4116
2026-04-08 19:52:45    epoch  68  loss 1.4296  acc 0.4111  val_loss 1.3653  val_acc 0.3923
2026-04-08 19:52:45    epoch  69  loss 1.4337  acc 0.4022  val_loss 1.3627  val_acc 0.3840
2026-04-08 19:52:46    epoch  70  loss 1.4316  acc 0.4001  val_loss 1.3613  val_acc 0.4227
2026-04-08 19:52:47    epoch  71  loss 1.4433  acc 0.4022  val_loss 1.3697  val_acc 0.4171
2026-04-08 19:52:48    epoch  72  loss 1.4280  acc 0.4016  val_loss 1.3607  val_acc 0.4088
2026-04-08 19:52:49    epoch  73  loss 1.4321  acc 0.3939  val_loss 1.3610  val_acc 0.4088
2026-04-08 19:52:50    epoch  74  loss 1.4425  acc 0.3924  val_loss 1.3703  val_acc 0.3785
2026-04-08 19:52:51    epoch  75  loss 1.4481  acc 0.3933  val_loss 1.3647  val_acc 0.4171
2026-04-08 19:52:51    epoch  76  loss 1.4342  acc 0.3973  val_loss 1.3641  val_acc 0.4088
2026-04-08 19:52:52    epoch  77  loss 1.4303  acc 0.4019  val_loss 1.3563  val_acc 0.4061
2026-04-08 19:52:53    epoch  78  loss 1.4398  acc 0.3933  val_loss 1.3627  val_acc 0.4171
2026-04-08 19:52:54    epoch  79  loss 1.4347  acc 0.4047  val_loss 1.3743  val_acc 0.4116
2026-04-08 19:52:55    epoch  80  loss 1.4510  acc 0.3832  val_loss 1.3652  val_acc 0.4033
2026-04-08 19:52:56    epoch  81  loss 1.4371  acc 0.3921  val_loss 1.3609  val_acc 0.4171
2026-04-08 19:52:57    epoch  82  loss 1.4303  acc 0.4028  val_loss 1.3606  val_acc 0.4171
2026-04-08 19:52:57    epoch  83  loss 1.4331  acc 0.3982  val_loss 1.3616  val_acc 0.4171
2026-04-08 19:52:58    epoch  84  loss 1.4390  acc 0.4022  val_loss 1.3640  val_acc 0.4144
2026-04-08 19:52:59    epoch  85  loss 1.4444  acc 0.3933  val_loss 1.3622  val_acc 0.4033
2026-04-08 19:52:59    Early stopping at epoch 85
2026-04-08 19:52:59    User1 accuracy: 0.3077
2026-04-08 19:52:59    ✓ New best model saved (User1 held out, acc=0.3077)
2026-04-08 19:53:00  ────────────────────────────────────────────────────────────
2026-04-08 19:53:00  LOSO fold — held-out: User2 (202 test windows, 3648 train windows)
2026-04-08 19:53:01    epoch   1  loss 2.0097  acc 0.2174  val_loss 1.7829  val_acc 0.2940
2026-04-08 19:53:01    epoch   2  loss 1.7842  acc 0.2792  val_loss 1.6496  val_acc 0.2802
2026-04-08 19:53:02    epoch   3  loss 1.7259  acc 0.2871  val_loss 1.6203  val_acc 0.2995
2026-04-08 19:53:03    epoch   4  loss 1.6838  acc 0.3033  val_loss 1.5881  val_acc 0.2967
2026-04-08 19:53:04    epoch   5  loss 1.6821  acc 0.3012  val_loss 1.6259  val_acc 0.2885
2026-04-08 19:53:05    epoch   6  loss 1.6712  acc 0.3085  val_loss 1.5995  val_acc 0.3049
2026-04-08 19:53:06    epoch   7  loss 1.6319  acc 0.3182  val_loss 1.5841  val_acc 0.3049
2026-04-08 19:53:07    epoch   8  loss 1.6349  acc 0.3100  val_loss 1.5442  val_acc 0.3159
2026-04-08 19:53:07    epoch   9  loss 1.6178  acc 0.3261  val_loss 1.5298  val_acc 0.3077
2026-04-08 19:53:08    epoch  10  loss 1.6159  acc 0.3276  val_loss 1.5806  val_acc 0.2967
2026-04-08 19:53:09    epoch  11  loss 1.6064  acc 0.3182  val_loss 1.5566  val_acc 0.3132
2026-04-08 19:53:10    epoch  12  loss 1.6351  acc 0.3094  val_loss 1.5122  val_acc 0.3132
2026-04-08 19:53:11    epoch  13  loss 1.5894  acc 0.3240  val_loss 1.5069  val_acc 0.3242
2026-04-08 19:53:12    epoch  14  loss 1.6061  acc 0.3264  val_loss 1.5369  val_acc 0.3434
2026-04-08 19:53:13    epoch  15  loss 1.5765  acc 0.3264  val_loss 1.5104  val_acc 0.3104
2026-04-08 19:53:14    epoch  16  loss 1.5954  acc 0.3264  val_loss 1.5187  val_acc 0.3269
2026-04-08 19:53:14    epoch  17  loss 1.5862  acc 0.3234  val_loss 1.4893  val_acc 0.3269
2026-04-08 19:53:15    epoch  18  loss 1.5541  acc 0.3362  val_loss 1.4914  val_acc 0.3104
2026-04-08 19:53:16    epoch  19  loss 1.5669  acc 0.3380  val_loss 1.4832  val_acc 0.3599
2026-04-08 19:53:17    epoch  20  loss 1.5821  acc 0.3374  val_loss 1.4924  val_acc 0.3214
2026-04-08 19:53:18    epoch  21  loss 1.5649  acc 0.3447  val_loss 1.4778  val_acc 0.3324
2026-04-08 19:53:19    epoch  22  loss 1.5530  acc 0.3404  val_loss 1.4704  val_acc 0.3516
2026-04-08 19:53:20    epoch  23  loss 1.5498  acc 0.3523  val_loss 1.4835  val_acc 0.3434
2026-04-08 19:53:20    epoch  24  loss 1.5546  acc 0.3584  val_loss 1.4776  val_acc 0.3571
2026-04-08 19:53:21    epoch  25  loss 1.5632  acc 0.3423  val_loss 1.4649  val_acc 0.3324
2026-04-08 19:53:22    epoch  26  loss 1.5464  acc 0.3566  val_loss 1.4752  val_acc 0.3764
2026-04-08 19:53:23    epoch  27  loss 1.5681  acc 0.3499  val_loss 1.5200  val_acc 0.3324
2026-04-08 19:53:24    epoch  28  loss 1.5498  acc 0.3438  val_loss 1.4643  val_acc 0.3654
2026-04-08 19:53:25    epoch  29  loss 1.5579  acc 0.3520  val_loss 1.5348  val_acc 0.3324
2026-04-08 19:53:26    epoch  30  loss 1.5328  acc 0.3572  val_loss 1.4724  val_acc 0.3736
2026-04-08 19:53:26    epoch  31  loss 1.5458  acc 0.3651  val_loss 1.4550  val_acc 0.3462
2026-04-08 19:53:27    epoch  32  loss 1.5274  acc 0.3691  val_loss 1.4634  val_acc 0.3681
2026-04-08 19:53:28    epoch  33  loss 1.5336  acc 0.3496  val_loss 1.5758  val_acc 0.2967
2026-04-08 19:53:29    epoch  34  loss 1.5471  acc 0.3590  val_loss 1.4883  val_acc 0.3352
2026-04-08 19:53:30    epoch  35  loss 1.5246  acc 0.3706  val_loss 1.4473  val_acc 0.3681
2026-04-08 19:53:31    epoch  36  loss 1.5225  acc 0.3688  val_loss 1.4564  val_acc 0.3654
2026-04-08 19:53:32    epoch  37  loss 1.5285  acc 0.3681  val_loss 1.5308  val_acc 0.3434
2026-04-08 19:53:33    epoch  38  loss 1.5156  acc 0.3663  val_loss 1.4787  val_acc 0.3709
2026-04-08 19:53:33    epoch  39  loss 1.5206  acc 0.3697  val_loss 1.4267  val_acc 0.3764
2026-04-08 19:53:34    epoch  40  loss 1.5132  acc 0.3773  val_loss 1.4257  val_acc 0.3626
2026-04-08 19:53:35    epoch  41  loss 1.5268  acc 0.3645  val_loss 1.4461  val_acc 0.3929
2026-04-08 19:53:36    epoch  42  loss 1.5107  acc 0.3755  val_loss 1.4739  val_acc 0.3571
2026-04-08 19:53:37    epoch  43  loss 1.5134  acc 0.3712  val_loss 1.4693  val_acc 0.3379
2026-04-08 19:53:38    epoch  44  loss 1.5017  acc 0.3718  val_loss 1.4655  val_acc 0.3599
2026-04-08 19:53:39    epoch  45  loss 1.5052  acc 0.3770  val_loss 1.4383  val_acc 0.3709
2026-04-08 19:53:39    epoch  46  loss 1.5079  acc 0.3691  val_loss 1.4232  val_acc 0.3681
2026-04-08 19:53:40    epoch  47  loss 1.4992  acc 0.3739  val_loss 1.4170  val_acc 0.4066
2026-04-08 19:53:41    epoch  48  loss 1.4962  acc 0.3815  val_loss 1.4205  val_acc 0.3654
2026-04-08 19:53:42    epoch  49  loss 1.4924  acc 0.3815  val_loss 1.4109  val_acc 0.3736
2026-04-08 19:53:43    epoch  50  loss 1.4923  acc 0.3898  val_loss 1.4208  val_acc 0.3654
2026-04-08 19:53:44    epoch  51  loss 1.4906  acc 0.3870  val_loss 1.4108  val_acc 0.3681
2026-04-08 19:53:45    epoch  52  loss 1.4968  acc 0.3815  val_loss 1.4378  val_acc 0.3544
2026-04-08 19:53:45    epoch  53  loss 1.4796  acc 0.3809  val_loss 1.4400  val_acc 0.3791
2026-04-08 19:53:46    epoch  54  loss 1.4827  acc 0.3812  val_loss 1.4599  val_acc 0.3736
2026-04-08 19:53:47    epoch  55  loss 1.4812  acc 0.3806  val_loss 1.4051  val_acc 0.3791
2026-04-08 19:53:48    epoch  56  loss 1.4768  acc 0.3837  val_loss 1.4224  val_acc 0.3764
2026-04-08 19:53:49    epoch  57  loss 1.4723  acc 0.3901  val_loss 1.4080  val_acc 0.3681
2026-04-08 19:53:50    epoch  58  loss 1.4717  acc 0.3910  val_loss 1.4115  val_acc 0.3626
2026-04-08 19:53:51    epoch  59  loss 1.4620  acc 0.3943  val_loss 1.4071  val_acc 0.3571
2026-04-08 19:53:51    epoch  60  loss 1.4694  acc 0.3898  val_loss 1.4108  val_acc 0.3956
2026-04-08 19:53:52    epoch  61  loss 1.4626  acc 0.3998  val_loss 1.4115  val_acc 0.3654
2026-04-08 19:53:53    epoch  62  loss 1.4570  acc 0.4013  val_loss 1.3991  val_acc 0.3681
2026-04-08 19:53:54    epoch  63  loss 1.4708  acc 0.3864  val_loss 1.4083  val_acc 0.3709
2026-04-08 19:53:55    epoch  64  loss 1.4475  acc 0.4001  val_loss 1.3995  val_acc 0.3736
2026-04-08 19:53:56    epoch  65  loss 1.4581  acc 0.3928  val_loss 1.3973  val_acc 0.3599
2026-04-08 19:53:57    epoch  66  loss 1.4595  acc 0.3870  val_loss 1.3978  val_acc 0.3874
2026-04-08 19:53:57    epoch  67  loss 1.4561  acc 0.3959  val_loss 1.3992  val_acc 0.3681
2026-04-08 19:53:58    epoch  68  loss 1.4527  acc 0.3934  val_loss 1.4024  val_acc 0.3956
2026-04-08 19:53:59    epoch  69  loss 1.4691  acc 0.3925  val_loss 1.4015  val_acc 0.3791
2026-04-08 19:54:00    epoch  70  loss 1.4539  acc 0.3952  val_loss 1.3998  val_acc 0.3791
2026-04-08 19:54:01    epoch  71  loss 1.4594  acc 0.3962  val_loss 1.4042  val_acc 0.3654
2026-04-08 19:54:02    epoch  72  loss 1.4674  acc 0.3815  val_loss 1.3934  val_acc 0.3736
2026-04-08 19:54:03    epoch  73  loss 1.4447  acc 0.3907  val_loss 1.4021  val_acc 0.3681
2026-04-08 19:54:04    epoch  74  loss 1.4541  acc 0.3904  val_loss 1.3922  val_acc 0.3681
2026-04-08 19:54:04    epoch  75  loss 1.4489  acc 0.3980  val_loss 1.4027  val_acc 0.3736
2026-04-08 19:54:05    epoch  76  loss 1.4655  acc 0.3898  val_loss 1.3964  val_acc 0.3681
2026-04-08 19:54:06    epoch  77  loss 1.4619  acc 0.3922  val_loss 1.3980  val_acc 0.3709
2026-04-08 19:54:07    epoch  78  loss 1.4356  acc 0.4013  val_loss 1.4106  val_acc 0.3626
2026-04-08 19:54:08    epoch  79  loss 1.4668  acc 0.3819  val_loss 1.3973  val_acc 0.3736
2026-04-08 19:54:09    epoch  80  loss 1.4584  acc 0.3962  val_loss 1.3969  val_acc 0.3764
2026-04-08 19:54:10    epoch  81  loss 1.4438  acc 0.4029  val_loss 1.3955  val_acc 0.3654
2026-04-08 19:54:11    epoch  82  loss 1.4575  acc 0.3940  val_loss 1.3967  val_acc 0.3819
2026-04-08 19:54:11    Early stopping at epoch 82
2026-04-08 19:54:11    User2 accuracy: 0.4208
2026-04-08 19:54:11    ✓ New best model saved (User2 held out, acc=0.4208)
2026-04-08 19:54:11  ────────────────────────────────────────────────────────────
2026-04-08 19:54:11  LOSO fold — held-out: User3 (202 test windows, 3648 train windows)
2026-04-08 19:54:12    epoch   1  loss 2.0037  acc 0.2339  val_loss 1.7187  val_acc 0.2747
2026-04-08 19:54:13    epoch   2  loss 1.7858  acc 0.2631  val_loss 1.6831  val_acc 0.2857
2026-04-08 19:54:14    epoch   3  loss 1.7196  acc 0.2862  val_loss 1.6329  val_acc 0.2912
2026-04-08 19:54:15    epoch   4  loss 1.6686  acc 0.3051  val_loss 1.5948  val_acc 0.3159
2026-04-08 19:54:16    epoch   5  loss 1.6600  acc 0.3158  val_loss 1.5736  val_acc 0.3407
2026-04-08 19:54:16    epoch   6  loss 1.6551  acc 0.3082  val_loss 1.5810  val_acc 0.3434
2026-04-08 19:54:17    epoch   7  loss 1.6535  acc 0.3143  val_loss 1.5743  val_acc 0.2940
2026-04-08 19:54:18    epoch   8  loss 1.6099  acc 0.3225  val_loss 1.5643  val_acc 0.3214
2026-04-08 19:54:19    epoch   9  loss 1.6080  acc 0.3231  val_loss 1.5069  val_acc 0.3077
2026-04-08 19:54:20    epoch  10  loss 1.5849  acc 0.3231  val_loss 1.5378  val_acc 0.3242
2026-04-08 19:54:21    epoch  11  loss 1.5663  acc 0.3356  val_loss 1.5500  val_acc 0.3132
2026-04-08 19:54:22    epoch  12  loss 1.5912  acc 0.3331  val_loss 1.5822  val_acc 0.3132
2026-04-08 19:54:22    epoch  13  loss 1.5849  acc 0.3337  val_loss 1.5452  val_acc 0.2995
2026-04-08 19:54:23    epoch  14  loss 1.5772  acc 0.3392  val_loss 1.4975  val_acc 0.3544
2026-04-08 19:54:24    epoch  15  loss 1.5812  acc 0.3347  val_loss 1.5843  val_acc 0.3324
2026-04-08 19:54:25    epoch  16  loss 1.5682  acc 0.3347  val_loss 1.5172  val_acc 0.3324
2026-04-08 19:54:26    epoch  17  loss 1.5673  acc 0.3365  val_loss 1.4923  val_acc 0.3599
2026-04-08 19:54:27    epoch  18  loss 1.5846  acc 0.3432  val_loss 1.5055  val_acc 0.3489
2026-04-08 19:54:28    epoch  19  loss 1.5552  acc 0.3511  val_loss 1.4802  val_acc 0.3379
2026-04-08 19:54:28    epoch  20  loss 1.5551  acc 0.3468  val_loss 1.4771  val_acc 0.3599
2026-04-08 19:54:29    epoch  21  loss 1.5621  acc 0.3386  val_loss 1.4662  val_acc 0.3462
2026-04-08 19:54:30    epoch  22  loss 1.5365  acc 0.3563  val_loss 1.4888  val_acc 0.3571
2026-04-08 19:54:31    epoch  23  loss 1.5359  acc 0.3541  val_loss 1.4456  val_acc 0.3791
2026-04-08 19:54:32    epoch  24  loss 1.5595  acc 0.3468  val_loss 1.4604  val_acc 0.3516
2026-04-08 19:54:33    epoch  25  loss 1.5574  acc 0.3557  val_loss 1.4665  val_acc 0.3516
2026-04-08 19:54:34    epoch  26  loss 1.5272  acc 0.3654  val_loss 1.4646  val_acc 0.3819
2026-04-08 19:54:34    epoch  27  loss 1.5452  acc 0.3441  val_loss 1.4740  val_acc 0.3681
2026-04-08 19:54:35    epoch  28  loss 1.5251  acc 0.3563  val_loss 1.6204  val_acc 0.2995
2026-04-08 19:54:36    epoch  29  loss 1.5231  acc 0.3611  val_loss 1.4705  val_acc 0.3681
2026-04-08 19:54:37    epoch  30  loss 1.5085  acc 0.3560  val_loss 1.4408  val_acc 0.3819
2026-04-08 19:54:38    epoch  31  loss 1.5125  acc 0.3663  val_loss 1.4448  val_acc 0.3736
2026-04-08 19:54:39    epoch  32  loss 1.5179  acc 0.3718  val_loss 1.4479  val_acc 0.3599
2026-04-08 19:54:40    epoch  33  loss 1.5080  acc 0.3715  val_loss 1.4775  val_acc 0.3434
2026-04-08 19:54:40    epoch  34  loss 1.5039  acc 0.3782  val_loss 1.4671  val_acc 0.3516
2026-04-08 19:54:41    epoch  35  loss 1.5046  acc 0.3785  val_loss 1.4789  val_acc 0.3544
2026-04-08 19:54:42    epoch  36  loss 1.5007  acc 0.3758  val_loss 1.4404  val_acc 0.3599
2026-04-08 19:54:43    epoch  37  loss 1.4926  acc 0.3712  val_loss 1.4456  val_acc 0.3901
2026-04-08 19:54:44    epoch  38  loss 1.4986  acc 0.3627  val_loss 1.4441  val_acc 0.3681
2026-04-08 19:54:45    epoch  39  loss 1.4730  acc 0.3730  val_loss 1.4278  val_acc 0.4121
2026-04-08 19:54:46    epoch  40  loss 1.4865  acc 0.3621  val_loss 1.4259  val_acc 0.3791
2026-04-08 19:54:46    epoch  41  loss 1.4916  acc 0.3849  val_loss 1.4961  val_acc 0.3407
2026-04-08 19:54:47    epoch  42  loss 1.5037  acc 0.3651  val_loss 1.4253  val_acc 0.3929
2026-04-08 19:54:48    epoch  43  loss 1.4791  acc 0.3928  val_loss 1.4318  val_acc 0.3956
2026-04-08 19:54:49    epoch  44  loss 1.4772  acc 0.3809  val_loss 1.4248  val_acc 0.3929
2026-04-08 19:54:50    epoch  45  loss 1.4779  acc 0.3834  val_loss 1.4323  val_acc 0.3599
2026-04-08 19:54:51    epoch  46  loss 1.5011  acc 0.3779  val_loss 1.4277  val_acc 0.3681
2026-04-08 19:54:51    epoch  47  loss 1.4703  acc 0.3858  val_loss 1.4209  val_acc 0.3544
2026-04-08 19:54:52    epoch  48  loss 1.5052  acc 0.3791  val_loss 1.4330  val_acc 0.3544
2026-04-08 19:54:53    epoch  49  loss 1.4798  acc 0.3788  val_loss 1.4227  val_acc 0.3736
2026-04-08 19:54:54    epoch  50  loss 1.4610  acc 0.3855  val_loss 1.4326  val_acc 0.3571
2026-04-08 19:54:55    epoch  51  loss 1.5015  acc 0.3858  val_loss 1.4291  val_acc 0.3626
2026-04-08 19:54:56    epoch  52  loss 1.4877  acc 0.3873  val_loss 1.4231  val_acc 0.3819
2026-04-08 19:54:57    epoch  53  loss 1.4735  acc 0.3898  val_loss 1.4198  val_acc 0.3846
2026-04-08 19:54:57    epoch  54  loss 1.4756  acc 0.3770  val_loss 1.4180  val_acc 0.3736
2026-04-08 19:54:58    epoch  55  loss 1.4611  acc 0.3919  val_loss 1.4164  val_acc 0.4066
2026-04-08 19:54:59    epoch  56  loss 1.4703  acc 0.3870  val_loss 1.4233  val_acc 0.3874
2026-04-08 19:55:00    epoch  57  loss 1.4644  acc 0.3822  val_loss 1.4278  val_acc 0.3626
2026-04-08 19:55:01    epoch  58  loss 1.4738  acc 0.3843  val_loss 1.4151  val_acc 0.3599
2026-04-08 19:55:02    epoch  59  loss 1.4617  acc 0.3764  val_loss 1.4121  val_acc 0.3709
2026-04-08 19:55:03    epoch  60  loss 1.4758  acc 0.3767  val_loss 1.4181  val_acc 0.3709
2026-04-08 19:55:04    epoch  61  loss 1.4667  acc 0.3858  val_loss 1.4092  val_acc 0.3846
2026-04-08 19:55:04    epoch  62  loss 1.4967  acc 0.3748  val_loss 1.4214  val_acc 0.3736
2026-04-08 19:55:05    epoch  63  loss 1.4464  acc 0.3904  val_loss 1.4326  val_acc 0.3462
2026-04-08 19:55:06    epoch  64  loss 1.4615  acc 0.3907  val_loss 1.4162  val_acc 0.3791
2026-04-08 19:55:07    epoch  65  loss 1.4807  acc 0.3782  val_loss 1.4130  val_acc 0.3736
2026-04-08 19:55:08    epoch  66  loss 1.4568  acc 0.3895  val_loss 1.4256  val_acc 0.3819
2026-04-08 19:55:09    epoch  67  loss 1.4816  acc 0.3837  val_loss 1.4119  val_acc 0.3709
2026-04-08 19:55:09    epoch  68  loss 1.4599  acc 0.4068  val_loss 1.4169  val_acc 0.3874
2026-04-08 19:55:10    epoch  69  loss 1.4655  acc 0.3846  val_loss 1.4101  val_acc 0.3709
2026-04-08 19:55:10    Early stopping at epoch 69
2026-04-08 19:55:10    User3 accuracy: 0.4406
2026-04-08 19:55:10    ✓ New best model saved (User3 held out, acc=0.4406)
2026-04-08 19:55:11  ────────────────────────────────────────────────────────────
2026-04-08 19:55:11  LOSO fold — held-out: User4 (213 test windows, 3637 train windows)
2026-04-08 19:55:12    epoch   1  loss 2.0568  acc 0.2053  val_loss 1.7689  val_acc 0.2948
2026-04-08 19:55:13    epoch   2  loss 1.7800  acc 0.2630  val_loss 1.6456  val_acc 0.2865
2026-04-08 19:55:13    epoch   3  loss 1.7359  acc 0.2767  val_loss 1.6298  val_acc 0.3196
2026-04-08 19:55:14    epoch   4  loss 1.6841  acc 0.3076  val_loss 1.6129  val_acc 0.3802
2026-04-08 19:55:15    epoch   5  loss 1.6782  acc 0.2920  val_loss 1.6255  val_acc 0.3609
2026-04-08 19:55:16    epoch   6  loss 1.6584  acc 0.2972  val_loss 1.6141  val_acc 0.3388
2026-04-08 19:55:17    epoch   7  loss 1.6445  acc 0.3076  val_loss 1.5717  val_acc 0.3499
2026-04-08 19:55:18    epoch   8  loss 1.6418  acc 0.3079  val_loss 1.6410  val_acc 0.3664
2026-04-08 19:55:19    epoch   9  loss 1.6165  acc 0.3326  val_loss 1.5786  val_acc 0.3802
2026-04-08 19:55:20    epoch  10  loss 1.6057  acc 0.3268  val_loss 1.5335  val_acc 0.3857
2026-04-08 19:55:21    epoch  11  loss 1.6105  acc 0.3201  val_loss 1.5305  val_acc 0.3912
2026-04-08 19:55:21    epoch  12  loss 1.5932  acc 0.3277  val_loss 1.5131  val_acc 0.3857
2026-04-08 19:55:22    epoch  13  loss 1.5705  acc 0.3436  val_loss 1.5073  val_acc 0.3884
2026-04-08 19:55:23    epoch  14  loss 1.5770  acc 0.3415  val_loss 1.5205  val_acc 0.3939
2026-04-08 19:55:24    epoch  15  loss 1.5850  acc 0.3381  val_loss 1.6015  val_acc 0.3444
2026-04-08 19:55:25    epoch  16  loss 1.5720  acc 0.3345  val_loss 1.5197  val_acc 0.3691
2026-04-08 19:55:26    epoch  17  loss 1.5686  acc 0.3412  val_loss 1.5751  val_acc 0.3168
2026-04-08 19:55:27    epoch  18  loss 1.5795  acc 0.3406  val_loss 1.5234  val_acc 0.3526
2026-04-08 19:55:27    epoch  19  loss 1.5414  acc 0.3415  val_loss 1.4864  val_acc 0.4022
2026-04-08 19:55:28    epoch  20  loss 1.5312  acc 0.3503  val_loss 1.5158  val_acc 0.4022
2026-04-08 19:55:29    epoch  21  loss 1.5386  acc 0.3509  val_loss 1.4861  val_acc 0.4105
2026-04-08 19:55:30    epoch  22  loss 1.5529  acc 0.3473  val_loss 1.5206  val_acc 0.4160
2026-04-08 19:55:31    epoch  23  loss 1.5322  acc 0.3635  val_loss 1.4839  val_acc 0.3884
2026-04-08 19:55:31    epoch  24  loss 1.5354  acc 0.3592  val_loss 1.5302  val_acc 0.3994
2026-04-08 19:55:32    epoch  25  loss 1.5431  acc 0.3381  val_loss 1.4746  val_acc 0.4050
2026-04-08 19:55:33    epoch  26  loss 1.5109  acc 0.3531  val_loss 1.5210  val_acc 0.3884
2026-04-08 19:55:34    epoch  27  loss 1.5455  acc 0.3604  val_loss 1.4730  val_acc 0.3994
2026-04-08 19:55:35    epoch  28  loss 1.5424  acc 0.3586  val_loss 1.4669  val_acc 0.4160
2026-04-08 19:55:36    epoch  29  loss 1.5385  acc 0.3509  val_loss 1.4742  val_acc 0.4242
2026-04-08 19:55:37    epoch  30  loss 1.5524  acc 0.3543  val_loss 1.5151  val_acc 0.3939
2026-04-08 19:55:37    epoch  31  loss 1.5127  acc 0.3619  val_loss 1.4645  val_acc 0.4380
2026-04-08 19:55:38    epoch  32  loss 1.5416  acc 0.3552  val_loss 1.4866  val_acc 0.3857
2026-04-08 19:55:39    epoch  33  loss 1.5135  acc 0.3693  val_loss 1.4664  val_acc 0.4132
2026-04-08 19:55:40    epoch  34  loss 1.5020  acc 0.3626  val_loss 1.4657  val_acc 0.4270
2026-04-08 19:55:41    epoch  35  loss 1.5294  acc 0.3574  val_loss 1.5241  val_acc 0.4242
2026-04-08 19:55:42    epoch  36  loss 1.5103  acc 0.3665  val_loss 1.4746  val_acc 0.4215
2026-04-08 19:55:42    epoch  37  loss 1.5024  acc 0.3677  val_loss 1.4742  val_acc 0.4105
2026-04-08 19:55:43    epoch  38  loss 1.5135  acc 0.3729  val_loss 1.4418  val_acc 0.4270
2026-04-08 19:55:44    epoch  39  loss 1.5107  acc 0.3677  val_loss 1.4523  val_acc 0.3994
2026-04-08 19:55:45    epoch  40  loss 1.4847  acc 0.3845  val_loss 1.4535  val_acc 0.4325
2026-04-08 19:55:46    epoch  41  loss 1.5073  acc 0.3647  val_loss 1.4416  val_acc 0.4242
2026-04-08 19:55:47    epoch  42  loss 1.4990  acc 0.3677  val_loss 1.4766  val_acc 0.4132
2026-04-08 19:55:47    epoch  43  loss 1.5203  acc 0.3650  val_loss 1.4527  val_acc 0.4380
2026-04-08 19:55:48    epoch  44  loss 1.4800  acc 0.3922  val_loss 1.4467  val_acc 0.4242
2026-04-08 19:55:49    epoch  45  loss 1.4989  acc 0.3742  val_loss 1.4460  val_acc 0.4490
2026-04-08 19:55:50    epoch  46  loss 1.4761  acc 0.3903  val_loss 1.4772  val_acc 0.4022
2026-04-08 19:55:51    epoch  47  loss 1.4944  acc 0.3855  val_loss 1.4442  val_acc 0.4380
2026-04-08 19:55:52    epoch  48  loss 1.4838  acc 0.3885  val_loss 1.4410  val_acc 0.4435
2026-04-08 19:55:53    epoch  49  loss 1.4942  acc 0.3784  val_loss 1.4550  val_acc 0.4242
2026-04-08 19:55:53    epoch  50  loss 1.4720  acc 0.3903  val_loss 1.4573  val_acc 0.4298
2026-04-08 19:55:54    epoch  51  loss 1.4782  acc 0.3711  val_loss 1.4386  val_acc 0.4463
2026-04-08 19:55:55    epoch  52  loss 1.4604  acc 0.3864  val_loss 1.4431  val_acc 0.4408
2026-04-08 19:55:56    epoch  53  loss 1.4834  acc 0.3794  val_loss 1.4596  val_acc 0.4353
2026-04-08 19:55:57    epoch  54  loss 1.4766  acc 0.3726  val_loss 1.4341  val_acc 0.4380
2026-04-08 19:55:58    epoch  55  loss 1.4890  acc 0.3775  val_loss 1.4405  val_acc 0.4463
2026-04-08 19:55:59    epoch  56  loss 1.4894  acc 0.3775  val_loss 1.4373  val_acc 0.4463
2026-04-08 19:55:59    epoch  57  loss 1.5050  acc 0.3702  val_loss 1.4531  val_acc 0.4353
2026-04-08 19:56:00    epoch  58  loss 1.4846  acc 0.3803  val_loss 1.4341  val_acc 0.4408
2026-04-08 19:56:01    epoch  59  loss 1.4849  acc 0.3839  val_loss 1.4336  val_acc 0.4545
2026-04-08 19:56:02    epoch  60  loss 1.4759  acc 0.3855  val_loss 1.4338  val_acc 0.4408
2026-04-08 19:56:03    epoch  61  loss 1.4813  acc 0.3790  val_loss 1.4404  val_acc 0.4325
2026-04-08 19:56:04    epoch  62  loss 1.4717  acc 0.3888  val_loss 1.4365  val_acc 0.4408
2026-04-08 19:56:05    epoch  63  loss 1.4786  acc 0.3864  val_loss 1.4317  val_acc 0.4463
2026-04-08 19:56:05    epoch  64  loss 1.4804  acc 0.3876  val_loss 1.4322  val_acc 0.4463
2026-04-08 19:56:06    epoch  65  loss 1.4952  acc 0.3809  val_loss 1.4323  val_acc 0.4463
2026-04-08 19:56:07    epoch  66  loss 1.4924  acc 0.3800  val_loss 1.4318  val_acc 0.4490
2026-04-08 19:56:08    epoch  67  loss 1.4751  acc 0.3940  val_loss 1.4340  val_acc 0.4435
2026-04-08 19:56:09    epoch  68  loss 1.4796  acc 0.3781  val_loss 1.4329  val_acc 0.4545
2026-04-08 19:56:10    epoch  69  loss 1.4693  acc 0.3784  val_loss 1.4429  val_acc 0.4435
2026-04-08 19:56:10    epoch  70  loss 1.4752  acc 0.3763  val_loss 1.4269  val_acc 0.4298
2026-04-08 19:56:11    epoch  71  loss 1.4801  acc 0.3849  val_loss 1.4369  val_acc 0.4270
2026-04-08 19:56:12    epoch  72  loss 1.4716  acc 0.3916  val_loss 1.4392  val_acc 0.4408
2026-04-08 19:56:13    epoch  73  loss 1.4822  acc 0.3849  val_loss 1.4522  val_acc 0.4132
2026-04-08 19:56:14    epoch  74  loss 1.4758  acc 0.3943  val_loss 1.4458  val_acc 0.4380
2026-04-08 19:56:15    epoch  75  loss 1.4708  acc 0.3867  val_loss 1.4256  val_acc 0.4435
2026-04-08 19:56:16    epoch  76  loss 1.4927  acc 0.3726  val_loss 1.4291  val_acc 0.4325
2026-04-08 19:56:16    epoch  77  loss 1.4868  acc 0.3882  val_loss 1.4329  val_acc 0.4408
2026-04-08 19:56:17    epoch  78  loss 1.4796  acc 0.3955  val_loss 1.4273  val_acc 0.4380
2026-04-08 19:56:18    epoch  79  loss 1.4584  acc 0.4007  val_loss 1.4473  val_acc 0.4270
2026-04-08 19:56:19    epoch  80  loss 1.4677  acc 0.3946  val_loss 1.4422  val_acc 0.4298
2026-04-08 19:56:20    epoch  81  loss 1.4801  acc 0.3897  val_loss 1.4312  val_acc 0.4463
2026-04-08 19:56:21    epoch  82  loss 1.4737  acc 0.3974  val_loss 1.4240  val_acc 0.4435
2026-04-08 19:56:22    epoch  83  loss 1.4639  acc 0.3849  val_loss 1.4259  val_acc 0.4518
2026-04-08 19:56:22    epoch  84  loss 1.4658  acc 0.3882  val_loss 1.4245  val_acc 0.4408
2026-04-08 19:56:23    epoch  85  loss 1.4548  acc 0.3919  val_loss 1.4235  val_acc 0.4463
2026-04-08 19:56:24    epoch  86  loss 1.4714  acc 0.3931  val_loss 1.4516  val_acc 0.4353
2026-04-08 19:56:25    epoch  87  loss 1.4645  acc 0.3919  val_loss 1.4267  val_acc 0.4435
2026-04-08 19:56:26    epoch  88  loss 1.4745  acc 0.3778  val_loss 1.4453  val_acc 0.4215
2026-04-08 19:56:27    epoch  89  loss 1.4632  acc 0.3913  val_loss 1.4213  val_acc 0.4490
2026-04-08 19:56:27    epoch  90  loss 1.4537  acc 0.3937  val_loss 1.4282  val_acc 0.4353
2026-04-08 19:56:28    epoch  91  loss 1.4730  acc 0.3907  val_loss 1.4253  val_acc 0.4408
2026-04-08 19:56:29    epoch  92  loss 1.4681  acc 0.3882  val_loss 1.4255  val_acc 0.4353
2026-04-08 19:56:30    epoch  93  loss 1.4723  acc 0.3897  val_loss 1.4203  val_acc 0.4463
2026-04-08 19:56:31    epoch  94  loss 1.4725  acc 0.3943  val_loss 1.4316  val_acc 0.4380
2026-04-08 19:56:32    epoch  95  loss 1.4930  acc 0.3882  val_loss 1.4233  val_acc 0.4573
2026-04-08 19:56:33    epoch  96  loss 1.4676  acc 0.3983  val_loss 1.4204  val_acc 0.4490
2026-04-08 19:56:33    epoch  97  loss 1.4674  acc 0.3916  val_loss 1.4437  val_acc 0.4380
2026-04-08 19:56:34    epoch  98  loss 1.4760  acc 0.3821  val_loss 1.4418  val_acc 0.4380
2026-04-08 19:56:35    epoch  99  loss 1.4524  acc 0.3849  val_loss 1.4248  val_acc 0.4353
2026-04-08 19:56:36    epoch 100  loss 1.4816  acc 0.3900  val_loss 1.4602  val_acc 0.4132
2026-04-08 19:56:36    User4 accuracy: 0.3005
2026-04-08 19:56:36  ────────────────────────────────────────────────────────────
2026-04-08 19:56:36  LOSO fold — held-out: User5 (209 test windows, 3641 train windows)
2026-04-08 19:56:37    epoch   1  loss 2.0109  acc 0.2130  val_loss 1.7927  val_acc 0.3352
2026-04-08 19:56:38    epoch   2  loss 1.7900  acc 0.2743  val_loss 1.6693  val_acc 0.3269
2026-04-08 19:56:39    epoch   3  loss 1.7119  acc 0.2896  val_loss 1.6056  val_acc 0.3269
2026-04-08 19:56:40    epoch   4  loss 1.6886  acc 0.3006  val_loss 1.5962  val_acc 0.2995
2026-04-08 19:56:41    epoch   5  loss 1.6613  acc 0.3021  val_loss 1.5201  val_acc 0.3654
2026-04-08 19:56:42    epoch   6  loss 1.6622  acc 0.2978  val_loss 1.5274  val_acc 0.3544
2026-04-08 19:56:43    epoch   7  loss 1.6338  acc 0.3100  val_loss 1.5311  val_acc 0.3104
2026-04-08 19:56:43    epoch   8  loss 1.6138  acc 0.3256  val_loss 1.4778  val_acc 0.3571
2026-04-08 19:56:44    epoch   9  loss 1.5970  acc 0.3265  val_loss 1.4800  val_acc 0.3489
2026-04-08 19:56:45    epoch  10  loss 1.5924  acc 0.3317  val_loss 1.4747  val_acc 0.3709
2026-04-08 19:56:46    epoch  11  loss 1.5878  acc 0.3293  val_loss 1.4506  val_acc 0.3874
2026-04-08 19:56:47    epoch  12  loss 1.5581  acc 0.3387  val_loss 1.4347  val_acc 0.3654
2026-04-08 19:56:48    epoch  13  loss 1.5554  acc 0.3393  val_loss 1.4420  val_acc 0.3846
2026-04-08 19:56:49    epoch  14  loss 1.5476  acc 0.3491  val_loss 1.4269  val_acc 0.3984
2026-04-08 19:56:49    epoch  15  loss 1.5759  acc 0.3332  val_loss 1.4747  val_acc 0.3571
2026-04-08 19:56:50    epoch  16  loss 1.5751  acc 0.3271  val_loss 1.4512  val_acc 0.3736
2026-04-08 19:56:51    epoch  17  loss 1.5830  acc 0.3439  val_loss 1.4251  val_acc 0.4093
2026-04-08 19:56:52    epoch  18  loss 1.5540  acc 0.3467  val_loss 1.4831  val_acc 0.3489
2026-04-08 19:56:53    epoch  19  loss 1.5743  acc 0.3329  val_loss 1.4160  val_acc 0.3984
2026-04-08 19:56:54    epoch  20  loss 1.5398  acc 0.3537  val_loss 1.4583  val_acc 0.3929
2026-04-08 19:56:55    epoch  21  loss 1.5641  acc 0.3399  val_loss 1.5037  val_acc 0.3736
2026-04-08 19:56:55    epoch  22  loss 1.5376  acc 0.3522  val_loss 1.4029  val_acc 0.4038
2026-04-08 19:56:56    epoch  23  loss 1.5419  acc 0.3509  val_loss 1.5145  val_acc 0.3544
2026-04-08 19:56:57    epoch  24  loss 1.5659  acc 0.3500  val_loss 1.4132  val_acc 0.3736
2026-04-08 19:56:58    epoch  25  loss 1.5546  acc 0.3454  val_loss 1.4121  val_acc 0.3984
2026-04-08 19:56:59    epoch  26  loss 1.5376  acc 0.3570  val_loss 1.4187  val_acc 0.3984
2026-04-08 19:57:00    epoch  27  loss 1.5305  acc 0.3537  val_loss 1.4004  val_acc 0.3709
2026-04-08 19:57:01    epoch  28  loss 1.5546  acc 0.3543  val_loss 1.3947  val_acc 0.4011
2026-04-08 19:57:01    epoch  29  loss 1.5410  acc 0.3586  val_loss 1.3859  val_acc 0.4176
2026-04-08 19:57:02    epoch  30  loss 1.5374  acc 0.3644  val_loss 1.3897  val_acc 0.4176
2026-04-08 19:57:03    epoch  31  loss 1.5320  acc 0.3573  val_loss 1.4164  val_acc 0.3956
2026-04-08 19:57:04    epoch  32  loss 1.5248  acc 0.3592  val_loss 1.3984  val_acc 0.3846
2026-04-08 19:57:05    epoch  33  loss 1.5114  acc 0.3671  val_loss 1.3668  val_acc 0.4368
2026-04-08 19:57:06    epoch  34  loss 1.5128  acc 0.3699  val_loss 1.3931  val_acc 0.4066
2026-04-08 19:57:06    epoch  35  loss 1.5267  acc 0.3644  val_loss 1.3943  val_acc 0.4148
2026-04-08 19:57:07    epoch  36  loss 1.5204  acc 0.3747  val_loss 1.3781  val_acc 0.4148
2026-04-08 19:57:08    epoch  37  loss 1.5156  acc 0.3619  val_loss 1.3886  val_acc 0.4093
2026-04-08 19:57:09    epoch  38  loss 1.5257  acc 0.3662  val_loss 1.3898  val_acc 0.4396
2026-04-08 19:57:10    epoch  39  loss 1.5044  acc 0.3680  val_loss 1.3581  val_acc 0.4258
2026-04-08 19:57:11    epoch  40  loss 1.5052  acc 0.3641  val_loss 1.3786  val_acc 0.4176
2026-04-08 19:57:12    epoch  41  loss 1.4908  acc 0.3793  val_loss 1.3584  val_acc 0.4286
2026-04-08 19:57:12    epoch  42  loss 1.4936  acc 0.3793  val_loss 1.3541  val_acc 0.4451
2026-04-08 19:57:13    epoch  43  loss 1.5054  acc 0.3775  val_loss 1.3631  val_acc 0.4423
2026-04-08 19:57:14    epoch  44  loss 1.5031  acc 0.3647  val_loss 1.3659  val_acc 0.4313
2026-04-08 19:57:15    epoch  45  loss 1.4963  acc 0.3735  val_loss 1.3652  val_acc 0.4341
2026-04-08 19:57:16    epoch  46  loss 1.4963  acc 0.3723  val_loss 1.3708  val_acc 0.4368
2026-04-08 19:57:17    epoch  47  loss 1.5033  acc 0.3680  val_loss 1.4412  val_acc 0.4258
2026-04-08 19:57:18    epoch  48  loss 1.4866  acc 0.3860  val_loss 1.3504  val_acc 0.4451
2026-04-08 19:57:18    epoch  49  loss 1.5010  acc 0.3836  val_loss 1.3845  val_acc 0.4341
2026-04-08 19:57:19    epoch  50  loss 1.4723  acc 0.3854  val_loss 1.3610  val_acc 0.4093
2026-04-08 19:57:20    epoch  51  loss 1.4692  acc 0.3857  val_loss 1.3407  val_acc 0.4341
2026-04-08 19:57:21    epoch  52  loss 1.4771  acc 0.3866  val_loss 1.3527  val_acc 0.4286
2026-04-08 19:57:22    epoch  53  loss 1.4813  acc 0.3875  val_loss 1.3619  val_acc 0.4423
2026-04-08 19:57:23    epoch  54  loss 1.4885  acc 0.3839  val_loss 1.3575  val_acc 0.4176
2026-04-08 19:57:24    epoch  55  loss 1.4777  acc 0.3772  val_loss 1.3556  val_acc 0.4121
2026-04-08 19:57:24    epoch  56  loss 1.4606  acc 0.3888  val_loss 1.3374  val_acc 0.4478
2026-04-08 19:57:25    epoch  57  loss 1.4851  acc 0.3888  val_loss 1.3429  val_acc 0.4341
2026-04-08 19:57:26    epoch  58  loss 1.4624  acc 0.3845  val_loss 1.3594  val_acc 0.4148
2026-04-08 19:57:27    epoch  59  loss 1.4652  acc 0.3799  val_loss 1.3399  val_acc 0.4396
2026-04-08 19:57:28    epoch  60  loss 1.4708  acc 0.3836  val_loss 1.3464  val_acc 0.4258
2026-04-08 19:57:29    epoch  61  loss 1.4782  acc 0.3778  val_loss 1.3355  val_acc 0.4286
2026-04-08 19:57:30    epoch  62  loss 1.4674  acc 0.3964  val_loss 1.3337  val_acc 0.4313
2026-04-08 19:57:30    epoch  63  loss 1.4628  acc 0.3900  val_loss 1.3481  val_acc 0.4313
2026-04-08 19:57:31    epoch  64  loss 1.4520  acc 0.3879  val_loss 1.3894  val_acc 0.4011
2026-04-08 19:57:32    epoch  65  loss 1.4674  acc 0.3857  val_loss 1.3485  val_acc 0.4231
2026-04-08 19:57:33    epoch  66  loss 1.4651  acc 0.3918  val_loss 1.3418  val_acc 0.4451
2026-04-08 19:57:34    epoch  67  loss 1.4709  acc 0.3821  val_loss 1.3400  val_acc 0.4313
2026-04-08 19:57:35    epoch  68  loss 1.4580  acc 0.3930  val_loss 1.3380  val_acc 0.4396
2026-04-08 19:57:36    epoch  69  loss 1.4818  acc 0.3854  val_loss 1.3431  val_acc 0.4258
2026-04-08 19:57:36    epoch  70  loss 1.4358  acc 0.4040  val_loss 1.3312  val_acc 0.4258
2026-04-08 19:57:37    epoch  71  loss 1.4545  acc 0.3845  val_loss 1.3420  val_acc 0.4313
2026-04-08 19:57:38    epoch  72  loss 1.4707  acc 0.3921  val_loss 1.3355  val_acc 0.4396
2026-04-08 19:57:39    epoch  73  loss 1.4595  acc 0.3973  val_loss 1.3342  val_acc 0.4341
2026-04-08 19:57:40    epoch  74  loss 1.4493  acc 0.3970  val_loss 1.3326  val_acc 0.4341
2026-04-08 19:57:41    epoch  75  loss 1.4486  acc 0.3879  val_loss 1.3492  val_acc 0.4258
2026-04-08 19:57:42    epoch  76  loss 1.4537  acc 0.3906  val_loss 1.3310  val_acc 0.4286
2026-04-08 19:57:42    epoch  77  loss 1.4308  acc 0.4049  val_loss 1.3343  val_acc 0.4368
2026-04-08 19:57:43    epoch  78  loss 1.4395  acc 0.4037  val_loss 1.3437  val_acc 0.4396
2026-04-08 19:57:44    epoch  79  loss 1.4531  acc 0.3988  val_loss 1.3297  val_acc 0.4341
2026-04-08 19:57:45    epoch  80  loss 1.4576  acc 0.3982  val_loss 1.3297  val_acc 0.4396
2026-04-08 19:57:46    epoch  81  loss 1.4430  acc 0.3991  val_loss 1.3323  val_acc 0.4286
2026-04-08 19:57:47    epoch  82  loss 1.4551  acc 0.3857  val_loss 1.3275  val_acc 0.4341
2026-04-08 19:57:48    epoch  83  loss 1.4372  acc 0.4095  val_loss 1.3316  val_acc 0.4451
2026-04-08 19:57:48    epoch  84  loss 1.4544  acc 0.3906  val_loss 1.3336  val_acc 0.4313
2026-04-08 19:57:49    epoch  85  loss 1.4543  acc 0.3918  val_loss 1.3310  val_acc 0.4286
2026-04-08 19:57:50    epoch  86  loss 1.4490  acc 0.3961  val_loss 1.3325  val_acc 0.4313
2026-04-08 19:57:51    epoch  87  loss 1.4626  acc 0.3964  val_loss 1.3350  val_acc 0.4341
2026-04-08 19:57:52    epoch  88  loss 1.4523  acc 0.4065  val_loss 1.3267  val_acc 0.4423
2026-04-08 19:57:53    epoch  89  loss 1.4555  acc 0.3940  val_loss 1.3400  val_acc 0.4258
2026-04-08 19:57:54    epoch  90  loss 1.4471  acc 0.3930  val_loss 1.3309  val_acc 0.4313
2026-04-08 19:57:55    epoch  91  loss 1.4531  acc 0.3894  val_loss 1.3549  val_acc 0.4176
2026-04-08 19:57:55    epoch  92  loss 1.4537  acc 0.3967  val_loss 1.3284  val_acc 0.4341
2026-04-08 19:57:56    epoch  93  loss 1.4499  acc 0.3982  val_loss 1.3280  val_acc 0.4341
2026-04-08 19:57:57    epoch  94  loss 1.4591  acc 0.3921  val_loss 1.3295  val_acc 0.4341
2026-04-08 19:57:58    epoch  95  loss 1.4447  acc 0.4065  val_loss 1.3349  val_acc 0.4258
2026-04-08 19:57:59    epoch  96  loss 1.4522  acc 0.3995  val_loss 1.3307  val_acc 0.4368
2026-04-08 19:57:59    Early stopping at epoch 96
2026-04-08 19:57:59    User5 accuracy: 0.3780
2026-04-08 19:57:59  ────────────────────────────────────────────────────────────
2026-04-08 19:57:59  LOSO fold — held-out: User6 (204 test windows, 3646 train windows)
2026-04-08 19:58:00    epoch   1  loss 1.9850  acc 0.2428  val_loss 1.6735  val_acc 0.2692
2026-04-08 19:58:01    epoch   2  loss 1.7724  acc 0.2675  val_loss 1.5993  val_acc 0.3516
2026-04-08 19:58:02    epoch   3  loss 1.6920  acc 0.3050  val_loss 1.5707  val_acc 0.3352
2026-04-08 19:58:03    epoch   4  loss 1.6734  acc 0.2867  val_loss 1.5528  val_acc 0.3434
2026-04-08 19:58:04    epoch   5  loss 1.6509  acc 0.3102  val_loss 1.5365  val_acc 0.3489
2026-04-08 19:58:05    epoch   6  loss 1.6384  acc 0.3178  val_loss 1.5320  val_acc 0.3462
2026-04-08 19:58:05    epoch   7  loss 1.6208  acc 0.3218  val_loss 1.5567  val_acc 0.3269
2026-04-08 19:58:06    epoch   8  loss 1.6024  acc 0.3333  val_loss 1.5521  val_acc 0.3736
2026-04-08 19:58:07    epoch   9  loss 1.6063  acc 0.3172  val_loss 1.5057  val_acc 0.3571
2026-04-08 19:58:08    epoch  10  loss 1.5801  acc 0.3233  val_loss 1.5071  val_acc 0.3516
2026-04-08 19:58:09    epoch  11  loss 1.5802  acc 0.3300  val_loss 1.5376  val_acc 0.3709
2026-04-08 19:58:10    epoch  12  loss 1.6023  acc 0.3342  val_loss 1.4872  val_acc 0.3626
2026-04-08 19:58:11    epoch  13  loss 1.5839  acc 0.3394  val_loss 1.4716  val_acc 0.3489
2026-04-08 19:58:11    epoch  14  loss 1.5617  acc 0.3373  val_loss 1.4676  val_acc 0.3434
2026-04-08 19:58:12    epoch  15  loss 1.5604  acc 0.3440  val_loss 1.5132  val_acc 0.3626
2026-04-08 19:58:13    epoch  16  loss 1.5495  acc 0.3516  val_loss 1.5457  val_acc 0.3462
2026-04-08 19:58:14    epoch  17  loss 1.5760  acc 0.3254  val_loss 1.4999  val_acc 0.3791
2026-04-08 19:58:15    epoch  18  loss 1.5476  acc 0.3446  val_loss 1.4591  val_acc 0.3819
2026-04-08 19:58:16    epoch  19  loss 1.5710  acc 0.3449  val_loss 1.4784  val_acc 0.3571
2026-04-08 19:58:17    epoch  20  loss 1.5785  acc 0.3483  val_loss 1.4521  val_acc 0.3901
2026-04-08 19:58:17    epoch  21  loss 1.5590  acc 0.3419  val_loss 1.4518  val_acc 0.3984
2026-04-08 19:58:18    epoch  22  loss 1.5415  acc 0.3440  val_loss 1.4531  val_acc 0.3736
2026-04-08 19:58:19    epoch  23  loss 1.5447  acc 0.3492  val_loss 1.4490  val_acc 0.3571
2026-04-08 19:58:20    epoch  24  loss 1.5507  acc 0.3355  val_loss 1.4738  val_acc 0.3599
2026-04-08 19:58:21    epoch  25  loss 1.5486  acc 0.3586  val_loss 1.4396  val_acc 0.3956
2026-04-08 19:58:22    epoch  26  loss 1.5272  acc 0.3580  val_loss 1.4488  val_acc 0.3736
2026-04-08 19:58:23    epoch  27  loss 1.5390  acc 0.3528  val_loss 1.4604  val_acc 0.4148
2026-04-08 19:58:24    epoch  28  loss 1.5284  acc 0.3504  val_loss 1.4637  val_acc 0.3379
2026-04-08 19:58:24    epoch  29  loss 1.5302  acc 0.3665  val_loss 1.4873  val_acc 0.3984
2026-04-08 19:58:25    epoch  30  loss 1.5254  acc 0.3659  val_loss 1.4243  val_acc 0.4011
2026-04-08 19:58:26    epoch  31  loss 1.5178  acc 0.3653  val_loss 1.4336  val_acc 0.3654
2026-04-08 19:58:27    epoch  32  loss 1.5196  acc 0.3629  val_loss 1.4461  val_acc 0.3819
2026-04-08 19:58:28    epoch  33  loss 1.5105  acc 0.3708  val_loss 1.4292  val_acc 0.4121
2026-04-08 19:58:29    epoch  34  loss 1.5278  acc 0.3635  val_loss 1.5497  val_acc 0.3269
2026-04-08 19:58:30    epoch  35  loss 1.5093  acc 0.3641  val_loss 1.4875  val_acc 0.4011
2026-04-08 19:58:30    epoch  36  loss 1.5112  acc 0.3678  val_loss 1.4204  val_acc 0.3709
2026-04-08 19:58:31    epoch  37  loss 1.4954  acc 0.3836  val_loss 1.4090  val_acc 0.4121
2026-04-08 19:58:32    epoch  38  loss 1.4993  acc 0.3748  val_loss 1.4336  val_acc 0.4313
2026-04-08 19:58:33    epoch  39  loss 1.4944  acc 0.3681  val_loss 1.4019  val_acc 0.4066
2026-04-08 19:58:34    epoch  40  loss 1.4896  acc 0.3769  val_loss 1.4165  val_acc 0.4148
2026-04-08 19:58:35    epoch  41  loss 1.4846  acc 0.3860  val_loss 1.4156  val_acc 0.3984
2026-04-08 19:58:36    epoch  42  loss 1.4840  acc 0.3854  val_loss 1.4041  val_acc 0.3819
2026-04-08 19:58:36    epoch  43  loss 1.4557  acc 0.3912  val_loss 1.4061  val_acc 0.4148
2026-04-08 19:58:37    epoch  44  loss 1.4792  acc 0.3857  val_loss 1.4193  val_acc 0.4341
2026-04-08 19:58:38    epoch  45  loss 1.4746  acc 0.3793  val_loss 1.4041  val_acc 0.4093
2026-04-08 19:58:39    epoch  46  loss 1.4838  acc 0.3711  val_loss 1.4014  val_acc 0.4231
2026-04-08 19:58:40    epoch  47  loss 1.4850  acc 0.3836  val_loss 1.3981  val_acc 0.4011
2026-04-08 19:58:41    epoch  48  loss 1.4711  acc 0.3806  val_loss 1.3879  val_acc 0.4066
2026-04-08 19:58:42    epoch  49  loss 1.4761  acc 0.3894  val_loss 1.3928  val_acc 0.4121
2026-04-08 19:58:42    epoch  50  loss 1.4923  acc 0.3702  val_loss 1.4160  val_acc 0.4176
2026-04-08 19:58:43    epoch  51  loss 1.4816  acc 0.3821  val_loss 1.3931  val_acc 0.4203
2026-04-08 19:58:44    epoch  52  loss 1.4818  acc 0.3842  val_loss 1.3948  val_acc 0.3901
2026-04-08 19:58:45    epoch  53  loss 1.4479  acc 0.3943  val_loss 1.3825  val_acc 0.3956
2026-04-08 19:58:46    epoch  54  loss 1.4604  acc 0.4034  val_loss 1.3959  val_acc 0.4121
2026-04-08 19:58:47    epoch  55  loss 1.4613  acc 0.3940  val_loss 1.4334  val_acc 0.4121
2026-04-08 19:58:48    epoch  56  loss 1.4847  acc 0.3900  val_loss 1.3927  val_acc 0.4313
2026-04-08 19:58:48    epoch  57  loss 1.4752  acc 0.3927  val_loss 1.3845  val_acc 0.4176
2026-04-08 19:58:49    epoch  58  loss 1.4746  acc 0.3848  val_loss 1.4151  val_acc 0.4341
2026-04-08 19:58:50    epoch  59  loss 1.4672  acc 0.3909  val_loss 1.3855  val_acc 0.4313
2026-04-08 19:58:51    epoch  60  loss 1.4590  acc 0.3952  val_loss 1.3772  val_acc 0.4093
2026-04-08 19:58:52    epoch  61  loss 1.4602  acc 0.4001  val_loss 1.3844  val_acc 0.4286
2026-04-08 19:58:53    epoch  62  loss 1.4736  acc 0.3906  val_loss 1.3871  val_acc 0.4286
2026-04-08 19:58:54    epoch  63  loss 1.4549  acc 0.4055  val_loss 1.3820  val_acc 0.4203
2026-04-08 19:58:54    epoch  64  loss 1.4529  acc 0.4010  val_loss 1.3736  val_acc 0.4258
2026-04-08 19:58:55    epoch  65  loss 1.4760  acc 0.3888  val_loss 1.3715  val_acc 0.4093
2026-04-08 19:58:56    epoch  66  loss 1.4431  acc 0.4132  val_loss 1.3738  val_acc 0.4341
2026-04-08 19:58:57    epoch  67  loss 1.4508  acc 0.3970  val_loss 1.3733  val_acc 0.4313
2026-04-08 19:58:58    epoch  68  loss 1.4441  acc 0.3955  val_loss 1.3778  val_acc 0.4341
2026-04-08 19:58:59    epoch  69  loss 1.4497  acc 0.4043  val_loss 1.3778  val_acc 0.4093
2026-04-08 19:59:00    epoch  70  loss 1.4447  acc 0.3949  val_loss 1.3788  val_acc 0.4011
2026-04-08 19:59:00    epoch  71  loss 1.4439  acc 0.4010  val_loss 1.4102  val_acc 0.4038
2026-04-08 19:59:01    epoch  72  loss 1.4484  acc 0.3970  val_loss 1.3660  val_acc 0.4066
2026-04-08 19:59:02    epoch  73  loss 1.4457  acc 0.4074  val_loss 1.3720  val_acc 0.4286
2026-04-08 19:59:03    epoch  74  loss 1.4526  acc 0.4068  val_loss 1.3730  val_acc 0.4121
2026-04-08 19:59:04    epoch  75  loss 1.4377  acc 0.4004  val_loss 1.3647  val_acc 0.4176
2026-04-08 19:59:05    epoch  76  loss 1.4579  acc 0.4037  val_loss 1.3676  val_acc 0.4203
2026-04-08 19:59:06    epoch  77  loss 1.4492  acc 0.4049  val_loss 1.3658  val_acc 0.4203
2026-04-08 19:59:06    epoch  78  loss 1.4498  acc 0.3982  val_loss 1.3796  val_acc 0.4368
2026-04-08 19:59:07    epoch  79  loss 1.4476  acc 0.4013  val_loss 1.3666  val_acc 0.4148
2026-04-08 19:59:08    epoch  80  loss 1.4388  acc 0.4037  val_loss 1.3642  val_acc 0.4148
2026-04-08 19:59:09    epoch  81  loss 1.4328  acc 0.4083  val_loss 1.3748  val_acc 0.4176
2026-04-08 19:59:10    epoch  82  loss 1.4532  acc 0.4055  val_loss 1.3630  val_acc 0.4121
2026-04-08 19:59:11    epoch  83  loss 1.4648  acc 0.3952  val_loss 1.3658  val_acc 0.4176
2026-04-08 19:59:12    epoch  84  loss 1.4420  acc 0.4068  val_loss 1.3623  val_acc 0.4231
2026-04-08 19:59:12    epoch  85  loss 1.4480  acc 0.4089  val_loss 1.3702  val_acc 0.4066
2026-04-08 19:59:13    epoch  86  loss 1.4419  acc 0.4098  val_loss 1.3706  val_acc 0.4396
2026-04-08 19:59:14    epoch  87  loss 1.4479  acc 0.3976  val_loss 1.3642  val_acc 0.4231
2026-04-08 19:59:15    epoch  88  loss 1.4273  acc 0.4159  val_loss 1.3607  val_acc 0.4341
2026-04-08 19:59:16    epoch  89  loss 1.4650  acc 0.4004  val_loss 1.3654  val_acc 0.4341
2026-04-08 19:59:17    epoch  90  loss 1.4453  acc 0.4098  val_loss 1.3591  val_acc 0.4176
2026-04-08 19:59:18    epoch  91  loss 1.4688  acc 0.3970  val_loss 1.3763  val_acc 0.4423
2026-04-08 19:59:18    epoch  92  loss 1.4361  acc 0.4062  val_loss 1.3651  val_acc 0.4368
2026-04-08 19:59:19    epoch  93  loss 1.4373  acc 0.4153  val_loss 1.3600  val_acc 0.4231
2026-04-08 19:59:20    epoch  94  loss 1.4431  acc 0.4086  val_loss 1.3696  val_acc 0.4341
2026-04-08 19:59:21    epoch  95  loss 1.4463  acc 0.4040  val_loss 1.3583  val_acc 0.4258
2026-04-08 19:59:22    epoch  96  loss 1.4438  acc 0.4028  val_loss 1.3676  val_acc 0.4423
2026-04-08 19:59:23    epoch  97  loss 1.4349  acc 0.3976  val_loss 1.3593  val_acc 0.4176
2026-04-08 19:59:24    epoch  98  loss 1.4504  acc 0.3924  val_loss 1.3695  val_acc 0.4396
2026-04-08 19:59:24    epoch  99  loss 1.4387  acc 0.4065  val_loss 1.3566  val_acc 0.4176
2026-04-08 19:59:25    epoch 100  loss 1.4418  acc 0.3976  val_loss 1.3565  val_acc 0.4203
2026-04-08 19:59:25    User6 accuracy: 0.3431
2026-04-08 19:59:26  ────────────────────────────────────────────────────────────
2026-04-08 19:59:26  LOSO fold — held-out: User7 (448 test windows, 3402 train windows)
2026-04-08 19:59:26    epoch   1  loss 2.0234  acc 0.2191  val_loss 1.7725  val_acc 0.2647
2026-04-08 19:59:27    epoch   2  loss 1.7743  acc 0.2809  val_loss 1.6667  val_acc 0.2588
2026-04-08 19:59:28    epoch   3  loss 1.7128  acc 0.2956  val_loss 1.6348  val_acc 0.3000
2026-04-08 19:59:29    epoch   4  loss 1.6785  acc 0.3096  val_loss 1.6261  val_acc 0.3059
2026-04-08 19:59:30    epoch   5  loss 1.6759  acc 0.2894  val_loss 1.5977  val_acc 0.2882
2026-04-08 19:59:30    epoch   6  loss 1.6259  acc 0.3096  val_loss 1.5657  val_acc 0.3147
2026-04-08 19:59:31    epoch   7  loss 1.6128  acc 0.3201  val_loss 1.5777  val_acc 0.3088
2026-04-08 19:59:32    epoch   8  loss 1.6126  acc 0.3210  val_loss 1.5492  val_acc 0.3324
2026-04-08 19:59:33    epoch   9  loss 1.6117  acc 0.3246  val_loss 1.5279  val_acc 0.3147
2026-04-08 19:59:34    epoch  10  loss 1.5814  acc 0.3374  val_loss 1.5486  val_acc 0.3206
2026-04-08 19:59:34    epoch  11  loss 1.5715  acc 0.3403  val_loss 1.5158  val_acc 0.3324
2026-04-08 19:59:35    epoch  12  loss 1.5808  acc 0.3354  val_loss 1.5100  val_acc 0.3353
2026-04-08 19:59:36    epoch  13  loss 1.5695  acc 0.3302  val_loss 1.5219  val_acc 0.3235
2026-04-08 19:59:37    epoch  14  loss 1.5876  acc 0.3272  val_loss 1.5398  val_acc 0.3118
2026-04-08 19:59:38    epoch  15  loss 1.5599  acc 0.3553  val_loss 1.5690  val_acc 0.3059
2026-04-08 19:59:38    epoch  16  loss 1.5573  acc 0.3361  val_loss 1.4878  val_acc 0.3441
2026-04-08 19:59:39    epoch  17  loss 1.5617  acc 0.3494  val_loss 1.5063  val_acc 0.3412
2026-04-08 19:59:40    epoch  18  loss 1.5517  acc 0.3475  val_loss 1.4630  val_acc 0.3529
2026-04-08 19:59:41    epoch  19  loss 1.5428  acc 0.3547  val_loss 1.4877  val_acc 0.3471
2026-04-08 19:59:42    epoch  20  loss 1.5481  acc 0.3491  val_loss 1.4888  val_acc 0.3529
2026-04-08 19:59:42    epoch  21  loss 1.5566  acc 0.3361  val_loss 1.4649  val_acc 0.3441
2026-04-08 19:59:43    epoch  22  loss 1.5403  acc 0.3468  val_loss 1.5516  val_acc 0.3294
2026-04-08 19:59:44    epoch  23  loss 1.5330  acc 0.3462  val_loss 1.5579  val_acc 0.3206
2026-04-08 19:59:45    epoch  24  loss 1.5335  acc 0.3589  val_loss 1.4570  val_acc 0.3794
2026-04-08 19:59:46    epoch  25  loss 1.5148  acc 0.3648  val_loss 1.4497  val_acc 0.3529
2026-04-08 19:59:46    epoch  26  loss 1.5175  acc 0.3576  val_loss 1.4474  val_acc 0.3706
2026-04-08 19:59:47    epoch  27  loss 1.5204  acc 0.3681  val_loss 1.4696  val_acc 0.3559
2026-04-08 19:59:48    epoch  28  loss 1.5237  acc 0.3628  val_loss 1.4473  val_acc 0.4059
2026-04-08 19:59:49    epoch  29  loss 1.5093  acc 0.3534  val_loss 1.4440  val_acc 0.4176
2026-04-08 19:59:50    epoch  30  loss 1.5185  acc 0.3641  val_loss 1.4707  val_acc 0.3529
2026-04-08 19:59:50    epoch  31  loss 1.5027  acc 0.3576  val_loss 1.5017  val_acc 0.3412
2026-04-08 19:59:51    epoch  32  loss 1.5361  acc 0.3560  val_loss 1.4745  val_acc 0.3618
2026-04-08 19:59:52    epoch  33  loss 1.5092  acc 0.3733  val_loss 1.4578  val_acc 0.3500
2026-04-08 19:59:53    epoch  34  loss 1.5177  acc 0.3661  val_loss 1.4753  val_acc 0.3353
2026-04-08 19:59:54    epoch  35  loss 1.5009  acc 0.3694  val_loss 1.4367  val_acc 0.3735
2026-04-08 19:59:54    epoch  36  loss 1.4954  acc 0.3658  val_loss 1.4359  val_acc 0.3765
2026-04-08 19:59:55    epoch  37  loss 1.4861  acc 0.3694  val_loss 1.4590  val_acc 0.3471
2026-04-08 19:59:56    epoch  38  loss 1.4857  acc 0.3622  val_loss 1.4566  val_acc 0.3500
2026-04-08 19:59:57    epoch  39  loss 1.4974  acc 0.3687  val_loss 1.4407  val_acc 0.3853
2026-04-08 19:59:58    epoch  40  loss 1.5003  acc 0.3573  val_loss 1.4484  val_acc 0.3559
2026-04-08 19:59:58    epoch  41  loss 1.5063  acc 0.3805  val_loss 1.4395  val_acc 0.3824
2026-04-08 19:59:59    epoch  42  loss 1.4769  acc 0.3694  val_loss 1.4335  val_acc 0.3618
2026-04-08 20:00:00    epoch  43  loss 1.4680  acc 0.3723  val_loss 1.4258  val_acc 0.3794
2026-04-08 20:00:01    epoch  44  loss 1.4921  acc 0.3694  val_loss 1.4309  val_acc 0.3794
2026-04-08 20:00:02    epoch  45  loss 1.4549  acc 0.3912  val_loss 1.4391  val_acc 0.3882
2026-04-08 20:00:02    epoch  46  loss 1.4929  acc 0.3690  val_loss 1.4258  val_acc 0.3765
2026-04-08 20:00:03    epoch  47  loss 1.4746  acc 0.3746  val_loss 1.4228  val_acc 0.3794
2026-04-08 20:00:04    epoch  48  loss 1.4720  acc 0.3844  val_loss 1.4190  val_acc 0.3794
2026-04-08 20:00:05    epoch  49  loss 1.4614  acc 0.3919  val_loss 1.4213  val_acc 0.3971
2026-04-08 20:00:06    epoch  50  loss 1.4734  acc 0.3844  val_loss 1.4179  val_acc 0.3941
