2026-04-08 18:39:32  ============================================================
2026-04-08 18:39:32  cnn  |  window=100  step=100
2026-04-08 18:39:32  Device  : cuda:0
2026-04-08 18:39:32  Flatten : True
2026-04-08 18:39:32  Log     : /home/mahmudm2/codebase/ClassyGlass/scripts/benchmark/logs/cnn_W100_S100.log
2026-04-08 18:39:32  Model   : /home/mahmudm2/codebase/ClassyGlass/scripts/benchmark/models/cnn_best_W100_S100.pth
2026-04-08 18:39:32  Figures : /home/mahmudm2/codebase/ClassyGlass/scripts/benchmark/figures
2026-04-08 18:39:32  ============================================================
2026-04-08 18:39:36  Loaded 14776 windows | window=100  step=100 | 129 experiments | 12 subjects | 0 experiments skipped
2026-04-08 18:39:36  ────────────────────────────────────────────────────────────
2026-04-08 18:39:36  LOSO fold — held-out: User1 (855 test windows, 13921 train windows)
2026-04-08 18:39:42    epoch   1  loss 1.8845  acc 0.2511  val_loss 1.6817  val_acc 0.2989
2026-04-08 18:39:45    epoch   2  loss 1.7679  acc 0.2692  val_loss 1.6502  val_acc 0.3096
2026-04-08 18:39:48    epoch   3  loss 1.7338  acc 0.2846  val_loss 1.6303  val_acc 0.3233
2026-04-08 18:39:52    epoch   4  loss 1.7147  acc 0.2908  val_loss 1.6090  val_acc 0.3384
2026-04-08 18:39:55    epoch   5  loss 1.7054  acc 0.2952  val_loss 1.6461  val_acc 0.3032
2026-04-08 18:39:58    epoch   6  loss 1.7024  acc 0.3016  val_loss 1.6200  val_acc 0.3197
2026-04-08 18:40:01    epoch   7  loss 1.6995  acc 0.3047  val_loss 1.6194  val_acc 0.3290
2026-04-08 18:40:05    epoch   8  loss 1.7029  acc 0.3019  val_loss 1.6136  val_acc 0.3125
2026-04-08 18:40:08    epoch   9  loss 1.6899  acc 0.3056  val_loss 1.6400  val_acc 0.3348
2026-04-08 18:40:11    epoch  10  loss 1.6830  acc 0.3095  val_loss 1.5934  val_acc 0.3477
2026-04-08 18:40:15    epoch  11  loss 1.6825  acc 0.3103  val_loss 1.5777  val_acc 0.3499
2026-04-08 18:40:18    epoch  12  loss 1.6762  acc 0.3136  val_loss 1.5886  val_acc 0.3664
2026-04-08 18:40:21    epoch  13  loss 1.6721  acc 0.3176  val_loss 1.5816  val_acc 0.3384
2026-04-08 18:40:24    epoch  14  loss 1.6683  acc 0.3216  val_loss 1.5765  val_acc 0.3570
2026-04-08 18:40:28    epoch  15  loss 1.6634  acc 0.3185  val_loss 1.5787  val_acc 0.3441
2026-04-08 18:40:31    epoch  16  loss 1.6684  acc 0.3186  val_loss 1.5732  val_acc 0.3570
2026-04-08 18:40:34    epoch  17  loss 1.6645  acc 0.3219  val_loss 1.5908  val_acc 0.3578
2026-04-08 18:40:37    epoch  18  loss 1.6577  acc 0.3218  val_loss 1.5842  val_acc 0.3448
2026-04-08 18:40:41    epoch  19  loss 1.6623  acc 0.3283  val_loss 1.6411  val_acc 0.3355
2026-04-08 18:40:44    epoch  20  loss 1.6605  acc 0.3249  val_loss 1.5638  val_acc 0.3743
2026-04-08 18:40:47    epoch  21  loss 1.6638  acc 0.3252  val_loss 1.5733  val_acc 0.3714
2026-04-08 18:40:50    epoch  22  loss 1.6550  acc 0.3276  val_loss 1.5607  val_acc 0.3743
2026-04-08 18:40:54    epoch  23  loss 1.6537  acc 0.3338  val_loss 1.5776  val_acc 0.3585
2026-04-08 18:40:57    epoch  24  loss 1.6490  acc 0.3327  val_loss 1.5822  val_acc 0.3642
2026-04-08 18:41:00    epoch  25  loss 1.6521  acc 0.3355  val_loss 1.5810  val_acc 0.3556
2026-04-08 18:41:04    epoch  26  loss 1.6565  acc 0.3281  val_loss 1.5688  val_acc 0.3635
2026-04-08 18:41:07    epoch  27  loss 1.6489  acc 0.3271  val_loss 1.5573  val_acc 0.3499
2026-04-08 18:41:10    epoch  28  loss 1.6426  acc 0.3391  val_loss 1.5615  val_acc 0.3843
2026-04-08 18:41:13    epoch  29  loss 1.6468  acc 0.3300  val_loss 1.5569  val_acc 0.3736
2026-04-08 18:41:17    epoch  30  loss 1.6418  acc 0.3309  val_loss 1.5598  val_acc 0.3707
2026-04-08 18:41:20    epoch  31  loss 1.6405  acc 0.3365  val_loss 1.5580  val_acc 0.3736
2026-04-08 18:41:23    epoch  32  loss 1.6432  acc 0.3325  val_loss 1.5572  val_acc 0.3858
2026-04-08 18:41:26    epoch  33  loss 1.6401  acc 0.3321  val_loss 1.5448  val_acc 0.3815
2026-04-08 18:41:30    epoch  34  loss 1.6400  acc 0.3387  val_loss 1.5598  val_acc 0.3714
2026-04-08 18:41:33    epoch  35  loss 1.6387  acc 0.3418  val_loss 1.5447  val_acc 0.3879
2026-04-08 18:41:36    epoch  36  loss 1.6315  acc 0.3380  val_loss 1.5459  val_acc 0.3736
2026-04-08 18:41:39    epoch  37  loss 1.6347  acc 0.3434  val_loss 1.5488  val_acc 0.3743
2026-04-08 18:41:43    epoch  38  loss 1.6323  acc 0.3404  val_loss 1.5659  val_acc 0.3685
2026-04-08 18:41:46    epoch  39  loss 1.6221  acc 0.3462  val_loss 1.5329  val_acc 0.3901
2026-04-08 18:41:49    epoch  40  loss 1.6175  acc 0.3453  val_loss 1.5399  val_acc 0.3937
2026-04-08 18:41:52    epoch  41  loss 1.6139  acc 0.3442  val_loss 1.5323  val_acc 0.3786
2026-04-08 18:41:56    epoch  42  loss 1.6192  acc 0.3438  val_loss 1.5364  val_acc 0.3843
2026-04-08 18:41:59    epoch  43  loss 1.6083  acc 0.3500  val_loss 1.5414  val_acc 0.3728
2026-04-08 18:42:02    epoch  44  loss 1.6179  acc 0.3503  val_loss 1.5416  val_acc 0.3908
2026-04-08 18:42:05    epoch  45  loss 1.6133  acc 0.3509  val_loss 1.5286  val_acc 0.3879
2026-04-08 18:42:09    epoch  46  loss 1.6132  acc 0.3450  val_loss 1.5677  val_acc 0.3592
2026-04-08 18:42:12    epoch  47  loss 1.6170  acc 0.3456  val_loss 1.5389  val_acc 0.3843
2026-04-08 18:42:15    epoch  48  loss 1.6172  acc 0.3448  val_loss 1.5290  val_acc 0.3908
2026-04-08 18:42:18    epoch  49  loss 1.6083  acc 0.3494  val_loss 1.5316  val_acc 0.3973
2026-04-08 18:42:21    epoch  50  loss 1.6068  acc 0.3489  val_loss 1.5352  val_acc 0.3851
2026-04-08 18:42:25    epoch  51  loss 1.6037  acc 0.3531  val_loss 1.5249  val_acc 0.3922
2026-04-08 18:42:28    epoch  52  loss 1.6007  acc 0.3539  val_loss 1.5225  val_acc 0.3886
2026-04-08 18:42:31    epoch  53  loss 1.6055  acc 0.3520  val_loss 1.5372  val_acc 0.3901
2026-04-08 18:42:34    epoch  54  loss 1.6038  acc 0.3495  val_loss 1.5319  val_acc 0.3894
2026-04-08 18:42:38    epoch  55  loss 1.5979  acc 0.3541  val_loss 1.5251  val_acc 0.3886
2026-04-08 18:42:41    epoch  56  loss 1.5978  acc 0.3466  val_loss 1.5341  val_acc 0.3958
2026-04-08 18:42:44    epoch  57  loss 1.6029  acc 0.3520  val_loss 1.5255  val_acc 0.3922
2026-04-08 18:42:47    epoch  58  loss 1.6007  acc 0.3577  val_loss 1.5200  val_acc 0.4001
2026-04-08 18:42:50    epoch  59  loss 1.5910  acc 0.3547  val_loss 1.5204  val_acc 0.3958
2026-04-08 18:42:54    epoch  60  loss 1.5949  acc 0.3562  val_loss 1.5203  val_acc 0.3915
2026-04-08 18:42:57    epoch  61  loss 1.5907  acc 0.3573  val_loss 1.5295  val_acc 0.3901
2026-04-08 18:43:00    epoch  62  loss 1.5899  acc 0.3551  val_loss 1.5249  val_acc 0.3872
2026-04-08 18:43:04    epoch  63  loss 1.5934  acc 0.3553  val_loss 1.5184  val_acc 0.3973
2026-04-08 18:43:07    epoch  64  loss 1.5868  acc 0.3577  val_loss 1.5283  val_acc 0.3886
2026-04-08 18:43:10    epoch  65  loss 1.5995  acc 0.3492  val_loss 1.5272  val_acc 0.3894
2026-04-08 18:43:13    epoch  66  loss 1.5938  acc 0.3589  val_loss 1.5204  val_acc 0.3930
2026-04-08 18:43:17    epoch  67  loss 1.5894  acc 0.3604  val_loss 1.5362  val_acc 0.3807
2026-04-08 18:43:20    epoch  68  loss 1.5984  acc 0.3530  val_loss 1.5234  val_acc 0.3937
2026-04-08 18:43:23    epoch  69  loss 1.5967  acc 0.3574  val_loss 1.5187  val_acc 0.3951
2026-04-08 18:43:26    epoch  70  loss 1.5932  acc 0.3593  val_loss 1.5196  val_acc 0.4030
2026-04-08 18:43:30    epoch  71  loss 1.5951  acc 0.3565  val_loss 1.5165  val_acc 0.3930
2026-04-08 18:43:33    epoch  72  loss 1.5878  acc 0.3544  val_loss 1.5171  val_acc 0.3915
2026-04-08 18:43:36    epoch  73  loss 1.5926  acc 0.3589  val_loss 1.5208  val_acc 0.3901
2026-04-08 18:43:39    epoch  74  loss 1.5838  acc 0.3578  val_loss 1.5151  val_acc 0.3994
2026-04-08 18:43:43    epoch  75  loss 1.5889  acc 0.3625  val_loss 1.5147  val_acc 0.3930
2026-04-08 18:43:46    epoch  76  loss 1.5891  acc 0.3561  val_loss 1.5184  val_acc 0.3930
2026-04-08 18:43:49    epoch  77  loss 1.5934  acc 0.3545  val_loss 1.5176  val_acc 0.3915
2026-04-08 18:43:52    epoch  78  loss 1.5841  acc 0.3600  val_loss 1.5152  val_acc 0.3994
2026-04-08 18:43:56    epoch  79  loss 1.5950  acc 0.3575  val_loss 1.5131  val_acc 0.4001
2026-04-08 18:43:59    epoch  80  loss 1.5922  acc 0.3546  val_loss 1.5164  val_acc 0.3908
2026-04-08 18:44:02    epoch  81  loss 1.5966  acc 0.3517  val_loss 1.5173  val_acc 0.3944
2026-04-08 18:44:06    epoch  82  loss 1.5916  acc 0.3586  val_loss 1.5163  val_acc 0.3886
2026-04-08 18:44:09    epoch  83  loss 1.5906  acc 0.3610  val_loss 1.5188  val_acc 0.3894
2026-04-08 18:44:12    epoch  84  loss 1.5849  acc 0.3593  val_loss 1.5178  val_acc 0.3944
2026-04-08 18:44:16    epoch  85  loss 1.5879  acc 0.3551  val_loss 1.5248  val_acc 0.3865
2026-04-08 18:44:19    epoch  86  loss 1.5937  acc 0.3573  val_loss 1.5169  val_acc 0.3937
2026-04-08 18:44:22    epoch  87  loss 1.5873  acc 0.3520  val_loss 1.5196  val_acc 0.3886
2026-04-08 18:44:22    Early stopping at epoch 87
2026-04-08 18:44:22    User1 accuracy: 0.3123
2026-04-08 18:44:22    ✓ New best model saved (User1 held out, acc=0.3123)
2026-04-08 18:44:23  ────────────────────────────────────────────────────────────
2026-04-08 18:44:23  LOSO fold — held-out: User2 (788 test windows, 13988 train windows)
2026-04-08 18:44:26    epoch   1  loss 1.9166  acc 0.2343  val_loss 1.7356  val_acc 0.2947
2026-04-08 18:44:29    epoch   2  loss 1.7863  acc 0.2732  val_loss 1.6716  val_acc 0.2983
2026-04-08 18:44:32    epoch   3  loss 1.7618  acc 0.2839  val_loss 1.6836  val_acc 0.2926
2026-04-08 18:44:36    epoch   4  loss 1.7367  acc 0.2917  val_loss 1.6569  val_acc 0.3233
2026-04-08 18:44:39    epoch   5  loss 1.7358  acc 0.2882  val_loss 1.6731  val_acc 0.3097
2026-04-08 18:44:42    epoch   6  loss 1.7394  acc 0.2949  val_loss 1.6544  val_acc 0.3147
2026-04-08 18:44:45    epoch   7  loss 1.7334  acc 0.2944  val_loss 1.6499  val_acc 0.3133
2026-04-08 18:44:49    epoch   8  loss 1.7239  acc 0.2994  val_loss 1.6436  val_acc 0.3362
2026-04-08 18:44:52    epoch   9  loss 1.7130  acc 0.3005  val_loss 1.7587  val_acc 0.2990
2026-04-08 18:44:55    epoch  10  loss 1.7217  acc 0.3012  val_loss 1.6824  val_acc 0.3247
2026-04-08 18:44:59    epoch  11  loss 1.7156  acc 0.3043  val_loss 1.6416  val_acc 0.3340
2026-04-08 18:45:02    epoch  12  loss 1.7072  acc 0.3090  val_loss 1.6395  val_acc 0.3312
2026-04-08 18:45:05    epoch  13  loss 1.7090  acc 0.3091  val_loss 1.6456  val_acc 0.3369
2026-04-08 18:45:08    epoch  14  loss 1.6945  acc 0.3094  val_loss 1.6368  val_acc 0.3469
2026-04-08 18:45:12    epoch  15  loss 1.7084  acc 0.3113  val_loss 1.6381  val_acc 0.3319
2026-04-08 18:45:15    epoch  16  loss 1.7047  acc 0.3171  val_loss 1.6253  val_acc 0.3419
2026-04-08 18:45:18    epoch  17  loss 1.6907  acc 0.3151  val_loss 1.6313  val_acc 0.3262
2026-04-08 18:45:21    epoch  18  loss 1.7006  acc 0.3119  val_loss 1.6249  val_acc 0.3348
2026-04-08 18:45:25    epoch  19  loss 1.6986  acc 0.3192  val_loss 1.6343  val_acc 0.3433
2026-04-08 18:45:28    epoch  20  loss 1.7043  acc 0.3161  val_loss 1.6178  val_acc 0.3290
2026-04-08 18:45:31    epoch  21  loss 1.6971  acc 0.3140  val_loss 1.6155  val_acc 0.3405
2026-04-08 18:45:34    epoch  22  loss 1.6873  acc 0.3197  val_loss 1.6111  val_acc 0.3584
2026-04-08 18:45:38    epoch  23  loss 1.6906  acc 0.3202  val_loss 1.6023  val_acc 0.3591
2026-04-08 18:45:41    epoch  24  loss 1.6925  acc 0.3186  val_loss 1.6202  val_acc 0.3426
2026-04-08 18:45:44    epoch  25  loss 1.6782  acc 0.3249  val_loss 1.6135  val_acc 0.3441
2026-04-08 18:45:47    epoch  26  loss 1.6795  acc 0.3203  val_loss 1.6017  val_acc 0.3498
2026-04-08 18:45:51    epoch  27  loss 1.6915  acc 0.3214  val_loss 1.6150  val_acc 0.3269
2026-04-08 18:45:54    epoch  28  loss 1.6825  acc 0.3253  val_loss 1.6334  val_acc 0.3326
2026-04-08 18:45:57    epoch  29  loss 1.6740  acc 0.3262  val_loss 1.6137  val_acc 0.3448
2026-04-08 18:46:00    epoch  30  loss 1.6755  acc 0.3292  val_loss 1.6087  val_acc 0.3662
2026-04-08 18:46:04    epoch  31  loss 1.6690  acc 0.3267  val_loss 1.6023  val_acc 0.3619
2026-04-08 18:46:07    epoch  32  loss 1.6671  acc 0.3309  val_loss 1.6001  val_acc 0.3548
2026-04-08 18:46:10    epoch  33  loss 1.6612  acc 0.3309  val_loss 1.5970  val_acc 0.3612
2026-04-08 18:46:14    epoch  34  loss 1.6675  acc 0.3336  val_loss 1.5983  val_acc 0.3677
2026-04-08 18:46:17    epoch  35  loss 1.6562  acc 0.3322  val_loss 1.6079  val_acc 0.3484
2026-04-08 18:46:20    epoch  36  loss 1.6577  acc 0.3299  val_loss 1.5925  val_acc 0.3555
2026-04-08 18:46:23    epoch  37  loss 1.6556  acc 0.3371  val_loss 1.5831  val_acc 0.3541
2026-04-08 18:46:27    epoch  38  loss 1.6510  acc 0.3390  val_loss 1.6005  val_acc 0.3577
2026-04-08 18:46:30    epoch  39  loss 1.6538  acc 0.3368  val_loss 1.5892  val_acc 0.3605
2026-04-08 18:46:33    epoch  40  loss 1.6491  acc 0.3384  val_loss 1.5826  val_acc 0.3562
2026-04-08 18:46:37    epoch  41  loss 1.6511  acc 0.3384  val_loss 1.5901  val_acc 0.3684
2026-04-08 18:46:40    epoch  42  loss 1.6462  acc 0.3421  val_loss 1.5900  val_acc 0.3498
2026-04-08 18:46:43    epoch  43  loss 1.6470  acc 0.3403  val_loss 1.5780  val_acc 0.3662
2026-04-08 18:46:46    epoch  44  loss 1.6532  acc 0.3378  val_loss 1.5766  val_acc 0.3691
2026-04-08 18:46:50    epoch  45  loss 1.6466  acc 0.3424  val_loss 1.5777  val_acc 0.3748
2026-04-08 18:46:53    epoch  46  loss 1.6465  acc 0.3376  val_loss 1.5908  val_acc 0.3634
2026-04-08 18:46:56    epoch  47  loss 1.6418  acc 0.3380  val_loss 1.5857  val_acc 0.3798
2026-04-08 18:46:59    epoch  48  loss 1.6453  acc 0.3434  val_loss 1.5792  val_acc 0.3662
2026-04-08 18:47:03    epoch  49  loss 1.6426  acc 0.3478  val_loss 1.5729  val_acc 0.3734
2026-04-08 18:47:06    epoch  50  loss 1.6406  acc 0.3403  val_loss 1.5640  val_acc 0.3813
2026-04-08 18:47:09    epoch  51  loss 1.6414  acc 0.3428  val_loss 1.5802  val_acc 0.3619
2026-04-08 18:47:12    epoch  52  loss 1.6419  acc 0.3425  val_loss 1.5947  val_acc 0.3612
2026-04-08 18:47:16    epoch  53  loss 1.6309  acc 0.3464  val_loss 1.5683  val_acc 0.3841
2026-04-08 18:47:19    epoch  54  loss 1.6328  acc 0.3476  val_loss 1.5657  val_acc 0.3727
2026-04-08 18:47:22    epoch  55  loss 1.6400  acc 0.3438  val_loss 1.5769  val_acc 0.3619
2026-04-08 18:47:26    epoch  56  loss 1.6186  acc 0.3565  val_loss 1.5606  val_acc 0.3770
2026-04-08 18:47:29    epoch  57  loss 1.6265  acc 0.3500  val_loss 1.5686  val_acc 0.3777
2026-04-08 18:47:32    epoch  58  loss 1.6212  acc 0.3465  val_loss 1.5632  val_acc 0.3791
2026-04-08 18:47:35    epoch  59  loss 1.6230  acc 0.3531  val_loss 1.5598  val_acc 0.3841
2026-04-08 18:47:39    epoch  60  loss 1.6205  acc 0.3581  val_loss 1.5619  val_acc 0.3641
2026-04-08 18:47:42    epoch  61  loss 1.6127  acc 0.3526  val_loss 1.5576  val_acc 0.3784
2026-04-08 18:47:45    epoch  62  loss 1.6230  acc 0.3531  val_loss 1.5603  val_acc 0.3827
2026-04-08 18:47:49    epoch  63  loss 1.6155  acc 0.3495  val_loss 1.5597  val_acc 0.3784
2026-04-08 18:47:52    epoch  64  loss 1.6185  acc 0.3515  val_loss 1.5583  val_acc 0.3734
2026-04-08 18:47:55    epoch  65  loss 1.6130  acc 0.3590  val_loss 1.5556  val_acc 0.3813
2026-04-08 18:47:58    epoch  66  loss 1.6172  acc 0.3486  val_loss 1.5753  val_acc 0.3720
2026-04-08 18:48:02    epoch  67  loss 1.6182  acc 0.3561  val_loss 1.5549  val_acc 0.3827
2026-04-08 18:48:05    epoch  68  loss 1.6110  acc 0.3570  val_loss 1.5701  val_acc 0.3805
2026-04-08 18:48:08    epoch  69  loss 1.6130  acc 0.3588  val_loss 1.5726  val_acc 0.3648
2026-04-08 18:48:11    epoch  70  loss 1.6142  acc 0.3570  val_loss 1.5551  val_acc 0.3791
2026-04-08 18:48:15    epoch  71  loss 1.6132  acc 0.3598  val_loss 1.5549  val_acc 0.3748
2026-04-08 18:48:18    epoch  72  loss 1.6154  acc 0.3542  val_loss 1.5505  val_acc 0.3948
2026-04-08 18:48:21    epoch  73  loss 1.6110  acc 0.3528  val_loss 1.5603  val_acc 0.3841
2026-04-08 18:48:25    epoch  74  loss 1.6120  acc 0.3601  val_loss 1.5595  val_acc 0.3827
2026-04-08 18:48:28    epoch  75  loss 1.6108  acc 0.3562  val_loss 1.5565  val_acc 0.3798
2026-04-08 18:48:31    epoch  76  loss 1.6044  acc 0.3604  val_loss 1.5678  val_acc 0.3670
2026-04-08 18:48:34    epoch  77  loss 1.6036  acc 0.3595  val_loss 1.5476  val_acc 0.3870
2026-04-08 18:48:38    epoch  78  loss 1.6073  acc 0.3583  val_loss 1.5632  val_acc 0.3820
2026-04-08 18:48:41    epoch  79  loss 1.6145  acc 0.3599  val_loss 1.5517  val_acc 0.3898
2026-04-08 18:48:44    epoch  80  loss 1.6027  acc 0.3597  val_loss 1.5546  val_acc 0.3863
2026-04-08 18:48:48    epoch  81  loss 1.6101  acc 0.3593  val_loss 1.5496  val_acc 0.3827
2026-04-08 18:48:51    epoch  82  loss 1.6068  acc 0.3587  val_loss 1.5636  val_acc 0.3870
2026-04-08 18:48:54    epoch  83  loss 1.5960  acc 0.3634  val_loss 1.5522  val_acc 0.3870
2026-04-08 18:48:58    epoch  84  loss 1.6045  acc 0.3617  val_loss 1.5408  val_acc 0.3913
2026-04-08 18:49:01    epoch  85  loss 1.5975  acc 0.3614  val_loss 1.5441  val_acc 0.3884
2026-04-08 18:49:04    epoch  86  loss 1.6016  acc 0.3664  val_loss 1.5601  val_acc 0.3884
2026-04-08 18:49:08    epoch  87  loss 1.5934  acc 0.3633  val_loss 1.5459  val_acc 0.3906
2026-04-08 18:49:11    epoch  88  loss 1.6025  acc 0.3581  val_loss 1.5441  val_acc 0.3963
2026-04-08 18:49:14    epoch  89  loss 1.5973  acc 0.3675  val_loss 1.5432  val_acc 0.3920
2026-04-08 18:49:17    epoch  90  loss 1.5944  acc 0.3653  val_loss 1.5420  val_acc 0.3927
2026-04-08 18:49:21    epoch  91  loss 1.5919  acc 0.3671  val_loss 1.5418  val_acc 0.3927
2026-04-08 18:49:24    epoch  92  loss 1.5849  acc 0.3697  val_loss 1.5431  val_acc 0.3863
2026-04-08 18:49:24    Early stopping at epoch 92
2026-04-08 18:49:24    User2 accuracy: 0.3972
2026-04-08 18:49:24    ✓ New best model saved (User2 held out, acc=0.3972)
2026-04-08 18:49:24  ────────────────────────────────────────────────────────────
2026-04-08 18:49:24  LOSO fold — held-out: User3 (786 test windows, 13990 train windows)
2026-04-08 18:49:28    epoch   1  loss 1.9077  acc 0.2428  val_loss 1.7314  val_acc 0.2802
2026-04-08 18:49:31    epoch   2  loss 1.7931  acc 0.2785  val_loss 1.6862  val_acc 0.3095
2026-04-08 18:49:34    epoch   3  loss 1.7671  acc 0.2776  val_loss 1.6829  val_acc 0.3045
2026-04-08 18:49:37    epoch   4  loss 1.7343  acc 0.2894  val_loss 1.6792  val_acc 0.3288
2026-04-08 18:49:41    epoch   5  loss 1.7472  acc 0.2840  val_loss 1.6537  val_acc 0.3088
2026-04-08 18:49:44    epoch   6  loss 1.7344  acc 0.2861  val_loss 1.6457  val_acc 0.3567
2026-04-08 18:49:47    epoch   7  loss 1.7284  acc 0.2935  val_loss 1.6365  val_acc 0.3245
2026-04-08 18:49:50    epoch   8  loss 1.7252  acc 0.3001  val_loss 1.6511  val_acc 0.3310
2026-04-08 18:49:54    epoch   9  loss 1.7200  acc 0.2998  val_loss 1.6341  val_acc 0.3288
2026-04-08 18:49:57    epoch  10  loss 1.7128  acc 0.3045  val_loss 1.6332  val_acc 0.3510
2026-04-08 18:50:00    epoch  11  loss 1.7086  acc 0.2987  val_loss 1.6325  val_acc 0.3524
2026-04-08 18:50:03    epoch  12  loss 1.7061  acc 0.3071  val_loss 1.6282  val_acc 0.3488
2026-04-08 18:50:07    epoch  13  loss 1.7104  acc 0.3056  val_loss 1.6323  val_acc 0.3224
2026-04-08 18:50:10    epoch  14  loss 1.7002  acc 0.3086  val_loss 1.6382  val_acc 0.3402
2026-04-08 18:50:13    epoch  15  loss 1.7009  acc 0.3088  val_loss 1.6110  val_acc 0.3288
2026-04-08 18:50:16    epoch  16  loss 1.6944  acc 0.3055  val_loss 1.6322  val_acc 0.3181
2026-04-08 18:50:20    epoch  17  loss 1.7003  acc 0.3074  val_loss 1.6339  val_acc 0.3424
2026-04-08 18:50:23    epoch  18  loss 1.6966  acc 0.3088  val_loss 1.6186  val_acc 0.3438
2026-04-08 18:50:26    epoch  19  loss 1.6958  acc 0.3113  val_loss 1.6227  val_acc 0.3310
2026-04-08 18:50:29    epoch  20  loss 1.7032  acc 0.3119  val_loss 1.6121  val_acc 0.3424
2026-04-08 18:50:33    epoch  21  loss 1.6802  acc 0.3183  val_loss 1.6010  val_acc 0.3724
2026-04-08 18:50:36    epoch  22  loss 1.6714  acc 0.3192  val_loss 1.5973  val_acc 0.3653
2026-04-08 18:50:39    epoch  23  loss 1.6768  acc 0.3224  val_loss 1.6057  val_acc 0.3653
2026-04-08 18:50:42    epoch  24  loss 1.6712  acc 0.3240  val_loss 1.6116  val_acc 0.3631
2026-04-08 18:50:45    epoch  25  loss 1.6621  acc 0.3207  val_loss 1.5868  val_acc 0.3738
2026-04-08 18:50:49    epoch  26  loss 1.6698  acc 0.3252  val_loss 1.5962  val_acc 0.3538
2026-04-08 18:50:52    epoch  27  loss 1.6673  acc 0.3250  val_loss 1.5993  val_acc 0.3595
2026-04-08 18:50:55    epoch  28  loss 1.6618  acc 0.3216  val_loss 1.6056  val_acc 0.3695
2026-04-08 18:50:58    epoch  29  loss 1.6595  acc 0.3276  val_loss 1.5887  val_acc 0.3645
2026-04-08 18:51:02    epoch  30  loss 1.6615  acc 0.3246  val_loss 1.5919  val_acc 0.3760
2026-04-08 18:51:05    epoch  31  loss 1.6510  acc 0.3265  val_loss 1.5898  val_acc 0.3674
2026-04-08 18:51:08    epoch  32  loss 1.6548  acc 0.3335  val_loss 1.5880  val_acc 0.3553
2026-04-08 18:51:11    epoch  33  loss 1.6594  acc 0.3279  val_loss 1.5794  val_acc 0.3910
2026-04-08 18:51:15    epoch  34  loss 1.6508  acc 0.3342  val_loss 1.5903  val_acc 0.3667
2026-04-08 18:51:18    epoch  35  loss 1.6526  acc 0.3332  val_loss 1.5813  val_acc 0.3924
2026-04-08 18:51:21    epoch  36  loss 1.6548  acc 0.3334  val_loss 1.5841  val_acc 0.3688
2026-04-08 18:51:24    epoch  37  loss 1.6494  acc 0.3306  val_loss 1.5722  val_acc 0.3760
2026-04-08 18:51:28    epoch  38  loss 1.6457  acc 0.3352  val_loss 1.5800  val_acc 0.3817
2026-04-08 18:51:31    epoch  39  loss 1.6442  acc 0.3337  val_loss 1.5790  val_acc 0.3824
2026-04-08 18:51:34    epoch  40  loss 1.6478  acc 0.3394  val_loss 1.5867  val_acc 0.3688
2026-04-08 18:51:38    epoch  41  loss 1.6453  acc 0.3328  val_loss 1.5711  val_acc 0.3874
2026-04-08 18:51:41    epoch  42  loss 1.6378  acc 0.3393  val_loss 1.5779  val_acc 0.3667
2026-04-08 18:51:44    epoch  43  loss 1.6478  acc 0.3342  val_loss 1.5721  val_acc 0.3796
2026-04-08 18:51:47    epoch  44  loss 1.6305  acc 0.3416  val_loss 1.5706  val_acc 0.3896
2026-04-08 18:51:51    epoch  45  loss 1.6338  acc 0.3367  val_loss 1.5677  val_acc 0.3846
2026-04-08 18:51:54    epoch  46  loss 1.6493  acc 0.3391  val_loss 1.5740  val_acc 0.3946
2026-04-08 18:51:57    epoch  47  loss 1.6413  acc 0.3360  val_loss 1.5737  val_acc 0.3695
2026-04-08 18:52:00    epoch  48  loss 1.6373  acc 0.3394  val_loss 1.5674  val_acc 0.3781
2026-04-08 18:52:04    epoch  49  loss 1.6314  acc 0.3422  val_loss 1.5697  val_acc 0.3924
2026-04-08 18:52:07    epoch  50  loss 1.6336  acc 0.3450  val_loss 1.5708  val_acc 0.3724
2026-04-08 18:52:10    epoch  51  loss 1.6418  acc 0.3413  val_loss 1.5725  val_acc 0.3767
2026-04-08 18:52:13    epoch  52  loss 1.6297  acc 0.3482  val_loss 1.5756  val_acc 0.3760
2026-04-08 18:52:17    epoch  53  loss 1.6351  acc 0.3446  val_loss 1.5826  val_acc 0.3774
2026-04-08 18:52:20    epoch  54  loss 1.6285  acc 0.3413  val_loss 1.5633  val_acc 0.3853
2026-04-08 18:52:23    epoch  55  loss 1.6328  acc 0.3424  val_loss 1.5558  val_acc 0.3874
2026-04-08 18:52:26    epoch  56  loss 1.6244  acc 0.3468  val_loss 1.5762  val_acc 0.3846
2026-04-08 18:52:30    epoch  57  loss 1.6308  acc 0.3394  val_loss 1.5554  val_acc 0.3903
2026-04-08 18:52:33    epoch  58  loss 1.6276  acc 0.3477  val_loss 1.5647  val_acc 0.3788
2026-04-08 18:52:36    epoch  59  loss 1.6259  acc 0.3427  val_loss 1.5613  val_acc 0.3867
2026-04-08 18:52:39    epoch  60  loss 1.6218  acc 0.3483  val_loss 1.5559  val_acc 0.3910
2026-04-08 18:52:43    epoch  61  loss 1.6195  acc 0.3483  val_loss 1.5568  val_acc 0.3946
2026-04-08 18:52:46    epoch  62  loss 1.6283  acc 0.3391  val_loss 1.5619  val_acc 0.3831
2026-04-08 18:52:49    epoch  63  loss 1.6235  acc 0.3459  val_loss 1.5739  val_acc 0.3688
2026-04-08 18:52:53    epoch  64  loss 1.6153  acc 0.3485  val_loss 1.5547  val_acc 0.3953
2026-04-08 18:52:56    epoch  65  loss 1.6178  acc 0.3442  val_loss 1.5650  val_acc 0.3796
2026-04-08 18:52:59    epoch  66  loss 1.6227  acc 0.3463  val_loss 1.5603  val_acc 0.3910
2026-04-08 18:53:03    epoch  67  loss 1.6181  acc 0.3536  val_loss 1.5513  val_acc 0.3989
2026-04-08 18:53:06    epoch  68  loss 1.6157  acc 0.3487  val_loss 1.5575  val_acc 0.3831
2026-04-08 18:53:09    epoch  69  loss 1.6143  acc 0.3471  val_loss 1.5565  val_acc 0.3874
2026-04-08 18:53:12    epoch  70  loss 1.6184  acc 0.3499  val_loss 1.5580  val_acc 0.3903
2026-04-08 18:53:16    epoch  71  loss 1.6140  acc 0.3513  val_loss 1.5543  val_acc 0.3853
2026-04-08 18:53:19    epoch  72  loss 1.6151  acc 0.3495  val_loss 1.5627  val_acc 0.3803
2026-04-08 18:53:22    epoch  73  loss 1.6101  acc 0.3458  val_loss 1.5556  val_acc 0.3896
2026-04-08 18:53:25    epoch  74  loss 1.6208  acc 0.3453  val_loss 1.5499  val_acc 0.3881
2026-04-08 18:53:29    epoch  75  loss 1.6167  acc 0.3492  val_loss 1.5561  val_acc 0.3903
2026-04-08 18:53:32    epoch  76  loss 1.6080  acc 0.3494  val_loss 1.5519  val_acc 0.3853
2026-04-08 18:53:35    epoch  77  loss 1.6139  acc 0.3481  val_loss 1.5670  val_acc 0.3738
2026-04-08 18:53:38    epoch  78  loss 1.6185  acc 0.3445  val_loss 1.5515  val_acc 0.3946
2026-04-08 18:53:42    epoch  79  loss 1.6099  acc 0.3514  val_loss 1.5539  val_acc 0.3881
2026-04-08 18:53:45    epoch  80  loss 1.6123  acc 0.3524  val_loss 1.5502  val_acc 0.3960
2026-04-08 18:53:48    epoch  81  loss 1.6132  acc 0.3464  val_loss 1.5511  val_acc 0.3874
2026-04-08 18:53:52    epoch  82  loss 1.6127  acc 0.3546  val_loss 1.5563  val_acc 0.3853
2026-04-08 18:53:52    Early stopping at epoch 82
2026-04-08 18:53:52    User3 accuracy: 0.3906
2026-04-08 18:53:52  ────────────────────────────────────────────────────────────
2026-04-08 18:53:52  LOSO fold — held-out: User4 (832 test windows, 13944 train windows)
2026-04-08 18:53:55    epoch   1  loss 1.9337  acc 0.2319  val_loss 1.7199  val_acc 0.2877
2026-04-08 18:53:58    epoch   2  loss 1.7972  acc 0.2736  val_loss 1.6777  val_acc 0.3164
2026-04-08 18:54:02    epoch   3  loss 1.7622  acc 0.2809  val_loss 1.6301  val_acc 0.3300
2026-04-08 18:54:05    epoch   4  loss 1.7568  acc 0.2885  val_loss 1.6273  val_acc 0.3199
2026-04-08 18:54:08    epoch   5  loss 1.7468  acc 0.2911  val_loss 1.6194  val_acc 0.3128
2026-04-08 18:54:11    epoch   6  loss 1.7397  acc 0.2961  val_loss 1.6097  val_acc 0.3278
2026-04-08 18:54:15    epoch   7  loss 1.7354  acc 0.2947  val_loss 1.6463  val_acc 0.3207
2026-04-08 18:54:18    epoch   8  loss 1.7335  acc 0.2978  val_loss 1.6262  val_acc 0.3228
2026-04-08 18:54:21    epoch   9  loss 1.7320  acc 0.2920  val_loss 1.6144  val_acc 0.3314
2026-04-08 18:54:24    epoch  10  loss 1.7269  acc 0.3037  val_loss 1.6114  val_acc 0.3300
2026-04-08 18:54:28    epoch  11  loss 1.7156  acc 0.3062  val_loss 1.6573  val_acc 0.3128
2026-04-08 18:54:31    epoch  12  loss 1.7109  acc 0.3042  val_loss 1.5969  val_acc 0.3321
2026-04-08 18:54:34    epoch  13  loss 1.6984  acc 0.3127  val_loss 1.6068  val_acc 0.3465
2026-04-08 18:54:37    epoch  14  loss 1.6962  acc 0.3143  val_loss 1.5980  val_acc 0.3529
2026-04-08 18:54:41    epoch  15  loss 1.6993  acc 0.3152  val_loss 1.5790  val_acc 0.3580
2026-04-08 18:54:44    epoch  16  loss 1.6923  acc 0.3185  val_loss 1.5766  val_acc 0.3716
2026-04-08 18:54:47    epoch  17  loss 1.7029  acc 0.3160  val_loss 1.5804  val_acc 0.3666
2026-04-08 18:54:50    epoch  18  loss 1.7052  acc 0.3130  val_loss 1.5850  val_acc 0.3594
2026-04-08 18:54:54    epoch  19  loss 1.6893  acc 0.3151  val_loss 1.6191  val_acc 0.3379
2026-04-08 18:54:57    epoch  20  loss 1.6918  acc 0.3151  val_loss 1.5908  val_acc 0.3601
2026-04-08 18:55:00    epoch  21  loss 1.6801  acc 0.3287  val_loss 1.5775  val_acc 0.3702
2026-04-08 18:55:03    epoch  22  loss 1.6797  acc 0.3250  val_loss 1.5680  val_acc 0.3737
2026-04-08 18:55:07    epoch  23  loss 1.6860  acc 0.3221  val_loss 1.5684  val_acc 0.3773
2026-04-08 18:55:10    epoch  24  loss 1.6854  acc 0.3252  val_loss 1.6088  val_acc 0.3486
2026-04-08 18:55:13    epoch  25  loss 1.6823  acc 0.3256  val_loss 1.6088  val_acc 0.3443
2026-04-08 18:55:17    epoch  26  loss 1.6735  acc 0.3262  val_loss 1.5657  val_acc 0.3680
2026-04-08 18:55:20    epoch  27  loss 1.6765  acc 0.3281  val_loss 1.5758  val_acc 0.3666
2026-04-08 18:55:23    epoch  28  loss 1.6819  acc 0.3260  val_loss 1.5726  val_acc 0.3666
2026-04-08 18:55:26    epoch  29  loss 1.6778  acc 0.3308  val_loss 1.5707  val_acc 0.3659
2026-04-08 18:55:30    epoch  30  loss 1.6662  acc 0.3283  val_loss 1.5583  val_acc 0.3802
2026-04-08 18:55:33    epoch  31  loss 1.6697  acc 0.3329  val_loss 1.5749  val_acc 0.3623
2026-04-08 18:55:36    epoch  32  loss 1.6742  acc 0.3304  val_loss 1.5603  val_acc 0.3709
2026-04-08 18:55:39    epoch  33  loss 1.6742  acc 0.3316  val_loss 1.5756  val_acc 0.3723
2026-04-08 18:55:43    epoch  34  loss 1.6666  acc 0.3288  val_loss 1.5656  val_acc 0.3780
2026-04-08 18:55:46    epoch  35  loss 1.6660  acc 0.3325  val_loss 1.5771  val_acc 0.3759
2026-04-08 18:55:49    epoch  36  loss 1.6622  acc 0.3339  val_loss 1.5553  val_acc 0.3780
2026-04-08 18:55:52    epoch  37  loss 1.6646  acc 0.3262  val_loss 1.5620  val_acc 0.3730
2026-04-08 18:55:56    epoch  38  loss 1.6737  acc 0.3304  val_loss 1.5594  val_acc 0.3737
2026-04-08 18:55:59    epoch  39  loss 1.6644  acc 0.3344  val_loss 1.5620  val_acc 0.3838
2026-04-08 18:56:02    epoch  40  loss 1.6620  acc 0.3363  val_loss 1.5610  val_acc 0.3824
2026-04-08 18:56:05    epoch  41  loss 1.6690  acc 0.3333  val_loss 1.5841  val_acc 0.3752
2026-04-08 18:56:09    epoch  42  loss 1.6673  acc 0.3319  val_loss 1.5489  val_acc 0.3795
2026-04-08 18:56:12    epoch  43  loss 1.6652  acc 0.3341  val_loss 1.5583  val_acc 0.3795
2026-04-08 18:56:15    epoch  44  loss 1.6579  acc 0.3377  val_loss 1.5492  val_acc 0.3816
2026-04-08 18:56:18    epoch  45  loss 1.6636  acc 0.3375  val_loss 1.5472  val_acc 0.3709
2026-04-08 18:56:22    epoch  46  loss 1.6568  acc 0.3399  val_loss 1.5506  val_acc 0.3838
2026-04-08 18:56:25    epoch  47  loss 1.6530  acc 0.3367  val_loss 1.5528  val_acc 0.3859
2026-04-08 18:56:28    epoch  48  loss 1.6643  acc 0.3360  val_loss 1.5535  val_acc 0.3881
2026-04-08 18:56:31    epoch  49  loss 1.6611  acc 0.3347  val_loss 1.5852  val_acc 0.3745
2026-04-08 18:56:35    epoch  50  loss 1.6608  acc 0.3374  val_loss 1.5842  val_acc 0.3680
2026-04-08 18:56:38    epoch  51  loss 1.6578  acc 0.3392  val_loss 1.5674  val_acc 0.3838
2026-04-08 18:56:41    epoch  52  loss 1.6544  acc 0.3379  val_loss 1.5546  val_acc 0.3845
2026-04-08 18:56:44    epoch  53  loss 1.6581  acc 0.3375  val_loss 1.5540  val_acc 0.3831
2026-04-08 18:56:44    Early stopping at epoch 53
2026-04-08 18:56:44    User4 accuracy: 0.3462
2026-04-08 18:56:45  ────────────────────────────────────────────────────────────
2026-04-08 18:56:45  LOSO fold — held-out: User5 (819 test windows, 13957 train windows)
2026-04-08 18:56:48    epoch   1  loss 1.9178  acc 0.2321  val_loss 1.7464  val_acc 0.2925
2026-04-08 18:56:51    epoch   2  loss 1.7797  acc 0.2706  val_loss 1.6865  val_acc 0.3090
2026-04-08 18:56:55    epoch   3  loss 1.7547  acc 0.2779  val_loss 1.6688  val_acc 0.3068
2026-04-08 18:56:58    epoch   4  loss 1.7416  acc 0.2910  val_loss 1.6557  val_acc 0.3147
2026-04-08 18:57:01    epoch   5  loss 1.7334  acc 0.2916  val_loss 1.6660  val_acc 0.3204
2026-04-08 18:57:04    epoch   6  loss 1.7300  acc 0.2959  val_loss 1.6597  val_acc 0.3004
2026-04-08 18:57:08    epoch   7  loss 1.7290  acc 0.2978  val_loss 1.6529  val_acc 0.3111
2026-04-08 18:57:11    epoch   8  loss 1.7119  acc 0.3048  val_loss 1.6541  val_acc 0.3262
2026-04-08 18:57:14    epoch   9  loss 1.7108  acc 0.3021  val_loss 1.6397  val_acc 0.3226
2026-04-08 18:57:17    epoch  10  loss 1.7171  acc 0.3034  val_loss 1.6423  val_acc 0.3326
2026-04-08 18:57:21    epoch  11  loss 1.6987  acc 0.3072  val_loss 1.6515  val_acc 0.3118
2026-04-08 18:57:24    epoch  12  loss 1.7055  acc 0.3001  val_loss 1.6707  val_acc 0.3176
2026-04-08 18:57:27    epoch  13  loss 1.7058  acc 0.3061  val_loss 1.6336  val_acc 0.3498
2026-04-08 18:57:30    epoch  14  loss 1.6909  acc 0.3208  val_loss 1.6391  val_acc 0.3441
2026-04-08 18:57:34    epoch  15  loss 1.6976  acc 0.3092  val_loss 1.6298  val_acc 0.3341
2026-04-08 18:57:37    epoch  16  loss 1.6993  acc 0.3060  val_loss 1.6377  val_acc 0.3384
2026-04-08 18:57:40    epoch  17  loss 1.6960  acc 0.3148  val_loss 1.6375  val_acc 0.3362
2026-04-08 18:57:43    epoch  18  loss 1.6918  acc 0.3166  val_loss 1.6205  val_acc 0.3412
2026-04-08 18:57:47    epoch  19  loss 1.6928  acc 0.3165  val_loss 1.6304  val_acc 0.3470
2026-04-08 18:57:50    epoch  20  loss 1.6867  acc 0.3264  val_loss 1.6338  val_acc 0.3455
2026-04-08 18:57:53    epoch  21  loss 1.6807  acc 0.3247  val_loss 1.6205  val_acc 0.3591
2026-04-08 18:57:56    epoch  22  loss 1.6893  acc 0.3231  val_loss 1.6174  val_acc 0.3470
2026-04-08 18:58:00    epoch  23  loss 1.6768  acc 0.3278  val_loss 1.6356  val_acc 0.3591
2026-04-08 18:58:03    epoch  24  loss 1.6698  acc 0.3263  val_loss 1.6148  val_acc 0.3620
2026-04-08 18:58:06    epoch  25  loss 1.6732  acc 0.3246  val_loss 1.6131  val_acc 0.3534
2026-04-08 18:58:09    epoch  26  loss 1.6754  acc 0.3207  val_loss 1.6256  val_acc 0.3556
2026-04-08 18:58:12    epoch  27  loss 1.6760  acc 0.3237  val_loss 1.6247  val_acc 0.3527
2026-04-08 18:58:16    epoch  28  loss 1.6734  acc 0.3251  val_loss 1.6073  val_acc 0.3706
2026-04-08 18:58:19    epoch  29  loss 1.6737  acc 0.3262  val_loss 1.6150  val_acc 0.3534
2026-04-08 18:58:22    epoch  30  loss 1.6766  acc 0.3300  val_loss 1.6018  val_acc 0.3520
2026-04-08 18:58:25    epoch  31  loss 1.6725  acc 0.3312  val_loss 1.5988  val_acc 0.3663
2026-04-08 18:58:29    epoch  32  loss 1.6653  acc 0.3304  val_loss 1.5970  val_acc 0.3663
2026-04-08 18:58:32    epoch  33  loss 1.6681  acc 0.3340  val_loss 1.6168  val_acc 0.3484
2026-04-08 18:58:35    epoch  34  loss 1.6642  acc 0.3316  val_loss 1.5951  val_acc 0.3649
2026-04-08 18:58:38    epoch  35  loss 1.6595  acc 0.3310  val_loss 1.6016  val_acc 0.3606
2026-04-08 18:58:42    epoch  36  loss 1.6640  acc 0.3331  val_loss 1.6025  val_acc 0.3613
2026-04-08 18:58:45    epoch  37  loss 1.6625  acc 0.3351  val_loss 1.6002  val_acc 0.3735
2026-04-08 18:58:48    epoch  38  loss 1.6593  acc 0.3323  val_loss 1.6034  val_acc 0.3599
2026-04-08 18:58:51    epoch  39  loss 1.6475  acc 0.3388  val_loss 1.6061  val_acc 0.3627
2026-04-08 18:58:55    epoch  40  loss 1.6412  acc 0.3420  val_loss 1.6126  val_acc 0.3527
2026-04-08 18:58:58    epoch  41  loss 1.6385  acc 0.3408  val_loss 1.5912  val_acc 0.3541
2026-04-08 18:59:01    epoch  42  loss 1.6380  acc 0.3464  val_loss 1.5851  val_acc 0.3713
2026-04-08 18:59:04    epoch  43  loss 1.6440  acc 0.3406  val_loss 1.5764  val_acc 0.3756
2026-04-08 18:59:08    epoch  44  loss 1.6357  acc 0.3481  val_loss 1.5808  val_acc 0.3828
2026-04-08 18:59:11    epoch  45  loss 1.6367  acc 0.3476  val_loss 1.5902  val_acc 0.3742
2026-04-08 18:59:14    epoch  46  loss 1.6346  acc 0.3460  val_loss 1.5678  val_acc 0.3771
2026-04-08 18:59:17    epoch  47  loss 1.6350  acc 0.3500  val_loss 1.5728  val_acc 0.3670
2026-04-08 18:59:21    epoch  48  loss 1.6291  acc 0.3489  val_loss 1.5937  val_acc 0.3677
2026-04-08 18:59:24    epoch  49  loss 1.6309  acc 0.3492  val_loss 1.5688  val_acc 0.3771
2026-04-08 18:59:27    epoch  50  loss 1.6251  acc 0.3481  val_loss 1.5976  val_acc 0.3577
2026-04-08 18:59:30    epoch  51  loss 1.6249  acc 0.3530  val_loss 1.5722  val_acc 0.3720
2026-04-08 18:59:34    epoch  52  loss 1.6134  acc 0.3490  val_loss 1.5867  val_acc 0.3613
2026-04-08 18:59:37    epoch  53  loss 1.6123  acc 0.3521  val_loss 1.5652  val_acc 0.3778
2026-04-08 18:59:40    epoch  54  loss 1.6137  acc 0.3554  val_loss 1.5579  val_acc 0.3814
2026-04-08 18:59:43    epoch  55  loss 1.6156  acc 0.3577  val_loss 1.5562  val_acc 0.3735
2026-04-08 18:59:46    epoch  56  loss 1.6093  acc 0.3601  val_loss 1.5574  val_acc 0.3849
2026-04-08 18:59:50    epoch  57  loss 1.6084  acc 0.3572  val_loss 1.5588  val_acc 0.3670
2026-04-08 18:59:53    epoch  58  loss 1.6137  acc 0.3530  val_loss 1.5554  val_acc 0.3792
2026-04-08 18:59:56    epoch  59  loss 1.6028  acc 0.3574  val_loss 1.5517  val_acc 0.3864
2026-04-08 18:59:59    epoch  60  loss 1.6119  acc 0.3562  val_loss 1.5599  val_acc 0.3821
2026-04-08 19:00:03    epoch  61  loss 1.6076  acc 0.3515  val_loss 1.5514  val_acc 0.3864
2026-04-08 19:00:06    epoch  62  loss 1.6087  acc 0.3554  val_loss 1.5570  val_acc 0.3907
2026-04-08 19:00:09    epoch  63  loss 1.6116  acc 0.3627  val_loss 1.5573  val_acc 0.3806
2026-04-08 19:00:13    epoch  64  loss 1.6030  acc 0.3602  val_loss 1.5651  val_acc 0.3792
2026-04-08 19:00:16    epoch  65  loss 1.6010  acc 0.3616  val_loss 1.5535  val_acc 0.3792
2026-04-08 19:00:19    epoch  66  loss 1.5995  acc 0.3564  val_loss 1.5539  val_acc 0.3835
2026-04-08 19:00:22    epoch  67  loss 1.5969  acc 0.3558  val_loss 1.5453  val_acc 0.3792
2026-04-08 19:00:25    epoch  68  loss 1.6063  acc 0.3616  val_loss 1.5483  val_acc 0.3835
2026-04-08 19:00:29    epoch  69  loss 1.6001  acc 0.3587  val_loss 1.5489  val_acc 0.3821
2026-04-08 19:00:32    epoch  70  loss 1.5908  acc 0.3657  val_loss 1.5465  val_acc 0.3892
2026-04-08 19:00:35    epoch  71  loss 1.5990  acc 0.3640  val_loss 1.5478  val_acc 0.3849
2026-04-08 19:00:38    epoch  72  loss 1.5930  acc 0.3672  val_loss 1.5410  val_acc 0.3799
2026-04-08 19:00:42    epoch  73  loss 1.6002  acc 0.3609  val_loss 1.5735  val_acc 0.3735
2026-04-08 19:00:45    epoch  74  loss 1.5957  acc 0.3649  val_loss 1.5534  val_acc 0.3821
2026-04-08 19:00:48    epoch  75  loss 1.6002  acc 0.3602  val_loss 1.5427  val_acc 0.3821
2026-04-08 19:00:51    epoch  76  loss 1.5966  acc 0.3644  val_loss 1.5581  val_acc 0.3806
2026-04-08 19:00:55    epoch  77  loss 1.5944  acc 0.3631  val_loss 1.5489  val_acc 0.3857
2026-04-08 19:00:58    epoch  78  loss 1.5900  acc 0.3635  val_loss 1.5446  val_acc 0.3878
2026-04-08 19:01:01    epoch  79  loss 1.5925  acc 0.3601  val_loss 1.5416  val_acc 0.3885
2026-04-08 19:01:05    epoch  80  loss 1.5911  acc 0.3651  val_loss 1.5529  val_acc 0.3849
2026-04-08 19:01:05    Early stopping at epoch 80
2026-04-08 19:01:05    User5 accuracy: 0.3663
2026-04-08 19:01:05  ────────────────────────────────────────────────────────────
2026-04-08 19:01:05  LOSO fold — held-out: User6 (799 test windows, 13977 train windows)
2026-04-08 19:01:08    epoch   1  loss 1.9272  acc 0.2406  val_loss 1.7765  val_acc 0.2763
2026-04-08 19:01:11    epoch   2  loss 1.7813  acc 0.2775  val_loss 1.6877  val_acc 0.3042
2026-04-08 19:01:15    epoch   3  loss 1.7518  acc 0.2797  val_loss 1.6732  val_acc 0.3035
2026-04-08 19:01:18    epoch   4  loss 1.7358  acc 0.2906  val_loss 1.6829  val_acc 0.3078
2026-04-08 19:01:21    epoch   5  loss 1.7300  acc 0.2922  val_loss 1.6560  val_acc 0.3128
2026-04-08 19:01:25    epoch   6  loss 1.7295  acc 0.2937  val_loss 1.6536  val_acc 0.3286
2026-04-08 19:01:28    epoch   7  loss 1.7339  acc 0.2921  val_loss 1.6762  val_acc 0.3150
2026-04-08 19:01:31    epoch   8  loss 1.7188  acc 0.2963  val_loss 1.6617  val_acc 0.2985
2026-04-08 19:01:34    epoch   9  loss 1.7143  acc 0.3035  val_loss 1.6351  val_acc 0.3357
2026-04-08 19:01:38    epoch  10  loss 1.7108  acc 0.3041  val_loss 1.6335  val_acc 0.3236
2026-04-08 19:01:41    epoch  11  loss 1.7077  acc 0.3064  val_loss 1.6292  val_acc 0.3314
2026-04-08 19:01:44    epoch  12  loss 1.6982  acc 0.3092  val_loss 1.6251  val_acc 0.3357
2026-04-08 19:01:47    epoch  13  loss 1.7032  acc 0.3021  val_loss 1.6407  val_acc 0.3157
2026-04-08 19:01:51    epoch  14  loss 1.6974  acc 0.3095  val_loss 1.6545  val_acc 0.3214
2026-04-08 19:01:54    epoch  15  loss 1.7008  acc 0.3122  val_loss 1.6410  val_acc 0.3329
2026-04-08 19:01:57    epoch  16  loss 1.6957  acc 0.3103  val_loss 1.6242  val_acc 0.3350
2026-04-08 19:02:00    epoch  17  loss 1.6919  acc 0.3213  val_loss 1.6448  val_acc 0.3221
2026-04-08 19:02:03    epoch  18  loss 1.6879  acc 0.3147  val_loss 1.6238  val_acc 0.3436
2026-04-08 19:02:07    epoch  19  loss 1.6878  acc 0.3202  val_loss 1.6188  val_acc 0.3236
2026-04-08 19:02:10    epoch  20  loss 1.6921  acc 0.3122  val_loss 1.6152  val_acc 0.3214
2026-04-08 19:02:13    epoch  21  loss 1.6862  acc 0.3206  val_loss 1.6239  val_acc 0.3343
2026-04-08 19:02:17    epoch  22  loss 1.6843  acc 0.3170  val_loss 1.6225  val_acc 0.3343
2026-04-08 19:02:20    epoch  23  loss 1.6791  acc 0.3164  val_loss 1.6099  val_acc 0.3350
2026-04-08 19:02:23    epoch  24  loss 1.6776  acc 0.3236  val_loss 1.6055  val_acc 0.3472
2026-04-08 19:02:26    epoch  25  loss 1.6768  acc 0.3254  val_loss 1.6044  val_acc 0.3286
2026-04-08 19:02:30    epoch  26  loss 1.6763  acc 0.3227  val_loss 1.6292  val_acc 0.3243
2026-04-08 19:02:33    epoch  27  loss 1.6771  acc 0.3240  val_loss 1.6020  val_acc 0.3300
2026-04-08 19:02:36    epoch  28  loss 1.6591  acc 0.3315  val_loss 1.5990  val_acc 0.3407
2026-04-08 19:02:39    epoch  29  loss 1.6671  acc 0.3318  val_loss 1.6089  val_acc 0.3429
2026-04-08 19:02:43    epoch  30  loss 1.6595  acc 0.3310  val_loss 1.5866  val_acc 0.3529
2026-04-08 19:02:46    epoch  31  loss 1.6642  acc 0.3305  val_loss 1.6229  val_acc 0.3422
2026-04-08 19:02:49    epoch  32  loss 1.6683  acc 0.3285  val_loss 1.6004  val_acc 0.3536
2026-04-08 19:02:52    epoch  33  loss 1.6629  acc 0.3268  val_loss 1.6375  val_acc 0.3472
2026-04-08 19:02:56    epoch  34  loss 1.6538  acc 0.3304  val_loss 1.6051  val_acc 0.3300
2026-04-08 19:02:59    epoch  35  loss 1.6621  acc 0.3343  val_loss 1.5838  val_acc 0.3543
2026-04-08 19:03:02    epoch  36  loss 1.6599  acc 0.3343  val_loss 1.5917  val_acc 0.3386
2026-04-08 19:03:05    epoch  37  loss 1.6582  acc 0.3285  val_loss 1.6205  val_acc 0.3436
2026-04-08 19:03:09    epoch  38  loss 1.6554  acc 0.3384  val_loss 1.6029  val_acc 0.3493
2026-04-08 19:03:12    epoch  39  loss 1.6526  acc 0.3362  val_loss 1.6157  val_acc 0.3321
2026-04-08 19:03:15    epoch  40  loss 1.6531  acc 0.3392  val_loss 1.5927  val_acc 0.3550
2026-04-08 19:03:18    epoch  41  loss 1.6345  acc 0.3409  val_loss 1.5829  val_acc 0.3500
2026-04-08 19:03:22    epoch  42  loss 1.6409  acc 0.3405  val_loss 1.5692  val_acc 0.3715
2026-04-08 19:03:25    epoch  43  loss 1.6277  acc 0.3452  val_loss 1.5984  val_acc 0.3550
2026-04-08 19:03:28    epoch  44  loss 1.6290  acc 0.3431  val_loss 1.5679  val_acc 0.3708
2026-04-08 19:03:31    epoch  45  loss 1.6270  acc 0.3461  val_loss 1.5950  val_acc 0.3558
2026-04-08 19:03:35    epoch  46  loss 1.6303  acc 0.3463  val_loss 1.5754  val_acc 0.3593
2026-04-08 19:03:38    epoch  47  loss 1.6320  acc 0.3455  val_loss 1.5782  val_acc 0.3679
2026-04-08 19:03:41    epoch  48  loss 1.6239  acc 0.3498  val_loss 1.5687  val_acc 0.3672
2026-04-08 19:03:44    epoch  49  loss 1.6226  acc 0.3510  val_loss 1.5676  val_acc 0.3644
2026-04-08 19:03:48    epoch  50  loss 1.6212  acc 0.3508  val_loss 1.5639  val_acc 0.3694
2026-04-08 19:03:51    epoch  51  loss 1.6208  acc 0.3486  val_loss 1.5663  val_acc 0.3722
2026-04-08 19:03:54    epoch  52  loss 1.6268  acc 0.3502  val_loss 1.5694  val_acc 0.3694
2026-04-08 19:03:57    epoch  53  loss 1.6316  acc 0.3502  val_loss 1.5606  val_acc 0.3651
2026-04-08 19:04:00    epoch  54  loss 1.6176  acc 0.3486  val_loss 1.5644  val_acc 0.3672
2026-04-08 19:04:04    epoch  55  loss 1.6207  acc 0.3505  val_loss 1.5713  val_acc 0.3615
2026-04-08 19:04:07    epoch  56  loss 1.6242  acc 0.3448  val_loss 1.5596  val_acc 0.3694
2026-04-08 19:04:10    epoch  57  loss 1.6251  acc 0.3462  val_loss 1.5664  val_acc 0.3672
2026-04-08 19:04:13    epoch  58  loss 1.6130  acc 0.3576  val_loss 1.5826  val_acc 0.3615
2026-04-08 19:04:17    epoch  59  loss 1.6150  acc 0.3565  val_loss 1.5621  val_acc 0.3787
2026-04-08 19:04:20    epoch  60  loss 1.6146  acc 0.3584  val_loss 1.5553  val_acc 0.3744
2026-04-08 19:04:23    epoch  61  loss 1.6181  acc 0.3520  val_loss 1.5613  val_acc 0.3629
2026-04-08 19:04:27    epoch  62  loss 1.6183  acc 0.3525  val_loss 1.5572  val_acc 0.3665
2026-04-08 19:04:30    epoch  63  loss 1.6150  acc 0.3581  val_loss 1.5478  val_acc 0.3765
2026-04-08 19:04:33    epoch  64  loss 1.6080  acc 0.3530  val_loss 1.5603  val_acc 0.3851
2026-04-08 19:04:36    epoch  65  loss 1.6166  acc 0.3502  val_loss 1.5664  val_acc 0.3622
2026-04-08 19:04:40    epoch  66  loss 1.6178  acc 0.3524  val_loss 1.6144  val_acc 0.3601
2026-04-08 19:04:43    epoch  67  loss 1.6181  acc 0.3506  val_loss 1.5531  val_acc 0.3608
2026-04-08 19:04:46    epoch  68  loss 1.6085  acc 0.3560  val_loss 1.5554  val_acc 0.3572
2026-04-08 19:04:49    epoch  69  loss 1.6040  acc 0.3575  val_loss 1.5464  val_acc 0.3744
2026-04-08 19:04:53    epoch  70  loss 1.6006  acc 0.3522  val_loss 1.5470  val_acc 0.3679
2026-04-08 19:04:56    epoch  71  loss 1.6035  acc 0.3591  val_loss 1.5430  val_acc 0.3815
2026-04-08 19:04:59    epoch  72  loss 1.5960  acc 0.3594  val_loss 1.5430  val_acc 0.3722
2026-04-08 19:05:03    epoch  73  loss 1.6036  acc 0.3572  val_loss 1.5587  val_acc 0.3622
2026-04-08 19:05:06    epoch  74  loss 1.6027  acc 0.3564  val_loss 1.5477  val_acc 0.3787
2026-04-08 19:05:09    epoch  75  loss 1.5969  acc 0.3587  val_loss 1.5559  val_acc 0.3672
2026-04-08 19:05:13    epoch  76  loss 1.5931  acc 0.3622  val_loss 1.5451  val_acc 0.3651
2026-04-08 19:05:16    epoch  77  loss 1.5952  acc 0.3591  val_loss 1.5379  val_acc 0.3708
2026-04-08 19:05:19    epoch  78  loss 1.5931  acc 0.3628  val_loss 1.5480  val_acc 0.3644
2026-04-08 19:05:22    epoch  79  loss 1.5859  acc 0.3636  val_loss 1.5442  val_acc 0.3715
2026-04-08 19:05:26    epoch  80  loss 1.5899  acc 0.3638  val_loss 1.5423  val_acc 0.3865
2026-04-08 19:05:29    epoch  81  loss 1.5938  acc 0.3646  val_loss 1.5417  val_acc 0.3672
2026-04-08 19:05:32    epoch  82  loss 1.5913  acc 0.3622  val_loss 1.5677  val_acc 0.3393
2026-04-08 19:05:36    epoch  83  loss 1.5856  acc 0.3657  val_loss 1.5378  val_acc 0.3794
2026-04-08 19:05:39    epoch  84  loss 1.5827  acc 0.3679  val_loss 1.5528  val_acc 0.3651
2026-04-08 19:05:42    epoch  85  loss 1.5857  acc 0.3668  val_loss 1.5368  val_acc 0.3729
2026-04-08 19:05:46    epoch  86  loss 1.5843  acc 0.3622  val_loss 1.5446  val_acc 0.3622
2026-04-08 19:05:49    epoch  87  loss 1.5862  acc 0.3652  val_loss 1.5362  val_acc 0.3708
2026-04-08 19:05:52    epoch  88  loss 1.5852  acc 0.3654  val_loss 1.5376  val_acc 0.3679
2026-04-08 19:05:56    epoch  89  loss 1.5806  acc 0.3686  val_loss 1.5342  val_acc 0.3772
2026-04-08 19:05:59    epoch  90  loss 1.5856  acc 0.3700  val_loss 1.5340  val_acc 0.3822
2026-04-08 19:06:02    epoch  91  loss 1.5886  acc 0.3655  val_loss 1.5382  val_acc 0.3765
2026-04-08 19:06:06    epoch  92  loss 1.5829  acc 0.3669  val_loss 1.5357  val_acc 0.3794
2026-04-08 19:06:09    epoch  93  loss 1.5883  acc 0.3677  val_loss 1.5404  val_acc 0.3694
2026-04-08 19:06:12    epoch  94  loss 1.5922  acc 0.3647  val_loss 1.5346  val_acc 0.3808
2026-04-08 19:06:15    epoch  95  loss 1.5863  acc 0.3634  val_loss 1.5352  val_acc 0.3772
2026-04-08 19:06:19    epoch  96  loss 1.5843  acc 0.3652  val_loss 1.5396  val_acc 0.3636
2026-04-08 19:06:22    epoch  97  loss 1.5854  acc 0.3672  val_loss 1.5361  val_acc 0.3851
2026-04-08 19:06:25    epoch  98  loss 1.5906  acc 0.3678  val_loss 1.5338  val_acc 0.3815
2026-04-08 19:06:28    epoch  99  loss 1.5835  acc 0.3683  val_loss 1.5335  val_acc 0.3708
2026-04-08 19:06:32    epoch 100  loss 1.5874  acc 0.3630  val_loss 1.5319  val_acc 0.3787
2026-04-08 19:06:32    User6 accuracy: 0.3141
2026-04-08 19:06:32  ────────────────────────────────────────────────────────────
2026-04-08 19:06:32  LOSO fold — held-out: User7 (1709 test windows, 13067 train windows)
2026-04-08 19:06:35    epoch   1  loss 1.9196  acc 0.2381  val_loss 1.7774  val_acc 0.2481
2026-04-08 19:06:38    epoch   2  loss 1.7993  acc 0.2674  val_loss 1.7290  val_acc 0.2802
2026-04-08 19:06:41    epoch   3  loss 1.7624  acc 0.2848  val_loss 1.7247  val_acc 0.3055
2026-04-08 19:06:44    epoch   4  loss 1.7443  acc 0.2933  val_loss 1.7079  val_acc 0.2764
2026-04-08 19:06:47    epoch   5  loss 1.7329  acc 0.2952  val_loss 1.6884  val_acc 0.2917
2026-04-08 19:06:50    epoch   6  loss 1.7229  acc 0.2990  val_loss 1.6718  val_acc 0.3139
2026-04-08 19:06:53    epoch   7  loss 1.7202  acc 0.2961  val_loss 1.6931  val_acc 0.2940
2026-04-08 19:06:56    epoch   8  loss 1.7215  acc 0.2983  val_loss 1.6776  val_acc 0.2779
2026-04-08 19:06:59    epoch   9  loss 1.7132  acc 0.2992  val_loss 1.6672  val_acc 0.3009
2026-04-08 19:07:02    epoch  10  loss 1.7122  acc 0.3074  val_loss 1.6771  val_acc 0.2933
2026-04-08 19:07:05    epoch  11  loss 1.7058  acc 0.3021  val_loss 1.6843  val_acc 0.3047
2026-04-08 19:07:08    epoch  12  loss 1.7076  acc 0.3065  val_loss 1.6683  val_acc 0.3078
2026-04-08 19:07:11    epoch  13  loss 1.6940  acc 0.3092  val_loss 1.6767  val_acc 0.3055
2026-04-08 19:07:15    epoch  14  loss 1.7029  acc 0.3110  val_loss 1.6577  val_acc 0.3124
2026-04-08 19:07:18    epoch  15  loss 1.6976  acc 0.3169  val_loss 1.6626  val_acc 0.3009
2026-04-08 19:07:21    epoch  16  loss 1.6885  acc 0.3125  val_loss 1.6608  val_acc 0.3040
2026-04-08 19:07:24    epoch  17  loss 1.6946  acc 0.3121  val_loss 1.6778  val_acc 0.3239
2026-04-08 19:07:27    epoch  18  loss 1.6934  acc 0.3087  val_loss 1.6630  val_acc 0.3078
2026-04-08 19:07:30    epoch  19  loss 1.6793  acc 0.3234  val_loss 1.6512  val_acc 0.3116
2026-04-08 19:07:33    epoch  20  loss 1.6803  acc 0.3216  val_loss 1.6509  val_acc 0.3224
2026-04-08 19:07:36    epoch  21  loss 1.6743  acc 0.3190  val_loss 1.6587  val_acc 0.3132
2026-04-08 19:07:39    epoch  22  loss 1.6847  acc 0.3185  val_loss 1.6389  val_acc 0.3216
2026-04-08 19:07:42    epoch  23  loss 1.6695  acc 0.3245  val_loss 1.6495  val_acc 0.3423
2026-04-08 19:07:45    epoch  24  loss 1.6792  acc 0.3260  val_loss 1.6493  val_acc 0.3239
2026-04-08 19:07:48    epoch  25  loss 1.6721  acc 0.3312  val_loss 1.6403  val_acc 0.3193
2026-04-08 19:07:51    epoch  26  loss 1.6742  acc 0.3260  val_loss 1.6420  val_acc 0.3277
2026-04-08 19:07:54    epoch  27  loss 1.6739  acc 0.3234  val_loss 1.6421  val_acc 0.3193
2026-04-08 19:07:57    epoch  28  loss 1.6543  acc 0.3322  val_loss 1.6521  val_acc 0.3193
2026-04-08 19:08:00    epoch  29  loss 1.6529  acc 0.3336  val_loss 1.6244  val_acc 0.3201
2026-04-08 19:08:03    epoch  30  loss 1.6587  acc 0.3309  val_loss 1.6271  val_acc 0.3377
2026-04-08 19:08:06    epoch  31  loss 1.6536  acc 0.3342  val_loss 1.6289  val_acc 0.3231
2026-04-08 19:08:10    epoch  32  loss 1.6489  acc 0.3423  val_loss 1.6298  val_acc 0.3224
2026-04-08 19:08:13    epoch  33  loss 1.6458  acc 0.3415  val_loss 1.6297  val_acc 0.3292
2026-04-08 19:08:16    epoch  34  loss 1.6438  acc 0.3371  val_loss 1.6304  val_acc 0.3292
2026-04-08 19:08:19    epoch  35  loss 1.6348  acc 0.3435  val_loss 1.6181  val_acc 0.3423
2026-04-08 19:08:22    epoch  36  loss 1.6298  acc 0.3464  val_loss 1.6124  val_acc 0.3415
2026-04-08 19:08:25    epoch  37  loss 1.6327  acc 0.3420  val_loss 1.6121  val_acc 0.3323
2026-04-08 19:08:28    epoch  38  loss 1.6304  acc 0.3428  val_loss 1.6133  val_acc 0.3346
2026-04-08 19:08:31    epoch  39  loss 1.6300  acc 0.3491  val_loss 1.6217  val_acc 0.3285
2026-04-08 19:08:34    epoch  40  loss 1.6257  acc 0.3494  val_loss 1.6070  val_acc 0.3430
2026-04-08 19:08:37    epoch  41  loss 1.6233  acc 0.3497  val_loss 1.6169  val_acc 0.3262
2026-04-08 19:08:40    epoch  42  loss 1.6356  acc 0.3484  val_loss 1.6151  val_acc 0.3407
2026-04-08 19:08:43    epoch  43  loss 1.6319  acc 0.3446  val_loss 1.6101  val_acc 0.3369
2026-04-08 19:08:46    epoch  44  loss 1.6220  acc 0.3458  val_loss 1.6077  val_acc 0.3522
2026-04-08 19:08:49    epoch  45  loss 1.6310  acc 0.3455  val_loss 1.6041  val_acc 0.3400
2026-04-08 19:08:52    epoch  46  loss 1.6227  acc 0.3478  val_loss 1.6026  val_acc 0.3453
2026-04-08 19:08:55    epoch  47  loss 1.6250  acc 0.3489  val_loss 1.6031  val_acc 0.3338
2026-04-08 19:08:58    epoch  48  loss 1.6176  acc 0.3478  val_loss 1.6032  val_acc 0.3392
2026-04-08 19:09:01    epoch  49  loss 1.6173  acc 0.3491  val_loss 1.5998  val_acc 0.3453
2026-04-08 19:09:05    epoch  50  loss 1.6243  acc 0.3461  val_loss 1.5977  val_acc 0.3538
2026-04-08 19:09:08    epoch  51  loss 1.6249  acc 0.3503  val_loss 1.5965  val_acc 0.3430
2026-04-08 19:09:11    epoch  52  loss 1.6235  acc 0.3470  val_loss 1.6022  val_acc 0.3346
2026-04-08 19:09:14    epoch  53  loss 1.6193  acc 0.3512  val_loss 1.5969  val_acc 0.3361
2026-04-08 19:09:17    epoch  54  loss 1.6173  acc 0.3507  val_loss 1.5982  val_acc 0.3392
2026-04-08 19:09:20    epoch  55  loss 1.6199  acc 0.3501  val_loss 1.5965  val_acc 0.3484
2026-04-08 19:09:23    epoch  56  loss 1.6215  acc 0.3474  val_loss 1.5961  val_acc 0.3461
2026-04-08 19:09:26    epoch  57  loss 1.6129  acc 0.3529  val_loss 1.5944  val_acc 0.3484
2026-04-08 19:09:29    epoch  58  loss 1.6162  acc 0.3566  val_loss 1.5966  val_acc 0.3453
2026-04-08 19:09:32    epoch  59  loss 1.6204  acc 0.3484  val_loss 1.6022  val_acc 0.3553
2026-04-08 19:09:35    epoch  60  loss 1.6180  acc 0.3552  val_loss 1.6019  val_acc 0.3568
2026-04-08 19:09:38    epoch  61  loss 1.6089  acc 0.3524  val_loss 1.5903  val_acc 0.3461
2026-04-08 19:09:41    epoch  62  loss 1.6060  acc 0.3561  val_loss 1.6053  val_acc 0.3522
2026-04-08 19:09:44    epoch  63  loss 1.6056  acc 0.3535  val_loss 1.5933  val_acc 0.3430
2026-04-08 19:09:47    epoch  64  loss 1.6133  acc 0.3561  val_loss 1.5881  val_acc 0.3591
2026-04-08 19:09:50    epoch  65  loss 1.6109  acc 0.3513  val_loss 1.5940  val_acc 0.3430
2026-04-08 19:09:53    epoch  66  loss 1.6066  acc 0.3494  val_loss 1.5925  val_acc 0.3499
2026-04-08 19:09:56    epoch  67  loss 1.6138  acc 0.3536  val_loss 1.5985  val_acc 0.3507
2026-04-08 19:10:00    epoch  68  loss 1.6099  acc 0.3569  val_loss 1.5854  val_acc 0.3522
2026-04-08 19:10:03    epoch  69  loss 1.6088  acc 0.3592  val_loss 1.6010  val_acc 0.3384
2026-04-08 19:10:06    epoch  70  loss 1.6129  acc 0.3532  val_loss 1.5901  val_acc 0.3446
2026-04-08 19:10:09    epoch  71  loss 1.6133  acc 0.3529  val_loss 1.6065  val_acc 0.3354
2026-04-08 19:10:12    epoch  72  loss 1.6111  acc 0.3516  val_loss 1.5886  val_acc 0.3530
2026-04-08 19:10:15    epoch  73  loss 1.6034  acc 0.3560  val_loss 1.5859  val_acc 0.3645
2026-04-08 19:10:18    epoch  74  loss 1.6026  acc 0.3580  val_loss 1.5849  val_acc 0.3652
2026-04-08 19:10:21    epoch  75  loss 1.5934  acc 0.3641  val_loss 1.5891  val_acc 0.3637
2026-04-08 19:10:24    epoch  76  loss 1.5941  acc 0.3632  val_loss 1.5806  val_acc 0.3583
2026-04-08 19:10:27    epoch  77  loss 1.5958  acc 0.3586  val_loss 1.5902  val_acc 0.3583
2026-04-08 19:10:30    epoch  78  loss 1.5995  acc 0.3597  val_loss 1.5833  val_acc 0.3583
2026-04-08 19:10:33    epoch  79  loss 1.5924  acc 0.3640  val_loss 1.5803  val_acc 0.3645
2026-04-08 19:10:36    epoch  80  loss 1.5929  acc 0.3624  val_loss 1.5815  val_acc 0.3560
2026-04-08 19:10:39    epoch  81  loss 1.5856  acc 0.3689  val_loss 1.5795  val_acc 0.3530
2026-04-08 19:10:42    epoch  82  loss 1.5925  acc 0.3643  val_loss 1.5776  val_acc 0.3553
2026-04-08 19:10:45    epoch  83  loss 1.5972  acc 0.3592  val_loss 1.5778  val_acc 0.3691
2026-04-08 19:10:49    epoch  84  loss 1.5968  acc 0.3606  val_loss 1.5768  val_acc 0.3614
2026-04-08 19:10:52    epoch  85  loss 1.5885  acc 0.3687  val_loss 1.5790  val_acc 0.3560
2026-04-08 19:10:55    epoch  86  loss 1.5892  acc 0.3624  val_loss 1.5797  val_acc 0.3675
2026-04-08 19:10:57    epoch  87  loss 1.5879  acc 0.3631  val_loss 1.5811  val_acc 0.3591
2026-04-08 19:11:00    epoch  88  loss 1.5914  acc 0.3649  val_loss 1.5791  val_acc 0.3706
2026-04-08 19:11:03    epoch  89  loss 1.5966  acc 0.3624  val_loss 1.5788  val_acc 0.3714
2026-04-08 19:11:06    epoch  90  loss 1.5901  acc 0.3635  val_loss 1.5806  val_acc 0.3752
2026-04-08 19:11:10    epoch  91  loss 1.5937  acc 0.3629  val_loss 1.5741  val_acc 0.3729
2026-04-08 19:11:13    epoch  92  loss 1.5856  acc 0.3659  val_loss 1.5885  val_acc 0.3438
2026-04-08 19:11:16    epoch  93  loss 1.5879  acc 0.3646  val_loss 1.5761  val_acc 0.3622
2026-04-08 19:11:19    epoch  94  loss 1.5786  acc 0.3674  val_loss 1.5978  val_acc 0.3415
2026-04-08 19:11:22    epoch  95  loss 1.5819  acc 0.3694  val_loss 1.5731  val_acc 0.3698
2026-04-08 19:11:25    epoch  96  loss 1.5807  acc 0.3674  val_loss 1.5757  val_acc 0.3560
2026-04-08 19:11:27    epoch  97  loss 1.5862  acc 0.3680  val_loss 1.5771  val_acc 0.3583
2026-04-08 19:11:30    epoch  98  loss 1.5811  acc 0.3679  val_loss 1.5738  val_acc 0.3576
2026-04-08 19:11:33    epoch  99  loss 1.5904  acc 0.3635  val_loss 1.5790  val_acc 0.3698
2026-04-08 19:11:36    epoch 100  loss 1.5869  acc 0.3664  val_loss 1.5734  val_acc 0.3530
2026-04-08 19:11:36    User7 accuracy: 0.2838
2026-04-08 19:11:37  ────────────────────────────────────────────────────────────
2026-04-08 19:11:37  LOSO fold — held-out: User8 (1538 test windows, 13238 train windows)
2026-04-08 19:11:40    epoch   1  loss 1.9115  acc 0.2373  val_loss 1.7648  val_acc 0.2827
2026-04-08 19:11:43    epoch   2  loss 1.8091  acc 0.2661  val_loss 1.7298  val_acc 0.2850
2026-04-08 19:11:46    epoch   3  loss 1.7600  acc 0.2797  val_loss 1.6882  val_acc 0.3046
2026-04-08 19:11:49    epoch   4  loss 1.7452  acc 0.2845  val_loss 1.6926  val_acc 0.2986
2026-04-08 19:11:52    epoch   5  loss 1.7461  acc 0.2877  val_loss 1.6822  val_acc 0.3008
2026-04-08 19:11:55    epoch   6  loss 1.7315  acc 0.2942  val_loss 1.6711  val_acc 0.3492
2026-04-08 19:11:58    epoch   7  loss 1.7326  acc 0.2948  val_loss 1.7009  val_acc 0.3175
2026-04-08 19:12:01    epoch   8  loss 1.7324  acc 0.2877  val_loss 1.6861  val_acc 0.3084
2026-04-08 19:12:04    epoch   9  loss 1.7250  acc 0.3021  val_loss 1.6738  val_acc 0.3137
2026-04-08 19:12:06    epoch  10  loss 1.7187  acc 0.2990  val_loss 1.6565  val_acc 0.3258
2026-04-08 19:12:08    epoch  11  loss 1.7216  acc 0.2973  val_loss 1.6660  val_acc 0.3220
2026-04-08 19:12:12    epoch  12  loss 1.7176  acc 0.2995  val_loss 1.6979  val_acc 0.3190
2026-04-08 19:12:16    epoch  13  loss 1.7144  acc 0.3037  val_loss 1.6601  val_acc 0.3311
2026-04-08 19:12:20    epoch  14  loss 1.7063  acc 0.3067  val_loss 1.6588  val_acc 0.3462
2026-04-08 19:12:23    epoch  15  loss 1.7066  acc 0.2984  val_loss 1.6683  val_acc 0.3311
2026-04-08 19:12:26    epoch  16  loss 1.6948  acc 0.3134  val_loss 1.6420  val_acc 0.3311
2026-04-08 19:12:29    epoch  17  loss 1.6948  acc 0.3111  val_loss 1.6406  val_acc 0.3371
2026-04-08 19:12:32    epoch  18  loss 1.6872  acc 0.3136  val_loss 1.6456  val_acc 0.3386
2026-04-08 19:12:35    epoch  19  loss 1.6948  acc 0.3197  val_loss 1.6591  val_acc 0.3401
2026-04-08 19:12:38    epoch  20  loss 1.6906  acc 0.3160  val_loss 1.6568  val_acc 0.3318
2026-04-08 19:12:41    epoch  21  loss 1.6910  acc 0.3147  val_loss 1.6425  val_acc 0.3311
2026-04-08 19:12:44    epoch  22  loss 1.6865  acc 0.3173  val_loss 1.6403  val_acc 0.3386
2026-04-08 19:12:47    epoch  23  loss 1.6919  acc 0.3178  val_loss 1.6347  val_acc 0.3371
2026-04-08 19:12:50    epoch  24  loss 1.6851  acc 0.3118  val_loss 1.6423  val_acc 0.3439
2026-04-08 19:12:54    epoch  25  loss 1.6827  acc 0.3177  val_loss 1.6420  val_acc 0.3500
2026-04-08 19:12:57    epoch  26  loss 1.6774  acc 0.3142  val_loss 1.6321  val_acc 0.3416
2026-04-08 19:13:00    epoch  27  loss 1.6778  acc 0.3213  val_loss 1.6401  val_acc 0.3333
2026-04-08 19:13:03    epoch  28  loss 1.6816  acc 0.3225  val_loss 1.6323  val_acc 0.3447
2026-04-08 19:13:06    epoch  29  loss 1.6770  acc 0.3164  val_loss 1.6280  val_acc 0.3386
2026-04-08 19:13:09    epoch  30  loss 1.6736  acc 0.3242  val_loss 1.6480  val_acc 0.3394
2026-04-08 19:13:12    epoch  31  loss 1.6769  acc 0.3225  val_loss 1.6324  val_acc 0.3303
2026-04-08 19:13:15    epoch  32  loss 1.6694  acc 0.3235  val_loss 1.6352  val_acc 0.3500
2026-04-08 19:13:18    epoch  33  loss 1.6805  acc 0.3214  val_loss 1.6323  val_acc 0.3394
2026-04-08 19:13:21    epoch  34  loss 1.6720  acc 0.3211  val_loss 1.6248  val_acc 0.3386
2026-04-08 19:13:24    epoch  35  loss 1.6645  acc 0.3304  val_loss 1.6249  val_acc 0.3447
2026-04-08 19:13:27    epoch  36  loss 1.6706  acc 0.3247  val_loss 1.6437  val_acc 0.3522
2026-04-08 19:13:31    epoch  37  loss 1.6680  acc 0.3251  val_loss 1.6198  val_acc 0.3568
2026-04-08 19:13:34    epoch  38  loss 1.6634  acc 0.3270  val_loss 1.6190  val_acc 0.3311
2026-04-08 19:13:37    epoch  39  loss 1.6680  acc 0.3211  val_loss 1.6167  val_acc 0.3515
2026-04-08 19:13:40    epoch  40  loss 1.6663  acc 0.3270  val_loss 1.6202  val_acc 0.3447
2026-04-08 19:13:43    epoch  41  loss 1.6595  acc 0.3324  val_loss 1.6123  val_acc 0.3432
2026-04-08 19:13:46    epoch  42  loss 1.6618  acc 0.3292  val_loss 1.6171  val_acc 0.3386
2026-04-08 19:13:49    epoch  43  loss 1.6568  acc 0.3235  val_loss 1.6205  val_acc 0.3530
2026-04-08 19:13:52    epoch  44  loss 1.6657  acc 0.3289  val_loss 1.6061  val_acc 0.3537
2026-04-08 19:13:55    epoch  45  loss 1.6627  acc 0.3354  val_loss 1.6196  val_acc 0.3394
2026-04-08 19:13:58    epoch  46  loss 1.6547  acc 0.3293  val_loss 1.6286  val_acc 0.3439
2026-04-08 19:14:01    epoch  47  loss 1.6488  acc 0.3299  val_loss 1.6232  val_acc 0.3500
2026-04-08 19:14:04    epoch  48  loss 1.6533  acc 0.3353  val_loss 1.6085  val_acc 0.3553
2026-04-08 19:14:07    epoch  49  loss 1.6460  acc 0.3350  val_loss 1.6059  val_acc 0.3545
2026-04-08 19:14:11    epoch  50  loss 1.6545  acc 0.3349  val_loss 1.6241  val_acc 0.3356
2026-04-08 19:14:14    epoch  51  loss 1.6486  acc 0.3366  val_loss 1.6071  val_acc 0.3447
2026-04-08 19:14:17    epoch  52  loss 1.6418  acc 0.3393  val_loss 1.6013  val_acc 0.3560
2026-04-08 19:14:20    epoch  53  loss 1.6496  acc 0.3381  val_loss 1.6159  val_acc 0.3454
2026-04-08 19:14:23    epoch  54  loss 1.6455  acc 0.3379  val_loss 1.5970  val_acc 0.3560
2026-04-08 19:14:26    epoch  55  loss 1.6521  acc 0.3311  val_loss 1.6104  val_acc 0.3356
2026-04-08 19:14:29    epoch  56  loss 1.6411  acc 0.3374  val_loss 1.6034  val_acc 0.3666
2026-04-08 19:14:32    epoch  57  loss 1.6476  acc 0.3343  val_loss 1.5905  val_acc 0.3757
2026-04-08 19:14:35    epoch  58  loss 1.6384  acc 0.3402  val_loss 1.6094  val_acc 0.3424
2026-04-08 19:14:38    epoch  59  loss 1.6392  acc 0.3429  val_loss 1.5911  val_acc 0.3689
2026-04-08 19:14:41    epoch  60  loss 1.6437  acc 0.3407  val_loss 1.6331  val_acc 0.3379
2026-04-08 19:14:44    epoch  61  loss 1.6381  acc 0.3415  val_loss 1.5979  val_acc 0.3530
2026-04-08 19:14:47    epoch  62  loss 1.6423  acc 0.3373  val_loss 1.6099  val_acc 0.3605
2026-04-08 19:14:51    epoch  63  loss 1.6256  acc 0.3479  val_loss 1.5909  val_acc 0.3568
2026-04-08 19:14:54    epoch  64  loss 1.6319  acc 0.3424  val_loss 1.5838  val_acc 0.3605
2026-04-08 19:14:57    epoch  65  loss 1.6196  acc 0.3481  val_loss 1.5909  val_acc 0.3605
2026-04-08 19:15:00    epoch  66  loss 1.6187  acc 0.3532  val_loss 1.5787  val_acc 0.3719
2026-04-08 19:15:03    epoch  67  loss 1.6218  acc 0.3462  val_loss 1.5739  val_acc 0.3666
2026-04-08 19:15:06    epoch  68  loss 1.6199  acc 0.3471  val_loss 1.5763  val_acc 0.3575
2026-04-08 19:15:09    epoch  69  loss 1.6170  acc 0.3480  val_loss 1.5768  val_acc 0.3666
2026-04-08 19:15:12    epoch  70  loss 1.6157  acc 0.3486  val_loss 1.6434  val_acc 0.3356
2026-04-08 19:15:15    epoch  71  loss 1.6133  acc 0.3539  val_loss 1.5720  val_acc 0.3621
2026-04-08 19:15:18    epoch  72  loss 1.6188  acc 0.3556  val_loss 1.5910  val_acc 0.3628
2026-04-08 19:15:22    epoch  73  loss 1.6142  acc 0.3513  val_loss 1.5840  val_acc 0.3515
2026-04-08 19:15:25    epoch  74  loss 1.6114  acc 0.3527  val_loss 1.5798  val_acc 0.3726
2026-04-08 19:15:28    epoch  75  loss 1.6151  acc 0.3522  val_loss 1.5698  val_acc 0.3719
2026-04-08 19:15:31    epoch  76  loss 1.6159  acc 0.3502  val_loss 1.5719  val_acc 0.3500
2026-04-08 19:15:34    epoch  77  loss 1.6149  acc 0.3534  val_loss 1.5815  val_acc 0.3764
2026-04-08 19:15:37    epoch  78  loss 1.6077  acc 0.3550  val_loss 1.5662  val_acc 0.3666
2026-04-08 19:15:40    epoch  79  loss 1.6141  acc 0.3544  val_loss 1.5853  val_acc 0.3651
2026-04-08 19:15:43    epoch  80  loss 1.6057  acc 0.3564  val_loss 1.5802  val_acc 0.3530
2026-04-08 19:15:46    epoch  81  loss 1.6058  acc 0.3551  val_loss 1.6056  val_acc 0.3636
2026-04-08 19:15:49    epoch  82  loss 1.6131  acc 0.3498  val_loss 1.5755  val_acc 0.3696
2026-04-08 19:15:53    epoch  83  loss 1.6179  acc 0.3517  val_loss 1.5757  val_acc 0.3810
2026-04-08 19:15:56    epoch  84  loss 1.5890  acc 0.3628  val_loss 1.5658  val_acc 0.3711
2026-04-08 19:15:59    epoch  85  loss 1.6045  acc 0.3557  val_loss 1.5641  val_acc 0.3719
2026-04-08 19:16:02    epoch  86  loss 1.6088  acc 0.3588  val_loss 1.5654  val_acc 0.3658
2026-04-08 19:16:05    epoch  87  loss 1.5973  acc 0.3605  val_loss 1.5680  val_acc 0.3590
2026-04-08 19:16:08    epoch  88  loss 1.5950  acc 0.3610  val_loss 1.5632  val_acc 0.3711
2026-04-08 19:16:12    epoch  89  loss 1.5979  acc 0.3602  val_loss 1.5607  val_acc 0.3696
2026-04-08 19:16:15    epoch  90  loss 1.5969  acc 0.3607  val_loss 1.5634  val_acc 0.3704
2026-04-08 19:16:18    epoch  91  loss 1.6003  acc 0.3616  val_loss 1.5689  val_acc 0.3658
2026-04-08 19:16:21    epoch  92  loss 1.6010  acc 0.3595  val_loss 1.5600  val_acc 0.3658
2026-04-08 19:16:24    epoch  93  loss 1.5943  acc 0.3572  val_loss 1.5674  val_acc 0.3628
2026-04-08 19:16:27    epoch  94  loss 1.5968  acc 0.3543  val_loss 1.5602  val_acc 0.3696
2026-04-08 19:16:30    epoch  95  loss 1.5963  acc 0.3642  val_loss 1.5665  val_acc 0.3643
2026-04-08 19:16:34    epoch  96  loss 1.5926  acc 0.3588  val_loss 1.5559  val_acc 0.3825
2026-04-08 19:16:37    epoch  97  loss 1.5932  acc 0.3591  val_loss 1.5630  val_acc 0.3704
2026-04-08 19:16:40    epoch  98  loss 1.5981  acc 0.3584  val_loss 1.5640  val_acc 0.3658
2026-04-08 19:16:43    epoch  99  loss 1.5928  acc 0.3533  val_loss 1.5654  val_acc 0.3605
2026-04-08 19:16:46    epoch 100  loss 1.5893  acc 0.3590  val_loss 1.5606  val_acc 0.3636
2026-04-08 19:16:46    User8 accuracy: 0.4018
2026-04-08 19:16:46    ✓ New best model saved (User8 held out, acc=0.4018)
2026-04-08 19:16:46  ────────────────────────────────────────────────────────────
2026-04-08 19:16:46  LOSO fold — held-out: User9 (1702 test windows, 13074 train windows)
2026-04-08 19:16:49    epoch   1  loss 1.9384  acc 0.2284  val_loss 1.7301  val_acc 0.2953
2026-04-08 19:16:52    epoch   2  loss 1.7980  acc 0.2714  val_loss 1.6799  val_acc 0.3099
2026-04-08 19:16:56    epoch   3  loss 1.7624  acc 0.2832  val_loss 1.6782  val_acc 0.3259
2026-04-08 19:16:59    epoch   4  loss 1.7510  acc 0.2877  val_loss 1.7532  val_acc 0.2946
2026-04-08 19:17:02    epoch   5  loss 1.7459  acc 0.2923  val_loss 1.6595  val_acc 0.3099
2026-04-08 19:17:05    epoch   6  loss 1.7301  acc 0.2968  val_loss 1.6383  val_acc 0.3428
2026-04-08 19:17:08    epoch   7  loss 1.7305  acc 0.2973  val_loss 1.6523  val_acc 0.3213
2026-04-08 19:17:11    epoch   8  loss 1.7293  acc 0.3077  val_loss 1.6599  val_acc 0.3221
2026-04-08 19:17:14    epoch   9  loss 1.7290  acc 0.3019  val_loss 1.6402  val_acc 0.3351
2026-04-08 19:17:17    epoch  10  loss 1.7125  acc 0.3094  val_loss 1.6421  val_acc 0.3191
2026-04-08 19:17:20    epoch  11  loss 1.7144  acc 0.3075  val_loss 1.6323  val_acc 0.3382
2026-04-08 19:17:23    epoch  12  loss 1.7073  acc 0.3108  val_loss 1.6464  val_acc 0.3504
2026-04-08 19:17:26    epoch  13  loss 1.7125  acc 0.3098  val_loss 1.6349  val_acc 0.3389
2026-04-08 19:17:29    epoch  14  loss 1.7062  acc 0.3128  val_loss 1.6394  val_acc 0.3336
2026-04-08 19:17:32    epoch  15  loss 1.7080  acc 0.3142  val_loss 1.6453  val_acc 0.3336
2026-04-08 19:17:35    epoch  16  loss 1.7128  acc 0.3155  val_loss 1.6325  val_acc 0.3581
2026-04-08 19:17:38    epoch  17  loss 1.6871  acc 0.3234  val_loss 1.6155  val_acc 0.3497
2026-04-08 19:17:41    epoch  18  loss 1.6836  acc 0.3274  val_loss 1.6277  val_acc 0.3520
2026-04-08 19:17:44    epoch  19  loss 1.6894  acc 0.3227  val_loss 1.6209  val_acc 0.3481
2026-04-08 19:17:47    epoch  20  loss 1.6841  acc 0.3219  val_loss 1.6070  val_acc 0.3673
2026-04-08 19:17:50    epoch  21  loss 1.6760  acc 0.3225  val_loss 1.6043  val_acc 0.3581
2026-04-08 19:17:53    epoch  22  loss 1.6792  acc 0.3234  val_loss 1.6054  val_acc 0.3657
2026-04-08 19:17:56    epoch  23  loss 1.6773  acc 0.3199  val_loss 1.6214  val_acc 0.3588
2026-04-08 19:17:59    epoch  24  loss 1.6769  acc 0.3211  val_loss 1.6129  val_acc 0.3673
2026-04-08 19:18:02    epoch  25  loss 1.6671  acc 0.3297  val_loss 1.6053  val_acc 0.3818
2026-04-08 19:18:05    epoch  26  loss 1.6747  acc 0.3258  val_loss 1.6001  val_acc 0.3680
2026-04-08 19:18:08    epoch  27  loss 1.6717  acc 0.3276  val_loss 1.6103  val_acc 0.3504
2026-04-08 19:18:11    epoch  28  loss 1.6642  acc 0.3302  val_loss 1.6423  val_acc 0.3282
2026-04-08 19:18:14    epoch  29  loss 1.6686  acc 0.3300  val_loss 1.6607  val_acc 0.3366
2026-04-08 19:18:17    epoch  30  loss 1.6635  acc 0.3315  val_loss 1.5989  val_acc 0.3611
2026-04-08 19:18:20    epoch  31  loss 1.6518  acc 0.3325  val_loss 1.5940  val_acc 0.3673
2026-04-08 19:18:23    epoch  32  loss 1.6684  acc 0.3356  val_loss 1.5903  val_acc 0.3787
2026-04-08 19:18:26    epoch  33  loss 1.6665  acc 0.3351  val_loss 1.5943  val_acc 0.3642
2026-04-08 19:18:29    epoch  34  loss 1.6654  acc 0.3330  val_loss 1.5875  val_acc 0.3833
2026-04-08 19:18:33    epoch  35  loss 1.6669  acc 0.3337  val_loss 1.6030  val_acc 0.3634
2026-04-08 19:18:36    epoch  36  loss 1.6605  acc 0.3354  val_loss 1.5894  val_acc 0.3741
2026-04-08 19:18:39    epoch  37  loss 1.6631  acc 0.3324  val_loss 1.6083  val_acc 0.3703
2026-04-08 19:18:42    epoch  38  loss 1.6620  acc 0.3305  val_loss 1.5980  val_acc 0.3497
2026-04-08 19:18:45    epoch  39  loss 1.6644  acc 0.3378  val_loss 1.5876  val_acc 0.3711
2026-04-08 19:18:48    epoch  40  loss 1.6548  acc 0.3376  val_loss 1.5829  val_acc 0.3726
2026-04-08 19:18:51    epoch  41  loss 1.6484  acc 0.3377  val_loss 1.5871  val_acc 0.3718
2026-04-08 19:18:54    epoch  42  loss 1.6461  acc 0.3432  val_loss 1.5780  val_acc 0.3695
2026-04-08 19:18:57    epoch  43  loss 1.6459  acc 0.3361  val_loss 1.5792  val_acc 0.3711
2026-04-08 19:19:00    epoch  44  loss 1.6491  acc 0.3389  val_loss 1.5779  val_acc 0.3642
2026-04-08 19:19:03    epoch  45  loss 1.6465  acc 0.3444  val_loss 1.5843  val_acc 0.3787
2026-04-08 19:19:06    epoch  46  loss 1.6437  acc 0.3421  val_loss 1.5678  val_acc 0.3757
2026-04-08 19:19:09    epoch  47  loss 1.6388  acc 0.3449  val_loss 1.5699  val_acc 0.3803
2026-04-08 19:19:12    epoch  48  loss 1.6387  acc 0.3468  val_loss 1.5715  val_acc 0.3818
2026-04-08 19:19:15    epoch  49  loss 1.6452  acc 0.3432  val_loss 1.5703  val_acc 0.3757
2026-04-08 19:19:18    epoch  50  loss 1.6438  acc 0.3422  val_loss 1.5723  val_acc 0.3787
2026-04-08 19:19:21    epoch  51  loss 1.6376  acc 0.3467  val_loss 1.5723  val_acc 0.3604
2026-04-08 19:19:25    epoch  52  loss 1.6350  acc 0.3471  val_loss 1.5667  val_acc 0.3772
2026-04-08 19:19:28    epoch  53  loss 1.6224  acc 0.3455  val_loss 1.5664  val_acc 0.3795
2026-04-08 19:19:31    epoch  54  loss 1.6318  acc 0.3494  val_loss 1.5674  val_acc 0.3741
2026-04-08 19:19:34    epoch  55  loss 1.6356  acc 0.3460  val_loss 1.5659  val_acc 0.3741
2026-04-08 19:19:37    epoch  56  loss 1.6325  acc 0.3465  val_loss 1.5738  val_acc 0.3688
2026-04-08 19:19:40    epoch  57  loss 1.6389  acc 0.3460  val_loss 1.5642  val_acc 0.3734
2026-04-08 19:19:43    epoch  58  loss 1.6344  acc 0.3418  val_loss 1.5626  val_acc 0.3764
2026-04-08 19:19:46    epoch  59  loss 1.6328  acc 0.3426  val_loss 1.5641  val_acc 0.3841
2026-04-08 19:19:49    epoch  60  loss 1.6306  acc 0.3498  val_loss 1.5661  val_acc 0.3734
2026-04-08 19:19:52    epoch  61  loss 1.6290  acc 0.3519  val_loss 1.5665  val_acc 0.3711
2026-04-08 19:19:55    epoch  62  loss 1.6320  acc 0.3474  val_loss 1.5663  val_acc 0.3688
2026-04-08 19:19:58    epoch  63  loss 1.6308  acc 0.3506  val_loss 1.5718  val_acc 0.3665
2026-04-08 19:20:01    epoch  64  loss 1.6236  acc 0.3516  val_loss 1.5628  val_acc 0.3749
2026-04-08 19:20:04    epoch  65  loss 1.6256  acc 0.3514  val_loss 1.5692  val_acc 0.3650
2026-04-08 19:20:07    epoch  66  loss 1.6241  acc 0.3530  val_loss 1.5637  val_acc 0.3673
2026-04-08 19:20:07    Early stopping at epoch 66
2026-04-08 19:20:07    User9 accuracy: 0.2897
2026-04-08 19:20:08  ────────────────────────────────────────────────────────────
2026-04-08 19:20:08  LOSO fold — held-out: User10 (1688 test windows, 13088 train windows)
2026-04-08 19:20:11    epoch   1  loss 1.9144  acc 0.2398  val_loss 1.7370  val_acc 0.3096
2026-04-08 19:20:14    epoch   2  loss 1.7855  acc 0.2777  val_loss 1.6889  val_acc 0.3066
2026-04-08 19:20:17    epoch   3  loss 1.7586  acc 0.2846  val_loss 1.6618  val_acc 0.3203
2026-04-08 19:20:20    epoch   4  loss 1.7373  acc 0.2941  val_loss 1.6691  val_acc 0.3173
2026-04-08 19:20:23    epoch   5  loss 1.7354  acc 0.2941  val_loss 1.6682  val_acc 0.3295
2026-04-08 19:20:26    epoch   6  loss 1.7342  acc 0.2937  val_loss 1.6552  val_acc 0.3471
2026-04-08 19:20:29    epoch   7  loss 1.7170  acc 0.3036  val_loss 1.6545  val_acc 0.3295
2026-04-08 19:20:32    epoch   8  loss 1.7173  acc 0.3031  val_loss 1.6410  val_acc 0.3479
2026-04-08 19:20:35    epoch   9  loss 1.7150  acc 0.3065  val_loss 1.6468  val_acc 0.3387
2026-04-08 19:20:38    epoch  10  loss 1.7034  acc 0.3110  val_loss 1.6523  val_acc 0.3394
2026-04-08 19:20:41    epoch  11  loss 1.7076  acc 0.3104  val_loss 1.6423  val_acc 0.3425
2026-04-08 19:20:44    epoch  12  loss 1.7029  acc 0.3112  val_loss 1.6327  val_acc 0.3532
2026-04-08 19:20:47    epoch  13  loss 1.7042  acc 0.3132  val_loss 1.6633  val_acc 0.3356
2026-04-08 19:20:50    epoch  14  loss 1.6966  acc 0.3170  val_loss 1.6673  val_acc 0.3341
2026-04-08 19:20:53    epoch  15  loss 1.6959  acc 0.3249  val_loss 1.6341  val_acc 0.3356
2026-04-08 19:20:56    epoch  16  loss 1.6949  acc 0.3162  val_loss 1.6579  val_acc 0.3341
2026-04-08 19:20:59    epoch  17  loss 1.6952  acc 0.3128  val_loss 1.6287  val_acc 0.3318
2026-04-08 19:21:03    epoch  18  loss 1.6853  acc 0.3241  val_loss 1.6308  val_acc 0.3463
2026-04-08 19:21:06    epoch  19  loss 1.6948  acc 0.3165  val_loss 1.6274  val_acc 0.3509
2026-04-08 19:21:09    epoch  20  loss 1.6845  acc 0.3196  val_loss 1.6701  val_acc 0.3433
2026-04-08 19:21:12    epoch  21  loss 1.6854  acc 0.3246  val_loss 1.6356  val_acc 0.3463
2026-04-08 19:21:15    epoch  22  loss 1.6710  acc 0.3345  val_loss 1.6256  val_acc 0.3662
2026-04-08 19:21:18    epoch  23  loss 1.6866  acc 0.3209  val_loss 1.6236  val_acc 0.3616
2026-04-08 19:21:21    epoch  24  loss 1.6801  acc 0.3235  val_loss 1.6360  val_acc 0.3387
2026-04-08 19:21:24    epoch  25  loss 1.6855  acc 0.3244  val_loss 1.6237  val_acc 0.3387
2026-04-08 19:21:27    epoch  26  loss 1.6811  acc 0.3303  val_loss 1.6265  val_acc 0.3417
2026-04-08 19:21:30    epoch  27  loss 1.6671  acc 0.3311  val_loss 1.6194  val_acc 0.3609
2026-04-08 19:21:33    epoch  28  loss 1.6674  acc 0.3295  val_loss 1.6162  val_acc 0.3586
2026-04-08 19:21:36    epoch  29  loss 1.6733  acc 0.3284  val_loss 1.6191  val_acc 0.3448
2026-04-08 19:21:39    epoch  30  loss 1.6672  acc 0.3379  val_loss 1.6158  val_acc 0.3479
2026-04-08 19:21:42    epoch  31  loss 1.6649  acc 0.3354  val_loss 1.6162  val_acc 0.3570
2026-04-08 19:21:46    epoch  32  loss 1.6691  acc 0.3336  val_loss 1.6097  val_acc 0.3670
2026-04-08 19:21:49    epoch  33  loss 1.6630  acc 0.3323  val_loss 1.6208  val_acc 0.3509
2026-04-08 19:21:52    epoch  34  loss 1.6604  acc 0.3367  val_loss 1.6152  val_acc 0.3410
2026-04-08 19:21:55    epoch  35  loss 1.6592  acc 0.3334  val_loss 1.6132  val_acc 0.3479
2026-04-08 19:21:58    epoch  36  loss 1.6599  acc 0.3351  val_loss 1.6158  val_acc 0.3448
2026-04-08 19:22:01    epoch  37  loss 1.6515  acc 0.3338  val_loss 1.6088  val_acc 0.3586
2026-04-08 19:22:04    epoch  38  loss 1.6602  acc 0.3348  val_loss 1.6186  val_acc 0.3494
2026-04-08 19:22:07    epoch  39  loss 1.6590  acc 0.3337  val_loss 1.6102  val_acc 0.3547
2026-04-08 19:22:10    epoch  40  loss 1.6479  acc 0.3399  val_loss 1.6836  val_acc 0.3234
2026-04-08 19:22:13    epoch  41  loss 1.6454  acc 0.3396  val_loss 1.6132  val_acc 0.3609
2026-04-08 19:22:16    epoch  42  loss 1.6473  acc 0.3405  val_loss 1.6298  val_acc 0.3433
2026-04-08 19:22:19    epoch  43  loss 1.6342  acc 0.3479  val_loss 1.5879  val_acc 0.3670
2026-04-08 19:22:22    epoch  44  loss 1.6349  acc 0.3436  val_loss 1.5898  val_acc 0.3463
2026-04-08 19:22:26    epoch  45  loss 1.6388  acc 0.3407  val_loss 1.6348  val_acc 0.3349
2026-04-08 19:22:29    epoch  46  loss 1.6277  acc 0.3466  val_loss 1.5806  val_acc 0.3547
2026-04-08 19:22:32    epoch  47  loss 1.6237  acc 0.3472  val_loss 1.5985  val_acc 0.3716
2026-04-08 19:22:35    epoch  48  loss 1.6237  acc 0.3467  val_loss 1.5943  val_acc 0.3586
2026-04-08 19:22:38    epoch  49  loss 1.6279  acc 0.3468  val_loss 1.5823  val_acc 0.3815
2026-04-08 19:22:41    epoch  50  loss 1.6227  acc 0.3503  val_loss 1.5754  val_acc 0.3792
2026-04-08 19:22:44    epoch  51  loss 1.6225  acc 0.3476  val_loss 1.5744  val_acc 0.3570
2026-04-08 19:22:47    epoch  52  loss 1.6231  acc 0.3510  val_loss 1.5757  val_acc 0.3731
2026-04-08 19:22:50    epoch  53  loss 1.6241  acc 0.3518  val_loss 1.5814  val_acc 0.3670
2026-04-08 19:22:53    epoch  54  loss 1.6202  acc 0.3508  val_loss 1.5906  val_acc 0.3677
2026-04-08 19:22:56    epoch  55  loss 1.6183  acc 0.3484  val_loss 1.5717  val_acc 0.3792
2026-04-08 19:22:59    epoch  56  loss 1.6212  acc 0.3486  val_loss 1.5719  val_acc 0.3922
2026-04-08 19:23:02    epoch  57  loss 1.6087  acc 0.3550  val_loss 1.5744  val_acc 0.3685
2026-04-08 19:23:05    epoch  58  loss 1.6140  acc 0.3590  val_loss 1.5632  val_acc 0.3815
2026-04-08 19:23:09    epoch  59  loss 1.6176  acc 0.3538  val_loss 1.5847  val_acc 0.3593
2026-04-08 19:23:12    epoch  60  loss 1.6130  acc 0.3500  val_loss 1.5670  val_acc 0.3769
2026-04-08 19:23:15    epoch  61  loss 1.6058  acc 0.3591  val_loss 1.5668  val_acc 0.3708
2026-04-08 19:23:18    epoch  62  loss 1.6094  acc 0.3573  val_loss 1.5711  val_acc 0.3869
2026-04-08 19:23:21    epoch  63  loss 1.6085  acc 0.3577  val_loss 1.5663  val_acc 0.3777
2026-04-08 19:23:24    epoch  64  loss 1.6005  acc 0.3593  val_loss 1.5633  val_acc 0.3815
2026-04-08 19:23:27    epoch  65  loss 1.5959  acc 0.3629  val_loss 1.5601  val_acc 0.3930
2026-04-08 19:23:30    epoch  66  loss 1.5927  acc 0.3597  val_loss 1.5569  val_acc 0.3891
2026-04-08 19:23:33    epoch  67  loss 1.5924  acc 0.3643  val_loss 1.5736  val_acc 0.3746
2026-04-08 19:23:37    epoch  68  loss 1.5985  acc 0.3582  val_loss 1.5642  val_acc 0.3723
2026-04-08 19:23:40    epoch  69  loss 1.5964  acc 0.3585  val_loss 1.5549  val_acc 0.3899
2026-04-08 19:23:43    epoch  70  loss 1.5926  acc 0.3631  val_loss 1.5538  val_acc 0.3899
2026-04-08 19:23:46    epoch  71  loss 1.5941  acc 0.3649  val_loss 1.5586  val_acc 0.3853
2026-04-08 19:23:49    epoch  72  loss 1.5905  acc 0.3625  val_loss 1.5593  val_acc 0.3907
2026-04-08 19:23:52    epoch  73  loss 1.5909  acc 0.3639  val_loss 1.5584  val_acc 0.3991
2026-04-08 19:23:55    epoch  74  loss 1.5799  acc 0.3683  val_loss 1.5572  val_acc 0.3830
2026-04-08 19:23:58    epoch  75  loss 1.5956  acc 0.3630  val_loss 1.5701  val_acc 0.3838
2026-04-08 19:24:01    epoch  76  loss 1.5782  acc 0.3681  val_loss 1.5481  val_acc 0.4014
2026-04-08 19:24:04    epoch  77  loss 1.5816  acc 0.3700  val_loss 1.5516  val_acc 0.3930
2026-04-08 19:24:07    epoch  78  loss 1.5820  acc 0.3683  val_loss 1.5466  val_acc 0.3960
2026-04-08 19:24:10    epoch  79  loss 1.5786  acc 0.3643  val_loss 1.5708  val_acc 0.3807
2026-04-08 19:24:14    epoch  80  loss 1.5803  acc 0.3632  val_loss 1.5487  val_acc 0.3792
2026-04-08 19:24:17    epoch  81  loss 1.5830  acc 0.3651  val_loss 1.5431  val_acc 0.3968
2026-04-08 19:24:20    epoch  82  loss 1.5792  acc 0.3724  val_loss 1.5461  val_acc 0.4021
2026-04-08 19:24:23    epoch  83  loss 1.5829  acc 0.3666  val_loss 1.5448  val_acc 0.3960
2026-04-08 19:24:26    epoch  84  loss 1.5813  acc 0.3662  val_loss 1.5428  val_acc 0.3976
2026-04-08 19:24:29    epoch  85  loss 1.5754  acc 0.3668  val_loss 1.5441  val_acc 0.4014
2026-04-08 19:24:32    epoch  86  loss 1.5796  acc 0.3706  val_loss 1.5573  val_acc 0.3846
2026-04-08 19:24:35    epoch  87  loss 1.5762  acc 0.3649  val_loss 1.5459  val_acc 0.3876
2026-04-08 19:24:38    epoch  88  loss 1.5779  acc 0.3666  val_loss 1.5446  val_acc 0.3968
2026-04-08 19:24:42    epoch  89  loss 1.5812  acc 0.3725  val_loss 1.5553  val_acc 0.3792
2026-04-08 19:24:45    epoch  90  loss 1.5724  acc 0.3739  val_loss 1.5406  val_acc 0.3976
2026-04-08 19:24:48    epoch  91  loss 1.5827  acc 0.3730  val_loss 1.5583  val_acc 0.3723
2026-04-08 19:24:51    epoch  92  loss 1.5780  acc 0.3737  val_loss 1.5407  val_acc 0.3983
2026-04-08 19:24:54    epoch  93  loss 1.5728  acc 0.3746  val_loss 1.5489  val_acc 0.3937
2026-04-08 19:24:57    epoch  94  loss 1.5734  acc 0.3739  val_loss 1.5564  val_acc 0.3953
2026-04-08 19:25:00    epoch  95  loss 1.5687  acc 0.3743  val_loss 1.5447  val_acc 0.3953
2026-04-08 19:25:03    epoch  96  loss 1.5737  acc 0.3724  val_loss 1.5425  val_acc 0.3960
2026-04-08 19:25:06    epoch  97  loss 1.5820  acc 0.3660  val_loss 1.5411  val_acc 0.3953
2026-04-08 19:25:09    epoch  98  loss 1.5741  acc 0.3744  val_loss 1.5441  val_acc 0.3953
2026-04-08 19:25:09    Early stopping at epoch 98
2026-04-08 19:25:09    User10 accuracy: 0.3489
2026-04-08 19:25:10  ────────────────────────────────────────────────────────────
2026-04-08 19:25:10  LOSO fold — held-out: User11 (1781 test windows, 12995 train windows)
2026-04-08 19:25:13    epoch   1  loss 1.9222  acc 0.2419  val_loss 1.7151  val_acc 0.2779
2026-04-08 19:25:16    epoch   2  loss 1.7879  acc 0.2729  val_loss 1.6752  val_acc 0.3118
2026-04-08 19:25:19    epoch   3  loss 1.7699  acc 0.2810  val_loss 1.6570  val_acc 0.3233
2026-04-08 19:25:22    epoch   4  loss 1.7497  acc 0.2855  val_loss 1.6528  val_acc 0.3002
2026-04-08 19:25:25    epoch   5  loss 1.7458  acc 0.2918  val_loss 1.6521  val_acc 0.3279
2026-04-08 19:25:28    epoch   6  loss 1.7339  acc 0.2967  val_loss 1.6327  val_acc 0.3441
2026-04-08 19:25:31    epoch   7  loss 1.7390  acc 0.2949  val_loss 1.6364  val_acc 0.2825
2026-04-08 19:25:34    epoch   8  loss 1.7342  acc 0.2932  val_loss 1.6464  val_acc 0.3372
2026-04-08 19:25:37    epoch   9  loss 1.7280  acc 0.3022  val_loss 1.6387  val_acc 0.2871
2026-04-08 19:25:40    epoch  10  loss 1.7242  acc 0.3013  val_loss 1.6313  val_acc 0.3326
2026-04-08 19:25:43    epoch  11  loss 1.7129  acc 0.2976  val_loss 1.6253  val_acc 0.3526
2026-04-08 19:25:46    epoch  12  loss 1.7131  acc 0.3066  val_loss 1.6795  val_acc 0.3172
2026-04-08 19:25:49    epoch  13  loss 1.7002  acc 0.3046  val_loss 1.6266  val_acc 0.3549
2026-04-08 19:25:52    epoch  14  loss 1.7080  acc 0.3063  val_loss 1.6730  val_acc 0.3056
2026-04-08 19:25:55    epoch  15  loss 1.7050  acc 0.3142  val_loss 1.6212  val_acc 0.3118
2026-04-08 19:25:58    epoch  16  loss 1.6985  acc 0.3106  val_loss 1.6015  val_acc 0.3711
2026-04-08 19:26:01    epoch  17  loss 1.6987  acc 0.3149  val_loss 1.6212  val_acc 0.3010
2026-04-08 19:26:04    epoch  18  loss 1.6934  acc 0.3138  val_loss 1.6284  val_acc 0.3472
2026-04-08 19:26:07    epoch  19  loss 1.6902  acc 0.3174  val_loss 1.6071  val_acc 0.3449
2026-04-08 19:26:10    epoch  20  loss 1.6939  acc 0.3136  val_loss 1.6263  val_acc 0.3687
2026-04-08 19:26:13    epoch  21  loss 1.6922  acc 0.3116  val_loss 1.6258  val_acc 0.3626
2026-04-08 19:26:16    epoch  22  loss 1.6801  acc 0.3243  val_loss 1.6086  val_acc 0.3549
2026-04-08 19:26:19    epoch  23  loss 1.6671  acc 0.3334  val_loss 1.5917  val_acc 0.3741
2026-04-08 19:26:22    epoch  24  loss 1.6700  acc 0.3267  val_loss 1.5863  val_acc 0.3549
2026-04-08 19:26:25    epoch  25  loss 1.6732  acc 0.3258  val_loss 1.5776  val_acc 0.3788
2026-04-08 19:26:28    epoch  26  loss 1.6734  acc 0.3270  val_loss 1.5968  val_acc 0.3741
2026-04-08 19:26:31    epoch  27  loss 1.6690  acc 0.3287  val_loss 1.6055  val_acc 0.3587
2026-04-08 19:26:35    epoch  28  loss 1.6691  acc 0.3266  val_loss 1.6091  val_acc 0.3618
2026-04-08 19:26:38    epoch  29  loss 1.6674  acc 0.3301  val_loss 1.5897  val_acc 0.3757
2026-04-08 19:26:41    epoch  30  loss 1.6660  acc 0.3294  val_loss 1.5819  val_acc 0.3695
2026-04-08 19:26:44    epoch  31  loss 1.6586  acc 0.3332  val_loss 1.5739  val_acc 0.3695
2026-04-08 19:26:47    epoch  32  loss 1.6553  acc 0.3387  val_loss 1.5842  val_acc 0.3572
2026-04-08 19:26:50    epoch  33  loss 1.6612  acc 0.3340  val_loss 1.5722  val_acc 0.3741
2026-04-08 19:26:53    epoch  34  loss 1.6490  acc 0.3375  val_loss 1.5704  val_acc 0.3757
2026-04-08 19:26:56    epoch  35  loss 1.6497  acc 0.3302  val_loss 1.5666  val_acc 0.3788
2026-04-08 19:26:59    epoch  36  loss 1.6550  acc 0.3399  val_loss 1.5713  val_acc 0.3657
2026-04-08 19:27:02    epoch  37  loss 1.6468  acc 0.3374  val_loss 1.5760  val_acc 0.3741
2026-04-08 19:27:05    epoch  38  loss 1.6455  acc 0.3334  val_loss 1.5702  val_acc 0.3718
2026-04-08 19:27:08    epoch  39  loss 1.6539  acc 0.3354  val_loss 1.5784  val_acc 0.3734
2026-04-08 19:27:11    epoch  40  loss 1.6441  acc 0.3379  val_loss 1.5707  val_acc 0.3672
2026-04-08 19:27:14    epoch  41  loss 1.6539  acc 0.3393  val_loss 1.5687  val_acc 0.3680
2026-04-08 19:27:17    epoch  42  loss 1.6349  acc 0.3444  val_loss 1.5674  val_acc 0.3741
2026-04-08 19:27:20    epoch  43  loss 1.6439  acc 0.3458  val_loss 1.5641  val_acc 0.3764
2026-04-08 19:27:23    epoch  44  loss 1.6385  acc 0.3476  val_loss 1.5586  val_acc 0.3772
2026-04-08 19:27:26    epoch  45  loss 1.6466  acc 0.3347  val_loss 1.5626  val_acc 0.3780
2026-04-08 19:27:29    epoch  46  loss 1.6376  acc 0.3437  val_loss 1.5634  val_acc 0.3703
2026-04-08 19:27:32    epoch  47  loss 1.6363  acc 0.3464  val_loss 1.5617  val_acc 0.3734
2026-04-08 19:27:35    epoch  48  loss 1.6375  acc 0.3420  val_loss 1.5596  val_acc 0.3718
2026-04-08 19:27:38    epoch  49  loss 1.6404  acc 0.3458  val_loss 1.5766  val_acc 0.3626
2026-04-08 19:27:41    epoch  50  loss 1.6437  acc 0.3443  val_loss 1.5615  val_acc 0.3780
2026-04-08 19:27:44    epoch  51  loss 1.6351  acc 0.3382  val_loss 1.5588  val_acc 0.3749
2026-04-08 19:27:47    epoch  52  loss 1.6410  acc 0.3450  val_loss 1.5618  val_acc 0.3734
2026-04-08 19:27:47    Early stopping at epoch 52
2026-04-08 19:27:47    User11 accuracy: 0.3403
2026-04-08 19:27:48  ────────────────────────────────────────────────────────────
2026-04-08 19:27:48  LOSO fold — held-out: User12 (1479 test windows, 13297 train windows)
2026-04-08 19:27:51    epoch   1  loss 1.9141  acc 0.2363  val_loss 1.7434  val_acc 0.2656
2026-04-08 19:27:54    epoch   2  loss 1.7656  acc 0.2767  val_loss 1.6674  val_acc 0.3243
2026-04-08 19:27:57    epoch   3  loss 1.7372  acc 0.2934  val_loss 1.6389  val_acc 0.3273
2026-04-08 19:28:00    epoch   4  loss 1.7316  acc 0.2923  val_loss 1.6366  val_acc 0.3288
2026-04-08 19:28:03    epoch   5  loss 1.7172  acc 0.3056  val_loss 1.6120  val_acc 0.3333
2026-04-08 19:28:06    epoch   6  loss 1.7136  acc 0.3039  val_loss 1.6395  val_acc 0.3205
2026-04-08 19:28:09    epoch   7  loss 1.7025  acc 0.3061  val_loss 1.6163  val_acc 0.3401
2026-04-08 19:28:12    epoch   8  loss 1.7038  acc 0.3072  val_loss 1.6212  val_acc 0.3213
2026-04-08 19:28:15    epoch   9  loss 1.6962  acc 0.3172  val_loss 1.6241  val_acc 0.3348
2026-04-08 19:28:19    epoch  10  loss 1.6843  acc 0.3183  val_loss 1.6040  val_acc 0.3461
2026-04-08 19:28:22    epoch  11  loss 1.6817  acc 0.3234  val_loss 1.6234  val_acc 0.3273
2026-04-08 19:28:25    epoch  12  loss 1.6876  acc 0.3178  val_loss 1.6014  val_acc 0.3333
2026-04-08 19:28:28    epoch  13  loss 1.6819  acc 0.3209  val_loss 1.6071  val_acc 0.3326
2026-04-08 19:28:31    epoch  14  loss 1.6787  acc 0.3252  val_loss 1.6441  val_acc 0.3371
2026-04-08 19:28:34    epoch  15  loss 1.6733  acc 0.3275  val_loss 1.5946  val_acc 0.3499
2026-04-08 19:28:37    epoch  16  loss 1.6770  acc 0.3284  val_loss 1.5999  val_acc 0.3356
2026-04-08 19:28:40    epoch  17  loss 1.6704  acc 0.3329  val_loss 1.5903  val_acc 0.3544
2026-04-08 19:28:43    epoch  18  loss 1.6750  acc 0.3295  val_loss 1.6216  val_acc 0.3220
2026-04-08 19:28:46    epoch  19  loss 1.6724  acc 0.3342  val_loss 1.6125  val_acc 0.3446
2026-04-08 19:28:50    epoch  20  loss 1.6578  acc 0.3322  val_loss 1.5915  val_acc 0.3529
2026-04-08 19:28:53    epoch  21  loss 1.6618  acc 0.3332  val_loss 1.5968  val_acc 0.3394
2026-04-08 19:28:56    epoch  22  loss 1.6595  acc 0.3339  val_loss 1.5959  val_acc 0.3363
2026-04-08 19:28:59    epoch  23  loss 1.6422  acc 0.3352  val_loss 1.5799  val_acc 0.3439
2026-04-08 19:29:02    epoch  24  loss 1.6430  acc 0.3398  val_loss 1.5737  val_acc 0.3627
2026-04-08 19:29:05    epoch  25  loss 1.6405  acc 0.3463  val_loss 1.5762  val_acc 0.3469
2026-04-08 19:29:08    epoch  26  loss 1.6364  acc 0.3426  val_loss 1.5744  val_acc 0.3574
2026-04-08 19:29:11    epoch  27  loss 1.6361  acc 0.3488  val_loss 1.5693  val_acc 0.3619
2026-04-08 19:29:14    epoch  28  loss 1.6381  acc 0.3469  val_loss 1.5684  val_acc 0.3567
2026-04-08 19:29:18    epoch  29  loss 1.6347  acc 0.3524  val_loss 1.5738  val_acc 0.3536
2026-04-08 19:29:21    epoch  30  loss 1.6379  acc 0.3449  val_loss 1.5667  val_acc 0.3627
2026-04-08 19:29:24    epoch  31  loss 1.6360  acc 0.3521  val_loss 1.5656  val_acc 0.3574
2026-04-08 19:29:27    epoch  32  loss 1.6320  acc 0.3462  val_loss 1.5761  val_acc 0.3499
2026-04-08 19:29:30    epoch  33  loss 1.6262  acc 0.3477  val_loss 1.5666  val_acc 0.3589
2026-04-08 19:29:33    epoch  34  loss 1.6279  acc 0.3443  val_loss 1.5671  val_acc 0.3582
2026-04-08 19:29:36    epoch  35  loss 1.6277  acc 0.3474  val_loss 1.5581  val_acc 0.3619
2026-04-08 19:29:39    epoch  36  loss 1.6249  acc 0.3454  val_loss 1.5641  val_acc 0.3514
2026-04-08 19:29:42    epoch  37  loss 1.6248  acc 0.3456  val_loss 1.5627  val_acc 0.3612
2026-04-08 19:29:45    epoch  38  loss 1.6228  acc 0.3539  val_loss 1.5660  val_acc 0.3559
2026-04-08 19:29:49    epoch  39  loss 1.6184  acc 0.3555  val_loss 1.5662  val_acc 0.3567
2026-04-08 19:29:52    epoch  40  loss 1.6161  acc 0.3571  val_loss 1.5493  val_acc 0.3649
2026-04-08 19:29:55    epoch  41  loss 1.6246  acc 0.3518  val_loss 1.5759  val_acc 0.3529
2026-04-08 19:29:58    epoch  42  loss 1.6240  acc 0.3530  val_loss 1.5659  val_acc 0.3619
2026-04-08 19:30:01    epoch  43  loss 1.6136  acc 0.3557  val_loss 1.5527  val_acc 0.3642
2026-04-08 19:30:04    epoch  44  loss 1.6200  acc 0.3519  val_loss 1.5550  val_acc 0.3740
2026-04-08 19:30:07    epoch  45  loss 1.6187  acc 0.3522  val_loss 1.5560  val_acc 0.3717
2026-04-08 19:30:10    epoch  46  loss 1.6118  acc 0.3552  val_loss 1.5453  val_acc 0.3597
2026-04-08 19:30:13    epoch  47  loss 1.6044  acc 0.3590  val_loss 1.5506  val_acc 0.3679
2026-04-08 19:30:16    epoch  48  loss 1.6064  acc 0.3639  val_loss 1.5702  val_acc 0.3536
2026-04-08 19:30:19    epoch  49  loss 1.6076  acc 0.3570  val_loss 1.5416  val_acc 0.3770
2026-04-08 19:30:23    epoch  50  loss 1.6044  acc 0.3567  val_loss 1.5474  val_acc 0.3785
2026-04-08 19:30:26    epoch  51  loss 1.5971  acc 0.3570  val_loss 1.5446  val_acc 0.3664
2026-04-08 19:30:29    epoch  52  loss 1.5965  acc 0.3590  val_loss 1.5441  val_acc 0.3574
2026-04-08 19:30:32    epoch  53  loss 1.6052  acc 0.3583  val_loss 1.5427  val_acc 0.3649
2026-04-08 19:30:35    epoch  54  loss 1.5931  acc 0.3636  val_loss 1.5689  val_acc 0.3717
2026-04-08 19:30:38    epoch  55  loss 1.5932  acc 0.3589  val_loss 1.5405  val_acc 0.3702
2026-04-08 19:30:41    epoch  56  loss 1.5892  acc 0.3666  val_loss 1.5433  val_acc 0.3649
2026-04-08 19:30:44    epoch  57  loss 1.5951  acc 0.3659  val_loss 1.5394  val_acc 0.3687
2026-04-08 19:30:48    epoch  58  loss 1.5965  acc 0.3680  val_loss 1.5430  val_acc 0.3710
2026-04-08 19:30:51    epoch  59  loss 1.5958  acc 0.3596  val_loss 1.5424  val_acc 0.3679
2026-04-08 19:30:54    epoch  60  loss 1.5913  acc 0.3623  val_loss 1.5380  val_acc 0.3702
2026-04-08 19:30:57    epoch  61  loss 1.5915  acc 0.3684  val_loss 1.5428  val_acc 0.3702
2026-04-08 19:31:00    epoch  62  loss 1.5920  acc 0.3683  val_loss 1.5449  val_acc 0.3717
2026-04-08 19:31:03    epoch  63  loss 1.5852  acc 0.3683  val_loss 1.5359  val_acc 0.3807
2026-04-08 19:31:06    epoch  64  loss 1.5879  acc 0.3710  val_loss 1.5336  val_acc 0.3800
2026-04-08 19:31:09    epoch  65  loss 1.5931  acc 0.3605  val_loss 1.5327  val_acc 0.3725
2026-04-08 19:31:13    epoch  66  loss 1.5871  acc 0.3603  val_loss 1.5360  val_acc 0.3830
2026-04-08 19:31:16    epoch  67  loss 1.5856  acc 0.3680  val_loss 1.5343  val_acc 0.3740
2026-04-08 19:31:19    epoch  68  loss 1.5908  acc 0.3656  val_loss 1.5786  val_acc 0.3597
2026-04-08 19:31:22    epoch  69  loss 1.5882  acc 0.3681  val_loss 1.5465  val_acc 0.3695
2026-04-08 19:31:25    epoch  70  loss 1.5899  acc 0.3652  val_loss 1.5350  val_acc 0.3837
2026-04-08 19:31:28    epoch  71  loss 1.5834  acc 0.3681  val_loss 1.5330  val_acc 0.3822
2026-04-08 19:31:31    epoch  72  loss 1.5809  acc 0.3701  val_loss 1.5332  val_acc 0.3725
2026-04-08 19:31:35    epoch  73  loss 1.5857  acc 0.3663  val_loss 1.5296  val_acc 0.3770
2026-04-08 19:31:38    epoch  74  loss 1.5793  acc 0.3700  val_loss 1.5290  val_acc 0.3755
2026-04-08 19:31:41    epoch  75  loss 1.5804  acc 0.3742  val_loss 1.5338  val_acc 0.3792
2026-04-08 19:31:44    epoch  76  loss 1.5808  acc 0.3646  val_loss 1.5284  val_acc 0.3837
2026-04-08 19:31:47    epoch  77  loss 1.5865  acc 0.3662  val_loss 1.5276  val_acc 0.3800
2026-04-08 19:31:50    epoch  78  loss 1.5862  acc 0.3712  val_loss 1.5294  val_acc 0.3740
2026-04-08 19:31:53    epoch  79  loss 1.5826  acc 0.3697  val_loss 1.5297  val_acc 0.3883
2026-04-08 19:31:57    epoch  80  loss 1.5844  acc 0.3684  val_loss 1.5386  val_acc 0.3837
2026-04-08 19:32:00    epoch  81  loss 1.5784  acc 0.3712  val_loss 1.5385  val_acc 0.3777
2026-04-08 19:32:03    epoch  82  loss 1.5806  acc 0.3739  val_loss 1.5289  val_acc 0.3777
2026-04-08 19:32:06    epoch  83  loss 1.5790  acc 0.3742  val_loss 1.5283  val_acc 0.3913
2026-04-08 19:32:09    epoch  84  loss 1.5799  acc 0.3704  val_loss 1.5299  val_acc 0.3845
2026-04-08 19:32:12    epoch  85  loss 1.5772  acc 0.3686  val_loss 1.5291  val_acc 0.3762
2026-04-08 19:32:12    Early stopping at epoch 85
2026-04-08 19:32:12    User12 accuracy: 0.2603
2026-04-08 19:32:12  Best model: /home/mahmudm2/codebase/ClassyGlass/scripts/benchmark/models/cnn_best_W100_S100.pth  (acc=0.4018)
2026-04-08 19:32:12  ============================================================
2026-04-08 19:32:12  LOSO SUMMARY
2026-04-08 19:32:12  ============================================================
2026-04-08 19:32:12    User1: 0.3123
2026-04-08 19:32:12    User2: 0.3972
2026-04-08 19:32:12    User3: 0.3906
2026-04-08 19:32:12    User4: 0.3462
2026-04-08 19:32:12    User5: 0.3663
2026-04-08 19:32:12    User6: 0.3141
2026-04-08 19:32:12    User7: 0.2838
2026-04-08 19:32:12    User8: 0.4018
2026-04-08 19:32:12    User9: 0.2897
2026-04-08 19:32:12    User10: 0.3489
2026-04-08 19:32:12    User11: 0.3403
2026-04-08 19:32:12    User12: 0.2603
2026-04-08 19:32:12    Mean accuracy : 0.3376
2026-04-08 19:32:12    Std  accuracy : 0.0446
2026-04-08 19:32:12  ============================================================
2026-04-08 19:32:12  CLASSIFICATION REPORT (all folds combined)
2026-04-08 19:32:12  ============================================================
2026-04-08 19:32:12  
                            precision    recall  f1-score   support

         Sitting – Reading       0.15      0.08      0.11      1408
         Sitting – Writing       0.22      0.19      0.20      1555
         Computer – Typing       0.31      0.45      0.37      1552
       Computer – Browsing       0.39      0.40      0.39      1579
Sitting – Moving head/body       0.25      0.37      0.30      1364
    Sitting – Moving chair       0.26      0.23      0.24      1554
     Stand up from sitting       0.31      0.32      0.32      1838
                  Standing       0.34      0.13      0.19      1038
                   Walking       0.40      0.54      0.46      1226
                   Running       0.63      0.77      0.69      1198
             Taking stairs       0.00      0.00      0.00       464

                  accuracy                           0.33     14776
                 macro avg       0.30      0.32      0.30     14776
              weighted avg       0.31      0.33      0.31     14776

2026-04-08 19:32:13  Confusion matrix saved to: /home/mahmudm2/codebase/ClassyGlass/scripts/benchmark/figures/cnn_confusion_matrix_W100_S100.png
2026-04-08 19:32:13  Per-subject accuracy chart saved to: /home/mahmudm2/codebase/ClassyGlass/scripts/benchmark/figures/cnn_per_subject_accuracy_W100_S100.png
2026-04-08 19:32:13  ============================================================
2026-04-08 19:32:13  cnn training complete
2026-04-08 19:32:13  ============================================================
