2026-04-08 19:00:28  ============================================================
2026-04-08 19:00:28  cnn  |  window=300  step=300
2026-04-08 19:00:28  Device  : cuda:4
2026-04-08 19:00:28  Flatten : True
2026-04-08 19:00:28  Log     : /home/mahmudm2/codebase/ClassyGlass/scripts/benchmark/logs/cnn_W300_S300.log
2026-04-08 19:00:28  Model   : /home/mahmudm2/codebase/ClassyGlass/scripts/benchmark/models/cnn_best_W300_S300.pth
2026-04-08 19:00:28  Figures : /home/mahmudm2/codebase/ClassyGlass/scripts/benchmark/figures
2026-04-08 19:00:28  ============================================================
2026-04-08 19:00:32  Loaded 4883 windows | window=300  step=300 | 129 experiments | 12 subjects | 0 experiments skipped
2026-04-08 19:00:33  ────────────────────────────────────────────────────────────
2026-04-08 19:00:33  LOSO fold — held-out: User1 (282 test windows, 4601 train windows)
2026-04-08 19:00:37    epoch   1  loss 1.9780  acc 0.2410  val_loss 1.6870  val_acc 0.3435
2026-04-08 19:00:38    epoch   2  loss 1.7641  acc 0.2685  val_loss 1.6261  val_acc 0.3174
2026-04-08 19:00:39    epoch   3  loss 1.6963  acc 0.2886  val_loss 1.6190  val_acc 0.3283
2026-04-08 19:00:40    epoch   4  loss 1.6842  acc 0.2946  val_loss 1.7299  val_acc 0.2674
2026-04-08 19:00:41    epoch   5  loss 1.6799  acc 0.2956  val_loss 1.6346  val_acc 0.3152
2026-04-08 19:00:43    epoch   6  loss 1.6558  acc 0.3067  val_loss 1.6297  val_acc 0.3370
2026-04-08 19:00:44    epoch   7  loss 1.6417  acc 0.3026  val_loss 1.5973  val_acc 0.3326
2026-04-08 19:00:45    epoch   8  loss 1.6443  acc 0.2992  val_loss 1.5715  val_acc 0.3413
2026-04-08 19:00:46    epoch   9  loss 1.6240  acc 0.3093  val_loss 1.6240  val_acc 0.3261
2026-04-08 19:00:47    epoch  10  loss 1.6174  acc 0.3098  val_loss 1.5918  val_acc 0.3413
2026-04-08 19:00:48    epoch  11  loss 1.6110  acc 0.3224  val_loss 1.5360  val_acc 0.3630
2026-04-08 19:00:49    epoch  12  loss 1.6077  acc 0.3185  val_loss 1.5457  val_acc 0.3435
2026-04-08 19:00:50    epoch  13  loss 1.6051  acc 0.3221  val_loss 1.5381  val_acc 0.3457
2026-04-08 19:00:51    epoch  14  loss 1.6204  acc 0.3262  val_loss 1.5571  val_acc 0.3543
2026-04-08 19:00:52    epoch  15  loss 1.5884  acc 0.3330  val_loss 1.5360  val_acc 0.3522
2026-04-08 19:00:53    epoch  16  loss 1.5907  acc 0.3267  val_loss 1.5788  val_acc 0.3087
2026-04-08 19:00:54    epoch  17  loss 1.5908  acc 0.3340  val_loss 1.6090  val_acc 0.3370
2026-04-08 19:00:55    epoch  18  loss 1.5870  acc 0.3250  val_loss 1.5253  val_acc 0.3674
2026-04-08 19:00:56    epoch  19  loss 1.5833  acc 0.3304  val_loss 1.5986  val_acc 0.3500
2026-04-08 19:00:58    epoch  20  loss 1.5842  acc 0.3357  val_loss 1.5182  val_acc 0.3652
2026-04-08 19:00:59    epoch  21  loss 1.5689  acc 0.3388  val_loss 1.5524  val_acc 0.3413
2026-04-08 19:01:00    epoch  22  loss 1.5819  acc 0.3386  val_loss 1.5145  val_acc 0.3783
2026-04-08 19:01:01    epoch  23  loss 1.5729  acc 0.3451  val_loss 1.5261  val_acc 0.3739
2026-04-08 19:01:02    epoch  24  loss 1.5756  acc 0.3291  val_loss 1.5186  val_acc 0.3609
2026-04-08 19:01:03    epoch  25  loss 1.5760  acc 0.3417  val_loss 1.5186  val_acc 0.3674
2026-04-08 19:01:04    epoch  26  loss 1.5683  acc 0.3381  val_loss 1.5527  val_acc 0.3457
2026-04-08 19:01:05    epoch  27  loss 1.5785  acc 0.3403  val_loss 1.5203  val_acc 0.3870
2026-04-08 19:01:06    epoch  28  loss 1.5408  acc 0.3475  val_loss 1.5093  val_acc 0.3674
2026-04-08 19:01:07    epoch  29  loss 1.5491  acc 0.3473  val_loss 1.5332  val_acc 0.3717
2026-04-08 19:01:08    epoch  30  loss 1.5325  acc 0.3560  val_loss 1.5028  val_acc 0.3783
2026-04-08 19:01:09    epoch  31  loss 1.5422  acc 0.3475  val_loss 1.5026  val_acc 0.3500
2026-04-08 19:01:10    epoch  32  loss 1.5436  acc 0.3523  val_loss 1.5004  val_acc 0.3696
2026-04-08 19:01:11    epoch  33  loss 1.5541  acc 0.3550  val_loss 1.4980  val_acc 0.3783
2026-04-08 19:01:13    epoch  34  loss 1.5647  acc 0.3395  val_loss 1.5136  val_acc 0.3804
2026-04-08 19:01:14    epoch  35  loss 1.5461  acc 0.3489  val_loss 1.5113  val_acc 0.3587
2026-04-08 19:01:15    epoch  36  loss 1.5605  acc 0.3446  val_loss 1.5210  val_acc 0.3739
2026-04-08 19:01:16    epoch  37  loss 1.5488  acc 0.3492  val_loss 1.4994  val_acc 0.3761
2026-04-08 19:01:17    epoch  38  loss 1.5413  acc 0.3615  val_loss 1.5085  val_acc 0.3957
2026-04-08 19:01:18    epoch  39  loss 1.5274  acc 0.3663  val_loss 1.4978  val_acc 0.3870
2026-04-08 19:01:19    epoch  40  loss 1.5346  acc 0.3531  val_loss 1.5014  val_acc 0.3761
2026-04-08 19:01:20    epoch  41  loss 1.5419  acc 0.3451  val_loss 1.4953  val_acc 0.3783
2026-04-08 19:01:21    epoch  42  loss 1.5302  acc 0.3601  val_loss 1.4962  val_acc 0.3804
2026-04-08 19:01:22    epoch  43  loss 1.5359  acc 0.3547  val_loss 1.5267  val_acc 0.3609
2026-04-08 19:01:23    epoch  44  loss 1.5129  acc 0.3683  val_loss 1.5091  val_acc 0.3609
2026-04-08 19:01:24    epoch  45  loss 1.5384  acc 0.3550  val_loss 1.4922  val_acc 0.3696
2026-04-08 19:01:25    epoch  46  loss 1.5276  acc 0.3656  val_loss 1.5043  val_acc 0.3696
2026-04-08 19:01:26    epoch  47  loss 1.5471  acc 0.3584  val_loss 1.4913  val_acc 0.3804
2026-04-08 19:01:28    epoch  48  loss 1.5270  acc 0.3540  val_loss 1.4873  val_acc 0.3696
2026-04-08 19:01:29    epoch  49  loss 1.5479  acc 0.3630  val_loss 1.4916  val_acc 0.3783
2026-04-08 19:01:30    epoch  50  loss 1.5278  acc 0.3663  val_loss 1.4962  val_acc 0.3543
2026-04-08 19:01:31    epoch  51  loss 1.5280  acc 0.3514  val_loss 1.5029  val_acc 0.3609
2026-04-08 19:01:32    epoch  52  loss 1.5310  acc 0.3579  val_loss 1.4952  val_acc 0.3717
2026-04-08 19:01:33    epoch  53  loss 1.5207  acc 0.3688  val_loss 1.4907  val_acc 0.3717
2026-04-08 19:01:34    epoch  54  loss 1.5306  acc 0.3627  val_loss 1.5142  val_acc 0.3457
2026-04-08 19:01:35    epoch  55  loss 1.5307  acc 0.3663  val_loss 1.4897  val_acc 0.3783
2026-04-08 19:01:36    epoch  56  loss 1.5185  acc 0.3634  val_loss 1.4870  val_acc 0.3739
2026-04-08 19:01:37    epoch  57  loss 1.5219  acc 0.3620  val_loss 1.4824  val_acc 0.3870
2026-04-08 19:01:38    epoch  58  loss 1.5348  acc 0.3596  val_loss 1.4896  val_acc 0.3717
2026-04-08 19:01:39    epoch  59  loss 1.5132  acc 0.3750  val_loss 1.4831  val_acc 0.3783
2026-04-08 19:01:40    epoch  60  loss 1.5399  acc 0.3569  val_loss 1.4831  val_acc 0.3717
2026-04-08 19:01:41    epoch  61  loss 1.5175  acc 0.3646  val_loss 1.4801  val_acc 0.3935
2026-04-08 19:01:42    epoch  62  loss 1.5298  acc 0.3593  val_loss 1.4871  val_acc 0.3804
2026-04-08 19:01:44    epoch  63  loss 1.5253  acc 0.3731  val_loss 1.4820  val_acc 0.3913
2026-04-08 19:01:45    epoch  64  loss 1.5123  acc 0.3813  val_loss 1.4860  val_acc 0.3826
2026-04-08 19:01:46    epoch  65  loss 1.5110  acc 0.3700  val_loss 1.4816  val_acc 0.3891
2026-04-08 19:01:47    epoch  66  loss 1.5147  acc 0.3671  val_loss 1.4835  val_acc 0.3891
2026-04-08 19:01:48    epoch  67  loss 1.5231  acc 0.3572  val_loss 1.4822  val_acc 0.3826
2026-04-08 19:01:49    epoch  68  loss 1.5180  acc 0.3678  val_loss 1.4786  val_acc 0.3913
2026-04-08 19:01:50    epoch  69  loss 1.5113  acc 0.3738  val_loss 1.4915  val_acc 0.3630
2026-04-08 19:01:51    epoch  70  loss 1.5090  acc 0.3758  val_loss 1.4795  val_acc 0.3891
2026-04-08 19:01:52    epoch  71  loss 1.5263  acc 0.3523  val_loss 1.4794  val_acc 0.3783
2026-04-08 19:01:53    epoch  72  loss 1.5148  acc 0.3666  val_loss 1.4827  val_acc 0.3913
2026-04-08 19:01:54    epoch  73  loss 1.5146  acc 0.3675  val_loss 1.4957  val_acc 0.3739
2026-04-08 19:01:55    epoch  74  loss 1.5211  acc 0.3651  val_loss 1.4777  val_acc 0.3870
2026-04-08 19:01:56    epoch  75  loss 1.5144  acc 0.3762  val_loss 1.4782  val_acc 0.3848
2026-04-08 19:01:57    epoch  76  loss 1.5241  acc 0.3695  val_loss 1.4779  val_acc 0.3870
2026-04-08 19:01:58    epoch  77  loss 1.5147  acc 0.3697  val_loss 1.4822  val_acc 0.3848
2026-04-08 19:01:59    epoch  78  loss 1.5163  acc 0.3630  val_loss 1.4875  val_acc 0.3848
2026-04-08 19:02:01    epoch  79  loss 1.5087  acc 0.3651  val_loss 1.4796  val_acc 0.3870
2026-04-08 19:02:02    epoch  80  loss 1.5092  acc 0.3675  val_loss 1.4808  val_acc 0.3870
2026-04-08 19:02:03    epoch  81  loss 1.5132  acc 0.3613  val_loss 1.4780  val_acc 0.3848
2026-04-08 19:02:04    epoch  82  loss 1.5122  acc 0.3702  val_loss 1.4894  val_acc 0.3761
2026-04-08 19:02:04    Early stopping at epoch 82
2026-04-08 19:02:04    User1 accuracy: 0.3121
2026-04-08 19:02:04    ✓ New best model saved (User1 held out, acc=0.3121)
2026-04-08 19:02:04  ────────────────────────────────────────────────────────────
2026-04-08 19:02:04  LOSO fold — held-out: User2 (259 test windows, 4624 train windows)
2026-04-08 19:02:05    epoch   1  loss 2.0001  acc 0.2174  val_loss 1.7500  val_acc 0.2922
2026-04-08 19:02:06    epoch   2  loss 1.8203  acc 0.2532  val_loss 1.6893  val_acc 0.2944
2026-04-08 19:02:07    epoch   3  loss 1.7557  acc 0.2739  val_loss 1.6400  val_acc 0.3095
2026-04-08 19:02:09    epoch   4  loss 1.7409  acc 0.2854  val_loss 1.5922  val_acc 0.3268
2026-04-08 19:02:10    epoch   5  loss 1.6965  acc 0.3001  val_loss 1.5844  val_acc 0.3247
2026-04-08 19:02:11    epoch   6  loss 1.7127  acc 0.2936  val_loss 1.5904  val_acc 0.3398
2026-04-08 19:02:12    epoch   7  loss 1.7065  acc 0.2797  val_loss 1.5986  val_acc 0.3074
2026-04-08 19:02:13    epoch   8  loss 1.6861  acc 0.2941  val_loss 1.5977  val_acc 0.3139
2026-04-08 19:02:14    epoch   9  loss 1.6710  acc 0.2902  val_loss 1.5786  val_acc 0.2944
2026-04-08 19:02:15    epoch  10  loss 1.6702  acc 0.3075  val_loss 1.5882  val_acc 0.3268
2026-04-08 19:02:16    epoch  11  loss 1.6393  acc 0.3085  val_loss 1.5788  val_acc 0.3009
2026-04-08 19:02:17    epoch  12  loss 1.6727  acc 0.3011  val_loss 1.5379  val_acc 0.3398
2026-04-08 19:02:18    epoch  13  loss 1.6641  acc 0.3061  val_loss 1.5439  val_acc 0.3182
2026-04-08 19:02:19    epoch  14  loss 1.6534  acc 0.3136  val_loss 1.5576  val_acc 0.3398
2026-04-08 19:02:20    epoch  15  loss 1.6464  acc 0.3092  val_loss 1.5587  val_acc 0.3139
2026-04-08 19:02:21    epoch  16  loss 1.6582  acc 0.3172  val_loss 1.5487  val_acc 0.3290
2026-04-08 19:02:22    epoch  17  loss 1.6477  acc 0.3097  val_loss 1.5574  val_acc 0.3203
2026-04-08 19:02:24    epoch  18  loss 1.6206  acc 0.3296  val_loss 1.5255  val_acc 0.3398
2026-04-08 19:02:25    epoch  19  loss 1.6104  acc 0.3455  val_loss 1.5109  val_acc 0.3615
2026-04-08 19:02:26    epoch  20  loss 1.6176  acc 0.3258  val_loss 1.5169  val_acc 0.3225
2026-04-08 19:02:27    epoch  21  loss 1.6268  acc 0.3164  val_loss 1.5286  val_acc 0.3377
2026-04-08 19:02:28    epoch  22  loss 1.6076  acc 0.3316  val_loss 1.5099  val_acc 0.3398
2026-04-08 19:02:29    epoch  23  loss 1.6068  acc 0.3330  val_loss 1.5079  val_acc 0.3550
2026-04-08 19:02:30    epoch  24  loss 1.6166  acc 0.3251  val_loss 1.5009  val_acc 0.3485
2026-04-08 19:02:31    epoch  25  loss 1.6146  acc 0.3390  val_loss 1.5730  val_acc 0.3333
2026-04-08 19:02:32    epoch  26  loss 1.6061  acc 0.3292  val_loss 1.5204  val_acc 0.3442
2026-04-08 19:02:33    epoch  27  loss 1.6113  acc 0.3299  val_loss 1.5049  val_acc 0.3485
2026-04-08 19:02:34    epoch  28  loss 1.6153  acc 0.3301  val_loss 1.5598  val_acc 0.3377
2026-04-08 19:02:35    epoch  29  loss 1.6099  acc 0.3306  val_loss 1.5434  val_acc 0.3463
2026-04-08 19:02:36    epoch  30  loss 1.5921  acc 0.3335  val_loss 1.5013  val_acc 0.3766
2026-04-08 19:02:38    epoch  31  loss 1.6039  acc 0.3397  val_loss 1.5105  val_acc 0.3636
2026-04-08 19:02:39    epoch  32  loss 1.5996  acc 0.3287  val_loss 1.5073  val_acc 0.3485
2026-04-08 19:02:39    Early stopping at epoch 32
2026-04-08 19:02:39    User2 accuracy: 0.3629
2026-04-08 19:02:39    ✓ New best model saved (User2 held out, acc=0.3629)
2026-04-08 19:02:39  ────────────────────────────────────────────────────────────
2026-04-08 19:02:39  LOSO fold — held-out: User3 (257 test windows, 4626 train windows)
2026-04-08 19:02:40    epoch   1  loss 2.0050  acc 0.2140  val_loss 1.7423  val_acc 0.2662
2026-04-08 19:02:41    epoch   2  loss 1.7945  acc 0.2644  val_loss 1.6511  val_acc 0.3355
2026-04-08 19:02:42    epoch   3  loss 1.7698  acc 0.2764  val_loss 1.6707  val_acc 0.2857
2026-04-08 19:02:43    epoch   4  loss 1.7437  acc 0.2865  val_loss 1.6414  val_acc 0.3009
2026-04-08 19:02:44    epoch   5  loss 1.7003  acc 0.2872  val_loss 1.6012  val_acc 0.3139
2026-04-08 19:02:46    epoch   6  loss 1.7098  acc 0.2867  val_loss 1.5817  val_acc 0.3442
2026-04-08 19:02:47    epoch   7  loss 1.6734  acc 0.3074  val_loss 1.5594  val_acc 0.3333
2026-04-08 19:02:48    epoch   8  loss 1.6586  acc 0.3086  val_loss 1.5431  val_acc 0.3312
2026-04-08 19:02:49    epoch   9  loss 1.6612  acc 0.3000  val_loss 1.6215  val_acc 0.2944
2026-04-08 19:02:50    epoch  10  loss 1.6697  acc 0.3024  val_loss 1.5464  val_acc 0.3723
2026-04-08 19:02:51    epoch  11  loss 1.6504  acc 0.3110  val_loss 1.5482  val_acc 0.3701
2026-04-08 19:02:52    epoch  12  loss 1.6494  acc 0.3249  val_loss 1.5969  val_acc 0.2965
2026-04-08 19:02:53    epoch  13  loss 1.6519  acc 0.3172  val_loss 1.5320  val_acc 0.3442
2026-04-08 19:02:54    epoch  14  loss 1.6399  acc 0.3199  val_loss 1.5701  val_acc 0.3463
2026-04-08 19:02:55    epoch  15  loss 1.6383  acc 0.3256  val_loss 1.5593  val_acc 0.3355
2026-04-08 19:02:56    epoch  16  loss 1.6403  acc 0.3163  val_loss 1.5629  val_acc 0.3290
2026-04-08 19:02:57    epoch  17  loss 1.6196  acc 0.3290  val_loss 1.5069  val_acc 0.3788
2026-04-08 19:02:58    epoch  18  loss 1.6160  acc 0.3254  val_loss 1.5459  val_acc 0.3680
2026-04-08 19:03:00    epoch  19  loss 1.6247  acc 0.3124  val_loss 1.5100  val_acc 0.3745
2026-04-08 19:03:01    epoch  20  loss 1.6317  acc 0.3163  val_loss 1.5256  val_acc 0.3939
2026-04-08 19:03:02    epoch  21  loss 1.6124  acc 0.3338  val_loss 1.5465  val_acc 0.3593
2026-04-08 19:03:03    epoch  22  loss 1.6108  acc 0.3350  val_loss 1.4840  val_acc 0.4156
2026-04-08 19:03:04    epoch  23  loss 1.6296  acc 0.3196  val_loss 1.4996  val_acc 0.3896
2026-04-08 19:03:05    epoch  24  loss 1.6409  acc 0.3261  val_loss 1.5187  val_acc 0.3874
2026-04-08 19:03:06    epoch  25  loss 1.6061  acc 0.3288  val_loss 1.5066  val_acc 0.3874
2026-04-08 19:03:07    epoch  26  loss 1.6109  acc 0.3314  val_loss 1.4974  val_acc 0.3874
2026-04-08 19:03:08    epoch  27  loss 1.6013  acc 0.3293  val_loss 1.4892  val_acc 0.3831
2026-04-08 19:03:09    epoch  28  loss 1.6011  acc 0.3389  val_loss 1.5140  val_acc 0.3810
2026-04-08 19:03:10    epoch  29  loss 1.5878  acc 0.3437  val_loss 1.5082  val_acc 0.3658
2026-04-08 19:03:11    epoch  30  loss 1.5864  acc 0.3420  val_loss 1.4799  val_acc 0.4048
2026-04-08 19:03:12    epoch  31  loss 1.5812  acc 0.3444  val_loss 1.5216  val_acc 0.3636
2026-04-08 19:03:14    epoch  32  loss 1.5894  acc 0.3309  val_loss 1.5359  val_acc 0.3377
2026-04-08 19:03:15    epoch  33  loss 1.5752  acc 0.3477  val_loss 1.5027  val_acc 0.3874
2026-04-08 19:03:16    epoch  34  loss 1.5884  acc 0.3453  val_loss 1.5089  val_acc 0.3485
2026-04-08 19:03:17    epoch  35  loss 1.5763  acc 0.3516  val_loss 1.5142  val_acc 0.3766
2026-04-08 19:03:18    epoch  36  loss 1.5725  acc 0.3482  val_loss 1.4732  val_acc 0.4048
2026-04-08 19:03:19    epoch  37  loss 1.5899  acc 0.3463  val_loss 1.4806  val_acc 0.4242
2026-04-08 19:03:20    epoch  38  loss 1.5813  acc 0.3485  val_loss 1.4733  val_acc 0.4004
2026-04-08 19:03:21    epoch  39  loss 1.5859  acc 0.3367  val_loss 1.4901  val_acc 0.4134
2026-04-08 19:03:22    epoch  40  loss 1.5753  acc 0.3458  val_loss 1.4619  val_acc 0.4242
2026-04-08 19:03:23    epoch  41  loss 1.5766  acc 0.3458  val_loss 1.4581  val_acc 0.4351
2026-04-08 19:03:24    epoch  42  loss 1.5724  acc 0.3513  val_loss 1.4621  val_acc 0.4134
2026-04-08 19:03:25    epoch  43  loss 1.5745  acc 0.3444  val_loss 1.4702  val_acc 0.3983
2026-04-08 19:03:26    epoch  44  loss 1.5683  acc 0.3528  val_loss 1.4677  val_acc 0.4069
2026-04-08 19:03:27    epoch  45  loss 1.5659  acc 0.3518  val_loss 1.4713  val_acc 0.4091
2026-04-08 19:03:29    epoch  46  loss 1.5775  acc 0.3386  val_loss 1.4700  val_acc 0.4048
2026-04-08 19:03:30    epoch  47  loss 1.5604  acc 0.3497  val_loss 1.4556  val_acc 0.4091
2026-04-08 19:03:31    epoch  48  loss 1.5575  acc 0.3482  val_loss 1.4470  val_acc 0.4221
2026-04-08 19:03:32    epoch  49  loss 1.5691  acc 0.3463  val_loss 1.4906  val_acc 0.3874
2026-04-08 19:03:33    epoch  50  loss 1.5591  acc 0.3540  val_loss 1.4831  val_acc 0.3961
2026-04-08 19:03:34    epoch  51  loss 1.5579  acc 0.3694  val_loss 1.4478  val_acc 0.4199
2026-04-08 19:03:35    epoch  52  loss 1.5700  acc 0.3504  val_loss 1.4684  val_acc 0.4156
2026-04-08 19:03:36    epoch  53  loss 1.5624  acc 0.3535  val_loss 1.4545  val_acc 0.4177
2026-04-08 19:03:37    epoch  54  loss 1.5688  acc 0.3578  val_loss 1.4572  val_acc 0.4069
2026-04-08 19:03:38    epoch  55  loss 1.5460  acc 0.3655  val_loss 1.4500  val_acc 0.4091
2026-04-08 19:03:39    epoch  56  loss 1.5500  acc 0.3571  val_loss 1.4543  val_acc 0.4177
2026-04-08 19:03:39    Early stopping at epoch 56
2026-04-08 19:03:39    User3 accuracy: 0.4397
2026-04-08 19:03:39    ✓ New best model saved (User3 held out, acc=0.4397)
2026-04-08 19:03:40  ────────────────────────────────────────────────────────────
2026-04-08 19:03:40  LOSO fold — held-out: User4 (274 test windows, 4609 train windows)
2026-04-08 19:03:41    epoch   1  loss 1.9855  acc 0.2193  val_loss 1.7737  val_acc 0.2370
2026-04-08 19:03:42    epoch   2  loss 1.7971  acc 0.2704  val_loss 1.6508  val_acc 0.3304
2026-04-08 19:03:43    epoch   3  loss 1.7495  acc 0.2808  val_loss 1.6145  val_acc 0.3152
2026-04-08 19:03:44    epoch   4  loss 1.7096  acc 0.2972  val_loss 1.6327  val_acc 0.3022
2026-04-08 19:03:45    epoch   5  loss 1.6818  acc 0.3056  val_loss 1.6045  val_acc 0.3109
2026-04-08 19:03:46    epoch   6  loss 1.6922  acc 0.2960  val_loss 1.5595  val_acc 0.3152
2026-04-08 19:03:47    epoch   7  loss 1.6675  acc 0.3051  val_loss 1.6189  val_acc 0.3000
2026-04-08 19:03:48    epoch   8  loss 1.6739  acc 0.2989  val_loss 1.5563  val_acc 0.3283
2026-04-08 19:03:49    epoch   9  loss 1.6391  acc 0.3126  val_loss 1.5889  val_acc 0.3130
2026-04-08 19:03:50    epoch  10  loss 1.6618  acc 0.3090  val_loss 1.5317  val_acc 0.3261
2026-04-08 19:03:51    epoch  11  loss 1.6453  acc 0.3095  val_loss 1.5428  val_acc 0.3304
2026-04-08 19:03:53    epoch  12  loss 1.6264  acc 0.3191  val_loss 1.5439  val_acc 0.3370
2026-04-08 19:03:54    epoch  13  loss 1.6363  acc 0.3259  val_loss 1.5281  val_acc 0.3435
2026-04-08 19:03:55    epoch  14  loss 1.6484  acc 0.3112  val_loss 1.5537  val_acc 0.3435
2026-04-08 19:03:56    epoch  15  loss 1.6307  acc 0.3169  val_loss 1.5361  val_acc 0.3522
2026-04-08 19:03:57    epoch  16  loss 1.6277  acc 0.3160  val_loss 1.5336  val_acc 0.3326
2026-04-08 19:03:58    epoch  17  loss 1.6165  acc 0.3162  val_loss 1.5236  val_acc 0.3630
2026-04-08 19:03:59    epoch  18  loss 1.6211  acc 0.3242  val_loss 1.5234  val_acc 0.3457
2026-04-08 19:04:00    epoch  19  loss 1.6252  acc 0.3235  val_loss 1.5216  val_acc 0.3630
2026-04-08 19:04:01    epoch  20  loss 1.6103  acc 0.3374  val_loss 1.4984  val_acc 0.3739
2026-04-08 19:04:02    epoch  21  loss 1.6245  acc 0.3329  val_loss 1.5059  val_acc 0.3565
2026-04-08 19:04:03    epoch  22  loss 1.6131  acc 0.3336  val_loss 1.5078  val_acc 0.3739
2026-04-08 19:04:04    epoch  23  loss 1.6112  acc 0.3288  val_loss 1.5057  val_acc 0.3804
2026-04-08 19:04:05    epoch  24  loss 1.6188  acc 0.3309  val_loss 1.5311  val_acc 0.3761
2026-04-08 19:04:06    epoch  25  loss 1.6341  acc 0.3326  val_loss 1.5358  val_acc 0.3783
2026-04-08 19:04:07    epoch  26  loss 1.6014  acc 0.3394  val_loss 1.5042  val_acc 0.3783
2026-04-08 19:04:08    epoch  27  loss 1.5884  acc 0.3396  val_loss 1.4938  val_acc 0.3783
2026-04-08 19:04:10    epoch  28  loss 1.5899  acc 0.3406  val_loss 1.4889  val_acc 0.3717
2026-04-08 19:04:11    epoch  29  loss 1.5883  acc 0.3360  val_loss 1.5146  val_acc 0.3783
2026-04-08 19:04:12    epoch  30  loss 1.6059  acc 0.3410  val_loss 1.4891  val_acc 0.3783
2026-04-08 19:04:13    epoch  31  loss 1.5967  acc 0.3483  val_loss 1.5001  val_acc 0.3717
2026-04-08 19:04:14    epoch  32  loss 1.5871  acc 0.3391  val_loss 1.5038  val_acc 0.3761
2026-04-08 19:04:15    epoch  33  loss 1.6039  acc 0.3348  val_loss 1.5054  val_acc 0.3891
2026-04-08 19:04:16    epoch  34  loss 1.5673  acc 0.3555  val_loss 1.4883  val_acc 0.3870
2026-04-08 19:04:17    epoch  35  loss 1.5785  acc 0.3427  val_loss 1.4873  val_acc 0.3804
2026-04-08 19:04:18    epoch  36  loss 1.5668  acc 0.3517  val_loss 1.4806  val_acc 0.3978
2026-04-08 19:04:19    epoch  37  loss 1.5724  acc 0.3478  val_loss 1.4939  val_acc 0.3978
2026-04-08 19:04:20    epoch  38  loss 1.5915  acc 0.3468  val_loss 1.4811  val_acc 0.3848
2026-04-08 19:04:21    epoch  39  loss 1.5750  acc 0.3456  val_loss 1.4782  val_acc 0.3957
2026-04-08 19:04:22    epoch  40  loss 1.5828  acc 0.3526  val_loss 1.4902  val_acc 0.4087
2026-04-08 19:04:23    epoch  41  loss 1.5598  acc 0.3548  val_loss 1.4805  val_acc 0.4022
2026-04-08 19:04:24    epoch  42  loss 1.5774  acc 0.3533  val_loss 1.4711  val_acc 0.3978
2026-04-08 19:04:26    epoch  43  loss 1.5653  acc 0.3451  val_loss 1.4734  val_acc 0.3739
2026-04-08 19:04:27    epoch  44  loss 1.5619  acc 0.3500  val_loss 1.4740  val_acc 0.3957
2026-04-08 19:04:28    epoch  45  loss 1.5743  acc 0.3495  val_loss 1.4714  val_acc 0.4043
2026-04-08 19:04:29    epoch  46  loss 1.5727  acc 0.3526  val_loss 1.4733  val_acc 0.3891
2026-04-08 19:04:30    epoch  47  loss 1.5630  acc 0.3485  val_loss 1.4657  val_acc 0.3957
2026-04-08 19:04:31    epoch  48  loss 1.5763  acc 0.3574  val_loss 1.4982  val_acc 0.4000
2026-04-08 19:04:32    epoch  49  loss 1.5716  acc 0.3560  val_loss 1.4765  val_acc 0.4065
2026-04-08 19:04:33    epoch  50  loss 1.5684  acc 0.3507  val_loss 1.4856  val_acc 0.4130
2026-04-08 19:04:34    epoch  51  loss 1.5634  acc 0.3562  val_loss 1.4839  val_acc 0.3913
2026-04-08 19:04:35    epoch  52  loss 1.5654  acc 0.3560  val_loss 1.4663  val_acc 0.3978
2026-04-08 19:04:36    epoch  53  loss 1.5509  acc 0.3589  val_loss 1.4629  val_acc 0.4022
2026-04-08 19:04:37    epoch  54  loss 1.5734  acc 0.3584  val_loss 1.4670  val_acc 0.4065
2026-04-08 19:04:38    epoch  55  loss 1.5564  acc 0.3651  val_loss 1.4755  val_acc 0.4109
2026-04-08 19:04:39    epoch  56  loss 1.5470  acc 0.3736  val_loss 1.4659  val_acc 0.4065
2026-04-08 19:04:40    epoch  57  loss 1.5568  acc 0.3601  val_loss 1.4733  val_acc 0.4022
2026-04-08 19:04:41    epoch  58  loss 1.5625  acc 0.3514  val_loss 1.4666  val_acc 0.4130
2026-04-08 19:04:43    epoch  59  loss 1.5480  acc 0.3651  val_loss 1.4635  val_acc 0.4087
2026-04-08 19:04:44    epoch  60  loss 1.5435  acc 0.3623  val_loss 1.4614  val_acc 0.4087
2026-04-08 19:04:45    epoch  61  loss 1.5435  acc 0.3618  val_loss 1.4598  val_acc 0.4022
2026-04-08 19:04:46    epoch  62  loss 1.5496  acc 0.3659  val_loss 1.4583  val_acc 0.4043
2026-04-08 19:04:47    epoch  63  loss 1.5556  acc 0.3625  val_loss 1.4596  val_acc 0.4043
2026-04-08 19:04:48    epoch  64  loss 1.5582  acc 0.3555  val_loss 1.4631  val_acc 0.3978
2026-04-08 19:04:49    epoch  65  loss 1.5364  acc 0.3700  val_loss 1.4677  val_acc 0.4217
2026-04-08 19:04:50    epoch  66  loss 1.5517  acc 0.3630  val_loss 1.4681  val_acc 0.4130
2026-04-08 19:04:51    epoch  67  loss 1.5354  acc 0.3709  val_loss 1.4582  val_acc 0.4087
2026-04-08 19:04:52    epoch  68  loss 1.5523  acc 0.3598  val_loss 1.4617  val_acc 0.4174
2026-04-08 19:04:53    epoch  69  loss 1.5407  acc 0.3697  val_loss 1.4580  val_acc 0.4152
2026-04-08 19:04:54    epoch  70  loss 1.5703  acc 0.3485  val_loss 1.4613  val_acc 0.4065
2026-04-08 19:04:55    epoch  71  loss 1.5527  acc 0.3647  val_loss 1.4598  val_acc 0.4217
2026-04-08 19:04:56    epoch  72  loss 1.5485  acc 0.3649  val_loss 1.4716  val_acc 0.4174
2026-04-08 19:04:58    epoch  73  loss 1.5396  acc 0.3762  val_loss 1.4660  val_acc 0.4000
2026-04-08 19:04:59    epoch  74  loss 1.5646  acc 0.3572  val_loss 1.4586  val_acc 0.4000
2026-04-08 19:05:00    epoch  75  loss 1.5428  acc 0.3591  val_loss 1.4586  val_acc 0.4022
2026-04-08 19:05:01    epoch  76  loss 1.5539  acc 0.3661  val_loss 1.4731  val_acc 0.4152
2026-04-08 19:05:02    epoch  77  loss 1.5617  acc 0.3611  val_loss 1.4579  val_acc 0.4022
2026-04-08 19:05:03    epoch  78  loss 1.5431  acc 0.3623  val_loss 1.4598  val_acc 0.4174
2026-04-08 19:05:04    epoch  79  loss 1.5400  acc 0.3714  val_loss 1.4577  val_acc 0.4043
2026-04-08 19:05:05    epoch  80  loss 1.5454  acc 0.3632  val_loss 1.4626  val_acc 0.4065
2026-04-08 19:05:06    epoch  81  loss 1.5556  acc 0.3574  val_loss 1.4573  val_acc 0.4130
2026-04-08 19:05:07    epoch  82  loss 1.5384  acc 0.3724  val_loss 1.4564  val_acc 0.4087
2026-04-08 19:05:08    epoch  83  loss 1.5480  acc 0.3692  val_loss 1.4596  val_acc 0.4043
2026-04-08 19:05:09    epoch  84  loss 1.5419  acc 0.3702  val_loss 1.4580  val_acc 0.4174
2026-04-08 19:05:10    epoch  85  loss 1.5566  acc 0.3577  val_loss 1.4629  val_acc 0.4152
2026-04-08 19:05:12    epoch  86  loss 1.5490  acc 0.3661  val_loss 1.4582  val_acc 0.4043
2026-04-08 19:05:13    epoch  87  loss 1.5496  acc 0.3611  val_loss 1.4581  val_acc 0.4065
2026-04-08 19:05:14    epoch  88  loss 1.5565  acc 0.3606  val_loss 1.4622  val_acc 0.4022
2026-04-08 19:05:15    epoch  89  loss 1.5393  acc 0.3709  val_loss 1.4593  val_acc 0.4109
2026-04-08 19:05:16    epoch  90  loss 1.5522  acc 0.3673  val_loss 1.4569  val_acc 0.4000
2026-04-08 19:05:16    Early stopping at epoch 90
2026-04-08 19:05:16    User4 accuracy: 0.3139
2026-04-08 19:05:16  ────────────────────────────────────────────────────────────
2026-04-08 19:05:16  LOSO fold — held-out: User5 (270 test windows, 4613 train windows)
2026-04-08 19:05:17    epoch   1  loss 1.9889  acc 0.2315  val_loss 1.7639  val_acc 0.2907
2026-04-08 19:05:18    epoch   2  loss 1.7981  acc 0.2695  val_loss 1.6966  val_acc 0.3080
2026-04-08 19:05:19    epoch   3  loss 1.7311  acc 0.2799  val_loss 1.6545  val_acc 0.3037
2026-04-08 19:05:20    epoch   4  loss 1.7213  acc 0.3047  val_loss 1.6205  val_acc 0.3297
2026-04-08 19:05:21    epoch   5  loss 1.6972  acc 0.2864  val_loss 1.6359  val_acc 0.3232
2026-04-08 19:05:23    epoch   6  loss 1.6877  acc 0.2900  val_loss 1.5803  val_acc 0.3492
2026-04-08 19:05:24    epoch   7  loss 1.6582  acc 0.3109  val_loss 1.6714  val_acc 0.3059
2026-04-08 19:05:25    epoch   8  loss 1.6675  acc 0.2967  val_loss 1.5743  val_acc 0.3297
2026-04-08 19:05:26    epoch   9  loss 1.6498  acc 0.3138  val_loss 1.5757  val_acc 0.3362
2026-04-08 19:05:27    epoch  10  loss 1.6257  acc 0.3189  val_loss 1.5924  val_acc 0.3145
2026-04-08 19:05:28    epoch  11  loss 1.6365  acc 0.3131  val_loss 1.5762  val_acc 0.3688
2026-04-08 19:05:29    epoch  12  loss 1.6339  acc 0.3191  val_loss 1.5573  val_acc 0.3492
2026-04-08 19:05:30    epoch  13  loss 1.6286  acc 0.3290  val_loss 1.5583  val_acc 0.3471
2026-04-08 19:05:31    epoch  14  loss 1.6454  acc 0.3133  val_loss 1.5868  val_acc 0.3384
2026-04-08 19:05:32    epoch  15  loss 1.6252  acc 0.3160  val_loss 1.5545  val_acc 0.3623
2026-04-08 19:05:33    epoch  16  loss 1.6216  acc 0.3211  val_loss 1.5931  val_acc 0.3492
2026-04-08 19:05:34    epoch  17  loss 1.6179  acc 0.3278  val_loss 1.5490  val_acc 0.3471
2026-04-08 19:05:35    epoch  18  loss 1.6230  acc 0.3268  val_loss 1.5637  val_acc 0.3427
2026-04-08 19:05:36    epoch  19  loss 1.6299  acc 0.3162  val_loss 1.5851  val_acc 0.3557
2026-04-08 19:05:37    epoch  20  loss 1.6120  acc 0.3350  val_loss 1.5650  val_acc 0.3644
2026-04-08 19:05:38    epoch  21  loss 1.6030  acc 0.3319  val_loss 1.5579  val_acc 0.3666
2026-04-08 19:05:39    epoch  22  loss 1.5957  acc 0.3314  val_loss 1.5418  val_acc 0.3796
2026-04-08 19:05:40    epoch  23  loss 1.6018  acc 0.3367  val_loss 1.5419  val_acc 0.3644
2026-04-08 19:05:42    epoch  24  loss 1.6054  acc 0.3398  val_loss 1.5568  val_acc 0.3753
2026-04-08 19:05:43    epoch  25  loss 1.5792  acc 0.3461  val_loss 1.5679  val_acc 0.3883
2026-04-08 19:05:44    epoch  26  loss 1.5972  acc 0.3418  val_loss 1.5553  val_acc 0.3839
2026-04-08 19:05:45    epoch  27  loss 1.5923  acc 0.3480  val_loss 1.5598  val_acc 0.3970
2026-04-08 19:05:46    epoch  28  loss 1.5733  acc 0.3403  val_loss 1.5415  val_acc 0.3883
2026-04-08 19:05:47    epoch  29  loss 1.5686  acc 0.3548  val_loss 1.5445  val_acc 0.3818
2026-04-08 19:05:48    epoch  30  loss 1.5847  acc 0.3475  val_loss 1.5334  val_acc 0.3905
2026-04-08 19:05:49    epoch  31  loss 1.5631  acc 0.3451  val_loss 1.5308  val_acc 0.3926
2026-04-08 19:05:50    epoch  32  loss 1.5818  acc 0.3480  val_loss 1.5367  val_acc 0.3883
2026-04-08 19:05:51    epoch  33  loss 1.5654  acc 0.3480  val_loss 1.5563  val_acc 0.3818
2026-04-08 19:05:52    epoch  34  loss 1.5614  acc 0.3584  val_loss 1.5303  val_acc 0.3883
2026-04-08 19:05:53    epoch  35  loss 1.5643  acc 0.3519  val_loss 1.5317  val_acc 0.3796
2026-04-08 19:05:54    epoch  36  loss 1.5680  acc 0.3524  val_loss 1.5355  val_acc 0.3970
2026-04-08 19:05:55    epoch  37  loss 1.5681  acc 0.3502  val_loss 1.5504  val_acc 0.3666
2026-04-08 19:05:56    epoch  38  loss 1.5649  acc 0.3497  val_loss 1.5285  val_acc 0.3861
2026-04-08 19:05:57    epoch  39  loss 1.5601  acc 0.3596  val_loss 1.5394  val_acc 0.3666
2026-04-08 19:05:58    epoch  40  loss 1.5534  acc 0.3646  val_loss 1.5194  val_acc 0.3948
2026-04-08 19:06:00    epoch  41  loss 1.5627  acc 0.3543  val_loss 1.5221  val_acc 0.3796
2026-04-08 19:06:01    epoch  42  loss 1.5533  acc 0.3497  val_loss 1.5190  val_acc 0.3839
2026-04-08 19:06:02    epoch  43  loss 1.5563  acc 0.3569  val_loss 1.5316  val_acc 0.3861
2026-04-08 19:06:03    epoch  44  loss 1.5596  acc 0.3548  val_loss 1.5141  val_acc 0.3839
2026-04-08 19:06:04    epoch  45  loss 1.5472  acc 0.3589  val_loss 1.5237  val_acc 0.3970
2026-04-08 19:06:05    epoch  46  loss 1.5571  acc 0.3492  val_loss 1.5227  val_acc 0.3948
2026-04-08 19:06:06    epoch  47  loss 1.5546  acc 0.3608  val_loss 1.5216  val_acc 0.3905
2026-04-08 19:06:07    epoch  48  loss 1.5587  acc 0.3504  val_loss 1.5163  val_acc 0.3970
2026-04-08 19:06:08    epoch  49  loss 1.5522  acc 0.3560  val_loss 1.5346  val_acc 0.3970
2026-04-08 19:06:09    epoch  50  loss 1.5309  acc 0.3671  val_loss 1.5308  val_acc 0.3991
2026-04-08 19:06:10    epoch  51  loss 1.5250  acc 0.3719  val_loss 1.5077  val_acc 0.3905
2026-04-08 19:06:11    epoch  52  loss 1.5401  acc 0.3678  val_loss 1.5180  val_acc 0.4056
2026-04-08 19:06:12    epoch  53  loss 1.5307  acc 0.3678  val_loss 1.5047  val_acc 0.3883
2026-04-08 19:06:13    epoch  54  loss 1.5327  acc 0.3668  val_loss 1.5051  val_acc 0.3883
2026-04-08 19:06:15    epoch  55  loss 1.5411  acc 0.3692  val_loss 1.5103  val_acc 0.4035
2026-04-08 19:06:16    epoch  56  loss 1.5295  acc 0.3738  val_loss 1.5078  val_acc 0.3970
2026-04-08 19:06:17    epoch  57  loss 1.5219  acc 0.3755  val_loss 1.5046  val_acc 0.4013
2026-04-08 19:06:18    epoch  58  loss 1.5501  acc 0.3666  val_loss 1.5045  val_acc 0.4187
2026-04-08 19:06:19    epoch  59  loss 1.5342  acc 0.3786  val_loss 1.5496  val_acc 0.3818
2026-04-08 19:06:20    epoch  60  loss 1.5232  acc 0.3813  val_loss 1.5089  val_acc 0.3883
2026-04-08 19:06:21    epoch  61  loss 1.5237  acc 0.3740  val_loss 1.5201  val_acc 0.3839
2026-04-08 19:06:22    epoch  62  loss 1.5266  acc 0.3748  val_loss 1.5176  val_acc 0.3926
2026-04-08 19:06:23    epoch  63  loss 1.5261  acc 0.3721  val_loss 1.5029  val_acc 0.4165
2026-04-08 19:06:24    epoch  64  loss 1.5318  acc 0.3726  val_loss 1.5031  val_acc 0.4100
2026-04-08 19:06:25    epoch  65  loss 1.5310  acc 0.3769  val_loss 1.5129  val_acc 0.3991
2026-04-08 19:06:26    epoch  66  loss 1.5214  acc 0.3716  val_loss 1.5136  val_acc 0.4013
2026-04-08 19:06:27    epoch  67  loss 1.5225  acc 0.3810  val_loss 1.5044  val_acc 0.3970
2026-04-08 19:06:28    epoch  68  loss 1.5062  acc 0.3846  val_loss 1.5000  val_acc 0.3991
2026-04-08 19:06:29    epoch  69  loss 1.5326  acc 0.3736  val_loss 1.5237  val_acc 0.3905
2026-04-08 19:06:31    epoch  70  loss 1.5091  acc 0.3695  val_loss 1.5195  val_acc 0.3926
2026-04-08 19:06:32    epoch  71  loss 1.5163  acc 0.3801  val_loss 1.5278  val_acc 0.4013
2026-04-08 19:06:33    epoch  72  loss 1.5038  acc 0.3880  val_loss 1.5103  val_acc 0.4013
2026-04-08 19:06:34    epoch  73  loss 1.5271  acc 0.3719  val_loss 1.5144  val_acc 0.3883
2026-04-08 19:06:35    epoch  74  loss 1.5131  acc 0.3885  val_loss 1.4984  val_acc 0.3991
2026-04-08 19:06:36    epoch  75  loss 1.5094  acc 0.3899  val_loss 1.4985  val_acc 0.3948
2026-04-08 19:06:37    epoch  76  loss 1.5275  acc 0.3757  val_loss 1.4953  val_acc 0.4121
2026-04-08 19:06:38    epoch  77  loss 1.5013  acc 0.3779  val_loss 1.4977  val_acc 0.3970
2026-04-08 19:06:39    epoch  78  loss 1.5009  acc 0.3793  val_loss 1.5072  val_acc 0.3970
2026-04-08 19:06:40    epoch  79  loss 1.5234  acc 0.3764  val_loss 1.4911  val_acc 0.4121
2026-04-08 19:06:41    epoch  80  loss 1.5058  acc 0.3885  val_loss 1.5175  val_acc 0.3991
2026-04-08 19:06:42    epoch  81  loss 1.5045  acc 0.3832  val_loss 1.5675  val_acc 0.3731
2026-04-08 19:06:43    epoch  82  loss 1.5076  acc 0.3887  val_loss 1.5013  val_acc 0.4056
2026-04-08 19:06:44    epoch  83  loss 1.4936  acc 0.3902  val_loss 1.5040  val_acc 0.3991
2026-04-08 19:06:46    epoch  84  loss 1.5053  acc 0.3938  val_loss 1.4933  val_acc 0.4013
2026-04-08 19:06:47    epoch  85  loss 1.4983  acc 0.3817  val_loss 1.4919  val_acc 0.4100
2026-04-08 19:06:48    epoch  86  loss 1.5057  acc 0.3902  val_loss 1.4852  val_acc 0.4078
2026-04-08 19:06:49    epoch  87  loss 1.5038  acc 0.3919  val_loss 1.4943  val_acc 0.4035
2026-04-08 19:06:50    epoch  88  loss 1.4942  acc 0.3960  val_loss 1.4894  val_acc 0.3991
2026-04-08 19:06:51    epoch  89  loss 1.4871  acc 0.3829  val_loss 1.4922  val_acc 0.4013
2026-04-08 19:06:52    epoch  90  loss 1.4975  acc 0.3851  val_loss 1.4904  val_acc 0.4187
2026-04-08 19:06:53    epoch  91  loss 1.4928  acc 0.3943  val_loss 1.4993  val_acc 0.4056
2026-04-08 19:06:54    epoch  92  loss 1.5051  acc 0.3909  val_loss 1.4919  val_acc 0.4078
2026-04-08 19:06:55    epoch  93  loss 1.4970  acc 0.3895  val_loss 1.5049  val_acc 0.3948
2026-04-08 19:06:56    epoch  94  loss 1.4896  acc 0.3895  val_loss 1.4970  val_acc 0.4143
2026-04-08 19:06:56    Early stopping at epoch 94
2026-04-08 19:06:56    User5 accuracy: 0.3704
2026-04-08 19:06:57  ────────────────────────────────────────────────────────────
2026-04-08 19:06:57  LOSO fold — held-out: User6 (262 test windows, 4621 train windows)
2026-04-08 19:06:58    epoch   1  loss 2.0017  acc 0.2335  val_loss 1.7843  val_acc 0.2662
2026-04-08 19:06:59    epoch   2  loss 1.8022  acc 0.2758  val_loss 1.6876  val_acc 0.2684
2026-04-08 19:07:00    epoch   3  loss 1.7405  acc 0.2837  val_loss 1.6426  val_acc 0.3333
2026-04-08 19:07:01    epoch   4  loss 1.7288  acc 0.2893  val_loss 1.6165  val_acc 0.3117
2026-04-08 19:07:02    epoch   5  loss 1.6914  acc 0.2965  val_loss 1.6012  val_acc 0.3247
2026-04-08 19:07:03    epoch   6  loss 1.6633  acc 0.3015  val_loss 1.5762  val_acc 0.3182
2026-04-08 19:07:04    epoch   7  loss 1.6489  acc 0.3092  val_loss 1.6744  val_acc 0.3139
2026-04-08 19:07:05    epoch   8  loss 1.6469  acc 0.3164  val_loss 1.5625  val_acc 0.3333
2026-04-08 19:07:06    epoch   9  loss 1.6515  acc 0.3056  val_loss 1.5803  val_acc 0.3377
2026-04-08 19:07:07    epoch  10  loss 1.6365  acc 0.3282  val_loss 1.5660  val_acc 0.3333
2026-04-08 19:07:08    epoch  11  loss 1.6198  acc 0.3183  val_loss 1.5472  val_acc 0.3463
2026-04-08 19:07:09    epoch  12  loss 1.6303  acc 0.3258  val_loss 1.5429  val_acc 0.3658
2026-04-08 19:07:10    epoch  13  loss 1.6266  acc 0.3188  val_loss 1.5403  val_acc 0.3377
2026-04-08 19:07:12    epoch  14  loss 1.6226  acc 0.3282  val_loss 1.5574  val_acc 0.3290
2026-04-08 19:07:13    epoch  15  loss 1.6189  acc 0.3224  val_loss 1.5276  val_acc 0.3571
2026-04-08 19:07:14    epoch  16  loss 1.6134  acc 0.3304  val_loss 1.5340  val_acc 0.3420
2026-04-08 19:07:15    epoch  17  loss 1.6015  acc 0.3395  val_loss 1.5209  val_acc 0.3485
2026-04-08 19:07:16    epoch  18  loss 1.6095  acc 0.3412  val_loss 1.5305  val_acc 0.3463
2026-04-08 19:07:17    epoch  19  loss 1.6194  acc 0.3294  val_loss 1.5716  val_acc 0.3247
2026-04-08 19:07:18    epoch  20  loss 1.6077  acc 0.3371  val_loss 1.5690  val_acc 0.3615
2026-04-08 19:07:19    epoch  21  loss 1.5831  acc 0.3364  val_loss 1.5278  val_acc 0.3420
2026-04-08 19:07:20    epoch  22  loss 1.5971  acc 0.3470  val_loss 1.5399  val_acc 0.3247
2026-04-08 19:07:21    epoch  23  loss 1.5784  acc 0.3429  val_loss 1.5259  val_acc 0.3528
2026-04-08 19:07:22    epoch  24  loss 1.5904  acc 0.3426  val_loss 1.5193  val_acc 0.3506
2026-04-08 19:07:23    epoch  25  loss 1.5751  acc 0.3390  val_loss 1.5062  val_acc 0.3723
2026-04-08 19:07:24    epoch  26  loss 1.5823  acc 0.3450  val_loss 1.5083  val_acc 0.3550
2026-04-08 19:07:25    epoch  27  loss 1.5634  acc 0.3448  val_loss 1.5125  val_acc 0.3463
2026-04-08 19:07:26    epoch  28  loss 1.5953  acc 0.3342  val_loss 1.5062  val_acc 0.3701
2026-04-08 19:07:27    epoch  29  loss 1.5938  acc 0.3383  val_loss 1.5094  val_acc 0.3745
2026-04-08 19:07:29    epoch  30  loss 1.5498  acc 0.3554  val_loss 1.5046  val_acc 0.3506
2026-04-08 19:07:30    epoch  31  loss 1.5755  acc 0.3537  val_loss 1.4952  val_acc 0.3636
2026-04-08 19:07:31    epoch  32  loss 1.5592  acc 0.3643  val_loss 1.5206  val_acc 0.3918
2026-04-08 19:07:32    epoch  33  loss 1.5734  acc 0.3494  val_loss 1.6029  val_acc 0.3506
2026-04-08 19:07:33    epoch  34  loss 1.5756  acc 0.3496  val_loss 1.4927  val_acc 0.3723
2026-04-08 19:07:34    epoch  35  loss 1.5757  acc 0.3393  val_loss 1.5049  val_acc 0.3680
2026-04-08 19:07:35    epoch  36  loss 1.5557  acc 0.3513  val_loss 1.5485  val_acc 0.3355
2026-04-08 19:07:36    epoch  37  loss 1.5740  acc 0.3479  val_loss 1.4997  val_acc 0.3571
2026-04-08 19:07:37    epoch  38  loss 1.5685  acc 0.3513  val_loss 1.4933  val_acc 0.3485
2026-04-08 19:07:38    epoch  39  loss 1.5646  acc 0.3508  val_loss 1.4880  val_acc 0.3593
2026-04-08 19:07:39    epoch  40  loss 1.5522  acc 0.3736  val_loss 1.4834  val_acc 0.3766
2026-04-08 19:07:40    epoch  41  loss 1.5477  acc 0.3652  val_loss 1.4895  val_acc 0.3571
2026-04-08 19:07:41    epoch  42  loss 1.5509  acc 0.3501  val_loss 1.4856  val_acc 0.3571
2026-04-08 19:07:42    epoch  43  loss 1.5600  acc 0.3614  val_loss 1.4901  val_acc 0.3593
2026-04-08 19:07:43    epoch  44  loss 1.5552  acc 0.3496  val_loss 1.5058  val_acc 0.3658
2026-04-08 19:07:44    epoch  45  loss 1.5601  acc 0.3660  val_loss 1.5024  val_acc 0.3766
2026-04-08 19:07:45    epoch  46  loss 1.5489  acc 0.3652  val_loss 1.4898  val_acc 0.3788
2026-04-08 19:07:47    epoch  47  loss 1.5395  acc 0.3691  val_loss 1.5070  val_acc 0.3571
2026-04-08 19:07:48    epoch  48  loss 1.5326  acc 0.3655  val_loss 1.4806  val_acc 0.3788
2026-04-08 19:07:49    epoch  49  loss 1.5298  acc 0.3688  val_loss 1.4864  val_acc 0.3810
2026-04-08 19:07:50    epoch  50  loss 1.5404  acc 0.3607  val_loss 1.4953  val_acc 0.3896
2026-04-08 19:07:51    epoch  51  loss 1.5420  acc 0.3621  val_loss 1.4801  val_acc 0.3831
2026-04-08 19:07:52    epoch  52  loss 1.5386  acc 0.3684  val_loss 1.4790  val_acc 0.3766
2026-04-08 19:07:53    epoch  53  loss 1.5398  acc 0.3756  val_loss 1.4877  val_acc 0.3896
2026-04-08 19:07:54    epoch  54  loss 1.5456  acc 0.3561  val_loss 1.4887  val_acc 0.3658
2026-04-08 19:07:55    epoch  55  loss 1.5470  acc 0.3672  val_loss 1.4888  val_acc 0.3788
2026-04-08 19:07:56    epoch  56  loss 1.5453  acc 0.3568  val_loss 1.4764  val_acc 0.3831
2026-04-08 19:07:57    epoch  57  loss 1.5355  acc 0.3643  val_loss 1.4769  val_acc 0.3939
2026-04-08 19:07:58    epoch  58  loss 1.5286  acc 0.3674  val_loss 1.4742  val_acc 0.3766
2026-04-08 19:07:59    epoch  59  loss 1.5439  acc 0.3583  val_loss 1.4926  val_acc 0.3528
2026-04-08 19:08:00    epoch  60  loss 1.5547  acc 0.3650  val_loss 1.4835  val_acc 0.3810
2026-04-08 19:08:01    epoch  61  loss 1.5272  acc 0.3720  val_loss 1.4896  val_acc 0.3571
2026-04-08 19:08:02    epoch  62  loss 1.5389  acc 0.3664  val_loss 1.4988  val_acc 0.3680
2026-04-08 19:08:03    epoch  63  loss 1.5348  acc 0.3684  val_loss 1.5211  val_acc 0.3701
2026-04-08 19:08:04    epoch  64  loss 1.5235  acc 0.3775  val_loss 1.4754  val_acc 0.3766
2026-04-08 19:08:06    epoch  65  loss 1.5198  acc 0.3775  val_loss 1.4694  val_acc 0.3939
2026-04-08 19:08:07    epoch  66  loss 1.5212  acc 0.3765  val_loss 1.4790  val_acc 0.3615
2026-04-08 19:08:08    epoch  67  loss 1.5323  acc 0.3703  val_loss 1.4667  val_acc 0.3939
2026-04-08 19:08:09    epoch  68  loss 1.5293  acc 0.3696  val_loss 1.4752  val_acc 0.3766
2026-04-08 19:08:10    epoch  69  loss 1.5291  acc 0.3715  val_loss 1.4713  val_acc 0.3766
2026-04-08 19:08:11    epoch  70  loss 1.5224  acc 0.3768  val_loss 1.4874  val_acc 0.3745
2026-04-08 19:08:12    epoch  71  loss 1.5337  acc 0.3768  val_loss 1.4918  val_acc 0.3745
2026-04-08 19:08:13    epoch  72  loss 1.5060  acc 0.3825  val_loss 1.4678  val_acc 0.3853
2026-04-08 19:08:14    epoch  73  loss 1.5176  acc 0.3809  val_loss 1.4734  val_acc 0.3701
2026-04-08 19:08:15    epoch  74  loss 1.5177  acc 0.3761  val_loss 1.4753  val_acc 0.3723
2026-04-08 19:08:16    epoch  75  loss 1.5004  acc 0.3847  val_loss 1.4689  val_acc 0.3788
2026-04-08 19:08:16    Early stopping at epoch 75
2026-04-08 19:08:16    User6 accuracy: 0.3282
2026-04-08 19:08:16  ────────────────────────────────────────────────────────────
2026-04-08 19:08:16  LOSO fold — held-out: User7 (567 test windows, 4316 train windows)
2026-04-08 19:08:17    epoch   1  loss 2.0025  acc 0.2435  val_loss 1.7939  val_acc 0.2599
2026-04-08 19:08:18    epoch   2  loss 1.8102  acc 0.2636  val_loss 1.7192  val_acc 0.3202
2026-04-08 19:08:19    epoch   3  loss 1.7498  acc 0.3022  val_loss 1.7139  val_acc 0.2622
2026-04-08 19:08:20    epoch   4  loss 1.7361  acc 0.2924  val_loss 1.6678  val_acc 0.2877
2026-04-08 19:08:21    epoch   5  loss 1.7097  acc 0.2981  val_loss 1.6577  val_acc 0.3411
2026-04-08 19:08:22    epoch   6  loss 1.6879  acc 0.2988  val_loss 1.6786  val_acc 0.3271
2026-04-08 19:08:23    epoch   7  loss 1.6783  acc 0.3079  val_loss 1.6539  val_acc 0.3155
2026-04-08 19:08:24    epoch   8  loss 1.6609  acc 0.3076  val_loss 1.6559  val_acc 0.2645
2026-04-08 19:08:25    epoch   9  loss 1.6449  acc 0.3112  val_loss 1.6269  val_acc 0.3086
2026-04-08 19:08:26    epoch  10  loss 1.6430  acc 0.3053  val_loss 1.6173  val_acc 0.2854
2026-04-08 19:08:27    epoch  11  loss 1.6462  acc 0.3066  val_loss 1.6527  val_acc 0.2854
2026-04-08 19:08:28    epoch  12  loss 1.6382  acc 0.3145  val_loss 1.5973  val_acc 0.2970
2026-04-08 19:08:29    epoch  13  loss 1.6136  acc 0.3194  val_loss 1.6048  val_acc 0.2900
2026-04-08 19:08:30    epoch  14  loss 1.6232  acc 0.3179  val_loss 1.5971  val_acc 0.2854
2026-04-08 19:08:31    epoch  15  loss 1.6172  acc 0.3236  val_loss 1.5970  val_acc 0.2970
2026-04-08 19:08:32    epoch  16  loss 1.6161  acc 0.3248  val_loss 1.5846  val_acc 0.3109
2026-04-08 19:08:33    epoch  17  loss 1.6227  acc 0.3194  val_loss 1.5899  val_acc 0.3132
2026-04-08 19:08:34    epoch  18  loss 1.6091  acc 0.3133  val_loss 1.5956  val_acc 0.3132
2026-04-08 19:08:35    epoch  19  loss 1.6014  acc 0.3215  val_loss 1.5848  val_acc 0.3364
2026-04-08 19:08:36    epoch  20  loss 1.6131  acc 0.3264  val_loss 1.5942  val_acc 0.3016
2026-04-08 19:08:37    epoch  21  loss 1.6257  acc 0.3259  val_loss 1.5984  val_acc 0.3271
2026-04-08 19:08:38    epoch  22  loss 1.5973  acc 0.3333  val_loss 1.5807  val_acc 0.3179
2026-04-08 19:08:39    epoch  23  loss 1.5830  acc 0.3328  val_loss 1.5899  val_acc 0.2900
2026-04-08 19:08:40    epoch  24  loss 1.5755  acc 0.3328  val_loss 1.5756  val_acc 0.3503
2026-04-08 19:08:41    epoch  25  loss 1.5872  acc 0.3315  val_loss 1.5697  val_acc 0.3109
2026-04-08 19:08:42    epoch  26  loss 1.5997  acc 0.3302  val_loss 1.5697  val_acc 0.3271
2026-04-08 19:08:43    epoch  27  loss 1.5937  acc 0.3251  val_loss 1.5907  val_acc 0.3063
2026-04-08 19:08:44    epoch  28  loss 1.5846  acc 0.3418  val_loss 1.5777  val_acc 0.2993
2026-04-08 19:08:45    epoch  29  loss 1.5950  acc 0.3328  val_loss 1.5953  val_acc 0.3202
2026-04-08 19:08:46    epoch  30  loss 1.5805  acc 0.3356  val_loss 1.5867  val_acc 0.2970
2026-04-08 19:08:47    epoch  31  loss 1.5732  acc 0.3367  val_loss 1.5556  val_acc 0.3364
2026-04-08 19:08:48    epoch  32  loss 1.5926  acc 0.3423  val_loss 1.5732  val_acc 0.3132
2026-04-08 19:08:49    epoch  33  loss 1.5709  acc 0.3354  val_loss 1.5566  val_acc 0.3573
2026-04-08 19:08:50    epoch  34  loss 1.5747  acc 0.3372  val_loss 1.5709  val_acc 0.3457
2026-04-08 19:08:51    epoch  35  loss 1.5623  acc 0.3341  val_loss 1.5583  val_acc 0.3202
2026-04-08 19:08:52    epoch  36  loss 1.5627  acc 0.3398  val_loss 1.5620  val_acc 0.3573
2026-04-08 19:08:53    epoch  37  loss 1.5567  acc 0.3457  val_loss 1.5667  val_acc 0.3248
2026-04-08 19:08:54    epoch  38  loss 1.5766  acc 0.3313  val_loss 1.5759  val_acc 0.2993
2026-04-08 19:08:55    epoch  39  loss 1.5634  acc 0.3503  val_loss 1.5550  val_acc 0.3109
2026-04-08 19:08:56    epoch  40  loss 1.5652  acc 0.3405  val_loss 1.5562  val_acc 0.3248
2026-04-08 19:08:57    epoch  41  loss 1.5806  acc 0.3393  val_loss 1.5619  val_acc 0.3179
2026-04-08 19:08:58    epoch  42  loss 1.5617  acc 0.3408  val_loss 1.5689  val_acc 0.3086
2026-04-08 19:08:59    epoch  43  loss 1.5733  acc 0.3398  val_loss 1.5554  val_acc 0.3202
2026-04-08 19:09:00    epoch  44  loss 1.5552  acc 0.3470  val_loss 1.5549  val_acc 0.3225
2026-04-08 19:09:01    epoch  45  loss 1.5735  acc 0.3313  val_loss 1.5510  val_acc 0.3295
2026-04-08 19:09:02    epoch  46  loss 1.5605  acc 0.3493  val_loss 1.5489  val_acc 0.3295
2026-04-08 19:09:03    epoch  47  loss 1.5670  acc 0.3385  val_loss 1.5509  val_acc 0.3434
2026-04-08 19:09:04    epoch  48  loss 1.5696  acc 0.3467  val_loss 1.5509  val_acc 0.3248
2026-04-08 19:09:05    epoch  49  loss 1.5517  acc 0.3477  val_loss 1.5613  val_acc 0.3132
2026-04-08 19:09:06    epoch  50  loss 1.5627  acc 0.3459  val_loss 1.5645  val_acc 0.3179
2026-04-08 19:09:07    epoch  51  loss 1.5483  acc 0.3375  val_loss 1.5556  val_acc 0.3318
2026-04-08 19:09:08    epoch  52  loss 1.5596  acc 0.3506  val_loss 1.5471  val_acc 0.3341
2026-04-08 19:09:09    epoch  53  loss 1.5455  acc 0.3436  val_loss 1.5498  val_acc 0.3341
2026-04-08 19:09:10    epoch  54  loss 1.5623  acc 0.3470  val_loss 1.5541  val_acc 0.3132
2026-04-08 19:09:11    epoch  55  loss 1.5518  acc 0.3534  val_loss 1.5561  val_acc 0.3086
2026-04-08 19:09:12    epoch  56  loss 1.5508  acc 0.3547  val_loss 1.5573  val_acc 0.3480
2026-04-08 19:09:13    epoch  57  loss 1.5456  acc 0.3411  val_loss 1.5491  val_acc 0.3271
2026-04-08 19:09:14    epoch  58  loss 1.5527  acc 0.3534  val_loss 1.5486  val_acc 0.3248
2026-04-08 19:09:15    epoch  59  loss 1.5474  acc 0.3539  val_loss 1.5496  val_acc 0.3434
2026-04-08 19:09:16    epoch  60  loss 1.5607  acc 0.3521  val_loss 1.5542  val_acc 0.3179
2026-04-08 19:09:16    Early stopping at epoch 60
2026-04-08 19:09:16    User7 accuracy: 0.3457
2026-04-08 19:09:16  ────────────────────────────────────────────────────────────
2026-04-08 19:09:16  LOSO fold — held-out: User8 (509 test windows, 4374 train windows)
2026-04-08 19:09:18    epoch   1  loss 1.9910  acc 0.2316  val_loss 1.7030  val_acc 0.2883
2026-04-08 19:09:19    epoch   2  loss 1.8050  acc 0.2797  val_loss 1.6802  val_acc 0.3021
2026-04-08 19:09:20    epoch   3  loss 1.7572  acc 0.2847  val_loss 1.6341  val_acc 0.3112
2026-04-08 19:09:21    epoch   4  loss 1.7316  acc 0.2822  val_loss 1.6052  val_acc 0.3043
2026-04-08 19:09:22    epoch   5  loss 1.6985  acc 0.2944  val_loss 1.6070  val_acc 0.3364
2026-04-08 19:09:23    epoch   6  loss 1.7065  acc 0.2944  val_loss 1.5951  val_acc 0.3295
2026-04-08 19:09:24    epoch   7  loss 1.6996  acc 0.3084  val_loss 1.5681  val_acc 0.3272
2026-04-08 19:09:25    epoch   8  loss 1.6637  acc 0.3073  val_loss 1.5527  val_acc 0.3387
2026-04-08 19:09:26    epoch   9  loss 1.6699  acc 0.3162  val_loss 1.5956  val_acc 0.3341
2026-04-08 19:09:27    epoch  10  loss 1.6706  acc 0.3048  val_loss 1.5330  val_acc 0.3501
2026-04-08 19:09:28    epoch  11  loss 1.6551  acc 0.3147  val_loss 1.6110  val_acc 0.3478
2026-04-08 19:09:29    epoch  12  loss 1.6523  acc 0.3170  val_loss 1.5368  val_acc 0.3524
2026-04-08 19:09:30    epoch  13  loss 1.6638  acc 0.3124  val_loss 1.5422  val_acc 0.3387
2026-04-08 19:09:31    epoch  14  loss 1.6567  acc 0.3056  val_loss 1.7516  val_acc 0.3021
2026-04-08 19:09:32    epoch  15  loss 1.6533  acc 0.3152  val_loss 1.5392  val_acc 0.3478
2026-04-08 19:09:33    epoch  16  loss 1.6431  acc 0.3208  val_loss 1.5329  val_acc 0.3616
2026-04-08 19:09:34    epoch  17  loss 1.6264  acc 0.3216  val_loss 1.5301  val_acc 0.3638
2026-04-08 19:09:35    epoch  18  loss 1.6340  acc 0.3284  val_loss 1.5533  val_acc 0.3455
2026-04-08 19:09:36    epoch  19  loss 1.6271  acc 0.3266  val_loss 1.5479  val_acc 0.3501
2026-04-08 19:09:37    epoch  20  loss 1.6206  acc 0.3264  val_loss 1.5364  val_acc 0.3524
2026-04-08 19:09:38    epoch  21  loss 1.6163  acc 0.3363  val_loss 1.5460  val_acc 0.3410
2026-04-08 19:09:39    epoch  22  loss 1.6135  acc 0.3279  val_loss 1.5290  val_acc 0.3524
2026-04-08 19:09:40    epoch  23  loss 1.6244  acc 0.3254  val_loss 1.5095  val_acc 0.3478
2026-04-08 19:09:41    epoch  24  loss 1.6296  acc 0.3272  val_loss 1.5225  val_acc 0.3501
2026-04-08 19:09:42    epoch  25  loss 1.6161  acc 0.3256  val_loss 1.5297  val_acc 0.3730
2026-04-08 19:09:43    epoch  26  loss 1.6161  acc 0.3322  val_loss 1.5337  val_acc 0.3616
2026-04-08 19:09:44    epoch  27  loss 1.6140  acc 0.3345  val_loss 1.5338  val_acc 0.3570
2026-04-08 19:09:45    epoch  28  loss 1.6094  acc 0.3378  val_loss 1.5227  val_acc 0.3616
2026-04-08 19:09:46    epoch  29  loss 1.6025  acc 0.3381  val_loss 1.5190  val_acc 0.3547
2026-04-08 19:09:47    epoch  30  loss 1.6143  acc 0.3307  val_loss 1.5104  val_acc 0.3661
2026-04-08 19:09:48    epoch  31  loss 1.6008  acc 0.3393  val_loss 1.5037  val_acc 0.3524
2026-04-08 19:09:49    epoch  32  loss 1.5967  acc 0.3274  val_loss 1.5129  val_acc 0.3616
2026-04-08 19:09:50    epoch  33  loss 1.5925  acc 0.3348  val_loss 1.4970  val_acc 0.3547
2026-04-08 19:09:51    epoch  34  loss 1.6014  acc 0.3358  val_loss 1.5205  val_acc 0.3638
2026-04-08 19:09:52    epoch  35  loss 1.5880  acc 0.3475  val_loss 1.4939  val_acc 0.3524
2026-04-08 19:09:53    epoch  36  loss 1.5965  acc 0.3459  val_loss 1.5276  val_acc 0.3730
2026-04-08 19:09:54    epoch  37  loss 1.5952  acc 0.3421  val_loss 1.5207  val_acc 0.3638
2026-04-08 19:09:55    epoch  38  loss 1.5829  acc 0.3424  val_loss 1.4990  val_acc 0.3593
2026-04-08 19:09:56    epoch  39  loss 1.5785  acc 0.3500  val_loss 1.4894  val_acc 0.3890
2026-04-08 19:09:57    epoch  40  loss 1.6117  acc 0.3388  val_loss 1.4980  val_acc 0.3501
2026-04-08 19:09:58    epoch  41  loss 1.5715  acc 0.3426  val_loss 1.5164  val_acc 0.3638
2026-04-08 19:09:59    epoch  42  loss 1.5880  acc 0.3487  val_loss 1.5127  val_acc 0.3684
2026-04-08 19:10:00    epoch  43  loss 1.5863  acc 0.3526  val_loss 1.4910  val_acc 0.3570
2026-04-08 19:10:01    epoch  44  loss 1.5896  acc 0.3386  val_loss 1.5059  val_acc 0.3501
2026-04-08 19:10:02    epoch  45  loss 1.5774  acc 0.3520  val_loss 1.4979  val_acc 0.3547
2026-04-08 19:10:03    epoch  46  loss 1.5850  acc 0.3515  val_loss 1.5027  val_acc 0.3501
2026-04-08 19:10:04    epoch  47  loss 1.5772  acc 0.3508  val_loss 1.5069  val_acc 0.3593
2026-04-08 19:10:04    Early stopping at epoch 47
2026-04-08 19:10:04    User8 accuracy: 0.3360
2026-04-08 19:10:05  ────────────────────────────────────────────────────────────
2026-04-08 19:10:05  LOSO fold — held-out: User9 (563 test windows, 4320 train windows)
2026-04-08 19:10:06    epoch   1  loss 2.0218  acc 0.2235  val_loss 1.7683  val_acc 0.2940
2026-04-08 19:10:07    epoch   2  loss 1.8217  acc 0.2631  val_loss 1.6863  val_acc 0.2917
2026-04-08 19:10:08    epoch   3  loss 1.7645  acc 0.2752  val_loss 1.6690  val_acc 0.2963
2026-04-08 19:10:09    epoch   4  loss 1.7252  acc 0.2796  val_loss 1.6455  val_acc 0.2917
2026-04-08 19:10:10    epoch   5  loss 1.6996  acc 0.2955  val_loss 1.6235  val_acc 0.3241
2026-04-08 19:10:11    epoch   6  loss 1.6829  acc 0.3076  val_loss 1.5937  val_acc 0.3148
2026-04-08 19:10:12    epoch   7  loss 1.6901  acc 0.3045  val_loss 1.5817  val_acc 0.3310
2026-04-08 19:10:13    epoch   8  loss 1.6594  acc 0.3148  val_loss 1.6085  val_acc 0.3403
2026-04-08 19:10:14    epoch   9  loss 1.6848  acc 0.3117  val_loss 1.5773  val_acc 0.3380
2026-04-08 19:10:15    epoch  10  loss 1.6600  acc 0.3169  val_loss 1.5436  val_acc 0.3565
2026-04-08 19:10:16    epoch  11  loss 1.6340  acc 0.3233  val_loss 1.5499  val_acc 0.3495
2026-04-08 19:10:17    epoch  12  loss 1.6549  acc 0.3171  val_loss 1.5409  val_acc 0.3519
2026-04-08 19:10:18    epoch  13  loss 1.6408  acc 0.3192  val_loss 1.5631  val_acc 0.3657
2026-04-08 19:10:19    epoch  14  loss 1.6297  acc 0.3230  val_loss 1.5691  val_acc 0.3449
2026-04-08 19:10:20    epoch  15  loss 1.6302  acc 0.3246  val_loss 1.5645  val_acc 0.3472
2026-04-08 19:10:21    epoch  16  loss 1.6231  acc 0.3320  val_loss 1.5254  val_acc 0.3472
2026-04-08 19:10:22    epoch  17  loss 1.6275  acc 0.3192  val_loss 1.5829  val_acc 0.3588
2026-04-08 19:10:23    epoch  18  loss 1.6103  acc 0.3310  val_loss 1.5741  val_acc 0.3356
2026-04-08 19:10:24    epoch  19  loss 1.6157  acc 0.3346  val_loss 1.5228  val_acc 0.3565
2026-04-08 19:10:25    epoch  20  loss 1.6248  acc 0.3241  val_loss 1.5154  val_acc 0.3634
2026-04-08 19:10:26    epoch  21  loss 1.5976  acc 0.3364  val_loss 1.5228  val_acc 0.3657
2026-04-08 19:10:27    epoch  22  loss 1.6129  acc 0.3349  val_loss 1.5458  val_acc 0.3611
2026-04-08 19:10:28    epoch  23  loss 1.6266  acc 0.3282  val_loss 1.5376  val_acc 0.3495
2026-04-08 19:10:29    epoch  24  loss 1.5945  acc 0.3416  val_loss 1.5257  val_acc 0.3241
2026-04-08 19:10:30    epoch  25  loss 1.6122  acc 0.3344  val_loss 1.5183  val_acc 0.3796
2026-04-08 19:10:31    epoch  26  loss 1.5899  acc 0.3416  val_loss 1.4941  val_acc 0.3588
2026-04-08 19:10:32    epoch  27  loss 1.5801  acc 0.3457  val_loss 1.4963  val_acc 0.3773
2026-04-08 19:10:33    epoch  28  loss 1.5855  acc 0.3382  val_loss 1.5015  val_acc 0.3588
2026-04-08 19:10:34    epoch  29  loss 1.5996  acc 0.3488  val_loss 1.5107  val_acc 0.3634
2026-04-08 19:10:35    epoch  30  loss 1.5754  acc 0.3477  val_loss 1.5336  val_acc 0.3565
2026-04-08 19:10:36    epoch  31  loss 1.5917  acc 0.3498  val_loss 1.4872  val_acc 0.3449
2026-04-08 19:10:37    epoch  32  loss 1.5781  acc 0.3470  val_loss 1.4982  val_acc 0.3681
2026-04-08 19:10:38    epoch  33  loss 1.5732  acc 0.3516  val_loss 1.5390  val_acc 0.3681
2026-04-08 19:10:39    epoch  34  loss 1.5862  acc 0.3485  val_loss 1.4952  val_acc 0.3634
2026-04-08 19:10:40    epoch  35  loss 1.5590  acc 0.3544  val_loss 1.5122  val_acc 0.3796
2026-04-08 19:10:41    epoch  36  loss 1.5629  acc 0.3560  val_loss 1.4863  val_acc 0.3750
2026-04-08 19:10:42    epoch  37  loss 1.5871  acc 0.3462  val_loss 1.5076  val_acc 0.3819
2026-04-08 19:10:43    epoch  38  loss 1.5869  acc 0.3506  val_loss 1.4985  val_acc 0.3588
2026-04-08 19:10:44    epoch  39  loss 1.5782  acc 0.3529  val_loss 1.4920  val_acc 0.3981
2026-04-08 19:10:45    epoch  40  loss 1.5828  acc 0.3529  val_loss 1.4828  val_acc 0.3704
2026-04-08 19:10:46    epoch  41  loss 1.5765  acc 0.3567  val_loss 1.5110  val_acc 0.3704
2026-04-08 19:10:47    epoch  42  loss 1.5606  acc 0.3609  val_loss 1.4825  val_acc 0.3819
2026-04-08 19:10:48    epoch  43  loss 1.5730  acc 0.3606  val_loss 1.5386  val_acc 0.3657
2026-04-08 19:10:49    epoch  44  loss 1.5699  acc 0.3611  val_loss 1.4873  val_acc 0.3704
2026-04-08 19:10:50    epoch  45  loss 1.5552  acc 0.3621  val_loss 1.4851  val_acc 0.3657
2026-04-08 19:10:51    epoch  46  loss 1.5545  acc 0.3519  val_loss 1.4967  val_acc 0.3565
2026-04-08 19:10:52    epoch  47  loss 1.5914  acc 0.3549  val_loss 1.4965  val_acc 0.3681
2026-04-08 19:10:53    epoch  48  loss 1.5421  acc 0.3660  val_loss 1.4975  val_acc 0.3912
2026-04-08 19:10:54    epoch  49  loss 1.5517  acc 0.3647  val_loss 1.4856  val_acc 0.3866
2026-04-08 19:10:55    epoch  50  loss 1.5388  acc 0.3717  val_loss 1.4763  val_acc 0.3843
2026-04-08 19:10:55    epoch  51  loss 1.5500  acc 0.3665  val_loss 1.4743  val_acc 0.3889
2026-04-08 19:10:56    epoch  52  loss 1.5437  acc 0.3639  val_loss 1.4981  val_acc 0.3843
2026-04-08 19:10:57    epoch  53  loss 1.5350  acc 0.3683  val_loss 1.4689  val_acc 0.3819
2026-04-08 19:10:58    epoch  54  loss 1.5487  acc 0.3645  val_loss 1.4669  val_acc 0.3981
2026-04-08 19:10:59    epoch  55  loss 1.5361  acc 0.3755  val_loss 1.4861  val_acc 0.3495
2026-04-08 19:11:00    epoch  56  loss 1.5445  acc 0.3637  val_loss 1.4730  val_acc 0.3889
2026-04-08 19:11:00    epoch  57  loss 1.5588  acc 0.3645  val_loss 1.4665  val_acc 0.3796
2026-04-08 19:11:01    epoch  58  loss 1.5580  acc 0.3624  val_loss 1.4871  val_acc 0.3634
2026-04-08 19:11:03    epoch  59  loss 1.5279  acc 0.3714  val_loss 1.4890  val_acc 0.3889
2026-04-08 19:11:04    epoch  60  loss 1.5318  acc 0.3699  val_loss 1.4725  val_acc 0.3843
2026-04-08 19:11:05    epoch  61  loss 1.5357  acc 0.3655  val_loss 1.4849  val_acc 0.3704
2026-04-08 19:11:06    epoch  62  loss 1.5391  acc 0.3686  val_loss 1.4920  val_acc 0.3565
2026-04-08 19:11:07    epoch  63  loss 1.5355  acc 0.3758  val_loss 1.4734  val_acc 0.3866
2026-04-08 19:11:08    epoch  64  loss 1.5381  acc 0.3681  val_loss 1.4712  val_acc 0.3796
2026-04-08 19:11:09    epoch  65  loss 1.5461  acc 0.3696  val_loss 1.4805  val_acc 0.3542
2026-04-08 19:11:09    Early stopping at epoch 65
2026-04-08 19:11:09    User9 accuracy: 0.2504
2026-04-08 19:11:09  ────────────────────────────────────────────────────────────
2026-04-08 19:11:09  LOSO fold — held-out: User10 (560 test windows, 4323 train windows)
2026-04-08 19:11:10    epoch   1  loss 1.9826  acc 0.2254  val_loss 1.7635  val_acc 0.2708
2026-04-08 19:11:11    epoch   2  loss 1.7709  acc 0.2711  val_loss 1.6834  val_acc 0.2731
2026-04-08 19:11:12    epoch   3  loss 1.7203  acc 0.2894  val_loss 1.7014  val_acc 0.2801
2026-04-08 19:11:13    epoch   4  loss 1.7024  acc 0.2986  val_loss 1.6449  val_acc 0.3032
2026-04-08 19:11:14    epoch   5  loss 1.6995  acc 0.2976  val_loss 1.6545  val_acc 0.3056
2026-04-08 19:11:15    epoch   6  loss 1.6565  acc 0.3195  val_loss 1.6090  val_acc 0.3148
2026-04-08 19:11:16    epoch   7  loss 1.6628  acc 0.3051  val_loss 1.6144  val_acc 0.3032
2026-04-08 19:11:17    epoch   8  loss 1.6508  acc 0.3272  val_loss 1.6073  val_acc 0.3356
2026-04-08 19:11:18    epoch   9  loss 1.6627  acc 0.3053  val_loss 1.6111  val_acc 0.3125
2026-04-08 19:11:19    epoch  10  loss 1.6414  acc 0.3153  val_loss 1.6098  val_acc 0.2870
2026-04-08 19:11:20    epoch  11  loss 1.6619  acc 0.3120  val_loss 1.6796  val_acc 0.2894
2026-04-08 19:11:21    epoch  12  loss 1.6499  acc 0.3238  val_loss 1.6387  val_acc 0.2986
2026-04-08 19:11:22    epoch  13  loss 1.6251  acc 0.3279  val_loss 1.6327  val_acc 0.2917
2026-04-08 19:11:23    epoch  14  loss 1.6250  acc 0.3277  val_loss 1.5823  val_acc 0.3102
2026-04-08 19:11:24    epoch  15  loss 1.6077  acc 0.3326  val_loss 1.5835  val_acc 0.3218
2026-04-08 19:11:25    epoch  16  loss 1.6294  acc 0.3205  val_loss 1.5819  val_acc 0.3194
2026-04-08 19:11:26    epoch  17  loss 1.6116  acc 0.3356  val_loss 1.6028  val_acc 0.3194
2026-04-08 19:11:26    epoch  18  loss 1.6004  acc 0.3341  val_loss 1.5784  val_acc 0.3264
2026-04-08 19:11:27    epoch  19  loss 1.6063  acc 0.3326  val_loss 1.5735  val_acc 0.3264
2026-04-08 19:11:28    epoch  20  loss 1.6194  acc 0.3380  val_loss 1.5950  val_acc 0.3148
2026-04-08 19:11:29    epoch  21  loss 1.5913  acc 0.3372  val_loss 1.5695  val_acc 0.3333
2026-04-08 19:11:29    epoch  22  loss 1.6023  acc 0.3351  val_loss 1.5756  val_acc 0.3241
2026-04-08 19:11:30    epoch  23  loss 1.6114  acc 0.3287  val_loss 1.5924  val_acc 0.3356
2026-04-08 19:11:31    epoch  24  loss 1.6086  acc 0.3272  val_loss 1.5794  val_acc 0.3171
2026-04-08 19:11:32    epoch  25  loss 1.5874  acc 0.3374  val_loss 1.5834  val_acc 0.3218
2026-04-08 19:11:33    epoch  26  loss 1.5981  acc 0.3320  val_loss 1.5798  val_acc 0.3495
2026-04-08 19:11:34    epoch  27  loss 1.5855  acc 0.3452  val_loss 1.5677  val_acc 0.3148
2026-04-08 19:11:35    epoch  28  loss 1.5889  acc 0.3385  val_loss 1.5638  val_acc 0.3333
2026-04-08 19:11:36    epoch  29  loss 1.5940  acc 0.3351  val_loss 1.5629  val_acc 0.3194
2026-04-08 19:11:37    epoch  30  loss 1.5964  acc 0.3421  val_loss 1.5614  val_acc 0.3356
2026-04-08 19:11:38    epoch  31  loss 1.5911  acc 0.3310  val_loss 1.5614  val_acc 0.3380
2026-04-08 19:11:39    epoch  32  loss 1.5833  acc 0.3428  val_loss 1.5635  val_acc 0.3218
2026-04-08 19:11:40    epoch  33  loss 1.5800  acc 0.3372  val_loss 1.5619  val_acc 0.3403
2026-04-08 19:11:41    epoch  34  loss 1.5887  acc 0.3410  val_loss 1.5547  val_acc 0.3380
2026-04-08 19:11:42    epoch  35  loss 1.5921  acc 0.3318  val_loss 1.5601  val_acc 0.3287
2026-04-08 19:11:43    epoch  36  loss 1.5885  acc 0.3367  val_loss 1.5638  val_acc 0.3171
2026-04-08 19:11:45    epoch  37  loss 1.5836  acc 0.3449  val_loss 1.5720  val_acc 0.3218
2026-04-08 19:11:46    epoch  38  loss 1.5867  acc 0.3405  val_loss 1.5586  val_acc 0.3310
2026-04-08 19:11:47    epoch  39  loss 1.5780  acc 0.3454  val_loss 1.5592  val_acc 0.3287
2026-04-08 19:11:48    epoch  40  loss 1.5774  acc 0.3431  val_loss 1.5614  val_acc 0.3194
2026-04-08 19:11:49    epoch  41  loss 1.5664  acc 0.3539  val_loss 1.5603  val_acc 0.3218
2026-04-08 19:11:50    epoch  42  loss 1.5823  acc 0.3434  val_loss 1.5556  val_acc 0.3542
2026-04-08 19:11:50    Early stopping at epoch 42
2026-04-08 19:11:50    User10 accuracy: 0.3393
2026-04-08 19:11:50  ────────────────────────────────────────────────────────────
2026-04-08 19:11:50  LOSO fold — held-out: User11 (592 test windows, 4291 train windows)
2026-04-08 19:11:51    epoch   1  loss 2.0176  acc 0.2162  val_loss 1.7465  val_acc 0.2751
2026-04-08 19:11:52    epoch   2  loss 1.8038  acc 0.2758  val_loss 1.6784  val_acc 0.3240
2026-04-08 19:11:53    epoch   3  loss 1.7517  acc 0.2840  val_loss 1.6732  val_acc 0.3030
2026-04-08 19:11:54    epoch   4  loss 1.7245  acc 0.2866  val_loss 1.5635  val_acc 0.3263
2026-04-08 19:11:55    epoch   5  loss 1.6899  acc 0.2941  val_loss 1.5754  val_acc 0.3613
2026-04-08 19:11:56    epoch   6  loss 1.6669  acc 0.3089  val_loss 1.5385  val_acc 0.3893
2026-04-08 19:11:57    epoch   7  loss 1.6756  acc 0.3019  val_loss 1.5252  val_acc 0.3403
2026-04-08 19:11:58    epoch   8  loss 1.6682  acc 0.3102  val_loss 1.5060  val_acc 0.3636
2026-04-08 19:11:59    epoch   9  loss 1.6732  acc 0.3149  val_loss 1.5481  val_acc 0.3263
2026-04-08 19:12:00    epoch  10  loss 1.6514  acc 0.3182  val_loss 1.5710  val_acc 0.3497
2026-04-08 19:12:01    epoch  11  loss 1.6554  acc 0.3105  val_loss 1.5231  val_acc 0.3590
2026-04-08 19:12:02    epoch  12  loss 1.6377  acc 0.3053  val_loss 1.4930  val_acc 0.3823
2026-04-08 19:12:03    epoch  13  loss 1.6197  acc 0.3169  val_loss 1.5166  val_acc 0.3869
2026-04-08 19:12:04    epoch  14  loss 1.6396  acc 0.3151  val_loss 1.4941  val_acc 0.3613
2026-04-08 19:12:04    epoch  15  loss 1.6398  acc 0.3079  val_loss 1.4970  val_acc 0.3660
2026-04-08 19:12:05    epoch  16  loss 1.6245  acc 0.3180  val_loss 1.4840  val_acc 0.3660
2026-04-08 19:12:06    epoch  17  loss 1.6279  acc 0.3208  val_loss 1.4874  val_acc 0.3823
2026-04-08 19:12:06    epoch  18  loss 1.6233  acc 0.3136  val_loss 1.4703  val_acc 0.3683
2026-04-08 19:12:07    epoch  19  loss 1.6362  acc 0.3221  val_loss 1.4957  val_acc 0.3753
2026-04-08 19:12:07    epoch  20  loss 1.6163  acc 0.3317  val_loss 1.4820  val_acc 0.3800
2026-04-08 19:12:08    epoch  21  loss 1.6190  acc 0.3156  val_loss 1.4841  val_acc 0.4033
2026-04-08 19:12:10    epoch  22  loss 1.6187  acc 0.3175  val_loss 1.4899  val_acc 0.3706
2026-04-08 19:12:11    epoch  23  loss 1.6234  acc 0.3208  val_loss 1.4969  val_acc 0.3753
2026-04-08 19:12:13    epoch  24  loss 1.6237  acc 0.3276  val_loss 1.4637  val_acc 0.4079
2026-04-08 19:12:14    epoch  25  loss 1.5971  acc 0.3260  val_loss 1.4648  val_acc 0.4056
2026-04-08 19:12:15    epoch  26  loss 1.5862  acc 0.3376  val_loss 1.4628  val_acc 0.3963
2026-04-08 19:12:17    epoch  27  loss 1.5948  acc 0.3356  val_loss 1.4518  val_acc 0.3986
2026-04-08 19:12:18    epoch  28  loss 1.6043  acc 0.3345  val_loss 1.4585  val_acc 0.3846
2026-04-08 19:12:19    epoch  29  loss 1.5898  acc 0.3384  val_loss 1.4704  val_acc 0.4033
2026-04-08 19:12:20    epoch  30  loss 1.5871  acc 0.3348  val_loss 1.4364  val_acc 0.4172
2026-04-08 19:12:20    epoch  31  loss 1.5980  acc 0.3286  val_loss 1.4739  val_acc 0.4079
2026-04-08 19:12:21    epoch  32  loss 1.5878  acc 0.3387  val_loss 1.4609  val_acc 0.4126
2026-04-08 19:12:22    epoch  33  loss 1.5826  acc 0.3421  val_loss 1.4407  val_acc 0.3939
2026-04-08 19:12:23    epoch  34  loss 1.5866  acc 0.3421  val_loss 1.4514  val_acc 0.3939
2026-04-08 19:12:24    epoch  35  loss 1.6032  acc 0.3395  val_loss 1.4634  val_acc 0.3963
2026-04-08 19:12:25    epoch  36  loss 1.5638  acc 0.3501  val_loss 1.4341  val_acc 0.4056
2026-04-08 19:12:26    epoch  37  loss 1.5702  acc 0.3452  val_loss 1.4414  val_acc 0.4219
2026-04-08 19:12:27    epoch  38  loss 1.5698  acc 0.3506  val_loss 1.4337  val_acc 0.4079
2026-04-08 19:12:28    epoch  39  loss 1.5721  acc 0.3566  val_loss 1.4394  val_acc 0.4126
2026-04-08 19:12:29    epoch  40  loss 1.5646  acc 0.3555  val_loss 1.4318  val_acc 0.4126
2026-04-08 19:12:30    epoch  41  loss 1.5856  acc 0.3501  val_loss 1.4366  val_acc 0.4033
2026-04-08 19:12:31    epoch  42  loss 1.5595  acc 0.3529  val_loss 1.4277  val_acc 0.4149
2026-04-08 19:12:32    epoch  43  loss 1.5660  acc 0.3503  val_loss 1.4426  val_acc 0.4009
2026-04-08 19:12:33    epoch  44  loss 1.5585  acc 0.3498  val_loss 1.4348  val_acc 0.4103
2026-04-08 19:12:34    epoch  45  loss 1.5722  acc 0.3503  val_loss 1.4324  val_acc 0.4079
2026-04-08 19:12:35    epoch  46  loss 1.5767  acc 0.3514  val_loss 1.4596  val_acc 0.3916
2026-04-08 19:12:36    epoch  47  loss 1.5715  acc 0.3573  val_loss 1.4451  val_acc 0.4009
2026-04-08 19:12:37    epoch  48  loss 1.5704  acc 0.3462  val_loss 1.4341  val_acc 0.4009
2026-04-08 19:12:38    epoch  49  loss 1.5624  acc 0.3547  val_loss 1.4303  val_acc 0.4266
2026-04-08 19:12:39    epoch  50  loss 1.5504  acc 0.3550  val_loss 1.4244  val_acc 0.4126
2026-04-08 19:12:40    epoch  51  loss 1.5605  acc 0.3521  val_loss 1.4439  val_acc 0.4033
2026-04-08 19:12:41    epoch  52  loss 1.5592  acc 0.3475  val_loss 1.4211  val_acc 0.4126
2026-04-08 19:12:42    epoch  53  loss 1.5499  acc 0.3568  val_loss 1.4216  val_acc 0.4196
2026-04-08 19:12:43    epoch  54  loss 1.5639  acc 0.3568  val_loss 1.4201  val_acc 0.4242
2026-04-08 19:12:44    epoch  55  loss 1.5470  acc 0.3630  val_loss 1.4222  val_acc 0.4149
2026-04-08 19:12:45    epoch  56  loss 1.5675  acc 0.3558  val_loss 1.4355  val_acc 0.4196
2026-04-08 19:12:46    epoch  57  loss 1.5555  acc 0.3542  val_loss 1.4299  val_acc 0.4289
2026-04-08 19:12:47    epoch  58  loss 1.5486  acc 0.3661  val_loss 1.4264  val_acc 0.4149
2026-04-08 19:12:48    epoch  59  loss 1.5474  acc 0.3589  val_loss 1.4219  val_acc 0.4359
2026-04-08 19:12:49    epoch  60  loss 1.5440  acc 0.3594  val_loss 1.4278  val_acc 0.4079
2026-04-08 19:12:50    epoch  61  loss 1.5537  acc 0.3641  val_loss 1.4204  val_acc 0.4196
2026-04-08 19:12:51    epoch  62  loss 1.5531  acc 0.3534  val_loss 1.4197  val_acc 0.4149
2026-04-08 19:12:52    epoch  63  loss 1.5591  acc 0.3477  val_loss 1.4223  val_acc 0.4172
2026-04-08 19:12:53    epoch  64  loss 1.5436  acc 0.3625  val_loss 1.4165  val_acc 0.4149
2026-04-08 19:12:54    epoch  65  loss 1.5524  acc 0.3555  val_loss 1.4195  val_acc 0.4126
2026-04-08 19:12:55    epoch  66  loss 1.5467  acc 0.3617  val_loss 1.4171  val_acc 0.4219
2026-04-08 19:12:56    epoch  67  loss 1.5446  acc 0.3599  val_loss 1.4224  val_acc 0.4149
2026-04-08 19:12:57    epoch  68  loss 1.5479  acc 0.3568  val_loss 1.4213  val_acc 0.4242
2026-04-08 19:12:58    epoch  69  loss 1.5342  acc 0.3581  val_loss 1.4142  val_acc 0.4172
2026-04-08 19:12:59    epoch  70  loss 1.5563  acc 0.3496  val_loss 1.4154  val_acc 0.4266
2026-04-08 19:13:00    epoch  71  loss 1.5601  acc 0.3475  val_loss 1.4292  val_acc 0.4312
2026-04-08 19:13:01    epoch  72  loss 1.5386  acc 0.3511  val_loss 1.4174  val_acc 0.4196
2026-04-08 19:13:02    epoch  73  loss 1.5412  acc 0.3584  val_loss 1.4117  val_acc 0.4196
2026-04-08 19:13:03    epoch  74  loss 1.5534  acc 0.3501  val_loss 1.4235  val_acc 0.4266
2026-04-08 19:13:04    epoch  75  loss 1.5479  acc 0.3638  val_loss 1.4139  val_acc 0.4219
2026-04-08 19:13:05    epoch  76  loss 1.5397  acc 0.3612  val_loss 1.4185  val_acc 0.4219
2026-04-08 19:13:06    epoch  77  loss 1.5414  acc 0.3589  val_loss 1.4151  val_acc 0.4219
2026-04-08 19:13:07    epoch  78  loss 1.5574  acc 0.3490  val_loss 1.4163  val_acc 0.4242
2026-04-08 19:13:08    epoch  79  loss 1.5493  acc 0.3542  val_loss 1.4185  val_acc 0.4196
2026-04-08 19:13:09    epoch  80  loss 1.5409  acc 0.3578  val_loss 1.4169  val_acc 0.4196
2026-04-08 19:13:10    epoch  81  loss 1.5575  acc 0.3597  val_loss 1.4194  val_acc 0.4196
2026-04-08 19:13:10    Early stopping at epoch 81
2026-04-08 19:13:10    User11 accuracy: 0.3429
2026-04-08 19:13:10  ────────────────────────────────────────────────────────────
2026-04-08 19:13:10  LOSO fold — held-out: User12 (488 test windows, 4395 train windows)
2026-04-08 19:13:11    epoch   1  loss 2.0112  acc 0.2149  val_loss 1.7250  val_acc 0.2665
2026-04-08 19:13:12    epoch   2  loss 1.7636  acc 0.2798  val_loss 1.6656  val_acc 0.2870
2026-04-08 19:13:13    epoch   3  loss 1.7203  acc 0.2834  val_loss 1.6051  val_acc 0.3257
2026-04-08 19:13:15    epoch   4  loss 1.6997  acc 0.2910  val_loss 1.5867  val_acc 0.3212
2026-04-08 19:13:16    epoch   5  loss 1.6883  acc 0.2983  val_loss 1.5568  val_acc 0.3144
2026-04-08 19:13:17    epoch   6  loss 1.6551  acc 0.3140  val_loss 1.5461  val_acc 0.3235
2026-04-08 19:13:18    epoch   7  loss 1.6425  acc 0.3094  val_loss 1.5558  val_acc 0.3303
2026-04-08 19:13:19    epoch   8  loss 1.6297  acc 0.3218  val_loss 1.4925  val_acc 0.3212
2026-04-08 19:13:20    epoch   9  loss 1.6190  acc 0.3248  val_loss 1.5302  val_acc 0.3166
2026-04-08 19:13:21    epoch  10  loss 1.6182  acc 0.3142  val_loss 1.4859  val_acc 0.3280
2026-04-08 19:13:22    epoch  11  loss 1.6283  acc 0.3124  val_loss 1.4963  val_acc 0.3326
2026-04-08 19:13:23    epoch  12  loss 1.6302  acc 0.3243  val_loss 1.5094  val_acc 0.3759
2026-04-08 19:13:24    epoch  13  loss 1.6031  acc 0.3299  val_loss 1.4968  val_acc 0.3440
2026-04-08 19:13:25    epoch  14  loss 1.6076  acc 0.3327  val_loss 1.5288  val_acc 0.3257
2026-04-08 19:13:26    epoch  15  loss 1.5991  acc 0.3301  val_loss 1.4978  val_acc 0.3485
2026-04-08 19:13:27    epoch  16  loss 1.5991  acc 0.3304  val_loss 1.4763  val_acc 0.3576
2026-04-08 19:13:28    epoch  17  loss 1.6025  acc 0.3286  val_loss 1.4763  val_acc 0.3850
2026-04-08 19:13:29    epoch  18  loss 1.5758  acc 0.3488  val_loss 1.4869  val_acc 0.3508
2026-04-08 19:13:30    epoch  19  loss 1.6011  acc 0.3203  val_loss 1.4595  val_acc 0.3485
2026-04-08 19:13:31    epoch  20  loss 1.5823  acc 0.3329  val_loss 1.4805  val_acc 0.3599
2026-04-08 19:13:32    epoch  21  loss 1.5986  acc 0.3370  val_loss 1.4678  val_acc 0.3736
2026-04-08 19:13:33    epoch  22  loss 1.5871  acc 0.3309  val_loss 1.4820  val_acc 0.3462
2026-04-08 19:13:34    epoch  23  loss 1.5667  acc 0.3445  val_loss 1.4683  val_acc 0.3645
2026-04-08 19:13:35    epoch  24  loss 1.5738  acc 0.3443  val_loss 1.4652  val_acc 0.3850
2026-04-08 19:13:36    epoch  25  loss 1.5527  acc 0.3395  val_loss 1.4639  val_acc 0.3554
2026-04-08 19:13:37    epoch  26  loss 1.5579  acc 0.3456  val_loss 1.4738  val_acc 0.3394
2026-04-08 19:13:38    epoch  27  loss 1.5707  acc 0.3448  val_loss 1.4570  val_acc 0.3599
2026-04-08 19:13:39    epoch  28  loss 1.5603  acc 0.3445  val_loss 1.4528  val_acc 0.3850
2026-04-08 19:13:40    epoch  29  loss 1.5681  acc 0.3450  val_loss 1.4692  val_acc 0.3964
2026-04-08 19:13:41    epoch  30  loss 1.5707  acc 0.3420  val_loss 1.4757  val_acc 0.3417
2026-04-08 19:13:42    epoch  31  loss 1.5550  acc 0.3493  val_loss 1.4720  val_acc 0.3440
2026-04-08 19:13:43    epoch  32  loss 1.5489  acc 0.3509  val_loss 1.5052  val_acc 0.3235
2026-04-08 19:13:44    epoch  33  loss 1.5697  acc 0.3392  val_loss 1.4610  val_acc 0.3736
2026-04-08 19:13:45    epoch  34  loss 1.5594  acc 0.3559  val_loss 1.4564  val_acc 0.3485
2026-04-08 19:13:46    epoch  35  loss 1.5374  acc 0.3557  val_loss 1.4388  val_acc 0.3850
2026-04-08 19:13:47    epoch  36  loss 1.5547  acc 0.3541  val_loss 1.4440  val_acc 0.3872
2026-04-08 19:13:48    epoch  37  loss 1.5482  acc 0.3582  val_loss 1.4482  val_acc 0.3690
2026-04-08 19:13:49    epoch  38  loss 1.5411  acc 0.3536  val_loss 1.4536  val_acc 0.3713
2026-04-08 19:13:50    epoch  39  loss 1.5406  acc 0.3524  val_loss 1.4488  val_acc 0.3713
2026-04-08 19:13:51    epoch  40  loss 1.5613  acc 0.3582  val_loss 1.4472  val_acc 0.4100
2026-04-08 19:13:52    epoch  41  loss 1.5461  acc 0.3577  val_loss 1.4511  val_acc 0.3645
2026-04-08 19:13:53    epoch  42  loss 1.5632  acc 0.3402  val_loss 1.4438  val_acc 0.3872
2026-04-08 19:13:54    epoch  43  loss 1.5418  acc 0.3592  val_loss 1.4471  val_acc 0.3713
2026-04-08 19:13:54    Early stopping at epoch 43
2026-04-08 19:13:54    User12 accuracy: 0.3033
2026-04-08 19:13:54  Best model: /home/mahmudm2/codebase/ClassyGlass/scripts/benchmark/models/cnn_best_W300_S300.pth  (acc=0.4397)
2026-04-08 19:13:54  ============================================================
2026-04-08 19:13:54  LOSO SUMMARY
2026-04-08 19:13:54  ============================================================
2026-04-08 19:13:54    User1: 0.3121
2026-04-08 19:13:54    User2: 0.3629
2026-04-08 19:13:54    User3: 0.4397
2026-04-08 19:13:54    User4: 0.3139
2026-04-08 19:13:54    User5: 0.3704
2026-04-08 19:13:54    User6: 0.3282
2026-04-08 19:13:54    User7: 0.3457
2026-04-08 19:13:54    User8: 0.3360
2026-04-08 19:13:54    User9: 0.2504
2026-04-08 19:13:54    User10: 0.3393
2026-04-08 19:13:54    User11: 0.3429
2026-04-08 19:13:54    User12: 0.3033
2026-04-08 19:13:54    Mean accuracy : 0.3371
2026-04-08 19:13:54    Std  accuracy : 0.0431
2026-04-08 19:13:54  ============================================================
2026-04-08 19:13:54  CLASSIFICATION REPORT (all folds combined)
2026-04-08 19:13:54  ============================================================
2026-04-08 19:13:54  
                            precision    recall  f1-score   support

         Sitting – Reading       0.15      0.08      0.10       465
         Sitting – Writing       0.26      0.29      0.28       513
         Computer – Typing       0.33      0.19      0.24       515
       Computer – Browsing       0.33      0.51      0.40       523
Sitting – Moving head/body       0.21      0.28      0.24       450
    Sitting – Moving chair       0.23      0.09      0.13       514
     Stand up from sitting       0.30      0.48      0.37       609
                  Standing       0.17      0.04      0.06       343
                   Walking       0.46      0.66      0.54       404
                   Running       0.62      0.80      0.70       397
             Taking stairs       0.00      0.00      0.00       150

                  accuracy                           0.33      4883
                 macro avg       0.28      0.31      0.28      4883
              weighted avg       0.29      0.33      0.29      4883

2026-04-08 19:13:55  Confusion matrix saved to: /home/mahmudm2/codebase/ClassyGlass/scripts/benchmark/figures/cnn_confusion_matrix_W300_S300.png
2026-04-08 19:13:55  Per-subject accuracy chart saved to: /home/mahmudm2/codebase/ClassyGlass/scripts/benchmark/figures/cnn_per_subject_accuracy_W300_S300.png
2026-04-08 19:13:55  ============================================================
2026-04-08 19:13:55  cnn training complete
2026-04-08 19:13:55  ============================================================
