2026-04-08 19:49:00  ============================================================
2026-04-08 19:49:00  cnn  |  window=500  step=500
2026-04-08 19:49:00  Device  : cuda:6
2026-04-08 19:49:00  Flatten : True
2026-04-08 19:49:00  Log     : /home/mahmudm2/codebase/ClassyGlass/scripts/benchmark/logs/cnn_W500_S500.log
2026-04-08 19:49:00  Model   : /home/mahmudm2/codebase/ClassyGlass/scripts/benchmark/models/cnn_best_W500_S500.pth
2026-04-08 19:49:00  Figures : /home/mahmudm2/codebase/ClassyGlass/scripts/benchmark/figures
2026-04-08 19:49:00  ============================================================
2026-04-08 19:49:04  Loaded 2907 windows | window=500  step=500 | 129 experiments | 12 subjects | 0 experiments skipped
2026-04-08 19:49:04  ────────────────────────────────────────────────────────────
2026-04-08 19:49:04  LOSO fold — held-out: User1 (165 test windows, 2742 train windows)
2026-04-08 19:49:08    epoch   1  loss 2.0649  acc 0.2119  val_loss 1.7005  val_acc 0.3029
2026-04-08 19:49:08    epoch   2  loss 1.7761  acc 0.2694  val_loss 1.6194  val_acc 0.2993
2026-04-08 19:49:09    epoch   3  loss 1.7278  acc 0.2776  val_loss 1.5678  val_acc 0.3066
2026-04-08 19:49:10    epoch   4  loss 1.6992  acc 0.2921  val_loss 1.5506  val_acc 0.3139
2026-04-08 19:49:10    epoch   5  loss 1.6719  acc 0.2905  val_loss 1.5815  val_acc 0.3029
2026-04-08 19:49:11    epoch   6  loss 1.6584  acc 0.3092  val_loss 1.5119  val_acc 0.3358
2026-04-08 19:49:12    epoch   7  loss 1.6611  acc 0.3051  val_loss 1.5291  val_acc 0.3285
2026-04-08 19:49:12    epoch   8  loss 1.6171  acc 0.3128  val_loss 1.5164  val_acc 0.3540
2026-04-08 19:49:13    epoch   9  loss 1.6376  acc 0.2986  val_loss 1.5121  val_acc 0.3467
2026-04-08 19:49:14    epoch  10  loss 1.6187  acc 0.3035  val_loss 1.4910  val_acc 0.3394
2026-04-08 19:49:14    epoch  11  loss 1.5822  acc 0.3254  val_loss 1.4657  val_acc 0.3431
2026-04-08 19:49:15    epoch  12  loss 1.5759  acc 0.3217  val_loss 1.4771  val_acc 0.3577
2026-04-08 19:49:16    epoch  13  loss 1.6053  acc 0.3152  val_loss 1.4713  val_acc 0.3504
2026-04-08 19:49:16    epoch  14  loss 1.5787  acc 0.3177  val_loss 1.4481  val_acc 0.3650
2026-04-08 19:49:17    epoch  15  loss 1.5603  acc 0.3290  val_loss 1.4416  val_acc 0.3650
2026-04-08 19:49:17    epoch  16  loss 1.5699  acc 0.3367  val_loss 1.4405  val_acc 0.3723
2026-04-08 19:49:18    epoch  17  loss 1.5414  acc 0.3476  val_loss 1.4432  val_acc 0.3577
2026-04-08 19:49:19    epoch  18  loss 1.5357  acc 0.3529  val_loss 1.4489  val_acc 0.3577
2026-04-08 19:49:19    epoch  19  loss 1.5465  acc 0.3310  val_loss 1.4373  val_acc 0.3905
2026-04-08 19:49:20    epoch  20  loss 1.5683  acc 0.3327  val_loss 1.4565  val_acc 0.3905
2026-04-08 19:49:21    epoch  21  loss 1.5474  acc 0.3493  val_loss 1.4189  val_acc 0.3905
2026-04-08 19:49:21    epoch  22  loss 1.5644  acc 0.3379  val_loss 1.4636  val_acc 0.3869
2026-04-08 19:49:22    epoch  23  loss 1.5558  acc 0.3476  val_loss 1.4441  val_acc 0.3686
2026-04-08 19:49:22    epoch  24  loss 1.5306  acc 0.3363  val_loss 1.4333  val_acc 0.3613
2026-04-08 19:49:23    epoch  25  loss 1.5422  acc 0.3379  val_loss 1.6150  val_acc 0.3285
2026-04-08 19:49:24    epoch  26  loss 1.5610  acc 0.3314  val_loss 1.4314  val_acc 0.3723
2026-04-08 19:49:24    epoch  27  loss 1.5398  acc 0.3460  val_loss 1.4294  val_acc 0.4270
2026-04-08 19:49:25    epoch  28  loss 1.5377  acc 0.3408  val_loss 1.4398  val_acc 0.3759
2026-04-08 19:49:26    epoch  29  loss 1.5350  acc 0.3408  val_loss 1.4308  val_acc 0.3869
2026-04-08 19:49:26    Early stopping at epoch 29
2026-04-08 19:49:26    User1 accuracy: 0.2485
2026-04-08 19:49:26    ✓ New best model saved (User1 held out, acc=0.2485)
2026-04-08 19:49:26  ────────────────────────────────────────────────────────────
2026-04-08 19:49:26  LOSO fold — held-out: User2 (152 test windows, 2755 train windows)
2026-04-08 19:49:27    epoch   1  loss 2.0939  acc 0.2250  val_loss 1.8082  val_acc 0.2436
2026-04-08 19:49:27    epoch   2  loss 1.8212  acc 0.2593  val_loss 1.7266  val_acc 0.2291
2026-04-08 19:49:28    epoch   3  loss 1.7276  acc 0.2915  val_loss 1.6404  val_acc 0.3091
2026-04-08 19:49:29    epoch   4  loss 1.7105  acc 0.2976  val_loss 1.6385  val_acc 0.3236
2026-04-08 19:49:29    epoch   5  loss 1.6850  acc 0.2948  val_loss 1.5921  val_acc 0.3273
2026-04-08 19:49:30    epoch   6  loss 1.6750  acc 0.2984  val_loss 1.6270  val_acc 0.3418
2026-04-08 19:49:31    epoch   7  loss 1.6236  acc 0.3141  val_loss 1.6051  val_acc 0.2982
2026-04-08 19:49:31    epoch   8  loss 1.6228  acc 0.3194  val_loss 1.5616  val_acc 0.3309
2026-04-08 19:49:32    epoch   9  loss 1.6116  acc 0.3242  val_loss 1.5307  val_acc 0.3200
2026-04-08 19:49:33    epoch  10  loss 1.6132  acc 0.3343  val_loss 1.5401  val_acc 0.3345
2026-04-08 19:49:33    epoch  11  loss 1.6279  acc 0.3282  val_loss 1.5436  val_acc 0.3491
2026-04-08 19:49:34    epoch  12  loss 1.5955  acc 0.3355  val_loss 1.5161  val_acc 0.3418
2026-04-08 19:49:34    epoch  13  loss 1.5937  acc 0.3427  val_loss 1.5516  val_acc 0.3273
2026-04-08 19:49:35    epoch  14  loss 1.6094  acc 0.3315  val_loss 1.5572  val_acc 0.3091
2026-04-08 19:49:36    epoch  15  loss 1.5948  acc 0.3310  val_loss 1.5258  val_acc 0.3527
2026-04-08 19:49:36    epoch  16  loss 1.5994  acc 0.3355  val_loss 1.5270  val_acc 0.3527
2026-04-08 19:49:37    epoch  17  loss 1.5894  acc 0.3407  val_loss 1.5128  val_acc 0.3382
2026-04-08 19:49:38    epoch  18  loss 1.5638  acc 0.3343  val_loss 1.5478  val_acc 0.3345
2026-04-08 19:49:38    epoch  19  loss 1.5512  acc 0.3484  val_loss 1.5009  val_acc 0.3564
2026-04-08 19:49:39    epoch  20  loss 1.5958  acc 0.3242  val_loss 1.5276  val_acc 0.3382
2026-04-08 19:49:40    epoch  21  loss 1.5629  acc 0.3464  val_loss 1.5993  val_acc 0.3091
2026-04-08 19:49:40    epoch  22  loss 1.5725  acc 0.3379  val_loss 1.5760  val_acc 0.3200
2026-04-08 19:49:41    epoch  23  loss 1.5616  acc 0.3516  val_loss 1.5308  val_acc 0.3127
2026-04-08 19:49:41    epoch  24  loss 1.5698  acc 0.3480  val_loss 1.4984  val_acc 0.3782
2026-04-08 19:49:42    epoch  25  loss 1.5483  acc 0.3472  val_loss 1.4936  val_acc 0.3709
2026-04-08 19:49:43    epoch  26  loss 1.5476  acc 0.3440  val_loss 1.5048  val_acc 0.3636
2026-04-08 19:49:43    epoch  27  loss 1.5556  acc 0.3367  val_loss 1.5015  val_acc 0.3709
2026-04-08 19:49:44    epoch  28  loss 1.5495  acc 0.3355  val_loss 1.4884  val_acc 0.3855
2026-04-08 19:49:45    epoch  29  loss 1.5320  acc 0.3577  val_loss 1.4915  val_acc 0.3745
2026-04-08 19:49:45    epoch  30  loss 1.5714  acc 0.3492  val_loss 1.4776  val_acc 0.3964
2026-04-08 19:49:46    epoch  31  loss 1.5328  acc 0.3629  val_loss 1.5050  val_acc 0.3527
2026-04-08 19:49:47    epoch  32  loss 1.5280  acc 0.3694  val_loss 1.5104  val_acc 0.3527
2026-04-08 19:49:47    epoch  33  loss 1.5225  acc 0.3714  val_loss 1.4853  val_acc 0.3855
2026-04-08 19:49:48    epoch  34  loss 1.5387  acc 0.3645  val_loss 1.4799  val_acc 0.3636
2026-04-08 19:49:49    epoch  35  loss 1.5220  acc 0.3798  val_loss 1.4872  val_acc 0.3855
2026-04-08 19:49:49    epoch  36  loss 1.4879  acc 0.3786  val_loss 1.4788  val_acc 0.3818
2026-04-08 19:49:50    epoch  37  loss 1.5298  acc 0.3540  val_loss 1.4827  val_acc 0.3818
2026-04-08 19:49:50    epoch  38  loss 1.5129  acc 0.3754  val_loss 1.4796  val_acc 0.3745
2026-04-08 19:49:50    Early stopping at epoch 38
2026-04-08 19:49:50    User2 accuracy: 0.4276
2026-04-08 19:49:50    ✓ New best model saved (User2 held out, acc=0.4276)
2026-04-08 19:49:51  ────────────────────────────────────────────────────────────
2026-04-08 19:49:51  LOSO fold — held-out: User3 (155 test windows, 2752 train windows)
2026-04-08 19:49:51    epoch   1  loss 2.0462  acc 0.2023  val_loss 1.7439  val_acc 0.2327
2026-04-08 19:49:52    epoch   2  loss 1.8195  acc 0.2572  val_loss 1.6432  val_acc 0.2764
2026-04-08 19:49:53    epoch   3  loss 1.7563  acc 0.2778  val_loss 1.6023  val_acc 0.2727
2026-04-08 19:49:53    epoch   4  loss 1.7131  acc 0.2963  val_loss 1.5568  val_acc 0.3091
2026-04-08 19:49:54    epoch   5  loss 1.6881  acc 0.2927  val_loss 1.5806  val_acc 0.2982
2026-04-08 19:49:55    epoch   6  loss 1.6767  acc 0.2915  val_loss 1.5619  val_acc 0.2691
2026-04-08 19:49:55    epoch   7  loss 1.6621  acc 0.3060  val_loss 1.5881  val_acc 0.2945
2026-04-08 19:49:56    epoch   8  loss 1.6384  acc 0.2987  val_loss 1.5035  val_acc 0.3309
2026-04-08 19:49:57    epoch   9  loss 1.6569  acc 0.3165  val_loss 1.5008  val_acc 0.3345
2026-04-08 19:49:57    epoch  10  loss 1.6204  acc 0.3109  val_loss 1.5023  val_acc 0.3382
2026-04-08 19:49:58    epoch  11  loss 1.6370  acc 0.3205  val_loss 1.4844  val_acc 0.3491
2026-04-08 19:49:58    epoch  12  loss 1.6361  acc 0.3125  val_loss 1.5674  val_acc 0.2945
2026-04-08 19:49:59    epoch  13  loss 1.6344  acc 0.3145  val_loss 1.4996  val_acc 0.3382
2026-04-08 19:50:00    epoch  14  loss 1.6134  acc 0.3282  val_loss 1.4944  val_acc 0.3055
2026-04-08 19:50:00    epoch  15  loss 1.5892  acc 0.3399  val_loss 1.5252  val_acc 0.3345
2026-04-08 19:50:01    epoch  16  loss 1.6113  acc 0.3234  val_loss 1.4540  val_acc 0.3527
2026-04-08 19:50:02    epoch  17  loss 1.5969  acc 0.3165  val_loss 1.4911  val_acc 0.3309
2026-04-08 19:50:02    epoch  18  loss 1.6023  acc 0.3242  val_loss 1.4767  val_acc 0.3236
2026-04-08 19:50:03    epoch  19  loss 1.5724  acc 0.3351  val_loss 1.4840  val_acc 0.3236
2026-04-08 19:50:04    epoch  20  loss 1.5908  acc 0.3270  val_loss 1.4741  val_acc 0.3345
2026-04-08 19:50:04    epoch  21  loss 1.5841  acc 0.3484  val_loss 1.4696  val_acc 0.3455
2026-04-08 19:50:05    epoch  22  loss 1.5531  acc 0.3508  val_loss 1.4543  val_acc 0.3236
2026-04-08 19:50:05    epoch  23  loss 1.5734  acc 0.3452  val_loss 1.4562  val_acc 0.3418
2026-04-08 19:50:06    epoch  24  loss 1.5881  acc 0.3327  val_loss 1.4470  val_acc 0.3345
2026-04-08 19:50:07    epoch  25  loss 1.5500  acc 0.3460  val_loss 1.4476  val_acc 0.3091
2026-04-08 19:50:07    epoch  26  loss 1.5705  acc 0.3383  val_loss 1.4717  val_acc 0.3236
2026-04-08 19:50:08    epoch  27  loss 1.5753  acc 0.3351  val_loss 1.4576  val_acc 0.3564
2026-04-08 19:50:09    epoch  28  loss 1.5733  acc 0.3371  val_loss 1.4542  val_acc 0.3636
2026-04-08 19:50:09    epoch  29  loss 1.5547  acc 0.3520  val_loss 1.4293  val_acc 0.3491
2026-04-08 19:50:10    epoch  30  loss 1.5620  acc 0.3415  val_loss 1.4297  val_acc 0.3527
2026-04-08 19:50:11    epoch  31  loss 1.5486  acc 0.3621  val_loss 1.4474  val_acc 0.3418
2026-04-08 19:50:11    epoch  32  loss 1.5529  acc 0.3415  val_loss 1.4399  val_acc 0.3527
2026-04-08 19:50:12    epoch  33  loss 1.5297  acc 0.3569  val_loss 1.4390  val_acc 0.3164
2026-04-08 19:50:12    epoch  34  loss 1.5633  acc 0.3432  val_loss 1.4370  val_acc 0.3745
2026-04-08 19:50:13    epoch  35  loss 1.5474  acc 0.3565  val_loss 1.4208  val_acc 0.3564
2026-04-08 19:50:14    epoch  36  loss 1.5316  acc 0.3593  val_loss 1.4192  val_acc 0.3709
2026-04-08 19:50:14    epoch  37  loss 1.5444  acc 0.3601  val_loss 1.4294  val_acc 0.3673
2026-04-08 19:50:15    epoch  38  loss 1.5340  acc 0.3395  val_loss 1.4115  val_acc 0.3818
2026-04-08 19:50:16    epoch  39  loss 1.5342  acc 0.3557  val_loss 1.4198  val_acc 0.3745
2026-04-08 19:50:16    epoch  40  loss 1.5410  acc 0.3476  val_loss 1.4246  val_acc 0.3709
2026-04-08 19:50:17    epoch  41  loss 1.5217  acc 0.3670  val_loss 1.4223  val_acc 0.3745
2026-04-08 19:50:18    epoch  42  loss 1.5347  acc 0.3617  val_loss 1.4150  val_acc 0.3818
2026-04-08 19:50:18    epoch  43  loss 1.5191  acc 0.3654  val_loss 1.4168  val_acc 0.3709
2026-04-08 19:50:19    epoch  44  loss 1.5396  acc 0.3593  val_loss 1.4235  val_acc 0.3673
2026-04-08 19:50:20    epoch  45  loss 1.5387  acc 0.3569  val_loss 1.4213  val_acc 0.3709
2026-04-08 19:50:20    epoch  46  loss 1.5122  acc 0.3581  val_loss 1.4314  val_acc 0.3564
2026-04-08 19:50:20    Early stopping at epoch 46
2026-04-08 19:50:20    User3 accuracy: 0.3677
2026-04-08 19:50:21  ────────────────────────────────────────────────────────────
2026-04-08 19:50:21  LOSO fold — held-out: User4 (162 test windows, 2745 train windows)
2026-04-08 19:50:21    epoch   1  loss 2.0805  acc 0.2104  val_loss 1.8050  val_acc 0.2737
2026-04-08 19:50:22    epoch   2  loss 1.8146  acc 0.2663  val_loss 1.6800  val_acc 0.2847
2026-04-08 19:50:22    epoch   3  loss 1.7778  acc 0.2724  val_loss 1.6465  val_acc 0.3139
2026-04-08 19:50:23    epoch   4  loss 1.7072  acc 0.2902  val_loss 1.6159  val_acc 0.3285
2026-04-08 19:50:24    epoch   5  loss 1.6926  acc 0.2885  val_loss 1.6446  val_acc 0.2956
2026-04-08 19:50:24    epoch   6  loss 1.6846  acc 0.3076  val_loss 1.6279  val_acc 0.3029
2026-04-08 19:50:25    epoch   7  loss 1.6467  acc 0.3116  val_loss 1.5736  val_acc 0.3285
2026-04-08 19:50:26    epoch   8  loss 1.6530  acc 0.3144  val_loss 1.6056  val_acc 0.3139
2026-04-08 19:50:26    epoch   9  loss 1.6483  acc 0.3177  val_loss 1.5543  val_acc 0.3321
2026-04-08 19:50:27    epoch  10  loss 1.6258  acc 0.3096  val_loss 1.5277  val_acc 0.3358
2026-04-08 19:50:28    epoch  11  loss 1.6222  acc 0.3335  val_loss 1.7252  val_acc 0.2774
2026-04-08 19:50:28    epoch  12  loss 1.6257  acc 0.3068  val_loss 1.5247  val_acc 0.3431
2026-04-08 19:50:29    epoch  13  loss 1.6020  acc 0.3302  val_loss 1.5938  val_acc 0.2993
2026-04-08 19:50:29    epoch  14  loss 1.6091  acc 0.3339  val_loss 1.5229  val_acc 0.3285
2026-04-08 19:50:30    epoch  15  loss 1.5804  acc 0.3436  val_loss 1.6237  val_acc 0.3321
2026-04-08 19:50:31    epoch  16  loss 1.5952  acc 0.3278  val_loss 1.5136  val_acc 0.3394
2026-04-08 19:50:31    epoch  17  loss 1.5959  acc 0.3412  val_loss 1.5294  val_acc 0.3285
2026-04-08 19:50:32    epoch  18  loss 1.5717  acc 0.3424  val_loss 1.5389  val_acc 0.3285
2026-04-08 19:50:33    epoch  19  loss 1.5699  acc 0.3513  val_loss 1.4929  val_acc 0.3467
2026-04-08 19:50:33    epoch  20  loss 1.5972  acc 0.3371  val_loss 1.5370  val_acc 0.3431
2026-04-08 19:50:34    epoch  21  loss 1.5775  acc 0.3420  val_loss 1.5431  val_acc 0.3394
2026-04-08 19:50:34    epoch  22  loss 1.5714  acc 0.3432  val_loss 1.5341  val_acc 0.3248
2026-04-08 19:50:35    epoch  23  loss 1.5701  acc 0.3395  val_loss 1.5204  val_acc 0.3650
2026-04-08 19:50:36    epoch  24  loss 1.5499  acc 0.3533  val_loss 1.4955  val_acc 0.3504
2026-04-08 19:50:36    epoch  25  loss 1.5817  acc 0.3327  val_loss 1.5025  val_acc 0.3504
2026-04-08 19:50:37    epoch  26  loss 1.5314  acc 0.3533  val_loss 1.4994  val_acc 0.3796
2026-04-08 19:50:38    epoch  27  loss 1.5277  acc 0.3654  val_loss 1.4902  val_acc 0.3723
2026-04-08 19:50:38    epoch  28  loss 1.5306  acc 0.3586  val_loss 1.4891  val_acc 0.3650
2026-04-08 19:50:39    epoch  29  loss 1.5377  acc 0.3654  val_loss 1.4719  val_acc 0.3613
2026-04-08 19:50:40    epoch  30  loss 1.5502  acc 0.3444  val_loss 1.4965  val_acc 0.3905
2026-04-08 19:50:40    epoch  31  loss 1.5249  acc 0.3650  val_loss 1.4833  val_acc 0.3869
2026-04-08 19:50:41    epoch  32  loss 1.5537  acc 0.3476  val_loss 1.5044  val_acc 0.3723
2026-04-08 19:50:41    epoch  33  loss 1.5358  acc 0.3602  val_loss 1.4932  val_acc 0.3759
2026-04-08 19:50:42    epoch  34  loss 1.5406  acc 0.3606  val_loss 1.5059  val_acc 0.3759
2026-04-08 19:50:43    epoch  35  loss 1.5325  acc 0.3573  val_loss 1.4737  val_acc 0.3905
2026-04-08 19:50:43    epoch  36  loss 1.5350  acc 0.3675  val_loss 1.4962  val_acc 0.3723
2026-04-08 19:50:44    epoch  37  loss 1.5008  acc 0.3764  val_loss 1.4649  val_acc 0.3869
2026-04-08 19:50:45    epoch  38  loss 1.5258  acc 0.3618  val_loss 1.4737  val_acc 0.3723
2026-04-08 19:50:45    epoch  39  loss 1.5391  acc 0.3606  val_loss 1.4819  val_acc 0.3796
2026-04-08 19:50:46    epoch  40  loss 1.5501  acc 0.3464  val_loss 1.4914  val_acc 0.3613
2026-04-08 19:50:47    epoch  41  loss 1.5288  acc 0.3715  val_loss 1.4672  val_acc 0.3796
2026-04-08 19:50:47    epoch  42  loss 1.5291  acc 0.3561  val_loss 1.4895  val_acc 0.3577
2026-04-08 19:50:48    epoch  43  loss 1.5218  acc 0.3658  val_loss 1.4818  val_acc 0.3723
2026-04-08 19:50:49    epoch  44  loss 1.5225  acc 0.3691  val_loss 1.4677  val_acc 0.3686
2026-04-08 19:50:49    epoch  45  loss 1.5108  acc 0.3679  val_loss 1.4814  val_acc 0.3796
2026-04-08 19:50:49    Early stopping at epoch 45
2026-04-08 19:50:49    User4 accuracy: 0.3025
2026-04-08 19:50:49  ────────────────────────────────────────────────────────────
2026-04-08 19:50:49  LOSO fold — held-out: User5 (159 test windows, 2748 train windows)
2026-04-08 19:50:50    epoch   1  loss 2.0391  acc 0.2130  val_loss 1.7613  val_acc 0.2701
2026-04-08 19:50:51    epoch   2  loss 1.7878  acc 0.2741  val_loss 1.6932  val_acc 0.2883
2026-04-08 19:50:51    epoch   3  loss 1.7427  acc 0.2745  val_loss 1.6512  val_acc 0.3139
2026-04-08 19:50:52    epoch   4  loss 1.7135  acc 0.2902  val_loss 1.6124  val_acc 0.3321
2026-04-08 19:50:53    epoch   5  loss 1.7056  acc 0.2995  val_loss 1.5995  val_acc 0.3285
2026-04-08 19:50:53    epoch   6  loss 1.6706  acc 0.2971  val_loss 1.6018  val_acc 0.3285
2026-04-08 19:50:54    epoch   7  loss 1.6568  acc 0.3032  val_loss 1.6288  val_acc 0.3102
2026-04-08 19:50:55    epoch   8  loss 1.6444  acc 0.3116  val_loss 1.5665  val_acc 0.3066
2026-04-08 19:50:55    epoch   9  loss 1.6298  acc 0.3133  val_loss 1.5618  val_acc 0.3285
2026-04-08 19:50:56    epoch  10  loss 1.6236  acc 0.3133  val_loss 1.5955  val_acc 0.3212
2026-04-08 19:50:57    epoch  11  loss 1.6020  acc 0.3088  val_loss 1.5347  val_acc 0.3467
2026-04-08 19:50:57    epoch  12  loss 1.6060  acc 0.3197  val_loss 1.5305  val_acc 0.3467
2026-04-08 19:50:58    epoch  13  loss 1.6070  acc 0.3266  val_loss 1.5303  val_acc 0.3321
2026-04-08 19:50:59    epoch  14  loss 1.5908  acc 0.3149  val_loss 1.5260  val_acc 0.3102
2026-04-08 19:50:59    epoch  15  loss 1.5979  acc 0.3258  val_loss 1.5079  val_acc 0.3358
2026-04-08 19:51:00    epoch  16  loss 1.5975  acc 0.3266  val_loss 1.5482  val_acc 0.3394
2026-04-08 19:51:01    epoch  17  loss 1.5730  acc 0.3314  val_loss 1.5086  val_acc 0.3431
2026-04-08 19:51:01    epoch  18  loss 1.5694  acc 0.3327  val_loss 1.5536  val_acc 0.3540
2026-04-08 19:51:02    epoch  19  loss 1.5596  acc 0.3424  val_loss 1.8224  val_acc 0.2810
2026-04-08 19:51:02    epoch  20  loss 1.5956  acc 0.3395  val_loss 1.4851  val_acc 0.3394
2026-04-08 19:51:03    epoch  21  loss 1.5600  acc 0.3436  val_loss 1.5601  val_acc 0.3029
2026-04-08 19:51:04    epoch  22  loss 1.5587  acc 0.3448  val_loss 1.4816  val_acc 0.3686
2026-04-08 19:51:04    epoch  23  loss 1.5828  acc 0.3359  val_loss 1.4660  val_acc 0.3577
2026-04-08 19:51:05    epoch  24  loss 1.5809  acc 0.3367  val_loss 1.5091  val_acc 0.3686
2026-04-08 19:51:06    epoch  25  loss 1.5676  acc 0.3476  val_loss 1.4988  val_acc 0.3431
2026-04-08 19:51:06    epoch  26  loss 1.5312  acc 0.3573  val_loss 1.4662  val_acc 0.3577
2026-04-08 19:51:07    epoch  27  loss 1.5429  acc 0.3601  val_loss 1.4687  val_acc 0.3869
2026-04-08 19:51:08    epoch  28  loss 1.5573  acc 0.3456  val_loss 1.4653  val_acc 0.3613
2026-04-08 19:51:08    epoch  29  loss 1.5350  acc 0.3537  val_loss 1.5579  val_acc 0.3321
2026-04-08 19:51:09    epoch  30  loss 1.5387  acc 0.3593  val_loss 1.4623  val_acc 0.3869
2026-04-08 19:51:10    epoch  31  loss 1.5212  acc 0.3642  val_loss 1.5540  val_acc 0.3613
2026-04-08 19:51:10    epoch  32  loss 1.5449  acc 0.3622  val_loss 1.4654  val_acc 0.3796
2026-04-08 19:51:11    epoch  33  loss 1.5290  acc 0.3605  val_loss 1.4587  val_acc 0.3540
2026-04-08 19:51:11    epoch  34  loss 1.5277  acc 0.3468  val_loss 1.4658  val_acc 0.3723
2026-04-08 19:51:12    epoch  35  loss 1.5350  acc 0.3525  val_loss 1.4448  val_acc 0.3978
2026-04-08 19:51:13    epoch  36  loss 1.5204  acc 0.3707  val_loss 1.4482  val_acc 0.3686
2026-04-08 19:51:13    epoch  37  loss 1.5432  acc 0.3581  val_loss 1.4446  val_acc 0.3905
2026-04-08 19:51:14    epoch  38  loss 1.5240  acc 0.3622  val_loss 1.4754  val_acc 0.3650
2026-04-08 19:51:15    epoch  39  loss 1.5296  acc 0.3634  val_loss 1.4434  val_acc 0.3796
2026-04-08 19:51:15    epoch  40  loss 1.5361  acc 0.3622  val_loss 1.4612  val_acc 0.4051
2026-04-08 19:51:16    epoch  41  loss 1.5289  acc 0.3622  val_loss 1.4750  val_acc 0.3577
2026-04-08 19:51:17    epoch  42  loss 1.5600  acc 0.3573  val_loss 1.4410  val_acc 0.4015
2026-04-08 19:51:17    epoch  43  loss 1.5416  acc 0.3529  val_loss 1.4944  val_acc 0.3467
2026-04-08 19:51:18    epoch  44  loss 1.4870  acc 0.3791  val_loss 1.4481  val_acc 0.3540
2026-04-08 19:51:19    epoch  45  loss 1.4991  acc 0.3723  val_loss 1.4576  val_acc 0.3869
2026-04-08 19:51:19    epoch  46  loss 1.5067  acc 0.3751  val_loss 1.5099  val_acc 0.3102
2026-04-08 19:51:20    epoch  47  loss 1.5174  acc 0.3775  val_loss 1.4386  val_acc 0.3869
2026-04-08 19:51:20    epoch  48  loss 1.4724  acc 0.3800  val_loss 1.4569  val_acc 0.3832
2026-04-08 19:51:21    epoch  49  loss 1.4923  acc 0.3795  val_loss 1.4347  val_acc 0.3978
2026-04-08 19:51:22    epoch  50  loss 1.5012  acc 0.3735  val_loss 1.4487  val_acc 0.3577
2026-04-08 19:51:22    epoch  51  loss 1.5085  acc 0.3719  val_loss 1.5221  val_acc 0.3796
2026-04-08 19:51:23    epoch  52  loss 1.5090  acc 0.3711  val_loss 1.5656  val_acc 0.3358
2026-04-08 19:51:24    epoch  53  loss 1.4877  acc 0.3836  val_loss 1.4639  val_acc 0.3869
2026-04-08 19:51:24    epoch  54  loss 1.5083  acc 0.3601  val_loss 1.4361  val_acc 0.3978
2026-04-08 19:51:25    epoch  55  loss 1.5278  acc 0.3642  val_loss 1.4317  val_acc 0.3942
2026-04-08 19:51:26    epoch  56  loss 1.4741  acc 0.3747  val_loss 1.4119  val_acc 0.4088
2026-04-08 19:51:26    epoch  57  loss 1.4633  acc 0.3804  val_loss 1.4277  val_acc 0.3942
2026-04-08 19:51:27    epoch  58  loss 1.4701  acc 0.3844  val_loss 1.4093  val_acc 0.4088
2026-04-08 19:51:28    epoch  59  loss 1.4942  acc 0.3905  val_loss 1.4463  val_acc 0.3942
2026-04-08 19:51:28    epoch  60  loss 1.4900  acc 0.3739  val_loss 1.4370  val_acc 0.3832
2026-04-08 19:51:29    epoch  61  loss 1.4807  acc 0.3884  val_loss 1.4224  val_acc 0.4197
2026-04-08 19:51:29    epoch  62  loss 1.4774  acc 0.3787  val_loss 1.4121  val_acc 0.4015
2026-04-08 19:51:30    epoch  63  loss 1.4539  acc 0.3921  val_loss 1.4262  val_acc 0.3942
2026-04-08 19:51:31    epoch  64  loss 1.4599  acc 0.3864  val_loss 1.4061  val_acc 0.3978
2026-04-08 19:51:31    epoch  65  loss 1.4520  acc 0.3994  val_loss 1.4172  val_acc 0.3978
2026-04-08 19:51:32    epoch  66  loss 1.4861  acc 0.3945  val_loss 1.4110  val_acc 0.3942
2026-04-08 19:51:33    epoch  67  loss 1.4641  acc 0.3897  val_loss 1.4046  val_acc 0.4124
2026-04-08 19:51:33    epoch  68  loss 1.4719  acc 0.3929  val_loss 1.4387  val_acc 0.3869
2026-04-08 19:51:34    epoch  69  loss 1.4617  acc 0.3949  val_loss 1.4159  val_acc 0.3978
2026-04-08 19:51:34    epoch  70  loss 1.4629  acc 0.3836  val_loss 1.4248  val_acc 0.3869
2026-04-08 19:51:35    epoch  71  loss 1.4698  acc 0.3884  val_loss 1.4203  val_acc 0.3942
2026-04-08 19:51:36    epoch  72  loss 1.4580  acc 0.3913  val_loss 1.5007  val_acc 0.3686
2026-04-08 19:51:36    epoch  73  loss 1.4499  acc 0.3836  val_loss 1.3953  val_acc 0.4197
2026-04-08 19:51:37    epoch  74  loss 1.4778  acc 0.3804  val_loss 1.4212  val_acc 0.3978
2026-04-08 19:51:38    epoch  75  loss 1.4457  acc 0.4026  val_loss 1.4099  val_acc 0.4051
2026-04-08 19:51:38    epoch  76  loss 1.4400  acc 0.3985  val_loss 1.4019  val_acc 0.4088
2026-04-08 19:51:39    epoch  77  loss 1.4383  acc 0.4167  val_loss 1.4098  val_acc 0.3978
2026-04-08 19:51:39    epoch  78  loss 1.4418  acc 0.4042  val_loss 1.3994  val_acc 0.4124
2026-04-08 19:51:40    epoch  79  loss 1.4340  acc 0.4046  val_loss 1.4054  val_acc 0.4088
2026-04-08 19:51:41    epoch  80  loss 1.4488  acc 0.3953  val_loss 1.3926  val_acc 0.4124
2026-04-08 19:51:41    epoch  81  loss 1.4497  acc 0.4131  val_loss 1.4130  val_acc 0.4015
2026-04-08 19:51:42    epoch  82  loss 1.4640  acc 0.3981  val_loss 1.4026  val_acc 0.4161
2026-04-08 19:51:43    epoch  83  loss 1.4593  acc 0.3876  val_loss 1.4029  val_acc 0.4270
2026-04-08 19:51:43    epoch  84  loss 1.4616  acc 0.4107  val_loss 1.4203  val_acc 0.4015
2026-04-08 19:51:44    epoch  85  loss 1.4780  acc 0.4026  val_loss 1.3973  val_acc 0.4124
2026-04-08 19:51:45    epoch  86  loss 1.4249  acc 0.4155  val_loss 1.3987  val_acc 0.4161
2026-04-08 19:51:45    epoch  87  loss 1.4402  acc 0.3998  val_loss 1.4076  val_acc 0.4051
2026-04-08 19:51:46    epoch  88  loss 1.4349  acc 0.3994  val_loss 1.4014  val_acc 0.4051
2026-04-08 19:51:46    Early stopping at epoch 88
2026-04-08 19:51:46    User5 accuracy: 0.4340
2026-04-08 19:51:46    ✓ New best model saved (User5 held out, acc=0.4340)
2026-04-08 19:51:46  ────────────────────────────────────────────────────────────
2026-04-08 19:51:46  LOSO fold — held-out: User6 (156 test windows, 2751 train windows)
2026-04-08 19:51:47    epoch   1  loss 2.0532  acc 0.2027  val_loss 1.8089  val_acc 0.2436
2026-04-08 19:51:48    epoch   2  loss 1.8129  acc 0.2625  val_loss 1.6797  val_acc 0.2836
2026-04-08 19:51:48    epoch   3  loss 1.7495  acc 0.2835  val_loss 1.6922  val_acc 0.2982
2026-04-08 19:51:49    epoch   4  loss 1.7226  acc 0.2859  val_loss 1.5819  val_acc 0.3164
2026-04-08 19:51:50    epoch   5  loss 1.6888  acc 0.2981  val_loss 1.5800  val_acc 0.3491
2026-04-08 19:51:50    epoch   6  loss 1.6807  acc 0.2916  val_loss 1.5680  val_acc 0.3382
2026-04-08 19:51:51    epoch   7  loss 1.6637  acc 0.3013  val_loss 1.6204  val_acc 0.3127
2026-04-08 19:51:52    epoch   8  loss 1.6556  acc 0.3118  val_loss 1.5226  val_acc 0.3418
2026-04-08 19:51:52    epoch   9  loss 1.6450  acc 0.3001  val_loss 1.5417  val_acc 0.3382
2026-04-08 19:51:53    epoch  10  loss 1.6017  acc 0.3187  val_loss 1.5032  val_acc 0.3455
2026-04-08 19:51:53    epoch  11  loss 1.6178  acc 0.3134  val_loss 1.5394  val_acc 0.3491
2026-04-08 19:51:54    epoch  12  loss 1.6252  acc 0.3219  val_loss 1.5052  val_acc 0.3345
2026-04-08 19:51:55    epoch  13  loss 1.6200  acc 0.3154  val_loss 1.5999  val_acc 0.2945
2026-04-08 19:51:55    epoch  14  loss 1.6022  acc 0.3284  val_loss 1.4868  val_acc 0.3782
2026-04-08 19:51:56    epoch  15  loss 1.5805  acc 0.3203  val_loss 1.4576  val_acc 0.3745
2026-04-08 19:51:57    epoch  16  loss 1.5776  acc 0.3267  val_loss 1.4806  val_acc 0.3636
2026-04-08 19:51:57    epoch  17  loss 1.6043  acc 0.3162  val_loss 1.4864  val_acc 0.3782
2026-04-08 19:51:58    epoch  18  loss 1.5769  acc 0.3166  val_loss 1.4383  val_acc 0.3855
2026-04-08 19:51:59    epoch  19  loss 1.5799  acc 0.3130  val_loss 1.4869  val_acc 0.3455
2026-04-08 19:51:59    epoch  20  loss 1.5743  acc 0.3389  val_loss 1.5005  val_acc 0.3673
2026-04-08 19:52:00    epoch  21  loss 1.5590  acc 0.3275  val_loss 1.4492  val_acc 0.3782
2026-04-08 19:52:00    epoch  22  loss 1.5635  acc 0.3425  val_loss 1.4645  val_acc 0.3527
2026-04-08 19:52:01    epoch  23  loss 1.5734  acc 0.3251  val_loss 1.4447  val_acc 0.3927
2026-04-08 19:52:02    epoch  24  loss 1.5497  acc 0.3389  val_loss 1.4419  val_acc 0.3927
2026-04-08 19:52:02    epoch  25  loss 1.5436  acc 0.3481  val_loss 1.4258  val_acc 0.3855
2026-04-08 19:52:03    epoch  26  loss 1.5235  acc 0.3578  val_loss 1.4227  val_acc 0.3745
2026-04-08 19:52:04    epoch  27  loss 1.5359  acc 0.3514  val_loss 1.4300  val_acc 0.4109
2026-04-08 19:52:04    epoch  28  loss 1.5320  acc 0.3542  val_loss 1.4193  val_acc 0.4255
2026-04-08 19:52:05    epoch  29  loss 1.5625  acc 0.3312  val_loss 1.4445  val_acc 0.3782
2026-04-08 19:52:06    epoch  30  loss 1.5582  acc 0.3356  val_loss 1.4506  val_acc 0.3855
2026-04-08 19:52:06    epoch  31  loss 1.5462  acc 0.3619  val_loss 1.4154  val_acc 0.4327
2026-04-08 19:52:07    epoch  32  loss 1.5270  acc 0.3574  val_loss 1.4257  val_acc 0.4036
2026-04-08 19:52:08    epoch  33  loss 1.5345  acc 0.3409  val_loss 1.4281  val_acc 0.4109
2026-04-08 19:52:08    epoch  34  loss 1.5488  acc 0.3489  val_loss 1.4105  val_acc 0.3891
2026-04-08 19:52:09    epoch  35  loss 1.5137  acc 0.3522  val_loss 1.4347  val_acc 0.3709
2026-04-08 19:52:10    epoch  36  loss 1.5251  acc 0.3675  val_loss 1.4327  val_acc 0.3891
2026-04-08 19:52:10    epoch  37  loss 1.5323  acc 0.3409  val_loss 1.4991  val_acc 0.3600
2026-04-08 19:52:11    epoch  38  loss 1.5407  acc 0.3566  val_loss 1.4106  val_acc 0.4182
2026-04-08 19:52:11    epoch  39  loss 1.5398  acc 0.3469  val_loss 1.4139  val_acc 0.4509
2026-04-08 19:52:12    epoch  40  loss 1.5255  acc 0.3675  val_loss 1.4068  val_acc 0.4255
2026-04-08 19:52:13    epoch  41  loss 1.5292  acc 0.3372  val_loss 1.4274  val_acc 0.4000
2026-04-08 19:52:13    epoch  42  loss 1.5003  acc 0.3627  val_loss 1.4133  val_acc 0.3891
2026-04-08 19:52:14    epoch  43  loss 1.5141  acc 0.3574  val_loss 1.3959  val_acc 0.4182
2026-04-08 19:52:15    epoch  44  loss 1.5108  acc 0.3530  val_loss 1.4057  val_acc 0.4364
2026-04-08 19:52:15    epoch  45  loss 1.5016  acc 0.3534  val_loss 1.3923  val_acc 0.4182
2026-04-08 19:52:16    epoch  46  loss 1.5286  acc 0.3615  val_loss 1.4033  val_acc 0.3964
2026-04-08 19:52:17    epoch  47  loss 1.5410  acc 0.3409  val_loss 1.4125  val_acc 0.4255
2026-04-08 19:52:17    epoch  48  loss 1.5062  acc 0.3651  val_loss 1.4112  val_acc 0.4218
2026-04-08 19:52:18    epoch  49  loss 1.5177  acc 0.3558  val_loss 1.3955  val_acc 0.4327
2026-04-08 19:52:19    epoch  50  loss 1.5104  acc 0.3663  val_loss 1.4050  val_acc 0.4327
2026-04-08 19:52:19    epoch  51  loss 1.5042  acc 0.3550  val_loss 1.3974  val_acc 0.4291
2026-04-08 19:52:20    epoch  52  loss 1.5094  acc 0.3623  val_loss 1.4089  val_acc 0.4073
2026-04-08 19:52:20    epoch  53  loss 1.4967  acc 0.3635  val_loss 1.3895  val_acc 0.4291
2026-04-08 19:52:21    epoch  54  loss 1.4976  acc 0.3760  val_loss 1.3962  val_acc 0.4255
2026-04-08 19:52:22    epoch  55  loss 1.5116  acc 0.3590  val_loss 1.3919  val_acc 0.4145
2026-04-08 19:52:22    epoch  56  loss 1.5079  acc 0.3570  val_loss 1.3942  val_acc 0.4473
2026-04-08 19:52:23    epoch  57  loss 1.5085  acc 0.3627  val_loss 1.3981  val_acc 0.4218
2026-04-08 19:52:24    epoch  58  loss 1.5189  acc 0.3663  val_loss 1.3969  val_acc 0.4400
2026-04-08 19:52:24    epoch  59  loss 1.4869  acc 0.3708  val_loss 1.3912  val_acc 0.4364
2026-04-08 19:52:25    epoch  60  loss 1.5008  acc 0.3748  val_loss 1.3894  val_acc 0.4327
2026-04-08 19:52:26    epoch  61  loss 1.5042  acc 0.3534  val_loss 1.3967  val_acc 0.4000
2026-04-08 19:52:26    epoch  62  loss 1.5017  acc 0.3643  val_loss 1.3905  val_acc 0.4255
2026-04-08 19:52:27    epoch  63  loss 1.4854  acc 0.3671  val_loss 1.3883  val_acc 0.4473
2026-04-08 19:52:27    epoch  64  loss 1.4834  acc 0.3671  val_loss 1.3926  val_acc 0.4327
2026-04-08 19:52:28    epoch  65  loss 1.5077  acc 0.3700  val_loss 1.3922  val_acc 0.4291
2026-04-08 19:52:29    epoch  66  loss 1.4997  acc 0.3679  val_loss 1.3908  val_acc 0.4218
2026-04-08 19:52:29    epoch  67  loss 1.4956  acc 0.3590  val_loss 1.3861  val_acc 0.4291
2026-04-08 19:52:30    epoch  68  loss 1.4980  acc 0.3708  val_loss 1.3891  val_acc 0.4364
2026-04-08 19:52:31    epoch  69  loss 1.4996  acc 0.3724  val_loss 1.4094  val_acc 0.4073
2026-04-08 19:52:31    epoch  70  loss 1.5097  acc 0.3574  val_loss 1.3902  val_acc 0.4327
2026-04-08 19:52:32    epoch  71  loss 1.4993  acc 0.3691  val_loss 1.3903  val_acc 0.4291
2026-04-08 19:52:33    epoch  72  loss 1.4894  acc 0.3776  val_loss 1.3874  val_acc 0.4255
2026-04-08 19:52:33    epoch  73  loss 1.4847  acc 0.3780  val_loss 1.3895  val_acc 0.4327
2026-04-08 19:52:34    epoch  74  loss 1.4990  acc 0.3704  val_loss 1.3911  val_acc 0.4218
2026-04-08 19:52:35    epoch  75  loss 1.4858  acc 0.3724  val_loss 1.3933  val_acc 0.4255
2026-04-08 19:52:35    Early stopping at epoch 75
2026-04-08 19:52:35    User6 accuracy: 0.3141
2026-04-08 19:52:35  ────────────────────────────────────────────────────────────
2026-04-08 19:52:35  LOSO fold — held-out: User7 (337 test windows, 2570 train windows)
2026-04-08 19:52:35    epoch   1  loss 2.1001  acc 0.1933  val_loss 1.7723  val_acc 0.2685
2026-04-08 19:52:36    epoch   2  loss 1.8323  acc 0.2568  val_loss 1.6754  val_acc 0.3230
2026-04-08 19:52:37    epoch   3  loss 1.7552  acc 0.2689  val_loss 1.5959  val_acc 0.3852
2026-04-08 19:52:37    epoch   4  loss 1.7282  acc 0.2953  val_loss 1.5708  val_acc 0.3541
2026-04-08 19:52:38    epoch   5  loss 1.6956  acc 0.2901  val_loss 1.5663  val_acc 0.3619
2026-04-08 19:52:39    epoch   6  loss 1.6886  acc 0.2897  val_loss 1.5392  val_acc 0.3735
2026-04-08 19:52:39    epoch   7  loss 1.7037  acc 0.2918  val_loss 1.6040  val_acc 0.3307
2026-04-08 19:52:40    epoch   8  loss 1.6768  acc 0.3065  val_loss 1.5725  val_acc 0.3307
2026-04-08 19:52:40    epoch   9  loss 1.6948  acc 0.2970  val_loss 1.5336  val_acc 0.3696
2026-04-08 19:52:41    epoch  10  loss 1.6327  acc 0.3048  val_loss 1.5373  val_acc 0.3502
2026-04-08 19:52:42    epoch  11  loss 1.6436  acc 0.3091  val_loss 1.5222  val_acc 0.3735
2026-04-08 19:52:42    epoch  12  loss 1.6305  acc 0.3147  val_loss 1.5047  val_acc 0.3735
2026-04-08 19:52:43    epoch  13  loss 1.6283  acc 0.3169  val_loss 1.5271  val_acc 0.3385
2026-04-08 19:52:43    epoch  14  loss 1.6092  acc 0.3173  val_loss 1.6221  val_acc 0.2957
2026-04-08 19:52:44    epoch  15  loss 1.6155  acc 0.3057  val_loss 1.5403  val_acc 0.3463
2026-04-08 19:52:45    epoch  16  loss 1.5996  acc 0.3264  val_loss 1.5350  val_acc 0.3268
2026-04-08 19:52:45    epoch  17  loss 1.5828  acc 0.3268  val_loss 1.5520  val_acc 0.3346
2026-04-08 19:52:46    epoch  18  loss 1.5901  acc 0.3303  val_loss 1.4748  val_acc 0.4008
2026-04-08 19:52:46    epoch  19  loss 1.5843  acc 0.3290  val_loss 1.4631  val_acc 0.3580
2026-04-08 19:52:47    epoch  20  loss 1.5757  acc 0.3134  val_loss 1.4716  val_acc 0.3619
2026-04-08 19:52:48    epoch  21  loss 1.5904  acc 0.3152  val_loss 1.4715  val_acc 0.3891
2026-04-08 19:52:48    epoch  22  loss 1.5581  acc 0.3325  val_loss 1.4764  val_acc 0.3735
2026-04-08 19:52:49    epoch  23  loss 1.5716  acc 0.3385  val_loss 1.4616  val_acc 0.3930
2026-04-08 19:52:49    epoch  24  loss 1.5652  acc 0.3290  val_loss 1.4474  val_acc 0.3930
2026-04-08 19:52:50    epoch  25  loss 1.5666  acc 0.3277  val_loss 1.4353  val_acc 0.3813
2026-04-08 19:52:51    epoch  26  loss 1.5703  acc 0.3364  val_loss 1.4643  val_acc 0.3619
2026-04-08 19:52:51    epoch  27  loss 1.5654  acc 0.3212  val_loss 1.4827  val_acc 0.3852
2026-04-08 19:52:52    epoch  28  loss 1.5734  acc 0.3446  val_loss 1.4981  val_acc 0.3502
2026-04-08 19:52:52    epoch  29  loss 1.5465  acc 0.3420  val_loss 1.4489  val_acc 0.3735
2026-04-08 19:52:53    epoch  30  loss 1.5668  acc 0.3346  val_loss 1.4336  val_acc 0.3852
2026-04-08 19:52:54    epoch  31  loss 1.5363  acc 0.3390  val_loss 1.4349  val_acc 0.3735
2026-04-08 19:52:54    epoch  32  loss 1.5652  acc 0.3316  val_loss 1.4330  val_acc 0.3852
2026-04-08 19:52:55    epoch  33  loss 1.5498  acc 0.3411  val_loss 1.4410  val_acc 0.3658
2026-04-08 19:52:55    epoch  34  loss 1.5535  acc 0.3359  val_loss 1.4456  val_acc 0.3735
2026-04-08 19:52:56    epoch  35  loss 1.5524  acc 0.3277  val_loss 1.4509  val_acc 0.3774
2026-04-08 19:52:57    epoch  36  loss 1.5534  acc 0.3346  val_loss 1.4324  val_acc 0.3969
2026-04-08 19:52:57    epoch  37  loss 1.5349  acc 0.3407  val_loss 1.4440  val_acc 0.3774
2026-04-08 19:52:58    epoch  38  loss 1.5471  acc 0.3364  val_loss 1.4582  val_acc 0.3774
2026-04-08 19:52:58    epoch  39  loss 1.5445  acc 0.3502  val_loss 1.4464  val_acc 0.4202
2026-04-08 19:52:59    epoch  40  loss 1.5448  acc 0.3364  val_loss 1.4426  val_acc 0.4047
2026-04-08 19:53:00    epoch  41  loss 1.5385  acc 0.3554  val_loss 1.4247  val_acc 0.3969
2026-04-08 19:53:00    epoch  42  loss 1.5393  acc 0.3415  val_loss 1.4294  val_acc 0.3969
2026-04-08 19:53:01    epoch  43  loss 1.5255  acc 0.3480  val_loss 1.4307  val_acc 0.4008
2026-04-08 19:53:01    epoch  44  loss 1.5258  acc 0.3433  val_loss 1.4487  val_acc 0.3852
2026-04-08 19:53:02    epoch  45  loss 1.5426  acc 0.3424  val_loss 1.5031  val_acc 0.3541
2026-04-08 19:53:02    epoch  46  loss 1.5480  acc 0.3325  val_loss 1.4228  val_acc 0.4125
2026-04-08 19:53:03    epoch  47  loss 1.5428  acc 0.3372  val_loss 1.4618  val_acc 0.3852
2026-04-08 19:53:04    epoch  48  loss 1.5333  acc 0.3498  val_loss 1.4404  val_acc 0.3969
2026-04-08 19:53:04    epoch  49  loss 1.5263  acc 0.3476  val_loss 1.4152  val_acc 0.3969
2026-04-08 19:53:05    epoch  50  loss 1.5644  acc 0.3381  val_loss 1.4566  val_acc 0.3735
2026-04-08 19:53:05    epoch  51  loss 1.5216  acc 0.3554  val_loss 1.4158  val_acc 0.4163
2026-04-08 19:53:06    epoch  52  loss 1.5312  acc 0.3377  val_loss 1.4524  val_acc 0.3891
2026-04-08 19:53:07    epoch  53  loss 1.5247  acc 0.3597  val_loss 1.4174  val_acc 0.4047
2026-04-08 19:53:07    epoch  54  loss 1.5427  acc 0.3407  val_loss 1.4209  val_acc 0.4241
2026-04-08 19:53:08    epoch  55  loss 1.5003  acc 0.3636  val_loss 1.4135  val_acc 0.4047
2026-04-08 19:53:08    epoch  56  loss 1.4981  acc 0.3541  val_loss 1.4081  val_acc 0.4047
2026-04-08 19:53:09    epoch  57  loss 1.5160  acc 0.3450  val_loss 1.4071  val_acc 0.3969
2026-04-08 19:53:10    epoch  58  loss 1.5195  acc 0.3567  val_loss 1.4304  val_acc 0.4086
2026-04-08 19:53:10    epoch  59  loss 1.5232  acc 0.3480  val_loss 1.4310  val_acc 0.4008
2026-04-08 19:53:11    epoch  60  loss 1.5299  acc 0.3666  val_loss 1.4277  val_acc 0.3891
2026-04-08 19:53:11    epoch  61  loss 1.5029  acc 0.3666  val_loss 1.4050  val_acc 0.4086
2026-04-08 19:53:12    epoch  62  loss 1.5171  acc 0.3614  val_loss 1.4021  val_acc 0.3930
2026-04-08 19:53:13    epoch  63  loss 1.5046  acc 0.3593  val_loss 1.3973  val_acc 0.4280
2026-04-08 19:53:13    epoch  64  loss 1.5168  acc 0.3524  val_loss 1.4047  val_acc 0.4125
2026-04-08 19:53:14    epoch  65  loss 1.5197  acc 0.3567  val_loss 1.4094  val_acc 0.4319
2026-04-08 19:53:14    epoch  66  loss 1.5035  acc 0.3545  val_loss 1.3965  val_acc 0.4125
2026-04-08 19:53:15    epoch  67  loss 1.5309  acc 0.3415  val_loss 1.4255  val_acc 0.4047
2026-04-08 19:53:16    epoch  68  loss 1.5099  acc 0.3584  val_loss 1.4218  val_acc 0.4008
2026-04-08 19:53:16    epoch  69  loss 1.5247  acc 0.3571  val_loss 1.4181  val_acc 0.3930
2026-04-08 19:53:17    epoch  70  loss 1.5038  acc 0.3515  val_loss 1.4416  val_acc 0.3891
2026-04-08 19:53:17    epoch  71  loss 1.5132  acc 0.3593  val_loss 1.4212  val_acc 0.4280
2026-04-08 19:53:18    epoch  72  loss 1.4964  acc 0.3623  val_loss 1.4304  val_acc 0.3969
2026-04-08 19:53:19    epoch  73  loss 1.4997  acc 0.3696  val_loss 1.4050  val_acc 0.4008
2026-04-08 19:53:19    epoch  74  loss 1.5092  acc 0.3627  val_loss 1.4213  val_acc 0.4125
2026-04-08 19:53:19    Early stopping at epoch 74
2026-04-08 19:53:19    User7 accuracy: 0.3650
2026-04-08 19:53:20  ────────────────────────────────────────────────────────────
2026-04-08 19:53:20  LOSO fold — held-out: User8 (304 test windows, 2603 train windows)
2026-04-08 19:53:20    epoch   1  loss 2.0671  acc 0.2151  val_loss 1.8016  val_acc 0.3000
2026-04-08 19:53:21    epoch   2  loss 1.8399  acc 0.2676  val_loss 1.7120  val_acc 0.3077
2026-04-08 19:53:21    epoch   3  loss 1.7735  acc 0.2672  val_loss 1.6453  val_acc 0.3346
2026-04-08 19:53:22    epoch   4  loss 1.7189  acc 0.2975  val_loss 1.6591  val_acc 0.2731
2026-04-08 19:53:23    epoch   5  loss 1.6999  acc 0.2953  val_loss 1.6346  val_acc 0.2846
2026-04-08 19:53:23    epoch   6  loss 1.7003  acc 0.3056  val_loss 1.6259  val_acc 0.2692
2026-04-08 19:53:24    epoch   7  loss 1.6756  acc 0.3175  val_loss 1.5937  val_acc 0.3538
2026-04-08 19:53:24    epoch   8  loss 1.6495  acc 0.3124  val_loss 1.5876  val_acc 0.3115
2026-04-08 19:53:25    epoch   9  loss 1.6522  acc 0.3154  val_loss 1.6138  val_acc 0.3692
2026-04-08 19:53:26    epoch  10  loss 1.6414  acc 0.3141  val_loss 1.5689  val_acc 0.3577
2026-04-08 19:53:26    epoch  11  loss 1.6358  acc 0.3201  val_loss 1.5575  val_acc 0.3231
2026-04-08 19:53:27    epoch  12  loss 1.6044  acc 0.3222  val_loss 1.5862  val_acc 0.3923
2026-04-08 19:53:28    epoch  13  loss 1.6213  acc 0.3316  val_loss 1.5353  val_acc 0.3846
2026-04-08 19:53:28    epoch  14  loss 1.6159  acc 0.3265  val_loss 1.5521  val_acc 0.3308
2026-04-08 19:53:29    epoch  15  loss 1.5980  acc 0.3406  val_loss 1.5863  val_acc 0.3654
2026-04-08 19:53:29    epoch  16  loss 1.5912  acc 0.3338  val_loss 1.5326  val_acc 0.4000
2026-04-08 19:53:30    epoch  17  loss 1.5782  acc 0.3470  val_loss 1.5323  val_acc 0.3846
2026-04-08 19:53:31    epoch  18  loss 1.5927  acc 0.3231  val_loss 1.5449  val_acc 0.4000
2026-04-08 19:53:31    epoch  19  loss 1.6017  acc 0.3410  val_loss 1.5351  val_acc 0.3923
2026-04-08 19:53:32    epoch  20  loss 1.5876  acc 0.3342  val_loss 1.5703  val_acc 0.3846
2026-04-08 19:53:32    epoch  21  loss 1.5877  acc 0.3321  val_loss 1.5414  val_acc 0.4154
2026-04-08 19:53:33    epoch  22  loss 1.5848  acc 0.3470  val_loss 1.5576  val_acc 0.3346
2026-04-08 19:53:34    epoch  23  loss 1.5570  acc 0.3423  val_loss 1.5239  val_acc 0.3462
2026-04-08 19:53:34    epoch  24  loss 1.5894  acc 0.3312  val_loss 1.4991  val_acc 0.3923
2026-04-08 19:53:35    epoch  25  loss 1.5553  acc 0.3496  val_loss 1.5091  val_acc 0.4038
2026-04-08 19:53:35    epoch  26  loss 1.5545  acc 0.3513  val_loss 1.5120  val_acc 0.3423
2026-04-08 19:53:36    epoch  27  loss 1.5533  acc 0.3517  val_loss 1.4864  val_acc 0.4154
2026-04-08 19:53:37    epoch  28  loss 1.5600  acc 0.3414  val_loss 1.5465  val_acc 0.3500
2026-04-08 19:53:37    epoch  29  loss 1.5312  acc 0.3658  val_loss 1.5053  val_acc 0.4192
2026-04-08 19:53:38    epoch  30  loss 1.5482  acc 0.3547  val_loss 1.4995  val_acc 0.4192
2026-04-08 19:53:38    epoch  31  loss 1.5333  acc 0.3530  val_loss 1.4966  val_acc 0.4077
2026-04-08 19:53:39    epoch  32  loss 1.5421  acc 0.3530  val_loss 1.4959  val_acc 0.4192
2026-04-08 19:53:40    epoch  33  loss 1.5394  acc 0.3611  val_loss 1.5293  val_acc 0.4308
2026-04-08 19:53:40    epoch  34  loss 1.5283  acc 0.3487  val_loss 1.4876  val_acc 0.4154
2026-04-08 19:53:41    epoch  35  loss 1.5390  acc 0.3564  val_loss 1.5132  val_acc 0.3846
2026-04-08 19:53:41    Early stopping at epoch 35
2026-04-08 19:53:41    User8 accuracy: 0.3454
2026-04-08 19:53:41  ────────────────────────────────────────────────────────────
2026-04-08 19:53:41  LOSO fold — held-out: User9 (336 test windows, 2571 train windows)
2026-04-08 19:53:42    epoch   1  loss 2.0786  acc 0.2174  val_loss 1.8123  val_acc 0.2374
2026-04-08 19:53:42    epoch   2  loss 1.8369  acc 0.2679  val_loss 1.7218  val_acc 0.2802
2026-04-08 19:53:43    epoch   3  loss 1.7714  acc 0.2835  val_loss 1.6251  val_acc 0.2879
2026-04-08 19:53:44    epoch   4  loss 1.7423  acc 0.2844  val_loss 1.6161  val_acc 0.3035
2026-04-08 19:53:44    epoch   5  loss 1.7108  acc 0.3021  val_loss 1.5815  val_acc 0.3152
2026-04-08 19:53:45    epoch   6  loss 1.6804  acc 0.3142  val_loss 1.5656  val_acc 0.3113
2026-04-08 19:53:45    epoch   7  loss 1.6690  acc 0.3021  val_loss 1.5450  val_acc 0.3113
2026-04-08 19:53:46    epoch   8  loss 1.6404  acc 0.3176  val_loss 1.5355  val_acc 0.3424
2026-04-08 19:53:47    epoch   9  loss 1.6682  acc 0.3129  val_loss 1.5480  val_acc 0.3307
2026-04-08 19:53:47    epoch  10  loss 1.6470  acc 0.3090  val_loss 1.5522  val_acc 0.3152
2026-04-08 19:53:48    epoch  11  loss 1.6514  acc 0.3107  val_loss 1.5651  val_acc 0.3152
2026-04-08 19:53:48    epoch  12  loss 1.6354  acc 0.3194  val_loss 1.5232  val_acc 0.3424
2026-04-08 19:53:49    epoch  13  loss 1.6329  acc 0.3176  val_loss 1.5160  val_acc 0.3619
2026-04-08 19:53:50    epoch  14  loss 1.5922  acc 0.3431  val_loss 1.5584  val_acc 0.2802
2026-04-08 19:53:50    epoch  15  loss 1.6086  acc 0.3289  val_loss 1.4809  val_acc 0.3346
2026-04-08 19:53:51    epoch  16  loss 1.5925  acc 0.3336  val_loss 1.4789  val_acc 0.3541
2026-04-08 19:53:51    epoch  17  loss 1.5933  acc 0.3302  val_loss 1.4674  val_acc 0.3307
2026-04-08 19:53:52    epoch  18  loss 1.5784  acc 0.3475  val_loss 1.5175  val_acc 0.3307
2026-04-08 19:53:53    epoch  19  loss 1.5724  acc 0.3423  val_loss 1.4617  val_acc 0.3346
2026-04-08 19:53:53    epoch  20  loss 1.5776  acc 0.3379  val_loss 1.4550  val_acc 0.3385
2026-04-08 19:53:54    epoch  21  loss 1.5509  acc 0.3410  val_loss 1.4979  val_acc 0.3463
2026-04-08 19:53:54    epoch  22  loss 1.5666  acc 0.3405  val_loss 1.4496  val_acc 0.3463
2026-04-08 19:53:55    epoch  23  loss 1.5608  acc 0.3358  val_loss 1.4590  val_acc 0.3619
2026-04-08 19:53:56    epoch  24  loss 1.5801  acc 0.3453  val_loss 1.4722  val_acc 0.3580
2026-04-08 19:53:56    epoch  25  loss 1.5640  acc 0.3475  val_loss 1.4816  val_acc 0.3774
2026-04-08 19:53:57    epoch  26  loss 1.5695  acc 0.3509  val_loss 1.4797  val_acc 0.3307
2026-04-08 19:53:57    epoch  27  loss 1.5584  acc 0.3440  val_loss 1.4706  val_acc 0.3502
2026-04-08 19:53:58    epoch  28  loss 1.5324  acc 0.3634  val_loss 1.4511  val_acc 0.3891
2026-04-08 19:53:59    epoch  29  loss 1.5492  acc 0.3453  val_loss 1.4477  val_acc 0.3969
2026-04-08 19:53:59    epoch  30  loss 1.5364  acc 0.3431  val_loss 1.4421  val_acc 0.3619
2026-04-08 19:54:00    epoch  31  loss 1.5349  acc 0.3604  val_loss 1.4379  val_acc 0.3580
2026-04-08 19:54:00    epoch  32  loss 1.5312  acc 0.3682  val_loss 1.4665  val_acc 0.3502
2026-04-08 19:54:01    epoch  33  loss 1.5270  acc 0.3518  val_loss 1.4303  val_acc 0.3735
2026-04-08 19:54:02    epoch  34  loss 1.5343  acc 0.3596  val_loss 1.4377  val_acc 0.3541
2026-04-08 19:54:02    epoch  35  loss 1.5097  acc 0.3617  val_loss 1.5210  val_acc 0.3580
2026-04-08 19:54:03    epoch  36  loss 1.4999  acc 0.3647  val_loss 1.4303  val_acc 0.3852
2026-04-08 19:54:03    epoch  37  loss 1.5408  acc 0.3634  val_loss 1.4539  val_acc 0.4047
2026-04-08 19:54:04    epoch  38  loss 1.5046  acc 0.3634  val_loss 1.4268  val_acc 0.3852
2026-04-08 19:54:05    epoch  39  loss 1.5243  acc 0.3686  val_loss 1.4402  val_acc 0.3619
2026-04-08 19:54:05    epoch  40  loss 1.5151  acc 0.3729  val_loss 1.4393  val_acc 0.3735
2026-04-08 19:54:06    epoch  41  loss 1.5334  acc 0.3578  val_loss 1.4172  val_acc 0.3580
2026-04-08 19:54:06    epoch  42  loss 1.5417  acc 0.3587  val_loss 1.4562  val_acc 0.3696
2026-04-08 19:54:07    epoch  43  loss 1.5266  acc 0.3596  val_loss 1.4293  val_acc 0.3930
2026-04-08 19:54:08    epoch  44  loss 1.5124  acc 0.3604  val_loss 1.4314  val_acc 0.3930
2026-04-08 19:54:08    epoch  45  loss 1.5293  acc 0.3513  val_loss 1.4472  val_acc 0.3619
2026-04-08 19:54:09    epoch  46  loss 1.5165  acc 0.3760  val_loss 1.4522  val_acc 0.3619
2026-04-08 19:54:09    epoch  47  loss 1.5164  acc 0.3608  val_loss 1.4317  val_acc 0.3658
2026-04-08 19:54:10    epoch  48  loss 1.5046  acc 0.3548  val_loss 1.4162  val_acc 0.3735
2026-04-08 19:54:11    epoch  49  loss 1.5058  acc 0.3621  val_loss 1.4334  val_acc 0.3735
2026-04-08 19:54:11    epoch  50  loss 1.4973  acc 0.3781  val_loss 1.4203  val_acc 0.3385
2026-04-08 19:54:12    epoch  51  loss 1.5045  acc 0.3786  val_loss 1.4192  val_acc 0.3735
2026-04-08 19:54:12    epoch  52  loss 1.4933  acc 0.3729  val_loss 1.4221  val_acc 0.3580
2026-04-08 19:54:13    epoch  53  loss 1.4989  acc 0.3656  val_loss 1.4256  val_acc 0.3658
2026-04-08 19:54:14    epoch  54  loss 1.4953  acc 0.3686  val_loss 1.4192  val_acc 0.3696
2026-04-08 19:54:14    epoch  55  loss 1.5117  acc 0.3639  val_loss 1.4066  val_acc 0.3813
2026-04-08 19:54:15    epoch  56  loss 1.5059  acc 0.3777  val_loss 1.4117  val_acc 0.3852
2026-04-08 19:54:15    epoch  57  loss 1.5134  acc 0.3712  val_loss 1.4154  val_acc 0.3735
2026-04-08 19:54:16    epoch  58  loss 1.4828  acc 0.3660  val_loss 1.4124  val_acc 0.3852
2026-04-08 19:54:17    epoch  59  loss 1.5026  acc 0.3941  val_loss 1.4210  val_acc 0.3891
2026-04-08 19:54:17    epoch  60  loss 1.4822  acc 0.3790  val_loss 1.4199  val_acc 0.3930
2026-04-08 19:54:18    epoch  61  loss 1.4832  acc 0.3751  val_loss 1.4078  val_acc 0.4047
2026-04-08 19:54:18    epoch  62  loss 1.4833  acc 0.3894  val_loss 1.4077  val_acc 0.3774
2026-04-08 19:54:19    epoch  63  loss 1.4804  acc 0.3678  val_loss 1.4540  val_acc 0.3658
2026-04-08 19:54:19    Early stopping at epoch 63
2026-04-08 19:54:19    User9 accuracy: 0.2232
2026-04-08 19:54:19  ────────────────────────────────────────────────────────────
2026-04-08 19:54:19  LOSO fold — held-out: User10 (335 test windows, 2572 train windows)
2026-04-08 19:54:20    epoch   1  loss 2.0702  acc 0.1974  val_loss 1.7344  val_acc 0.2879
2026-04-08 19:54:20    epoch   2  loss 1.8012  acc 0.2587  val_loss 1.6554  val_acc 0.3035
2026-04-08 19:54:21    epoch   3  loss 1.7452  acc 0.2795  val_loss 1.6080  val_acc 0.3230
2026-04-08 19:54:22    epoch   4  loss 1.7101  acc 0.2907  val_loss 1.6413  val_acc 0.2918
2026-04-08 19:54:22    epoch   5  loss 1.6841  acc 0.3015  val_loss 1.5845  val_acc 0.3191
2026-04-08 19:54:23    epoch   6  loss 1.6922  acc 0.3002  val_loss 1.5649  val_acc 0.3152
2026-04-08 19:54:23    epoch   7  loss 1.6614  acc 0.3054  val_loss 1.5626  val_acc 0.3074
2026-04-08 19:54:24    epoch   8  loss 1.6549  acc 0.2959  val_loss 1.5579  val_acc 0.3230
2026-04-08 19:54:25    epoch   9  loss 1.6417  acc 0.3175  val_loss 1.5484  val_acc 0.3152
2026-04-08 19:54:25    epoch  10  loss 1.6414  acc 0.3201  val_loss 1.5578  val_acc 0.2957
2026-04-08 19:54:26    epoch  11  loss 1.6303  acc 0.3261  val_loss 1.5418  val_acc 0.3113
2026-04-08 19:54:26    epoch  12  loss 1.6034  acc 0.3313  val_loss 1.5331  val_acc 0.3385
2026-04-08 19:54:27    epoch  13  loss 1.5995  acc 0.3348  val_loss 1.5221  val_acc 0.3191
2026-04-08 19:54:28    epoch  14  loss 1.5900  acc 0.3425  val_loss 1.5060  val_acc 0.3230
2026-04-08 19:54:28    epoch  15  loss 1.5939  acc 0.3361  val_loss 1.5276  val_acc 0.3230
2026-04-08 19:54:29    epoch  16  loss 1.5733  acc 0.3413  val_loss 1.5400  val_acc 0.3268
2026-04-08 19:54:29    epoch  17  loss 1.5755  acc 0.3313  val_loss 1.4952  val_acc 0.3268
2026-04-08 19:54:30    epoch  18  loss 1.6075  acc 0.3296  val_loss 1.5061  val_acc 0.3191
2026-04-08 19:54:31    epoch  19  loss 1.6099  acc 0.3279  val_loss 1.5391  val_acc 0.3230
2026-04-08 19:54:31    epoch  20  loss 1.5730  acc 0.3434  val_loss 1.5526  val_acc 0.3035
2026-04-08 19:54:32    epoch  21  loss 1.5871  acc 0.3607  val_loss 1.5152  val_acc 0.3346
2026-04-08 19:54:32    epoch  22  loss 1.6054  acc 0.3274  val_loss 1.5126  val_acc 0.3346
2026-04-08 19:54:33    epoch  23  loss 1.5565  acc 0.3508  val_loss 1.5185  val_acc 0.3152
2026-04-08 19:54:34    epoch  24  loss 1.5546  acc 0.3616  val_loss 1.4875  val_acc 0.3152
2026-04-08 19:54:34    epoch  25  loss 1.5438  acc 0.3469  val_loss 1.4949  val_acc 0.3307
2026-04-08 19:54:35    epoch  26  loss 1.5582  acc 0.3572  val_loss 1.4700  val_acc 0.3346
2026-04-08 19:54:35    epoch  27  loss 1.5543  acc 0.3477  val_loss 1.5100  val_acc 0.3230
2026-04-08 19:54:36    epoch  28  loss 1.5787  acc 0.3460  val_loss 1.4913  val_acc 0.3191
2026-04-08 19:54:37    epoch  29  loss 1.5527  acc 0.3490  val_loss 1.4822  val_acc 0.3463
2026-04-08 19:54:37    epoch  30  loss 1.5576  acc 0.3585  val_loss 1.5283  val_acc 0.3268
2026-04-08 19:54:38    epoch  31  loss 1.5407  acc 0.3477  val_loss 1.5002  val_acc 0.3385
2026-04-08 19:54:38    epoch  32  loss 1.5864  acc 0.3365  val_loss 1.4723  val_acc 0.3502
2026-04-08 19:54:39    epoch  33  loss 1.5383  acc 0.3533  val_loss 1.4812  val_acc 0.3502
2026-04-08 19:54:40    epoch  34  loss 1.5511  acc 0.3546  val_loss 1.4749  val_acc 0.3346
2026-04-08 19:54:40    Early stopping at epoch 34
2026-04-08 19:54:40    User10 accuracy: 0.3104
2026-04-08 19:54:40  ────────────────────────────────────────────────────────────
2026-04-08 19:54:40  LOSO fold — held-out: User11 (353 test windows, 2554 train windows)
2026-04-08 19:54:40    epoch   1  loss 2.0699  acc 0.2101  val_loss 1.8165  val_acc 0.2392
2026-04-08 19:54:41    epoch   2  loss 1.8280  acc 0.2527  val_loss 1.7260  val_acc 0.2627
2026-04-08 19:54:42    epoch   3  loss 1.7579  acc 0.2779  val_loss 1.6743  val_acc 0.3059
2026-04-08 19:54:42    epoch   4  loss 1.6955  acc 0.3149  val_loss 1.6679  val_acc 0.2902
2026-04-08 19:54:43    epoch   5  loss 1.6701  acc 0.3027  val_loss 1.6252  val_acc 0.3137
2026-04-08 19:54:43    epoch   6  loss 1.6512  acc 0.3140  val_loss 1.6309  val_acc 0.2706
2026-04-08 19:54:44    epoch   7  loss 1.6502  acc 0.2984  val_loss 1.6201  val_acc 0.3059
2026-04-08 19:54:45    epoch   8  loss 1.6309  acc 0.3080  val_loss 1.5954  val_acc 0.3137
2026-04-08 19:54:45    epoch   9  loss 1.6398  acc 0.3127  val_loss 1.6042  val_acc 0.3294
2026-04-08 19:54:46    epoch  10  loss 1.6243  acc 0.3127  val_loss 1.6000  val_acc 0.3216
2026-04-08 19:54:46    epoch  11  loss 1.6237  acc 0.3075  val_loss 1.6080  val_acc 0.3137
2026-04-08 19:54:47    epoch  12  loss 1.6329  acc 0.3162  val_loss 1.5844  val_acc 0.2941
2026-04-08 19:54:48    epoch  13  loss 1.6295  acc 0.3158  val_loss 1.5795  val_acc 0.3098
2026-04-08 19:54:48    epoch  14  loss 1.5873  acc 0.3136  val_loss 1.6149  val_acc 0.3137
2026-04-08 19:54:49    epoch  15  loss 1.5878  acc 0.3254  val_loss 1.6557  val_acc 0.3059
2026-04-08 19:54:49    epoch  16  loss 1.6021  acc 0.3162  val_loss 1.5625  val_acc 0.3451
2026-04-08 19:54:50    epoch  17  loss 1.5733  acc 0.3297  val_loss 1.5679  val_acc 0.3216
2026-04-08 19:54:50    epoch  18  loss 1.5946  acc 0.3175  val_loss 1.6861  val_acc 0.3137
2026-04-08 19:54:51    epoch  19  loss 1.5780  acc 0.3206  val_loss 1.6031  val_acc 0.3020
2026-04-08 19:54:52    epoch  20  loss 1.5715  acc 0.3354  val_loss 1.5587  val_acc 0.3176
2026-04-08 19:54:52    epoch  21  loss 1.5744  acc 0.3236  val_loss 1.6021  val_acc 0.3137
2026-04-08 19:54:53    epoch  22  loss 1.5572  acc 0.3384  val_loss 1.5471  val_acc 0.3569
2026-04-08 19:54:53    epoch  23  loss 1.5625  acc 0.3297  val_loss 1.5430  val_acc 0.3333
2026-04-08 19:54:54    epoch  24  loss 1.5556  acc 0.3502  val_loss 1.5636  val_acc 0.3216
2026-04-08 19:54:55    epoch  25  loss 1.5505  acc 0.3441  val_loss 1.5689  val_acc 0.3333
2026-04-08 19:54:55    epoch  26  loss 1.5647  acc 0.3432  val_loss 1.5559  val_acc 0.3569
2026-04-08 19:54:56    epoch  27  loss 1.5605  acc 0.3367  val_loss 1.5773  val_acc 0.3490
2026-04-08 19:54:56    epoch  28  loss 1.5760  acc 0.3336  val_loss 1.5838  val_acc 0.3333
2026-04-08 19:54:57    epoch  29  loss 1.5412  acc 0.3297  val_loss 1.5370  val_acc 0.3412
2026-04-08 19:54:58    epoch  30  loss 1.5448  acc 0.3293  val_loss 1.5433  val_acc 0.3451
2026-04-08 19:54:58    epoch  31  loss 1.5185  acc 0.3475  val_loss 1.5456  val_acc 0.3373
2026-04-08 19:54:59    epoch  32  loss 1.5226  acc 0.3528  val_loss 1.5751  val_acc 0.3020
2026-04-08 19:54:59    epoch  33  loss 1.5261  acc 0.3519  val_loss 1.5438  val_acc 0.3216
2026-04-08 19:55:00    epoch  34  loss 1.5276  acc 0.3458  val_loss 1.5547  val_acc 0.3216
2026-04-08 19:55:00    epoch  35  loss 1.5392  acc 0.3406  val_loss 1.5487  val_acc 0.3294
2026-04-08 19:55:01    epoch  36  loss 1.5100  acc 0.3628  val_loss 1.5562  val_acc 0.3412
2026-04-08 19:55:02    epoch  37  loss 1.5171  acc 0.3584  val_loss 1.5464  val_acc 0.3176
2026-04-08 19:55:02    Early stopping at epoch 37
2026-04-08 19:55:02    User11 accuracy: 0.3626
2026-04-08 19:55:02  ────────────────────────────────────────────────────────────
2026-04-08 19:55:02  LOSO fold — held-out: User12 (293 test windows, 2614 train windows)
2026-04-08 19:55:03    epoch   1  loss 2.0821  acc 0.2031  val_loss 1.7702  val_acc 0.2490
2026-04-08 19:55:03    epoch   2  loss 1.8025  acc 0.2665  val_loss 1.6268  val_acc 0.2874
2026-04-08 19:55:04    epoch   3  loss 1.7267  acc 0.2881  val_loss 1.6130  val_acc 0.3103
2026-04-08 19:55:04    epoch   4  loss 1.6860  acc 0.2992  val_loss 1.5931  val_acc 0.3180
2026-04-08 19:55:05    epoch   5  loss 1.6531  acc 0.3119  val_loss 1.5845  val_acc 0.3180
2026-04-08 19:55:06    epoch   6  loss 1.6597  acc 0.3073  val_loss 1.6496  val_acc 0.2797
2026-04-08 19:55:06    epoch   7  loss 1.6190  acc 0.3145  val_loss 1.5581  val_acc 0.3142
2026-04-08 19:55:07    epoch   8  loss 1.6235  acc 0.3111  val_loss 1.5980  val_acc 0.3103
2026-04-08 19:55:07    epoch   9  loss 1.6235  acc 0.3060  val_loss 1.5512  val_acc 0.3448
2026-04-08 19:55:08    epoch  10  loss 1.5969  acc 0.3077  val_loss 1.5241  val_acc 0.3525
2026-04-08 19:55:09    epoch  11  loss 1.5950  acc 0.3217  val_loss 1.5351  val_acc 0.3602
2026-04-08 19:55:09    epoch  12  loss 1.5817  acc 0.3298  val_loss 1.5305  val_acc 0.3525
2026-04-08 19:55:10    epoch  13  loss 1.5638  acc 0.3336  val_loss 1.5699  val_acc 0.3103
2026-04-08 19:55:11    epoch  14  loss 1.5929  acc 0.3311  val_loss 1.5136  val_acc 0.3487
2026-04-08 19:55:11    epoch  15  loss 1.5377  acc 0.3600  val_loss 1.7759  val_acc 0.2720
2026-04-08 19:55:12    epoch  16  loss 1.5871  acc 0.3349  val_loss 1.5485  val_acc 0.2989
2026-04-08 19:55:12    epoch  17  loss 1.5479  acc 0.3472  val_loss 1.5084  val_acc 0.3448
2026-04-08 19:55:13    epoch  18  loss 1.5465  acc 0.3493  val_loss 1.4862  val_acc 0.3716
2026-04-08 19:55:14    epoch  19  loss 1.5685  acc 0.3413  val_loss 1.5428  val_acc 0.3602
2026-04-08 19:55:14    epoch  20  loss 1.5687  acc 0.3285  val_loss 1.5172  val_acc 0.3180
2026-04-08 19:55:15    epoch  21  loss 1.5855  acc 0.3442  val_loss 1.5088  val_acc 0.3410
2026-04-08 19:55:15    epoch  22  loss 1.5576  acc 0.3383  val_loss 1.4928  val_acc 0.3602
2026-04-08 19:55:16    epoch  23  loss 1.5341  acc 0.3408  val_loss 1.5578  val_acc 0.3333
2026-04-08 19:55:17    epoch  24  loss 1.5276  acc 0.3498  val_loss 1.4718  val_acc 0.3640
2026-04-08 19:55:17    epoch  25  loss 1.4941  acc 0.3549  val_loss 1.4694  val_acc 0.3640
2026-04-08 19:55:18    epoch  26  loss 1.5457  acc 0.3583  val_loss 1.5033  val_acc 0.3218
2026-04-08 19:55:18    epoch  27  loss 1.5231  acc 0.3591  val_loss 1.4982  val_acc 0.3218
2026-04-08 19:55:19    epoch  28  loss 1.5102  acc 0.3540  val_loss 1.4663  val_acc 0.3640
2026-04-08 19:55:20    epoch  29  loss 1.5256  acc 0.3625  val_loss 1.4574  val_acc 0.4023
2026-04-08 19:55:20    epoch  30  loss 1.5045  acc 0.3634  val_loss 1.4820  val_acc 0.3563
2026-04-08 19:55:21    epoch  31  loss 1.5016  acc 0.3655  val_loss 1.4573  val_acc 0.3716
2026-04-08 19:55:21    epoch  32  loss 1.5315  acc 0.3553  val_loss 1.4813  val_acc 0.3410
2026-04-08 19:55:22    epoch  33  loss 1.5097  acc 0.3672  val_loss 1.4576  val_acc 0.3640
2026-04-08 19:55:23    epoch  34  loss 1.5042  acc 0.3553  val_loss 1.5161  val_acc 0.3142
2026-04-08 19:55:23    epoch  35  loss 1.5260  acc 0.3685  val_loss 1.4746  val_acc 0.3487
2026-04-08 19:55:24    epoch  36  loss 1.5154  acc 0.3570  val_loss 1.4643  val_acc 0.3448
2026-04-08 19:55:24    epoch  37  loss 1.5038  acc 0.3523  val_loss 1.4529  val_acc 0.3831
2026-04-08 19:55:25    epoch  38  loss 1.5071  acc 0.3663  val_loss 1.5036  val_acc 0.3218
2026-04-08 19:55:26    epoch  39  loss 1.5020  acc 0.3617  val_loss 1.4439  val_acc 0.3755
2026-04-08 19:55:26    epoch  40  loss 1.4862  acc 0.3663  val_loss 1.4550  val_acc 0.3640
2026-04-08 19:55:27    epoch  41  loss 1.4969  acc 0.3663  val_loss 1.4761  val_acc 0.3640
2026-04-08 19:55:27    epoch  42  loss 1.4826  acc 0.3731  val_loss 1.4685  val_acc 0.3640
2026-04-08 19:55:28    epoch  43  loss 1.4762  acc 0.3736  val_loss 1.4498  val_acc 0.3755
2026-04-08 19:55:28    epoch  44  loss 1.4853  acc 0.3884  val_loss 1.4651  val_acc 0.3602
2026-04-08 19:55:29    epoch  45  loss 1.4767  acc 0.3757  val_loss 1.4285  val_acc 0.3716
2026-04-08 19:55:30    epoch  46  loss 1.5225  acc 0.3561  val_loss 1.4633  val_acc 0.3563
2026-04-08 19:55:30    epoch  47  loss 1.4763  acc 0.3778  val_loss 1.4375  val_acc 0.3831
2026-04-08 19:55:31    epoch  48  loss 1.4898  acc 0.3634  val_loss 1.4392  val_acc 0.3755
2026-04-08 19:55:31    epoch  49  loss 1.4939  acc 0.3770  val_loss 1.4414  val_acc 0.3755
2026-04-08 19:55:32    epoch  50  loss 1.4755  acc 0.3727  val_loss 1.4377  val_acc 0.3870
2026-04-08 19:55:33    epoch  51  loss 1.4885  acc 0.3689  val_loss 1.4462  val_acc 0.3716
2026-04-08 19:55:33    epoch  52  loss 1.4841  acc 0.3723  val_loss 1.4815  val_acc 0.3180
2026-04-08 19:55:34    epoch  53  loss 1.4900  acc 0.3655  val_loss 1.4336  val_acc 0.3985
2026-04-08 19:55:34    Early stopping at epoch 53
2026-04-08 19:55:34    User12 accuracy: 0.3345
2026-04-08 19:55:34  Best model: /home/mahmudm2/codebase/ClassyGlass/scripts/benchmark/models/cnn_best_W500_S500.pth  (acc=0.4340)
2026-04-08 19:55:34  ============================================================
2026-04-08 19:55:34  LOSO SUMMARY
2026-04-08 19:55:34  ============================================================
2026-04-08 19:55:34    User1: 0.2485
2026-04-08 19:55:34    User2: 0.4276
2026-04-08 19:55:34    User3: 0.3677
2026-04-08 19:55:34    User4: 0.3025
2026-04-08 19:55:34    User5: 0.4340
2026-04-08 19:55:34    User6: 0.3141
2026-04-08 19:55:34    User7: 0.3650
2026-04-08 19:55:34    User8: 0.3454
2026-04-08 19:55:34    User9: 0.2232
2026-04-08 19:55:34    User10: 0.3104
2026-04-08 19:55:34    User11: 0.3626
2026-04-08 19:55:34    User12: 0.3345
2026-04-08 19:55:34    Mean accuracy : 0.3363
2026-04-08 19:55:34    Std  accuracy : 0.0601
2026-04-08 19:55:34  ============================================================
2026-04-08 19:55:34  CLASSIFICATION REPORT (all folds combined)
2026-04-08 19:55:34  ============================================================
2026-04-08 19:55:34  
                            precision    recall  f1-score   support

         Sitting – Reading       0.17      0.10      0.13       278
         Sitting – Writing       0.28      0.21      0.24       307
         Computer – Typing       0.22      0.11      0.15       305
       Computer – Browsing       0.29      0.60      0.39       311
Sitting – Moving head/body       0.24      0.30      0.27       268
    Sitting – Moving chair       0.21      0.08      0.12       306
     Stand up from sitting       0.32      0.53      0.40       363
                  Standing       0.17      0.01      0.03       204
                   Walking       0.44      0.66      0.53       241
                   Running       0.67      0.80      0.73       235
             Taking stairs       0.00      0.00      0.00        89

                  accuracy                           0.33      2907
                 macro avg       0.27      0.31      0.27      2907
              weighted avg       0.29      0.33      0.29      2907

2026-04-08 19:55:34  Confusion matrix saved to: /home/mahmudm2/codebase/ClassyGlass/scripts/benchmark/figures/cnn_confusion_matrix_W500_S500.png
2026-04-08 19:55:35  Per-subject accuracy chart saved to: /home/mahmudm2/codebase/ClassyGlass/scripts/benchmark/figures/cnn_per_subject_accuracy_W500_S500.png
2026-04-08 19:55:35  ============================================================
2026-04-08 19:55:35  cnn training complete
2026-04-08 19:55:35  ============================================================
