2026-04-09 10:30:25  ============================================================
2026-04-09 10:30:25  deep_conv_lstm  |  window=100  step=75
2026-04-09 10:30:25  Device  : cuda:1
2026-04-09 10:30:25  Flatten : False
2026-04-09 10:30:25  Log     : /home/mahmudm2/codebase/ClassyGlass/scripts/benchmark/logs/deep_conv_lstm_W100_S75.log
2026-04-09 10:30:25  Model   : /home/mahmudm2/codebase/ClassyGlass/scripts/benchmark/models/deep_conv_lstm_best_W100_S75.pth
2026-04-09 10:30:25  Figures : /home/mahmudm2/codebase/ClassyGlass/scripts/benchmark/figures
2026-04-09 10:30:25  ============================================================
2026-04-09 10:30:28  Loaded 19678 windows | window=100  step=75 | 129 experiments | 12 subjects | 0 experiments skipped
2026-04-09 10:30:29  ────────────────────────────────────────────────────────────
2026-04-09 10:30:29  LOSO fold — held-out: User1 (1137 test windows, 18541 train windows)
2026-04-09 10:30:34    epoch   1  loss 1.9705  acc 0.2267  val_loss 1.7218  val_acc 0.2961
2026-04-09 10:30:38    epoch   2  loss 1.7316  acc 0.2873  val_loss 1.6570  val_acc 0.3150
2026-04-09 10:30:41    epoch   3  loss 1.6611  acc 0.3083  val_loss 1.5901  val_acc 0.3452
2026-04-09 10:30:44    epoch   4  loss 1.5919  acc 0.3343  val_loss 1.5976  val_acc 0.3436
2026-04-09 10:30:48    epoch   5  loss 1.5641  acc 0.3470  val_loss 1.5544  val_acc 0.3711
2026-04-09 10:30:51    epoch   6  loss 1.5586  acc 0.3543  val_loss 1.5382  val_acc 0.3668
2026-04-09 10:30:55    epoch   7  loss 1.5385  acc 0.3540  val_loss 1.5228  val_acc 0.3937
2026-04-09 10:30:58    epoch   8  loss 1.5211  acc 0.3732  val_loss 1.5080  val_acc 0.3738
2026-04-09 10:31:01    epoch   9  loss 1.5108  acc 0.3767  val_loss 1.4960  val_acc 0.4056
2026-04-09 10:31:05    epoch  10  loss 1.4847  acc 0.3934  val_loss 1.5145  val_acc 0.3889
2026-04-09 10:31:08    epoch  11  loss 1.4804  acc 0.3932  val_loss 1.4913  val_acc 0.3808
2026-04-09 10:31:12    epoch  12  loss 1.4588  acc 0.4012  val_loss 1.4651  val_acc 0.3954
2026-04-09 10:31:15    epoch  13  loss 1.5313  acc 0.3804  val_loss 1.4851  val_acc 0.4024
2026-04-09 10:31:18    epoch  14  loss 1.4799  acc 0.3883  val_loss 1.4525  val_acc 0.3981
2026-04-09 10:31:22    epoch  15  loss 1.4402  acc 0.4045  val_loss 1.4382  val_acc 0.4099
2026-04-09 10:31:25    epoch  16  loss 1.4291  acc 0.4131  val_loss 1.4313  val_acc 0.4094
2026-04-09 10:31:29    epoch  17  loss 1.4096  acc 0.4173  val_loss 1.4392  val_acc 0.4213
2026-04-09 10:31:32    epoch  18  loss 1.3939  acc 0.4316  val_loss 1.3987  val_acc 0.4342
2026-04-09 10:31:35    epoch  19  loss 1.3771  acc 0.4420  val_loss 1.3718  val_acc 0.4347
2026-04-09 10:31:39    epoch  20  loss 1.3724  acc 0.4448  val_loss 1.3722  val_acc 0.4504
2026-04-09 10:31:42    epoch  21  loss 1.3561  acc 0.4532  val_loss 1.3518  val_acc 0.4542
2026-04-09 10:31:46    epoch  22  loss 1.3445  acc 0.4587  val_loss 1.3562  val_acc 0.4558
2026-04-09 10:31:49    epoch  23  loss 1.3284  acc 0.4665  val_loss 1.3317  val_acc 0.4622
2026-04-09 10:31:52    epoch  24  loss 1.3118  acc 0.4762  val_loss 1.3473  val_acc 0.4763
2026-04-09 10:31:56    epoch  25  loss 1.3072  acc 0.4797  val_loss 1.3237  val_acc 0.4844
2026-04-09 10:31:59    epoch  26  loss 1.3042  acc 0.4798  val_loss 1.3430  val_acc 0.4795
2026-04-09 10:32:03    epoch  27  loss 1.2898  acc 0.4858  val_loss 1.3033  val_acc 0.4746
2026-04-09 10:32:06    epoch  28  loss 1.2785  acc 0.4903  val_loss 1.2871  val_acc 0.4935
2026-04-09 10:32:10    epoch  29  loss 1.2717  acc 0.4950  val_loss 1.2739  val_acc 0.5059
2026-04-09 10:32:13    epoch  30  loss 1.2574  acc 0.5073  val_loss 1.2704  val_acc 0.4951
2026-04-09 10:32:17    epoch  31  loss 1.2485  acc 0.5097  val_loss 1.2823  val_acc 0.4876
2026-04-09 10:32:20    epoch  32  loss 1.2433  acc 0.5087  val_loss 1.2673  val_acc 0.5086
2026-04-09 10:32:23    epoch  33  loss 1.2366  acc 0.5121  val_loss 1.2585  val_acc 0.5092
2026-04-09 10:32:27    epoch  34  loss 1.2214  acc 0.5229  val_loss 1.2637  val_acc 0.5016
2026-04-09 10:32:30    epoch  35  loss 1.2065  acc 0.5264  val_loss 1.2557  val_acc 0.5102
2026-04-09 10:32:34    epoch  36  loss 1.1986  acc 0.5371  val_loss 1.2308  val_acc 0.5216
2026-04-09 10:32:37    epoch  37  loss 1.2037  acc 0.5312  val_loss 1.2552  val_acc 0.5156
2026-04-09 10:32:41    epoch  38  loss 1.1904  acc 0.5382  val_loss 1.2262  val_acc 0.5200
2026-04-09 10:32:44    epoch  39  loss 1.1700  acc 0.5473  val_loss 1.2200  val_acc 0.5302
2026-04-09 10:32:48    epoch  40  loss 1.1568  acc 0.5565  val_loss 1.1896  val_acc 0.5361
2026-04-09 10:32:51    epoch  41  loss 1.1508  acc 0.5598  val_loss 1.2127  val_acc 0.5405
2026-04-09 10:32:55    epoch  42  loss 1.1337  acc 0.5651  val_loss 1.2029  val_acc 0.5351
2026-04-09 10:32:58    epoch  43  loss 1.1189  acc 0.5752  val_loss 1.2220  val_acc 0.5383
2026-04-09 10:33:02    epoch  44  loss 1.1291  acc 0.5705  val_loss 1.1642  val_acc 0.5604
2026-04-09 10:33:05    epoch  45  loss 1.1111  acc 0.5788  val_loss 1.1831  val_acc 0.5458
2026-04-09 10:33:08    epoch  46  loss 1.0848  acc 0.5933  val_loss 1.1975  val_acc 0.5491
2026-04-09 10:33:12    epoch  47  loss 1.0854  acc 0.5924  val_loss 1.1462  val_acc 0.5663
2026-04-09 10:33:15    epoch  48  loss 1.0739  acc 0.5926  val_loss 1.1529  val_acc 0.5626
2026-04-09 10:33:19    epoch  49  loss 1.0470  acc 0.6033  val_loss 1.1207  val_acc 0.5868
2026-04-09 10:33:22    epoch  50  loss 1.0332  acc 0.6143  val_loss 1.1289  val_acc 0.5777
2026-04-09 10:33:26    epoch  51  loss 1.0346  acc 0.6098  val_loss 1.1276  val_acc 0.5831
2026-04-09 10:33:29    epoch  52  loss 1.0198  acc 0.6159  val_loss 1.1136  val_acc 0.5847
2026-04-09 10:33:33    epoch  53  loss 1.0045  acc 0.6219  val_loss 1.1186  val_acc 0.5874
2026-04-09 10:33:36    epoch  54  loss 0.9969  acc 0.6254  val_loss 1.1311  val_acc 0.5658
2026-04-09 10:33:40    epoch  55  loss 0.9794  acc 0.6364  val_loss 1.1298  val_acc 0.5690
2026-04-09 10:33:43    epoch  56  loss 0.9676  acc 0.6414  val_loss 1.1257  val_acc 0.5782
2026-04-09 10:33:47    epoch  57  loss 0.9632  acc 0.6407  val_loss 1.1369  val_acc 0.5636
2026-04-09 10:33:50    epoch  58  loss 0.8994  acc 0.6710  val_loss 1.0870  val_acc 0.5944
2026-04-09 10:33:54    epoch  59  loss 0.8752  acc 0.6799  val_loss 1.0849  val_acc 0.6041
2026-04-09 10:33:57    epoch  60  loss 0.8629  acc 0.6862  val_loss 1.0872  val_acc 0.5944
2026-04-09 10:34:01    epoch  61  loss 0.8480  acc 0.6900  val_loss 1.0992  val_acc 0.5949
2026-04-09 10:34:04    epoch  62  loss 0.8337  acc 0.6923  val_loss 1.1118  val_acc 0.6057
2026-04-09 10:34:08    epoch  63  loss 0.8345  acc 0.6978  val_loss 1.0948  val_acc 0.6019
2026-04-09 10:34:11    epoch  64  loss 0.8288  acc 0.6989  val_loss 1.0941  val_acc 0.6030
2026-04-09 10:34:15    epoch  65  loss 0.7774  acc 0.7215  val_loss 1.0983  val_acc 0.6122
2026-04-09 10:34:18    epoch  66  loss 0.7714  acc 0.7243  val_loss 1.1147  val_acc 0.6068
2026-04-09 10:34:22    epoch  67  loss 0.7552  acc 0.7280  val_loss 1.1147  val_acc 0.6090
2026-04-09 10:34:22    Early stopping at epoch 67
2026-04-09 10:34:22    User1 accuracy: 0.4327
2026-04-09 10:34:22    ✓ New best model saved (User1 held out, acc=0.4327)
2026-04-09 10:34:22  ────────────────────────────────────────────────────────────
2026-04-09 10:34:22  LOSO fold — held-out: User2 (1050 test windows, 18628 train windows)
2026-04-09 10:34:26    epoch   1  loss 1.9716  acc 0.2295  val_loss 1.7124  val_acc 0.2932
2026-04-09 10:34:30    epoch   2  loss 1.7061  acc 0.3037  val_loss 1.6714  val_acc 0.3142
2026-04-09 10:34:33    epoch   3  loss 1.6546  acc 0.3165  val_loss 1.5935  val_acc 0.3265
2026-04-09 10:34:37    epoch   4  loss 1.6025  acc 0.3317  val_loss 1.5828  val_acc 0.3448
2026-04-09 10:34:40    epoch   5  loss 1.5760  acc 0.3525  val_loss 1.5542  val_acc 0.3485
2026-04-09 10:34:44    epoch   6  loss 1.5598  acc 0.3582  val_loss 1.5712  val_acc 0.3480
2026-04-09 10:34:47    epoch   7  loss 1.5471  acc 0.3597  val_loss 1.5312  val_acc 0.3577
2026-04-09 10:34:51    epoch   8  loss 1.5240  acc 0.3654  val_loss 1.5065  val_acc 0.3550
2026-04-09 10:34:54    epoch   9  loss 1.5114  acc 0.3748  val_loss 1.4802  val_acc 0.3958
2026-04-09 10:34:58    epoch  10  loss 1.4902  acc 0.3853  val_loss 1.4706  val_acc 0.3883
2026-04-09 10:35:01    epoch  11  loss 1.4803  acc 0.3965  val_loss 1.4785  val_acc 0.3776
2026-04-09 10:35:05    epoch  12  loss 1.4830  acc 0.3923  val_loss 1.4845  val_acc 0.3851
2026-04-09 10:35:08    epoch  13  loss 1.4704  acc 0.3991  val_loss 1.4618  val_acc 0.3802
2026-04-09 10:35:12    epoch  14  loss 1.4462  acc 0.4073  val_loss 1.4250  val_acc 0.4157
2026-04-09 10:35:16    epoch  15  loss 1.4322  acc 0.4227  val_loss 1.4476  val_acc 0.4108
2026-04-09 10:35:19    epoch  16  loss 1.4532  acc 0.4088  val_loss 1.3975  val_acc 0.4377
2026-04-09 10:35:23    epoch  17  loss 1.4057  acc 0.4307  val_loss 1.3872  val_acc 0.4318
2026-04-09 10:35:26    epoch  18  loss 1.3917  acc 0.4374  val_loss 1.3787  val_acc 0.4361
2026-04-09 10:35:30    epoch  19  loss 1.3793  acc 0.4459  val_loss 1.3498  val_acc 0.4624
2026-04-09 10:35:33    epoch  20  loss 1.3624  acc 0.4564  val_loss 1.3655  val_acc 0.4495
2026-04-09 10:35:37    epoch  21  loss 1.3474  acc 0.4621  val_loss 1.3514  val_acc 0.4613
2026-04-09 10:35:40    epoch  22  loss 1.3351  acc 0.4671  val_loss 1.3375  val_acc 0.4678
2026-04-09 10:35:44    epoch  23  loss 1.3274  acc 0.4676  val_loss 1.3302  val_acc 0.4581
2026-04-09 10:35:48    epoch  24  loss 1.3104  acc 0.4830  val_loss 1.3308  val_acc 0.4753
2026-04-09 10:35:51    epoch  25  loss 1.2987  acc 0.4902  val_loss 1.3129  val_acc 0.4823
2026-04-09 10:35:55    epoch  26  loss 1.2996  acc 0.4875  val_loss 1.3006  val_acc 0.4785
2026-04-09 10:35:58    epoch  27  loss 1.2684  acc 0.5059  val_loss 1.2921  val_acc 0.4774
2026-04-09 10:36:02    epoch  28  loss 1.2634  acc 0.5097  val_loss 1.2673  val_acc 0.5075
2026-04-09 10:36:05    epoch  29  loss 1.2440  acc 0.5240  val_loss 1.2487  val_acc 0.5129
2026-04-09 10:36:09    epoch  30  loss 1.2340  acc 0.5282  val_loss 1.2573  val_acc 0.5059
2026-04-09 10:36:12    epoch  31  loss 1.2103  acc 0.5354  val_loss 1.2043  val_acc 0.5381
2026-04-09 10:36:16    epoch  32  loss 1.1811  acc 0.5505  val_loss 1.1792  val_acc 0.5403
2026-04-09 10:36:19    epoch  33  loss 1.1652  acc 0.5567  val_loss 1.1964  val_acc 0.5328
2026-04-09 10:36:23    epoch  34  loss 1.1656  acc 0.5598  val_loss 1.1815  val_acc 0.5349
2026-04-09 10:36:27    epoch  35  loss 1.1367  acc 0.5737  val_loss 1.1819  val_acc 0.5419
2026-04-09 10:36:30    epoch  36  loss 1.1294  acc 0.5757  val_loss 1.1818  val_acc 0.5397
2026-04-09 10:36:34    epoch  37  loss 1.1005  acc 0.5914  val_loss 1.1667  val_acc 0.5526
2026-04-09 10:36:37    epoch  38  loss 1.0763  acc 0.6015  val_loss 1.1821  val_acc 0.5424
2026-04-09 10:36:41    epoch  39  loss 1.0729  acc 0.6036  val_loss 1.1385  val_acc 0.5634
2026-04-09 10:36:44    epoch  40  loss 1.0452  acc 0.6180  val_loss 1.1442  val_acc 0.5661
2026-04-09 10:36:48    epoch  41  loss 1.0466  acc 0.6102  val_loss 1.1560  val_acc 0.5591
2026-04-09 10:36:51    epoch  42  loss 1.0318  acc 0.6179  val_loss 1.1278  val_acc 0.5822
2026-04-09 10:36:55    epoch  43  loss 1.0214  acc 0.6274  val_loss 1.1166  val_acc 0.5763
2026-04-09 10:36:58    epoch  44  loss 1.0022  acc 0.6312  val_loss 1.1388  val_acc 0.5709
2026-04-09 10:37:02    epoch  45  loss 0.9861  acc 0.6379  val_loss 1.0865  val_acc 0.5940
2026-04-09 10:37:06    epoch  46  loss 0.9660  acc 0.6474  val_loss 1.1061  val_acc 0.5897
2026-04-09 10:37:09    epoch  47  loss 0.9631  acc 0.6510  val_loss 1.1125  val_acc 0.5763
2026-04-09 10:37:13    epoch  48  loss 0.9565  acc 0.6516  val_loss 1.1334  val_acc 0.5822
2026-04-09 10:37:16    epoch  49  loss 0.9520  acc 0.6500  val_loss 1.0811  val_acc 0.6074
2026-04-09 10:37:20    epoch  50  loss 0.9350  acc 0.6619  val_loss 1.1165  val_acc 0.5859
2026-04-09 10:37:23    epoch  51  loss 0.9190  acc 0.6678  val_loss 1.1284  val_acc 0.5908
2026-04-09 10:37:27    epoch  52  loss 0.9041  acc 0.6735  val_loss 1.0934  val_acc 0.6026
2026-04-09 10:37:30    epoch  53  loss 0.9005  acc 0.6739  val_loss 1.1163  val_acc 0.5961
2026-04-09 10:37:34    epoch  54  loss 0.8856  acc 0.6800  val_loss 1.1070  val_acc 0.5999
2026-04-09 10:37:37    epoch  55  loss 0.8401  acc 0.6990  val_loss 1.1075  val_acc 0.6010
2026-04-09 10:37:41    epoch  56  loss 0.7996  acc 0.7132  val_loss 1.1340  val_acc 0.5977
2026-04-09 10:37:45    epoch  57  loss 0.7894  acc 0.7191  val_loss 1.1273  val_acc 0.6042
2026-04-09 10:37:45    Early stopping at epoch 57
2026-04-09 10:37:45    User2 accuracy: 0.6114
2026-04-09 10:37:45    ✓ New best model saved (User2 held out, acc=0.6114)
2026-04-09 10:37:45  ────────────────────────────────────────────────────────────
2026-04-09 10:37:45  LOSO fold — held-out: User3 (1046 test windows, 18632 train windows)
2026-04-09 10:37:49    epoch   1  loss 1.9709  acc 0.2382  val_loss 1.7110  val_acc 0.3226
2026-04-09 10:37:53    epoch   2  loss 1.7398  acc 0.2965  val_loss 1.6618  val_acc 0.3247
2026-04-09 10:37:56    epoch   3  loss 1.7673  acc 0.2811  val_loss 1.6781  val_acc 0.3065
2026-04-09 10:38:00    epoch   4  loss 1.6802  acc 0.3050  val_loss 1.6413  val_acc 0.3108
2026-04-09 10:38:03    epoch   5  loss 1.6398  acc 0.3213  val_loss 1.6258  val_acc 0.3323
2026-04-09 10:38:07    epoch   6  loss 1.6053  acc 0.3330  val_loss 1.5854  val_acc 0.3521
2026-04-09 10:38:10    epoch   7  loss 1.6039  acc 0.3335  val_loss 1.5733  val_acc 0.3462
2026-04-09 10:38:14    epoch   8  loss 1.5705  acc 0.3452  val_loss 1.5577  val_acc 0.3618
2026-04-09 10:38:17    epoch   9  loss 1.5552  acc 0.3490  val_loss 1.5576  val_acc 0.3532
2026-04-09 10:38:21    epoch  10  loss 1.5416  acc 0.3602  val_loss 1.5391  val_acc 0.3612
2026-04-09 10:38:25    epoch  11  loss 1.5252  acc 0.3676  val_loss 1.5379  val_acc 0.3698
2026-04-09 10:38:28    epoch  12  loss 1.5324  acc 0.3664  val_loss 1.5473  val_acc 0.3623
2026-04-09 10:38:32    epoch  13  loss 1.5048  acc 0.3788  val_loss 1.5180  val_acc 0.3854
2026-04-09 10:38:35    epoch  14  loss 1.4913  acc 0.3802  val_loss 1.5101  val_acc 0.3849
2026-04-09 10:38:39    epoch  15  loss 1.4813  acc 0.3875  val_loss 1.5078  val_acc 0.3800
2026-04-09 10:38:42    epoch  16  loss 1.4747  acc 0.3927  val_loss 1.4899  val_acc 0.3977
2026-04-09 10:38:46    epoch  17  loss 1.4564  acc 0.3991  val_loss 1.4695  val_acc 0.4015
2026-04-09 10:38:49    epoch  18  loss 1.4531  acc 0.4006  val_loss 1.4483  val_acc 0.4015
