2026-04-09 10:40:54  ============================================================
2026-04-09 10:40:54  deep_conv_lstm  |  window=200  step=200
2026-04-09 10:40:54  Device  : cuda:0
2026-04-09 10:40:54  Flatten : False
2026-04-09 10:40:54  Log     : /home/mahmudm2/codebase/ClassyGlass/scripts/benchmark/logs/deep_conv_lstm_W200_S200.log
2026-04-09 10:40:54  Model   : /home/mahmudm2/codebase/ClassyGlass/scripts/benchmark/models/deep_conv_lstm_best_W200_S200.pth
2026-04-09 10:40:54  Figures : /home/mahmudm2/codebase/ClassyGlass/scripts/benchmark/figures
2026-04-09 10:40:54  ============================================================
2026-04-09 10:40:57  Loaded 7354 windows | window=200  step=200 | 129 experiments | 12 subjects | 0 experiments skipped
2026-04-09 10:40:58  ────────────────────────────────────────────────────────────
2026-04-09 10:40:58  LOSO fold — held-out: User1 (423 test windows, 6931 train windows)
2026-04-09 10:41:04    epoch   1  loss 2.2175  acc 0.1640  val_loss 1.9187  val_acc 0.2482
2026-04-09 10:41:05    epoch   2  loss 1.8591  acc 0.2462  val_loss 1.6691  val_acc 0.3045
2026-04-09 10:41:06    epoch   3  loss 1.7689  acc 0.2770  val_loss 1.5988  val_acc 0.3146
2026-04-09 10:41:08    epoch   4  loss 1.7093  acc 0.3031  val_loss 1.5949  val_acc 0.3434
2026-04-09 10:41:09    epoch   5  loss 1.6379  acc 0.3254  val_loss 1.5395  val_acc 0.3593
2026-04-09 10:41:10    epoch   6  loss 1.7415  acc 0.2937  val_loss 1.7201  val_acc 0.3131
2026-04-09 10:41:11    epoch   7  loss 1.6547  acc 0.3086  val_loss 1.5401  val_acc 0.3449
2026-04-09 10:41:12    epoch   8  loss 1.5951  acc 0.3387  val_loss 1.4850  val_acc 0.3608
2026-04-09 10:41:13    epoch   9  loss 1.5503  acc 0.3384  val_loss 1.5098  val_acc 0.3535
2026-04-09 10:41:15    epoch  10  loss 1.5194  acc 0.3682  val_loss 1.4444  val_acc 0.3737
2026-04-09 10:41:16    epoch  11  loss 1.5227  acc 0.3602  val_loss 1.5169  val_acc 0.3550
2026-04-09 10:41:17    epoch  12  loss 1.5277  acc 0.3549  val_loss 1.4407  val_acc 0.3853
2026-04-09 10:41:18    epoch  13  loss 1.4906  acc 0.3772  val_loss 1.4286  val_acc 0.3896
2026-04-09 10:41:19    epoch  14  loss 1.4870  acc 0.3726  val_loss 1.4634  val_acc 0.3911
2026-04-09 10:41:21    epoch  15  loss 1.4881  acc 0.3793  val_loss 1.4367  val_acc 0.4012
2026-04-09 10:41:22    epoch  16  loss 1.4971  acc 0.3791  val_loss 1.4272  val_acc 0.4040
2026-04-09 10:41:23    epoch  17  loss 1.4750  acc 0.3900  val_loss 1.4606  val_acc 0.3867
2026-04-09 10:41:24    epoch  18  loss 1.4821  acc 0.3868  val_loss 1.4033  val_acc 0.4069
2026-04-09 10:41:25    epoch  19  loss 1.4516  acc 0.3913  val_loss 1.4088  val_acc 0.4141
2026-04-09 10:41:26    epoch  20  loss 1.4409  acc 0.3948  val_loss 1.3823  val_acc 0.4026
2026-04-09 10:41:28    epoch  21  loss 1.4181  acc 0.4117  val_loss 1.3844  val_acc 0.4113
2026-04-09 10:41:29    epoch  22  loss 1.4239  acc 0.4142  val_loss 1.4081  val_acc 0.4040
2026-04-09 10:41:30    epoch  23  loss 1.4275  acc 0.4086  val_loss 1.3961  val_acc 0.4127
2026-04-09 10:41:31    epoch  24  loss 1.4049  acc 0.4163  val_loss 1.3488  val_acc 0.4271
2026-04-09 10:41:32    epoch  25  loss 1.3910  acc 0.4264  val_loss 1.3489  val_acc 0.4228
2026-04-09 10:41:34    epoch  26  loss 1.3917  acc 0.4200  val_loss 1.3553  val_acc 0.4286
2026-04-09 10:41:35    epoch  27  loss 1.3945  acc 0.4125  val_loss 1.3631  val_acc 0.4286
2026-04-09 10:41:36    epoch  28  loss 1.3658  acc 0.4327  val_loss 1.3600  val_acc 0.4343
2026-04-09 10:41:37    epoch  29  loss 1.3862  acc 0.4160  val_loss 1.3598  val_acc 0.4416
2026-04-09 10:41:38    epoch  30  loss 1.3588  acc 0.4349  val_loss 1.3352  val_acc 0.4358
2026-04-09 10:41:39    epoch  31  loss 1.3585  acc 0.4328  val_loss 1.3241  val_acc 0.4387
2026-04-09 10:41:41    epoch  32  loss 1.3438  acc 0.4429  val_loss 1.3772  val_acc 0.4444
2026-04-09 10:41:42    epoch  33  loss 1.3752  acc 0.4282  val_loss 1.3398  val_acc 0.4416
2026-04-09 10:41:43    epoch  34  loss 1.3412  acc 0.4433  val_loss 1.3347  val_acc 0.4488
2026-04-09 10:41:44    epoch  35  loss 1.3369  acc 0.4449  val_loss 1.3316  val_acc 0.4459
2026-04-09 10:41:46    epoch  36  loss 1.3382  acc 0.4466  val_loss 1.3189  val_acc 0.4430
2026-04-09 10:41:47    epoch  37  loss 1.3274  acc 0.4473  val_loss 1.3107  val_acc 0.4603
2026-04-09 10:41:48    epoch  38  loss 1.3051  acc 0.4542  val_loss 1.3379  val_acc 0.4430
2026-04-09 10:41:49    epoch  39  loss 1.3196  acc 0.4505  val_loss 1.3092  val_acc 0.4618
2026-04-09 10:41:50    epoch  40  loss 1.3065  acc 0.4604  val_loss 1.3250  val_acc 0.4444
2026-04-09 10:41:52    epoch  41  loss 1.3028  acc 0.4524  val_loss 1.3023  val_acc 0.4632
2026-04-09 10:41:53    epoch  42  loss 1.2984  acc 0.4521  val_loss 1.3112  val_acc 0.4632
2026-04-09 10:41:54    epoch  43  loss 1.3025  acc 0.4556  val_loss 1.3149  val_acc 0.4603
2026-04-09 10:41:55    epoch  44  loss 1.3461  acc 0.4453  val_loss 1.3045  val_acc 0.4863
2026-04-09 10:41:57    epoch  45  loss 1.3047  acc 0.4622  val_loss 1.2990  val_acc 0.4589
2026-04-09 10:41:58    epoch  46  loss 1.2966  acc 0.4569  val_loss 1.2886  val_acc 0.4618
2026-04-09 10:41:59    epoch  47  loss 1.2870  acc 0.4626  val_loss 1.2674  val_acc 0.4805
2026-04-09 10:42:00    epoch  48  loss 1.2903  acc 0.4655  val_loss 1.3052  val_acc 0.4560
2026-04-09 10:42:01    epoch  49  loss 1.2808  acc 0.4734  val_loss 1.2841  val_acc 0.4733
2026-04-09 10:42:03    epoch  50  loss 1.2774  acc 0.4670  val_loss 1.2774  val_acc 0.4589
2026-04-09 10:42:04    epoch  51  loss 1.2635  acc 0.4804  val_loss 1.2815  val_acc 0.4646
2026-04-09 10:42:05    epoch  52  loss 1.2654  acc 0.4744  val_loss 1.2846  val_acc 0.4704
2026-04-09 10:42:06    epoch  53  loss 1.2471  acc 0.4857  val_loss 1.2786  val_acc 0.4776
2026-04-09 10:42:07    epoch  54  loss 1.2513  acc 0.4937  val_loss 1.2650  val_acc 0.4978
2026-04-09 10:42:08    epoch  55  loss 1.2410  acc 0.4838  val_loss 1.2640  val_acc 0.4834
2026-04-09 10:42:10    epoch  56  loss 1.2362  acc 0.4864  val_loss 1.2709  val_acc 0.4719
2026-04-09 10:42:11    epoch  57  loss 1.2263  acc 0.4933  val_loss 1.2658  val_acc 0.4978
2026-04-09 10:42:12    epoch  58  loss 1.2278  acc 0.4949  val_loss 1.2767  val_acc 0.4791
2026-04-09 10:42:13    epoch  59  loss 1.2296  acc 0.4973  val_loss 1.2822  val_acc 0.4646
2026-04-09 10:42:14    epoch  60  loss 1.2272  acc 0.4918  val_loss 1.2694  val_acc 0.4921
2026-04-09 10:42:16    epoch  61  loss 1.2215  acc 0.4929  val_loss 1.2728  val_acc 0.5079
2026-04-09 10:42:17    epoch  62  loss 1.2149  acc 0.4936  val_loss 1.2763  val_acc 0.4805
2026-04-09 10:42:18    epoch  63  loss 1.2054  acc 0.5016  val_loss 1.2635  val_acc 0.4949
2026-04-09 10:42:19    epoch  64  loss 1.2038  acc 0.5189  val_loss 1.2654  val_acc 0.5079
2026-04-09 10:42:20    epoch  65  loss 1.2060  acc 0.5114  val_loss 1.2630  val_acc 0.5022
2026-04-09 10:42:22    epoch  66  loss 1.1987  acc 0.5050  val_loss 1.2627  val_acc 0.4921
2026-04-09 10:42:23    epoch  67  loss 1.1923  acc 0.5167  val_loss 1.2661  val_acc 0.4993
2026-04-09 10:42:24    epoch  68  loss 1.1945  acc 0.5168  val_loss 1.2699  val_acc 0.5036
2026-04-09 10:42:25    epoch  69  loss 1.1981  acc 0.5095  val_loss 1.2629  val_acc 0.5022
2026-04-09 10:42:26    epoch  70  loss 1.1894  acc 0.5165  val_loss 1.2850  val_acc 0.4719
2026-04-09 10:42:28    epoch  71  loss 1.1971  acc 0.5030  val_loss 1.2794  val_acc 0.4776
2026-04-09 10:42:29    epoch  72  loss 1.1929  acc 0.5128  val_loss 1.2720  val_acc 0.4762
2026-04-09 10:42:30    epoch  73  loss 1.1819  acc 0.5106  val_loss 1.2661  val_acc 0.4733
2026-04-09 10:42:31    epoch  74  loss 1.1807  acc 0.5228  val_loss 1.2604  val_acc 0.4820
2026-04-09 10:42:32    epoch  75  loss 1.1806  acc 0.5184  val_loss 1.2707  val_acc 0.4993
2026-04-09 10:42:34    epoch  76  loss 1.1726  acc 0.5237  val_loss 1.2655  val_acc 0.5036
2026-04-09 10:42:35    epoch  77  loss 1.1711  acc 0.5311  val_loss 1.2662  val_acc 0.5079
2026-04-09 10:42:36    epoch  78  loss 1.1737  acc 0.5247  val_loss 1.2664  val_acc 0.4993
2026-04-09 10:42:37    epoch  79  loss 1.1709  acc 0.5234  val_loss 1.2657  val_acc 0.5036
2026-04-09 10:42:38    epoch  80  loss 1.1686  acc 0.5265  val_loss 1.2642  val_acc 0.5065
2026-04-09 10:42:40    epoch  81  loss 1.1687  acc 0.5265  val_loss 1.2648  val_acc 0.5051
2026-04-09 10:42:41    epoch  82  loss 1.1738  acc 0.5260  val_loss 1.2626  val_acc 0.5036
2026-04-09 10:42:41    Early stopping at epoch 82
2026-04-09 10:42:41    User1 accuracy: 0.4374
2026-04-09 10:42:41    ✓ New best model saved (User1 held out, acc=0.4374)
2026-04-09 10:42:41  ────────────────────────────────────────────────────────────
2026-04-09 10:42:41  LOSO fold — held-out: User2 (392 test windows, 6962 train windows)
2026-04-09 10:42:43    epoch   1  loss 2.2468  acc 0.1540  val_loss 1.9666  val_acc 0.2486
2026-04-09 10:42:44    epoch   2  loss 1.8845  acc 0.2475  val_loss 1.8744  val_acc 0.2716
2026-04-09 10:42:45    epoch   3  loss 1.8371  acc 0.2620  val_loss 1.7565  val_acc 0.3075
2026-04-09 10:42:46    epoch   4  loss 1.7510  acc 0.2890  val_loss 1.7333  val_acc 0.3032
2026-04-09 10:42:48    epoch   5  loss 1.6976  acc 0.3120  val_loss 1.6713  val_acc 0.3233
2026-04-09 10:42:49    epoch   6  loss 1.6702  acc 0.3104  val_loss 1.7243  val_acc 0.2859
2026-04-09 10:42:50    epoch   7  loss 1.6637  acc 0.3122  val_loss 1.6512  val_acc 0.3534
2026-04-09 10:42:52    epoch   8  loss 1.6229  acc 0.3351  val_loss 1.5857  val_acc 0.3621
2026-04-09 10:42:53    epoch   9  loss 1.6203  acc 0.3375  val_loss 1.6018  val_acc 0.3491
2026-04-09 10:42:54    epoch  10  loss 1.6049  acc 0.3358  val_loss 1.6165  val_acc 0.3247
2026-04-09 10:42:55    epoch  11  loss 1.5825  acc 0.3420  val_loss 1.5693  val_acc 0.3649
2026-04-09 10:42:56    epoch  12  loss 1.5567  acc 0.3540  val_loss 1.5668  val_acc 0.3664
2026-04-09 10:42:58    epoch  13  loss 1.5416  acc 0.3599  val_loss 1.5338  val_acc 0.3836
2026-04-09 10:42:59    epoch  14  loss 1.5325  acc 0.3632  val_loss 1.5516  val_acc 0.3750
2026-04-09 10:43:00    epoch  15  loss 1.5136  acc 0.3663  val_loss 1.5563  val_acc 0.3649
2026-04-09 10:43:01    epoch  16  loss 1.5284  acc 0.3583  val_loss 1.5230  val_acc 0.3851
2026-04-09 10:43:03    epoch  17  loss 1.5202  acc 0.3695  val_loss 1.5105  val_acc 0.3980
2026-04-09 10:43:04    epoch  18  loss 1.5162  acc 0.3675  val_loss 1.5166  val_acc 0.3994
2026-04-09 10:43:05    epoch  19  loss 1.4975  acc 0.3699  val_loss 1.5045  val_acc 0.3779
2026-04-09 10:43:06    epoch  20  loss 1.4839  acc 0.3846  val_loss 1.4964  val_acc 0.3822
2026-04-09 10:43:08    epoch  21  loss 1.4813  acc 0.3837  val_loss 1.4807  val_acc 0.4095
2026-04-09 10:43:09    epoch  22  loss 1.4678  acc 0.3883  val_loss 1.4892  val_acc 0.3951
2026-04-09 10:43:10    epoch  23  loss 1.4736  acc 0.3881  val_loss 1.4679  val_acc 0.4152
2026-04-09 10:43:11    epoch  24  loss 1.4453  acc 0.4034  val_loss 1.4621  val_acc 0.4009
2026-04-09 10:43:13    epoch  25  loss 1.4353  acc 0.4015  val_loss 1.4647  val_acc 0.4080
2026-04-09 10:43:14    epoch  26  loss 1.4311  acc 0.4015  val_loss 1.4197  val_acc 0.4397
2026-04-09 10:43:15    epoch  27  loss 1.4381  acc 0.4049  val_loss 1.4682  val_acc 0.3966
2026-04-09 10:43:16    epoch  28  loss 1.4450  acc 0.4023  val_loss 1.4500  val_acc 0.4138
2026-04-09 10:43:18    epoch  29  loss 1.3965  acc 0.4196  val_loss 1.4152  val_acc 0.4483
2026-04-09 10:43:19    epoch  30  loss 1.4162  acc 0.4122  val_loss 1.4526  val_acc 0.4167
2026-04-09 10:43:20    epoch  31  loss 1.4274  acc 0.4057  val_loss 1.4094  val_acc 0.4483
2026-04-09 10:43:22    epoch  32  loss 1.3846  acc 0.4266  val_loss 1.4229  val_acc 0.4167
2026-04-09 10:43:23    epoch  33  loss 1.3937  acc 0.4244  val_loss 1.4218  val_acc 0.4397
2026-04-09 10:43:24    epoch  34  loss 1.3864  acc 0.4274  val_loss 1.4251  val_acc 0.4454
2026-04-09 10:43:25    epoch  35  loss 1.3717  acc 0.4347  val_loss 1.4060  val_acc 0.4454
2026-04-09 10:43:27    epoch  36  loss 1.3717  acc 0.4315  val_loss 1.4100  val_acc 0.4152
2026-04-09 10:43:28    epoch  37  loss 1.3503  acc 0.4453  val_loss 1.4021  val_acc 0.4353
2026-04-09 10:43:29    epoch  38  loss 1.3465  acc 0.4441  val_loss 1.4331  val_acc 0.4023
2026-04-09 10:43:30    epoch  39  loss 1.3466  acc 0.4381  val_loss 1.4117  val_acc 0.4095
2026-04-09 10:43:32    epoch  40  loss 1.3803  acc 0.4272  val_loss 1.4328  val_acc 0.4368
2026-04-09 10:43:33    epoch  41  loss 1.3490  acc 0.4354  val_loss 1.3911  val_acc 0.4310
2026-04-09 10:43:34    epoch  42  loss 1.3308  acc 0.4446  val_loss 1.3913  val_acc 0.4195
2026-04-09 10:43:35    epoch  43  loss 1.3337  acc 0.4470  val_loss 1.3791  val_acc 0.4368
2026-04-09 10:43:36    epoch  44  loss 1.3085  acc 0.4521  val_loss 1.3607  val_acc 0.4425
2026-04-09 10:43:38    epoch  45  loss 1.3229  acc 0.4421  val_loss 1.3958  val_acc 0.4526
2026-04-09 10:43:39    epoch  46  loss 1.3049  acc 0.4523  val_loss 1.3793  val_acc 0.4583
2026-04-09 10:43:40    epoch  47  loss 1.3096  acc 0.4491  val_loss 1.3669  val_acc 0.4555
2026-04-09 10:43:41    epoch  48  loss 1.2819  acc 0.4619  val_loss 1.3761  val_acc 0.4339
2026-04-09 10:43:43    epoch  49  loss 1.2639  acc 0.4722  val_loss 1.3629  val_acc 0.4325
2026-04-09 10:43:44    epoch  50  loss 1.2509  acc 0.4791  val_loss 1.3682  val_acc 0.4339
2026-04-09 10:43:45    epoch  51  loss 1.2387  acc 0.4868  val_loss 1.3271  val_acc 0.4454
2026-04-09 10:43:46    epoch  52  loss 1.2311  acc 0.4840  val_loss 1.4137  val_acc 0.4440
2026-04-09 10:43:48    epoch  53  loss 1.2302  acc 0.4804  val_loss 1.3451  val_acc 0.4598
2026-04-09 10:43:49    epoch  54  loss 1.2215  acc 0.4856  val_loss 1.3352  val_acc 0.4598
2026-04-09 10:43:50    epoch  55  loss 1.2011  acc 0.4883  val_loss 1.3361  val_acc 0.4569
2026-04-09 10:43:51    epoch  56  loss 1.2158  acc 0.4871  val_loss 1.3409  val_acc 0.4583
2026-04-09 10:43:53    epoch  57  loss 1.1992  acc 0.4946  val_loss 1.3468  val_acc 0.4397
2026-04-09 10:43:54    epoch  58  loss 1.1849  acc 0.4955  val_loss 1.3263  val_acc 0.4626
2026-04-09 10:43:55    epoch  59  loss 1.1732  acc 0.5037  val_loss 1.3236  val_acc 0.4569
2026-04-09 10:43:56    epoch  60  loss 1.1676  acc 0.5091  val_loss 1.3280  val_acc 0.4598
2026-04-09 10:43:58    epoch  61  loss 1.1637  acc 0.5121  val_loss 1.3200  val_acc 0.4540
2026-04-09 10:43:59    epoch  62  loss 1.1603  acc 0.5072  val_loss 1.3260  val_acc 0.4526
2026-04-09 10:44:00    epoch  63  loss 1.1588  acc 0.5081  val_loss 1.3376  val_acc 0.4698
2026-04-09 10:44:01    epoch  64  loss 1.1550  acc 0.5131  val_loss 1.3251  val_acc 0.4411
2026-04-09 10:44:02    epoch  65  loss 1.1555  acc 0.5054  val_loss 1.3080  val_acc 0.4828
2026-04-09 10:44:04    epoch  66  loss 1.1596  acc 0.5091  val_loss 1.3392  val_acc 0.4555
2026-04-09 10:44:05    epoch  67  loss 1.1477  acc 0.5187  val_loss 1.3213  val_acc 0.4511
2026-04-09 10:44:06    epoch  68  loss 1.1455  acc 0.5126  val_loss 1.3248  val_acc 0.4626
2026-04-09 10:44:07    epoch  69  loss 1.1432  acc 0.5185  val_loss 1.3258  val_acc 0.4540
2026-04-09 10:44:09    epoch  70  loss 1.1389  acc 0.5136  val_loss 1.3106  val_acc 0.4569
2026-04-09 10:44:10    epoch  71  loss 1.1272  acc 0.5231  val_loss 1.3038  val_acc 0.4555
2026-04-09 10:44:11    epoch  72  loss 1.1237  acc 0.5259  val_loss 1.3175  val_acc 0.4569
2026-04-09 10:44:12    epoch  73  loss 1.1180  acc 0.5247  val_loss 1.3169  val_acc 0.4511
2026-04-09 10:44:14    epoch  74  loss 1.1146  acc 0.5306  val_loss 1.3063  val_acc 0.4655
2026-04-09 10:44:15    epoch  75  loss 1.1177  acc 0.5298  val_loss 1.3068  val_acc 0.4713
2026-04-09 10:44:16    epoch  76  loss 1.1087  acc 0.5314  val_loss 1.3148  val_acc 0.4583
2026-04-09 10:44:17    epoch  77  loss 1.1098  acc 0.5372  val_loss 1.3116  val_acc 0.4641
2026-04-09 10:44:19    epoch  78  loss 1.1068  acc 0.5361  val_loss 1.3130  val_acc 0.4784
2026-04-09 10:44:20    epoch  79  loss 1.1037  acc 0.5357  val_loss 1.3152  val_acc 0.4569
2026-04-09 10:44:20    Early stopping at epoch 79
2026-04-09 10:44:20    User2 accuracy: 0.4668
2026-04-09 10:44:20    ✓ New best model saved (User2 held out, acc=0.4668)
2026-04-09 10:44:20  ────────────────────────────────────────────────────────────
2026-04-09 10:44:20  LOSO fold — held-out: User3 (390 test windows, 6964 train windows)
2026-04-09 10:44:22    epoch   1  loss 2.2092  acc 0.1615  val_loss 1.9370  val_acc 0.2155
2026-04-09 10:44:23    epoch   2  loss 1.8658  acc 0.2586  val_loss 1.7472  val_acc 0.3089
2026-04-09 10:44:24    epoch   3  loss 1.7572  acc 0.2931  val_loss 1.6157  val_acc 0.3434
2026-04-09 10:44:25    epoch   4  loss 1.7207  acc 0.2944  val_loss 1.6541  val_acc 0.3333
2026-04-09 10:44:27    epoch   5  loss 1.7079  acc 0.2969  val_loss 1.6119  val_acc 0.3448
2026-04-09 10:44:28    epoch   6  loss 1.6339  acc 0.3235  val_loss 1.5833  val_acc 0.3578
2026-04-09 10:44:29    epoch   7  loss 1.6014  acc 0.3419  val_loss 1.5207  val_acc 0.3362
2026-04-09 10:44:31    epoch   8  loss 1.5996  acc 0.3438  val_loss 1.6864  val_acc 0.3376
2026-04-09 10:44:32    epoch   9  loss 1.6741  acc 0.3239  val_loss 1.6276  val_acc 0.3319
2026-04-09 10:44:33    epoch  10  loss 1.7223  acc 0.3148  val_loss 1.6966  val_acc 0.3147
2026-04-09 10:44:34    epoch  11  loss 1.6552  acc 0.3149  val_loss 1.5568  val_acc 0.3649
2026-04-09 10:44:35    epoch  12  loss 1.5925  acc 0.3459  val_loss 1.5684  val_acc 0.3549
2026-04-09 10:44:37    epoch  13  loss 1.5800  acc 0.3448  val_loss 1.5404  val_acc 0.3721
2026-04-09 10:44:38    epoch  14  loss 1.5513  acc 0.3580  val_loss 1.5091  val_acc 0.3894
2026-04-09 10:44:39    epoch  15  loss 1.5384  acc 0.3574  val_loss 1.4961  val_acc 0.3865
2026-04-09 10:44:40    epoch  16  loss 1.5269  acc 0.3720  val_loss 1.4929  val_acc 0.3937
2026-04-09 10:44:42    epoch  17  loss 1.5351  acc 0.3622  val_loss 1.4886  val_acc 0.3951
2026-04-09 10:44:43    epoch  18  loss 1.5105  acc 0.3697  val_loss 1.4952  val_acc 0.3865
2026-04-09 10:44:44    epoch  19  loss 1.5062  acc 0.3805  val_loss 1.4621  val_acc 0.3937
2026-04-09 10:44:45    epoch  20  loss 1.5041  acc 0.3778  val_loss 1.5044  val_acc 0.3836
2026-04-09 10:44:47    epoch  21  loss 1.5267  acc 0.3586  val_loss 1.4669  val_acc 0.4023
2026-04-09 10:44:48    epoch  22  loss 1.4942  acc 0.3803  val_loss 1.4960  val_acc 0.3793
2026-04-09 10:44:49    epoch  23  loss 1.4977  acc 0.3813  val_loss 1.4858  val_acc 0.3908
2026-04-09 10:44:50    epoch  24  loss 1.4940  acc 0.3749  val_loss 1.4623  val_acc 0.3922
2026-04-09 10:44:52    epoch  25  loss 1.4841  acc 0.3824  val_loss 1.4541  val_acc 0.3836
2026-04-09 10:44:53    epoch  26  loss 1.4685  acc 0.3837  val_loss 1.4391  val_acc 0.4095
2026-04-09 10:44:54    epoch  27  loss 1.4620  acc 0.3883  val_loss 1.4272  val_acc 0.4296
2026-04-09 10:44:55    epoch  28  loss 1.4475  acc 0.3958  val_loss 1.4294  val_acc 0.4411
2026-04-09 10:44:57    epoch  29  loss 1.4398  acc 0.4040  val_loss 1.4183  val_acc 0.4411
2026-04-09 10:44:58    epoch  30  loss 1.4389  acc 0.4008  val_loss 1.4135  val_acc 0.4282
2026-04-09 10:44:59    epoch  31  loss 1.4305  acc 0.3984  val_loss 1.4127  val_acc 0.4440
2026-04-09 10:45:01    epoch  32  loss 1.4360  acc 0.4032  val_loss 1.4145  val_acc 0.4267
2026-04-09 10:45:02    epoch  33  loss 1.4274  acc 0.4022  val_loss 1.3995  val_acc 0.4641
2026-04-09 10:45:03    epoch  34  loss 1.4213  acc 0.4056  val_loss 1.4001  val_acc 0.4239
2026-04-09 10:45:04    epoch  35  loss 1.4188  acc 0.4100  val_loss 1.3955  val_acc 0.4253
2026-04-09 10:45:06    epoch  36  loss 1.4175  acc 0.4054  val_loss 1.3825  val_acc 0.4440
2026-04-09 10:45:07    epoch  37  loss 1.4129  acc 0.4151  val_loss 1.3848  val_acc 0.4310
2026-04-09 10:45:08    epoch  38  loss 1.4093  acc 0.4191  val_loss 1.3726  val_acc 0.4497
2026-04-09 10:45:09    epoch  39  loss 1.4058  acc 0.4217  val_loss 1.3735  val_acc 0.4540
2026-04-09 10:45:11    epoch  40  loss 1.4013  acc 0.4213  val_loss 1.3753  val_acc 0.4425
2026-04-09 10:45:12    epoch  41  loss 1.3984  acc 0.4228  val_loss 1.3775  val_acc 0.4397
2026-04-09 10:45:13    epoch  42  loss 1.3991  acc 0.4132  val_loss 1.3845  val_acc 0.4598
2026-04-09 10:45:14    epoch  43  loss 1.3887  acc 0.4282  val_loss 1.3772  val_acc 0.4511
2026-04-09 10:45:16    epoch  44  loss 1.3830  acc 0.4290  val_loss 1.3577  val_acc 0.4569
2026-04-09 10:45:17    epoch  45  loss 1.3724  acc 0.4333  val_loss 1.3522  val_acc 0.4655
2026-04-09 10:45:18    epoch  46  loss 1.3794  acc 0.4306  val_loss 1.3609  val_acc 0.4626
2026-04-09 10:45:19    epoch  47  loss 1.3784  acc 0.4298  val_loss 1.3539  val_acc 0.4641
2026-04-09 10:45:21    epoch  48  loss 1.3676  acc 0.4410  val_loss 1.3509  val_acc 0.4655
2026-04-09 10:45:22    epoch  49  loss 1.3650  acc 0.4384  val_loss 1.3549  val_acc 0.4555
2026-04-09 10:45:23    epoch  50  loss 1.3682  acc 0.4316  val_loss 1.3729  val_acc 0.4167
2026-04-09 10:45:24    epoch  51  loss 1.3702  acc 0.4311  val_loss 1.3559  val_acc 0.4569
2026-04-09 10:45:26    epoch  52  loss 1.3666  acc 0.4375  val_loss 1.3507  val_acc 0.4526
2026-04-09 10:45:27    epoch  53  loss 1.3952  acc 0.4244  val_loss 1.3539  val_acc 0.4468
2026-04-09 10:45:28    epoch  54  loss 1.3736  acc 0.4319  val_loss 1.3517  val_acc 0.4454
2026-04-09 10:45:29    epoch  55  loss 1.3703  acc 0.4298  val_loss 1.3418  val_acc 0.4598
2026-04-09 10:45:31    epoch  56  loss 1.3601  acc 0.4391  val_loss 1.3461  val_acc 0.4655
2026-04-09 10:45:32    epoch  57  loss 1.3688  acc 0.4368  val_loss 1.3397  val_acc 0.4641
2026-04-09 10:45:33    epoch  58  loss 1.3670  acc 0.4391  val_loss 1.3376  val_acc 0.4569
2026-04-09 10:45:34    epoch  59  loss 1.3562  acc 0.4367  val_loss 1.3398  val_acc 0.4741
2026-04-09 10:45:36    epoch  60  loss 1.3600  acc 0.4440  val_loss 1.3421  val_acc 0.4583
2026-04-09 10:45:37    epoch  61  loss 1.3475  acc 0.4469  val_loss 1.3393  val_acc 0.4655
2026-04-09 10:45:38    epoch  62  loss 1.3483  acc 0.4499  val_loss 1.3371  val_acc 0.4813
2026-04-09 10:45:39    epoch  63  loss 1.3472  acc 0.4585  val_loss 1.3249  val_acc 0.4684
2026-04-09 10:45:41    epoch  64  loss 1.3475  acc 0.4475  val_loss 1.3331  val_acc 0.4670
2026-04-09 10:45:42    epoch  65  loss 1.3460  acc 0.4533  val_loss 1.3364  val_acc 0.4741
2026-04-09 10:45:43    epoch  66  loss 1.3465  acc 0.4547  val_loss 1.3257  val_acc 0.4612
2026-04-09 10:45:44    epoch  67  loss 1.3350  acc 0.4617  val_loss 1.3437  val_acc 0.4626
2026-04-09 10:45:46    epoch  68  loss 1.3421  acc 0.4469  val_loss 1.3323  val_acc 0.4943
2026-04-09 10:45:47    epoch  69  loss 1.3280  acc 0.4556  val_loss 1.3257  val_acc 0.4842
2026-04-09 10:45:48    epoch  70  loss 1.3325  acc 0.4579  val_loss 1.3308  val_acc 0.4784
2026-04-09 10:45:49    epoch  71  loss 1.3341  acc 0.4630  val_loss 1.3164  val_acc 0.4770
2026-04-09 10:45:51    epoch  72  loss 1.3306  acc 0.4604  val_loss 1.3225  val_acc 0.4799
2026-04-09 10:45:52    epoch  73  loss 1.3267  acc 0.4569  val_loss 1.3246  val_acc 0.4885
2026-04-09 10:45:53    epoch  74  loss 1.3255  acc 0.4651  val_loss 1.3220  val_acc 0.4598
2026-04-09 10:45:54    epoch  75  loss 1.3229  acc 0.4687  val_loss 1.3263  val_acc 0.4598
2026-04-09 10:45:56    epoch  76  loss 1.3211  acc 0.4673  val_loss 1.3182  val_acc 0.4899
2026-04-09 10:45:57    epoch  77  loss 1.3117  acc 0.4690  val_loss 1.3170  val_acc 0.4899
2026-04-09 10:45:58    epoch  78  loss 1.3133  acc 0.4692  val_loss 1.3209  val_acc 0.4885
2026-04-09 10:45:59    epoch  79  loss 1.3191  acc 0.4719  val_loss 1.3227  val_acc 0.4756
2026-04-09 10:45:59    Early stopping at epoch 79
2026-04-09 10:45:59    User3 accuracy: 0.3949
2026-04-09 10:46:00  ────────────────────────────────────────────────────────────
2026-04-09 10:46:00  LOSO fold — held-out: User4 (412 test windows, 6942 train windows)
2026-04-09 10:46:01    epoch   1  loss 2.2737  acc 0.1578  val_loss 1.9668  val_acc 0.2277
2026-04-09 10:46:02    epoch   2  loss 1.9308  acc 0.2380  val_loss 1.8537  val_acc 0.2651
2026-04-09 10:46:03    epoch   3  loss 1.8141  acc 0.2670  val_loss 1.6963  val_acc 0.2594
2026-04-09 10:46:05    epoch   4  loss 1.7519  acc 0.2919  val_loss 1.7336  val_acc 0.2925
2026-04-09 10:46:06    epoch   5  loss 1.7993  acc 0.2876  val_loss 1.7777  val_acc 0.2579
2026-04-09 10:46:07    epoch   6  loss 1.7421  acc 0.2913  val_loss 1.6126  val_acc 0.3228
2026-04-09 10:46:08    epoch   7  loss 1.6615  acc 0.3273  val_loss 1.5803  val_acc 0.3401
2026-04-09 10:46:09    epoch   8  loss 1.6768  acc 0.3137  val_loss 1.6643  val_acc 0.3026
2026-04-09 10:46:11    epoch   9  loss 1.6721  acc 0.3153  val_loss 1.5763  val_acc 0.3818
2026-04-09 10:46:12    epoch  10  loss 1.6288  acc 0.3351  val_loss 1.5294  val_acc 0.3732
2026-04-09 10:46:13    epoch  11  loss 1.5910  acc 0.3484  val_loss 1.5352  val_acc 0.3602
2026-04-09 10:46:14    epoch  12  loss 1.6030  acc 0.3459  val_loss 1.5315  val_acc 0.3833
2026-04-09 10:46:15    epoch  13  loss 1.5884  acc 0.3574  val_loss 1.4741  val_acc 0.3991
2026-04-09 10:46:16    epoch  14  loss 1.5550  acc 0.3724  val_loss 1.5297  val_acc 0.3660
2026-04-09 10:46:18    epoch  15  loss 1.5833  acc 0.3595  val_loss 1.4975  val_acc 0.3833
2026-04-09 10:46:19    epoch  16  loss 1.6346  acc 0.3568  val_loss 1.5705  val_acc 0.3487
2026-04-09 10:46:20    epoch  17  loss 1.6464  acc 0.3436  val_loss 1.5216  val_acc 0.3573
2026-04-09 10:46:21    epoch  18  loss 1.5661  acc 0.3691  val_loss 1.4868  val_acc 0.3948
2026-04-09 10:46:22    epoch  19  loss 1.5503  acc 0.3776  val_loss 1.5068  val_acc 0.3588
2026-04-09 10:46:23    epoch  20  loss 1.5346  acc 0.3793  val_loss 1.4795  val_acc 0.4107
2026-04-09 10:46:24    epoch  21  loss 1.5273  acc 0.3800  val_loss 1.4528  val_acc 0.4107
2026-04-09 10:46:26    epoch  22  loss 1.5223  acc 0.3868  val_loss 1.4510  val_acc 0.4107
2026-04-09 10:46:27    epoch  23  loss 1.5363  acc 0.3782  val_loss 1.4594  val_acc 0.3689
2026-04-09 10:46:28    epoch  24  loss 1.5153  acc 0.3846  val_loss 1.4328  val_acc 0.4135
2026-04-09 10:46:29    epoch  25  loss 1.5063  acc 0.3960  val_loss 1.4658  val_acc 0.4020
2026-04-09 10:46:30    epoch  26  loss 1.5041  acc 0.3921  val_loss 1.4363  val_acc 0.4251
2026-04-09 10:46:31    epoch  27  loss 1.5053  acc 0.3867  val_loss 1.4153  val_acc 0.4251
2026-04-09 10:46:33    epoch  28  loss 1.4956  acc 0.3958  val_loss 1.4293  val_acc 0.4193
2026-04-09 10:46:34    epoch  29  loss 1.4821  acc 0.4121  val_loss 1.4121  val_acc 0.4222
2026-04-09 10:46:35    epoch  30  loss 1.4687  acc 0.4147  val_loss 1.4111  val_acc 0.4337
2026-04-09 10:46:36    epoch  31  loss 1.4571  acc 0.4145  val_loss 1.3916  val_acc 0.4308
2026-04-09 10:46:38    epoch  32  loss 1.4420  acc 0.4205  val_loss 1.3753  val_acc 0.4481
2026-04-09 10:46:39    epoch  33  loss 1.4569  acc 0.4153  val_loss 1.4121  val_acc 0.4207
2026-04-09 10:46:40    epoch  34  loss 1.4785  acc 0.4041  val_loss 1.4080  val_acc 0.4150
2026-04-09 10:46:41    epoch  35  loss 1.4615  acc 0.4040  val_loss 1.3798  val_acc 0.4438
2026-04-09 10:46:42    epoch  36  loss 1.4520  acc 0.4131  val_loss 1.3778  val_acc 0.4409
2026-04-09 10:46:43    epoch  37  loss 1.4338  acc 0.4249  val_loss 1.3569  val_acc 0.4452
2026-04-09 10:46:45    epoch  38  loss 1.4363  acc 0.4225  val_loss 1.3825  val_acc 0.4409
2026-04-09 10:46:46    epoch  39  loss 1.4291  acc 0.4301  val_loss 1.3895  val_acc 0.4524
2026-04-09 10:46:47    epoch  40  loss 1.4387  acc 0.4325  val_loss 1.3791  val_acc 0.4222
2026-04-09 10:46:48    epoch  41  loss 1.4359  acc 0.4267  val_loss 1.3637  val_acc 0.4452
2026-04-09 10:46:49    epoch  42  loss 1.4195  acc 0.4272  val_loss 1.3719  val_acc 0.4611
2026-04-09 10:46:50    epoch  43  loss 1.4413  acc 0.4267  val_loss 1.4028  val_acc 0.4164
2026-04-09 10:46:52    epoch  44  loss 1.4547  acc 0.4081  val_loss 1.3621  val_acc 0.4049
2026-04-09 10:46:53    epoch  45  loss 1.4197  acc 0.4177  val_loss 1.3549  val_acc 0.4236
2026-04-09 10:46:54    epoch  46  loss 1.4048  acc 0.4285  val_loss 1.3315  val_acc 0.4496
2026-04-09 10:46:55    epoch  47  loss 1.3972  acc 0.4358  val_loss 1.3318  val_acc 0.4582
2026-04-09 10:46:56    epoch  48  loss 1.3891  acc 0.4408  val_loss 1.3501  val_acc 0.4337
2026-04-09 10:46:57    epoch  49  loss 1.3845  acc 0.4493  val_loss 1.3406  val_acc 0.4582
2026-04-09 10:46:59    epoch  50  loss 1.3777  acc 0.4550  val_loss 1.3132  val_acc 0.4625
2026-04-09 10:47:00    epoch  51  loss 1.4034  acc 0.4355  val_loss 1.3324  val_acc 0.4654
2026-04-09 10:47:01    epoch  52  loss 1.3877  acc 0.4459  val_loss 1.3275  val_acc 0.4409
2026-04-09 10:47:02    epoch  53  loss 1.4126  acc 0.4361  val_loss 1.3441  val_acc 0.4424
2026-04-09 10:47:03    epoch  54  loss 1.3835  acc 0.4397  val_loss 1.3222  val_acc 0.4452
2026-04-09 10:47:04    epoch  55  loss 1.3754  acc 0.4539  val_loss 1.3268  val_acc 0.4553
2026-04-09 10:47:06    epoch  56  loss 1.3660  acc 0.4533  val_loss 1.3011  val_acc 0.4640
2026-04-09 10:47:07    epoch  57  loss 1.3616  acc 0.4541  val_loss 1.3131  val_acc 0.4597
2026-04-09 10:47:08    epoch  58  loss 1.3638  acc 0.4550  val_loss 1.3365  val_acc 0.4409
2026-04-09 10:47:09    epoch  59  loss 1.3612  acc 0.4582  val_loss 1.3138  val_acc 0.4683
2026-04-09 10:47:10    epoch  60  loss 1.3550  acc 0.4523  val_loss 1.3051  val_acc 0.4640
2026-04-09 10:47:11    epoch  61  loss 1.3531  acc 0.4597  val_loss 1.3151  val_acc 0.4669
2026-04-09 10:47:13    epoch  62  loss 1.3461  acc 0.4625  val_loss 1.3088  val_acc 0.4697
2026-04-09 10:47:14    epoch  63  loss 1.3435  acc 0.4657  val_loss 1.3116  val_acc 0.4654
2026-04-09 10:47:15    epoch  64  loss 1.3483  acc 0.4632  val_loss 1.3025  val_acc 0.4683
2026-04-09 10:47:15    Early stopping at epoch 64
2026-04-09 10:47:15    User4 accuracy: 0.4660
2026-04-09 10:47:15  ────────────────────────────────────────────────────────────
2026-04-09 10:47:15  LOSO fold — held-out: User5 (407 test windows, 6947 train windows)
2026-04-09 10:47:17    epoch   1  loss 2.2339  acc 0.1711  val_loss 1.8669  val_acc 0.2853
2026-04-09 10:47:18    epoch   2  loss 1.8603  acc 0.2560  val_loss 1.7036  val_acc 0.3040
2026-04-09 10:47:19    epoch   3  loss 1.8325  acc 0.2645  val_loss 1.7226  val_acc 0.2925
2026-04-09 10:47:20    epoch   4  loss 1.7582  acc 0.2928  val_loss 1.6347  val_acc 0.3329
2026-04-09 10:47:21    epoch   5  loss 1.9272  acc 0.2639  val_loss 1.6976  val_acc 0.3256
2026-04-09 10:47:23    epoch   6  loss 1.7611  acc 0.2895  val_loss 1.6159  val_acc 0.3401
2026-04-09 10:47:24    epoch   7  loss 1.6726  acc 0.3203  val_loss 1.6238  val_acc 0.3329
2026-04-09 10:47:25    epoch   8  loss 1.6492  acc 0.3226  val_loss 1.5668  val_acc 0.3617
2026-04-09 10:47:26    epoch   9  loss 1.6222  acc 0.3246  val_loss 1.5493  val_acc 0.3545
2026-04-09 10:47:27    epoch  10  loss 1.6269  acc 0.3296  val_loss 1.5626  val_acc 0.3516
2026-04-09 10:47:29    epoch  11  loss 1.5989  acc 0.3330  val_loss 1.5060  val_acc 0.3761
2026-04-09 10:47:30    epoch  12  loss 1.5697  acc 0.3475  val_loss 1.5137  val_acc 0.4035
2026-04-09 10:47:31    epoch  13  loss 1.5562  acc 0.3459  val_loss 1.4989  val_acc 0.4020
2026-04-09 10:47:32    epoch  14  loss 1.5685  acc 0.3550  val_loss 1.4725  val_acc 0.4078
2026-04-09 10:47:33    epoch  15  loss 1.5248  acc 0.3704  val_loss 1.4777  val_acc 0.4121
2026-04-09 10:47:34    epoch  16  loss 1.5259  acc 0.3643  val_loss 1.4754  val_acc 0.4049
2026-04-09 10:47:36    epoch  17  loss 1.5058  acc 0.3742  val_loss 1.4228  val_acc 0.4078
2026-04-09 10:47:37    epoch  18  loss 1.5120  acc 0.3733  val_loss 1.4443  val_acc 0.4352
2026-04-09 10:47:38    epoch  19  loss 1.4848  acc 0.3721  val_loss 1.4361  val_acc 0.4222
2026-04-09 10:47:39    epoch  20  loss 1.4817  acc 0.3843  val_loss 1.4423  val_acc 0.4164
2026-04-09 10:47:40    epoch  21  loss 1.4826  acc 0.3905  val_loss 1.3920  val_acc 0.4467
2026-04-09 10:47:42    epoch  22  loss 1.4794  acc 0.3888  val_loss 1.4151  val_acc 0.4236
2026-04-09 10:47:43    epoch  23  loss 1.5201  acc 0.3905  val_loss 1.5387  val_acc 0.3977
2026-04-09 10:47:44    epoch  24  loss 1.4940  acc 0.3899  val_loss 1.4153  val_acc 0.4265
2026-04-09 10:47:45    epoch  25  loss 1.4637  acc 0.3992  val_loss 1.4441  val_acc 0.4164
2026-04-09 10:47:46    epoch  26  loss 1.4322  acc 0.4096  val_loss 1.3535  val_acc 0.4654
2026-04-09 10:47:48    epoch  27  loss 1.4188  acc 0.4156  val_loss 1.4038  val_acc 0.4251
2026-04-09 10:47:49    epoch  28  loss 1.4102  acc 0.4182  val_loss 1.3588  val_acc 0.4640
2026-04-09 10:47:50    epoch  29  loss 1.4034  acc 0.4315  val_loss 1.3449  val_acc 0.4597
2026-04-09 10:47:51    epoch  30  loss 1.4058  acc 0.4246  val_loss 1.4345  val_acc 0.4337
2026-04-09 10:47:52    epoch  31  loss 1.4184  acc 0.4168  val_loss 1.3477  val_acc 0.4885
2026-04-09 10:47:54    epoch  32  loss 1.3999  acc 0.4286  val_loss 1.3644  val_acc 0.4539
2026-04-09 10:47:55    epoch  33  loss 1.3981  acc 0.4232  val_loss 1.3323  val_acc 0.4625
2026-04-09 10:47:56    epoch  34  loss 1.4283  acc 0.4116  val_loss 1.3459  val_acc 0.4712
2026-04-09 10:47:57    epoch  35  loss 1.4119  acc 0.4228  val_loss 1.3558  val_acc 0.4697
2026-04-09 10:47:58    epoch  36  loss 1.3739  acc 0.4425  val_loss 1.3185  val_acc 0.5101
2026-04-09 10:48:00    epoch  37  loss 1.3908  acc 0.4276  val_loss 1.4666  val_acc 0.3804
2026-04-09 10:48:01    epoch  38  loss 1.4087  acc 0.4254  val_loss 1.3313  val_acc 0.4697
2026-04-09 10:48:02    epoch  39  loss 1.3553  acc 0.4358  val_loss 1.3193  val_acc 0.4683
2026-04-09 10:48:03    epoch  40  loss 1.3409  acc 0.4423  val_loss 1.3247  val_acc 0.4784
2026-04-09 10:48:04    epoch  41  loss 1.3443  acc 0.4398  val_loss 1.3317  val_acc 0.4798
2026-04-09 10:48:05    epoch  42  loss 1.3180  acc 0.4540  val_loss 1.3050  val_acc 0.4914
2026-04-09 10:48:07    epoch  43  loss 1.3081  acc 0.4615  val_loss 1.3080  val_acc 0.4654
2026-04-09 10:48:08    epoch  44  loss 1.3014  acc 0.4651  val_loss 1.2955  val_acc 0.4841
2026-04-09 10:48:09    epoch  45  loss 1.3022  acc 0.4566  val_loss 1.2915  val_acc 0.5072
2026-04-09 10:48:10    epoch  46  loss 1.2918  acc 0.4646  val_loss 1.2932  val_acc 0.4813
2026-04-09 10:48:11    epoch  47  loss 1.2860  acc 0.4652  val_loss 1.2902  val_acc 0.5072
2026-04-09 10:48:13    epoch  48  loss 1.2754  acc 0.4727  val_loss 1.3072  val_acc 0.4726
2026-04-09 10:48:14    epoch  49  loss 1.2938  acc 0.4702  val_loss 1.2815  val_acc 0.4928
2026-04-09 10:48:15    epoch  50  loss 1.2760  acc 0.4761  val_loss 1.3363  val_acc 0.4539
2026-04-09 10:48:16    epoch  51  loss 1.3192  acc 0.4476  val_loss 1.3223  val_acc 0.4611
2026-04-09 10:48:17    epoch  52  loss 1.2992  acc 0.4596  val_loss 1.3270  val_acc 0.4669
2026-04-09 10:48:18    epoch  53  loss 1.2862  acc 0.4785  val_loss 1.3097  val_acc 0.4986
2026-04-09 10:48:20    epoch  54  loss 1.2973  acc 0.4724  val_loss 1.3296  val_acc 0.4813
2026-04-09 10:48:21    epoch  55  loss 1.2638  acc 0.4812  val_loss 1.2949  val_acc 0.4986
2026-04-09 10:48:22    epoch  56  loss 1.2498  acc 0.4922  val_loss 1.2850  val_acc 0.4885
2026-04-09 10:48:23    epoch  57  loss 1.2349  acc 0.4994  val_loss 1.2825  val_acc 0.4899
2026-04-09 10:48:23    Early stopping at epoch 57
2026-04-09 10:48:23    User5 accuracy: 0.5307
2026-04-09 10:48:23    ✓ New best model saved (User5 held out, acc=0.5307)
2026-04-09 10:48:24  ────────────────────────────────────────────────────────────
2026-04-09 10:48:24  LOSO fold — held-out: User6 (396 test windows, 6958 train windows)
2026-04-09 10:48:25    epoch   1  loss 2.2085  acc 0.1697  val_loss 1.9038  val_acc 0.2216
2026-04-09 10:48:26    epoch   2  loss 1.8247  acc 0.2641  val_loss 1.8351  val_acc 0.2763
2026-04-09 10:48:27    epoch   3  loss 1.8625  acc 0.2590  val_loss 1.7813  val_acc 0.2878
2026-04-09 10:48:28    epoch   4  loss 1.7759  acc 0.2842  val_loss 1.7171  val_acc 0.3194
2026-04-09 10:48:30    epoch   5  loss 1.7111  acc 0.2903  val_loss 1.7405  val_acc 0.3108
2026-04-09 10:48:31    epoch   6  loss 1.8551  acc 0.2641  val_loss 1.7687  val_acc 0.2719
2026-04-09 10:48:32    epoch   7  loss 1.7843  acc 0.2644  val_loss 1.7253  val_acc 0.3137
2026-04-09 10:48:33    epoch   8  loss 1.7350  acc 0.2861  val_loss 1.6527  val_acc 0.3151
2026-04-09 10:48:34    epoch   9  loss 1.6680  acc 0.2951  val_loss 1.5978  val_acc 0.3165
2026-04-09 10:48:35    epoch  10  loss 1.6286  acc 0.3083  val_loss 1.5945  val_acc 0.3482
2026-04-09 10:48:36    epoch  11  loss 1.6337  acc 0.3182  val_loss 1.5774  val_acc 0.3655
2026-04-09 10:48:38    epoch  12  loss 1.6178  acc 0.3177  val_loss 1.5837  val_acc 0.3655
2026-04-09 10:48:39    epoch  13  loss 1.6258  acc 0.3243  val_loss 1.5718  val_acc 0.3353
2026-04-09 10:48:40    epoch  14  loss 1.6130  acc 0.3177  val_loss 1.5838  val_acc 0.3597
2026-04-09 10:48:41    epoch  15  loss 1.5963  acc 0.3278  val_loss 1.5454  val_acc 0.3770
2026-04-09 10:48:42    epoch  16  loss 1.5843  acc 0.3387  val_loss 1.5357  val_acc 0.3683
2026-04-09 10:48:43    epoch  17  loss 1.5899  acc 0.3355  val_loss 1.5364  val_acc 0.3856
2026-04-09 10:48:45    epoch  18  loss 1.5776  acc 0.3411  val_loss 1.5219  val_acc 0.3856
2026-04-09 10:48:46    epoch  19  loss 1.5761  acc 0.3478  val_loss 1.5328  val_acc 0.3727
2026-04-09 10:48:47    epoch  20  loss 1.5675  acc 0.3385  val_loss 1.5815  val_acc 0.3799
2026-04-09 10:48:48    epoch  21  loss 1.5688  acc 0.3495  val_loss 1.5071  val_acc 0.3971
2026-04-09 10:48:49    epoch  22  loss 1.5513  acc 0.3581  val_loss 1.5426  val_acc 0.3468
2026-04-09 10:48:50    epoch  23  loss 1.5551  acc 0.3530  val_loss 1.5269  val_acc 0.3698
2026-04-09 10:48:51    epoch  24  loss 1.5602  acc 0.3497  val_loss 1.5384  val_acc 0.3770
2026-04-09 10:48:53    epoch  25  loss 1.5494  acc 0.3522  val_loss 1.5391  val_acc 0.3971
2026-04-09 10:48:54    epoch  26  loss 1.5501  acc 0.3640  val_loss 1.4995  val_acc 0.3842
2026-04-09 10:48:55    epoch  27  loss 1.5182  acc 0.3770  val_loss 1.4656  val_acc 0.3971
2026-04-09 10:48:56    epoch  28  loss 1.5202  acc 0.3800  val_loss 1.4857  val_acc 0.3957
2026-04-09 10:48:57    epoch  29  loss 1.5274  acc 0.3719  val_loss 1.5274  val_acc 0.3683
2026-04-09 10:48:58    epoch  30  loss 1.5359  acc 0.3652  val_loss 1.4754  val_acc 0.4086
2026-04-09 10:48:59    epoch  31  loss 1.5122  acc 0.3856  val_loss 1.4647  val_acc 0.3827
2026-04-09 10:49:01    epoch  32  loss 1.8469  acc 0.3038  val_loss 1.6996  val_acc 0.2662
2026-04-09 10:49:02    epoch  33  loss 1.6777  acc 0.3027  val_loss 1.5873  val_acc 0.3540
2026-04-09 10:49:03    epoch  34  loss 1.5629  acc 0.3476  val_loss 1.5110  val_acc 0.3669
2026-04-09 10:49:04    epoch  35  loss 1.5326  acc 0.3631  val_loss 1.4928  val_acc 0.3827
2026-04-09 10:49:05    epoch  36  loss 1.5217  acc 0.3682  val_loss 1.4778  val_acc 0.3899
2026-04-09 10:49:06    epoch  37  loss 1.5029  acc 0.3741  val_loss 1.4697  val_acc 0.3784
2026-04-09 10:49:07    epoch  38  loss 1.4806  acc 0.3856  val_loss 1.4373  val_acc 0.3914
2026-04-09 10:49:08    epoch  39  loss 1.4656  acc 0.3992  val_loss 1.4284  val_acc 0.4014
2026-04-09 10:49:10    epoch  40  loss 1.4669  acc 0.4001  val_loss 1.4262  val_acc 0.4288
2026-04-09 10:49:11    epoch  41  loss 1.4583  acc 0.3974  val_loss 1.4119  val_acc 0.4187
2026-04-09 10:49:12    epoch  42  loss 1.4566  acc 0.4008  val_loss 1.4016  val_acc 0.4345
2026-04-09 10:49:13    epoch  43  loss 1.4491  acc 0.4009  val_loss 1.4235  val_acc 0.3928
2026-04-09 10:49:14    epoch  44  loss 1.4962  acc 0.3848  val_loss 1.4248  val_acc 0.4014
2026-04-09 10:49:15    epoch  45  loss 1.4552  acc 0.4028  val_loss 1.3984  val_acc 0.4072
2026-04-09 10:49:16    epoch  46  loss 1.4356  acc 0.4105  val_loss 1.3774  val_acc 0.4187
2026-04-09 10:49:18    epoch  47  loss 1.4212  acc 0.4206  val_loss 1.3964  val_acc 0.4086
2026-04-09 10:49:19    epoch  48  loss 1.4150  acc 0.4218  val_loss 1.3784  val_acc 0.4288
2026-04-09 10:49:20    epoch  49  loss 1.4197  acc 0.4239  val_loss 1.3679  val_acc 0.4417
2026-04-09 10:49:21    epoch  50  loss 1.4121  acc 0.4209  val_loss 1.3868  val_acc 0.4302
2026-04-09 10:49:22    epoch  51  loss 1.4026  acc 0.4278  val_loss 1.3797  val_acc 0.4173
2026-04-09 10:49:23    epoch  52  loss 1.3954  acc 0.4249  val_loss 1.3558  val_acc 0.4532
2026-04-09 10:49:24    epoch  53  loss 1.3868  acc 0.4356  val_loss 1.3486  val_acc 0.4691
2026-04-09 10:49:26    epoch  54  loss 1.3901  acc 0.4325  val_loss 1.3567  val_acc 0.4547
2026-04-09 10:49:27    epoch  55  loss 1.3787  acc 0.4329  val_loss 1.3416  val_acc 0.4504
2026-04-09 10:49:28    epoch  56  loss 1.3723  acc 0.4313  val_loss 1.3449  val_acc 0.4403
2026-04-09 10:49:29    epoch  57  loss 1.3658  acc 0.4386  val_loss 1.3285  val_acc 0.4532
2026-04-09 10:49:30    epoch  58  loss 1.3781  acc 0.4408  val_loss 1.3480  val_acc 0.4432
2026-04-09 10:49:31    epoch  59  loss 1.3698  acc 0.4491  val_loss 1.3275  val_acc 0.4705
2026-04-09 10:49:32    epoch  60  loss 1.3630  acc 0.4551  val_loss 1.3176  val_acc 0.4547
2026-04-09 10:49:33    epoch  61  loss 1.3438  acc 0.4595  val_loss 1.3105  val_acc 0.4676
2026-04-09 10:49:35    epoch  62  loss 1.3512  acc 0.4520  val_loss 1.3244  val_acc 0.4619
2026-04-09 10:49:36    epoch  63  loss 1.3504  acc 0.4538  val_loss 1.3033  val_acc 0.4763
2026-04-09 10:49:37    epoch  64  loss 1.3325  acc 0.4622  val_loss 1.3049  val_acc 0.4719
2026-04-09 10:49:38    epoch  65  loss 1.3254  acc 0.4642  val_loss 1.3018  val_acc 0.4748
2026-04-09 10:49:39    epoch  66  loss 1.3360  acc 0.4670  val_loss 1.3386  val_acc 0.4532
2026-04-09 10:49:40    epoch  67  loss 1.3273  acc 0.4678  val_loss 1.2960  val_acc 0.4892
2026-04-09 10:49:41    epoch  68  loss 1.3168  acc 0.4718  val_loss 1.2962  val_acc 0.4748
2026-04-09 10:49:43    epoch  69  loss 1.3190  acc 0.4696  val_loss 1.2789  val_acc 0.4906
2026-04-09 10:49:44    epoch  70  loss 1.3198  acc 0.4734  val_loss 1.2830  val_acc 0.4892
2026-04-09 10:49:45    epoch  71  loss 1.3207  acc 0.4707  val_loss 1.2828  val_acc 0.4748
2026-04-09 10:49:46    epoch  72  loss 1.3219  acc 0.4744  val_loss 1.3349  val_acc 0.4791
2026-04-09 10:49:47    epoch  73  loss 1.3198  acc 0.4697  val_loss 1.3073  val_acc 0.4820
2026-04-09 10:49:48    epoch  74  loss 1.3006  acc 0.4820  val_loss 1.2867  val_acc 0.4820
2026-04-09 10:49:49    epoch  75  loss 1.2873  acc 0.4870  val_loss 1.2843  val_acc 0.4691
2026-04-09 10:49:51    epoch  76  loss 1.2878  acc 0.4846  val_loss 1.2894  val_acc 0.4906
2026-04-09 10:49:52    epoch  77  loss 1.2852  acc 0.4884  val_loss 1.2736  val_acc 0.4676
2026-04-09 10:49:53    epoch  78  loss 1.2680  acc 0.4886  val_loss 1.2769  val_acc 0.4748
2026-04-09 10:49:54    epoch  79  loss 1.2740  acc 0.4892  val_loss 1.2768  val_acc 0.4748
2026-04-09 10:49:55    epoch  80  loss 1.2738  acc 0.4887  val_loss 1.2766  val_acc 0.4691
2026-04-09 10:49:56    epoch  81  loss 1.2576  acc 0.4916  val_loss 1.2657  val_acc 0.4763
2026-04-09 10:49:57    epoch  82  loss 1.2514  acc 0.4947  val_loss 1.2767  val_acc 0.4748
2026-04-09 10:49:58    epoch  83  loss 1.2513  acc 0.4903  val_loss 1.2683  val_acc 0.4719
2026-04-09 10:50:00    epoch  84  loss 1.2514  acc 0.4950  val_loss 1.2665  val_acc 0.4849
2026-04-09 10:50:01    epoch  85  loss 1.2493  acc 0.4958  val_loss 1.2772  val_acc 0.4806
2026-04-09 10:50:02    epoch  86  loss 1.2489  acc 0.4937  val_loss 1.2923  val_acc 0.4705
2026-04-09 10:50:03    epoch  87  loss 1.2544  acc 0.4910  val_loss 1.2710  val_acc 0.4835
2026-04-09 10:50:04    epoch  88  loss 1.2296  acc 0.5009  val_loss 1.2729  val_acc 0.4820
2026-04-09 10:50:05    epoch  89  loss 1.2342  acc 0.5023  val_loss 1.2642  val_acc 0.4835
2026-04-09 10:50:06    epoch  90  loss 1.2251  acc 0.5009  val_loss 1.2619  val_acc 0.4935
2026-04-09 10:50:08    epoch  91  loss 1.2191  acc 0.5058  val_loss 1.2719  val_acc 0.4906
2026-04-09 10:50:09    epoch  92  loss 1.2154  acc 0.5030  val_loss 1.2661  val_acc 0.4950
2026-04-09 10:50:10    epoch  93  loss 1.2120  acc 0.5119  val_loss 1.2673  val_acc 0.4921
2026-04-09 10:50:11    epoch  94  loss 1.2152  acc 0.5111  val_loss 1.2717  val_acc 0.4849
2026-04-09 10:50:12    epoch  95  loss 1.2179  acc 0.5069  val_loss 1.2644  val_acc 0.4878
2026-04-09 10:50:13    epoch  96  loss 1.2064  acc 0.5084  val_loss 1.2762  val_acc 0.4892
2026-04-09 10:50:14    epoch  97  loss 1.2357  acc 0.5018  val_loss 1.2785  val_acc 0.4734
2026-04-09 10:50:15    epoch  98  loss 1.2206  acc 0.5089  val_loss 1.2740  val_acc 0.4719
2026-04-09 10:50:15    Early stopping at epoch 98
2026-04-09 10:50:16    User6 accuracy: 0.4722
2026-04-09 10:50:16  ────────────────────────────────────────────────────────────
2026-04-09 10:50:16  LOSO fold — held-out: User7 (852 test windows, 6502 train windows)
2026-04-09 10:50:17    epoch   1  loss 2.2519  acc 0.1726  val_loss 1.8950  val_acc 0.2662
2026-04-09 10:50:18    epoch   2  loss 1.8681  acc 0.2538  val_loss 2.1437  val_acc 0.2431
2026-04-09 10:50:20    epoch   3  loss 2.0142  acc 0.2389  val_loss 1.8003  val_acc 0.2754
2026-04-09 10:50:21    epoch   4  loss 1.8375  acc 0.2717  val_loss 1.7488  val_acc 0.3123
2026-04-09 10:50:22    epoch   5  loss 1.7645  acc 0.2861  val_loss 1.6484  val_acc 0.3046
2026-04-09 10:50:24    epoch   6  loss 1.7296  acc 0.2878  val_loss 1.6718  val_acc 0.3062
2026-04-09 10:50:25    epoch   7  loss 1.7693  acc 0.2905  val_loss 1.6632  val_acc 0.2908
2026-04-09 10:50:26    epoch   8  loss 1.7017  acc 0.3013  val_loss 1.5994  val_acc 0.3369
2026-04-09 10:50:27    epoch   9  loss 1.6622  acc 0.3127  val_loss 1.5574  val_acc 0.3554
2026-04-09 10:50:29    epoch  10  loss 1.6761  acc 0.3113  val_loss 1.6308  val_acc 0.3492
2026-04-09 10:50:30    epoch  11  loss 1.6040  acc 0.3389  val_loss 1.5549  val_acc 0.4062
2026-04-09 10:50:31    epoch  12  loss 1.6061  acc 0.3370  val_loss 1.6417  val_acc 0.3431
2026-04-09 10:50:32    epoch  13  loss 1.5836  acc 0.3414  val_loss 1.5361  val_acc 0.3969
2026-04-09 10:50:33    epoch  14  loss 1.5657  acc 0.3498  val_loss 1.5248  val_acc 0.3785
2026-04-09 10:50:35    epoch  15  loss 1.5706  acc 0.3431  val_loss 1.5035  val_acc 0.4046
2026-04-09 10:50:36    epoch  16  loss 1.5399  acc 0.3640  val_loss 1.5013  val_acc 0.4200
2026-04-09 10:50:37    epoch  17  loss 1.5729  acc 0.3551  val_loss 1.5230  val_acc 0.3662
2026-04-09 10:50:38    epoch  18  loss 1.5437  acc 0.3645  val_loss 1.5116  val_acc 0.4308
2026-04-09 10:50:39    epoch  19  loss 1.5366  acc 0.3691  val_loss 1.4859  val_acc 0.4415
2026-04-09 10:50:41    epoch  20  loss 1.4997  acc 0.3855  val_loss 1.4549  val_acc 0.4323
2026-04-09 10:50:42    epoch  21  loss 1.5195  acc 0.3763  val_loss 1.4496  val_acc 0.4215
2026-04-09 10:50:43    epoch  22  loss 1.4855  acc 0.3852  val_loss 1.4164  val_acc 0.4708
2026-04-09 10:50:44    epoch  23  loss 1.4761  acc 0.3994  val_loss 1.4234  val_acc 0.4323
2026-04-09 10:50:45    epoch  24  loss 1.4698  acc 0.4002  val_loss 1.4207  val_acc 0.4200
2026-04-09 10:50:47    epoch  25  loss 1.4483  acc 0.4016  val_loss 1.4051  val_acc 0.4554
2026-04-09 10:50:48    epoch  26  loss 1.4551  acc 0.4031  val_loss 1.3998  val_acc 0.4246
2026-04-09 10:50:50    epoch  27  loss 1.4662  acc 0.4072  val_loss 1.4290  val_acc 0.4185
2026-04-09 10:50:51    epoch  28  loss 1.5105  acc 0.3829  val_loss 1.4304  val_acc 0.4385
2026-04-09 10:50:52    epoch  29  loss 1.4715  acc 0.3949  val_loss 1.3987  val_acc 0.4508
2026-04-09 10:50:53    epoch  30  loss 1.4786  acc 0.4122  val_loss 1.3969  val_acc 0.4569
2026-04-09 10:50:54    epoch  31  loss 1.4471  acc 0.4164  val_loss 1.3862  val_acc 0.4077
2026-04-09 10:50:56    epoch  32  loss 1.4294  acc 0.4091  val_loss 1.3680  val_acc 0.4631
2026-04-09 10:50:57    epoch  33  loss 1.4154  acc 0.4263  val_loss 1.3608  val_acc 0.4723
2026-04-09 10:50:58    epoch  34  loss 1.4237  acc 0.4269  val_loss 1.3634  val_acc 0.4554
2026-04-09 10:50:59    epoch  35  loss 1.4122  acc 0.4246  val_loss 1.3450  val_acc 0.4738
2026-04-09 10:51:00    epoch  36  loss 1.4037  acc 0.4325  val_loss 1.3316  val_acc 0.4723
2026-04-09 10:51:02    epoch  37  loss 1.3738  acc 0.4489  val_loss 1.3382  val_acc 0.4708
2026-04-09 10:51:03    epoch  38  loss 1.3824  acc 0.4474  val_loss 1.3511  val_acc 0.4615
2026-04-09 10:51:04    epoch  39  loss 1.3659  acc 0.4518  val_loss 1.3192  val_acc 0.4615
2026-04-09 10:51:05    epoch  40  loss 1.3635  acc 0.4600  val_loss 1.3333  val_acc 0.4892
2026-04-09 10:51:06    epoch  41  loss 1.3693  acc 0.4510  val_loss 1.3037  val_acc 0.4877
2026-04-09 10:51:08    epoch  42  loss 1.3403  acc 0.4660  val_loss 1.3222  val_acc 0.4831
2026-04-09 10:51:09    epoch  43  loss 1.3534  acc 0.4605  val_loss 1.3220  val_acc 0.4708
2026-04-09 10:51:10    epoch  44  loss 1.3418  acc 0.4576  val_loss 1.2960  val_acc 0.4877
2026-04-09 10:51:11    epoch  45  loss 1.3416  acc 0.4604  val_loss 1.3168  val_acc 0.4800
2026-04-09 10:51:12    epoch  46  loss 1.3373  acc 0.4629  val_loss 1.2905  val_acc 0.4969
2026-04-09 10:51:14    epoch  47  loss 1.3376  acc 0.4797  val_loss 1.3047  val_acc 0.4662
2026-04-09 10:51:15    epoch  48  loss 1.3074  acc 0.4716  val_loss 1.3003  val_acc 0.4815
2026-04-09 10:51:16    epoch  49  loss 1.3240  acc 0.4687  val_loss 1.3061  val_acc 0.4815
2026-04-09 10:51:17    epoch  50  loss 1.3054  acc 0.4783  val_loss 1.2853  val_acc 0.5000
2026-04-09 10:51:18    epoch  51  loss 1.3103  acc 0.4783  val_loss 1.2894  val_acc 0.4892
2026-04-09 10:51:20    epoch  52  loss 1.3042  acc 0.4674  val_loss 1.2899  val_acc 0.5015
2026-04-09 10:51:21    epoch  53  loss 1.3066  acc 0.4735  val_loss 1.2854  val_acc 0.4738
2026-04-09 10:51:22    epoch  54  loss 1.2953  acc 0.4768  val_loss 1.2768  val_acc 0.4769
2026-04-09 10:51:23    epoch  55  loss 1.2866  acc 0.4886  val_loss 1.2853  val_acc 0.4738
2026-04-09 10:51:24    epoch  56  loss 1.3139  acc 0.4716  val_loss 1.2565  val_acc 0.5062
2026-04-09 10:51:26    epoch  57  loss 1.2960  acc 0.4766  val_loss 1.3022  val_acc 0.4692
2026-04-09 10:51:27    epoch  58  loss 1.2857  acc 0.4795  val_loss 1.2713  val_acc 0.4938
2026-04-09 10:51:28    epoch  59  loss 1.2757  acc 0.4891  val_loss 1.2772  val_acc 0.4815
2026-04-09 10:51:29    epoch  60  loss 1.2491  acc 0.5038  val_loss 1.2732  val_acc 0.5000
2026-04-09 10:51:30    epoch  61  loss 1.2581  acc 0.4901  val_loss 1.2688  val_acc 0.4862
2026-04-09 10:51:32    epoch  62  loss 1.2373  acc 0.5017  val_loss 1.2669  val_acc 0.5077
2026-04-09 10:51:33    epoch  63  loss 1.2463  acc 0.5012  val_loss 1.2455  val_acc 0.5108
2026-04-09 10:51:34    epoch  64  loss 1.2195  acc 0.5097  val_loss 1.2433  val_acc 0.5062
2026-04-09 10:51:35    epoch  65  loss 1.2175  acc 0.5125  val_loss 1.2375  val_acc 0.4908
2026-04-09 10:51:36    epoch  66  loss 1.2128  acc 0.5089  val_loss 1.2447  val_acc 0.5108
2026-04-09 10:51:38    epoch  67  loss 1.2055  acc 0.5114  val_loss 1.2320  val_acc 0.5000
2026-04-09 10:51:39    epoch  68  loss 1.2129  acc 0.5130  val_loss 1.2426  val_acc 0.4969
2026-04-09 10:51:40    epoch  69  loss 1.1961  acc 0.5099  val_loss 1.2445  val_acc 0.4923
2026-04-09 10:51:41    epoch  70  loss 1.1994  acc 0.5116  val_loss 1.2270  val_acc 0.4985
2026-04-09 10:51:42    epoch  71  loss 1.1753  acc 0.5253  val_loss 1.2315  val_acc 0.4938
2026-04-09 10:51:44    epoch  72  loss 1.1720  acc 0.5308  val_loss 1.2171  val_acc 0.5077
2026-04-09 10:51:45    epoch  73  loss 1.1643  acc 0.5302  val_loss 1.2639  val_acc 0.4985
2026-04-09 10:51:46    epoch  74  loss 1.1906  acc 0.5234  val_loss 1.2407  val_acc 0.5215
2026-04-09 10:51:47    epoch  75  loss 1.1869  acc 0.5224  val_loss 1.2381  val_acc 0.5123
2026-04-09 10:51:48    epoch  76  loss 1.1664  acc 0.5396  val_loss 1.2186  val_acc 0.5169
2026-04-09 10:51:50    epoch  77  loss 1.1577  acc 0.5333  val_loss 1.2211  val_acc 0.5231
2026-04-09 10:51:51    epoch  78  loss 1.1509  acc 0.5429  val_loss 1.2112  val_acc 0.5308
2026-04-09 10:51:52    epoch  79  loss 1.1396  acc 0.5465  val_loss 1.2093  val_acc 0.5323
2026-04-09 10:51:53    epoch  80  loss 1.1339  acc 0.5499  val_loss 1.2064  val_acc 0.5323
2026-04-09 10:51:55    epoch  81  loss 1.1363  acc 0.5451  val_loss 1.2072  val_acc 0.5323
2026-04-09 10:51:56    epoch  82  loss 1.1386  acc 0.5526  val_loss 1.2083  val_acc 0.5415
2026-04-09 10:51:57    epoch  83  loss 1.1219  acc 0.5560  val_loss 1.2161  val_acc 0.5477
2026-04-09 10:51:58    epoch  84  loss 1.1222  acc 0.5576  val_loss 1.1861  val_acc 0.5323
2026-04-09 10:51:59    epoch  85  loss 1.1169  acc 0.5612  val_loss 1.2059  val_acc 0.5369
2026-04-09 10:52:01    epoch  86  loss 1.1114  acc 0.5615  val_loss 1.2042  val_acc 0.5446
2026-04-09 10:52:02    epoch  87  loss 1.1075  acc 0.5726  val_loss 1.2145  val_acc 0.5308
2026-04-09 10:52:03    epoch  88  loss 1.1060  acc 0.5702  val_loss 1.2185  val_acc 0.5338
2026-04-09 10:52:04    epoch  89  loss 1.0923  acc 0.5629  val_loss 1.2031  val_acc 0.5354
2026-04-09 10:52:05    epoch  90  loss 1.0811  acc 0.5754  val_loss 1.2069  val_acc 0.5462
2026-04-09 10:52:07    epoch  91  loss 1.0792  acc 0.5718  val_loss 1.1985  val_acc 0.5369
2026-04-09 10:52:08    epoch  92  loss 1.0701  acc 0.5866  val_loss 1.1983  val_acc 0.5477
2026-04-09 10:52:08    Early stopping at epoch 92
2026-04-09 10:52:08    User7 accuracy: 0.3967
2026-04-09 10:52:08  ────────────────────────────────────────────────────────────
2026-04-09 10:52:08  LOSO fold — held-out: User8 (767 test windows, 6587 train windows)
2026-04-09 10:52:10    epoch   1  loss 2.2403  acc 0.1639  val_loss 1.9274  val_acc 0.2492
2026-04-09 10:52:11    epoch   2  loss 1.8531  acc 0.2614  val_loss 1.7511  val_acc 0.2888
2026-04-09 10:52:12    epoch   3  loss 1.7821  acc 0.2695  val_loss 1.7320  val_acc 0.3131
2026-04-09 10:52:13    epoch   4  loss 1.7346  acc 0.2972  val_loss 1.6644  val_acc 0.3283
2026-04-09 10:52:14    epoch   5  loss 1.6672  acc 0.3110  val_loss 1.6414  val_acc 0.3313
2026-04-09 10:52:16    epoch   6  loss 1.6494  acc 0.3179  val_loss 1.6536  val_acc 0.3267
2026-04-09 10:52:17    epoch   7  loss 1.6558  acc 0.3103  val_loss 1.6251  val_acc 0.3313
2026-04-09 10:52:18    epoch   8  loss 1.6369  acc 0.3206  val_loss 1.6394  val_acc 0.3252
2026-04-09 10:52:19    epoch   9  loss 1.6541  acc 0.3242  val_loss 1.5777  val_acc 0.3951
2026-04-09 10:52:20    epoch  10  loss 1.6142  acc 0.3383  val_loss 1.5408  val_acc 0.3951
2026-04-09 10:52:21    epoch  11  loss 1.5743  acc 0.3402  val_loss 1.5685  val_acc 0.3784
2026-04-09 10:52:23    epoch  12  loss 1.5688  acc 0.3535  val_loss 1.5398  val_acc 0.4012
2026-04-09 10:52:24    epoch  13  loss 1.5354  acc 0.3770  val_loss 1.5229  val_acc 0.4012
2026-04-09 10:52:25    epoch  14  loss 1.5211  acc 0.3753  val_loss 1.5453  val_acc 0.3784
2026-04-09 10:52:26    epoch  15  loss 1.5222  acc 0.3738  val_loss 1.5033  val_acc 0.3997
2026-04-09 10:52:27    epoch  16  loss 1.4954  acc 0.3842  val_loss 1.5002  val_acc 0.4240
2026-04-09 10:52:29    epoch  17  loss 1.5329  acc 0.3716  val_loss 1.5205  val_acc 0.4043
2026-04-09 10:52:30    epoch  18  loss 1.5204  acc 0.3645  val_loss 1.5039  val_acc 0.4073
2026-04-09 10:52:31    epoch  19  loss 1.4946  acc 0.3830  val_loss 1.4997  val_acc 0.4027
2026-04-09 10:52:32    epoch  20  loss 1.5492  acc 0.3700  val_loss 1.5096  val_acc 0.3891
2026-04-09 10:52:33    epoch  21  loss 1.5066  acc 0.3776  val_loss 1.4647  val_acc 0.4301
2026-04-09 10:52:34    epoch  22  loss 1.4647  acc 0.3947  val_loss 1.4981  val_acc 0.4027
2026-04-09 10:52:36    epoch  23  loss 1.4727  acc 0.4018  val_loss 1.4916  val_acc 0.4134
2026-04-09 10:52:37    epoch  24  loss 1.4529  acc 0.4033  val_loss 1.4457  val_acc 0.4331
2026-04-09 10:52:38    epoch  25  loss 1.4362  acc 0.4132  val_loss 1.4229  val_acc 0.4422
2026-04-09 10:52:39    epoch  26  loss 1.4267  acc 0.4104  val_loss 1.4606  val_acc 0.4255
2026-04-09 10:52:40    epoch  27  loss 1.4146  acc 0.4188  val_loss 1.3986  val_acc 0.4438
2026-04-09 10:52:41    epoch  28  loss 1.4291  acc 0.4098  val_loss 1.4447  val_acc 0.4210
2026-04-09 10:52:42    epoch  29  loss 1.4354  acc 0.4095  val_loss 1.4087  val_acc 0.4179
2026-04-09 10:52:44    epoch  30  loss 1.4065  acc 0.4176  val_loss 1.4140  val_acc 0.4271
2026-04-09 10:52:45    epoch  31  loss 1.4161  acc 0.4227  val_loss 1.4386  val_acc 0.4438
2026-04-09 10:52:46    epoch  32  loss 1.4109  acc 0.4215  val_loss 1.3895  val_acc 0.4559
2026-04-09 10:52:47    epoch  33  loss 1.3943  acc 0.4252  val_loss 1.4038  val_acc 0.4453
2026-04-09 10:52:48    epoch  34  loss 1.3882  acc 0.4328  val_loss 1.3991  val_acc 0.4422
2026-04-09 10:52:49    epoch  35  loss 1.4634  acc 0.4056  val_loss 1.4182  val_acc 0.4392
2026-04-09 10:52:51    epoch  36  loss 1.3911  acc 0.4262  val_loss 1.3648  val_acc 0.4620
2026-04-09 10:52:52    epoch  37  loss 1.3817  acc 0.4271  val_loss 1.4015  val_acc 0.4498
2026-04-09 10:52:53    epoch  38  loss 1.3583  acc 0.4456  val_loss 1.3581  val_acc 0.4620
2026-04-09 10:52:54    epoch  39  loss 1.3803  acc 0.4362  val_loss 1.3671  val_acc 0.4620
2026-04-09 10:52:55    epoch  40  loss 1.3364  acc 0.4486  val_loss 1.3494  val_acc 0.4696
2026-04-09 10:52:56    epoch  41  loss 1.3382  acc 0.4444  val_loss 1.3391  val_acc 0.4802
2026-04-09 10:52:57    epoch  42  loss 1.3196  acc 0.4576  val_loss 1.3404  val_acc 0.4742
2026-04-09 10:52:59    epoch  43  loss 1.3176  acc 0.4534  val_loss 1.3368  val_acc 0.4772
2026-04-09 10:53:00    epoch  44  loss 1.3141  acc 0.4549  val_loss 1.3175  val_acc 0.4711
2026-04-09 10:53:01    epoch  45  loss 1.2917  acc 0.4711  val_loss 1.3457  val_acc 0.4650
2026-04-09 10:53:02    epoch  46  loss 1.3105  acc 0.4569  val_loss 1.3462  val_acc 0.4863
2026-04-09 10:53:03    epoch  47  loss 1.3158  acc 0.4545  val_loss 1.3742  val_acc 0.4529
2026-04-09 10:53:04    epoch  48  loss 1.3281  acc 0.4480  val_loss 1.3420  val_acc 0.4726
2026-04-09 10:53:06    epoch  49  loss 1.3047  acc 0.4653  val_loss 1.3201  val_acc 0.4757
2026-04-09 10:53:07    epoch  50  loss 1.2765  acc 0.4697  val_loss 1.3075  val_acc 0.4605
2026-04-09 10:53:08    epoch  51  loss 1.2562  acc 0.4868  val_loss 1.2989  val_acc 0.4833
2026-04-09 10:53:09    epoch  52  loss 1.2548  acc 0.4820  val_loss 1.3052  val_acc 0.4848
2026-04-09 10:53:10    epoch  53  loss 1.2638  acc 0.4829  val_loss 1.2860  val_acc 0.4863
2026-04-09 10:53:11    epoch  54  loss 1.2490  acc 0.4793  val_loss 1.2825  val_acc 0.4848
2026-04-09 10:53:12    epoch  55  loss 1.2331  acc 0.4970  val_loss 1.2768  val_acc 0.4894
2026-04-09 10:53:14    epoch  56  loss 1.2257  acc 0.4965  val_loss 1.2915  val_acc 0.4894
2026-04-09 10:53:15    epoch  57  loss 1.2334  acc 0.4844  val_loss 1.2933  val_acc 0.4772
2026-04-09 10:53:16    epoch  58  loss 1.2387  acc 0.4859  val_loss 1.2755  val_acc 0.4924
2026-04-09 10:53:17    epoch  59  loss 1.2233  acc 0.4984  val_loss 1.2727  val_acc 0.4894
2026-04-09 10:53:18    epoch  60  loss 1.2118  acc 0.4964  val_loss 1.2772  val_acc 0.5000
2026-04-09 10:53:19    epoch  61  loss 1.2007  acc 0.5055  val_loss 1.2740  val_acc 0.4985
2026-04-09 10:53:21    epoch  62  loss 1.1958  acc 0.5053  val_loss 1.2621  val_acc 0.5015
2026-04-09 10:53:22    epoch  63  loss 1.1912  acc 0.5082  val_loss 1.2614  val_acc 0.4894
2026-04-09 10:53:23    epoch  64  loss 1.1853  acc 0.5090  val_loss 1.2644  val_acc 0.5000
2026-04-09 10:53:24    epoch  65  loss 1.1931  acc 0.5117  val_loss 1.3082  val_acc 0.5015
2026-04-09 10:53:25    epoch  66  loss 1.1944  acc 0.5127  val_loss 1.2581  val_acc 0.5122
2026-04-09 10:53:26    epoch  67  loss 1.1858  acc 0.5136  val_loss 1.2871  val_acc 0.4894
2026-04-09 10:53:27    epoch  68  loss 1.1890  acc 0.5158  val_loss 1.2686  val_acc 0.4970
2026-04-09 10:53:29    epoch  69  loss 1.1809  acc 0.5122  val_loss 1.2572  val_acc 0.5213
2026-04-09 10:53:30    epoch  70  loss 1.1715  acc 0.5124  val_loss 1.2700  val_acc 0.5000
2026-04-09 10:53:31    epoch  71  loss 1.1768  acc 0.5104  val_loss 1.2589  val_acc 0.5030
2026-04-09 10:53:32    epoch  72  loss 1.1620  acc 0.5183  val_loss 1.2780  val_acc 0.4863
2026-04-09 10:53:33    epoch  73  loss 1.1551  acc 0.5325  val_loss 1.2497  val_acc 0.5061
2026-04-09 10:53:34    epoch  74  loss 1.1602  acc 0.5274  val_loss 1.2718  val_acc 0.4894
2026-04-09 10:53:36    epoch  75  loss 1.1641  acc 0.5185  val_loss 1.2535  val_acc 0.5061
2026-04-09 10:53:37    epoch  76  loss 1.1449  acc 0.5353  val_loss 1.2574  val_acc 0.5030
2026-04-09 10:53:38    epoch  77  loss 1.1341  acc 0.5416  val_loss 1.2686  val_acc 0.5015
2026-04-09 10:53:39    epoch  78  loss 1.1347  acc 0.5389  val_loss 1.2432  val_acc 0.5091
2026-04-09 10:53:40    epoch  79  loss 1.1411  acc 0.5358  val_loss 1.2500  val_acc 0.5000
2026-04-09 10:53:41    epoch  80  loss 1.1362  acc 0.5298  val_loss 1.2607  val_acc 0.5015
2026-04-09 10:53:42    epoch  81  loss 1.1309  acc 0.5396  val_loss 1.2772  val_acc 0.5015
2026-04-09 10:53:44    epoch  82  loss 1.1295  acc 0.5396  val_loss 1.2876  val_acc 0.5000
2026-04-09 10:53:45    epoch  83  loss 1.1196  acc 0.5498  val_loss 1.2420  val_acc 0.5030
2026-04-09 10:53:46    epoch  84  loss 1.1112  acc 0.5451  val_loss 1.2460  val_acc 0.5106
2026-04-09 10:53:47    epoch  85  loss 1.1000  acc 0.5488  val_loss 1.2518  val_acc 0.5213
2026-04-09 10:53:48    epoch  86  loss 1.1247  acc 0.5424  val_loss 1.3804  val_acc 0.4954
2026-04-09 10:53:49    epoch  87  loss 1.2388  acc 0.5068  val_loss 1.2984  val_acc 0.4924
2026-04-09 10:53:51    epoch  88  loss 1.1658  acc 0.5304  val_loss 1.2571  val_acc 0.5015
2026-04-09 10:53:52    epoch  89  loss 1.1249  acc 0.5439  val_loss 1.2302  val_acc 0.4939
2026-04-09 10:53:53    epoch  90  loss 1.1064  acc 0.5525  val_loss 1.2293  val_acc 0.5182
2026-04-09 10:53:54    epoch  91  loss 1.0958  acc 0.5544  val_loss 1.2411  val_acc 0.5046
2026-04-09 10:53:55    epoch  92  loss 1.0865  acc 0.5613  val_loss 1.2356  val_acc 0.5076
2026-04-09 10:53:56    epoch  93  loss 1.0794  acc 0.5654  val_loss 1.2408  val_acc 0.5046
2026-04-09 10:53:57    epoch  94  loss 1.0668  acc 0.5652  val_loss 1.2470  val_acc 0.5182
2026-04-09 10:53:59    epoch  95  loss 1.0633  acc 0.5672  val_loss 1.2508  val_acc 0.5076
