2026-04-08 02:24:25  ============================================================
2026-04-08 02:24:25  deep_conv_lstm  |  window=300  step=100
2026-04-08 02:24:25  Device  : cuda:0
2026-04-08 02:24:25  Flatten : False
2026-04-08 02:24:25  Log     : /home/mahmudm2/codebase/ClassyGlass/scripts/benchmark/logs/deep_conv_lstm_W300_S100.log
2026-04-08 02:24:25  Model   : /home/mahmudm2/codebase/ClassyGlass/scripts/benchmark/models/deep_conv_lstm_best_W300_S100.pth
2026-04-08 02:24:25  Figures : /home/mahmudm2/codebase/ClassyGlass/scripts/benchmark/figures
2026-04-08 02:24:25  ============================================================
2026-04-08 02:24:29  Loaded 14518 windows | window=300  step=100 | 129 experiments | 12 subjects | 0 experiments skipped
2026-04-08 02:24:30  ────────────────────────────────────────────────────────────
2026-04-08 02:24:30  LOSO fold — held-out: User1 (833 test windows, 13685 train windows)
2026-04-08 02:24:39    epoch   1  loss 1.9545  acc 0.2253  val_loss 1.6656  val_acc 0.3187
2026-04-08 02:24:44    epoch   2  loss 1.6668  acc 0.3066  val_loss 1.5293  val_acc 0.3363
2026-04-08 02:24:49    epoch   3  loss 1.6322  acc 0.3332  val_loss 1.6985  val_acc 0.2661
2026-04-08 02:24:53    epoch   4  loss 1.5837  acc 0.3350  val_loss 1.4913  val_acc 0.3735
2026-04-08 02:24:58    epoch   5  loss 1.5290  acc 0.3577  val_loss 1.4549  val_acc 0.3553
2026-04-08 02:25:03    epoch   6  loss 1.5302  acc 0.3714  val_loss 1.4554  val_acc 0.3589
2026-04-08 02:25:08    epoch   7  loss 1.5133  acc 0.3614  val_loss 1.3720  val_acc 0.4042
2026-04-08 02:25:12    epoch   8  loss 1.4451  acc 0.3878  val_loss 1.3829  val_acc 0.4079
2026-04-08 02:25:17    epoch   9  loss 1.4123  acc 0.3977  val_loss 1.3090  val_acc 0.4364
2026-04-08 02:25:22    epoch  10  loss 1.3577  acc 0.4245  val_loss 1.2966  val_acc 0.4518
2026-04-08 02:25:27    epoch  11  loss 1.3528  acc 0.4326  val_loss 1.2810  val_acc 0.4605
2026-04-08 02:25:31    epoch  12  loss 1.3338  acc 0.4321  val_loss 1.2616  val_acc 0.4708
2026-04-08 02:25:36    epoch  13  loss 1.2999  acc 0.4555  val_loss 1.2082  val_acc 0.5029
2026-04-08 02:25:41    epoch  14  loss 1.3060  acc 0.4584  val_loss 1.3313  val_acc 0.4488
2026-04-08 02:25:46    epoch  15  loss 1.2964  acc 0.4652  val_loss 1.2193  val_acc 0.4905
2026-04-08 02:25:50    epoch  16  loss 1.2675  acc 0.4808  val_loss 1.2060  val_acc 0.5080
2026-04-08 02:25:55    epoch  17  loss 1.2455  acc 0.4824  val_loss 1.1920  val_acc 0.5037
2026-04-08 02:26:00    epoch  18  loss 1.2090  acc 0.4995  val_loss 1.1608  val_acc 0.4934
2026-04-08 02:26:05    epoch  19  loss 1.2056  acc 0.5001  val_loss 1.1532  val_acc 0.5161
2026-04-08 02:26:09    epoch  20  loss 1.1888  acc 0.5120  val_loss 1.1158  val_acc 0.5263
2026-04-08 02:26:14    epoch  21  loss 1.1647  acc 0.5205  val_loss 1.1133  val_acc 0.5285
2026-04-08 02:26:19    epoch  22  loss 1.1407  acc 0.5326  val_loss 1.1230  val_acc 0.5402
2026-04-08 02:26:24    epoch  23  loss 1.1200  acc 0.5401  val_loss 1.1071  val_acc 0.5504
2026-04-08 02:26:28    epoch  24  loss 1.1027  acc 0.5493  val_loss 1.0681  val_acc 0.5760
2026-04-08 02:26:33    epoch  25  loss 1.0901  acc 0.5529  val_loss 1.0473  val_acc 0.5819
2026-04-08 02:26:38    epoch  26  loss 1.0745  acc 0.5618  val_loss 1.0490  val_acc 0.5768
2026-04-08 02:26:42    epoch  27  loss 1.0579  acc 0.5759  val_loss 1.0285  val_acc 0.6001
2026-04-08 02:26:47    epoch  28  loss 1.0378  acc 0.5845  val_loss 1.0098  val_acc 0.6023
2026-04-08 02:26:52    epoch  29  loss 1.0161  acc 0.5924  val_loss 0.9844  val_acc 0.6104
2026-04-08 02:26:57    epoch  30  loss 0.9944  acc 0.6079  val_loss 0.9933  val_acc 0.6148
2026-04-08 02:27:01    epoch  31  loss 0.9667  acc 0.6225  val_loss 0.9155  val_acc 0.6345
2026-04-08 02:27:06    epoch  32  loss 0.9317  acc 0.6360  val_loss 0.9602  val_acc 0.6170
2026-04-08 02:27:11    epoch  33  loss 0.9328  acc 0.6373  val_loss 0.9096  val_acc 0.6535
2026-04-08 02:27:16    epoch  34  loss 0.8874  acc 0.6554  val_loss 0.8837  val_acc 0.6550
2026-04-08 02:27:20    epoch  35  loss 0.8728  acc 0.6621  val_loss 0.9228  val_acc 0.6411
2026-04-08 02:27:25    epoch  36  loss 0.8524  acc 0.6663  val_loss 0.8669  val_acc 0.6725
2026-04-08 02:27:30    epoch  37  loss 0.8287  acc 0.6847  val_loss 0.9011  val_acc 0.6594
2026-04-08 02:27:35    epoch  38  loss 0.8205  acc 0.6938  val_loss 0.8198  val_acc 0.7003
2026-04-08 02:27:39    epoch  39  loss 0.7821  acc 0.7092  val_loss 0.8342  val_acc 0.6718
2026-04-08 02:27:44    epoch  40  loss 0.7556  acc 0.7192  val_loss 0.8250  val_acc 0.6966
2026-04-08 02:27:49    epoch  41  loss 0.7433  acc 0.7237  val_loss 0.8191  val_acc 0.6952
2026-04-08 02:27:54    epoch  42  loss 0.7191  acc 0.7385  val_loss 0.7757  val_acc 0.7069
2026-04-08 02:27:58    epoch  43  loss 0.7073  acc 0.7425  val_loss 0.7798  val_acc 0.7186
2026-04-08 02:28:03    epoch  44  loss 0.6973  acc 0.7460  val_loss 0.7821  val_acc 0.7149
2026-04-08 02:28:08    epoch  45  loss 0.6652  acc 0.7598  val_loss 0.7540  val_acc 0.7178
2026-04-08 02:28:13    epoch  46  loss 0.6486  acc 0.7665  val_loss 0.7342  val_acc 0.7222
2026-04-08 02:28:17    epoch  47  loss 0.6318  acc 0.7731  val_loss 0.7345  val_acc 0.7251
2026-04-08 02:28:22    epoch  48  loss 0.6122  acc 0.7836  val_loss 0.7262  val_acc 0.7442
2026-04-08 02:28:27    epoch  49  loss 0.6001  acc 0.7849  val_loss 0.7178  val_acc 0.7471
2026-04-08 02:28:32    epoch  50  loss 0.6069  acc 0.7827  val_loss 0.7453  val_acc 0.7251
2026-04-08 02:28:36    epoch  51  loss 0.5693  acc 0.7991  val_loss 0.7015  val_acc 0.7537
2026-04-08 02:28:41    epoch  52  loss 0.5550  acc 0.8021  val_loss 0.6821  val_acc 0.7544
2026-04-08 02:28:46    epoch  53  loss 0.5280  acc 0.8155  val_loss 0.7087  val_acc 0.7544
2026-04-08 02:28:51    epoch  54  loss 0.5103  acc 0.8220  val_loss 0.6820  val_acc 0.7661
2026-04-08 02:28:56    epoch  55  loss 0.5009  acc 0.8282  val_loss 0.6874  val_acc 0.7544
2026-04-08 02:29:00    epoch  56  loss 0.4801  acc 0.8328  val_loss 0.7095  val_acc 0.7639
2026-04-08 02:29:05    epoch  57  loss 0.4810  acc 0.8316  val_loss 0.7260  val_acc 0.7485
2026-04-08 02:29:10    epoch  58  loss 0.4973  acc 0.8260  val_loss 0.6662  val_acc 0.7778
2026-04-08 02:29:14    epoch  59  loss 0.4637  acc 0.8405  val_loss 0.6434  val_acc 0.7836
2026-04-08 02:29:19    epoch  60  loss 0.4363  acc 0.8474  val_loss 0.6701  val_acc 0.7763
2026-04-08 02:29:24    epoch  61  loss 0.4297  acc 0.8524  val_loss 0.6135  val_acc 0.7961
2026-04-08 02:29:29    epoch  62  loss 0.4312  acc 0.8535  val_loss 0.6760  val_acc 0.7778
2026-04-08 02:29:34    epoch  63  loss 0.4044  acc 0.8638  val_loss 0.6632  val_acc 0.7719
2026-04-08 02:29:38    epoch  64  loss 0.3913  acc 0.8649  val_loss 0.6167  val_acc 0.7902
2026-04-08 02:29:43    epoch  65  loss 0.3787  acc 0.8714  val_loss 0.6083  val_acc 0.8121
2026-04-08 02:29:48    epoch  66  loss 0.3848  acc 0.8677  val_loss 0.6235  val_acc 0.7953
2026-04-08 02:29:53    epoch  67  loss 0.3756  acc 0.8716  val_loss 0.6183  val_acc 0.7997
2026-04-08 02:29:57    epoch  68  loss 0.3700  acc 0.8734  val_loss 0.6084  val_acc 0.7968
2026-04-08 02:30:02    epoch  69  loss 0.3444  acc 0.8807  val_loss 0.6122  val_acc 0.7990
2026-04-08 02:30:07    epoch  70  loss 0.3217  acc 0.8949  val_loss 0.6047  val_acc 0.8114
2026-04-08 02:30:12    epoch  71  loss 0.3322  acc 0.8879  val_loss 0.6226  val_acc 0.8077
2026-04-08 02:30:17    epoch  72  loss 0.3428  acc 0.8849  val_loss 0.5766  val_acc 0.8180
2026-04-08 02:30:21    epoch  73  loss 0.3336  acc 0.8862  val_loss 0.6844  val_acc 0.7749
2026-04-08 02:30:26    epoch  74  loss 0.3570  acc 0.8810  val_loss 0.6091  val_acc 0.8034
2026-04-08 02:30:31    epoch  75  loss 0.2988  acc 0.8984  val_loss 0.5880  val_acc 0.8121
2026-04-08 02:30:36    epoch  76  loss 0.2760  acc 0.9066  val_loss 0.6098  val_acc 0.8151
2026-04-08 02:30:40    epoch  77  loss 0.3168  acc 0.8974  val_loss 0.5941  val_acc 0.8209
2026-04-08 02:30:45    epoch  78  loss 0.2007  acc 0.9373  val_loss 0.5919  val_acc 0.8297
2026-04-08 02:30:50    epoch  79  loss 0.1721  acc 0.9447  val_loss 0.6020  val_acc 0.8326
2026-04-08 02:30:55    epoch  80  loss 0.1589  acc 0.9503  val_loss 0.5753  val_acc 0.8472
2026-04-08 02:31:00    epoch  81  loss 0.1495  acc 0.9549  val_loss 0.5565  val_acc 0.8516
2026-04-08 02:31:04    epoch  82  loss 0.1354  acc 0.9557  val_loss 0.5714  val_acc 0.8531
2026-04-08 02:31:10    epoch  83  loss 0.1355  acc 0.9572  val_loss 0.5667  val_acc 0.8523
2026-04-08 02:31:16    epoch  84  loss 0.1377  acc 0.9559  val_loss 0.5520  val_acc 0.8596
2026-04-08 02:31:21    epoch  85  loss 0.1477  acc 0.9518  val_loss 0.5904  val_acc 0.8494
2026-04-08 02:31:27    epoch  86  loss 0.1356  acc 0.9563  val_loss 0.6236  val_acc 0.8428
2026-04-08 02:31:32    epoch  87  loss 0.1049  acc 0.9691  val_loss 0.5864  val_acc 0.8567
2026-04-08 02:31:38    epoch  88  loss 0.1366  acc 0.9574  val_loss 0.6259  val_acc 0.8465
2026-04-08 02:31:43    epoch  89  loss 0.1116  acc 0.9627  val_loss 0.5820  val_acc 0.8501
2026-04-08 02:31:49    epoch  90  loss 0.0733  acc 0.9771  val_loss 0.6076  val_acc 0.8618
2026-04-08 02:31:54    epoch  91  loss 0.0602  acc 0.9825  val_loss 0.6337  val_acc 0.8618
2026-04-08 02:32:00    epoch  92  loss 0.0557  acc 0.9842  val_loss 0.6043  val_acc 0.8640
2026-04-08 02:32:00    Early stopping at epoch 92
2026-04-08 02:32:00    User1 accuracy: 0.3745
2026-04-08 02:32:00    ✓ New best model saved (User1 held out, acc=0.3745)
2026-04-08 02:32:01  ────────────────────────────────────────────────────────────
2026-04-08 02:32:01  LOSO fold — held-out: User2 (766 test windows, 13752 train windows)
2026-04-08 02:32:06    epoch   1  loss 1.8202  acc 0.2636  val_loss 1.7124  val_acc 0.2844
2026-04-08 02:32:11    epoch   2  loss 1.6427  acc 0.3189  val_loss 1.5466  val_acc 0.3367
2026-04-08 02:32:16    epoch   3  loss 1.5672  acc 0.3470  val_loss 1.6127  val_acc 0.3338
2026-04-08 02:32:20    epoch   4  loss 1.5162  acc 0.3658  val_loss 1.4883  val_acc 0.3971
2026-04-08 02:32:25    epoch   5  loss 1.4945  acc 0.3687  val_loss 1.4509  val_acc 0.4109
2026-04-08 02:32:30    epoch   6  loss 1.4309  acc 0.3989  val_loss 1.4300  val_acc 0.3811
2026-04-08 02:32:35    epoch   7  loss 1.4203  acc 0.4100  val_loss 1.4073  val_acc 0.4327
2026-04-08 02:32:39    epoch   8  loss 1.3934  acc 0.4207  val_loss 1.3593  val_acc 0.4255
2026-04-08 02:32:44    epoch   9  loss 1.3712  acc 0.4260  val_loss 1.3550  val_acc 0.4596
2026-04-08 02:32:49    epoch  10  loss 1.3417  acc 0.4445  val_loss 1.3124  val_acc 0.4669
2026-04-08 02:32:54    epoch  11  loss 1.3108  acc 0.4554  val_loss 1.3520  val_acc 0.4633
2026-04-08 02:32:59    epoch  12  loss 1.2981  acc 0.4696  val_loss 1.2969  val_acc 0.4662
2026-04-08 02:33:03    epoch  13  loss 1.2884  acc 0.4686  val_loss 1.2880  val_acc 0.4582
2026-04-08 02:33:08    epoch  14  loss 1.2595  acc 0.4821  val_loss 1.2336  val_acc 0.4967
2026-04-08 02:33:13    epoch  15  loss 1.2413  acc 0.4930  val_loss 1.2470  val_acc 0.4851
2026-04-08 02:33:18    epoch  16  loss 1.2565  acc 0.4828  val_loss 1.2282  val_acc 0.5135
2026-04-08 02:33:23    epoch  17  loss 1.2183  acc 0.5048  val_loss 1.2572  val_acc 0.4858
2026-04-08 02:33:27    epoch  18  loss 1.2068  acc 0.5102  val_loss 1.3560  val_acc 0.4509
2026-04-08 02:33:32    epoch  19  loss 1.1866  acc 0.5177  val_loss 1.1767  val_acc 0.5353
2026-04-08 02:33:37    epoch  20  loss 1.1688  acc 0.5269  val_loss 1.1792  val_acc 0.5258
2026-04-08 02:33:42    epoch  21  loss 1.1629  acc 0.5265  val_loss 1.1722  val_acc 0.5345
2026-04-08 02:33:46    epoch  22  loss 1.1354  acc 0.5448  val_loss 1.1453  val_acc 0.5367
2026-04-08 02:33:51    epoch  23  loss 1.1398  acc 0.5421  val_loss 1.1381  val_acc 0.5513
2026-04-08 02:33:56    epoch  24  loss 1.1173  acc 0.5576  val_loss 1.1052  val_acc 0.5498
2026-04-08 02:34:01    epoch  25  loss 1.0786  acc 0.5762  val_loss 1.1195  val_acc 0.5535
2026-04-08 02:34:06    epoch  26  loss 1.0609  acc 0.5824  val_loss 1.0710  val_acc 0.5505
2026-04-08 02:34:10    epoch  27  loss 1.0163  acc 0.5995  val_loss 1.0931  val_acc 0.5615
2026-04-08 02:34:15    epoch  28  loss 1.0026  acc 0.6079  val_loss 1.0481  val_acc 0.5993
2026-04-08 02:34:20    epoch  29  loss 0.9733  acc 0.6238  val_loss 0.9969  val_acc 0.6109
2026-04-08 02:34:25    epoch  30  loss 0.9388  acc 0.6380  val_loss 0.9707  val_acc 0.6211
2026-04-08 02:34:29    epoch  31  loss 0.9335  acc 0.6451  val_loss 1.1076  val_acc 0.5920
2026-04-08 02:34:34    epoch  32  loss 0.9244  acc 0.6479  val_loss 0.9612  val_acc 0.6349
2026-04-08 02:34:39    epoch  33  loss 0.8983  acc 0.6643  val_loss 0.9453  val_acc 0.6364
2026-04-08 02:34:44    epoch  34  loss 0.8798  acc 0.6629  val_loss 0.9038  val_acc 0.6684
2026-04-08 02:34:48    epoch  35  loss 0.8609  acc 0.6781  val_loss 0.9090  val_acc 0.6524
2026-04-08 02:34:53    epoch  36  loss 0.8379  acc 0.6873  val_loss 0.9148  val_acc 0.6596
2026-04-08 02:34:58    epoch  37  loss 0.8189  acc 0.6958  val_loss 0.8760  val_acc 0.6662
2026-04-08 02:35:03    epoch  38  loss 0.8249  acc 0.6913  val_loss 0.9091  val_acc 0.6589
2026-04-08 02:35:07    epoch  39  loss 0.7981  acc 0.7042  val_loss 0.8455  val_acc 0.6727
2026-04-08 02:35:12    epoch  40  loss 0.7591  acc 0.7233  val_loss 0.8529  val_acc 0.6807
2026-04-08 02:35:17    epoch  41  loss 0.7317  acc 0.7343  val_loss 0.8435  val_acc 0.6887
2026-04-08 02:35:22    epoch  42  loss 0.7227  acc 0.7335  val_loss 0.8101  val_acc 0.7055
2026-04-08 02:35:27    epoch  43  loss 0.7110  acc 0.7432  val_loss 0.8043  val_acc 0.7164
2026-04-08 02:35:31    epoch  44  loss 0.6979  acc 0.7527  val_loss 0.8387  val_acc 0.6975
2026-04-08 02:35:36    epoch  45  loss 0.6808  acc 0.7554  val_loss 0.7866  val_acc 0.7062
2026-04-08 02:35:41    epoch  46  loss 0.6657  acc 0.7599  val_loss 0.8091  val_acc 0.6909
2026-04-08 02:35:46    epoch  47  loss 0.6511  acc 0.7691  val_loss 0.8214  val_acc 0.7127
2026-04-08 02:35:50    epoch  48  loss 0.6443  acc 0.7684  val_loss 0.7729  val_acc 0.7316
2026-04-08 02:35:55    epoch  49  loss 0.6192  acc 0.7820  val_loss 0.7623  val_acc 0.7309
2026-04-08 02:36:00    epoch  50  loss 0.6074  acc 0.7870  val_loss 0.7540  val_acc 0.7425
2026-04-08 02:36:05    epoch  51  loss 0.5838  acc 0.7929  val_loss 0.7449  val_acc 0.7404
2026-04-08 02:36:10    epoch  52  loss 0.5660  acc 0.8000  val_loss 0.7541  val_acc 0.7302
2026-04-08 02:36:14    epoch  53  loss 0.5830  acc 0.7962  val_loss 0.7516  val_acc 0.7404
2026-04-08 02:36:19    epoch  54  loss 0.5446  acc 0.8105  val_loss 0.7773  val_acc 0.7411
2026-04-08 02:36:24    epoch  55  loss 0.5858  acc 0.7932  val_loss 0.7213  val_acc 0.7476
2026-04-08 02:36:29    epoch  56  loss 0.5271  acc 0.8125  val_loss 0.7317  val_acc 0.7425
2026-04-08 02:36:33    epoch  57  loss 0.5137  acc 0.8199  val_loss 0.7857  val_acc 0.7556
2026-04-08 02:36:38    epoch  58  loss 0.4933  acc 0.8302  val_loss 0.7465  val_acc 0.7513
2026-04-08 02:36:43    epoch  59  loss 0.4851  acc 0.8324  val_loss 0.7252  val_acc 0.7709
2026-04-08 02:36:48    epoch  60  loss 0.4666  acc 0.8418  val_loss 0.7125  val_acc 0.7607
2026-04-08 02:36:52    epoch  61  loss 0.4697  acc 0.8378  val_loss 0.7077  val_acc 0.7673
2026-04-08 02:36:57    epoch  62  loss 0.4510  acc 0.8463  val_loss 0.7599  val_acc 0.7491
2026-04-08 02:37:02    epoch  63  loss 0.4550  acc 0.8475  val_loss 0.7598  val_acc 0.7578
2026-04-08 02:37:07    epoch  64  loss 0.4364  acc 0.8504  val_loss 0.6785  val_acc 0.7804
2026-04-08 02:37:12    epoch  65  loss 0.4258  acc 0.8575  val_loss 0.7739  val_acc 0.7484
2026-04-08 02:37:16    epoch  66  loss 0.4258  acc 0.8549  val_loss 0.7294  val_acc 0.7673
2026-04-08 02:37:21    epoch  67  loss 0.3842  acc 0.8715  val_loss 0.7179  val_acc 0.7840
2026-04-08 02:37:26    epoch  68  loss 0.3957  acc 0.8652  val_loss 0.6932  val_acc 0.7825
2026-04-08 02:37:31    epoch  69  loss 0.3854  acc 0.8677  val_loss 0.7187  val_acc 0.7651
2026-04-08 02:37:36    epoch  70  loss 0.3103  acc 0.8985  val_loss 0.6610  val_acc 0.8036
2026-04-08 02:37:41    epoch  71  loss 0.2592  acc 0.9180  val_loss 0.6355  val_acc 0.8087
2026-04-08 02:37:45    epoch  72  loss 0.2452  acc 0.9184  val_loss 0.6887  val_acc 0.8051
2026-04-08 02:37:50    epoch  73  loss 0.2260  acc 0.9274  val_loss 0.6468  val_acc 0.8138
2026-04-08 02:37:55    epoch  74  loss 0.2127  acc 0.9312  val_loss 0.6685  val_acc 0.8182
2026-04-08 02:38:00    epoch  75  loss 0.2051  acc 0.9337  val_loss 0.6797  val_acc 0.8240
2026-04-08 02:38:05    epoch  76  loss 0.2204  acc 0.9278  val_loss 0.6879  val_acc 0.8196
2026-04-08 02:38:09    epoch  77  loss 0.1697  acc 0.9461  val_loss 0.6777  val_acc 0.8342
2026-04-08 02:38:14    epoch  78  loss 0.1454  acc 0.9540  val_loss 0.6898  val_acc 0.8269
2026-04-08 02:38:19    epoch  79  loss 0.1317  acc 0.9595  val_loss 0.7109  val_acc 0.8349
2026-04-08 02:38:19    Early stopping at epoch 79
2026-04-08 02:38:19    User2 accuracy: 0.6279
2026-04-08 02:38:19    ✓ New best model saved (User2 held out, acc=0.6279)
2026-04-08 02:38:20  ────────────────────────────────────────────────────────────
2026-04-08 02:38:20  LOSO fold — held-out: User3 (764 test windows, 13754 train windows)
2026-04-08 02:38:25    epoch   1  loss 1.8399  acc 0.2673  val_loss 1.6593  val_acc 0.3142
2026-04-08 02:38:30    epoch   2  loss 1.6799  acc 0.3117  val_loss 1.5997  val_acc 0.3345
2026-04-08 02:38:35    epoch   3  loss 1.6633  acc 0.3252  val_loss 2.2052  val_acc 0.2342
2026-04-08 02:38:39    epoch   4  loss 1.7104  acc 0.2948  val_loss 1.5255  val_acc 0.3913
2026-04-08 02:38:44    epoch   5  loss 1.5124  acc 0.3604  val_loss 1.4373  val_acc 0.4167
2026-04-08 02:38:49    epoch   6  loss 1.4955  acc 0.3802  val_loss 1.4215  val_acc 0.4007
2026-04-08 02:38:54    epoch   7  loss 1.4308  acc 0.4036  val_loss 1.4215  val_acc 0.4276
2026-04-08 02:38:58    epoch   8  loss 1.4332  acc 0.3996  val_loss 1.4168  val_acc 0.4116
2026-04-08 02:39:03    epoch   9  loss 1.4043  acc 0.4100  val_loss 1.3340  val_acc 0.4364
2026-04-08 02:39:08    epoch  10  loss 1.3801  acc 0.4268  val_loss 1.3404  val_acc 0.4553
2026-04-08 02:39:13    epoch  11  loss 1.3770  acc 0.4303  val_loss 1.2855  val_acc 0.4764
2026-04-08 02:39:17    epoch  12  loss 1.3404  acc 0.4449  val_loss 1.3089  val_acc 0.4698
2026-04-08 02:39:22    epoch  13  loss 1.3340  acc 0.4473  val_loss 1.2509  val_acc 0.5040
2026-04-08 02:39:27    epoch  14  loss 1.2968  acc 0.4604  val_loss 1.2084  val_acc 0.5178
2026-04-08 02:39:32    epoch  15  loss 1.2544  acc 0.4784  val_loss 1.1887  val_acc 0.5236
2026-04-08 02:39:36    epoch  16  loss 1.2420  acc 0.4903  val_loss 1.2472  val_acc 0.5055
2026-04-08 02:39:41    epoch  17  loss 1.2508  acc 0.4861  val_loss 1.2279  val_acc 0.5171
2026-04-08 02:39:46    epoch  18  loss 1.2322  acc 0.5002  val_loss 1.1643  val_acc 0.5440
2026-04-08 02:39:51    epoch  19  loss 1.2002  acc 0.5135  val_loss 1.2102  val_acc 0.5113
2026-04-08 02:39:55    epoch  20  loss 1.2037  acc 0.5074  val_loss 1.1558  val_acc 0.5244
2026-04-08 02:40:00    epoch  21  loss 1.1748  acc 0.5153  val_loss 1.1571  val_acc 0.5469
2026-04-08 02:40:05    epoch  22  loss 1.1582  acc 0.5287  val_loss 1.1215  val_acc 0.5549
2026-04-08 02:40:10    epoch  23  loss 1.1549  acc 0.5331  val_loss 1.0756  val_acc 0.5665
2026-04-08 02:40:14    epoch  24  loss 1.1164  acc 0.5513  val_loss 1.1049  val_acc 0.5702
2026-04-08 02:40:19    epoch  25  loss 1.1101  acc 0.5489  val_loss 1.0757  val_acc 0.5702
2026-04-08 02:40:24    epoch  26  loss 1.0866  acc 0.5628  val_loss 1.0466  val_acc 0.5935
2026-04-08 02:40:29    epoch  27  loss 1.0819  acc 0.5632  val_loss 1.0701  val_acc 0.5760
2026-04-08 02:40:33    epoch  28  loss 1.0604  acc 0.5786  val_loss 1.0323  val_acc 0.6044
2026-04-08 02:40:38    epoch  29  loss 1.0398  acc 0.5887  val_loss 1.0251  val_acc 0.6000
2026-04-08 02:40:43    epoch  30  loss 1.0411  acc 0.5999  val_loss 1.0473  val_acc 0.5920
2026-04-08 02:40:48    epoch  31  loss 1.0019  acc 0.6131  val_loss 1.0104  val_acc 0.6015
2026-04-08 02:40:53    epoch  32  loss 0.9955  acc 0.6157  val_loss 0.9738  val_acc 0.6327
2026-04-08 02:40:57    epoch  33  loss 0.9697  acc 0.6282  val_loss 0.9264  val_acc 0.6625
2026-04-08 02:41:02    epoch  34  loss 0.9402  acc 0.6440  val_loss 0.9675  val_acc 0.6313
2026-04-08 02:41:07    epoch  35  loss 0.9198  acc 0.6542  val_loss 0.9049  val_acc 0.6487
2026-04-08 02:41:12    epoch  36  loss 0.8945  acc 0.6641  val_loss 0.9191  val_acc 0.6625
2026-04-08 02:41:17    epoch  37  loss 0.8879  acc 0.6687  val_loss 0.8877  val_acc 0.6684
2026-04-08 02:41:21    epoch  38  loss 0.8571  acc 0.6826  val_loss 0.8709  val_acc 0.6851
2026-04-08 02:41:26    epoch  39  loss 0.8770  acc 0.6768  val_loss 0.8879  val_acc 0.6640
2026-04-08 02:41:31    epoch  40  loss 0.8556  acc 0.6766  val_loss 0.8588  val_acc 0.6785
2026-04-08 02:41:36    epoch  41  loss 0.8409  acc 0.6900  val_loss 0.8979  val_acc 0.6705
2026-04-08 02:41:40    epoch  42  loss 0.7944  acc 0.7032  val_loss 0.8571  val_acc 0.6873
2026-04-08 02:41:45    epoch  43  loss 0.8000  acc 0.7051  val_loss 0.8133  val_acc 0.6858
2026-04-08 02:41:50    epoch  44  loss 0.7692  acc 0.7205  val_loss 0.8139  val_acc 0.6902
2026-04-08 02:41:55    epoch  45  loss 0.7653  acc 0.7211  val_loss 0.7838  val_acc 0.7178
2026-04-08 02:42:00    epoch  46  loss 0.7524  acc 0.7311  val_loss 0.8867  val_acc 0.6793
2026-04-08 02:42:04    epoch  47  loss 0.7613  acc 0.7262  val_loss 0.7773  val_acc 0.7193
2026-04-08 02:42:09    epoch  48  loss 0.7165  acc 0.7391  val_loss 0.7602  val_acc 0.7098
2026-04-08 02:42:14    epoch  49  loss 0.7154  acc 0.7390  val_loss 0.7793  val_acc 0.7273
2026-04-08 02:42:19    epoch  50  loss 0.7150  acc 0.7416  val_loss 0.7614  val_acc 0.7324
2026-04-08 02:42:23    epoch  51  loss 0.6912  acc 0.7521  val_loss 0.7372  val_acc 0.7295
2026-04-08 02:42:28    epoch  52  loss 0.6662  acc 0.7645  val_loss 0.8150  val_acc 0.7025
2026-04-08 02:42:33    epoch  53  loss 0.6828  acc 0.7602  val_loss 0.8271  val_acc 0.7207
2026-04-08 02:42:38    epoch  54  loss 0.6374  acc 0.7740  val_loss 0.7314  val_acc 0.7404
2026-04-08 02:42:43    epoch  55  loss 0.6384  acc 0.7720  val_loss 0.7312  val_acc 0.7462
2026-04-08 02:42:47    epoch  56  loss 0.6118  acc 0.7786  val_loss 0.7441  val_acc 0.7396
2026-04-08 02:42:52    epoch  57  loss 0.6137  acc 0.7834  val_loss 0.7397  val_acc 0.7367
2026-04-08 02:42:57    epoch  58  loss 0.5880  acc 0.7942  val_loss 0.7361  val_acc 0.7367
2026-04-08 02:43:02    epoch  59  loss 0.6132  acc 0.7869  val_loss 0.7001  val_acc 0.7498
2026-04-08 02:43:07    epoch  60  loss 0.6030  acc 0.7874  val_loss 0.7048  val_acc 0.7578
2026-04-08 02:43:11    epoch  61  loss 0.5708  acc 0.8009  val_loss 0.6790  val_acc 0.7564
2026-04-08 02:43:16    epoch  62  loss 0.5395  acc 0.8110  val_loss 0.6898  val_acc 0.7498
2026-04-08 02:43:21    epoch  63  loss 0.5451  acc 0.8106  val_loss 0.6960  val_acc 0.7564
2026-04-08 02:43:26    epoch  64  loss 0.5323  acc 0.8148  val_loss 0.7712  val_acc 0.7462
2026-04-08 02:43:31    epoch  65  loss 0.5247  acc 0.8168  val_loss 0.7056  val_acc 0.7571
2026-04-08 02:43:36    epoch  66  loss 0.5233  acc 0.8199  val_loss 0.7229  val_acc 0.7491
2026-04-08 02:43:40    epoch  67  loss 0.4336  acc 0.8510  val_loss 0.6559  val_acc 0.7709
2026-04-08 02:43:45    epoch  68  loss 0.3979  acc 0.8675  val_loss 0.6383  val_acc 0.7891
2026-04-08 02:43:50    epoch  69  loss 0.3913  acc 0.8673  val_loss 0.6296  val_acc 0.8036
2026-04-08 02:43:55    epoch  70  loss 0.3602  acc 0.8778  val_loss 0.6509  val_acc 0.7847
2026-04-08 02:44:00    epoch  71  loss 0.3569  acc 0.8806  val_loss 0.6250  val_acc 0.7978
2026-04-08 02:44:04    epoch  72  loss 0.3336  acc 0.8870  val_loss 0.6543  val_acc 0.7905
2026-04-08 02:44:09    epoch  73  loss 0.3330  acc 0.8895  val_loss 0.6396  val_acc 0.7985
2026-04-08 02:44:14    epoch  74  loss 0.3122  acc 0.8971  val_loss 0.6563  val_acc 0.7949
2026-04-08 02:44:19    epoch  75  loss 0.3008  acc 0.9014  val_loss 0.6840  val_acc 0.7891
2026-04-08 02:44:24    epoch  76  loss 0.3369  acc 0.8871  val_loss 0.7048  val_acc 0.7927
2026-04-08 02:44:29    epoch  77  loss 0.2648  acc 0.9151  val_loss 0.6522  val_acc 0.8015
2026-04-08 02:44:33    epoch  78  loss 0.2304  acc 0.9274  val_loss 0.6897  val_acc 0.8036
2026-04-08 02:44:38    epoch  79  loss 0.2184  acc 0.9285  val_loss 0.6845  val_acc 0.8022
2026-04-08 02:44:38    Early stopping at epoch 79
2026-04-08 02:44:38    User3 accuracy: 0.5602
2026-04-08 02:44:39  ────────────────────────────────────────────────────────────
2026-04-08 02:44:39  LOSO fold — held-out: User4 (810 test windows, 13708 train windows)
2026-04-08 02:44:44    epoch   1  loss 1.8401  acc 0.2604  val_loss 1.6486  val_acc 0.3146
2026-04-08 02:44:49    epoch   2  loss 1.6641  acc 0.3189  val_loss 1.5155  val_acc 0.3715
2026-04-08 02:44:54    epoch   3  loss 1.5807  acc 0.3575  val_loss 1.5846  val_acc 0.3467
2026-04-08 02:44:58    epoch   4  loss 1.5088  acc 0.3727  val_loss 1.4280  val_acc 0.4066
2026-04-08 02:45:03    epoch   5  loss 1.4617  acc 0.3924  val_loss 1.4540  val_acc 0.3956
2026-04-08 02:45:08    epoch   6  loss 1.4549  acc 0.3928  val_loss 1.4654  val_acc 0.3861
2026-04-08 02:45:13    epoch   7  loss 1.4155  acc 0.4125  val_loss 1.3720  val_acc 0.4226
2026-04-08 02:45:17    epoch   8  loss 1.3862  acc 0.4225  val_loss 1.3194  val_acc 0.4489
2026-04-08 02:45:22    epoch   9  loss 1.3672  acc 0.4373  val_loss 1.3185  val_acc 0.4569
2026-04-08 02:45:27    epoch  10  loss 1.3383  acc 0.4515  val_loss 1.3642  val_acc 0.4299
2026-04-08 02:45:32    epoch  11  loss 1.3819  acc 0.4373  val_loss 1.3404  val_acc 0.4336
2026-04-08 02:45:36    epoch  12  loss 1.3443  acc 0.4498  val_loss 1.2695  val_acc 0.5007
2026-04-08 02:45:41    epoch  13  loss 1.3197  acc 0.4617  val_loss 1.2797  val_acc 0.4693
2026-04-08 02:45:46    epoch  14  loss 1.3220  acc 0.4619  val_loss 1.2708  val_acc 0.4672
2026-04-08 02:45:51    epoch  15  loss 1.3029  acc 0.4746  val_loss 1.2630  val_acc 0.4876
2026-04-08 02:45:55    epoch  16  loss 1.2780  acc 0.4913  val_loss 1.2285  val_acc 0.5036
2026-04-08 02:46:00    epoch  17  loss 1.2275  acc 0.5104  val_loss 1.2726  val_acc 0.4650
2026-04-08 02:46:05    epoch  18  loss 1.2294  acc 0.5096  val_loss 1.1964  val_acc 0.5095
2026-04-08 02:46:10    epoch  19  loss 1.2064  acc 0.5148  val_loss 1.1901  val_acc 0.5255
2026-04-08 02:46:14    epoch  20  loss 1.1785  acc 0.5297  val_loss 1.1233  val_acc 0.5234
2026-04-08 02:46:19    epoch  21  loss 1.1521  acc 0.5337  val_loss 1.1776  val_acc 0.5241
2026-04-08 02:46:24    epoch  22  loss 1.1522  acc 0.5361  val_loss 1.0930  val_acc 0.5445
2026-04-08 02:46:29    epoch  23  loss 1.1139  acc 0.5561  val_loss 1.1294  val_acc 0.5533
2026-04-08 02:46:33    epoch  24  loss 1.0973  acc 0.5648  val_loss 1.0909  val_acc 0.5489
2026-04-08 02:46:38    epoch  25  loss 1.0648  acc 0.5750  val_loss 1.0541  val_acc 0.5679
2026-04-08 02:46:43    epoch  26  loss 1.0461  acc 0.5879  val_loss 1.0396  val_acc 0.5964
2026-04-08 02:46:48    epoch  27  loss 1.0240  acc 0.6028  val_loss 1.0078  val_acc 0.6088
2026-04-08 02:46:53    epoch  28  loss 1.0219  acc 0.6013  val_loss 1.0098  val_acc 0.5934
2026-04-08 02:46:57    epoch  29  loss 0.9983  acc 0.6174  val_loss 0.9884  val_acc 0.6146
2026-04-08 02:47:02    epoch  30  loss 0.9775  acc 0.6269  val_loss 1.0136  val_acc 0.6044
2026-04-08 02:47:07    epoch  31  loss 0.9556  acc 0.6423  val_loss 0.9372  val_acc 0.6416
2026-04-08 02:47:12    epoch  32  loss 0.9277  acc 0.6542  val_loss 0.9376  val_acc 0.6460
2026-04-08 02:47:16    epoch  33  loss 0.8853  acc 0.6743  val_loss 0.8957  val_acc 0.6474
2026-04-08 02:47:21    epoch  34  loss 0.8931  acc 0.6704  val_loss 0.8715  val_acc 0.6628
2026-04-08 02:47:26    epoch  35  loss 0.8470  acc 0.6937  val_loss 0.8882  val_acc 0.6708
2026-04-08 02:47:31    epoch  36  loss 0.8454  acc 0.6874  val_loss 0.8470  val_acc 0.6905
2026-04-08 02:47:35    epoch  37  loss 0.8298  acc 0.6961  val_loss 0.8401  val_acc 0.6964
2026-04-08 02:47:40    epoch  38  loss 0.7779  acc 0.7178  val_loss 0.8247  val_acc 0.7007
2026-04-08 02:47:45    epoch  39  loss 0.7715  acc 0.7223  val_loss 0.7998  val_acc 0.7088
2026-04-08 02:47:50    epoch  40  loss 0.7846  acc 0.7195  val_loss 0.8336  val_acc 0.6920
2026-04-08 02:47:54    epoch  41  loss 0.7413  acc 0.7338  val_loss 0.7927  val_acc 0.7204
2026-04-08 02:47:59    epoch  42  loss 0.7011  acc 0.7506  val_loss 0.7827  val_acc 0.7263
2026-04-08 02:48:04    epoch  43  loss 0.6867  acc 0.7556  val_loss 0.7740  val_acc 0.7248
2026-04-08 02:48:09    epoch  44  loss 0.7223  acc 0.7390  val_loss 0.8156  val_acc 0.7029
2026-04-08 02:48:13    epoch  45  loss 0.6943  acc 0.7489  val_loss 0.7701  val_acc 0.7212
2026-04-08 02:48:18    epoch  46  loss 0.6495  acc 0.7672  val_loss 0.7836  val_acc 0.7139
2026-04-08 02:48:23    epoch  47  loss 0.6410  acc 0.7705  val_loss 0.7600  val_acc 0.7131
2026-04-08 02:48:28    epoch  48  loss 0.6076  acc 0.7852  val_loss 0.7134  val_acc 0.7372
2026-04-08 02:48:33    epoch  49  loss 0.6107  acc 0.7819  val_loss 0.7025  val_acc 0.7431
2026-04-08 02:48:37    epoch  50  loss 0.5691  acc 0.7957  val_loss 0.7011  val_acc 0.7343
2026-04-08 02:48:42    epoch  51  loss 0.5858  acc 0.7931  val_loss 0.6932  val_acc 0.7460
2026-04-08 02:48:47    epoch  52  loss 0.5744  acc 0.7978  val_loss 0.7214  val_acc 0.7496
2026-04-08 02:48:52    epoch  53  loss 0.5396  acc 0.8085  val_loss 0.7208  val_acc 0.7423
2026-04-08 02:48:56    epoch  54  loss 0.5412  acc 0.8099  val_loss 0.6991  val_acc 0.7489
2026-04-08 02:49:01    epoch  55  loss 0.5183  acc 0.8221  val_loss 0.7170  val_acc 0.7511
2026-04-08 02:49:06    epoch  56  loss 0.5257  acc 0.8183  val_loss 0.6785  val_acc 0.7620
2026-04-08 02:49:11    epoch  57  loss 0.4759  acc 0.8331  val_loss 0.6862  val_acc 0.7547
2026-04-08 02:49:15    epoch  58  loss 0.4741  acc 0.8312  val_loss 0.6030  val_acc 0.7978
2026-04-08 02:49:20    epoch  59  loss 0.4707  acc 0.8339  val_loss 0.6310  val_acc 0.7650
2026-04-08 02:49:25    epoch  60  loss 0.4548  acc 0.8412  val_loss 0.6422  val_acc 0.7759
2026-04-08 02:49:30    epoch  61  loss 0.4522  acc 0.8442  val_loss 0.7614  val_acc 0.7350
2026-04-08 02:49:34    epoch  62  loss 0.4667  acc 0.8385  val_loss 0.7042  val_acc 0.7584
2026-04-08 02:49:39    epoch  63  loss 0.4327  acc 0.8527  val_loss 0.6854  val_acc 0.7657
2026-04-08 02:49:44    epoch  64  loss 0.3331  acc 0.8864  val_loss 0.6223  val_acc 0.7927
2026-04-08 02:49:49    epoch  65  loss 0.2853  acc 0.9022  val_loss 0.5724  val_acc 0.8175
2026-04-08 02:49:54    epoch  66  loss 0.2621  acc 0.9122  val_loss 0.5716  val_acc 0.8117
2026-04-08 02:49:58    epoch  67  loss 0.2548  acc 0.9132  val_loss 0.7097  val_acc 0.7934
2026-04-08 02:50:03    epoch  68  loss 0.2543  acc 0.9177  val_loss 0.6324  val_acc 0.8007
2026-04-08 02:50:08    epoch  69  loss 0.2326  acc 0.9244  val_loss 0.6273  val_acc 0.8007
2026-04-08 02:50:13    epoch  70  loss 0.2262  acc 0.9260  val_loss 0.5826  val_acc 0.8234
2026-04-08 02:50:18    epoch  71  loss 0.2099  acc 0.9329  val_loss 0.6102  val_acc 0.8175
2026-04-08 02:50:23    epoch  72  loss 0.1694  acc 0.9441  val_loss 0.5704  val_acc 0.8365
2026-04-08 02:50:27    epoch  73  loss 0.1428  acc 0.9553  val_loss 0.6074  val_acc 0.8314
2026-04-08 02:50:32    epoch  74  loss 0.1464  acc 0.9536  val_loss 0.5932  val_acc 0.8365
2026-04-08 02:50:37    epoch  75  loss 0.1395  acc 0.9563  val_loss 0.6389  val_acc 0.8270
2026-04-08 02:50:42    epoch  76  loss 0.1274  acc 0.9625  val_loss 0.6037  val_acc 0.8380
2026-04-08 02:50:47    epoch  77  loss 0.1113  acc 0.9667  val_loss 0.6080  val_acc 0.8314
2026-04-08 02:50:52    epoch  78  loss 0.0961  acc 0.9701  val_loss 0.6170  val_acc 0.8445
2026-04-08 02:50:56    epoch  79  loss 0.0889  acc 0.9734  val_loss 0.6107  val_acc 0.8504
2026-04-08 02:51:01    epoch  80  loss 0.0825  acc 0.9763  val_loss 0.6536  val_acc 0.8438
2026-04-08 02:51:01    Early stopping at epoch 80
2026-04-08 02:51:01    User4 accuracy: 0.5346
2026-04-08 02:51:02  ────────────────────────────────────────────────────────────
2026-04-08 02:51:02  LOSO fold — held-out: User5 (797 test windows, 13721 train windows)
2026-04-08 02:51:07    epoch   1  loss 1.8455  acc 0.2723  val_loss 1.5592  val_acc 0.3841
2026-04-08 02:51:12    epoch   2  loss 1.6114  acc 0.3360  val_loss 1.5244  val_acc 0.3695
2026-04-08 02:51:17    epoch   3  loss 1.5947  acc 0.3466  val_loss 1.6418  val_acc 0.3382
2026-04-08 02:51:22    epoch   4  loss 1.5501  acc 0.3629  val_loss 1.4336  val_acc 0.4103
2026-04-08 02:51:26    epoch   5  loss 1.4538  acc 0.3988  val_loss 1.3897  val_acc 0.4235
2026-04-08 02:51:31    epoch   6  loss 1.4266  acc 0.4088  val_loss 1.3631  val_acc 0.4497
2026-04-08 02:51:36    epoch   7  loss 1.4076  acc 0.4215  val_loss 1.3602  val_acc 0.4235
2026-04-08 02:51:41    epoch   8  loss 1.3761  acc 0.4364  val_loss 1.3085  val_acc 0.4679
2026-04-08 02:51:45    epoch   9  loss 1.3501  acc 0.4430  val_loss 1.3525  val_acc 0.4322
2026-04-08 02:51:50    epoch  10  loss 1.3946  acc 0.4291  val_loss 1.4126  val_acc 0.4417
2026-04-08 02:51:55    epoch  11  loss 1.3817  acc 0.4353  val_loss 1.3091  val_acc 0.4585
2026-04-08 02:52:00    epoch  12  loss 1.3232  acc 0.4514  val_loss 1.2987  val_acc 0.4453
2026-04-08 02:52:05    epoch  13  loss 1.3123  acc 0.4590  val_loss 1.2563  val_acc 0.4643
2026-04-08 02:52:09    epoch  14  loss 1.3159  acc 0.4621  val_loss 1.2796  val_acc 0.4599
2026-04-08 02:52:14    epoch  15  loss 1.3147  acc 0.4665  val_loss 1.3973  val_acc 0.4555
2026-04-08 02:52:19    epoch  16  loss 1.2950  acc 0.4682  val_loss 1.2915  val_acc 0.4745
2026-04-08 02:52:24    epoch  17  loss 1.2598  acc 0.4878  val_loss 1.2226  val_acc 0.5102
2026-04-08 02:52:28    epoch  18  loss 1.2514  acc 0.4953  val_loss 1.2452  val_acc 0.5066
2026-04-08 02:52:33    epoch  19  loss 1.2258  acc 0.5021  val_loss 1.2072  val_acc 0.5087
2026-04-08 02:52:38    epoch  20  loss 1.2282  acc 0.5035  val_loss 1.1850  val_acc 0.5066
2026-04-08 02:52:43    epoch  21  loss 1.2022  acc 0.5106  val_loss 1.1732  val_acc 0.5080
2026-04-08 02:52:47    epoch  22  loss 1.1932  acc 0.5150  val_loss 1.1870  val_acc 0.5182
2026-04-08 02:52:52    epoch  23  loss 1.2035  acc 0.5170  val_loss 1.1721  val_acc 0.5321
2026-04-08 02:52:57    epoch  24  loss 1.1567  acc 0.5274  val_loss 1.1505  val_acc 0.5372
2026-04-08 02:53:02    epoch  25  loss 1.1563  acc 0.5314  val_loss 1.1417  val_acc 0.5364
2026-04-08 02:53:06    epoch  26  loss 1.1396  acc 0.5394  val_loss 1.1480  val_acc 0.5364
2026-04-08 02:53:11    epoch  27  loss 1.1218  acc 0.5464  val_loss 1.0957  val_acc 0.5634
2026-04-08 02:53:16    epoch  28  loss 1.0912  acc 0.5613  val_loss 1.0724  val_acc 0.5758
2026-04-08 02:53:21    epoch  29  loss 1.0791  acc 0.5659  val_loss 1.0664  val_acc 0.5773
2026-04-08 02:53:25    epoch  30  loss 1.0568  acc 0.5824  val_loss 1.0538  val_acc 0.5860
2026-04-08 02:53:30    epoch  31  loss 1.0449  acc 0.5839  val_loss 1.0436  val_acc 0.5962
2026-04-08 02:53:35    epoch  32  loss 1.0168  acc 0.5968  val_loss 1.0354  val_acc 0.6042
2026-04-08 02:53:40    epoch  33  loss 1.0014  acc 0.6009  val_loss 1.0381  val_acc 0.5918
2026-04-08 02:53:44    epoch  34  loss 0.9861  acc 0.6092  val_loss 0.9957  val_acc 0.6122
2026-04-08 02:53:49    epoch  35  loss 0.9679  acc 0.6164  val_loss 0.9967  val_acc 0.6130
2026-04-08 02:53:54    epoch  36  loss 0.9592  acc 0.6145  val_loss 1.0026  val_acc 0.6166
2026-04-08 02:53:58    epoch  37  loss 0.9415  acc 0.6218  val_loss 0.9674  val_acc 0.6283
2026-04-08 02:54:03    epoch  38  loss 0.9190  acc 0.6375  val_loss 0.9717  val_acc 0.6166
2026-04-08 02:54:08    epoch  39  loss 0.9029  acc 0.6438  val_loss 0.9141  val_acc 0.6458
2026-04-08 02:54:13    epoch  40  loss 0.8916  acc 0.6501  val_loss 0.9591  val_acc 0.6195
2026-04-08 02:54:17    epoch  41  loss 0.8761  acc 0.6579  val_loss 0.9216  val_acc 0.6370
2026-04-08 02:54:22    epoch  42  loss 0.8789  acc 0.6586  val_loss 0.9168  val_acc 0.6545
2026-04-08 02:54:27    epoch  43  loss 0.8469  acc 0.6696  val_loss 0.9712  val_acc 0.6363
2026-04-08 02:54:32    epoch  44  loss 0.8388  acc 0.6689  val_loss 0.8767  val_acc 0.6509
2026-04-08 02:54:36    epoch  45  loss 0.8060  acc 0.6911  val_loss 0.9303  val_acc 0.6436
2026-04-08 02:54:41    epoch  46  loss 0.8111  acc 0.6840  val_loss 0.9133  val_acc 0.6538
2026-04-08 02:54:46    epoch  47  loss 0.7872  acc 0.6941  val_loss 0.8902  val_acc 0.6618
2026-04-08 02:54:51    epoch  48  loss 0.7736  acc 0.7005  val_loss 0.8643  val_acc 0.6713
2026-04-08 02:54:55    epoch  49  loss 0.7495  acc 0.7135  val_loss 0.8971  val_acc 0.6647
2026-04-08 02:55:00    epoch  50  loss 0.7541  acc 0.7073  val_loss 0.8551  val_acc 0.6771
2026-04-08 02:55:05    epoch  51  loss 0.7433  acc 0.7168  val_loss 0.8240  val_acc 0.6902
2026-04-08 02:55:10    epoch  52  loss 0.7229  acc 0.7291  val_loss 0.8037  val_acc 0.6778
2026-04-08 02:55:15    epoch  53  loss 0.6992  acc 0.7381  val_loss 0.8310  val_acc 0.6873
2026-04-08 02:55:19    epoch  54  loss 0.7091  acc 0.7320  val_loss 0.7804  val_acc 0.7063
2026-04-08 02:55:24    epoch  55  loss 0.6842  acc 0.7420  val_loss 0.7817  val_acc 0.6939
2026-04-08 02:55:29    epoch  56  loss 0.6746  acc 0.7499  val_loss 0.7892  val_acc 0.7077
2026-04-08 02:55:34    epoch  57  loss 0.6701  acc 0.7514  val_loss 0.7648  val_acc 0.7077
2026-04-08 02:55:38    epoch  58  loss 0.6456  acc 0.7624  val_loss 0.7973  val_acc 0.7136
2026-04-08 02:55:43    epoch  59  loss 0.6368  acc 0.7652  val_loss 0.8455  val_acc 0.6953
2026-04-08 02:55:48    epoch  60  loss 0.6223  acc 0.7716  val_loss 0.7835  val_acc 0.7077
2026-04-08 02:55:53    epoch  61  loss 0.6188  acc 0.7766  val_loss 0.7678  val_acc 0.7114
2026-04-08 02:55:58    epoch  62  loss 0.5843  acc 0.7843  val_loss 0.7199  val_acc 0.7332
2026-04-08 02:56:02    epoch  63  loss 0.6026  acc 0.7813  val_loss 0.7775  val_acc 0.7092
2026-04-08 02:56:07    epoch  64  loss 0.5651  acc 0.7932  val_loss 0.7951  val_acc 0.7216
2026-04-08 02:56:12    epoch  65  loss 0.5515  acc 0.7990  val_loss 0.7464  val_acc 0.7332
2026-04-08 02:56:17    epoch  66  loss 0.5226  acc 0.8122  val_loss 0.7060  val_acc 0.7485
2026-04-08 02:56:22    epoch  67  loss 0.5133  acc 0.8181  val_loss 0.7357  val_acc 0.7340
2026-04-08 02:56:26    epoch  68  loss 0.5057  acc 0.8231  val_loss 0.6777  val_acc 0.7544
2026-04-08 02:56:31    epoch  69  loss 0.5021  acc 0.8207  val_loss 0.7219  val_acc 0.7369
2026-04-08 02:56:36    epoch  70  loss 0.4905  acc 0.8255  val_loss 0.7930  val_acc 0.7289
2026-04-08 02:56:41    epoch  71  loss 0.4746  acc 0.8320  val_loss 0.7436  val_acc 0.7369
2026-04-08 02:56:46    epoch  72  loss 0.4562  acc 0.8406  val_loss 0.7433  val_acc 0.7442
2026-04-08 02:56:51    epoch  73  loss 0.5171  acc 0.8198  val_loss 0.6838  val_acc 0.7529
2026-04-08 02:56:55    epoch  74  loss 0.3933  acc 0.8627  val_loss 0.6639  val_acc 0.7835
2026-04-08 02:57:00    epoch  75  loss 0.3401  acc 0.8822  val_loss 0.6508  val_acc 0.7828
2026-04-08 02:57:05    epoch  76  loss 0.3184  acc 0.8904  val_loss 0.6441  val_acc 0.7828
2026-04-08 02:57:10    epoch  77  loss 0.2935  acc 0.8989  val_loss 0.6726  val_acc 0.7894
2026-04-08 02:57:15    epoch  78  loss 0.2867  acc 0.9024  val_loss 0.6787  val_acc 0.7835
2026-04-08 02:57:19    epoch  79  loss 0.2690  acc 0.9086  val_loss 0.6440  val_acc 0.7879
2026-04-08 02:57:24    epoch  80  loss 0.2591  acc 0.9122  val_loss 0.6803  val_acc 0.8003
2026-04-08 02:57:29    epoch  81  loss 0.2470  acc 0.9171  val_loss 0.6887  val_acc 0.7930
2026-04-08 02:57:34    epoch  82  loss 0.2588  acc 0.9137  val_loss 0.7445  val_acc 0.7748
2026-04-08 02:57:40    epoch  83  loss 0.2398  acc 0.9179  val_loss 0.7258  val_acc 0.7843
2026-04-08 02:57:45    epoch  84  loss 0.2453  acc 0.9168  val_loss 0.6748  val_acc 0.7915
2026-04-08 02:57:51    epoch  85  loss 0.1812  acc 0.9408  val_loss 0.6827  val_acc 0.8069
2026-04-08 02:57:56    epoch  86  loss 0.1592  acc 0.9486  val_loss 0.6566  val_acc 0.8171
2026-04-08 02:58:02    epoch  87  loss 0.1509  acc 0.9526  val_loss 0.7193  val_acc 0.8083
2026-04-08 02:58:02    Early stopping at epoch 87
2026-04-08 02:58:02    User5 accuracy: 0.6324
2026-04-08 02:58:02    ✓ New best model saved (User5 held out, acc=0.6324)
2026-04-08 02:58:03  ────────────────────────────────────────────────────────────
2026-04-08 02:58:03  LOSO fold — held-out: User6 (777 test windows, 13741 train windows)
2026-04-08 02:58:08    epoch   1  loss 1.8505  acc 0.2580  val_loss 1.6372  val_acc 0.2991
2026-04-08 02:58:13    epoch   2  loss 1.8222  acc 0.2725  val_loss 1.5914  val_acc 0.3464
2026-04-08 02:58:18    epoch   3  loss 1.7203  acc 0.3042  val_loss 1.5500  val_acc 0.3355
2026-04-08 02:58:22    epoch   4  loss 1.6027  acc 0.3357  val_loss 1.5091  val_acc 0.3988
2026-04-08 02:58:27    epoch   5  loss 1.5462  acc 0.3682  val_loss 1.4602  val_acc 0.3981
2026-04-08 02:58:32    epoch   6  loss 1.5007  acc 0.3848  val_loss 1.4353  val_acc 0.4287
2026-04-08 02:58:37    epoch   7  loss 1.5606  acc 0.3771  val_loss 1.4988  val_acc 0.3901
2026-04-08 02:58:41    epoch   8  loss 1.5281  acc 0.3806  val_loss 1.4234  val_acc 0.4119
2026-04-08 02:58:46    epoch   9  loss 1.4608  acc 0.4004  val_loss 1.3567  val_acc 0.4520
2026-04-08 02:58:51    epoch  10  loss 1.4119  acc 0.4168  val_loss 1.3422  val_acc 0.4520
2026-04-08 02:58:56    epoch  11  loss 1.3991  acc 0.4210  val_loss 1.3226  val_acc 0.4491
2026-04-08 02:59:01    epoch  12  loss 1.3668  acc 0.4388  val_loss 1.3123  val_acc 0.4534
2026-04-08 02:59:05    epoch  13  loss 1.3425  acc 0.4461  val_loss 1.2570  val_acc 0.4622
2026-04-08 02:59:10    epoch  14  loss 1.3459  acc 0.4474  val_loss 1.2691  val_acc 0.4840
2026-04-08 02:59:15    epoch  15  loss 1.3143  acc 0.4617  val_loss 1.2054  val_acc 0.4905
2026-04-08 02:59:20    epoch  16  loss 1.2786  acc 0.4687  val_loss 1.2379  val_acc 0.4629
2026-04-08 02:59:24    epoch  17  loss 1.2413  acc 0.4874  val_loss 1.1695  val_acc 0.5255
2026-04-08 02:59:29    epoch  18  loss 1.2321  acc 0.5013  val_loss 1.1521  val_acc 0.5284
2026-04-08 02:59:34    epoch  19  loss 1.2034  acc 0.5142  val_loss 1.1536  val_acc 0.5269
2026-04-08 02:59:39    epoch  20  loss 1.1808  acc 0.5202  val_loss 1.1295  val_acc 0.5306
2026-04-08 02:59:43    epoch  21  loss 1.1634  acc 0.5263  val_loss 1.1248  val_acc 0.5437
2026-04-08 02:59:48    epoch  22  loss 1.1589  acc 0.5249  val_loss 1.1088  val_acc 0.5422
2026-04-08 02:59:53    epoch  23  loss 1.1341  acc 0.5378  val_loss 1.0698  val_acc 0.5568
2026-04-08 02:59:58    epoch  24  loss 1.1172  acc 0.5469  val_loss 1.0652  val_acc 0.5670
2026-04-08 03:00:02    epoch  25  loss 1.1079  acc 0.5486  val_loss 1.0671  val_acc 0.5495
2026-04-08 03:00:07    epoch  26  loss 1.0918  acc 0.5562  val_loss 1.0750  val_acc 0.5546
2026-04-08 03:00:12    epoch  27  loss 1.0578  acc 0.5735  val_loss 1.1141  val_acc 0.5320
2026-04-08 03:00:17    epoch  28  loss 1.0533  acc 0.5844  val_loss 1.0479  val_acc 0.5844
2026-04-08 03:00:22    epoch  29  loss 1.0337  acc 0.5955  val_loss 1.0010  val_acc 0.6194
2026-04-08 03:00:26    epoch  30  loss 1.0194  acc 0.6033  val_loss 0.9971  val_acc 0.6077
2026-04-08 03:00:31    epoch  31  loss 0.9891  acc 0.6202  val_loss 0.9502  val_acc 0.6426
2026-04-08 03:00:36    epoch  32  loss 0.9760  acc 0.6268  val_loss 0.9724  val_acc 0.6412
2026-04-08 03:00:41    epoch  33  loss 0.9376  acc 0.6498  val_loss 0.9091  val_acc 0.6645
2026-04-08 03:00:45    epoch  34  loss 0.9130  acc 0.6602  val_loss 0.8999  val_acc 0.6703
2026-04-08 03:00:50    epoch  35  loss 0.8934  acc 0.6669  val_loss 0.8892  val_acc 0.6754
2026-04-08 03:00:55    epoch  36  loss 0.8665  acc 0.6844  val_loss 0.9106  val_acc 0.6718
2026-04-08 03:01:00    epoch  37  loss 0.8499  acc 0.6872  val_loss 0.8289  val_acc 0.7125
2026-04-08 03:01:04    epoch  38  loss 0.8255  acc 0.7040  val_loss 0.8444  val_acc 0.6958
2026-04-08 03:01:09    epoch  39  loss 0.8146  acc 0.7034  val_loss 0.8595  val_acc 0.6827
2026-04-08 03:01:14    epoch  40  loss 0.7982  acc 0.7149  val_loss 0.8331  val_acc 0.7096
2026-04-08 03:01:19    epoch  41  loss 0.7655  acc 0.7219  val_loss 0.8137  val_acc 0.7067
2026-04-08 03:01:23    epoch  42  loss 0.7581  acc 0.7229  val_loss 0.7804  val_acc 0.7344
2026-04-08 03:01:28    epoch  43  loss 0.7450  acc 0.7313  val_loss 0.7911  val_acc 0.7183
2026-04-08 03:01:33    epoch  44  loss 0.7331  acc 0.7368  val_loss 0.7596  val_acc 0.7314
2026-04-08 03:01:38    epoch  45  loss 0.7206  acc 0.7427  val_loss 0.7614  val_acc 0.7307
2026-04-08 03:01:43    epoch  46  loss 0.7252  acc 0.7417  val_loss 0.7692  val_acc 0.7227
2026-04-08 03:01:47    epoch  47  loss 0.6841  acc 0.7549  val_loss 0.7530  val_acc 0.7409
2026-04-08 03:01:52    epoch  48  loss 0.6663  acc 0.7628  val_loss 0.6951  val_acc 0.7606
2026-04-08 03:01:57    epoch  49  loss 0.6411  acc 0.7710  val_loss 0.7061  val_acc 0.7475
2026-04-08 03:02:02    epoch  50  loss 0.6368  acc 0.7769  val_loss 0.7072  val_acc 0.7547
2026-04-08 03:02:06    epoch  51  loss 0.6512  acc 0.7731  val_loss 0.7445  val_acc 0.7467
2026-04-08 03:02:11    epoch  52  loss 0.6380  acc 0.7746  val_loss 0.7159  val_acc 0.7416
2026-04-08 03:02:16    epoch  53  loss 0.5964  acc 0.7903  val_loss 0.7393  val_acc 0.7402
2026-04-08 03:02:21    epoch  54  loss 0.5213  acc 0.8180  val_loss 0.6200  val_acc 0.7897
2026-04-08 03:02:25    epoch  55  loss 0.4836  acc 0.8338  val_loss 0.6341  val_acc 0.7868
2026-04-08 03:02:30    epoch  56  loss 0.4694  acc 0.8368  val_loss 0.6281  val_acc 0.7817
2026-04-08 03:02:35    epoch  57  loss 0.4576  acc 0.8420  val_loss 0.6332  val_acc 0.7911
2026-04-08 03:02:40    epoch  58  loss 0.4476  acc 0.8472  val_loss 0.6149  val_acc 0.7962
2026-04-08 03:02:44    epoch  59  loss 0.4310  acc 0.8503  val_loss 0.6168  val_acc 0.7926
2026-04-08 03:02:49    epoch  60  loss 0.4008  acc 0.8616  val_loss 0.6413  val_acc 0.7962
2026-04-08 03:02:54    epoch  61  loss 0.4029  acc 0.8640  val_loss 0.6560  val_acc 0.7962
2026-04-08 03:02:59    epoch  62  loss 0.3889  acc 0.8659  val_loss 0.6441  val_acc 0.7817
2026-04-08 03:03:04    epoch  63  loss 0.3770  acc 0.8695  val_loss 0.6246  val_acc 0.7999
2026-04-08 03:03:08    epoch  64  loss 0.3310  acc 0.8877  val_loss 0.6097  val_acc 0.8122
2026-04-08 03:03:13    epoch  65  loss 0.3032  acc 0.8986  val_loss 0.5920  val_acc 0.8231
2026-04-08 03:03:18    epoch  66  loss 0.2803  acc 0.9068  val_loss 0.6099  val_acc 0.8093
2026-04-08 03:03:23    epoch  67  loss 0.2771  acc 0.9072  val_loss 0.5973  val_acc 0.8210
2026-04-08 03:03:28    epoch  68  loss 0.2701  acc 0.9093  val_loss 0.6249  val_acc 0.8159
2026-04-08 03:03:33    epoch  69  loss 0.2637  acc 0.9145  val_loss 0.6289  val_acc 0.8202
2026-04-08 03:03:37    epoch  70  loss 0.2435  acc 0.9224  val_loss 0.6655  val_acc 0.8159
2026-04-08 03:03:42    epoch  71  loss 0.2229  acc 0.9280  val_loss 0.6359  val_acc 0.8231
2026-04-08 03:03:47    epoch  72  loss 0.2032  acc 0.9332  val_loss 0.6552  val_acc 0.8268
2026-04-08 03:03:52    epoch  73  loss 0.2005  acc 0.9363  val_loss 0.6355  val_acc 0.8275
2026-04-08 03:03:52    Early stopping at epoch 73
2026-04-08 03:03:52    User6 accuracy: 0.5997
2026-04-08 03:03:53  ────────────────────────────────────────────────────────────
2026-04-08 03:03:53  LOSO fold — held-out: User7 (1687 test windows, 12831 train windows)
2026-04-08 03:03:58    epoch   1  loss 1.8470  acc 0.2644  val_loss 1.6448  val_acc 0.3227
2026-04-08 03:04:02    epoch   2  loss 1.6298  acc 0.3245  val_loss 1.4913  val_acc 0.3858
2026-04-08 03:04:06    epoch   3  loss 1.5424  acc 0.3624  val_loss 1.5111  val_acc 0.3819
2026-04-08 03:04:11    epoch   4  loss 1.4884  acc 0.3773  val_loss 1.4040  val_acc 0.4053
2026-04-08 03:04:15    epoch   5  loss 1.4581  acc 0.3915  val_loss 1.3755  val_acc 0.4349
2026-04-08 03:04:20    epoch   6  loss 1.4184  acc 0.4129  val_loss 1.3401  val_acc 0.4373
2026-04-08 03:04:24    epoch   7  loss 1.3731  acc 0.4324  val_loss 1.3413  val_acc 0.4115
2026-04-08 03:04:29    epoch   8  loss 1.3557  acc 0.4433  val_loss 1.2896  val_acc 0.4583
2026-04-08 03:04:33    epoch   9  loss 1.3278  acc 0.4558  val_loss 1.2732  val_acc 0.4599
2026-04-08 03:04:38    epoch  10  loss 1.2967  acc 0.4660  val_loss 1.2307  val_acc 0.4778
2026-04-08 03:04:42    epoch  11  loss 1.2706  acc 0.4772  val_loss 1.2369  val_acc 0.4661
2026-04-08 03:04:47    epoch  12  loss 1.2520  acc 0.4821  val_loss 1.2293  val_acc 0.4747
2026-04-08 03:04:51    epoch  13  loss 1.2298  acc 0.4882  val_loss 1.2666  val_acc 0.4645
2026-04-08 03:04:56    epoch  14  loss 1.2177  acc 0.4984  val_loss 1.1962  val_acc 0.4864
2026-04-08 03:05:00    epoch  15  loss 1.1993  acc 0.5036  val_loss 1.1699  val_acc 0.4918
2026-04-08 03:05:05    epoch  16  loss 1.2030  acc 0.5060  val_loss 1.1589  val_acc 0.4988
2026-04-08 03:05:09    epoch  17  loss 1.1703  acc 0.5193  val_loss 1.1475  val_acc 0.5152
2026-04-08 03:05:13    epoch  18  loss 1.1563  acc 0.5229  val_loss 1.1229  val_acc 0.5230
2026-04-08 03:05:18    epoch  19  loss 1.1175  acc 0.5488  val_loss 1.1451  val_acc 0.5316
2026-04-08 03:05:22    epoch  20  loss 1.0918  acc 0.5571  val_loss 1.1446  val_acc 0.5152
2026-04-08 03:05:27    epoch  21  loss 1.0699  acc 0.5708  val_loss 1.0917  val_acc 0.5526
2026-04-08 03:05:31    epoch  22  loss 1.0710  acc 0.5714  val_loss 1.0660  val_acc 0.5698
2026-04-08 03:05:36    epoch  23  loss 1.0445  acc 0.5841  val_loss 1.0529  val_acc 0.5838
2026-04-08 03:05:40    epoch  24  loss 1.0148  acc 0.6025  val_loss 1.0175  val_acc 0.5970
2026-04-08 03:05:45    epoch  25  loss 0.9841  acc 0.6195  val_loss 1.0090  val_acc 0.6118
2026-04-08 03:05:49    epoch  26  loss 0.9673  acc 0.6302  val_loss 0.9888  val_acc 0.6142
2026-04-08 03:05:53    epoch  27  loss 0.9388  acc 0.6437  val_loss 0.9630  val_acc 0.6306
2026-04-08 03:05:58    epoch  28  loss 0.9135  acc 0.6544  val_loss 0.9139  val_acc 0.6532
2026-04-08 03:06:02    epoch  29  loss 0.8945  acc 0.6645  val_loss 0.9083  val_acc 0.6602
2026-04-08 03:06:07    epoch  30  loss 0.8594  acc 0.6757  val_loss 0.8914  val_acc 0.6493
2026-04-08 03:06:11    epoch  31  loss 0.8460  acc 0.6884  val_loss 0.8839  val_acc 0.6524
2026-04-08 03:06:16    epoch  32  loss 0.8226  acc 0.6967  val_loss 0.8826  val_acc 0.6508
2026-04-08 03:06:20    epoch  33  loss 0.8097  acc 0.7033  val_loss 0.8415  val_acc 0.6960
2026-04-08 03:06:25    epoch  34  loss 0.7760  acc 0.7154  val_loss 0.8287  val_acc 0.6867
2026-04-08 03:06:29    epoch  35  loss 0.7533  acc 0.7246  val_loss 0.8357  val_acc 0.6859
2026-04-08 03:06:34    epoch  36  loss 0.7411  acc 0.7299  val_loss 0.8020  val_acc 0.7155
2026-04-08 03:06:38    epoch  37  loss 0.7445  acc 0.7348  val_loss 0.7621  val_acc 0.7186
2026-04-08 03:06:43    epoch  38  loss 0.7039  acc 0.7441  val_loss 0.7811  val_acc 0.7124
2026-04-08 03:06:47    epoch  39  loss 0.6936  acc 0.7514  val_loss 0.7746  val_acc 0.7217
2026-04-08 03:06:52    epoch  40  loss 0.6699  acc 0.7612  val_loss 0.7688  val_acc 0.7366
2026-04-08 03:06:56    epoch  41  loss 0.6495  acc 0.7652  val_loss 0.7392  val_acc 0.7311
2026-04-08 03:07:01    epoch  42  loss 0.6243  acc 0.7762  val_loss 0.7454  val_acc 0.7366
2026-04-08 03:07:05    epoch  43  loss 0.6120  acc 0.7779  val_loss 0.7486  val_acc 0.7389
2026-04-08 03:07:10    epoch  44  loss 0.5907  acc 0.7898  val_loss 0.7174  val_acc 0.7482
2026-04-08 03:07:14    epoch  45  loss 0.5918  acc 0.7926  val_loss 0.7008  val_acc 0.7631
2026-04-08 03:07:19    epoch  46  loss 0.5529  acc 0.8083  val_loss 0.7237  val_acc 0.7482
2026-04-08 03:07:23    epoch  47  loss 0.5440  acc 0.8107  val_loss 0.7300  val_acc 0.7514
2026-04-08 03:07:27    epoch  48  loss 0.5590  acc 0.8019  val_loss 0.7858  val_acc 0.7311
2026-04-08 03:07:32    epoch  49  loss 0.5274  acc 0.8194  val_loss 0.6919  val_acc 0.7716
2026-04-08 03:07:36    epoch  50  loss 0.4850  acc 0.8301  val_loss 0.6736  val_acc 0.7693
2026-04-08 03:07:41    epoch  51  loss 0.4972  acc 0.8298  val_loss 0.6680  val_acc 0.7724
2026-04-08 03:07:45    epoch  52  loss 0.4699  acc 0.8377  val_loss 0.7381  val_acc 0.7529
2026-04-08 03:07:50    epoch  53  loss 0.4916  acc 0.8328  val_loss 0.6923  val_acc 0.7623
2026-04-08 03:07:54    epoch  54  loss 0.4349  acc 0.8515  val_loss 0.6800  val_acc 0.7638
2026-04-08 03:07:59    epoch  55  loss 0.4341  acc 0.8485  val_loss 0.6668  val_acc 0.7701
2026-04-08 03:08:03    epoch  56  loss 0.4179  acc 0.8543  val_loss 0.6322  val_acc 0.7911
2026-04-08 03:08:08    epoch  57  loss 0.3934  acc 0.8621  val_loss 0.6251  val_acc 0.7997
2026-04-08 03:08:12    epoch  58  loss 0.3936  acc 0.8654  val_loss 0.6607  val_acc 0.7864
2026-04-08 03:08:16    epoch  59  loss 0.3979  acc 0.8647  val_loss 0.6154  val_acc 0.8059
2026-04-08 03:08:21    epoch  60  loss 0.3959  acc 0.8660  val_loss 0.6366  val_acc 0.7849
2026-04-08 03:08:25    epoch  61  loss 0.3392  acc 0.8851  val_loss 0.6239  val_acc 0.7966
2026-04-08 03:08:30    epoch  62  loss 0.3407  acc 0.8853  val_loss 0.6266  val_acc 0.8083
2026-04-08 03:08:34    epoch  63  loss 0.3782  acc 0.8717  val_loss 0.6316  val_acc 0.7973
2026-04-08 03:08:39    epoch  64  loss 0.3160  acc 0.8937  val_loss 0.5851  val_acc 0.8153
2026-04-08 03:08:43    epoch  65  loss 0.3218  acc 0.8926  val_loss 0.6881  val_acc 0.8012
2026-04-08 03:08:48    epoch  66  loss 0.3041  acc 0.8985  val_loss 0.6270  val_acc 0.8083
2026-04-08 03:08:52    epoch  67  loss 0.3079  acc 0.8967  val_loss 0.6152  val_acc 0.8153
2026-04-08 03:08:57    epoch  68  loss 0.2788  acc 0.9047  val_loss 0.5949  val_acc 0.8168
2026-04-08 03:09:01    epoch  69  loss 0.2913  acc 0.9038  val_loss 0.6426  val_acc 0.8075
2026-04-08 03:09:06    epoch  70  loss 0.2074  acc 0.9331  val_loss 0.5716  val_acc 0.8332
2026-04-08 03:09:10    epoch  71  loss 0.1701  acc 0.9453  val_loss 0.5868  val_acc 0.8480
2026-04-08 03:09:15    epoch  72  loss 0.1585  acc 0.9486  val_loss 0.6207  val_acc 0.8309
2026-04-08 03:09:19    epoch  73  loss 0.1504  acc 0.9515  val_loss 0.6410  val_acc 0.8387
2026-04-08 03:09:24    epoch  74  loss 0.1559  acc 0.9508  val_loss 0.5755  val_acc 0.8465
2026-04-08 03:09:28    epoch  75  loss 0.1283  acc 0.9590  val_loss 0.5640  val_acc 0.8504
2026-04-08 03:09:33    epoch  76  loss 0.1146  acc 0.9642  val_loss 0.5818  val_acc 0.8519
2026-04-08 03:09:37    epoch  77  loss 0.1281  acc 0.9596  val_loss 0.6045  val_acc 0.8426
2026-04-08 03:09:42    epoch  78  loss 0.1351  acc 0.9572  val_loss 0.6082  val_acc 0.8340
2026-04-08 03:09:46    epoch  79  loss 0.1217  acc 0.9612  val_loss 0.6246  val_acc 0.8449
2026-04-08 03:09:51    epoch  80  loss 0.1000  acc 0.9675  val_loss 0.6900  val_acc 0.8402
2026-04-08 03:09:55    epoch  81  loss 0.0864  acc 0.9726  val_loss 0.5535  val_acc 0.8714
2026-04-08 03:10:00    epoch  82  loss 0.0617  acc 0.9816  val_loss 0.6331  val_acc 0.8644
2026-04-08 03:10:04    epoch  83  loss 0.0573  acc 0.9832  val_loss 0.6606  val_acc 0.8480
2026-04-08 03:10:09    epoch  84  loss 0.0579  acc 0.9828  val_loss 0.6261  val_acc 0.8628
2026-04-08 03:10:13    epoch  85  loss 0.0524  acc 0.9844  val_loss 0.6218  val_acc 0.8675
2026-04-08 03:10:18    epoch  86  loss 0.0545  acc 0.9845  val_loss 0.6715  val_acc 0.8589
2026-04-08 03:10:22    epoch  87  loss 0.0396  acc 0.9886  val_loss 0.6537  val_acc 0.8605
2026-04-08 03:10:27    epoch  88  loss 0.0350  acc 0.9906  val_loss 0.6440  val_acc 0.8620
2026-04-08 03:10:32    epoch  89  loss 0.0301  acc 0.9922  val_loss 0.6487  val_acc 0.8683
2026-04-08 03:10:32    Early stopping at epoch 89
2026-04-08 03:10:33    User7 accuracy: 0.5614
2026-04-08 03:10:34  ────────────────────────────────────────────────────────────
2026-04-08 03:10:34  LOSO fold — held-out: User8 (1518 test windows, 13000 train windows)
2026-04-08 03:10:38    epoch   1  loss 1.8866  acc 0.2438  val_loss 1.6873  val_acc 0.2846
2026-04-08 03:10:43    epoch   2  loss 1.7258  acc 0.2998  val_loss 1.6164  val_acc 0.3285
2026-04-08 03:10:47    epoch   3  loss 1.5976  acc 0.3455  val_loss 1.5930  val_acc 0.3623
2026-04-08 03:10:52    epoch   4  loss 1.5426  acc 0.3568  val_loss 1.4249  val_acc 0.4154
2026-04-08 03:10:56    epoch   5  loss 1.4831  acc 0.3891  val_loss 1.4085  val_acc 0.4254
2026-04-08 03:11:01    epoch   6  loss 1.4587  acc 0.4009  val_loss 1.3721  val_acc 0.4269
2026-04-08 03:11:05    epoch   7  loss 1.4054  acc 0.4165  val_loss 1.3887  val_acc 0.4231
2026-04-08 03:11:10    epoch   8  loss 1.3743  acc 0.4316  val_loss 1.2879  val_acc 0.4723
2026-04-08 03:11:14    epoch   9  loss 1.4179  acc 0.4210  val_loss 1.3244  val_acc 0.4300
2026-04-08 03:11:19    epoch  10  loss 1.3751  acc 0.4268  val_loss 1.2734  val_acc 0.4546
2026-04-08 03:11:23    epoch  11  loss 1.3370  acc 0.4412  val_loss 1.2703  val_acc 0.4777
2026-04-08 03:11:28    epoch  12  loss 1.3111  acc 0.4533  val_loss 1.2415  val_acc 0.4654
2026-04-08 03:11:32    epoch  13  loss 1.2794  acc 0.4650  val_loss 1.4562  val_acc 0.4085
2026-04-08 03:11:37    epoch  14  loss 1.2685  acc 0.4721  val_loss 1.1902  val_acc 0.4815
2026-04-08 03:11:41    epoch  15  loss 1.2412  acc 0.4796  val_loss 1.2139  val_acc 0.4862
2026-04-08 03:11:46    epoch  16  loss 1.2118  acc 0.4974  val_loss 1.1664  val_acc 0.5285
2026-04-08 03:11:50    epoch  17  loss 1.2118  acc 0.4950  val_loss 1.1626  val_acc 0.5054
2026-04-08 03:11:55    epoch  18  loss 1.1870  acc 0.5046  val_loss 1.1205  val_acc 0.5362
2026-04-08 03:11:59    epoch  19  loss 1.1670  acc 0.5147  val_loss 1.1056  val_acc 0.5508
2026-04-08 03:12:04    epoch  20  loss 1.1612  acc 0.5234  val_loss 1.1306  val_acc 0.5400
2026-04-08 03:12:08    epoch  21  loss 1.1553  acc 0.5270  val_loss 1.0986  val_acc 0.5515
2026-04-08 03:12:12    epoch  22  loss 1.1231  acc 0.5378  val_loss 1.0964  val_acc 0.5431
2026-04-08 03:12:17    epoch  23  loss 1.1034  acc 0.5486  val_loss 1.0616  val_acc 0.5700
2026-04-08 03:12:21    epoch  24  loss 1.0991  acc 0.5544  val_loss 1.0593  val_acc 0.5792
2026-04-08 03:12:26    epoch  25  loss 1.0755  acc 0.5659  val_loss 1.0271  val_acc 0.5831
2026-04-08 03:12:30    epoch  26  loss 1.0798  acc 0.5650  val_loss 1.0776  val_acc 0.5754
2026-04-08 03:12:35    epoch  27  loss 1.0594  acc 0.5744  val_loss 1.0075  val_acc 0.5862
2026-04-08 03:12:39    epoch  28  loss 1.0211  acc 0.5922  val_loss 0.9875  val_acc 0.6092
2026-04-08 03:12:44    epoch  29  loss 0.9994  acc 0.6050  val_loss 0.9571  val_acc 0.6285
2026-04-08 03:12:48    epoch  30  loss 0.9874  acc 0.6093  val_loss 0.9594  val_acc 0.6123
2026-04-08 03:12:53    epoch  31  loss 0.9563  acc 0.6266  val_loss 1.0642  val_acc 0.5977
2026-04-08 03:12:57    epoch  32  loss 0.9441  acc 0.6338  val_loss 0.9436  val_acc 0.6423
2026-04-08 03:13:02    epoch  33  loss 0.9230  acc 0.6435  val_loss 0.9685  val_acc 0.6323
2026-04-08 03:13:06    epoch  34  loss 0.9138  acc 0.6467  val_loss 0.9296  val_acc 0.6515
2026-04-08 03:13:11    epoch  35  loss 0.8945  acc 0.6550  val_loss 0.8876  val_acc 0.6569
2026-04-08 03:13:15    epoch  36  loss 0.8749  acc 0.6704  val_loss 0.9053  val_acc 0.6623
2026-04-08 03:13:20    epoch  37  loss 0.8652  acc 0.6694  val_loss 0.8631  val_acc 0.6523
2026-04-08 03:13:24    epoch  38  loss 0.8301  acc 0.6875  val_loss 0.8592  val_acc 0.6777
2026-04-08 03:13:29    epoch  39  loss 0.8083  acc 0.6993  val_loss 0.8433  val_acc 0.6777
2026-04-08 03:13:33    epoch  40  loss 0.8087  acc 0.7005  val_loss 0.8789  val_acc 0.6823
2026-04-08 03:13:38    epoch  41  loss 0.7766  acc 0.7080  val_loss 0.8125  val_acc 0.6900
2026-04-08 03:13:42    epoch  42  loss 0.7695  acc 0.7193  val_loss 0.8048  val_acc 0.6831
2026-04-08 03:13:47    epoch  43  loss 0.7384  acc 0.7265  val_loss 0.8043  val_acc 0.7054
2026-04-08 03:13:52    epoch  44  loss 0.7577  acc 0.7190  val_loss 0.7965  val_acc 0.7031
2026-04-08 03:13:56    epoch  45  loss 0.7046  acc 0.7446  val_loss 0.7920  val_acc 0.6977
2026-04-08 03:14:01    epoch  46  loss 0.7004  acc 0.7473  val_loss 0.7502  val_acc 0.7223
2026-04-08 03:14:05    epoch  47  loss 0.7031  acc 0.7453  val_loss 0.7619  val_acc 0.7323
2026-04-08 03:14:10    epoch  48  loss 0.6823  acc 0.7496  val_loss 0.7848  val_acc 0.7192
2026-04-08 03:14:14    epoch  49  loss 0.6542  acc 0.7613  val_loss 0.7248  val_acc 0.7331
2026-04-08 03:14:19    epoch  50  loss 0.6502  acc 0.7662  val_loss 0.7244  val_acc 0.7415
2026-04-08 03:14:23    epoch  51  loss 0.6254  acc 0.7788  val_loss 0.7410  val_acc 0.7431
2026-04-08 03:14:28    epoch  52  loss 0.6074  acc 0.7835  val_loss 0.7599  val_acc 0.7300
2026-04-08 03:14:32    epoch  53  loss 0.6146  acc 0.7866  val_loss 0.7266  val_acc 0.7431
2026-04-08 03:14:37    epoch  54  loss 0.6051  acc 0.7873  val_loss 0.7391  val_acc 0.7454
2026-04-08 03:14:41    epoch  55  loss 0.5508  acc 0.8062  val_loss 0.7526  val_acc 0.7331
2026-04-08 03:14:45    epoch  56  loss 0.4945  acc 0.8285  val_loss 0.7376  val_acc 0.7523
2026-04-08 03:14:50    epoch  57  loss 0.4506  acc 0.8417  val_loss 0.7661  val_acc 0.7431
2026-04-08 03:14:54    epoch  58  loss 0.4210  acc 0.8535  val_loss 0.7424  val_acc 0.7592
2026-04-08 03:14:54    Early stopping at epoch 58
2026-04-08 03:14:55    User8 accuracy: 0.5883
2026-04-08 03:14:56  ────────────────────────────────────────────────────────────
2026-04-08 03:14:56  LOSO fold — held-out: User9 (1680 test windows, 12838 train windows)
2026-04-08 03:15:00    epoch   1  loss 1.9046  acc 0.2515  val_loss 1.6401  val_acc 0.3289
2026-04-08 03:15:05    epoch   2  loss 1.6439  acc 0.3251  val_loss 1.5052  val_acc 0.3796
2026-04-08 03:15:09    epoch   3  loss 1.5712  acc 0.3519  val_loss 1.4982  val_acc 0.3757
2026-04-08 03:15:13    epoch   4  loss 1.5601  acc 0.3553  val_loss 1.4813  val_acc 0.3850
2026-04-08 03:15:18    epoch   5  loss 1.4980  acc 0.3779  val_loss 1.4778  val_acc 0.3944
2026-04-08 03:15:22    epoch   6  loss 1.5295  acc 0.3725  val_loss 1.5193  val_acc 0.3585
2026-04-08 03:15:27    epoch   7  loss 1.4758  acc 0.3889  val_loss 1.3681  val_acc 0.4256
2026-04-08 03:15:31    epoch   8  loss 1.4288  acc 0.4129  val_loss 1.3697  val_acc 0.4279
2026-04-08 03:15:36    epoch   9  loss 1.3906  acc 0.4214  val_loss 1.3163  val_acc 0.4630
2026-04-08 03:15:40    epoch  10  loss 1.3612  acc 0.4292  val_loss 1.3605  val_acc 0.4178
2026-04-08 03:15:45    epoch  11  loss 1.3642  acc 0.4395  val_loss 1.3069  val_acc 0.4489
2026-04-08 03:15:49    epoch  12  loss 1.3435  acc 0.4428  val_loss 1.3111  val_acc 0.4458
2026-04-08 03:15:54    epoch  13  loss 1.3172  acc 0.4586  val_loss 1.2624  val_acc 0.4817
2026-04-08 03:15:58    epoch  14  loss 1.2874  acc 0.4764  val_loss 1.2664  val_acc 0.4778
2026-04-08 03:16:03    epoch  15  loss 1.2682  acc 0.4847  val_loss 1.2317  val_acc 0.4895
2026-04-08 03:16:07    epoch  16  loss 1.2795  acc 0.4823  val_loss 1.2299  val_acc 0.5019
2026-04-08 03:16:12    epoch  17  loss 1.2533  acc 0.4837  val_loss 1.1922  val_acc 0.5105
2026-04-08 03:16:16    epoch  18  loss 1.2282  acc 0.4940  val_loss 1.2043  val_acc 0.5144
2026-04-08 03:16:21    epoch  19  loss 1.2186  acc 0.5015  val_loss 1.2305  val_acc 0.4887
2026-04-08 03:16:25    epoch  20  loss 1.2120  acc 0.5021  val_loss 1.2212  val_acc 0.5035
2026-04-08 03:16:29    epoch  21  loss 1.1903  acc 0.5168  val_loss 1.1884  val_acc 0.5191
2026-04-08 03:16:34    epoch  22  loss 1.1592  acc 0.5201  val_loss 1.1630  val_acc 0.5214
2026-04-08 03:16:38    epoch  23  loss 1.1982  acc 0.5056  val_loss 1.1529  val_acc 0.5168
2026-04-08 03:16:43    epoch  24  loss 1.1498  acc 0.5289  val_loss 1.1417  val_acc 0.5253
2026-04-08 03:16:47    epoch  25  loss 1.1171  acc 0.5347  val_loss 1.1139  val_acc 0.5456
2026-04-08 03:16:52    epoch  26  loss 1.1017  acc 0.5462  val_loss 1.1072  val_acc 0.5534
2026-04-08 03:16:56    epoch  27  loss 1.1076  acc 0.5434  val_loss 1.1582  val_acc 0.5284
2026-04-08 03:17:01    epoch  28  loss 1.0808  acc 0.5558  val_loss 1.1225  val_acc 0.5472
2026-04-08 03:17:05    epoch  29  loss 1.0872  acc 0.5576  val_loss 1.1284  val_acc 0.5440
2026-04-08 03:17:10    epoch  30  loss 1.0741  acc 0.5580  val_loss 1.0855  val_acc 0.5698
2026-04-08 03:17:14    epoch  31  loss 1.0487  acc 0.5670  val_loss 1.1260  val_acc 0.5495
2026-04-08 03:17:18    epoch  32  loss 1.0575  acc 0.5640  val_loss 1.0703  val_acc 0.5752
2026-04-08 03:17:23    epoch  33  loss 1.0344  acc 0.5742  val_loss 1.1004  val_acc 0.5612
2026-04-08 03:17:27    epoch  34  loss 1.0296  acc 0.5765  val_loss 1.0463  val_acc 0.5659
2026-04-08 03:17:32    epoch  35  loss 1.0288  acc 0.5732  val_loss 1.0762  val_acc 0.5698
2026-04-08 03:17:36    epoch  36  loss 0.9899  acc 0.5852  val_loss 1.0566  val_acc 0.5768
