2026-04-08 16:04:14  ============================================================
2026-04-08 16:04:14  deep_conv_lstm  |  window=300  step=150
2026-04-08 16:04:14  Device  : cuda:0
2026-04-08 16:04:14  Flatten : False
2026-04-08 16:04:14  Log     : /home/mahmudm2/codebase/ClassyGlass/scripts/benchmark/logs/deep_conv_lstm_W300_S150.log
2026-04-08 16:04:14  Model   : /home/mahmudm2/codebase/ClassyGlass/scripts/benchmark/models/deep_conv_lstm_best_W300_S150.pth
2026-04-08 16:04:14  Figures : /home/mahmudm2/codebase/ClassyGlass/scripts/benchmark/figures
2026-04-08 16:04:14  ============================================================
2026-04-08 16:04:17  Loaded 9704 windows | window=300  step=150 | 129 experiments | 12 subjects | 0 experiments skipped
2026-04-08 16:04:18  ────────────────────────────────────────────────────────────
2026-04-08 16:04:18  LOSO fold — held-out: User1 (557 test windows, 9147 train windows)
2026-04-08 16:04:34    epoch   1  loss 1.9056  acc 0.2536  val_loss 1.6847  val_acc 0.2867
2026-04-08 16:04:37    epoch   2  loss 1.7032  acc 0.3007  val_loss 1.7028  val_acc 0.2582
2026-04-08 16:04:41    epoch   3  loss 1.6170  acc 0.3221  val_loss 1.5815  val_acc 0.3260
2026-04-08 16:04:44    epoch   4  loss 1.5720  acc 0.3514  val_loss 1.5987  val_acc 0.3315
2026-04-08 16:04:48    epoch   5  loss 1.5800  acc 0.3372  val_loss 1.4683  val_acc 0.4026
2026-04-08 16:04:51    epoch   6  loss 1.5005  acc 0.3758  val_loss 1.4001  val_acc 0.4114
2026-04-08 16:04:55    epoch   7  loss 1.4851  acc 0.3798  val_loss 1.3815  val_acc 0.4311
2026-04-08 16:04:58    epoch   8  loss 1.4457  acc 0.3974  val_loss 1.3682  val_acc 0.4147
2026-04-08 16:05:02    epoch   9  loss 1.4277  acc 0.4029  val_loss 1.3226  val_acc 0.4475
2026-04-08 16:05:06    epoch  10  loss 1.4260  acc 0.4043  val_loss 1.3621  val_acc 0.4267
2026-04-08 16:05:09    epoch  11  loss 1.3934  acc 0.4207  val_loss 1.3333  val_acc 0.4486
2026-04-08 16:05:13    epoch  12  loss 1.4107  acc 0.4093  val_loss 1.3207  val_acc 0.4333
2026-04-08 16:05:16    epoch  13  loss 1.3821  acc 0.4130  val_loss 1.3043  val_acc 0.4333
2026-04-08 16:05:20    epoch  14  loss 1.3345  acc 0.4375  val_loss 1.2890  val_acc 0.4584
2026-04-08 16:05:23    epoch  15  loss 1.3643  acc 0.4319  val_loss 1.2984  val_acc 0.4190
2026-04-08 16:05:27    epoch  16  loss 1.3199  acc 0.4404  val_loss 1.2607  val_acc 0.4551
2026-04-08 16:05:30    epoch  17  loss 1.3013  acc 0.4475  val_loss 1.2346  val_acc 0.4573
2026-04-08 16:05:34    epoch  18  loss 1.2906  acc 0.4509  val_loss 1.2326  val_acc 0.4650
2026-04-08 16:05:37    epoch  19  loss 1.2683  acc 0.4673  val_loss 1.2084  val_acc 0.4869
2026-04-08 16:05:41    epoch  20  loss 1.2557  acc 0.4820  val_loss 1.2193  val_acc 0.4836
2026-04-08 16:05:44    epoch  21  loss 1.2728  acc 0.4748  val_loss 1.3059  val_acc 0.4333
2026-04-08 16:05:47    epoch  22  loss 1.2658  acc 0.4764  val_loss 1.1941  val_acc 0.5011
2026-04-08 16:05:51    epoch  23  loss 1.2483  acc 0.4846  val_loss 1.2094  val_acc 0.4847
2026-04-08 16:05:54    epoch  24  loss 1.2390  acc 0.4837  val_loss 1.1921  val_acc 0.5055
2026-04-08 16:05:58    epoch  25  loss 1.2156  acc 0.4952  val_loss 1.1730  val_acc 0.4967
2026-04-08 16:06:01    epoch  26  loss 1.1975  acc 0.4978  val_loss 1.1441  val_acc 0.5306
2026-04-08 16:06:05    epoch  27  loss 1.1744  acc 0.5106  val_loss 1.1213  val_acc 0.5241
2026-04-08 16:06:08    epoch  28  loss 1.1511  acc 0.5217  val_loss 1.0836  val_acc 0.5164
2026-04-08 16:06:12    epoch  29  loss 1.1366  acc 0.5274  val_loss 1.1024  val_acc 0.5208
2026-04-08 16:06:15    epoch  30  loss 1.1426  acc 0.5200  val_loss 1.0787  val_acc 0.5252
2026-04-08 16:06:19    epoch  31  loss 1.1133  acc 0.5350  val_loss 1.0828  val_acc 0.5361
2026-04-08 16:06:22    epoch  32  loss 1.0994  acc 0.5398  val_loss 1.0735  val_acc 0.5591
2026-04-08 16:06:26    epoch  33  loss 1.0832  acc 0.5523  val_loss 1.0581  val_acc 0.5613
2026-04-08 16:06:30    epoch  34  loss 1.0708  acc 0.5604  val_loss 1.0347  val_acc 0.5678
2026-04-08 16:06:33    epoch  35  loss 1.0667  acc 0.5620  val_loss 1.0361  val_acc 0.5799
2026-04-08 16:06:37    epoch  36  loss 1.0388  acc 0.5780  val_loss 1.0188  val_acc 0.5799
2026-04-08 16:06:40    epoch  37  loss 1.0332  acc 0.5844  val_loss 1.0060  val_acc 0.5897
2026-04-08 16:06:44    epoch  38  loss 1.0389  acc 0.5793  val_loss 1.0118  val_acc 0.5897
2026-04-08 16:06:47    epoch  39  loss 1.0078  acc 0.5926  val_loss 0.9809  val_acc 0.5974
2026-04-08 16:06:51    epoch  40  loss 0.9881  acc 0.6018  val_loss 0.9854  val_acc 0.6116
2026-04-08 16:06:54    epoch  41  loss 0.9793  acc 0.6093  val_loss 1.0583  val_acc 0.5810
2026-04-08 16:06:58    epoch  42  loss 0.9637  acc 0.6231  val_loss 0.9705  val_acc 0.6094
2026-04-08 16:07:01    epoch  43  loss 0.9529  acc 0.6215  val_loss 0.9793  val_acc 0.6039
2026-04-08 16:07:05    epoch  44  loss 0.9290  acc 0.6299  val_loss 0.9386  val_acc 0.6204
2026-04-08 16:07:08    epoch  45  loss 0.9218  acc 0.6377  val_loss 0.9792  val_acc 0.6214
2026-04-08 16:07:12    epoch  46  loss 0.9143  acc 0.6462  val_loss 0.9785  val_acc 0.6214
2026-04-08 16:07:15    epoch  47  loss 0.8722  acc 0.6618  val_loss 0.9436  val_acc 0.6400
2026-04-08 16:07:19    epoch  48  loss 0.8734  acc 0.6673  val_loss 0.9539  val_acc 0.6335
2026-04-08 16:07:22    epoch  49  loss 0.8401  acc 0.6809  val_loss 0.9190  val_acc 0.6379
2026-04-08 16:07:26    epoch  50  loss 0.8326  acc 0.6840  val_loss 0.8931  val_acc 0.6532
2026-04-08 16:07:29    epoch  51  loss 0.8121  acc 0.6848  val_loss 0.8626  val_acc 0.6641
2026-04-08 16:07:33    epoch  52  loss 0.8118  acc 0.6891  val_loss 0.8633  val_acc 0.6663
2026-04-08 16:07:37    epoch  53  loss 0.7916  acc 0.7059  val_loss 0.8448  val_acc 0.6554
2026-04-08 16:07:40    epoch  54  loss 0.7676  acc 0.7091  val_loss 0.8658  val_acc 0.6707
2026-04-08 16:07:44    epoch  55  loss 0.7500  acc 0.7169  val_loss 0.8437  val_acc 0.6926
2026-04-08 16:07:48    epoch  56  loss 0.7455  acc 0.7183  val_loss 0.8574  val_acc 0.6718
2026-04-08 16:07:51    epoch  57  loss 0.7420  acc 0.7193  val_loss 0.8287  val_acc 0.6849
2026-04-08 16:07:55    epoch  58  loss 0.7058  acc 0.7396  val_loss 0.8304  val_acc 0.6947
2026-04-08 16:07:58    epoch  59  loss 0.7019  acc 0.7392  val_loss 0.8869  val_acc 0.6663
2026-04-08 16:08:02    epoch  60  loss 0.6944  acc 0.7416  val_loss 0.8252  val_acc 0.6772
2026-04-08 16:08:05    epoch  61  loss 0.6502  acc 0.7584  val_loss 0.8224  val_acc 0.6926
2026-04-08 16:08:09    epoch  62  loss 0.6418  acc 0.7590  val_loss 0.8244  val_acc 0.6904
2026-04-08 16:08:12    epoch  63  loss 0.6354  acc 0.7628  val_loss 0.8419  val_acc 0.6958
2026-04-08 16:08:16    epoch  64  loss 0.6160  acc 0.7715  val_loss 0.7975  val_acc 0.7035
2026-04-08 16:08:19    epoch  65  loss 0.5952  acc 0.7820  val_loss 0.8093  val_acc 0.7112
2026-04-08 16:08:23    epoch  66  loss 0.5850  acc 0.7931  val_loss 0.8365  val_acc 0.7123
2026-04-08 16:08:26    epoch  67  loss 0.5915  acc 0.7880  val_loss 0.8170  val_acc 0.7013
2026-04-08 16:08:30    epoch  68  loss 0.5662  acc 0.7923  val_loss 0.8161  val_acc 0.7024
2026-04-08 16:08:34    epoch  69  loss 0.5594  acc 0.7941  val_loss 0.8244  val_acc 0.7035
2026-04-08 16:08:37    epoch  70  loss 0.4614  acc 0.8368  val_loss 0.8538  val_acc 0.7309
2026-04-08 16:08:41    epoch  71  loss 0.4159  acc 0.8521  val_loss 0.8515  val_acc 0.7341
2026-04-08 16:08:44    epoch  72  loss 0.4040  acc 0.8556  val_loss 0.8500  val_acc 0.7319
2026-04-08 16:08:44    Early stopping at epoch 72
2026-04-08 16:08:44    User1 accuracy: 0.4578
2026-04-08 16:08:44    ✓ New best model saved (User1 held out, acc=0.4578)
2026-04-08 16:08:45  ────────────────────────────────────────────────────────────
2026-04-08 16:08:45  LOSO fold — held-out: User2 (513 test windows, 9191 train windows)
2026-04-08 16:08:49    epoch   1  loss 1.8858  acc 0.2411  val_loss 1.7021  val_acc 0.2938
2026-04-08 16:08:52    epoch   2  loss 1.6882  acc 0.3112  val_loss 1.6445  val_acc 0.3232
2026-04-08 16:08:56    epoch   3  loss 1.5932  acc 0.3404  val_loss 1.5411  val_acc 0.3591
2026-04-08 16:08:59    epoch   4  loss 1.6620  acc 0.3275  val_loss 1.5740  val_acc 0.3493
2026-04-08 16:09:03    epoch   5  loss 1.5528  acc 0.3566  val_loss 1.4618  val_acc 0.3939
2026-04-08 16:09:06    epoch   6  loss 1.4940  acc 0.3745  val_loss 1.4483  val_acc 0.4004
2026-04-08 16:09:10    epoch   7  loss 1.4668  acc 0.3848  val_loss 1.4889  val_acc 0.3732
2026-04-08 16:09:13    epoch   8  loss 1.4257  acc 0.4080  val_loss 1.3821  val_acc 0.4124
2026-04-08 16:09:17    epoch   9  loss 1.4057  acc 0.4173  val_loss 1.4311  val_acc 0.3928
2026-04-08 16:09:21    epoch  10  loss 1.3939  acc 0.4269  val_loss 1.3548  val_acc 0.4178
2026-04-08 16:09:24    epoch  11  loss 1.3924  acc 0.4177  val_loss 1.3667  val_acc 0.4070
2026-04-08 16:09:28    epoch  12  loss 1.3553  acc 0.4298  val_loss 1.4028  val_acc 0.4135
2026-04-08 16:09:31    epoch  13  loss 1.3708  acc 0.4346  val_loss 1.3207  val_acc 0.4440
2026-04-08 16:09:35    epoch  14  loss 1.3426  acc 0.4420  val_loss 1.3569  val_acc 0.4124
2026-04-08 16:09:38    epoch  15  loss 1.3325  acc 0.4485  val_loss 1.3202  val_acc 0.4276
2026-04-08 16:09:41    epoch  16  loss 1.3218  acc 0.4548  val_loss 1.2803  val_acc 0.4679
2026-04-08 16:09:45    epoch  17  loss 1.2908  acc 0.4607  val_loss 1.3441  val_acc 0.4222
2026-04-08 16:09:48    epoch  18  loss 1.2832  acc 0.4647  val_loss 1.2718  val_acc 0.4712
2026-04-08 16:09:52    epoch  19  loss 1.2658  acc 0.4739  val_loss 1.2477  val_acc 0.4733
2026-04-08 16:09:55    epoch  20  loss 1.2602  acc 0.4813  val_loss 1.2365  val_acc 0.5114
2026-04-08 16:09:58    epoch  21  loss 1.2446  acc 0.4834  val_loss 1.2619  val_acc 0.4777
2026-04-08 16:10:02    epoch  22  loss 1.2396  acc 0.4949  val_loss 1.2719  val_acc 0.4820
2026-04-08 16:10:05    epoch  23  loss 1.2196  acc 0.5010  val_loss 1.1949  val_acc 0.5201
2026-04-08 16:10:08    epoch  24  loss 1.2309  acc 0.5007  val_loss 1.2206  val_acc 0.4918
2026-04-08 16:10:11    epoch  25  loss 1.1875  acc 0.5145  val_loss 1.1871  val_acc 0.5103
2026-04-08 16:10:15    epoch  26  loss 1.1644  acc 0.5282  val_loss 1.1641  val_acc 0.5267
2026-04-08 16:10:18    epoch  27  loss 1.1603  acc 0.5268  val_loss 1.3025  val_acc 0.4396
2026-04-08 16:10:21    epoch  28  loss 1.1783  acc 0.5214  val_loss 1.1728  val_acc 0.5125
2026-04-08 16:10:25    epoch  29  loss 1.1362  acc 0.5463  val_loss 1.1705  val_acc 0.5147
2026-04-08 16:10:28    epoch  30  loss 1.1280  acc 0.5413  val_loss 1.0986  val_acc 0.5343
2026-04-08 16:10:31    epoch  31  loss 1.0835  acc 0.5603  val_loss 1.0827  val_acc 0.5745
2026-04-08 16:10:35    epoch  32  loss 1.0779  acc 0.5572  val_loss 1.2001  val_acc 0.5190
2026-04-08 16:10:38    epoch  33  loss 1.0755  acc 0.5618  val_loss 1.0780  val_acc 0.5832
2026-04-08 16:10:41    epoch  34  loss 1.0522  acc 0.5811  val_loss 1.0482  val_acc 0.5669
2026-04-08 16:10:44    epoch  35  loss 1.0294  acc 0.5832  val_loss 1.0698  val_acc 0.5637
2026-04-08 16:10:48    epoch  36  loss 1.1058  acc 0.5612  val_loss 1.0931  val_acc 0.5571
2026-04-08 16:10:51    epoch  37  loss 1.0221  acc 0.5978  val_loss 1.0078  val_acc 0.6017
2026-04-08 16:10:54    epoch  38  loss 1.0255  acc 0.6030  val_loss 1.0168  val_acc 0.6170
2026-04-08 16:10:58    epoch  39  loss 0.9902  acc 0.6184  val_loss 1.0232  val_acc 0.5974
2026-04-08 16:11:01    epoch  40  loss 0.9696  acc 0.6174  val_loss 1.0410  val_acc 0.5930
2026-04-08 16:11:04    epoch  41  loss 0.9553  acc 0.6296  val_loss 0.9756  val_acc 0.6333
2026-04-08 16:11:08    epoch  42  loss 0.9385  acc 0.6343  val_loss 0.9620  val_acc 0.6311
2026-04-08 16:11:11    epoch  43  loss 0.9168  acc 0.6501  val_loss 0.9911  val_acc 0.6235
2026-04-08 16:11:14    epoch  44  loss 0.8992  acc 0.6569  val_loss 0.9433  val_acc 0.6420
2026-04-08 16:11:17    epoch  45  loss 0.8890  acc 0.6616  val_loss 0.9775  val_acc 0.6322
2026-04-08 16:11:21    epoch  46  loss 0.8655  acc 0.6694  val_loss 0.9629  val_acc 0.6398
2026-04-08 16:11:24    epoch  47  loss 0.8574  acc 0.6758  val_loss 0.9193  val_acc 0.6529
2026-04-08 16:11:27    epoch  48  loss 0.8599  acc 0.6737  val_loss 0.9375  val_acc 0.6442
2026-04-08 16:11:31    epoch  49  loss 0.8284  acc 0.6839  val_loss 1.0138  val_acc 0.6213
2026-04-08 16:11:34    epoch  50  loss 0.8088  acc 0.6985  val_loss 0.9268  val_acc 0.6714
2026-04-08 16:11:37    epoch  51  loss 0.7917  acc 0.7015  val_loss 0.9169  val_acc 0.6638
2026-04-08 16:11:40    epoch  52  loss 0.8118  acc 0.6969  val_loss 0.9428  val_acc 0.6540
2026-04-08 16:11:44    epoch  53  loss 0.7747  acc 0.7067  val_loss 0.9529  val_acc 0.6605
2026-04-08 16:11:47    epoch  54  loss 0.7998  acc 0.7041  val_loss 0.9608  val_acc 0.6616
2026-04-08 16:11:50    epoch  55  loss 0.7849  acc 0.7041  val_loss 0.9222  val_acc 0.6812
2026-04-08 16:11:54    epoch  56  loss 0.7271  acc 0.7288  val_loss 0.9479  val_acc 0.6670
2026-04-08 16:11:57    epoch  57  loss 0.6609  acc 0.7573  val_loss 0.9061  val_acc 0.6855
2026-04-08 16:12:00    epoch  58  loss 0.6240  acc 0.7697  val_loss 0.8671  val_acc 0.6964
2026-04-08 16:12:03    epoch  59  loss 0.6155  acc 0.7689  val_loss 0.8762  val_acc 0.7008
2026-04-08 16:12:07    epoch  60  loss 0.5846  acc 0.7883  val_loss 0.8802  val_acc 0.7040
2026-04-08 16:12:10    epoch  61  loss 0.5943  acc 0.7830  val_loss 0.8963  val_acc 0.6986
2026-04-08 16:12:13    epoch  62  loss 0.5608  acc 0.7900  val_loss 0.8666  val_acc 0.6997
2026-04-08 16:12:17    epoch  63  loss 0.5861  acc 0.7865  val_loss 0.9638  val_acc 0.6888
2026-04-08 16:12:20    epoch  64  loss 0.5730  acc 0.7923  val_loss 0.8880  val_acc 0.7138
2026-04-08 16:12:23    epoch  65  loss 0.5402  acc 0.8043  val_loss 0.8686  val_acc 0.7149
2026-04-08 16:12:27    epoch  66  loss 0.5058  acc 0.8141  val_loss 0.8659  val_acc 0.7029
2026-04-08 16:12:30    epoch  67  loss 0.5108  acc 0.8148  val_loss 0.8963  val_acc 0.7084
2026-04-08 16:12:33    epoch  68  loss 0.4927  acc 0.8187  val_loss 0.8901  val_acc 0.7095
2026-04-08 16:12:37    epoch  69  loss 0.4838  acc 0.8248  val_loss 0.8928  val_acc 0.7106
2026-04-08 16:12:40    epoch  70  loss 0.4790  acc 0.8275  val_loss 0.9328  val_acc 0.6975
2026-04-08 16:12:43    epoch  71  loss 0.4762  acc 0.8282  val_loss 0.9403  val_acc 0.6953
2026-04-08 16:12:47    epoch  72  loss 0.4308  acc 0.8484  val_loss 0.8780  val_acc 0.7106
2026-04-08 16:12:50    epoch  73  loss 0.3821  acc 0.8639  val_loss 0.8748  val_acc 0.7203
2026-04-08 16:12:54    epoch  74  loss 0.3610  acc 0.8758  val_loss 0.8877  val_acc 0.7160
2026-04-08 16:12:54    Early stopping at epoch 74
2026-04-08 16:12:54    User2 accuracy: 0.6296
2026-04-08 16:12:54    ✓ New best model saved (User2 held out, acc=0.6296)
2026-04-08 16:12:54  ────────────────────────────────────────────────────────────
2026-04-08 16:12:54  LOSO fold — held-out: User3 (512 test windows, 9192 train windows)
2026-04-08 16:12:58    epoch   1  loss 1.9134  acc 0.2407  val_loss 1.6470  val_acc 0.3297
2026-04-08 16:13:01    epoch   2  loss 1.7320  acc 0.2941  val_loss 1.5921  val_acc 0.3330
2026-04-08 16:13:05    epoch   3  loss 1.6731  acc 0.3097  val_loss 1.5788  val_acc 0.3482
2026-04-08 16:13:08    epoch   4  loss 1.5905  acc 0.3404  val_loss 1.5741  val_acc 0.3341
2026-04-08 16:13:12    epoch   5  loss 1.5861  acc 0.3400  val_loss 1.5333  val_acc 0.3471
2026-04-08 16:13:15    epoch   6  loss 1.5390  acc 0.3569  val_loss 1.6083  val_acc 0.3145
2026-04-08 16:13:19    epoch   7  loss 1.5217  acc 0.3656  val_loss 1.5556  val_acc 0.3460
2026-04-08 16:13:22    epoch   8  loss 1.4781  acc 0.3928  val_loss 1.4686  val_acc 0.4037
2026-04-08 16:13:26    epoch   9  loss 1.4190  acc 0.4144  val_loss 1.4243  val_acc 0.4146
2026-04-08 16:13:29    epoch  10  loss 1.3947  acc 0.4316  val_loss 1.3500  val_acc 0.4266
2026-04-08 16:13:33    epoch  11  loss 1.3784  acc 0.4331  val_loss 1.3636  val_acc 0.4342
2026-04-08 16:13:36    epoch  12  loss 1.3567  acc 0.4396  val_loss 1.3231  val_acc 0.4505
2026-04-08 16:13:39    epoch  13  loss 1.3630  acc 0.4344  val_loss 1.3532  val_acc 0.4113
2026-04-08 16:13:43    epoch  14  loss 1.3211  acc 0.4588  val_loss 1.2837  val_acc 0.4657
2026-04-08 16:13:46    epoch  15  loss 1.2937  acc 0.4665  val_loss 1.3319  val_acc 0.4342
2026-04-08 16:13:50    epoch  16  loss 1.2867  acc 0.4700  val_loss 1.2752  val_acc 0.4690
2026-04-08 16:13:53    epoch  17  loss 1.2952  acc 0.4726  val_loss 1.2452  val_acc 0.4918
2026-04-08 16:13:57    epoch  18  loss 1.2585  acc 0.4930  val_loss 1.2633  val_acc 0.4995
2026-04-08 16:14:00    epoch  19  loss 1.2261  acc 0.5089  val_loss 1.2394  val_acc 0.5038
2026-04-08 16:14:04    epoch  20  loss 1.2083  acc 0.5173  val_loss 1.2024  val_acc 0.5038
2026-04-08 16:14:07    epoch  21  loss 1.2175  acc 0.5119  val_loss 1.2133  val_acc 0.5016
2026-04-08 16:14:11    epoch  22  loss 1.1872  acc 0.5211  val_loss 1.1809  val_acc 0.5114
2026-04-08 16:14:14    epoch  23  loss 1.1769  acc 0.5277  val_loss 1.1861  val_acc 0.5223
2026-04-08 16:14:18    epoch  24  loss 1.1816  acc 0.5265  val_loss 1.2211  val_acc 0.5016
2026-04-08 16:14:21    epoch  25  loss 1.1718  acc 0.5273  val_loss 1.2373  val_acc 0.5125
2026-04-08 16:14:25    epoch  26  loss 1.1574  acc 0.5346  val_loss 1.1424  val_acc 0.5408
2026-04-08 16:14:28    epoch  27  loss 1.1553  acc 0.5327  val_loss 1.1547  val_acc 0.5267
2026-04-08 16:14:32    epoch  28  loss 1.1152  acc 0.5470  val_loss 1.1400  val_acc 0.5375
2026-04-08 16:14:35    epoch  29  loss 1.1215  acc 0.5451  val_loss 1.1399  val_acc 0.5441
2026-04-08 16:14:39    epoch  30  loss 1.1058  acc 0.5547  val_loss 1.1187  val_acc 0.5528
2026-04-08 16:14:42    epoch  31  loss 1.0839  acc 0.5669  val_loss 1.1795  val_acc 0.5125
2026-04-08 16:14:46    epoch  32  loss 1.0608  acc 0.5713  val_loss 1.1311  val_acc 0.5604
2026-04-08 16:14:49    epoch  33  loss 1.0330  acc 0.5920  val_loss 1.0419  val_acc 0.5865
2026-04-08 16:14:53    epoch  34  loss 1.0256  acc 0.5905  val_loss 1.0310  val_acc 0.5985
2026-04-08 16:14:56    epoch  35  loss 1.0048  acc 0.6090  val_loss 0.9880  val_acc 0.6148
2026-04-08 16:14:59    epoch  36  loss 0.9798  acc 0.6287  val_loss 1.0797  val_acc 0.5658
2026-04-08 16:15:03    epoch  37  loss 0.9613  acc 0.6290  val_loss 0.9847  val_acc 0.6170
2026-04-08 16:15:06    epoch  38  loss 0.9350  acc 0.6451  val_loss 0.9484  val_acc 0.6485
2026-04-08 16:15:10    epoch  39  loss 0.9160  acc 0.6585  val_loss 0.9913  val_acc 0.6333
2026-04-08 16:15:13    epoch  40  loss 0.8896  acc 0.6658  val_loss 0.9537  val_acc 0.6431
2026-04-08 16:15:17    epoch  41  loss 0.8828  acc 0.6670  val_loss 0.9991  val_acc 0.6137
2026-04-08 16:15:20    epoch  42  loss 0.8796  acc 0.6703  val_loss 0.9773  val_acc 0.6453
2026-04-08 16:15:24    epoch  43  loss 0.8675  acc 0.6719  val_loss 0.9351  val_acc 0.6518
2026-04-08 16:15:27    epoch  44  loss 0.8260  acc 0.6881  val_loss 0.9379  val_acc 0.6431
2026-04-08 16:15:31    epoch  45  loss 0.8194  acc 0.6990  val_loss 0.9165  val_acc 0.6442
2026-04-08 16:15:34    epoch  46  loss 0.7964  acc 0.7068  val_loss 0.9137  val_acc 0.6627
2026-04-08 16:15:38    epoch  47  loss 0.7759  acc 0.7182  val_loss 0.9105  val_acc 0.6638
2026-04-08 16:15:41    epoch  48  loss 0.7757  acc 0.7126  val_loss 0.9180  val_acc 0.6551
2026-04-08 16:15:45    epoch  49  loss 0.7618  acc 0.7219  val_loss 0.9233  val_acc 0.6551
2026-04-08 16:15:48    epoch  50  loss 0.7556  acc 0.7209  val_loss 0.9248  val_acc 0.6496
2026-04-08 16:15:52    epoch  51  loss 0.7122  acc 0.7378  val_loss 0.9011  val_acc 0.6866
2026-04-08 16:15:55    epoch  52  loss 0.7080  acc 0.7407  val_loss 0.9051  val_acc 0.6823
2026-04-08 16:15:59    epoch  53  loss 0.6884  acc 0.7537  val_loss 0.9349  val_acc 0.6594
2026-04-08 16:16:02    epoch  54  loss 0.6776  acc 0.7572  val_loss 0.8942  val_acc 0.6779
2026-04-08 16:16:06    epoch  55  loss 0.7092  acc 0.7462  val_loss 0.8924  val_acc 0.6659
2026-04-08 16:16:09    epoch  56  loss 0.6762  acc 0.7549  val_loss 0.9100  val_acc 0.6834
2026-04-08 16:16:13    epoch  57  loss 0.6433  acc 0.7676  val_loss 0.9508  val_acc 0.6692
2026-04-08 16:16:16    epoch  58  loss 0.6715  acc 0.7539  val_loss 0.8812  val_acc 0.6812
2026-04-08 16:16:20    epoch  59  loss 0.6346  acc 0.7754  val_loss 0.8790  val_acc 0.6844
2026-04-08 16:16:23    epoch  60  loss 0.6355  acc 0.7752  val_loss 0.8540  val_acc 0.6997
2026-04-08 16:16:27    epoch  61  loss 0.6597  acc 0.7630  val_loss 0.9276  val_acc 0.6768
2026-04-08 16:16:30    epoch  62  loss 0.5967  acc 0.7904  val_loss 0.9237  val_acc 0.6790
2026-04-08 16:16:34    epoch  63  loss 0.5798  acc 0.7928  val_loss 0.8887  val_acc 0.6921
2026-04-08 16:16:37    epoch  64  loss 0.5802  acc 0.7955  val_loss 0.9125  val_acc 0.6714
2026-04-08 16:16:41    epoch  65  loss 0.5600  acc 0.8067  val_loss 0.8766  val_acc 0.7018
2026-04-08 16:16:44    epoch  66  loss 0.4875  acc 0.8285  val_loss 0.8697  val_acc 0.7095
2026-04-08 16:16:48    epoch  67  loss 0.4325  acc 0.8496  val_loss 0.8826  val_acc 0.7073
2026-04-08 16:16:51    epoch  68  loss 0.4296  acc 0.8549  val_loss 0.9074  val_acc 0.7182
2026-04-08 16:16:51    Early stopping at epoch 68
2026-04-08 16:16:51    User3 accuracy: 0.5547
2026-04-08 16:16:52  ────────────────────────────────────────────────────────────
2026-04-08 16:16:52  LOSO fold — held-out: User4 (542 test windows, 9162 train windows)
2026-04-08 16:16:56    epoch   1  loss 1.9497  acc 0.2393  val_loss 1.7408  val_acc 0.2980
2026-04-08 16:16:59    epoch   2  loss 1.7109  acc 0.2999  val_loss 1.5952  val_acc 0.3319
2026-04-08 16:17:02    epoch   3  loss 1.6451  acc 0.3115  val_loss 1.9722  val_acc 0.2380
2026-04-08 16:17:06    epoch   4  loss 1.5805  acc 0.3414  val_loss 1.4542  val_acc 0.4105
2026-04-08 16:17:09    epoch   5  loss 1.5310  acc 0.3659  val_loss 1.4205  val_acc 0.4389
2026-04-08 16:17:13    epoch   6  loss 1.4752  acc 0.3943  val_loss 1.4675  val_acc 0.4159
2026-04-08 16:17:16    epoch   7  loss 1.4600  acc 0.4061  val_loss 1.3741  val_acc 0.4498
2026-04-08 16:17:20    epoch   8  loss 1.4928  acc 0.3958  val_loss 1.4751  val_acc 0.4334
2026-04-08 16:17:23    epoch   9  loss 1.4446  acc 0.4197  val_loss 1.3849  val_acc 0.4192
2026-04-08 16:17:27    epoch  10  loss 1.3901  acc 0.4286  val_loss 1.3350  val_acc 0.4618
2026-04-08 16:17:30    epoch  11  loss 1.3880  acc 0.4411  val_loss 1.3553  val_acc 0.4487
2026-04-08 16:17:34    epoch  12  loss 1.3439  acc 0.4503  val_loss 1.3036  val_acc 0.4803
2026-04-08 16:17:37    epoch  13  loss 1.3539  acc 0.4408  val_loss 1.3397  val_acc 0.4465
2026-04-08 16:17:41    epoch  14  loss 1.3674  acc 0.4428  val_loss 1.3610  val_acc 0.4432
2026-04-08 16:17:44    epoch  15  loss 1.3383  acc 0.4469  val_loss 1.3185  val_acc 0.4454
2026-04-08 16:17:48    epoch  16  loss 1.3272  acc 0.4610  val_loss 1.3027  val_acc 0.4629
2026-04-08 16:17:51    epoch  17  loss 1.2940  acc 0.4779  val_loss 1.4105  val_acc 0.4061
2026-04-08 16:17:54    epoch  18  loss 1.3021  acc 0.4753  val_loss 1.2859  val_acc 0.4651
2026-04-08 16:17:58    epoch  19  loss 1.2809  acc 0.4791  val_loss 1.2827  val_acc 0.4825
2026-04-08 16:18:01    epoch  20  loss 1.2796  acc 0.4788  val_loss 1.2756  val_acc 0.4978
2026-04-08 16:18:05    epoch  21  loss 1.2555  acc 0.4856  val_loss 1.2394  val_acc 0.4902
2026-04-08 16:18:08    epoch  22  loss 1.2478  acc 0.4941  val_loss 1.2078  val_acc 0.5295
2026-04-08 16:18:12    epoch  23  loss 1.2541  acc 0.4954  val_loss 1.1981  val_acc 0.5295
2026-04-08 16:18:15    epoch  24  loss 1.2434  acc 0.4915  val_loss 1.2508  val_acc 0.4869
2026-04-08 16:18:19    epoch  25  loss 1.2107  acc 0.5080  val_loss 1.2218  val_acc 0.5131
2026-04-08 16:18:22    epoch  26  loss 1.1925  acc 0.5137  val_loss 1.2094  val_acc 0.5098
2026-04-08 16:18:26    epoch  27  loss 1.1903  acc 0.5129  val_loss 1.1959  val_acc 0.5273
2026-04-08 16:18:29    epoch  28  loss 1.2039  acc 0.5107  val_loss 1.1722  val_acc 0.5371
2026-04-08 16:18:33    epoch  29  loss 1.1619  acc 0.5267  val_loss 1.1660  val_acc 0.5153
2026-04-08 16:18:36    epoch  30  loss 1.1507  acc 0.5247  val_loss 1.1369  val_acc 0.5393
2026-04-08 16:18:40    epoch  31  loss 1.1261  acc 0.5446  val_loss 1.1410  val_acc 0.5524
2026-04-08 16:18:43    epoch  32  loss 1.1205  acc 0.5434  val_loss 1.1303  val_acc 0.5382
2026-04-08 16:18:47    epoch  33  loss 1.1015  acc 0.5543  val_loss 1.0962  val_acc 0.5579
2026-04-08 16:18:50    epoch  34  loss 1.1014  acc 0.5580  val_loss 1.1108  val_acc 0.5655
2026-04-08 16:18:54    epoch  35  loss 1.0790  acc 0.5614  val_loss 1.0845  val_acc 0.5742
2026-04-08 16:18:57    epoch  36  loss 1.0562  acc 0.5769  val_loss 1.1251  val_acc 0.5655
2026-04-08 16:19:00    epoch  37  loss 1.0517  acc 0.5759  val_loss 1.0965  val_acc 0.6004
2026-04-08 16:19:04    epoch  38  loss 1.0361  acc 0.5911  val_loss 1.0765  val_acc 0.5939
2026-04-08 16:19:07    epoch  39  loss 1.0083  acc 0.6048  val_loss 1.0421  val_acc 0.5983
2026-04-08 16:19:11    epoch  40  loss 1.0244  acc 0.5952  val_loss 1.0923  val_acc 0.5611
2026-04-08 16:19:14    epoch  41  loss 0.9808  acc 0.6201  val_loss 1.0349  val_acc 0.6146
2026-04-08 16:19:18    epoch  42  loss 0.9612  acc 0.6277  val_loss 1.0107  val_acc 0.6343
2026-04-08 16:19:21    epoch  43  loss 0.9477  acc 0.6409  val_loss 1.0018  val_acc 0.6408
2026-04-08 16:19:25    epoch  44  loss 0.9000  acc 0.6610  val_loss 0.9598  val_acc 0.6550
2026-04-08 16:19:28    epoch  45  loss 0.8870  acc 0.6738  val_loss 0.9589  val_acc 0.6583
2026-04-08 16:19:32    epoch  46  loss 0.8762  acc 0.6732  val_loss 1.0375  val_acc 0.6135
2026-04-08 16:19:35    epoch  47  loss 0.8530  acc 0.6824  val_loss 0.9728  val_acc 0.6670
2026-04-08 16:19:39    epoch  48  loss 0.8365  acc 0.6925  val_loss 1.0817  val_acc 0.5917
2026-04-08 16:19:42    epoch  49  loss 0.8397  acc 0.6860  val_loss 0.9522  val_acc 0.6648
2026-04-08 16:19:46    epoch  50  loss 0.7962  acc 0.7114  val_loss 0.9831  val_acc 0.6627
2026-04-08 16:19:49    epoch  51  loss 0.7564  acc 0.7217  val_loss 0.9137  val_acc 0.6856
2026-04-08 16:19:53    epoch  52  loss 0.7705  acc 0.7134  val_loss 0.9666  val_acc 0.6561
2026-04-08 16:19:56    epoch  53  loss 0.7520  acc 0.7245  val_loss 0.9212  val_acc 0.6801
2026-04-08 16:19:59    epoch  54  loss 0.7353  acc 0.7297  val_loss 0.9289  val_acc 0.6616
2026-04-08 16:20:03    epoch  55  loss 0.7333  acc 0.7327  val_loss 0.9236  val_acc 0.6812
2026-04-08 16:20:06    epoch  56  loss 0.7091  acc 0.7434  val_loss 0.8874  val_acc 0.6932
2026-04-08 16:20:10    epoch  57  loss 0.6980  acc 0.7476  val_loss 0.8825  val_acc 0.6976
2026-04-08 16:20:13    epoch  58  loss 0.6663  acc 0.7644  val_loss 0.8710  val_acc 0.7009
2026-04-08 16:20:17    epoch  59  loss 0.6479  acc 0.7685  val_loss 0.9535  val_acc 0.6965
2026-04-08 16:20:20    epoch  60  loss 0.6529  acc 0.7659  val_loss 0.9025  val_acc 0.6998
2026-04-08 16:20:24    epoch  61  loss 0.6304  acc 0.7729  val_loss 0.9069  val_acc 0.7074
2026-04-08 16:20:27    epoch  62  loss 0.6268  acc 0.7754  val_loss 0.8775  val_acc 0.7052
2026-04-08 16:20:31    epoch  63  loss 0.6533  acc 0.7672  val_loss 0.8943  val_acc 0.7020
2026-04-08 16:20:34    epoch  64  loss 0.5547  acc 0.8057  val_loss 0.8663  val_acc 0.7293
2026-04-08 16:20:38    epoch  65  loss 0.4869  acc 0.8342  val_loss 0.8800  val_acc 0.7249
2026-04-08 16:20:41    epoch  66  loss 0.4688  acc 0.8376  val_loss 0.8941  val_acc 0.7347
2026-04-08 16:20:45    epoch  67  loss 0.4365  acc 0.8530  val_loss 0.9099  val_acc 0.7260
2026-04-08 16:20:48    epoch  68  loss 0.4428  acc 0.8513  val_loss 0.9312  val_acc 0.7303
2026-04-08 16:20:51    epoch  69  loss 0.4441  acc 0.8514  val_loss 0.9108  val_acc 0.7227
2026-04-08 16:20:55    epoch  70  loss 0.3801  acc 0.8705  val_loss 0.8942  val_acc 0.7402
2026-04-08 16:20:58    epoch  71  loss 0.3452  acc 0.8870  val_loss 0.9256  val_acc 0.7271
2026-04-08 16:21:02    epoch  72  loss 0.3318  acc 0.8921  val_loss 0.9359  val_acc 0.7325
2026-04-08 16:21:02    Early stopping at epoch 72
2026-04-08 16:21:02    User4 accuracy: 0.6236
2026-04-08 16:21:02  ────────────────────────────────────────────────────────────
2026-04-08 16:21:02  LOSO fold — held-out: User5 (534 test windows, 9170 train windows)
2026-04-08 16:21:06    epoch   1  loss 1.9431  acc 0.2345  val_loss 2.2878  val_acc 0.1581
2026-04-08 16:21:09    epoch   2  loss 1.7864  acc 0.2783  val_loss 1.6576  val_acc 0.3064
2026-04-08 16:21:13    epoch   3  loss 1.6632  acc 0.3199  val_loss 1.7711  val_acc 0.2574
2026-04-08 16:21:16    epoch   4  loss 1.7028  acc 0.3172  val_loss 1.5772  val_acc 0.3588
2026-04-08 16:21:20    epoch   5  loss 1.6376  acc 0.3361  val_loss 1.6590  val_acc 0.3162
2026-04-08 16:21:23    epoch   6  loss 1.7650  acc 0.3086  val_loss 2.4220  val_acc 0.1058
2026-04-08 16:21:27    epoch   7  loss 2.1154  acc 0.1848  val_loss 1.7112  val_acc 0.2824
2026-04-08 16:21:30    epoch   8  loss 1.8386  acc 0.2610  val_loss 1.6104  val_acc 0.3468
2026-04-08 16:21:34    epoch   9  loss 1.6273  acc 0.3239  val_loss 1.4880  val_acc 0.4111
2026-04-08 16:21:37    epoch  10  loss 1.5532  acc 0.3473  val_loss 1.4756  val_acc 0.4024
2026-04-08 16:21:41    epoch  11  loss 1.4958  acc 0.3756  val_loss 1.4527  val_acc 0.4035
2026-04-08 16:21:44    epoch  12  loss 1.4758  acc 0.3754  val_loss 1.4362  val_acc 0.4242
2026-04-08 16:21:48    epoch  13  loss 1.4409  acc 0.3897  val_loss 1.4217  val_acc 0.4220
2026-04-08 16:21:51    epoch  14  loss 1.4328  acc 0.3999  val_loss 1.3933  val_acc 0.4308
2026-04-08 16:21:55    epoch  15  loss 1.4194  acc 0.4093  val_loss 1.3693  val_acc 0.4417
2026-04-08 16:21:58    epoch  16  loss 1.3816  acc 0.4138  val_loss 1.3441  val_acc 0.4362
2026-04-08 16:22:02    epoch  17  loss 1.3448  acc 0.4297  val_loss 1.3194  val_acc 0.4438
2026-04-08 16:22:05    epoch  18  loss 1.3536  acc 0.4337  val_loss 1.3054  val_acc 0.4318
2026-04-08 16:22:09    epoch  19  loss 1.3000  acc 0.4492  val_loss 1.2645  val_acc 0.4493
2026-04-08 16:22:12    epoch  20  loss 1.2972  acc 0.4610  val_loss 1.2831  val_acc 0.4744
2026-04-08 16:22:15    epoch  21  loss 1.2830  acc 0.4585  val_loss 1.2587  val_acc 0.4896
2026-04-08 16:22:19    epoch  22  loss 1.2515  acc 0.4734  val_loss 1.2695  val_acc 0.4722
2026-04-08 16:22:22    epoch  23  loss 1.2432  acc 0.4813  val_loss 1.2428  val_acc 0.4885
2026-04-08 16:22:26    epoch  24  loss 1.2358  acc 0.4846  val_loss 1.2817  val_acc 0.4504
2026-04-08 16:22:29    epoch  25  loss 1.2132  acc 0.4995  val_loss 1.2131  val_acc 0.5038
2026-04-08 16:22:33    epoch  26  loss 1.1821  acc 0.5213  val_loss 1.1888  val_acc 0.5136
2026-04-08 16:22:36    epoch  27  loss 1.1810  acc 0.5144  val_loss 1.1910  val_acc 0.5104
2026-04-08 16:22:40    epoch  28  loss 1.1680  acc 0.5168  val_loss 1.1986  val_acc 0.5093
2026-04-08 16:22:43    epoch  29  loss 1.1472  acc 0.5295  val_loss 1.1515  val_acc 0.5311
2026-04-08 16:22:47    epoch  30  loss 1.1167  acc 0.5392  val_loss 1.1225  val_acc 0.5562
2026-04-08 16:22:50    epoch  31  loss 1.0898  acc 0.5579  val_loss 1.1267  val_acc 0.5409
2026-04-08 16:22:54    epoch  32  loss 1.0827  acc 0.5554  val_loss 1.1112  val_acc 0.5540
2026-04-08 16:22:57    epoch  33  loss 1.0681  acc 0.5598  val_loss 1.1531  val_acc 0.5387
2026-04-08 16:23:01    epoch  34  loss 1.0577  acc 0.5731  val_loss 1.0816  val_acc 0.5322
2026-04-08 16:23:04    epoch  35  loss 1.0516  acc 0.5748  val_loss 1.0912  val_acc 0.5496
2026-04-08 16:23:08    epoch  36  loss 1.0211  acc 0.5840  val_loss 1.1006  val_acc 0.5594
2026-04-08 16:23:11    epoch  37  loss 1.0106  acc 0.5917  val_loss 1.0521  val_acc 0.5998
2026-04-08 16:23:15    epoch  38  loss 0.9832  acc 0.6098  val_loss 1.1722  val_acc 0.5496
2026-04-08 16:23:18    epoch  39  loss 0.9970  acc 0.6054  val_loss 1.0986  val_acc 0.5583
2026-04-08 16:23:22    epoch  40  loss 0.9653  acc 0.6137  val_loss 1.0881  val_acc 0.5791
2026-04-08 16:23:25    epoch  41  loss 0.9652  acc 0.6180  val_loss 1.0857  val_acc 0.5725
2026-04-08 16:23:28    epoch  42  loss 0.9382  acc 0.6292  val_loss 1.0759  val_acc 0.5638
2026-04-08 16:23:32    epoch  43  loss 0.8715  acc 0.6628  val_loss 1.0002  val_acc 0.6041
2026-04-08 16:23:35    epoch  44  loss 0.8301  acc 0.6851  val_loss 0.9862  val_acc 0.6303
2026-04-08 16:23:39    epoch  45  loss 0.8183  acc 0.6828  val_loss 0.9626  val_acc 0.6369
2026-04-08 16:23:42    epoch  46  loss 0.8117  acc 0.6894  val_loss 1.0090  val_acc 0.6161
2026-04-08 16:23:46    epoch  47  loss 0.7871  acc 0.6983  val_loss 0.9698  val_acc 0.6379
2026-04-08 16:23:49    epoch  48  loss 0.7747  acc 0.7057  val_loss 0.9635  val_acc 0.6532
2026-04-08 16:23:53    epoch  49  loss 0.7534  acc 0.7166  val_loss 0.9716  val_acc 0.6303
2026-04-08 16:23:56    epoch  50  loss 0.7307  acc 0.7279  val_loss 0.9320  val_acc 0.6652
2026-04-08 16:24:00    epoch  51  loss 0.7266  acc 0.7276  val_loss 0.9502  val_acc 0.6510
2026-04-08 16:24:03    epoch  52  loss 0.7102  acc 0.7325  val_loss 0.9447  val_acc 0.6598
2026-04-08 16:24:07    epoch  53  loss 0.6903  acc 0.7384  val_loss 0.9751  val_acc 0.6499
2026-04-08 16:24:10    epoch  54  loss 0.6697  acc 0.7554  val_loss 1.0105  val_acc 0.6478
2026-04-08 16:24:14    epoch  55  loss 0.6688  acc 0.7538  val_loss 0.9696  val_acc 0.6663
2026-04-08 16:24:17    epoch  56  loss 0.6081  acc 0.7769  val_loss 0.9582  val_acc 0.6598
2026-04-08 16:24:21    epoch  57  loss 0.5765  acc 0.7898  val_loss 0.9379  val_acc 0.6794
2026-04-08 16:24:24    epoch  58  loss 0.5597  acc 0.7937  val_loss 0.9496  val_acc 0.6718
2026-04-08 16:24:24    Early stopping at epoch 58
2026-04-08 16:24:24    User5 accuracy: 0.6479
2026-04-08 16:24:24    ✓ New best model saved (User5 held out, acc=0.6479)
2026-04-08 16:24:25  ────────────────────────────────────────────────────────────
2026-04-08 16:24:25  LOSO fold — held-out: User6 (518 test windows, 9186 train windows)
2026-04-08 16:24:28    epoch   1  loss 1.9172  acc 0.2389  val_loss 1.7615  val_acc 0.2571
2026-04-08 16:24:32    epoch   2  loss 1.6757  acc 0.3251  val_loss 1.6890  val_acc 0.3192
2026-04-08 16:24:35    epoch   3  loss 1.6411  acc 0.3328  val_loss 1.5675  val_acc 0.3279
2026-04-08 16:24:39    epoch   4  loss 1.6021  acc 0.3394  val_loss 1.5571  val_acc 0.3344
2026-04-08 16:24:42    epoch   5  loss 1.5602  acc 0.3546  val_loss 1.5187  val_acc 0.3649
2026-04-08 16:24:46    epoch   6  loss 1.5443  acc 0.3637  val_loss 1.5170  val_acc 0.3682
2026-04-08 16:24:49    epoch   7  loss 1.5471  acc 0.3735  val_loss 1.6088  val_acc 0.3453
2026-04-08 16:24:53    epoch   8  loss 1.5760  acc 0.3641  val_loss 1.5686  val_acc 0.3312
2026-04-08 16:24:56    epoch   9  loss 1.5440  acc 0.3628  val_loss 1.6028  val_acc 0.3312
2026-04-08 16:25:00    epoch  10  loss 1.5205  acc 0.3725  val_loss 1.4922  val_acc 0.3824
2026-04-08 16:25:03    epoch  11  loss 1.5055  acc 0.3835  val_loss 1.4955  val_acc 0.3758
2026-04-08 16:25:07    epoch  12  loss 1.4625  acc 0.3971  val_loss 1.4284  val_acc 0.3987
2026-04-08 16:25:10    epoch  13  loss 1.4307  acc 0.4155  val_loss 1.5552  val_acc 0.3540
2026-04-08 16:25:13    epoch  14  loss 1.4144  acc 0.4153  val_loss 1.3730  val_acc 0.4477
2026-04-08 16:25:17    epoch  15  loss 1.3962  acc 0.4209  val_loss 1.3821  val_acc 0.4129
2026-04-08 16:25:20    epoch  16  loss 1.3689  acc 0.4380  val_loss 1.3840  val_acc 0.4488
2026-04-08 16:25:24    epoch  17  loss 1.3755  acc 0.4417  val_loss 1.4135  val_acc 0.4139
2026-04-08 16:25:27    epoch  18  loss 1.3646  acc 0.4343  val_loss 1.3515  val_acc 0.4118
2026-04-08 16:25:31    epoch  19  loss 1.3523  acc 0.4331  val_loss 1.3456  val_acc 0.4292
2026-04-08 16:25:34    epoch  20  loss 1.3484  acc 0.4378  val_loss 1.3390  val_acc 0.4466
2026-04-08 16:25:38    epoch  21  loss 1.3295  acc 0.4498  val_loss 1.3027  val_acc 0.4553
2026-04-08 16:25:41    epoch  22  loss 1.3208  acc 0.4546  val_loss 1.2893  val_acc 0.4597
2026-04-08 16:25:45    epoch  23  loss 1.3184  acc 0.4583  val_loss 1.3189  val_acc 0.4444
2026-04-08 16:25:48    epoch  24  loss 1.3172  acc 0.4526  val_loss 1.2830  val_acc 0.4521
2026-04-08 16:25:52    epoch  25  loss 1.2892  acc 0.4589  val_loss 1.2677  val_acc 0.4630
2026-04-08 16:25:55    epoch  26  loss 1.3167  acc 0.4559  val_loss 1.2682  val_acc 0.4608
2026-04-08 16:25:59    epoch  27  loss 1.2809  acc 0.4678  val_loss 1.2777  val_acc 0.4466
2026-04-08 16:26:02    epoch  28  loss 1.2699  acc 0.4774  val_loss 1.2627  val_acc 0.4673
2026-04-08 16:26:06    epoch  29  loss 1.2426  acc 0.4865  val_loss 1.2968  val_acc 0.4749
2026-04-08 16:26:09    epoch  30  loss 1.2230  acc 0.5036  val_loss 1.2344  val_acc 0.4706
2026-04-08 16:26:13    epoch  31  loss 1.1980  acc 0.5140  val_loss 1.2329  val_acc 0.5044
2026-04-08 16:26:16    epoch  32  loss 1.1697  acc 0.5254  val_loss 1.1876  val_acc 0.4956
2026-04-08 16:26:20    epoch  33  loss 1.1548  acc 0.5281  val_loss 1.1651  val_acc 0.5207
2026-04-08 16:26:23    epoch  34  loss 1.1380  acc 0.5433  val_loss 1.1571  val_acc 0.5251
2026-04-08 16:26:27    epoch  35  loss 1.1293  acc 0.5475  val_loss 1.1953  val_acc 0.5196
2026-04-08 16:26:30    epoch  36  loss 1.1428  acc 0.5398  val_loss 1.1539  val_acc 0.5392
2026-04-08 16:26:34    epoch  37  loss 1.1053  acc 0.5552  val_loss 1.1621  val_acc 0.5185
2026-04-08 16:26:37    epoch  38  loss 1.0984  acc 0.5548  val_loss 1.1338  val_acc 0.5425
2026-04-08 16:26:41    epoch  39  loss 1.0809  acc 0.5625  val_loss 1.1240  val_acc 0.5534
2026-04-08 16:26:44    epoch  40  loss 1.0764  acc 0.5681  val_loss 1.1108  val_acc 0.5610
2026-04-08 16:26:48    epoch  41  loss 1.0527  acc 0.5790  val_loss 1.1491  val_acc 0.5566
2026-04-08 16:26:51    epoch  42  loss 1.0489  acc 0.5843  val_loss 1.0886  val_acc 0.5904
2026-04-08 16:26:55    epoch  43  loss 1.0381  acc 0.5878  val_loss 1.0997  val_acc 0.5773
2026-04-08 16:26:58    epoch  44  loss 1.0559  acc 0.5815  val_loss 1.1295  val_acc 0.5447
2026-04-08 16:27:02    epoch  45  loss 1.0129  acc 0.6053  val_loss 1.1005  val_acc 0.5708
2026-04-08 16:27:05    epoch  46  loss 0.9825  acc 0.6190  val_loss 1.0658  val_acc 0.5719
2026-04-08 16:27:09    epoch  47  loss 0.9902  acc 0.6212  val_loss 1.0491  val_acc 0.5893
2026-04-08 16:27:12    epoch  48  loss 0.9633  acc 0.6304  val_loss 1.0404  val_acc 0.6100
2026-04-08 16:27:16    epoch  49  loss 0.9823  acc 0.6288  val_loss 1.0416  val_acc 0.5839
2026-04-08 16:27:19    epoch  50  loss 0.9430  acc 0.6361  val_loss 1.0696  val_acc 0.5904
2026-04-08 16:27:23    epoch  51  loss 0.9293  acc 0.6451  val_loss 1.0031  val_acc 0.6057
2026-04-08 16:27:26    epoch  52  loss 0.9062  acc 0.6615  val_loss 0.9649  val_acc 0.6362
2026-04-08 16:27:29    epoch  53  loss 0.8843  acc 0.6684  val_loss 0.9598  val_acc 0.6460
2026-04-08 16:27:33    epoch  54  loss 0.8674  acc 0.6791  val_loss 1.0403  val_acc 0.6100
2026-04-08 16:27:36    epoch  55  loss 0.8724  acc 0.6749  val_loss 1.0106  val_acc 0.6285
2026-04-08 16:27:40    epoch  56  loss 0.8394  acc 0.6866  val_loss 0.9575  val_acc 0.6307
2026-04-08 16:27:43    epoch  57  loss 0.8368  acc 0.6900  val_loss 0.9398  val_acc 0.6405
2026-04-08 16:27:47    epoch  58  loss 0.8207  acc 0.6952  val_loss 0.9251  val_acc 0.6678
2026-04-08 16:27:50    epoch  59  loss 0.8024  acc 0.7038  val_loss 0.9204  val_acc 0.6732
2026-04-08 16:27:54    epoch  60  loss 0.7762  acc 0.7113  val_loss 0.9203  val_acc 0.6558
2026-04-08 16:27:57    epoch  61  loss 0.7698  acc 0.7200  val_loss 0.9128  val_acc 0.6645
2026-04-08 16:28:01    epoch  62  loss 0.7373  acc 0.7327  val_loss 0.9414  val_acc 0.6547
2026-04-08 16:28:04    epoch  63  loss 0.7185  acc 0.7414  val_loss 0.8920  val_acc 0.6721
2026-04-08 16:28:08    epoch  64  loss 0.7099  acc 0.7427  val_loss 0.9207  val_acc 0.6580
2026-04-08 16:28:11    epoch  65  loss 0.6953  acc 0.7459  val_loss 0.9045  val_acc 0.6786
2026-04-08 16:28:15    epoch  66  loss 0.6740  acc 0.7570  val_loss 0.9678  val_acc 0.6601
2026-04-08 16:28:18    epoch  67  loss 0.6831  acc 0.7548  val_loss 0.8926  val_acc 0.6743
2026-04-08 16:28:22    epoch  68  loss 0.6799  acc 0.7510  val_loss 0.9012  val_acc 0.6863
2026-04-08 16:28:25    epoch  69  loss 0.5731  acc 0.7951  val_loss 0.8444  val_acc 0.7070
2026-04-08 16:28:29    epoch  70  loss 0.5296  acc 0.8154  val_loss 0.8754  val_acc 0.7059
2026-04-08 16:28:32    epoch  71  loss 0.5086  acc 0.8198  val_loss 0.9037  val_acc 0.7157
2026-04-08 16:28:36    epoch  72  loss 0.4871  acc 0.8285  val_loss 0.8935  val_acc 0.7124
2026-04-08 16:28:39    epoch  73  loss 0.4728  acc 0.8339  val_loss 0.8555  val_acc 0.7277
2026-04-08 16:28:42    epoch  74  loss 0.4581  acc 0.8413  val_loss 0.9369  val_acc 0.6830
2026-04-08 16:28:46    epoch  75  loss 0.4059  acc 0.8615  val_loss 0.9504  val_acc 0.7168
2026-04-08 16:28:49    epoch  76  loss 0.3804  acc 0.8703  val_loss 0.9466  val_acc 0.7157
2026-04-08 16:28:53    epoch  77  loss 0.3713  acc 0.8753  val_loss 0.8968  val_acc 0.7277
2026-04-08 16:28:53    Early stopping at epoch 77
2026-04-08 16:28:53    User6 accuracy: 0.5560
2026-04-08 16:28:53  ────────────────────────────────────────────────────────────
2026-04-08 16:28:53  LOSO fold — held-out: User7 (1128 test windows, 8576 train windows)
2026-04-08 16:28:57    epoch   1  loss 1.9328  acc 0.2417  val_loss 1.7809  val_acc 0.3209
2026-04-08 16:29:00    epoch   2  loss 1.9463  acc 0.2332  val_loss 1.7386  val_acc 0.2730
2026-04-08 16:29:03    epoch   3  loss 1.6560  acc 0.3098  val_loss 1.5346  val_acc 0.3641
2026-04-08 16:29:06    epoch   4  loss 1.5881  acc 0.3366  val_loss 1.4966  val_acc 0.4002
2026-04-08 16:29:10    epoch   5  loss 1.5081  acc 0.3688  val_loss 1.4774  val_acc 0.3979
2026-04-08 16:29:13    epoch   6  loss 1.4666  acc 0.3910  val_loss 1.4064  val_acc 0.4142
2026-04-08 16:29:16    epoch   7  loss 1.4267  acc 0.4076  val_loss 1.4342  val_acc 0.4189
2026-04-08 16:29:19    epoch   8  loss 1.4436  acc 0.4175  val_loss 1.3704  val_acc 0.4457
2026-04-08 16:29:23    epoch   9  loss 1.3860  acc 0.4274  val_loss 1.3713  val_acc 0.4212
2026-04-08 16:29:26    epoch  10  loss 1.3912  acc 0.4229  val_loss 1.3441  val_acc 0.4306
2026-04-08 16:29:29    epoch  11  loss 1.3419  acc 0.4393  val_loss 1.4040  val_acc 0.4002
2026-04-08 16:29:32    epoch  12  loss 1.3384  acc 0.4455  val_loss 1.2959  val_acc 0.4714
2026-04-08 16:29:36    epoch  13  loss 1.3181  acc 0.4572  val_loss 1.3152  val_acc 0.4411
2026-04-08 16:29:39    epoch  14  loss 1.3146  acc 0.4529  val_loss 1.3015  val_acc 0.4667
2026-04-08 16:29:42    epoch  15  loss 1.2937  acc 0.4634  val_loss 1.3359  val_acc 0.4457
2026-04-08 16:29:46    epoch  16  loss 1.3002  acc 0.4608  val_loss 1.3224  val_acc 0.4387
2026-04-08 16:29:49    epoch  17  loss 1.2778  acc 0.4650  val_loss 1.2672  val_acc 0.4632
2026-04-08 16:29:52    epoch  18  loss 1.2722  acc 0.4675  val_loss 1.2771  val_acc 0.4469
2026-04-08 16:29:55    epoch  19  loss 1.2591  acc 0.4796  val_loss 1.2446  val_acc 0.4656
2026-04-08 16:29:58    epoch  20  loss 1.2965  acc 0.4643  val_loss 1.3420  val_acc 0.4399
2026-04-08 16:30:02    epoch  21  loss 1.2987  acc 0.4559  val_loss 1.2900  val_acc 0.4796
2026-04-08 16:30:05    epoch  22  loss 1.2745  acc 0.4757  val_loss 1.2723  val_acc 0.4784
2026-04-08 16:30:08    epoch  23  loss 1.2476  acc 0.4846  val_loss 1.2396  val_acc 0.4842
2026-04-08 16:30:11    epoch  24  loss 1.2398  acc 0.4872  val_loss 1.2491  val_acc 0.4866
2026-04-08 16:30:14    epoch  25  loss 1.2166  acc 0.4954  val_loss 1.2105  val_acc 0.5018
2026-04-08 16:30:17    epoch  26  loss 1.1925  acc 0.5103  val_loss 1.2164  val_acc 0.5053
2026-04-08 16:30:20    epoch  27  loss 1.2110  acc 0.5169  val_loss 1.2091  val_acc 0.5239
2026-04-08 16:30:24    epoch  28  loss 1.1912  acc 0.5107  val_loss 1.1577  val_acc 0.5251
2026-04-08 16:30:27    epoch  29  loss 1.1862  acc 0.5121  val_loss 1.1735  val_acc 0.5228
2026-04-08 16:30:30    epoch  30  loss 1.2236  acc 0.4993  val_loss 1.2649  val_acc 0.4924
2026-04-08 16:30:33    epoch  31  loss 1.1921  acc 0.5163  val_loss 1.1897  val_acc 0.5356
2026-04-08 16:30:37    epoch  32  loss 1.1571  acc 0.5252  val_loss 1.1938  val_acc 0.5193
2026-04-08 16:30:40    epoch  33  loss 1.1472  acc 0.5319  val_loss 1.1408  val_acc 0.5461
2026-04-08 16:30:43    epoch  34  loss 1.1337  acc 0.5334  val_loss 1.1402  val_acc 0.5309
2026-04-08 16:30:47    epoch  35  loss 1.1123  acc 0.5455  val_loss 1.1391  val_acc 0.5438
2026-04-08 16:30:50    epoch  36  loss 1.1324  acc 0.5340  val_loss 1.1168  val_acc 0.5683
2026-04-08 16:30:53    epoch  37  loss 1.0902  acc 0.5547  val_loss 1.1289  val_acc 0.5484
2026-04-08 16:30:56    epoch  38  loss 1.0697  acc 0.5621  val_loss 1.0726  val_acc 0.5706
2026-04-08 16:31:00    epoch  39  loss 1.0640  acc 0.5624  val_loss 1.0938  val_acc 0.5671
2026-04-08 16:31:03    epoch  40  loss 1.0608  acc 0.5615  val_loss 1.1219  val_acc 0.5379
2026-04-08 16:31:06    epoch  41  loss 1.0449  acc 0.5751  val_loss 1.0993  val_acc 0.5904
2026-04-08 16:31:09    epoch  42  loss 1.0682  acc 0.5655  val_loss 1.0596  val_acc 0.5823
2026-04-08 16:31:12    epoch  43  loss 1.0216  acc 0.5831  val_loss 1.0408  val_acc 0.5788
2026-04-08 16:31:15    epoch  44  loss 1.0167  acc 0.5843  val_loss 1.0509  val_acc 0.5659
2026-04-08 16:31:18    epoch  45  loss 1.0258  acc 0.5766  val_loss 1.0510  val_acc 0.5613
2026-04-08 16:31:21    epoch  46  loss 0.9940  acc 0.5915  val_loss 1.0251  val_acc 0.5869
2026-04-08 16:31:24    epoch  47  loss 0.9662  acc 0.6022  val_loss 1.0553  val_acc 0.5764
2026-04-08 16:31:27    epoch  48  loss 0.9887  acc 0.5931  val_loss 1.0427  val_acc 0.5706
2026-04-08 16:31:31    epoch  49  loss 0.9564  acc 0.6058  val_loss 1.0065  val_acc 0.5974
2026-04-08 16:31:34    epoch  50  loss 0.9608  acc 0.6129  val_loss 1.0262  val_acc 0.6208
2026-04-08 16:31:37    epoch  51  loss 0.9498  acc 0.6098  val_loss 1.0194  val_acc 0.6056
2026-04-08 16:31:40    epoch  52  loss 0.9185  acc 0.6321  val_loss 1.0739  val_acc 0.5834
2026-04-08 16:31:44    epoch  53  loss 0.9014  acc 0.6424  val_loss 1.0147  val_acc 0.6091
2026-04-08 16:31:47    epoch  54  loss 0.9093  acc 0.6308  val_loss 0.9648  val_acc 0.6219
2026-04-08 16:31:50    epoch  55  loss 0.8681  acc 0.6564  val_loss 0.9977  val_acc 0.6324
2026-04-08 16:31:53    epoch  56  loss 0.8694  acc 0.6536  val_loss 0.9654  val_acc 0.6231
2026-04-08 16:31:57    epoch  57  loss 0.8633  acc 0.6573  val_loss 1.0576  val_acc 0.6044
2026-04-08 16:32:00    epoch  58  loss 0.8759  acc 0.6610  val_loss 1.0080  val_acc 0.6289
2026-04-08 16:32:03    epoch  59  loss 0.8769  acc 0.6586  val_loss 0.9467  val_acc 0.6464
2026-04-08 16:32:06    epoch  60  loss 0.8339  acc 0.6729  val_loss 1.0012  val_acc 0.6278
2026-04-08 16:32:10    epoch  61  loss 0.9022  acc 0.6529  val_loss 0.9859  val_acc 0.6406
2026-04-08 16:32:13    epoch  62  loss 0.8214  acc 0.6883  val_loss 0.9699  val_acc 0.6569
2026-04-08 16:32:16    epoch  63  loss 0.8169  acc 0.6922  val_loss 0.9310  val_acc 0.6569
2026-04-08 16:32:19    epoch  64  loss 0.7995  acc 0.7005  val_loss 0.9267  val_acc 0.6558
2026-04-08 16:32:22    epoch  65  loss 0.7675  acc 0.7150  val_loss 0.9744  val_acc 0.6406
2026-04-08 16:32:26    epoch  66  loss 0.7618  acc 0.7219  val_loss 0.9785  val_acc 0.6418
2026-04-08 16:32:29    epoch  67  loss 0.7501  acc 0.7206  val_loss 0.9226  val_acc 0.6698
2026-04-08 16:32:32    epoch  68  loss 0.7142  acc 0.7383  val_loss 0.9312  val_acc 0.6651
2026-04-08 16:32:35    epoch  69  loss 0.7137  acc 0.7356  val_loss 0.9100  val_acc 0.6826
2026-04-08 16:32:39    epoch  70  loss 0.7199  acc 0.7356  val_loss 0.9271  val_acc 0.6628
2026-04-08 16:32:42    epoch  71  loss 0.6897  acc 0.7483  val_loss 0.9424  val_acc 0.6534
2026-04-08 16:32:45    epoch  72  loss 0.6772  acc 0.7535  val_loss 0.8890  val_acc 0.6838
2026-04-08 16:32:48    epoch  73  loss 0.6714  acc 0.7550  val_loss 0.9154  val_acc 0.6814
2026-04-08 16:32:52    epoch  74  loss 0.6528  acc 0.7651  val_loss 0.9328  val_acc 0.6826
2026-04-08 16:32:55    epoch  75  loss 0.6212  acc 0.7772  val_loss 0.9039  val_acc 0.6849
2026-04-08 16:32:58    epoch  76  loss 0.6183  acc 0.7780  val_loss 0.9493  val_acc 0.6756
2026-04-08 16:33:01    epoch  77  loss 0.6141  acc 0.7796  val_loss 0.8682  val_acc 0.7083
2026-04-08 16:33:05    epoch  78  loss 0.6069  acc 0.7866  val_loss 0.9055  val_acc 0.6954
2026-04-08 16:33:08    epoch  79  loss 0.6126  acc 0.7824  val_loss 0.9193  val_acc 0.6849
2026-04-08 16:33:11    epoch  80  loss 0.5611  acc 0.8005  val_loss 0.8673  val_acc 0.7025
2026-04-08 16:33:14    epoch  81  loss 0.5743  acc 0.7969  val_loss 0.9069  val_acc 0.6803
2026-04-08 16:33:18    epoch  82  loss 0.5831  acc 0.7913  val_loss 0.9263  val_acc 0.6849
2026-04-08 16:33:21    epoch  83  loss 0.6026  acc 0.7821  val_loss 0.8976  val_acc 0.6919
2026-04-08 16:33:24    epoch  84  loss 0.5533  acc 0.8041  val_loss 0.9180  val_acc 0.7165
2026-04-08 16:33:27    epoch  85  loss 0.5324  acc 0.8097  val_loss 0.8777  val_acc 0.7071
2026-04-08 16:33:31    epoch  86  loss 0.4436  acc 0.8448  val_loss 0.8579  val_acc 0.7223
2026-04-08 16:33:34    epoch  87  loss 0.4317  acc 0.8487  val_loss 0.9226  val_acc 0.7118
2026-04-08 16:33:37    epoch  88  loss 0.3936  acc 0.8637  val_loss 0.9103  val_acc 0.7235
2026-04-08 16:33:40    epoch  89  loss 0.3669  acc 0.8755  val_loss 0.9172  val_acc 0.7351
2026-04-08 16:33:44    epoch  90  loss 0.3809  acc 0.8694  val_loss 0.9704  val_acc 0.7071
2026-04-08 16:33:47    epoch  91  loss 0.3577  acc 0.8741  val_loss 1.0332  val_acc 0.6978
2026-04-08 16:33:50    epoch  92  loss 0.3197  acc 0.8914  val_loss 0.9792  val_acc 0.7351
2026-04-08 16:33:53    epoch  93  loss 0.2858  acc 0.9052  val_loss 1.0144  val_acc 0.7281
2026-04-08 16:33:57    epoch  94  loss 0.2757  acc 0.9104  val_loss 1.0099  val_acc 0.7328
2026-04-08 16:33:57    Early stopping at epoch 94
2026-04-08 16:33:57    User7 accuracy: 0.4397
2026-04-08 16:33:57  ────────────────────────────────────────────────────────────
2026-04-08 16:33:57  LOSO fold — held-out: User8 (1014 test windows, 8690 train windows)
2026-04-08 16:34:00    epoch   1  loss 1.9083  acc 0.2495  val_loss 1.6621  val_acc 0.3049
2026-04-08 16:34:04    epoch   2  loss 1.7283  acc 0.2832  val_loss 1.8682  val_acc 0.2198
2026-04-08 16:34:07    epoch   3  loss 1.6826  acc 0.3085  val_loss 1.6078  val_acc 0.3199
2026-04-08 16:34:10    epoch   4  loss 1.6239  acc 0.3332  val_loss 1.5423  val_acc 0.3625
2026-04-08 16:34:14    epoch   5  loss 1.5974  acc 0.3327  val_loss 1.5437  val_acc 0.3360
2026-04-08 16:34:17    epoch   6  loss 1.5699  acc 0.3553  val_loss 2.0995  val_acc 0.2267
2026-04-08 16:34:20    epoch   7  loss 1.5544  acc 0.3586  val_loss 1.4453  val_acc 0.4051
2026-04-08 16:34:23    epoch   8  loss 1.5079  acc 0.3856  val_loss 1.4824  val_acc 0.3901
2026-04-08 16:34:27    epoch   9  loss 1.4454  acc 0.4067  val_loss 1.4810  val_acc 0.3728
2026-04-08 16:34:30    epoch  10  loss 1.4354  acc 0.4113  val_loss 1.3973  val_acc 0.4223
2026-04-08 16:34:33    epoch  11  loss 1.4077  acc 0.4187  val_loss 1.4175  val_acc 0.4120
2026-04-08 16:34:37    epoch  12  loss 1.4001  acc 0.4159  val_loss 1.3653  val_acc 0.4396
2026-04-08 16:34:40    epoch  13  loss 1.4004  acc 0.4200  val_loss 1.3231  val_acc 0.4373
2026-04-08 16:34:43    epoch  14  loss 1.3629  acc 0.4309  val_loss 1.3457  val_acc 0.4269
2026-04-08 16:34:47    epoch  15  loss 1.3726  acc 0.4370  val_loss 1.3082  val_acc 0.4373
2026-04-08 16:34:50    epoch  16  loss 1.3369  acc 0.4494  val_loss 1.3141  val_acc 0.4741
2026-04-08 16:34:53    epoch  17  loss 1.3124  acc 0.4595  val_loss 1.2563  val_acc 0.4799
2026-04-08 16:34:56    epoch  18  loss 1.3125  acc 0.4545  val_loss 1.2701  val_acc 0.4568
2026-04-08 16:35:00    epoch  19  loss 1.3051  acc 0.4600  val_loss 1.2361  val_acc 0.4856
2026-04-08 16:35:03    epoch  20  loss 1.2978  acc 0.4722  val_loss 1.2482  val_acc 0.4983
2026-04-08 16:35:06    epoch  21  loss 1.2938  acc 0.4828  val_loss 1.2490  val_acc 0.4891
2026-04-08 16:35:10    epoch  22  loss 1.2611  acc 0.4870  val_loss 1.2444  val_acc 0.4914
2026-04-08 16:35:13    epoch  23  loss 1.2487  acc 0.4938  val_loss 1.2263  val_acc 0.4925
2026-04-08 16:35:16    epoch  24  loss 1.2343  acc 0.4919  val_loss 1.2132  val_acc 0.5017
2026-04-08 16:35:20    epoch  25  loss 1.2708  acc 0.4875  val_loss 1.2265  val_acc 0.5132
2026-04-08 16:35:23    epoch  26  loss 1.2404  acc 0.4967  val_loss 1.1965  val_acc 0.5006
2026-04-08 16:35:26    epoch  27  loss 1.2137  acc 0.5056  val_loss 1.2088  val_acc 0.5236
2026-04-08 16:35:30    epoch  28  loss 1.2124  acc 0.5120  val_loss 1.2321  val_acc 0.4868
2026-04-08 16:35:33    epoch  29  loss 1.2044  acc 0.5139  val_loss 1.1761  val_acc 0.5224
2026-04-08 16:35:36    epoch  30  loss 1.1905  acc 0.5218  val_loss 1.1925  val_acc 0.5190
2026-04-08 16:35:39    epoch  31  loss 1.1869  acc 0.5204  val_loss 1.1506  val_acc 0.5351
2026-04-08 16:35:43    epoch  32  loss 1.1726  acc 0.5258  val_loss 1.2083  val_acc 0.5236
2026-04-08 16:35:46    epoch  33  loss 1.1682  acc 0.5247  val_loss 1.1581  val_acc 0.5351
2026-04-08 16:35:49    epoch  34  loss 1.1518  acc 0.5361  val_loss 1.1606  val_acc 0.5293
2026-04-08 16:35:53    epoch  35  loss 1.1327  acc 0.5401  val_loss 1.1719  val_acc 0.5409
2026-04-08 16:35:56    epoch  36  loss 1.1169  acc 0.5447  val_loss 1.2696  val_acc 0.5293
2026-04-08 16:35:59    epoch  37  loss 1.1019  acc 0.5625  val_loss 1.1252  val_acc 0.5604
2026-04-08 16:36:02    epoch  38  loss 1.0490  acc 0.5797  val_loss 1.1125  val_acc 0.5547
2026-04-08 16:36:06    epoch  39  loss 1.0460  acc 0.5724  val_loss 1.0981  val_acc 0.5616
2026-04-08 16:36:09    epoch  40  loss 1.0359  acc 0.5832  val_loss 1.0749  val_acc 0.5788
2026-04-08 16:36:12    epoch  41  loss 1.0269  acc 0.5848  val_loss 1.0727  val_acc 0.5903
2026-04-08 16:36:16    epoch  42  loss 1.0130  acc 0.5948  val_loss 1.0422  val_acc 0.5915
2026-04-08 16:36:19    epoch  43  loss 0.9948  acc 0.6007  val_loss 1.0496  val_acc 0.5742
2026-04-08 16:36:22    epoch  44  loss 0.9933  acc 0.5983  val_loss 1.0328  val_acc 0.5834
2026-04-08 16:36:25    epoch  45  loss 0.9596  acc 0.6162  val_loss 1.0284  val_acc 0.5938
2026-04-08 16:36:29    epoch  46  loss 0.9613  acc 0.6215  val_loss 1.0682  val_acc 0.5857
2026-04-08 16:36:32    epoch  47  loss 0.9369  acc 0.6251  val_loss 1.0141  val_acc 0.5915
2026-04-08 16:36:35    epoch  48  loss 0.9409  acc 0.6293  val_loss 1.0061  val_acc 0.6064
2026-04-08 16:36:39    epoch  49  loss 0.9154  acc 0.6380  val_loss 1.0167  val_acc 0.6030
2026-04-08 16:36:42    epoch  50  loss 0.9054  acc 0.6465  val_loss 0.9902  val_acc 0.6076
2026-04-08 16:36:45    epoch  51  loss 0.8955  acc 0.6463  val_loss 0.9725  val_acc 0.6214
2026-04-08 16:36:48    epoch  52  loss 0.8851  acc 0.6453  val_loss 1.0097  val_acc 0.6099
2026-04-08 16:36:52    epoch  53  loss 0.8721  acc 0.6575  val_loss 0.9870  val_acc 0.6053
2026-04-08 16:36:55    epoch  54  loss 0.8682  acc 0.6586  val_loss 0.9777  val_acc 0.6133
2026-04-08 16:36:58    epoch  55  loss 0.8581  acc 0.6603  val_loss 0.9604  val_acc 0.6133
2026-04-08 16:37:02    epoch  56  loss 0.8433  acc 0.6646  val_loss 0.9560  val_acc 0.6295
2026-04-08 16:37:05    epoch  57  loss 0.8473  acc 0.6641  val_loss 0.9831  val_acc 0.6157
2026-04-08 16:37:08    epoch  58  loss 0.8266  acc 0.6755  val_loss 0.9893  val_acc 0.6306
2026-04-08 16:37:11    epoch  59  loss 0.8164  acc 0.6805  val_loss 0.9932  val_acc 0.6433
2026-04-08 16:37:15    epoch  60  loss 0.7973  acc 0.6893  val_loss 0.9435  val_acc 0.6444
2026-04-08 16:37:18    epoch  61  loss 0.7868  acc 0.6943  val_loss 0.9631  val_acc 0.6456
2026-04-08 16:37:21    epoch  62  loss 0.8051  acc 0.6878  val_loss 0.9502  val_acc 0.6364
2026-04-08 16:37:25    epoch  63  loss 0.7534  acc 0.7063  val_loss 0.9579  val_acc 0.6513
2026-04-08 16:37:28    epoch  64  loss 0.7445  acc 0.7117  val_loss 0.9588  val_acc 0.6513
2026-04-08 16:37:31    epoch  65  loss 0.7512  acc 0.7059  val_loss 0.9729  val_acc 0.6433
2026-04-08 16:37:34    epoch  66  loss 0.6967  acc 0.7323  val_loss 0.9143  val_acc 0.6686
2026-04-08 16:37:38    epoch  67  loss 0.6661  acc 0.7408  val_loss 0.9264  val_acc 0.6640
2026-04-08 16:37:41    epoch  68  loss 0.6679  acc 0.7477  val_loss 0.9497  val_acc 0.6582
2026-04-08 16:37:44    epoch  69  loss 0.6386  acc 0.7572  val_loss 0.9328  val_acc 0.6674
2026-04-08 16:37:48    epoch  70  loss 0.6368  acc 0.7558  val_loss 0.9727  val_acc 0.6674
2026-04-08 16:37:51    epoch  71  loss 0.6309  acc 0.7581  val_loss 0.9328  val_acc 0.6686
2026-04-08 16:37:54    epoch  72  loss 0.6052  acc 0.7723  val_loss 0.9444  val_acc 0.6559
2026-04-08 16:37:57    epoch  73  loss 0.5828  acc 0.7793  val_loss 0.9422  val_acc 0.6663
2026-04-08 16:38:01    epoch  74  loss 0.5840  acc 0.7771  val_loss 0.9352  val_acc 0.6617
2026-04-08 16:38:01    Early stopping at epoch 74
2026-04-08 16:38:01    User8 accuracy: 0.5306
2026-04-08 16:38:01  ────────────────────────────────────────────────────────────
2026-04-08 16:38:01  LOSO fold — held-out: User9 (1121 test windows, 8583 train windows)
2026-04-08 16:38:05    epoch   1  loss 1.9167  acc 0.2298  val_loss 1.7109  val_acc 0.3147
2026-04-08 16:38:08    epoch   2  loss 1.7617  acc 0.2810  val_loss 1.6688  val_acc 0.3345
2026-04-08 16:38:11    epoch   3  loss 1.6723  acc 0.3186  val_loss 1.5952  val_acc 0.3368
2026-04-08 16:38:14    epoch   4  loss 1.5729  acc 0.3529  val_loss 1.8503  val_acc 0.2739
2026-04-08 16:38:18    epoch   5  loss 1.5411  acc 0.3588  val_loss 1.6085  val_acc 0.3590
2026-04-08 16:38:21    epoch   6  loss 1.6276  acc 0.3363  val_loss 1.5602  val_acc 0.3543
2026-04-08 16:38:24    epoch   7  loss 1.5091  acc 0.3723  val_loss 1.4499  val_acc 0.3881
2026-04-08 16:38:27    epoch   8  loss 1.5574  acc 0.3547  val_loss 1.4601  val_acc 0.4009
2026-04-08 16:38:31    epoch   9  loss 1.4547  acc 0.3865  val_loss 1.4038  val_acc 0.4371
2026-04-08 16:38:34    epoch  10  loss 1.4322  acc 0.3968  val_loss 1.4332  val_acc 0.4242
2026-04-08 16:38:37    epoch  11  loss 1.3964  acc 0.4127  val_loss 1.3855  val_acc 0.4394
2026-04-08 16:38:40    epoch  12  loss 1.3754  acc 0.4287  val_loss 1.3585  val_acc 0.4592
2026-04-08 16:38:43    epoch  13  loss 1.3639  acc 0.4369  val_loss 1.3380  val_acc 0.4429
2026-04-08 16:38:47    epoch  14  loss 1.3735  acc 0.4318  val_loss 1.4329  val_acc 0.4242
2026-04-08 16:38:50    epoch  15  loss 1.3632  acc 0.4370  val_loss 1.3662  val_acc 0.4545
2026-04-08 16:38:53    epoch  16  loss 1.3336  acc 0.4426  val_loss 1.3058  val_acc 0.4709
2026-04-08 16:38:56    epoch  17  loss 1.3132  acc 0.4585  val_loss 1.2957  val_acc 0.4720
2026-04-08 16:39:00    epoch  18  loss 1.2877  acc 0.4717  val_loss 1.2964  val_acc 0.4848
2026-04-08 16:39:03    epoch  19  loss 1.2700  acc 0.4759  val_loss 1.3095  val_acc 0.4709
2026-04-08 16:39:06    epoch  20  loss 1.2527  acc 0.4813  val_loss 1.2418  val_acc 0.4837
2026-04-08 16:39:09    epoch  21  loss 1.2323  acc 0.4860  val_loss 1.2424  val_acc 0.5000
2026-04-08 16:39:13    epoch  22  loss 1.2514  acc 0.4905  val_loss 1.2150  val_acc 0.4942
2026-04-08 16:39:16    epoch  23  loss 1.2224  acc 0.4979  val_loss 1.1913  val_acc 0.5175
2026-04-08 16:39:19    epoch  24  loss 1.2023  acc 0.5086  val_loss 1.2109  val_acc 0.5186
2026-04-08 16:39:22    epoch  25  loss 1.1776  acc 0.5172  val_loss 1.1659  val_acc 0.5221
2026-04-08 16:39:26    epoch  26  loss 1.1665  acc 0.5235  val_loss 1.1910  val_acc 0.5385
2026-04-08 16:39:29    epoch  27  loss 1.1711  acc 0.5178  val_loss 1.1495  val_acc 0.5606
2026-04-08 16:39:32    epoch  28  loss 1.1602  acc 0.5262  val_loss 1.1700  val_acc 0.5280
2026-04-08 16:39:35    epoch  29  loss 1.1258  acc 0.5509  val_loss 1.1586  val_acc 0.5361
2026-04-08 16:39:39    epoch  30  loss 1.1114  acc 0.5520  val_loss 1.1505  val_acc 0.5210
2026-04-08 16:39:42    epoch  31  loss 1.0883  acc 0.5647  val_loss 1.1111  val_acc 0.5373
2026-04-08 16:39:45    epoch  32  loss 1.0766  acc 0.5735  val_loss 1.1277  val_acc 0.5548
2026-04-08 16:39:48    epoch  33  loss 1.0718  acc 0.5757  val_loss 1.0979  val_acc 0.5699
2026-04-08 16:39:52    epoch  34  loss 1.0592  acc 0.5832  val_loss 1.1378  val_acc 0.5606
2026-04-08 16:39:55    epoch  35  loss 1.0502  acc 0.5858  val_loss 1.0885  val_acc 0.5571
2026-04-08 16:39:58    epoch  36  loss 1.0264  acc 0.5900  val_loss 1.0876  val_acc 0.5734
2026-04-08 16:40:01    epoch  37  loss 1.0019  acc 0.6093  val_loss 1.1259  val_acc 0.5816
2026-04-08 16:40:05    epoch  38  loss 0.9996  acc 0.6109  val_loss 1.0690  val_acc 0.5944
2026-04-08 16:40:08    epoch  39  loss 0.9975  acc 0.6190  val_loss 1.1060  val_acc 0.5828
2026-04-08 16:40:11    epoch  40  loss 0.9757  acc 0.6205  val_loss 1.0641  val_acc 0.5816
2026-04-08 16:40:14    epoch  41  loss 0.9391  acc 0.6409  val_loss 1.0551  val_acc 0.5851
2026-04-08 16:40:18    epoch  42  loss 0.9295  acc 0.6408  val_loss 1.0180  val_acc 0.6352
2026-04-08 16:40:21    epoch  43  loss 0.9254  acc 0.6435  val_loss 1.0446  val_acc 0.5979
2026-04-08 16:40:24    epoch  44  loss 0.8982  acc 0.6519  val_loss 1.0201  val_acc 0.6107
2026-04-08 16:40:27    epoch  45  loss 0.9011  acc 0.6583  val_loss 0.9846  val_acc 0.6375
2026-04-08 16:40:31    epoch  46  loss 0.8979  acc 0.6594  val_loss 1.0448  val_acc 0.6189
2026-04-08 16:40:34    epoch  47  loss 0.8706  acc 0.6720  val_loss 0.9657  val_acc 0.6562
2026-04-08 16:40:37    epoch  48  loss 0.8544  acc 0.6781  val_loss 0.9749  val_acc 0.6340
2026-04-08 16:40:40    epoch  49  loss 0.8374  acc 0.6875  val_loss 0.9504  val_acc 0.6527
2026-04-08 16:40:44    epoch  50  loss 0.8174  acc 0.6922  val_loss 0.9622  val_acc 0.6434
2026-04-08 16:40:47    epoch  51  loss 0.8197  acc 0.6942  val_loss 0.9663  val_acc 0.6131
2026-04-08 16:40:50    epoch  52  loss 0.7876  acc 0.7073  val_loss 0.9701  val_acc 0.6515
2026-04-08 16:40:53    epoch  53  loss 0.7927  acc 0.7058  val_loss 0.9504  val_acc 0.6434
2026-04-08 16:40:56    epoch  54  loss 0.7637  acc 0.7178  val_loss 0.9168  val_acc 0.6632
2026-04-08 16:41:00    epoch  55  loss 0.7720  acc 0.7143  val_loss 0.9068  val_acc 0.6620
2026-04-08 16:41:03    epoch  56  loss 0.7431  acc 0.7284  val_loss 0.9357  val_acc 0.6655
2026-04-08 16:41:06    epoch  57  loss 0.6983  acc 0.7430  val_loss 0.9254  val_acc 0.6841
2026-04-08 16:41:09    epoch  58  loss 0.6939  acc 0.7498  val_loss 0.9279  val_acc 0.6585
2026-04-08 16:41:13    epoch  59  loss 0.6923  acc 0.7537  val_loss 0.9250  val_acc 0.6690
2026-04-08 16:41:16    epoch  60  loss 0.6818  acc 0.7455  val_loss 0.9144  val_acc 0.6760
2026-04-08 16:41:19    epoch  61  loss 0.6042  acc 0.7806  val_loss 0.8655  val_acc 0.7040
2026-04-08 16:41:22    epoch  62  loss 0.5594  acc 0.7992  val_loss 0.9101  val_acc 0.6865
2026-04-08 16:41:26    epoch  63  loss 0.5346  acc 0.8054  val_loss 0.9402  val_acc 0.6958
2026-04-08 16:41:29    epoch  64  loss 0.5139  acc 0.8181  val_loss 0.9101  val_acc 0.6981
2026-04-08 16:41:32    epoch  65  loss 0.4973  acc 0.8246  val_loss 0.9326  val_acc 0.6900
2026-04-08 16:41:35    epoch  66  loss 0.4854  acc 0.8311  val_loss 0.9456  val_acc 0.6981
2026-04-08 16:41:39    epoch  67  loss 0.4281  acc 0.8506  val_loss 0.9551  val_acc 0.6923
2026-04-08 16:41:42    epoch  68  loss 0.4045  acc 0.8579  val_loss 0.9537  val_acc 0.7005
2026-04-08 16:41:45    epoch  69  loss 0.3904  acc 0.8669  val_loss 0.9637  val_acc 0.7110
2026-04-08 16:41:45    Early stopping at epoch 69
2026-04-08 16:41:45    User9 accuracy: 0.6191
2026-04-08 16:41:46  ────────────────────────────────────────────────────────────
2026-04-08 16:41:46  LOSO fold — held-out: User10 (1115 test windows, 8589 train windows)
2026-04-08 16:41:49    epoch   1  loss 1.9038  acc 0.2419  val_loss 1.6356  val_acc 0.3392
2026-04-08 16:41:52    epoch   2  loss 1.6992  acc 0.3047  val_loss 1.7972  val_acc 0.2681
2026-04-08 16:41:55    epoch   3  loss 1.6403  acc 0.3266  val_loss 1.5431  val_acc 0.3578
2026-04-08 16:41:59    epoch   4  loss 1.5608  acc 0.3489  val_loss 1.4992  val_acc 0.3811
2026-04-08 16:42:02    epoch   5  loss 1.6104  acc 0.3442  val_loss 1.4752  val_acc 0.3939
2026-04-08 16:42:05    epoch   6  loss 1.5660  acc 0.3507  val_loss 1.5153  val_acc 0.3566
2026-04-08 16:42:08    epoch   7  loss 1.5072  acc 0.3756  val_loss 1.4339  val_acc 0.4091
2026-04-08 16:42:12    epoch   8  loss 1.4800  acc 0.3852  val_loss 1.4112  val_acc 0.4149
2026-04-08 16:42:15    epoch   9  loss 1.4402  acc 0.4093  val_loss 1.3277  val_acc 0.4452
2026-04-08 16:42:18    epoch  10  loss 1.5226  acc 0.3743  val_loss 1.3995  val_acc 0.3904
2026-04-08 16:42:21    epoch  11  loss 1.4467  acc 0.4054  val_loss 1.3207  val_acc 0.4522
2026-04-08 16:42:25    epoch  12  loss 1.4686  acc 0.3910  val_loss 1.3328  val_acc 0.4347
2026-04-08 16:42:28    epoch  13  loss 1.4809  acc 0.3888  val_loss 1.3828  val_acc 0.4277
2026-04-08 16:42:31    epoch  14  loss 1.4100  acc 0.4130  val_loss 1.3674  val_acc 0.4254
2026-04-08 16:42:34    epoch  15  loss 1.4280  acc 0.4104  val_loss 1.3260  val_acc 0.4324
2026-04-08 16:42:38    epoch  16  loss 1.3888  acc 0.4287  val_loss 1.3397  val_acc 0.4755
2026-04-08 16:42:41    epoch  17  loss 1.3543  acc 0.4450  val_loss 1.2614  val_acc 0.4942
2026-04-08 16:42:44    epoch  18  loss 1.3091  acc 0.4697  val_loss 1.2458  val_acc 0.4953
2026-04-08 16:42:47    epoch  19  loss 1.3034  acc 0.4521  val_loss 1.2467  val_acc 0.4720
2026-04-08 16:42:51    epoch  20  loss 1.2901  acc 0.4787  val_loss 1.2089  val_acc 0.5140
2026-04-08 16:42:54    epoch  21  loss 1.2776  acc 0.4800  val_loss 1.2110  val_acc 0.4965
2026-04-08 16:42:57    epoch  22  loss 1.2715  acc 0.4830  val_loss 1.2141  val_acc 0.4977
2026-04-08 16:43:00    epoch  23  loss 1.2651  acc 0.4874  val_loss 1.2036  val_acc 0.5023
2026-04-08 16:43:04    epoch  24  loss 1.2466  acc 0.4876  val_loss 1.1954  val_acc 0.5047
2026-04-08 16:43:07    epoch  25  loss 1.2376  acc 0.4948  val_loss 1.1818  val_acc 0.5093
2026-04-08 16:43:10    epoch  26  loss 1.2296  acc 0.5005  val_loss 1.2037  val_acc 0.5221
2026-04-08 16:43:13    epoch  27  loss 1.2167  acc 0.5042  val_loss 1.1709  val_acc 0.5093
2026-04-08 16:43:16    epoch  28  loss 1.2048  acc 0.5098  val_loss 1.1500  val_acc 0.5338
2026-04-08 16:43:20    epoch  29  loss 1.1942  acc 0.5199  val_loss 1.1306  val_acc 0.5408
2026-04-08 16:43:23    epoch  30  loss 1.1748  acc 0.5275  val_loss 1.1442  val_acc 0.5303
2026-04-08 16:43:26    epoch  31  loss 1.1848  acc 0.5306  val_loss 1.1605  val_acc 0.5291
2026-04-08 16:43:29    epoch  32  loss 1.1643  acc 0.5280  val_loss 1.1550  val_acc 0.5338
2026-04-08 16:43:33    epoch  33  loss 1.1467  acc 0.5342  val_loss 1.1120  val_acc 0.5478
2026-04-08 16:43:36    epoch  34  loss 1.1357  acc 0.5459  val_loss 1.1496  val_acc 0.5431
2026-04-08 16:43:39    epoch  35  loss 1.1456  acc 0.5338  val_loss 1.1930  val_acc 0.5093
2026-04-08 16:43:42    epoch  36  loss 1.1209  acc 0.5409  val_loss 1.1482  val_acc 0.5455
2026-04-08 16:43:46    epoch  37  loss 1.1016  acc 0.5544  val_loss 1.0977  val_acc 0.5455
2026-04-08 16:43:49    epoch  38  loss 1.0771  acc 0.5607  val_loss 1.1185  val_acc 0.5443
2026-04-08 16:43:52    epoch  39  loss 1.0689  acc 0.5624  val_loss 1.1119  val_acc 0.5315
2026-04-08 16:43:55    epoch  40  loss 1.0719  acc 0.5605  val_loss 1.0796  val_acc 0.5536
2026-04-08 16:43:59    epoch  41  loss 1.0501  acc 0.5707  val_loss 1.0746  val_acc 0.5606
2026-04-08 16:44:02    epoch  42  loss 1.0372  acc 0.5819  val_loss 1.0556  val_acc 0.5746
2026-04-08 16:44:05    epoch  43  loss 1.0269  acc 0.5831  val_loss 1.0742  val_acc 0.5793
2026-04-08 16:44:08    epoch  44  loss 1.0217  acc 0.5880  val_loss 1.1124  val_acc 0.5524
2026-04-08 16:44:12    epoch  45  loss 1.0112  acc 0.5874  val_loss 1.1035  val_acc 0.5688
2026-04-08 16:44:15    epoch  46  loss 0.9885  acc 0.6026  val_loss 1.0445  val_acc 0.5862
2026-04-08 16:44:18    epoch  47  loss 0.9787  acc 0.6064  val_loss 1.0366  val_acc 0.5839
2026-04-08 16:44:21    epoch  48  loss 0.9549  acc 0.6098  val_loss 1.0284  val_acc 0.5886
2026-04-08 16:44:25    epoch  49  loss 0.9590  acc 0.6163  val_loss 1.1048  val_acc 0.5629
2026-04-08 16:44:28    epoch  50  loss 0.9378  acc 0.6228  val_loss 1.0077  val_acc 0.5932
2026-04-08 16:44:31    epoch  51  loss 0.9387  acc 0.6251  val_loss 1.0466  val_acc 0.5851
2026-04-08 16:44:34    epoch  52  loss 0.9237  acc 0.6266  val_loss 1.0071  val_acc 0.6014
2026-04-08 16:44:38    epoch  53  loss 0.9120  acc 0.6355  val_loss 1.0184  val_acc 0.6119
2026-04-08 16:44:41    epoch  54  loss 0.9113  acc 0.6323  val_loss 1.0057  val_acc 0.6072
2026-04-08 16:44:44    epoch  55  loss 0.8986  acc 0.6402  val_loss 1.0202  val_acc 0.5991
2026-04-08 16:44:47    epoch  56  loss 0.8720  acc 0.6489  val_loss 0.9826  val_acc 0.6212
2026-04-08 16:44:50    epoch  57  loss 0.8617  acc 0.6536  val_loss 0.9782  val_acc 0.6270
2026-04-08 16:44:54    epoch  58  loss 0.8446  acc 0.6571  val_loss 0.9598  val_acc 0.6445
2026-04-08 16:44:57    epoch  59  loss 0.8495  acc 0.6610  val_loss 0.9750  val_acc 0.6270
2026-04-08 16:45:00    epoch  60  loss 0.8615  acc 0.6563  val_loss 0.9762  val_acc 0.6317
2026-04-08 16:45:03    epoch  61  loss 0.8104  acc 0.6765  val_loss 1.0040  val_acc 0.6131
2026-04-08 16:45:07    epoch  62  loss 0.8110  acc 0.6766  val_loss 0.9727  val_acc 0.6387
2026-04-08 16:45:10    epoch  63  loss 0.8084  acc 0.6843  val_loss 0.9570  val_acc 0.6410
2026-04-08 16:45:13    epoch  64  loss 0.7797  acc 0.6902  val_loss 0.9592  val_acc 0.6364
2026-04-08 16:45:16    epoch  65  loss 0.7744  acc 0.6981  val_loss 0.9511  val_acc 0.6434
2026-04-08 16:45:20    epoch  66  loss 0.7699  acc 0.6920  val_loss 0.9813  val_acc 0.6445
2026-04-08 16:45:23    epoch  67  loss 0.7695  acc 0.6978  val_loss 0.9557  val_acc 0.6270
2026-04-08 16:45:26    epoch  68  loss 0.7610  acc 0.7009  val_loss 0.9838  val_acc 0.6399
2026-04-08 16:45:29    epoch  69  loss 0.7372  acc 0.7175  val_loss 0.9376  val_acc 0.6690
2026-04-08 16:45:32    epoch  70  loss 0.7247  acc 0.7106  val_loss 0.9617  val_acc 0.6480
2026-04-08 16:45:36    epoch  71  loss 0.7353  acc 0.7116  val_loss 1.0001  val_acc 0.6422
2026-04-08 16:45:39    epoch  72  loss 0.7444  acc 0.7103  val_loss 0.9283  val_acc 0.6585
2026-04-08 16:45:42    epoch  73  loss 0.7016  acc 0.7236  val_loss 0.9393  val_acc 0.6655
2026-04-08 16:45:45    epoch  74  loss 0.6772  acc 0.7374  val_loss 0.9611  val_acc 0.6678
2026-04-08 16:45:49    epoch  75  loss 0.7002  acc 0.7317  val_loss 0.9124  val_acc 0.6737
2026-04-08 16:45:52    epoch  76  loss 0.6716  acc 0.7452  val_loss 0.9000  val_acc 0.6748
2026-04-08 16:45:55    epoch  77  loss 0.6492  acc 0.7520  val_loss 0.9224  val_acc 0.6760
2026-04-08 16:45:58    epoch  78  loss 0.6564  acc 0.7576  val_loss 0.9976  val_acc 0.6678
2026-04-08 16:46:02    epoch  79  loss 0.6224  acc 0.7661  val_loss 0.9381  val_acc 0.6667
2026-04-08 16:46:05    epoch  80  loss 0.6408  acc 0.7549  val_loss 0.9247  val_acc 0.6725
2026-04-08 16:46:08    epoch  81  loss 0.6236  acc 0.7625  val_loss 0.9514  val_acc 0.6655
2026-04-08 16:46:11    epoch  82  loss 0.5512  acc 0.7890  val_loss 0.9029  val_acc 0.6911
2026-04-08 16:46:14    epoch  83  loss 0.5270  acc 0.8007  val_loss 0.9480  val_acc 0.6760
2026-04-08 16:46:18    epoch  84  loss 0.5140  acc 0.8095  val_loss 0.9217  val_acc 0.7005
2026-04-08 16:46:18    Early stopping at epoch 84
2026-04-08 16:46:18    User10 accuracy: 0.5354
2026-04-08 16:46:18  ────────────────────────────────────────────────────────────
2026-04-08 16:46:18  LOSO fold — held-out: User11 (1175 test windows, 8529 train windows)
2026-04-08 16:46:22    epoch   1  loss 1.9442  acc 0.2399  val_loss 1.7268  val_acc 0.2711
2026-04-08 16:46:25    epoch   2  loss 1.8029  acc 0.2797  val_loss 1.7315  val_acc 0.2817
2026-04-08 16:46:28    epoch   3  loss 1.6083  acc 0.3349  val_loss 1.5670  val_acc 0.3239
2026-04-08 16:46:31    epoch   4  loss 1.5568  acc 0.3481  val_loss 1.4239  val_acc 0.4131
2026-04-08 16:46:34    epoch   5  loss 1.5067  acc 0.3690  val_loss 1.4053  val_acc 0.4061
2026-04-08 16:46:38    epoch   6  loss 1.5220  acc 0.3805  val_loss 1.4727  val_acc 0.3756
2026-04-08 16:46:41    epoch   7  loss 1.4980  acc 0.3916  val_loss 1.4141  val_acc 0.4131
2026-04-08 16:46:44    epoch   8  loss 1.4382  acc 0.4158  val_loss 1.3515  val_acc 0.4366
2026-04-08 16:46:47    epoch   9  loss 1.4028  acc 0.4292  val_loss 1.3364  val_acc 0.4554
2026-04-08 16:46:51    epoch  10  loss 1.3559  acc 0.4484  val_loss 1.2848  val_acc 0.4589
2026-04-08 16:46:54    epoch  11  loss 1.5038  acc 0.4005  val_loss 1.4701  val_acc 0.3944
2026-04-08 16:46:57    epoch  12  loss 1.4488  acc 0.4223  val_loss 1.4056  val_acc 0.3944
2026-04-08 16:47:00    epoch  13  loss 1.4141  acc 0.4276  val_loss 1.3574  val_acc 0.4155
2026-04-08 16:47:03    epoch  14  loss 1.3925  acc 0.4317  val_loss 1.3475  val_acc 0.4354
2026-04-08 16:47:06    epoch  15  loss 1.3643  acc 0.4460  val_loss 1.2568  val_acc 0.4730
2026-04-08 16:47:10    epoch  16  loss 1.3810  acc 0.4464  val_loss 1.2789  val_acc 0.4589
2026-04-08 16:47:13    epoch  17  loss 1.3147  acc 0.4593  val_loss 1.2406  val_acc 0.4707
2026-04-08 16:47:16    epoch  18  loss 1.2976  acc 0.4726  val_loss 1.2654  val_acc 0.4308
2026-04-08 16:47:19    epoch  19  loss 1.2766  acc 0.4758  val_loss 1.2154  val_acc 0.4800
2026-04-08 16:47:22    epoch  20  loss 1.2484  acc 0.4896  val_loss 1.1993  val_acc 0.4977
2026-04-08 16:47:26    epoch  21  loss 1.2446  acc 0.4893  val_loss 1.1313  val_acc 0.5082
2026-04-08 16:47:29    epoch  22  loss 1.2217  acc 0.4989  val_loss 1.1503  val_acc 0.5082
2026-04-08 16:47:32    epoch  23  loss 1.1936  acc 0.5059  val_loss 1.1524  val_acc 0.4953
2026-04-08 16:47:35    epoch  24  loss 1.1945  acc 0.5188  val_loss 1.1438  val_acc 0.5176
2026-04-08 16:47:38    epoch  25  loss 1.1729  acc 0.5158  val_loss 1.1325  val_acc 0.5211
2026-04-08 16:47:42    epoch  26  loss 1.1583  acc 0.5279  val_loss 1.1138  val_acc 0.5340
2026-04-08 16:47:45    epoch  27  loss 1.1430  acc 0.5286  val_loss 1.1115  val_acc 0.5376
2026-04-08 16:47:48    epoch  28  loss 1.1208  acc 0.5463  val_loss 1.0853  val_acc 0.5552
2026-04-08 16:47:51    epoch  29  loss 1.1075  acc 0.5451  val_loss 1.1118  val_acc 0.5270
2026-04-08 16:47:54    epoch  30  loss 1.0964  acc 0.5524  val_loss 1.0859  val_acc 0.5540
2026-04-08 16:47:58    epoch  31  loss 1.0833  acc 0.5602  val_loss 1.1408  val_acc 0.5387
2026-04-08 16:48:01    epoch  32  loss 1.1017  acc 0.5531  val_loss 1.0606  val_acc 0.5739
2026-04-08 16:48:04    epoch  33  loss 1.0706  acc 0.5652  val_loss 1.0466  val_acc 0.5599
2026-04-08 16:48:07    epoch  34  loss 1.0665  acc 0.5682  val_loss 1.0666  val_acc 0.5751
2026-04-08 16:48:10    epoch  35  loss 1.0583  acc 0.5677  val_loss 1.0333  val_acc 0.5845
2026-04-08 16:48:14    epoch  36  loss 1.0407  acc 0.5815  val_loss 1.0378  val_acc 0.5810
2026-04-08 16:48:17    epoch  37  loss 1.0101  acc 0.5974  val_loss 0.9879  val_acc 0.5904
2026-04-08 16:48:20    epoch  38  loss 0.9995  acc 0.5979  val_loss 1.0192  val_acc 0.5822
2026-04-08 16:48:23    epoch  39  loss 0.9980  acc 0.5958  val_loss 0.9908  val_acc 0.5904
2026-04-08 16:48:26    epoch  40  loss 1.0080  acc 0.5927  val_loss 1.0788  val_acc 0.5587
2026-04-08 16:48:30    epoch  41  loss 0.9868  acc 0.6013  val_loss 0.9853  val_acc 0.5986
2026-04-08 16:48:33    epoch  42  loss 0.9677  acc 0.6121  val_loss 1.0213  val_acc 0.5915
2026-04-08 16:48:36    epoch  43  loss 0.9671  acc 0.6113  val_loss 1.0154  val_acc 0.5869
2026-04-08 16:48:39    epoch  44  loss 0.9398  acc 0.6228  val_loss 0.9897  val_acc 0.5986
2026-04-08 16:48:42    epoch  45  loss 0.9420  acc 0.6232  val_loss 1.0061  val_acc 0.5951
2026-04-08 16:48:46    epoch  46  loss 0.9298  acc 0.6293  val_loss 0.9684  val_acc 0.6185
2026-04-08 16:48:49    epoch  47  loss 0.9293  acc 0.6276  val_loss 0.9645  val_acc 0.6103
2026-04-08 16:48:52    epoch  48  loss 0.8911  acc 0.6448  val_loss 0.9689  val_acc 0.5939
2026-04-08 16:48:55    epoch  49  loss 0.8885  acc 0.6431  val_loss 0.9484  val_acc 0.6103
2026-04-08 16:48:58    epoch  50  loss 0.8737  acc 0.6509  val_loss 0.9238  val_acc 0.6209
2026-04-08 16:49:02    epoch  51  loss 0.9132  acc 0.6383  val_loss 0.9241  val_acc 0.6338
2026-04-08 16:49:05    epoch  52  loss 0.8558  acc 0.6639  val_loss 0.9749  val_acc 0.6080
2026-04-08 16:49:08    epoch  53  loss 0.8732  acc 0.6629  val_loss 0.9445  val_acc 0.6256
2026-04-08 16:49:11    epoch  54  loss 0.8383  acc 0.6777  val_loss 0.9094  val_acc 0.6315
2026-04-08 16:49:14    epoch  55  loss 0.8202  acc 0.6865  val_loss 0.9298  val_acc 0.6291
2026-04-08 16:49:18    epoch  56  loss 0.8285  acc 0.6790  val_loss 0.8678  val_acc 0.6596
2026-04-08 16:49:21    epoch  57  loss 0.7988  acc 0.7005  val_loss 0.9219  val_acc 0.6350
2026-04-08 16:49:24    epoch  58  loss 0.7782  acc 0.6984  val_loss 0.8771  val_acc 0.6479
2026-04-08 16:49:27    epoch  59  loss 0.7594  acc 0.7099  val_loss 0.8526  val_acc 0.6667
2026-04-08 16:49:30    epoch  60  loss 0.7513  acc 0.7190  val_loss 0.8419  val_acc 0.6702
2026-04-08 16:49:34    epoch  61  loss 0.7261  acc 0.7276  val_loss 0.8498  val_acc 0.6819
2026-04-08 16:49:37    epoch  62  loss 0.7188  acc 0.7272  val_loss 0.9270  val_acc 0.6643
2026-04-08 16:49:40    epoch  63  loss 0.7222  acc 0.7291  val_loss 0.8659  val_acc 0.6655
2026-04-08 16:49:43    epoch  64  loss 0.6947  acc 0.7388  val_loss 0.8476  val_acc 0.6913
2026-04-08 16:49:46    epoch  65  loss 0.7294  acc 0.7343  val_loss 0.8546  val_acc 0.6925
2026-04-08 16:49:50    epoch  66  loss 0.6480  acc 0.7571  val_loss 0.8471  val_acc 0.7042
2026-04-08 16:49:53    epoch  67  loss 0.5962  acc 0.7799  val_loss 0.8182  val_acc 0.7077
2026-04-08 16:49:56    epoch  68  loss 0.5736  acc 0.7929  val_loss 0.8717  val_acc 0.7089
2026-04-08 16:49:59    epoch  69  loss 0.5548  acc 0.7967  val_loss 0.8257  val_acc 0.7218
2026-04-08 16:50:02    epoch  70  loss 0.5570  acc 0.7999  val_loss 0.8487  val_acc 0.6995
2026-04-08 16:50:06    epoch  71  loss 0.5257  acc 0.8085  val_loss 0.8417  val_acc 0.7113
2026-04-08 16:50:09    epoch  72  loss 0.5382  acc 0.8044  val_loss 0.7972  val_acc 0.7230
2026-04-08 16:50:12    epoch  73  loss 0.5188  acc 0.8137  val_loss 0.8218  val_acc 0.7265
2026-04-08 16:50:15    epoch  74  loss 0.5024  acc 0.8149  val_loss 0.8650  val_acc 0.7054
2026-04-08 16:50:18    epoch  75  loss 0.5019  acc 0.8178  val_loss 0.8436  val_acc 0.7171
2026-04-08 16:50:22    epoch  76  loss 0.4956  acc 0.8218  val_loss 0.8696  val_acc 0.7054
2026-04-08 16:50:25    epoch  77  loss 0.4769  acc 0.8284  val_loss 0.8703  val_acc 0.7066
2026-04-08 16:50:28    epoch  78  loss 0.4215  acc 0.8506  val_loss 0.8743  val_acc 0.7207
2026-04-08 16:50:31    epoch  79  loss 0.4099  acc 0.8546  val_loss 0.8962  val_acc 0.7195
2026-04-08 16:50:34    epoch  80  loss 0.3923  acc 0.8641  val_loss 0.8866  val_acc 0.7195
2026-04-08 16:50:34    Early stopping at epoch 80
2026-04-08 16:50:35    User11 accuracy: 0.3872
2026-04-08 16:50:35  ────────────────────────────────────────────────────────────
2026-04-08 16:50:35  LOSO fold — held-out: User12 (975 test windows, 8729 train windows)
2026-04-08 16:50:38    epoch   1  loss 1.8657  acc 0.2570  val_loss 1.6031  val_acc 0.3222
2026-04-08 16:50:42    epoch   2  loss 1.7051  acc 0.3028  val_loss 1.6130  val_acc 0.3498
2026-04-08 16:50:45    epoch   3  loss 1.6605  acc 0.3145  val_loss 1.4853  val_acc 0.3922
2026-04-08 16:50:48    epoch   4  loss 1.5672  acc 0.3499  val_loss 1.4600  val_acc 0.4220
2026-04-08 16:50:52    epoch   5  loss 1.5510  acc 0.3582  val_loss 1.3883  val_acc 0.4335
2026-04-08 16:50:55    epoch   6  loss 1.5432  acc 0.3645  val_loss 1.3912  val_acc 0.4415
2026-04-08 16:50:58    epoch   7  loss 1.5832  acc 0.3543  val_loss 1.4681  val_acc 0.3819
2026-04-08 16:51:02    epoch   8  loss 1.5329  acc 0.3639  val_loss 1.5133  val_acc 0.3670
2026-04-08 16:51:05    epoch   9  loss 1.5460  acc 0.3668  val_loss 1.4176  val_acc 0.4140
2026-04-08 16:51:08    epoch  10  loss 1.5060  acc 0.3714  val_loss 1.3324  val_acc 0.4415
2026-04-08 16:51:11    epoch  11  loss 1.4328  acc 0.3961  val_loss 1.2780  val_acc 0.4828
2026-04-08 16:51:15    epoch  12  loss 1.4028  acc 0.4098  val_loss 1.3023  val_acc 0.4495
2026-04-08 16:51:18    epoch  13  loss 1.4154  acc 0.4086  val_loss 1.2888  val_acc 0.4518
2026-04-08 16:51:21    epoch  14  loss 1.3567  acc 0.4382  val_loss 1.2517  val_acc 0.4839
2026-04-08 16:51:25    epoch  15  loss 1.4028  acc 0.4222  val_loss 1.2580  val_acc 0.4920
2026-04-08 16:51:28    epoch  16  loss 1.3549  acc 0.4391  val_loss 1.2595  val_acc 0.4839
2026-04-08 16:51:31    epoch  17  loss 1.3487  acc 0.4418  val_loss 1.2346  val_acc 0.4989
2026-04-08 16:51:35    epoch  18  loss 1.3050  acc 0.4654  val_loss 1.2146  val_acc 0.5138
2026-04-08 16:51:38    epoch  19  loss 1.2719  acc 0.4829  val_loss 1.1809  val_acc 0.5229
2026-04-08 16:51:41    epoch  20  loss 1.2926  acc 0.4714  val_loss 1.2979  val_acc 0.4874
2026-04-08 16:51:44    epoch  21  loss 1.3111  acc 0.4632  val_loss 1.2042  val_acc 0.5206
2026-04-08 16:51:48    epoch  22  loss 1.2727  acc 0.4872  val_loss 1.2020  val_acc 0.5126
2026-04-08 16:51:51    epoch  23  loss 1.2717  acc 0.4824  val_loss 1.2545  val_acc 0.5080
2026-04-08 16:51:54    epoch  24  loss 1.2492  acc 0.4952  val_loss 1.1924  val_acc 0.5126
2026-04-08 16:51:58    epoch  25  loss 1.2164  acc 0.5161  val_loss 1.1428  val_acc 0.5447
2026-04-08 16:52:01    epoch  26  loss 1.1896  acc 0.5225  val_loss 1.1322  val_acc 0.5470
2026-04-08 16:52:04    epoch  27  loss 1.1721  acc 0.5278  val_loss 1.1245  val_acc 0.5482
2026-04-08 16:52:08    epoch  28  loss 1.1688  acc 0.5306  val_loss 1.0983  val_acc 0.5700
2026-04-08 16:52:11    epoch  29  loss 1.1450  acc 0.5416  val_loss 1.0919  val_acc 0.5539
2026-04-08 16:52:14    epoch  30  loss 1.1241  acc 0.5432  val_loss 1.1038  val_acc 0.5516
2026-04-08 16:52:18    epoch  31  loss 1.1197  acc 0.5489  val_loss 1.1172  val_acc 0.5401
2026-04-08 16:52:21    epoch  32  loss 1.1465  acc 0.5416  val_loss 1.1013  val_acc 0.5688
2026-04-08 16:52:24    epoch  33  loss 1.1049  acc 0.5594  val_loss 1.0916  val_acc 0.5619
2026-04-08 16:52:27    epoch  34  loss 1.0862  acc 0.5654  val_loss 1.0446  val_acc 0.5883
2026-04-08 16:52:31    epoch  35  loss 1.0696  acc 0.5745  val_loss 1.0389  val_acc 0.5837
2026-04-08 16:52:34    epoch  36  loss 1.0697  acc 0.5646  val_loss 1.0600  val_acc 0.5734
2026-04-08 16:52:37    epoch  37  loss 1.0486  acc 0.5790  val_loss 1.0283  val_acc 0.5872
2026-04-08 16:52:41    epoch  38  loss 1.0419  acc 0.5823  val_loss 1.0378  val_acc 0.5906
2026-04-08 16:52:44    epoch  39  loss 1.0183  acc 0.5918  val_loss 1.0072  val_acc 0.5894
2026-04-08 16:52:47    epoch  40  loss 0.9978  acc 0.6047  val_loss 1.0506  val_acc 0.5894
2026-04-08 16:52:51    epoch  41  loss 0.9985  acc 0.6091  val_loss 1.0306  val_acc 0.5849
2026-04-08 16:52:54    epoch  42  loss 0.9935  acc 0.6067  val_loss 1.0110  val_acc 0.5906
2026-04-08 16:52:57    epoch  43  loss 0.9752  acc 0.6147  val_loss 0.9609  val_acc 0.6353
2026-04-08 16:53:00    epoch  44  loss 0.9519  acc 0.6275  val_loss 0.9677  val_acc 0.6204
2026-04-08 16:53:04    epoch  45  loss 0.9482  acc 0.6236  val_loss 0.9838  val_acc 0.6078
2026-04-08 16:53:07    epoch  46  loss 0.9359  acc 0.6341  val_loss 0.9484  val_acc 0.6296
2026-04-08 16:53:10    epoch  47  loss 0.9235  acc 0.6389  val_loss 0.9543  val_acc 0.6250
2026-04-08 16:53:14    epoch  48  loss 0.9114  acc 0.6481  val_loss 0.9245  val_acc 0.6399
2026-04-08 16:53:17    epoch  49  loss 0.8858  acc 0.6595  val_loss 0.9507  val_acc 0.6296
2026-04-08 16:53:20    epoch  50  loss 0.8770  acc 0.6646  val_loss 0.9197  val_acc 0.6433
2026-04-08 16:53:23    epoch  51  loss 0.8641  acc 0.6644  val_loss 0.9230  val_acc 0.6456
2026-04-08 16:53:27    epoch  52  loss 0.8639  acc 0.6723  val_loss 0.9088  val_acc 0.6628
2026-04-08 16:53:30    epoch  53  loss 0.8467  acc 0.6723  val_loss 0.8891  val_acc 0.6548
2026-04-08 16:53:33    epoch  54  loss 0.8270  acc 0.6851  val_loss 0.8861  val_acc 0.6525
2026-04-08 16:53:37    epoch  55  loss 0.8161  acc 0.6894  val_loss 0.9068  val_acc 0.6514
2026-04-08 16:53:40    epoch  56  loss 0.7981  acc 0.6953  val_loss 0.8299  val_acc 0.6835
2026-04-08 16:53:43    epoch  57  loss 0.7948  acc 0.6961  val_loss 0.8496  val_acc 0.6789
2026-04-08 16:53:47    epoch  58  loss 0.7710  acc 0.7071  val_loss 0.8471  val_acc 0.6950
2026-04-08 16:53:50    epoch  59  loss 0.7567  acc 0.7159  val_loss 0.8341  val_acc 0.6938
2026-04-08 16:53:53    epoch  60  loss 0.7376  acc 0.7187  val_loss 0.8256  val_acc 0.6881
2026-04-08 16:53:56    epoch  61  loss 0.7164  acc 0.7306  val_loss 0.8551  val_acc 0.6732
2026-04-08 16:54:00    epoch  62  loss 0.7320  acc 0.7191  val_loss 0.8173  val_acc 0.6950
2026-04-08 16:54:03    epoch  63  loss 0.7116  acc 0.7328  val_loss 0.8269  val_acc 0.6938
2026-04-08 16:54:06    epoch  64  loss 0.7134  acc 0.7303  val_loss 0.8240  val_acc 0.6904
2026-04-08 16:54:10    epoch  65  loss 0.6955  acc 0.7330  val_loss 0.8062  val_acc 0.7007
2026-04-08 16:54:13    epoch  66  loss 0.6802  acc 0.7421  val_loss 0.8451  val_acc 0.7018
2026-04-08 16:54:16    epoch  67  loss 0.6688  acc 0.7486  val_loss 0.8211  val_acc 0.7041
2026-04-08 16:54:19    epoch  68  loss 0.6439  acc 0.7593  val_loss 0.8025  val_acc 0.7167
2026-04-08 16:54:23    epoch  69  loss 0.6552  acc 0.7518  val_loss 0.8496  val_acc 0.6995
2026-04-08 16:54:26    epoch  70  loss 0.6269  acc 0.7631  val_loss 0.8594  val_acc 0.7202
2026-04-08 16:54:29    epoch  71  loss 0.6378  acc 0.7644  val_loss 0.8178  val_acc 0.7099
2026-04-08 16:54:33    epoch  72  loss 0.6204  acc 0.7690  val_loss 0.8450  val_acc 0.7041
2026-04-08 16:54:36    epoch  73  loss 0.6185  acc 0.7705  val_loss 0.8727  val_acc 0.6961
2026-04-08 16:54:39    epoch  74  loss 0.5449  acc 0.7966  val_loss 0.8359  val_acc 0.7099
2026-04-08 16:54:42    epoch  75  loss 0.5176  acc 0.8034  val_loss 0.8324  val_acc 0.7190
2026-04-08 16:54:46    epoch  76  loss 0.4994  acc 0.8166  val_loss 0.8196  val_acc 0.7248
2026-04-08 16:54:46    Early stopping at epoch 76
2026-04-08 16:54:46    User12 accuracy: 0.4010
2026-04-08 16:54:46  Best model: /home/mahmudm2/codebase/ClassyGlass/scripts/benchmark/models/deep_conv_lstm_best_W300_S150.pth  (acc=0.6479)
2026-04-08 16:54:46  ============================================================
2026-04-08 16:54:46  LOSO SUMMARY
2026-04-08 16:54:46  ============================================================
2026-04-08 16:54:46    User1: 0.4578
2026-04-08 16:54:46    User2: 0.6296
2026-04-08 16:54:46    User3: 0.5547
2026-04-08 16:54:46    User4: 0.6236
2026-04-08 16:54:46    User5: 0.6479
2026-04-08 16:54:46    User6: 0.5560
2026-04-08 16:54:46    User7: 0.4397
2026-04-08 16:54:46    User8: 0.5306
2026-04-08 16:54:46    User9: 0.6191
2026-04-08 16:54:46    User10: 0.5354
2026-04-08 16:54:46    User11: 0.3872
2026-04-08 16:54:46    User12: 0.4010
2026-04-08 16:54:46    Mean accuracy : 0.5319
2026-04-08 16:54:46    Std  accuracy : 0.0876
2026-04-08 16:54:46  ============================================================
2026-04-08 16:54:46  CLASSIFICATION REPORT (all folds combined)
2026-04-08 16:54:46  ============================================================
2026-04-08 16:54:46  
                            precision    recall  f1-score   support

         Sitting – Reading       0.34      0.34      0.34       926
         Sitting – Writing       0.56      0.37      0.44      1022
         Computer – Typing       0.41      0.50      0.45      1022
       Computer – Browsing       0.41      0.45      0.43      1040
Sitting – Moving head/body       0.32      0.33      0.33       896
    Sitting – Moving chair       0.48      0.57      0.52      1023
     Stand up from sitting       0.71      0.66      0.68      1213
                  Standing       0.32      0.25      0.28       679
                   Walking       0.81      0.80      0.80       804
                   Running       0.93      0.84      0.88       786
             Taking stairs       0.46      0.58      0.51       293

                  accuracy                           0.52      9704
                 macro avg       0.52      0.52      0.52      9704
              weighted avg       0.52      0.52      0.52      9704

2026-04-08 16:54:47  Confusion matrix saved to: /home/mahmudm2/codebase/ClassyGlass/scripts/benchmark/figures/deep_conv_lstm_confusion_matrix_W300_S150.png
2026-04-08 16:54:47  Per-subject accuracy chart saved to: /home/mahmudm2/codebase/ClassyGlass/scripts/benchmark/figures/deep_conv_lstm_per_subject_accuracy_W300_S150.png
2026-04-08 16:54:47  ============================================================
2026-04-08 16:54:47  deep_conv_lstm training complete
2026-04-08 16:54:47  ============================================================
