2026-04-08 01:03:04  ============================================================
2026-04-08 01:03:04  deep_conv_lstm  |  window=1000  step=250
2026-04-08 01:03:04  Device  : cuda:0
2026-04-08 01:03:04  Flatten : False
2026-04-08 01:03:04  Log     : /home/mahmudm2/codebase/ClassyGlass/scripts/benchmark/logs/deep_conv_lstm_W1000_S250.log
2026-04-08 01:03:04  Model   : /home/mahmudm2/codebase/ClassyGlass/scripts/benchmark/models/deep_conv_lstm_best_W1000_S250.pth
2026-04-08 01:03:04  Figures : /home/mahmudm2/codebase/ClassyGlass/scripts/benchmark/figures
2026-04-08 01:03:04  ============================================================
2026-04-08 01:03:08  Loaded 5486 windows | window=1000  step=250 | 129 experiments | 12 subjects | 0 experiments skipped
2026-04-08 01:03:09  ────────────────────────────────────────────────────────────
2026-04-08 01:03:09  LOSO fold — held-out: User1 (306 test windows, 5180 train windows)
2026-04-08 01:03:17    epoch   1  loss 1.9519  acc 0.2351  val_loss 1.7729  val_acc 0.2722
2026-04-08 01:03:20    epoch   2  loss 1.7538  acc 0.2919  val_loss 1.6574  val_acc 0.3282
2026-04-08 01:03:22    epoch   3  loss 1.6598  acc 0.2937  val_loss 1.4886  val_acc 0.3977
2026-04-08 01:03:25    epoch   4  loss 1.5228  acc 0.3526  val_loss 1.6515  val_acc 0.3166
2026-04-08 01:03:28    epoch   5  loss 1.5678  acc 0.3432  val_loss 1.5035  val_acc 0.3668
2026-04-08 01:03:30    epoch   6  loss 1.4886  acc 0.3642  val_loss 1.4569  val_acc 0.3842
2026-04-08 01:03:33    epoch   7  loss 1.6753  acc 0.2973  val_loss 1.5498  val_acc 0.3436
2026-04-08 01:03:36    epoch   8  loss 1.5529  acc 0.3449  val_loss 1.4495  val_acc 0.3861
2026-04-08 01:03:38    epoch   9  loss 1.5821  acc 0.3335  val_loss 1.4190  val_acc 0.3938
2026-04-08 01:03:41    epoch  10  loss 1.4578  acc 0.3777  val_loss 1.3623  val_acc 0.4170
2026-04-08 01:03:44    epoch  11  loss 1.3884  acc 0.4035  val_loss 1.3573  val_acc 0.4247
2026-04-08 01:03:47    epoch  12  loss 1.6424  acc 0.3344  val_loss 1.5571  val_acc 0.3243
2026-04-08 01:03:49    epoch  13  loss 1.5020  acc 0.3391  val_loss 1.3904  val_acc 0.3707
2026-04-08 01:03:52    epoch  14  loss 1.4341  acc 0.3754  val_loss 1.4538  val_acc 0.4093
2026-04-08 01:03:55    epoch  15  loss 1.4678  acc 0.3681  val_loss 1.4276  val_acc 0.3668
2026-04-08 01:03:57    epoch  16  loss 1.3908  acc 0.3831  val_loss 1.3019  val_acc 0.4266
2026-04-08 01:04:00    epoch  17  loss 1.4083  acc 0.3882  val_loss 1.3350  val_acc 0.4151
2026-04-08 01:04:03    epoch  18  loss 1.3923  acc 0.3996  val_loss 1.2711  val_acc 0.4324
2026-04-08 01:04:05    epoch  19  loss 1.5224  acc 0.3550  val_loss 1.3773  val_acc 0.3900
2026-04-08 01:04:08    epoch  20  loss 1.3857  acc 0.3878  val_loss 1.3540  val_acc 0.4459
2026-04-08 01:04:11    epoch  21  loss 1.3301  acc 0.4181  val_loss 1.2492  val_acc 0.4402
2026-04-08 01:04:13    epoch  22  loss 1.2926  acc 0.4337  val_loss 1.2647  val_acc 0.4286
2026-04-08 01:04:16    epoch  23  loss 1.3171  acc 0.4273  val_loss 1.2647  val_acc 0.4266
2026-04-08 01:04:19    epoch  24  loss 1.3043  acc 0.4337  val_loss 1.2816  val_acc 0.4633
2026-04-08 01:04:21    epoch  25  loss 1.2853  acc 0.4414  val_loss 1.3032  val_acc 0.4575
2026-04-08 01:04:24    epoch  26  loss 1.2656  acc 0.4444  val_loss 1.2820  val_acc 0.4402
2026-04-08 01:04:27    epoch  27  loss 1.2201  acc 0.4732  val_loss 1.2019  val_acc 0.4517
2026-04-08 01:04:29    epoch  28  loss 1.1922  acc 0.4796  val_loss 1.1833  val_acc 0.4653
2026-04-08 01:04:32    epoch  29  loss 1.1792  acc 0.4970  val_loss 1.1973  val_acc 0.4691
2026-04-08 01:04:35    epoch  30  loss 1.1585  acc 0.5077  val_loss 1.1419  val_acc 0.4942
2026-04-08 01:04:37    epoch  31  loss 1.1550  acc 0.5071  val_loss 1.1427  val_acc 0.5135
2026-04-08 01:04:40    epoch  32  loss 1.1518  acc 0.5142  val_loss 1.1084  val_acc 0.5039
2026-04-08 01:04:43    epoch  33  loss 1.1350  acc 0.5236  val_loss 1.0994  val_acc 0.5077
2026-04-08 01:04:46    epoch  34  loss 1.1155  acc 0.5352  val_loss 1.1865  val_acc 0.4865
2026-04-08 01:04:48    epoch  35  loss 1.1214  acc 0.5277  val_loss 1.1006  val_acc 0.5290
2026-04-08 01:04:51    epoch  36  loss 1.1298  acc 0.5154  val_loss 1.1687  val_acc 0.4942
2026-04-08 01:04:54    epoch  37  loss 1.1211  acc 0.5277  val_loss 1.1066  val_acc 0.5193
2026-04-08 01:04:56    epoch  38  loss 1.0915  acc 0.5427  val_loss 1.1121  val_acc 0.5502
2026-04-08 01:04:59    epoch  39  loss 1.2277  acc 0.5094  val_loss 1.2865  val_acc 0.4459
2026-04-08 01:05:02    epoch  40  loss 1.1435  acc 0.5182  val_loss 1.1171  val_acc 0.5039
2026-04-08 01:05:04    epoch  41  loss 1.0738  acc 0.5498  val_loss 1.0761  val_acc 0.5347
2026-04-08 01:05:07    epoch  42  loss 1.0683  acc 0.5408  val_loss 1.0973  val_acc 0.5097
2026-04-08 01:05:10    epoch  43  loss 1.0487  acc 0.5560  val_loss 1.0899  val_acc 0.5174
2026-04-08 01:05:12    epoch  44  loss 1.0274  acc 0.5708  val_loss 1.0560  val_acc 0.5386
2026-04-08 01:05:15    epoch  45  loss 1.0219  acc 0.5691  val_loss 1.0773  val_acc 0.5463
2026-04-08 01:05:18    epoch  46  loss 1.0238  acc 0.5744  val_loss 1.0971  val_acc 0.5193
2026-04-08 01:05:20    epoch  47  loss 1.0282  acc 0.5695  val_loss 1.0619  val_acc 0.5405
2026-04-08 01:05:23    epoch  48  loss 1.0153  acc 0.5759  val_loss 1.0465  val_acc 0.5560
2026-04-08 01:05:26    epoch  49  loss 1.0052  acc 0.5852  val_loss 1.0405  val_acc 0.5483
2026-04-08 01:05:28    epoch  50  loss 0.9936  acc 0.5841  val_loss 1.0222  val_acc 0.6062
2026-04-08 01:05:31    epoch  51  loss 0.9871  acc 0.5852  val_loss 1.0473  val_acc 0.5483
2026-04-08 01:05:34    epoch  52  loss 0.9888  acc 0.5849  val_loss 1.0146  val_acc 0.5560
2026-04-08 01:05:37    epoch  53  loss 0.9790  acc 0.5845  val_loss 1.0107  val_acc 0.5618
2026-04-08 01:05:39    epoch  54  loss 0.9605  acc 0.5933  val_loss 1.0095  val_acc 0.5676
2026-04-08 01:05:42    epoch  55  loss 0.9809  acc 0.5867  val_loss 1.0525  val_acc 0.5714
2026-04-08 01:05:45    epoch  56  loss 0.9531  acc 0.6085  val_loss 1.0140  val_acc 0.5869
2026-04-08 01:05:47    epoch  57  loss 0.9522  acc 0.6040  val_loss 1.0029  val_acc 0.5965
2026-04-08 01:05:50    epoch  58  loss 0.9289  acc 0.6107  val_loss 1.0138  val_acc 0.5772
2026-04-08 01:05:53    epoch  59  loss 0.9274  acc 0.6154  val_loss 1.0140  val_acc 0.5907
2026-04-08 01:05:55    epoch  60  loss 0.9299  acc 0.6115  val_loss 1.0066  val_acc 0.5676
2026-04-08 01:05:58    epoch  61  loss 0.9362  acc 0.6169  val_loss 1.0241  val_acc 0.5772
2026-04-08 01:06:01    epoch  62  loss 0.9213  acc 0.6205  val_loss 0.9947  val_acc 0.5927
2026-04-08 01:06:03    epoch  63  loss 0.9048  acc 0.6268  val_loss 0.9552  val_acc 0.6062
2026-04-08 01:06:06    epoch  64  loss 0.8825  acc 0.6366  val_loss 0.9596  val_acc 0.5946
2026-04-08 01:06:09    epoch  65  loss 0.8804  acc 0.6373  val_loss 0.9224  val_acc 0.6139
2026-04-08 01:06:11    epoch  66  loss 0.8809  acc 0.6341  val_loss 0.9328  val_acc 0.6274
2026-04-08 01:06:14    epoch  67  loss 0.8630  acc 0.6431  val_loss 0.9623  val_acc 0.6023
2026-04-08 01:06:17    epoch  68  loss 0.9718  acc 0.6103  val_loss 0.9673  val_acc 0.5946
2026-04-08 01:06:20    epoch  69  loss 0.8703  acc 0.6364  val_loss 0.9015  val_acc 0.6332
2026-04-08 01:06:22    epoch  70  loss 0.9142  acc 0.6216  val_loss 0.9189  val_acc 0.6390
2026-04-08 01:06:25    epoch  71  loss 0.8670  acc 0.6431  val_loss 0.9361  val_acc 0.6197
2026-04-08 01:06:28    epoch  72  loss 0.8444  acc 0.6519  val_loss 0.9411  val_acc 0.6062
2026-04-08 01:06:30    epoch  73  loss 0.8733  acc 0.6407  val_loss 0.9264  val_acc 0.6158
2026-04-08 01:06:33    epoch  74  loss 0.8481  acc 0.6495  val_loss 0.9318  val_acc 0.6197
2026-04-08 01:06:36    epoch  75  loss 0.8476  acc 0.6549  val_loss 0.8886  val_acc 0.6409
2026-04-08 01:06:38    epoch  76  loss 0.8385  acc 0.6581  val_loss 0.9064  val_acc 0.6409
2026-04-08 01:06:41    epoch  77  loss 0.8136  acc 0.6628  val_loss 0.8959  val_acc 0.6332
2026-04-08 01:06:44    epoch  78  loss 0.8081  acc 0.6705  val_loss 0.9114  val_acc 0.6351
2026-04-08 01:06:46    epoch  79  loss 0.8005  acc 0.6714  val_loss 0.8755  val_acc 0.6544
2026-04-08 01:06:49    epoch  80  loss 0.8014  acc 0.6699  val_loss 0.8929  val_acc 0.6371
2026-04-08 01:06:52    epoch  81  loss 0.7863  acc 0.6785  val_loss 0.9186  val_acc 0.6255
2026-04-08 01:06:54    epoch  82  loss 0.7885  acc 0.6770  val_loss 0.8949  val_acc 0.6486
2026-04-08 01:06:57    epoch  83  loss 0.7822  acc 0.6793  val_loss 0.8809  val_acc 0.6506
2026-04-08 01:07:00    epoch  84  loss 0.7663  acc 0.6900  val_loss 0.8806  val_acc 0.6409
2026-04-08 01:07:02    epoch  85  loss 0.7627  acc 0.6883  val_loss 0.8891  val_acc 0.6351
2026-04-08 01:07:05    epoch  86  loss 0.7669  acc 0.6885  val_loss 0.8684  val_acc 0.6448
2026-04-08 01:07:08    epoch  87  loss 0.7562  acc 0.6941  val_loss 0.8669  val_acc 0.6544
2026-04-08 01:07:11    epoch  88  loss 0.7496  acc 0.6892  val_loss 0.8884  val_acc 0.6313
2026-04-08 01:07:13    epoch  89  loss 0.7569  acc 0.6928  val_loss 0.8707  val_acc 0.6467
2026-04-08 01:07:16    epoch  90  loss 0.7456  acc 0.6896  val_loss 0.9009  val_acc 0.6313
2026-04-08 01:07:19    epoch  91  loss 0.7439  acc 0.6915  val_loss 0.9479  val_acc 0.6158
2026-04-08 01:07:21    epoch  92  loss 0.7488  acc 0.7008  val_loss 0.8688  val_acc 0.6429
2026-04-08 01:07:24    epoch  93  loss 0.7374  acc 0.6952  val_loss 0.8603  val_acc 0.6448
2026-04-08 01:07:27    epoch  94  loss 0.7278  acc 0.7025  val_loss 0.8857  val_acc 0.6409
2026-04-08 01:07:29    epoch  95  loss 0.7209  acc 0.7057  val_loss 0.8760  val_acc 0.6525
2026-04-08 01:07:32    epoch  96  loss 0.7298  acc 0.7079  val_loss 0.8646  val_acc 0.6448
2026-04-08 01:07:35    epoch  97  loss 0.7327  acc 0.7051  val_loss 0.9038  val_acc 0.6313
2026-04-08 01:07:37    epoch  98  loss 0.7369  acc 0.7059  val_loss 0.8764  val_acc 0.6332
2026-04-08 01:07:40    epoch  99  loss 0.7196  acc 0.7111  val_loss 0.8807  val_acc 0.6313
2026-04-08 01:07:43    epoch 100  loss 0.7188  acc 0.7070  val_loss 0.8736  val_acc 0.6448
2026-04-08 01:07:43    User1 accuracy: 0.4444
2026-04-08 01:07:43    ✓ New best model saved (User1 held out, acc=0.4444)
2026-04-08 01:07:44  ────────────────────────────────────────────────────────────
2026-04-08 01:07:44  LOSO fold — held-out: User2 (279 test windows, 5207 train windows)
2026-04-08 01:07:47    epoch   1  loss 2.0987  acc 0.2050  val_loss 1.8973  val_acc 0.2462
2026-04-08 01:07:49    epoch   2  loss 1.8199  acc 0.2859  val_loss 1.7035  val_acc 0.3115
2026-04-08 01:07:52    epoch   3  loss 1.7393  acc 0.2827  val_loss 1.6058  val_acc 0.2750
2026-04-08 01:07:55    epoch   4  loss 1.7796  acc 0.2742  val_loss 1.6962  val_acc 0.3192
2026-04-08 01:07:58    epoch   5  loss 1.7076  acc 0.3000  val_loss 1.5599  val_acc 0.3308
2026-04-08 01:08:00    epoch   6  loss 1.6580  acc 0.3194  val_loss 1.4542  val_acc 0.4269
2026-04-08 01:08:03    epoch   7  loss 1.6822  acc 0.3190  val_loss 1.5920  val_acc 0.3981
2026-04-08 01:08:06    epoch   8  loss 1.7532  acc 0.3030  val_loss 1.4950  val_acc 0.3712
2026-04-08 01:08:08    epoch   9  loss 1.6734  acc 0.3134  val_loss 1.6112  val_acc 0.3577
2026-04-08 01:08:11    epoch  10  loss 1.5365  acc 0.3429  val_loss 1.4415  val_acc 0.3962
2026-04-08 01:08:14    epoch  11  loss 1.4069  acc 0.3941  val_loss 1.3148  val_acc 0.4173
2026-04-08 01:08:17    epoch  12  loss 1.3887  acc 0.3943  val_loss 1.2850  val_acc 0.4538
2026-04-08 01:08:19    epoch  13  loss 1.3618  acc 0.4013  val_loss 1.9577  val_acc 0.2981
2026-04-08 01:08:22    epoch  14  loss 1.4861  acc 0.3747  val_loss 1.4278  val_acc 0.4231
2026-04-08 01:08:25    epoch  15  loss 1.4237  acc 0.3847  val_loss 1.2989  val_acc 0.4423
2026-04-08 01:08:27    epoch  16  loss 2.0501  acc 0.2821  val_loss 1.7085  val_acc 0.3173
2026-04-08 01:08:30    epoch  17  loss 1.7901  acc 0.2701  val_loss 1.5544  val_acc 0.3442
2026-04-08 01:08:33    epoch  18  loss 1.6012  acc 0.3230  val_loss 1.5044  val_acc 0.3596
2026-04-08 01:08:35    epoch  19  loss 1.5156  acc 0.3567  val_loss 1.4430  val_acc 0.3577
2026-04-08 01:08:38    epoch  20  loss 1.4685  acc 0.3680  val_loss 1.5147  val_acc 0.3635
2026-04-08 01:08:38    Early stopping at epoch 20
2026-04-08 01:08:38    User2 accuracy: 0.4875
2026-04-08 01:08:38    ✓ New best model saved (User2 held out, acc=0.4875)
2026-04-08 01:08:39  ────────────────────────────────────────────────────────────
2026-04-08 01:08:39  LOSO fold — held-out: User3 (280 test windows, 5206 train windows)
2026-04-08 01:08:42    epoch   1  loss 1.9953  acc 0.2371  val_loss 2.0503  val_acc 0.2365
2026-04-08 01:08:45    epoch   2  loss 1.9284  acc 0.2373  val_loss 1.7725  val_acc 0.2327
2026-04-08 01:08:48    epoch   3  loss 1.8498  acc 0.2443  val_loss 1.7473  val_acc 0.3192
2026-04-08 01:08:50    epoch   4  loss 1.7801  acc 0.2785  val_loss 1.7306  val_acc 0.2788
2026-04-08 01:08:53    epoch   5  loss 1.6688  acc 0.2992  val_loss 1.5300  val_acc 0.3423
2026-04-08 01:08:56    epoch   6  loss 1.6240  acc 0.3088  val_loss 1.5362  val_acc 0.3712
2026-04-08 01:08:58    epoch   7  loss 1.6199  acc 0.3293  val_loss 1.5360  val_acc 0.3558
2026-04-08 01:09:01    epoch   8  loss 1.5918  acc 0.3178  val_loss 1.5642  val_acc 0.2981
2026-04-08 01:09:04    epoch   9  loss 1.5582  acc 0.3406  val_loss 1.5185  val_acc 0.3500
2026-04-08 01:09:07    epoch  10  loss 1.5055  acc 0.3549  val_loss 1.5191  val_acc 0.3327
2026-04-08 01:09:09    epoch  11  loss 1.5107  acc 0.3551  val_loss 1.4675  val_acc 0.3827
2026-04-08 01:09:12    epoch  12  loss 1.4674  acc 0.3715  val_loss 1.4121  val_acc 0.3615
2026-04-08 01:09:15    epoch  13  loss 1.5583  acc 0.3560  val_loss 1.5449  val_acc 0.3712
2026-04-08 01:09:17    epoch  14  loss 1.5061  acc 0.3519  val_loss 1.4356  val_acc 0.3692
2026-04-08 01:09:20    epoch  15  loss 1.4650  acc 0.3664  val_loss 1.4593  val_acc 0.3788
2026-04-08 01:09:23    epoch  16  loss 1.4551  acc 0.3660  val_loss 1.4290  val_acc 0.3846
2026-04-08 01:09:25    epoch  17  loss 1.4421  acc 0.3845  val_loss 1.4019  val_acc 0.3827
2026-04-08 01:09:28    epoch  18  loss 1.4508  acc 0.3679  val_loss 1.4354  val_acc 0.3769
2026-04-08 01:09:31    epoch  19  loss 1.4311  acc 0.3880  val_loss 1.4018  val_acc 0.3827
2026-04-08 01:09:34    epoch  20  loss 1.5726  acc 0.3536  val_loss 1.5941  val_acc 0.2750
2026-04-08 01:09:36    epoch  21  loss 1.5999  acc 0.3165  val_loss 1.5191  val_acc 0.3327
2026-04-08 01:09:39    epoch  22  loss 1.5146  acc 0.3519  val_loss 1.4401  val_acc 0.3827
2026-04-08 01:09:42    epoch  23  loss 1.4411  acc 0.3762  val_loss 1.3868  val_acc 0.4115
2026-04-08 01:09:44    epoch  24  loss 1.4354  acc 0.3833  val_loss 1.3823  val_acc 0.3654
2026-04-08 01:09:47    epoch  25  loss 1.4426  acc 0.3841  val_loss 1.3966  val_acc 0.4019
2026-04-08 01:09:50    epoch  26  loss 1.4150  acc 0.3924  val_loss 1.3730  val_acc 0.3942
2026-04-08 01:09:52    epoch  27  loss 1.3932  acc 0.3965  val_loss 1.3645  val_acc 0.4115
2026-04-08 01:09:55    epoch  28  loss 1.4186  acc 0.3961  val_loss 1.3619  val_acc 0.4346
2026-04-08 01:09:58    epoch  29  loss 1.3874  acc 0.4080  val_loss 1.3700  val_acc 0.3769
2026-04-08 01:10:01    epoch  30  loss 1.3597  acc 0.4200  val_loss 1.3426  val_acc 0.4077
2026-04-08 01:10:03    epoch  31  loss 1.3786  acc 0.4010  val_loss 1.3563  val_acc 0.3981
2026-04-08 01:10:06    epoch  32  loss 1.4493  acc 0.3899  val_loss 1.3723  val_acc 0.3962
2026-04-08 01:10:09    epoch  33  loss 1.3803  acc 0.4112  val_loss 1.3464  val_acc 0.4019
2026-04-08 01:10:11    epoch  34  loss 1.3605  acc 0.4029  val_loss 1.3343  val_acc 0.4327
2026-04-08 01:10:14    epoch  35  loss 1.3529  acc 0.4119  val_loss 1.4036  val_acc 0.3942
2026-04-08 01:10:17    epoch  36  loss 1.3756  acc 0.4159  val_loss 1.3245  val_acc 0.4327
2026-04-08 01:10:19    epoch  37  loss 1.3648  acc 0.4153  val_loss 1.3608  val_acc 0.4154
2026-04-08 01:10:22    epoch  38  loss 1.3980  acc 0.3944  val_loss 1.3576  val_acc 0.4192
2026-04-08 01:10:25    epoch  39  loss 1.3542  acc 0.4215  val_loss 1.3291  val_acc 0.4096
2026-04-08 01:10:28    epoch  40  loss 1.3658  acc 0.4183  val_loss 1.3371  val_acc 0.4135
2026-04-08 01:10:30    epoch  41  loss 1.3676  acc 0.4091  val_loss 1.3262  val_acc 0.4096
2026-04-08 01:10:33    epoch  42  loss 1.3158  acc 0.4452  val_loss 1.2962  val_acc 0.4462
2026-04-08 01:10:36    epoch  43  loss 1.2920  acc 0.4575  val_loss 1.2820  val_acc 0.4423
2026-04-08 01:10:38    epoch  44  loss 1.2991  acc 0.4490  val_loss 1.3041  val_acc 0.4269
2026-04-08 01:10:41    epoch  45  loss 1.2913  acc 0.4424  val_loss 1.2749  val_acc 0.4577
2026-04-08 01:10:44    epoch  46  loss 1.2699  acc 0.4520  val_loss 1.2609  val_acc 0.4635
2026-04-08 01:10:47    epoch  47  loss 1.2516  acc 0.4605  val_loss 1.2442  val_acc 0.4673
2026-04-08 01:10:49    epoch  48  loss 1.2812  acc 0.4597  val_loss 1.2374  val_acc 0.4654
2026-04-08 01:10:52    epoch  49  loss 1.2511  acc 0.4712  val_loss 1.2315  val_acc 0.4712
2026-04-08 01:10:55    epoch  50  loss 1.2609  acc 0.4531  val_loss 1.2682  val_acc 0.4462
2026-04-08 01:10:57    epoch  51  loss 1.2375  acc 0.4716  val_loss 1.2310  val_acc 0.4750
2026-04-08 01:11:00    epoch  52  loss 1.2246  acc 0.4806  val_loss 1.2404  val_acc 0.4596
2026-04-08 01:11:03    epoch  53  loss 1.2226  acc 0.4776  val_loss 1.2215  val_acc 0.4750
2026-04-08 01:11:05    epoch  54  loss 1.2111  acc 0.4812  val_loss 1.2094  val_acc 0.4769
2026-04-08 01:11:08    epoch  55  loss 1.1965  acc 0.4883  val_loss 1.2509  val_acc 0.4615
2026-04-08 01:11:11    epoch  56  loss 1.1814  acc 0.4964  val_loss 1.1949  val_acc 0.4500
2026-04-08 01:11:14    epoch  57  loss 1.2038  acc 0.4799  val_loss 1.2255  val_acc 0.4346
2026-04-08 01:11:16    epoch  58  loss 1.2531  acc 0.4622  val_loss 1.1895  val_acc 0.4673
2026-04-08 01:11:19    epoch  59  loss 1.1677  acc 0.4981  val_loss 1.1807  val_acc 0.4923
2026-04-08 01:11:22    epoch  60  loss 1.2159  acc 0.4838  val_loss 1.1781  val_acc 0.4808
2026-04-08 01:11:24    epoch  61  loss 1.1504  acc 0.5145  val_loss 1.1424  val_acc 0.5173
2026-04-08 01:11:27    epoch  62  loss 1.1461  acc 0.5164  val_loss 1.1418  val_acc 0.5019
2026-04-08 01:11:30    epoch  63  loss 1.1580  acc 0.5120  val_loss 1.1559  val_acc 0.5000
2026-04-08 01:11:33    epoch  64  loss 1.1328  acc 0.5250  val_loss 1.1614  val_acc 0.4981
2026-04-08 01:11:35    epoch  65  loss 1.1286  acc 0.5128  val_loss 1.1371  val_acc 0.4904
2026-04-08 01:11:38    epoch  66  loss 1.1544  acc 0.5053  val_loss 1.1639  val_acc 0.4885
2026-04-08 01:11:41    epoch  67  loss 1.1352  acc 0.5152  val_loss 1.1109  val_acc 0.5019
2026-04-08 01:11:43    epoch  68  loss 1.1471  acc 0.5122  val_loss 1.1767  val_acc 0.4808
2026-04-08 01:11:46    epoch  69  loss 1.1270  acc 0.5122  val_loss 1.1786  val_acc 0.4673
2026-04-08 01:11:49    epoch  70  loss 1.1091  acc 0.5271  val_loss 1.1386  val_acc 0.4692
2026-04-08 01:11:52    epoch  71  loss 1.2204  acc 0.5060  val_loss 1.1686  val_acc 0.4904
2026-04-08 01:11:54    epoch  72  loss 1.1538  acc 0.5113  val_loss 1.1396  val_acc 0.5115
2026-04-08 01:11:57    epoch  73  loss 1.1169  acc 0.5303  val_loss 1.0965  val_acc 0.5346
2026-04-08 01:12:00    epoch  74  loss 1.1308  acc 0.5305  val_loss 1.1018  val_acc 0.5250
2026-04-08 01:12:02    epoch  75  loss 1.0993  acc 0.5391  val_loss 1.0868  val_acc 0.5404
2026-04-08 01:12:05    epoch  76  loss 1.0860  acc 0.5450  val_loss 1.0800  val_acc 0.5385
2026-04-08 01:12:08    epoch  77  loss 1.0840  acc 0.5472  val_loss 1.0764  val_acc 0.5423
2026-04-08 01:12:11    epoch  78  loss 1.0724  acc 0.5578  val_loss 1.0988  val_acc 0.5250
2026-04-08 01:12:13    epoch  79  loss 1.0799  acc 0.5435  val_loss 1.0654  val_acc 0.5442
2026-04-08 01:12:16    epoch  80  loss 1.0600  acc 0.5570  val_loss 1.0697  val_acc 0.5288
2026-04-08 01:12:19    epoch  81  loss 1.0544  acc 0.5563  val_loss 1.0714  val_acc 0.5462
2026-04-08 01:12:21    epoch  82  loss 1.0503  acc 0.5683  val_loss 1.0574  val_acc 0.5558
2026-04-08 01:12:24    epoch  83  loss 1.0415  acc 0.5694  val_loss 1.0752  val_acc 0.5538
2026-04-08 01:12:27    epoch  84  loss 1.0466  acc 0.5649  val_loss 1.0663  val_acc 0.5577
2026-04-08 01:12:30    epoch  85  loss 1.0569  acc 0.5662  val_loss 1.0978  val_acc 0.5346
2026-04-08 01:12:32    epoch  86  loss 1.0461  acc 0.5698  val_loss 1.0618  val_acc 0.5404
2026-04-08 01:12:35    epoch  87  loss 1.0425  acc 0.5679  val_loss 1.0641  val_acc 0.5500
2026-04-08 01:12:38    epoch  88  loss 1.0297  acc 0.5785  val_loss 1.0537  val_acc 0.5577
2026-04-08 01:12:40    epoch  89  loss 1.0061  acc 0.5787  val_loss 1.0392  val_acc 0.5712
2026-04-08 01:12:43    epoch  90  loss 1.0138  acc 0.5779  val_loss 1.0445  val_acc 0.5788
2026-04-08 01:12:46    epoch  91  loss 1.0072  acc 0.5841  val_loss 1.0437  val_acc 0.5692
2026-04-08 01:12:48    epoch  92  loss 1.0046  acc 0.5888  val_loss 1.0428  val_acc 0.5673
2026-04-08 01:12:51    epoch  93  loss 1.0024  acc 0.5890  val_loss 1.0286  val_acc 0.5692
2026-04-08 01:12:54    epoch  94  loss 0.9994  acc 0.5915  val_loss 1.0338  val_acc 0.5846
2026-04-08 01:12:57    epoch  95  loss 0.9936  acc 0.5871  val_loss 1.0264  val_acc 0.5769
2026-04-08 01:12:59    epoch  96  loss 0.9818  acc 0.5999  val_loss 1.0308  val_acc 0.5731
2026-04-08 01:13:02    epoch  97  loss 0.9854  acc 0.5958  val_loss 1.0474  val_acc 0.5654
2026-04-08 01:13:05    epoch  98  loss 0.9807  acc 0.5994  val_loss 1.0426  val_acc 0.5635
2026-04-08 01:13:07    epoch  99  loss 0.9789  acc 0.6005  val_loss 1.0534  val_acc 0.5635
2026-04-08 01:13:10    epoch 100  loss 0.9818  acc 0.5969  val_loss 1.0253  val_acc 0.5712
2026-04-08 01:13:10    User3 accuracy: 0.5464
2026-04-08 01:13:10    ✓ New best model saved (User3 held out, acc=0.5464)
2026-04-08 01:13:12  ────────────────────────────────────────────────────────────
2026-04-08 01:13:12  LOSO fold — held-out: User4 (296 test windows, 5190 train windows)
2026-04-08 01:13:14    epoch   1  loss 2.0146  acc 0.2338  val_loss 1.6816  val_acc 0.3353
2026-04-08 01:13:17    epoch   2  loss 1.8143  acc 0.2721  val_loss 2.0883  val_acc 0.2543
2026-04-08 01:13:20    epoch   3  loss 1.6830  acc 0.3171  val_loss 1.4922  val_acc 0.3468
2026-04-08 01:13:22    epoch   4  loss 1.6501  acc 0.3109  val_loss 1.5738  val_acc 0.3179
2026-04-08 01:13:25    epoch   5  loss 1.6176  acc 0.3335  val_loss 1.4776  val_acc 0.3276
2026-04-08 01:13:28    epoch   6  loss 1.5797  acc 0.3413  val_loss 1.4196  val_acc 0.4008
2026-04-08 01:13:30    epoch   7  loss 1.6965  acc 0.3014  val_loss 1.6162  val_acc 0.3468
2026-04-08 01:13:33    epoch   8  loss 1.6300  acc 0.3192  val_loss 1.5401  val_acc 0.3642
2026-04-08 01:13:36    epoch   9  loss 1.6210  acc 0.3119  val_loss 1.5514  val_acc 0.3314
2026-04-08 01:13:39    epoch  10  loss 1.7826  acc 0.2858  val_loss 1.4625  val_acc 0.3680
2026-04-08 01:13:41    epoch  11  loss 1.5479  acc 0.3483  val_loss 1.4209  val_acc 0.3873
2026-04-08 01:13:44    epoch  12  loss 1.4943  acc 0.3590  val_loss 1.4156  val_acc 0.3873
2026-04-08 01:13:47    epoch  13  loss 1.4870  acc 0.3532  val_loss 1.3851  val_acc 0.3931
2026-04-08 01:13:49    epoch  14  loss 1.4611  acc 0.3663  val_loss 1.3581  val_acc 0.3854
2026-04-08 01:13:52    epoch  15  loss 1.4574  acc 0.3665  val_loss 1.4101  val_acc 0.4239
2026-04-08 01:13:55    epoch  16  loss 1.4630  acc 0.3732  val_loss 1.3574  val_acc 0.3988
2026-04-08 01:13:57    epoch  17  loss 1.4647  acc 0.3708  val_loss 1.3997  val_acc 0.4008
2026-04-08 01:14:00    epoch  18  loss 1.4693  acc 0.3768  val_loss 1.3787  val_acc 0.4181
2026-04-08 01:14:03    epoch  19  loss 1.4389  acc 0.3817  val_loss 1.3367  val_acc 0.4162
2026-04-08 01:14:06    epoch  20  loss 1.4206  acc 0.4021  val_loss 1.3541  val_acc 0.4335
2026-04-08 01:14:08    epoch  21  loss 1.4289  acc 0.3892  val_loss 1.3545  val_acc 0.4027
2026-04-08 01:14:11    epoch  22  loss 1.4077  acc 0.3958  val_loss 1.3483  val_acc 0.4066
2026-04-08 01:14:14    epoch  23  loss 1.4440  acc 0.3770  val_loss 1.3375  val_acc 0.4123
2026-04-08 01:14:16    epoch  24  loss 1.4395  acc 0.3796  val_loss 1.3315  val_acc 0.4432
2026-04-08 01:14:19    epoch  25  loss 1.4000  acc 0.3877  val_loss 1.3065  val_acc 0.4123
2026-04-08 01:14:22    epoch  26  loss 1.5366  acc 0.3558  val_loss 1.3834  val_acc 0.4239
2026-04-08 01:14:24    epoch  27  loss 1.4450  acc 0.3918  val_loss 1.3465  val_acc 0.4027
2026-04-08 01:14:27    epoch  28  loss 1.4237  acc 0.3832  val_loss 1.3359  val_acc 0.4355
2026-04-08 01:14:30    epoch  29  loss 1.4158  acc 0.3854  val_loss 1.3219  val_acc 0.4393
2026-04-08 01:14:32    epoch  30  loss 1.4325  acc 0.4010  val_loss 1.3859  val_acc 0.4008
2026-04-08 01:14:35    epoch  31  loss 1.3911  acc 0.4066  val_loss 1.2933  val_acc 0.4547
2026-04-08 01:14:38    epoch  32  loss 1.3702  acc 0.4089  val_loss 1.2977  val_acc 0.4528
2026-04-08 01:14:41    epoch  33  loss 1.3640  acc 0.4209  val_loss 1.2935  val_acc 0.4451
2026-04-08 01:14:43    epoch  34  loss 1.3512  acc 0.4290  val_loss 1.3053  val_acc 0.4489
2026-04-08 01:14:46    epoch  35  loss 1.3828  acc 0.4053  val_loss 1.3404  val_acc 0.4432
2026-04-08 01:14:49    epoch  36  loss 1.3634  acc 0.4267  val_loss 1.2922  val_acc 0.4316
2026-04-08 01:14:51    epoch  37  loss 1.3428  acc 0.4402  val_loss 1.2809  val_acc 0.4509
2026-04-08 01:14:54    epoch  38  loss 1.3590  acc 0.4168  val_loss 1.2789  val_acc 0.4566
2026-04-08 01:14:57    epoch  39  loss 1.3368  acc 0.4333  val_loss 1.2722  val_acc 0.4566
2026-04-08 01:15:00    epoch  40  loss 1.3292  acc 0.4350  val_loss 1.3005  val_acc 0.4355
2026-04-08 01:15:02    epoch  41  loss 1.3101  acc 0.4404  val_loss 1.2731  val_acc 0.4566
2026-04-08 01:15:05    epoch  42  loss 1.3698  acc 0.4196  val_loss 1.2990  val_acc 0.4489
2026-04-08 01:15:08    epoch  43  loss 1.3400  acc 0.4329  val_loss 1.2724  val_acc 0.4489
2026-04-08 01:15:10    epoch  44  loss 1.3089  acc 0.4432  val_loss 1.2314  val_acc 0.4740
2026-04-08 01:15:13    epoch  45  loss 1.3092  acc 0.4432  val_loss 1.2542  val_acc 0.4663
2026-04-08 01:15:16    epoch  46  loss 1.3014  acc 0.4468  val_loss 1.2429  val_acc 0.4624
2026-04-08 01:15:18    epoch  47  loss 1.3081  acc 0.4434  val_loss 1.2266  val_acc 0.4644
2026-04-08 01:15:21    epoch  48  loss 1.2749  acc 0.4590  val_loss 1.1961  val_acc 0.5048
2026-04-08 01:15:24    epoch  49  loss 1.2884  acc 0.4517  val_loss 1.2197  val_acc 0.4644
2026-04-08 01:15:26    epoch  50  loss 1.2776  acc 0.4558  val_loss 1.1980  val_acc 0.4701
2026-04-08 01:15:29    epoch  51  loss 1.2582  acc 0.4605  val_loss 1.2862  val_acc 0.4644
2026-04-08 01:15:32    epoch  52  loss 1.3023  acc 0.4464  val_loss 1.2139  val_acc 0.4836
2026-04-08 01:15:34    epoch  53  loss 1.2710  acc 0.4453  val_loss 1.1874  val_acc 0.4798
2026-04-08 01:15:37    epoch  54  loss 1.2551  acc 0.4554  val_loss 1.2372  val_acc 0.4836
2026-04-08 01:15:40    epoch  55  loss 1.2330  acc 0.4691  val_loss 1.1444  val_acc 0.5067
2026-04-08 01:15:43    epoch  56  loss 1.2394  acc 0.4596  val_loss 1.1558  val_acc 0.5067
2026-04-08 01:15:45    epoch  57  loss 1.2364  acc 0.4733  val_loss 1.1582  val_acc 0.4913
2026-04-08 01:15:48    epoch  58  loss 1.2223  acc 0.4853  val_loss 1.1457  val_acc 0.5260
2026-04-08 01:15:51    epoch  59  loss 1.1965  acc 0.4903  val_loss 1.1439  val_acc 0.5029
2026-04-08 01:15:53    epoch  60  loss 1.2299  acc 0.4817  val_loss 1.1441  val_acc 0.5087
2026-04-08 01:15:56    epoch  61  loss 1.2544  acc 0.4770  val_loss 1.2139  val_acc 0.4759
2026-04-08 01:15:59    epoch  62  loss 1.2013  acc 0.4898  val_loss 1.1604  val_acc 0.4952
2026-04-08 01:16:01    epoch  63  loss 1.1852  acc 0.4960  val_loss 1.1373  val_acc 0.5164
2026-04-08 01:16:04    epoch  64  loss 1.1844  acc 0.4993  val_loss 1.1451  val_acc 0.5125
2026-04-08 01:16:07    epoch  65  loss 1.1696  acc 0.5016  val_loss 1.1334  val_acc 0.5145
2026-04-08 01:16:10    epoch  66  loss 1.1958  acc 0.4997  val_loss 1.1201  val_acc 0.5318
2026-04-08 01:16:12    epoch  67  loss 1.1614  acc 0.4993  val_loss 1.1087  val_acc 0.5337
2026-04-08 01:16:15    epoch  68  loss 1.1777  acc 0.5078  val_loss 1.1165  val_acc 0.5145
2026-04-08 01:16:18    epoch  69  loss 1.1710  acc 0.5020  val_loss 1.0944  val_acc 0.5260
2026-04-08 01:16:20    epoch  70  loss 1.1490  acc 0.5179  val_loss 1.1009  val_acc 0.5318
2026-04-08 01:16:23    epoch  71  loss 1.1441  acc 0.5132  val_loss 1.1283  val_acc 0.5318
2026-04-08 01:16:26    epoch  72  loss 1.1322  acc 0.5243  val_loss 1.0774  val_acc 0.5414
2026-04-08 01:16:29    epoch  73  loss 1.1776  acc 0.5072  val_loss 1.1293  val_acc 0.5087
2026-04-08 01:16:31    epoch  74  loss 1.1460  acc 0.5264  val_loss 1.0661  val_acc 0.5395
2026-04-08 01:16:34    epoch  75  loss 1.1055  acc 0.5356  val_loss 1.0887  val_acc 0.5260
2026-04-08 01:16:37    epoch  76  loss 1.0957  acc 0.5348  val_loss 1.0758  val_acc 0.5241
2026-04-08 01:16:39    epoch  77  loss 1.0912  acc 0.5359  val_loss 1.1530  val_acc 0.5145
2026-04-08 01:16:42    epoch  78  loss 1.0985  acc 0.5421  val_loss 1.0557  val_acc 0.5491
2026-04-08 01:16:45    epoch  79  loss 1.0809  acc 0.5337  val_loss 1.0183  val_acc 0.5549
2026-04-08 01:16:48    epoch  80  loss 1.0921  acc 0.5361  val_loss 1.0676  val_acc 0.5202
2026-04-08 01:16:50    epoch  81  loss 1.0838  acc 0.5386  val_loss 1.0850  val_acc 0.5530
2026-04-08 01:16:53    epoch  82  loss 1.1109  acc 0.5299  val_loss 1.0612  val_acc 0.5279
2026-04-08 01:16:56    epoch  83  loss 1.0850  acc 0.5352  val_loss 1.0723  val_acc 0.5395
2026-04-08 01:16:58    epoch  84  loss 1.0769  acc 0.5459  val_loss 1.0763  val_acc 0.5414
2026-04-08 01:17:01    epoch  85  loss 1.0517  acc 0.5538  val_loss 1.0944  val_acc 0.5241
2026-04-08 01:17:04    epoch  86  loss 1.0453  acc 0.5594  val_loss 1.0529  val_acc 0.5780
2026-04-08 01:17:06    epoch  87  loss 1.0168  acc 0.5588  val_loss 1.0377  val_acc 0.5703
2026-04-08 01:17:06    Early stopping at epoch 87
2026-04-08 01:17:06    User4 accuracy: 0.5372
2026-04-08 01:17:08  ────────────────────────────────────────────────────────────
2026-04-08 01:17:08  LOSO fold — held-out: User5 (291 test windows, 5195 train windows)
2026-04-08 01:17:10    epoch   1  loss 1.9787  acc 0.2228  val_loss 1.7834  val_acc 0.2852
2026-04-08 01:17:13    epoch   2  loss 1.7852  acc 0.2774  val_loss 1.6636  val_acc 0.3372
2026-04-08 01:17:16    epoch   3  loss 1.7797  acc 0.2859  val_loss 1.8544  val_acc 0.2755
2026-04-08 01:17:18    epoch   4  loss 1.6982  acc 0.2970  val_loss 1.5315  val_acc 0.3719
2026-04-08 01:17:21    epoch   5  loss 1.5829  acc 0.3325  val_loss 1.4682  val_acc 0.3873
2026-04-08 01:17:24    epoch   6  loss 1.5559  acc 0.3469  val_loss 1.6118  val_acc 0.3141
2026-04-08 01:17:27    epoch   7  loss 1.6151  acc 0.3212  val_loss 1.5686  val_acc 0.3642
2026-04-08 01:17:29    epoch   8  loss 1.6067  acc 0.3392  val_loss 1.4877  val_acc 0.3699
2026-04-08 01:17:32    epoch   9  loss 1.4607  acc 0.3822  val_loss 1.4286  val_acc 0.3642
2026-04-08 01:17:35    epoch  10  loss 1.5513  acc 0.3473  val_loss 1.3402  val_acc 0.4104
2026-04-08 01:17:37    epoch  11  loss 1.4173  acc 0.3826  val_loss 1.3853  val_acc 0.4316
2026-04-08 01:17:40    epoch  12  loss 1.3513  acc 0.4031  val_loss 1.3420  val_acc 0.4335
2026-04-08 01:17:43    epoch  13  loss 1.4086  acc 0.3973  val_loss 1.3484  val_acc 0.4509
2026-04-08 01:17:45    epoch  14  loss 1.5391  acc 0.3623  val_loss 1.4801  val_acc 0.3699
2026-04-08 01:17:48    epoch  15  loss 1.3985  acc 0.3971  val_loss 1.3234  val_acc 0.4451
2026-04-08 01:17:51    epoch  16  loss 1.4114  acc 0.3971  val_loss 1.3844  val_acc 0.4162
2026-04-08 01:17:54    epoch  17  loss 1.3865  acc 0.4130  val_loss 1.3041  val_acc 0.4143
2026-04-08 01:17:56    epoch  18  loss 1.3234  acc 0.4343  val_loss 1.2761  val_acc 0.4374
2026-04-08 01:17:59    epoch  19  loss 1.4799  acc 0.4083  val_loss 1.2766  val_acc 0.4624
2026-04-08 01:18:02    epoch  20  loss 1.3364  acc 0.4474  val_loss 1.2702  val_acc 0.4489
2026-04-08 01:18:04    epoch  21  loss 1.2926  acc 0.4671  val_loss 1.2606  val_acc 0.4740
2026-04-08 01:18:07    epoch  22  loss 1.2952  acc 0.4581  val_loss 1.2289  val_acc 0.4971
2026-04-08 01:18:10    epoch  23  loss 1.2736  acc 0.4647  val_loss 1.1659  val_acc 0.4817
2026-04-08 01:18:13    epoch  24  loss 1.1819  acc 0.5079  val_loss 1.4453  val_acc 0.4547
2026-04-08 01:18:15    epoch  25  loss 1.2617  acc 0.4694  val_loss 1.1864  val_acc 0.4952
2026-04-08 01:18:18    epoch  26  loss 1.2169  acc 0.4863  val_loss 1.1523  val_acc 0.5087
2026-04-08 01:18:21    epoch  27  loss 1.2123  acc 0.4927  val_loss 1.1228  val_acc 0.5048
2026-04-08 01:18:23    epoch  28  loss 1.1256  acc 0.5225  val_loss 1.1118  val_acc 0.5010
2026-04-08 01:18:26    epoch  29  loss 1.1822  acc 0.5041  val_loss 1.0811  val_acc 0.5164
2026-04-08 01:18:29    epoch  30  loss 1.1202  acc 0.5342  val_loss 1.1368  val_acc 0.5222
2026-04-08 01:18:32    epoch  31  loss 1.2220  acc 0.5004  val_loss 1.1061  val_acc 0.5414
2026-04-08 01:18:34    epoch  32  loss 1.1984  acc 0.5139  val_loss 1.0909  val_acc 0.5472
2026-04-08 01:18:37    epoch  33  loss 1.0953  acc 0.5372  val_loss 1.0571  val_acc 0.5568
2026-04-08 01:18:40    epoch  34  loss 1.1499  acc 0.5188  val_loss 1.3207  val_acc 0.4509
2026-04-08 01:18:42    epoch  35  loss 1.1225  acc 0.5244  val_loss 1.0467  val_acc 0.5568
2026-04-08 01:18:45    epoch  36  loss 1.0577  acc 0.5580  val_loss 1.2204  val_acc 0.5106
2026-04-08 01:18:48    epoch  37  loss 1.0889  acc 0.5376  val_loss 1.0574  val_acc 0.5665
2026-04-08 01:18:50    epoch  38  loss 1.0623  acc 0.5547  val_loss 1.0546  val_acc 0.5645
2026-04-08 01:18:53    epoch  39  loss 1.0182  acc 0.5693  val_loss 1.0348  val_acc 0.5414
2026-04-08 01:18:56    epoch  40  loss 1.0017  acc 0.5866  val_loss 0.9680  val_acc 0.5896
2026-04-08 01:18:59    epoch  41  loss 0.9472  acc 0.5984  val_loss 0.8848  val_acc 0.6435
2026-04-08 01:19:01    epoch  42  loss 0.9405  acc 0.5956  val_loss 0.9538  val_acc 0.5819
2026-04-08 01:19:04    epoch  43  loss 0.9556  acc 0.5937  val_loss 1.0569  val_acc 0.5414
2026-04-08 01:19:07    epoch  44  loss 0.9368  acc 0.5984  val_loss 0.9397  val_acc 0.6069
2026-04-08 01:19:09    epoch  45  loss 0.9276  acc 0.6052  val_loss 0.9384  val_acc 0.6089
2026-04-08 01:19:12    epoch  46  loss 0.8806  acc 0.6290  val_loss 0.8778  val_acc 0.6301
2026-04-08 01:19:15    epoch  47  loss 1.1376  acc 0.5428  val_loss 1.0403  val_acc 0.5549
2026-04-08 01:19:18    epoch  48  loss 1.0116  acc 0.5798  val_loss 0.9669  val_acc 0.5954
2026-04-08 01:19:20    epoch  49  loss 0.9288  acc 0.6050  val_loss 0.9223  val_acc 0.5877
2026-04-08 01:19:23    epoch  50  loss 0.9151  acc 0.6146  val_loss 0.8902  val_acc 0.6185
2026-04-08 01:19:26    epoch  51  loss 0.9583  acc 0.6106  val_loss 1.1395  val_acc 0.5318
2026-04-08 01:19:28    epoch  52  loss 0.9477  acc 0.6005  val_loss 0.8685  val_acc 0.6204
2026-04-08 01:19:31    epoch  53  loss 0.8366  acc 0.6433  val_loss 0.8399  val_acc 0.6416
2026-04-08 01:19:34    epoch  54  loss 0.7895  acc 0.6591  val_loss 0.7940  val_acc 0.6416
2026-04-08 01:19:36    epoch  55  loss 0.7834  acc 0.6617  val_loss 0.8268  val_acc 0.6435
2026-04-08 01:19:39    epoch  56  loss 0.7527  acc 0.6741  val_loss 0.7927  val_acc 0.6532
2026-04-08 01:19:42    epoch  57  loss 0.7381  acc 0.6878  val_loss 0.7790  val_acc 0.6686
2026-04-08 01:19:45    epoch  58  loss 0.7117  acc 0.6878  val_loss 0.7727  val_acc 0.6628
2026-04-08 01:19:47    epoch  59  loss 0.9623  acc 0.6138  val_loss 0.8212  val_acc 0.6435
2026-04-08 01:19:50    epoch  60  loss 0.7510  acc 0.6805  val_loss 0.7714  val_acc 0.6628
2026-04-08 01:19:53    epoch  61  loss 0.7318  acc 0.6850  val_loss 0.7810  val_acc 0.6705
2026-04-08 01:19:55    epoch  62  loss 0.7047  acc 0.6953  val_loss 0.7895  val_acc 0.6513
2026-04-08 01:19:58    epoch  63  loss 0.6747  acc 0.7074  val_loss 0.7202  val_acc 0.6859
2026-04-08 01:20:01    epoch  64  loss 0.7077  acc 0.6995  val_loss 0.7631  val_acc 0.6705
2026-04-08 01:20:04    epoch  65  loss 0.6565  acc 0.7132  val_loss 0.7352  val_acc 0.6705
2026-04-08 01:20:06    epoch  66  loss 0.6375  acc 0.7198  val_loss 0.7488  val_acc 0.6879
2026-04-08 01:20:09    epoch  67  loss 0.6188  acc 0.7342  val_loss 0.7276  val_acc 0.6821
2026-04-08 01:20:12    epoch  68  loss 0.6296  acc 0.7216  val_loss 0.7105  val_acc 0.7071
2026-04-08 01:20:14    epoch  69  loss 0.6214  acc 0.7352  val_loss 0.6874  val_acc 0.6956
2026-04-08 01:20:17    epoch  70  loss 0.5910  acc 0.7414  val_loss 0.7024  val_acc 0.6782
2026-04-08 01:20:20    epoch  71  loss 0.5764  acc 0.7476  val_loss 0.6698  val_acc 0.7071
2026-04-08 01:20:22    epoch  72  loss 0.5763  acc 0.7496  val_loss 0.6793  val_acc 0.7052
2026-04-08 01:20:25    epoch  73  loss 0.5665  acc 0.7568  val_loss 0.6824  val_acc 0.7091
2026-04-08 01:20:28    epoch  74  loss 0.5665  acc 0.7500  val_loss 0.6855  val_acc 0.6975
2026-04-08 01:20:31    epoch  75  loss 0.5991  acc 0.7483  val_loss 0.7538  val_acc 0.6936
2026-04-08 01:20:33    epoch  76  loss 0.5737  acc 0.7583  val_loss 0.6960  val_acc 0.6744
2026-04-08 01:20:36    epoch  77  loss 0.5409  acc 0.7622  val_loss 0.6934  val_acc 0.7071
2026-04-08 01:20:39    epoch  78  loss 0.4977  acc 0.7834  val_loss 0.6838  val_acc 0.7264
2026-04-08 01:20:41    epoch  79  loss 0.4985  acc 0.7902  val_loss 0.6654  val_acc 0.7264
2026-04-08 01:20:44    epoch  80  loss 0.4808  acc 0.7896  val_loss 0.6966  val_acc 0.6994
2026-04-08 01:20:47    epoch  81  loss 0.4710  acc 0.7981  val_loss 0.6363  val_acc 0.7206
2026-04-08 01:20:49    epoch  82  loss 0.4452  acc 0.8073  val_loss 0.6432  val_acc 0.7399
2026-04-08 01:20:52    epoch  83  loss 0.4524  acc 0.8054  val_loss 0.6804  val_acc 0.7187
2026-04-08 01:20:55    epoch  84  loss 0.4665  acc 0.7962  val_loss 0.6143  val_acc 0.7437
2026-04-08 01:20:58    epoch  85  loss 0.4338  acc 0.8133  val_loss 0.6167  val_acc 0.7476
2026-04-08 01:21:00    epoch  86  loss 0.4203  acc 0.8167  val_loss 0.6842  val_acc 0.7187
2026-04-08 01:21:03    epoch  87  loss 0.4342  acc 0.8169  val_loss 0.6367  val_acc 0.7476
2026-04-08 01:21:06    epoch  88  loss 0.4243  acc 0.8210  val_loss 0.5723  val_acc 0.7649
2026-04-08 01:21:08    epoch  89  loss 0.3973  acc 0.8274  val_loss 0.6182  val_acc 0.7630
2026-04-08 01:21:11    epoch  90  loss 0.4100  acc 0.8263  val_loss 0.6092  val_acc 0.7495
2026-04-08 01:21:14    epoch  91  loss 0.4152  acc 0.8263  val_loss 0.6381  val_acc 0.7418
2026-04-08 01:21:17    epoch  92  loss 0.3994  acc 0.8321  val_loss 0.5821  val_acc 0.7649
2026-04-08 01:21:19    epoch  93  loss 0.3747  acc 0.8469  val_loss 0.5648  val_acc 0.7572
2026-04-08 01:21:22    epoch  94  loss 0.4585  acc 0.8148  val_loss 0.5964  val_acc 0.7572
2026-04-08 01:21:25    epoch  95  loss 0.3947  acc 0.8355  val_loss 0.5940  val_acc 0.7572
2026-04-08 01:21:27    epoch  96  loss 0.3625  acc 0.8452  val_loss 0.5645  val_acc 0.7630
2026-04-08 01:21:30    epoch  97  loss 0.3672  acc 0.8486  val_loss 0.5738  val_acc 0.7803
2026-04-08 01:21:33    epoch  98  loss 0.3580  acc 0.8522  val_loss 0.5688  val_acc 0.7803
2026-04-08 01:21:35    epoch  99  loss 0.3540  acc 0.8501  val_loss 0.5528  val_acc 0.7669
2026-04-08 01:21:38    epoch 100  loss 0.3365  acc 0.8610  val_loss 0.5791  val_acc 0.7784
2026-04-08 01:21:38    User5 accuracy: 0.7113
2026-04-08 01:21:38    ✓ New best model saved (User5 held out, acc=0.7113)
2026-04-08 01:21:40  ────────────────────────────────────────────────────────────
2026-04-08 01:21:40  LOSO fold — held-out: User6 (282 test windows, 5204 train windows)
2026-04-08 01:21:42    epoch   1  loss 1.9831  acc 0.2312  val_loss 1.9002  val_acc 0.2250
2026-04-08 01:21:45    epoch   2  loss 1.8002  acc 0.2688  val_loss 1.7206  val_acc 0.3058
2026-04-08 01:21:48    epoch   3  loss 1.9732  acc 0.2506  val_loss 1.7299  val_acc 0.3212
2026-04-08 01:21:50    epoch   4  loss 1.8032  acc 0.2703  val_loss 1.7826  val_acc 0.2769
2026-04-08 01:21:53    epoch   5  loss 1.8310  acc 0.2391  val_loss 1.8605  val_acc 0.2808
2026-04-08 01:21:56    epoch   6  loss 1.7355  acc 0.2722  val_loss 1.6986  val_acc 0.3173
2026-04-08 01:21:59    epoch   7  loss 1.6618  acc 0.3068  val_loss 1.5858  val_acc 0.3212
2026-04-08 01:22:01    epoch   8  loss 1.5669  acc 0.3446  val_loss 1.5229  val_acc 0.3654
2026-04-08 01:22:04    epoch   9  loss 1.5814  acc 0.3572  val_loss 1.7472  val_acc 0.2885
2026-04-08 01:22:07    epoch  10  loss 1.5920  acc 0.3409  val_loss 1.4990  val_acc 0.3500
2026-04-08 01:22:09    epoch  11  loss 1.5007  acc 0.3713  val_loss 1.4421  val_acc 0.3865
2026-04-08 01:22:12    epoch  12  loss 1.4980  acc 0.3683  val_loss 1.4633  val_acc 0.3577
2026-04-08 01:22:15    epoch  13  loss 1.5097  acc 0.3789  val_loss 1.4250  val_acc 0.3942
2026-04-08 01:22:18    epoch  14  loss 1.4384  acc 0.3896  val_loss 1.4049  val_acc 0.4019
2026-04-08 01:22:20    epoch  15  loss 1.4705  acc 0.3787  val_loss 1.4008  val_acc 0.3962
2026-04-08 01:22:23    epoch  16  loss 1.4438  acc 0.3789  val_loss 1.3753  val_acc 0.3923
2026-04-08 01:22:26    epoch  17  loss 1.4383  acc 0.3817  val_loss 1.3804  val_acc 0.4000
2026-04-08 01:22:28    epoch  18  loss 1.4429  acc 0.3868  val_loss 1.3992  val_acc 0.3962
2026-04-08 01:22:31    epoch  19  loss 1.4257  acc 0.3877  val_loss 1.3700  val_acc 0.4192
2026-04-08 01:22:34    epoch  20  loss 1.4222  acc 0.3962  val_loss 1.3473  val_acc 0.4019
2026-04-08 01:22:37    epoch  21  loss 1.4015  acc 0.4103  val_loss 1.3307  val_acc 0.4250
2026-04-08 01:22:39    epoch  22  loss 1.4105  acc 0.3999  val_loss 1.4647  val_acc 0.3827
2026-04-08 01:22:42    epoch  23  loss 1.3904  acc 0.4069  val_loss 1.3079  val_acc 0.4308
2026-04-08 01:22:45    epoch  24  loss 1.3496  acc 0.4210  val_loss 1.2769  val_acc 0.4385
2026-04-08 01:22:47    epoch  25  loss 1.3676  acc 0.4152  val_loss 1.3084  val_acc 0.4365
2026-04-08 01:22:50    epoch  26  loss 1.3680  acc 0.4281  val_loss 1.2837  val_acc 0.4577
2026-04-08 01:22:53    epoch  27  loss 1.3903  acc 0.4167  val_loss 1.4740  val_acc 0.3558
2026-04-08 01:22:55    epoch  28  loss 1.3777  acc 0.4048  val_loss 1.2859  val_acc 0.4404
2026-04-08 01:22:58    epoch  29  loss 1.2914  acc 0.4471  val_loss 1.2178  val_acc 0.4808
2026-04-08 01:23:01    epoch  30  loss 1.2822  acc 0.4522  val_loss 1.1839  val_acc 0.4942
2026-04-08 01:23:04    epoch  31  loss 1.2580  acc 0.4618  val_loss 1.1651  val_acc 0.4981
2026-04-08 01:23:06    epoch  32  loss 1.2268  acc 0.4806  val_loss 1.2051  val_acc 0.4596
2026-04-08 01:23:09    epoch  33  loss 1.2261  acc 0.4718  val_loss 1.1567  val_acc 0.4865
2026-04-08 01:23:12    epoch  34  loss 1.2352  acc 0.4727  val_loss 1.1221  val_acc 0.4846
2026-04-08 01:23:14    epoch  35  loss 1.1826  acc 0.4970  val_loss 1.1245  val_acc 0.5173
2026-04-08 01:23:17    epoch  36  loss 1.2102  acc 0.4876  val_loss 1.1156  val_acc 0.5288
2026-04-08 01:23:20    epoch  37  loss 1.1665  acc 0.5015  val_loss 1.1921  val_acc 0.5038
2026-04-08 01:23:23    epoch  38  loss 1.1328  acc 0.5205  val_loss 1.0964  val_acc 0.5327
2026-04-08 01:23:25    epoch  39  loss 1.1357  acc 0.5158  val_loss 1.0811  val_acc 0.5288
2026-04-08 01:23:28    epoch  40  loss 1.1259  acc 0.5297  val_loss 1.1203  val_acc 0.5154
2026-04-08 01:23:31    epoch  41  loss 1.1311  acc 0.5184  val_loss 1.0522  val_acc 0.5442
2026-04-08 01:23:33    epoch  42  loss 1.0766  acc 0.5395  val_loss 1.1113  val_acc 0.5308
2026-04-08 01:23:36    epoch  43  loss 1.0782  acc 0.5404  val_loss 1.0274  val_acc 0.5769
2026-04-08 01:23:39    epoch  44  loss 1.0733  acc 0.5412  val_loss 1.0474  val_acc 0.5596
2026-04-08 01:23:42    epoch  45  loss 1.0619  acc 0.5444  val_loss 1.3133  val_acc 0.4404
2026-04-08 01:23:44    epoch  46  loss 1.0821  acc 0.5314  val_loss 0.9978  val_acc 0.5673
2026-04-08 01:23:47    epoch  47  loss 1.0347  acc 0.5594  val_loss 1.0314  val_acc 0.5481
2026-04-08 01:23:50    epoch  48  loss 1.0306  acc 0.5529  val_loss 0.9870  val_acc 0.5615
2026-04-08 01:23:52    epoch  49  loss 1.0086  acc 0.5722  val_loss 0.9896  val_acc 0.5519
2026-04-08 01:23:55    epoch  50  loss 0.9940  acc 0.5835  val_loss 1.0002  val_acc 0.5538
2026-04-08 01:23:58    epoch  51  loss 1.0172  acc 0.5534  val_loss 1.0016  val_acc 0.5654
2026-04-08 01:24:00    epoch  52  loss 0.9954  acc 0.5719  val_loss 1.0285  val_acc 0.5615
2026-04-08 01:24:03    epoch  53  loss 0.9905  acc 0.5722  val_loss 0.9684  val_acc 0.5865
2026-04-08 01:24:06    epoch  54  loss 0.9518  acc 0.5961  val_loss 0.9594  val_acc 0.5942
2026-04-08 01:24:09    epoch  55  loss 0.9540  acc 0.5899  val_loss 0.9821  val_acc 0.5538
2026-04-08 01:24:11    epoch  56  loss 0.9870  acc 0.5779  val_loss 1.2822  val_acc 0.4692
2026-04-08 01:24:14    epoch  57  loss 0.9610  acc 0.5903  val_loss 0.9006  val_acc 0.6000
2026-04-08 01:24:17    epoch  58  loss 0.9185  acc 0.6132  val_loss 0.8957  val_acc 0.6038
2026-04-08 01:24:19    epoch  59  loss 0.9183  acc 0.6040  val_loss 1.0850  val_acc 0.5308
2026-04-08 01:24:22    epoch  60  loss 0.9074  acc 0.6172  val_loss 0.9321  val_acc 0.6212
2026-04-08 01:24:25    epoch  61  loss 0.8959  acc 0.6211  val_loss 0.8964  val_acc 0.6173
2026-04-08 01:24:28    epoch  62  loss 0.8855  acc 0.6193  val_loss 0.8709  val_acc 0.6327
2026-04-08 01:24:30    epoch  63  loss 0.8758  acc 0.6354  val_loss 0.9130  val_acc 0.6192
2026-04-08 01:24:33    epoch  64  loss 0.8607  acc 0.6255  val_loss 0.8800  val_acc 0.6269
2026-04-08 01:24:36    epoch  65  loss 0.8466  acc 0.6345  val_loss 0.8677  val_acc 0.6192
2026-04-08 01:24:38    epoch  66  loss 0.8194  acc 0.6526  val_loss 0.8178  val_acc 0.6404
2026-04-08 01:24:41    epoch  67  loss 0.8443  acc 0.6377  val_loss 0.8578  val_acc 0.6212
2026-04-08 01:24:44    epoch  68  loss 0.8172  acc 0.6558  val_loss 0.9063  val_acc 0.6538
2026-04-08 01:24:47    epoch  69  loss 0.7764  acc 0.6706  val_loss 0.8186  val_acc 0.6462
2026-04-08 01:24:49    epoch  70  loss 0.7759  acc 0.6689  val_loss 0.8626  val_acc 0.6231
2026-04-08 01:24:52    epoch  71  loss 0.8766  acc 0.6386  val_loss 0.8765  val_acc 0.6519
2026-04-08 01:24:55    epoch  72  loss 0.7650  acc 0.6746  val_loss 0.7627  val_acc 0.6769
2026-04-08 01:24:57    epoch  73  loss 0.7168  acc 0.6915  val_loss 0.7488  val_acc 0.6942
2026-04-08 01:25:00    epoch  74  loss 0.6771  acc 0.7062  val_loss 0.7144  val_acc 0.7192
2026-04-08 01:25:03    epoch  75  loss 0.6701  acc 0.7135  val_loss 0.7092  val_acc 0.7077
2026-04-08 01:25:05    epoch  76  loss 0.6580  acc 0.7118  val_loss 0.7605  val_acc 0.6827
2026-04-08 01:25:08    epoch  77  loss 0.6206  acc 0.7304  val_loss 0.7457  val_acc 0.7058
2026-04-08 01:25:11    epoch  78  loss 0.6290  acc 0.7214  val_loss 0.7030  val_acc 0.7135
2026-04-08 01:25:14    epoch  79  loss 0.6099  acc 0.7408  val_loss 0.6985  val_acc 0.7115
2026-04-08 01:25:16    epoch  80  loss 0.5746  acc 0.7551  val_loss 0.7236  val_acc 0.7058
2026-04-08 01:25:19    epoch  81  loss 0.5678  acc 0.7583  val_loss 0.6679  val_acc 0.7250
2026-04-08 01:25:22    epoch  82  loss 0.5694  acc 0.7564  val_loss 0.7429  val_acc 0.6942
2026-04-08 01:25:24    epoch  83  loss 0.5695  acc 0.7556  val_loss 0.6828  val_acc 0.7212
2026-04-08 01:25:27    epoch  84  loss 0.5453  acc 0.7701  val_loss 0.6639  val_acc 0.7269
2026-04-08 01:25:30    epoch  85  loss 0.5965  acc 0.7502  val_loss 0.7066  val_acc 0.7038
2026-04-08 01:25:32    epoch  86  loss 0.5591  acc 0.7690  val_loss 0.6780  val_acc 0.7288
2026-04-08 01:25:35    epoch  87  loss 0.5348  acc 0.7825  val_loss 0.6864  val_acc 0.7269
2026-04-08 01:25:38    epoch  88  loss 0.5140  acc 0.7904  val_loss 0.6934  val_acc 0.7288
2026-04-08 01:25:41    epoch  89  loss 0.4872  acc 0.8087  val_loss 0.6688  val_acc 0.7615
2026-04-08 01:25:43    epoch  90  loss 0.4453  acc 0.8245  val_loss 0.6056  val_acc 0.7923
2026-04-08 01:25:46    epoch  91  loss 0.4299  acc 0.8303  val_loss 0.6196  val_acc 0.7827
2026-04-08 01:25:49    epoch  92  loss 0.4236  acc 0.8333  val_loss 0.6597  val_acc 0.7481
2026-04-08 01:25:51    epoch  93  loss 0.4065  acc 0.8416  val_loss 0.5913  val_acc 0.7788
2026-04-08 01:25:54    epoch  94  loss 0.4076  acc 0.8418  val_loss 0.5920  val_acc 0.7865
2026-04-08 01:25:57    epoch  95  loss 0.3960  acc 0.8525  val_loss 0.5690  val_acc 0.8115
2026-04-08 01:25:59    epoch  96  loss 0.3916  acc 0.8533  val_loss 0.6317  val_acc 0.7731
2026-04-08 01:26:02    epoch  97  loss 0.3940  acc 0.8516  val_loss 0.5960  val_acc 0.7885
2026-04-08 01:26:05    epoch  98  loss 0.3853  acc 0.8523  val_loss 0.6022  val_acc 0.8000
2026-04-08 01:26:08    epoch  99  loss 0.3694  acc 0.8625  val_loss 0.5945  val_acc 0.8135
2026-04-08 01:26:10    epoch 100  loss 0.3595  acc 0.8696  val_loss 0.5557  val_acc 0.8192
2026-04-08 01:26:10    User6 accuracy: 0.6489
2026-04-08 01:26:12  ────────────────────────────────────────────────────────────
2026-04-08 01:26:12  LOSO fold — held-out: User7 (647 test windows, 4839 train windows)
2026-04-08 01:26:14    epoch   1  loss 2.0041  acc 0.2254  val_loss 1.8360  val_acc 0.2754
2026-04-08 01:26:17    epoch   2  loss 1.9310  acc 0.2424  val_loss 1.7751  val_acc 0.3147
2026-04-08 01:26:19    epoch   3  loss 1.7237  acc 0.2872  val_loss 1.5465  val_acc 0.3354
2026-04-08 01:26:22    epoch   4  loss 1.6914  acc 0.2918  val_loss 1.5689  val_acc 0.3520
2026-04-08 01:26:24    epoch   5  loss 1.6638  acc 0.3230  val_loss 1.6655  val_acc 0.2609
2026-04-08 01:26:27    epoch   6  loss 1.5830  acc 0.3496  val_loss 1.4670  val_acc 0.4161
2026-04-08 01:26:29    epoch   7  loss 1.5244  acc 0.3579  val_loss 1.6088  val_acc 0.3437
2026-04-08 01:26:32    epoch   8  loss 1.9070  acc 0.2477  val_loss 1.8351  val_acc 0.2899
2026-04-08 01:26:34    epoch   9  loss 1.7357  acc 0.2718  val_loss 1.5991  val_acc 0.3623
2026-04-08 01:26:37    epoch  10  loss 1.6331  acc 0.3177  val_loss 1.5329  val_acc 0.3561
2026-04-08 01:26:39    epoch  11  loss 1.6396  acc 0.3007  val_loss 1.5211  val_acc 0.3851
2026-04-08 01:26:42    epoch  12  loss 1.5430  acc 0.3308  val_loss 1.4416  val_acc 0.4265
2026-04-08 01:26:44    epoch  13  loss 1.4863  acc 0.3574  val_loss 1.4144  val_acc 0.4265
2026-04-08 01:26:47    epoch  14  loss 1.5215  acc 0.3421  val_loss 1.4458  val_acc 0.4017
2026-04-08 01:26:49    epoch  15  loss 1.4866  acc 0.3554  val_loss 1.4142  val_acc 0.4058
2026-04-08 01:26:52    epoch  16  loss 1.4961  acc 0.3634  val_loss 1.4060  val_acc 0.4203
2026-04-08 01:26:54    epoch  17  loss 1.4891  acc 0.3577  val_loss 1.4841  val_acc 0.3478
2026-04-08 01:26:57    epoch  18  loss 1.5875  acc 0.3363  val_loss 1.4641  val_acc 0.4141
2026-04-08 01:26:59    epoch  19  loss 1.5121  acc 0.3712  val_loss 1.4155  val_acc 0.4079
2026-04-08 01:27:02    epoch  20  loss 1.4804  acc 0.3765  val_loss 1.4144  val_acc 0.4058
2026-04-08 01:27:04    epoch  21  loss 1.4574  acc 0.3705  val_loss 1.4004  val_acc 0.4120
2026-04-08 01:27:07    epoch  22  loss 1.4430  acc 0.3887  val_loss 1.3677  val_acc 0.4265
2026-04-08 01:27:09    epoch  23  loss 1.4211  acc 0.3962  val_loss 1.3487  val_acc 0.4389
2026-04-08 01:27:12    epoch  24  loss 1.4366  acc 0.3866  val_loss 1.3626  val_acc 0.4327
2026-04-08 01:27:15    epoch  25  loss 1.4129  acc 0.3866  val_loss 1.3540  val_acc 0.4203
2026-04-08 01:27:17    epoch  26  loss 1.4059  acc 0.4017  val_loss 1.3850  val_acc 0.4182
2026-04-08 01:27:20    epoch  27  loss 1.4121  acc 0.3912  val_loss 1.3526  val_acc 0.4203
2026-04-08 01:27:22    epoch  28  loss 1.4095  acc 0.4013  val_loss 1.3806  val_acc 0.3954
2026-04-08 01:27:25    epoch  29  loss 1.4006  acc 0.3988  val_loss 1.3351  val_acc 0.4451
2026-04-08 01:27:27    epoch  30  loss 1.3699  acc 0.4079  val_loss 1.3176  val_acc 0.4265
2026-04-08 01:27:30    epoch  31  loss 1.3526  acc 0.4199  val_loss 1.3019  val_acc 0.4431
2026-04-08 01:27:32    epoch  32  loss 1.4845  acc 0.3893  val_loss 1.3458  val_acc 0.4389
2026-04-08 01:27:35    epoch  33  loss 1.3669  acc 0.4112  val_loss 1.2987  val_acc 0.4389
2026-04-08 01:27:37    epoch  34  loss 1.3685  acc 0.4185  val_loss 1.3518  val_acc 0.4327
2026-04-08 01:27:40    epoch  35  loss 1.3714  acc 0.4151  val_loss 1.2986  val_acc 0.4348
2026-04-08 01:27:42    epoch  36  loss 1.3382  acc 0.4224  val_loss 1.2836  val_acc 0.4679
2026-04-08 01:27:45    epoch  37  loss 1.3327  acc 0.4467  val_loss 1.2571  val_acc 0.4658
2026-04-08 01:27:47    epoch  38  loss 1.3310  acc 0.4318  val_loss 1.2507  val_acc 0.4555
2026-04-08 01:27:50    epoch  39  loss 1.3034  acc 0.4382  val_loss 1.2646  val_acc 0.4803
2026-04-08 01:27:52    epoch  40  loss 1.3229  acc 0.4392  val_loss 1.2871  val_acc 0.4679
2026-04-08 01:27:55    epoch  41  loss 1.3119  acc 0.4488  val_loss 1.2757  val_acc 0.4431
2026-04-08 01:27:57    epoch  42  loss 1.2841  acc 0.4601  val_loss 1.2227  val_acc 0.5072
2026-04-08 01:28:00    epoch  43  loss 1.3054  acc 0.4536  val_loss 1.3548  val_acc 0.4348
2026-04-08 01:28:02    epoch  44  loss 1.3464  acc 0.4366  val_loss 1.2796  val_acc 0.4762
2026-04-08 01:28:05    epoch  45  loss 1.3109  acc 0.4465  val_loss 1.2493  val_acc 0.4803
2026-04-08 01:28:07    epoch  46  loss 1.2950  acc 0.4470  val_loss 1.2558  val_acc 0.4720
2026-04-08 01:28:10    epoch  47  loss 1.3101  acc 0.4559  val_loss 1.2468  val_acc 0.4969
2026-04-08 01:28:12    epoch  48  loss 1.2764  acc 0.4649  val_loss 1.2232  val_acc 0.4948
2026-04-08 01:28:15    epoch  49  loss 1.2719  acc 0.4727  val_loss 1.3171  val_acc 0.4679
2026-04-08 01:28:17    epoch  50  loss 1.2536  acc 0.4722  val_loss 1.2037  val_acc 0.5176
2026-04-08 01:28:20    epoch  51  loss 1.2354  acc 0.4920  val_loss 1.2061  val_acc 0.5197
2026-04-08 01:28:22    epoch  52  loss 1.2424  acc 0.4738  val_loss 1.2076  val_acc 0.5010
2026-04-08 01:28:25    epoch  53  loss 1.2470  acc 0.4819  val_loss 1.2379  val_acc 0.5197
2026-04-08 01:28:27    epoch  54  loss 1.2288  acc 0.4945  val_loss 1.1993  val_acc 0.5135
2026-04-08 01:28:30    epoch  55  loss 1.3155  acc 0.4702  val_loss 1.5213  val_acc 0.4348
2026-04-08 01:28:33    epoch  56  loss 1.3800  acc 0.4490  val_loss 1.2338  val_acc 0.4948
2026-04-08 01:28:35    epoch  57  loss 1.2448  acc 0.4865  val_loss 1.1928  val_acc 0.5114
2026-04-08 01:28:38    epoch  58  loss 1.2298  acc 0.4803  val_loss 1.1761  val_acc 0.5259
2026-04-08 01:28:40    epoch  59  loss 1.2123  acc 0.4938  val_loss 1.1605  val_acc 0.5321
2026-04-08 01:28:43    epoch  60  loss 1.2087  acc 0.4998  val_loss 1.2117  val_acc 0.5321
2026-04-08 01:28:45    epoch  61  loss 1.2070  acc 0.4890  val_loss 1.1608  val_acc 0.5238
2026-04-08 01:28:48    epoch  62  loss 1.1902  acc 0.5037  val_loss 1.1610  val_acc 0.5280
2026-04-08 01:28:50    epoch  63  loss 1.2024  acc 0.4945  val_loss 1.1302  val_acc 0.5404
2026-04-08 01:28:53    epoch  64  loss 1.1760  acc 0.5103  val_loss 1.1526  val_acc 0.5238
2026-04-08 01:28:55    epoch  65  loss 1.1812  acc 0.4949  val_loss 1.1470  val_acc 0.5238
2026-04-08 01:28:58    epoch  66  loss 1.1900  acc 0.4986  val_loss 1.1538  val_acc 0.5155
2026-04-08 01:29:00    epoch  67  loss 1.1725  acc 0.5080  val_loss 1.1108  val_acc 0.5445
2026-04-08 01:29:03    epoch  68  loss 1.1749  acc 0.5115  val_loss 1.1203  val_acc 0.5466
2026-04-08 01:29:05    epoch  69  loss 1.1629  acc 0.5145  val_loss 1.1691  val_acc 0.5280
2026-04-08 01:29:08    epoch  70  loss 1.1728  acc 0.5106  val_loss 1.2246  val_acc 0.5010
2026-04-08 01:29:10    epoch  71  loss 1.1742  acc 0.5053  val_loss 1.1180  val_acc 0.5528
2026-04-08 01:29:13    epoch  72  loss 1.1630  acc 0.5140  val_loss 1.1055  val_acc 0.5466
2026-04-08 01:29:15    epoch  73  loss 1.1698  acc 0.5163  val_loss 1.1317  val_acc 0.5424
2026-04-08 01:29:18    epoch  74  loss 1.1557  acc 0.5218  val_loss 1.1180  val_acc 0.5321
2026-04-08 01:29:20    epoch  75  loss 1.1495  acc 0.5246  val_loss 1.1700  val_acc 0.5383
2026-04-08 01:29:23    epoch  76  loss 1.1538  acc 0.5188  val_loss 1.1340  val_acc 0.5404
2026-04-08 01:29:25    epoch  77  loss 1.1617  acc 0.5172  val_loss 1.1658  val_acc 0.5383
2026-04-08 01:29:28    epoch  78  loss 1.1580  acc 0.5147  val_loss 1.1110  val_acc 0.5507
2026-04-08 01:29:30    epoch  79  loss 1.1277  acc 0.5264  val_loss 1.0980  val_acc 0.5631
2026-04-08 01:29:33    epoch  80  loss 1.1170  acc 0.5360  val_loss 1.1009  val_acc 0.5445
2026-04-08 01:29:35    epoch  81  loss 1.1160  acc 0.5388  val_loss 1.1009  val_acc 0.5445
2026-04-08 01:29:38    epoch  82  loss 1.1118  acc 0.5484  val_loss 1.0951  val_acc 0.5466
2026-04-08 01:29:40    epoch  83  loss 1.0952  acc 0.5468  val_loss 1.0803  val_acc 0.5590
2026-04-08 01:29:43    epoch  84  loss 1.1083  acc 0.5404  val_loss 1.0767  val_acc 0.5611
2026-04-08 01:29:46    epoch  85  loss 1.1120  acc 0.5356  val_loss 1.0998  val_acc 0.5466
2026-04-08 01:29:48    epoch  86  loss 1.0993  acc 0.5413  val_loss 1.0757  val_acc 0.5424
2026-04-08 01:29:51    epoch  87  loss 1.0922  acc 0.5466  val_loss 1.0954  val_acc 0.5528
2026-04-08 01:29:53    epoch  88  loss 1.1013  acc 0.5409  val_loss 1.0818  val_acc 0.5466
2026-04-08 01:29:56    epoch  89  loss 1.0905  acc 0.5487  val_loss 1.0692  val_acc 0.5528
2026-04-08 01:29:58    epoch  90  loss 1.1076  acc 0.5379  val_loss 1.1023  val_acc 0.5404
2026-04-08 01:30:01    epoch  91  loss 1.0837  acc 0.5489  val_loss 1.1099  val_acc 0.5487
2026-04-08 01:30:03    epoch  92  loss 1.0999  acc 0.5416  val_loss 1.0929  val_acc 0.5549
2026-04-08 01:30:06    epoch  93  loss 1.1023  acc 0.5404  val_loss 1.0644  val_acc 0.5487
2026-04-08 01:30:08    epoch  94  loss 1.0812  acc 0.5583  val_loss 1.0652  val_acc 0.5611
2026-04-08 01:30:11    epoch  95  loss 1.0853  acc 0.5528  val_loss 1.1101  val_acc 0.5445
2026-04-08 01:30:13    epoch  96  loss 1.0822  acc 0.5475  val_loss 1.0819  val_acc 0.5487
2026-04-08 01:30:16    epoch  97  loss 1.0739  acc 0.5535  val_loss 1.0844  val_acc 0.5445
2026-04-08 01:30:18    epoch  98  loss 1.0723  acc 0.5546  val_loss 1.0945  val_acc 0.5528
2026-04-08 01:30:21    epoch  99  loss 1.0725  acc 0.5567  val_loss 1.0805  val_acc 0.5590
2026-04-08 01:30:23    epoch 100  loss 1.0641  acc 0.5585  val_loss 1.0779  val_acc 0.5611
2026-04-08 01:30:23    User7 accuracy: 0.3802
2026-04-08 01:30:25  ────────────────────────────────────────────────────────────
2026-04-08 01:30:25  LOSO fold — held-out: User8 (582 test windows, 4904 train windows)
2026-04-08 01:30:27    epoch   1  loss 2.0453  acc 0.2279  val_loss 1.8645  val_acc 0.2510
2026-04-08 01:30:30    epoch   2  loss 1.8046  acc 0.2866  val_loss 1.7247  val_acc 0.2939
2026-04-08 01:30:32    epoch   3  loss 1.7511  acc 0.2966  val_loss 1.5662  val_acc 0.3571
2026-04-08 01:30:35    epoch   4  loss 1.5929  acc 0.3382  val_loss 1.4581  val_acc 0.3918
2026-04-08 01:30:37    epoch   5  loss 1.6887  acc 0.3104  val_loss 1.4979  val_acc 0.3837
2026-04-08 01:30:40    epoch   6  loss 1.5408  acc 0.3464  val_loss 1.4523  val_acc 0.3776
2026-04-08 01:30:42    epoch   7  loss 1.7913  acc 0.2927  val_loss 1.8407  val_acc 0.2306
2026-04-08 01:30:45    epoch   8  loss 1.9936  acc 0.2229  val_loss 1.8547  val_acc 0.2837
2026-04-08 01:30:47    epoch   9  loss 1.7708  acc 0.2755  val_loss 1.6111  val_acc 0.2816
2026-04-08 01:30:50    epoch  10  loss 1.7537  acc 0.2716  val_loss 1.6355  val_acc 0.2796
2026-04-08 01:30:52    epoch  11  loss 1.6480  acc 0.3029  val_loss 1.5084  val_acc 0.3571
2026-04-08 01:30:55    epoch  12  loss 1.5628  acc 0.3396  val_loss 1.4675  val_acc 0.3857
2026-04-08 01:30:58    epoch  13  loss 1.4938  acc 0.3616  val_loss 1.4286  val_acc 0.4143
2026-04-08 01:31:00    epoch  14  loss 1.4646  acc 0.3890  val_loss 1.4176  val_acc 0.3918
2026-04-08 01:31:03    epoch  15  loss 1.4197  acc 0.3858  val_loss 1.3732  val_acc 0.3959
2026-04-08 01:31:05    epoch  16  loss 1.4014  acc 0.3917  val_loss 1.4697  val_acc 0.3633
2026-04-08 01:31:08    epoch  17  loss 1.3829  acc 0.4053  val_loss 1.3486  val_acc 0.3959
2026-04-08 01:31:10    epoch  18  loss 1.3858  acc 0.4055  val_loss 1.4008  val_acc 0.3980
2026-04-08 01:31:13    epoch  19  loss 1.4136  acc 0.4017  val_loss 1.3673  val_acc 0.3980
2026-04-08 01:31:15    epoch  20  loss 1.4311  acc 0.4003  val_loss 1.3719  val_acc 0.4163
2026-04-08 01:31:18    epoch  21  loss 1.4436  acc 0.4055  val_loss 1.9538  val_acc 0.2633
2026-04-08 01:31:20    epoch  22  loss 1.4851  acc 0.3838  val_loss 1.3245  val_acc 0.4204
2026-04-08 01:31:23    epoch  23  loss 1.3783  acc 0.4232  val_loss 1.3372  val_acc 0.4143
2026-04-08 01:31:25    epoch  24  loss 1.4453  acc 0.4053  val_loss 1.3619  val_acc 0.4673
2026-04-08 01:31:28    epoch  25  loss 1.3816  acc 0.4307  val_loss 1.3026  val_acc 0.4388
2026-04-08 01:31:31    epoch  26  loss 1.3154  acc 0.4515  val_loss 1.2734  val_acc 0.4531
2026-04-08 01:31:33    epoch  27  loss 1.3060  acc 0.4440  val_loss 1.2452  val_acc 0.4469
2026-04-08 01:31:36    epoch  28  loss 1.2752  acc 0.4556  val_loss 1.2722  val_acc 0.4429
2026-04-08 01:31:38    epoch  29  loss 1.2447  acc 0.4737  val_loss 1.2682  val_acc 0.4388
2026-04-08 01:31:41    epoch  30  loss 1.2138  acc 0.4844  val_loss 1.2386  val_acc 0.4388
2026-04-08 01:31:43    epoch  31  loss 1.2196  acc 0.4801  val_loss 1.2355  val_acc 0.4816
2026-04-08 01:31:46    epoch  32  loss 1.2750  acc 0.4556  val_loss 1.2425  val_acc 0.4429
2026-04-08 01:31:48    epoch  33  loss 1.2699  acc 0.4606  val_loss 1.2270  val_acc 0.4347
2026-04-08 01:31:51    epoch  34  loss 1.2987  acc 0.4520  val_loss 1.2266  val_acc 0.4327
2026-04-08 01:31:53    epoch  35  loss 1.2017  acc 0.4764  val_loss 1.1476  val_acc 0.4755
2026-04-08 01:31:56    epoch  36  loss 1.1702  acc 0.4860  val_loss 1.1447  val_acc 0.4633
2026-04-08 01:31:59    epoch  37  loss 1.1585  acc 0.5018  val_loss 1.1703  val_acc 0.4837
2026-04-08 01:32:01    epoch  38  loss 1.1584  acc 0.5057  val_loss 1.1241  val_acc 0.4959
2026-04-08 01:32:04    epoch  39  loss 1.1421  acc 0.5122  val_loss 1.1061  val_acc 0.4857
2026-04-08 01:32:06    epoch  40  loss 1.1938  acc 0.4866  val_loss 1.1627  val_acc 0.4776
2026-04-08 01:32:09    epoch  41  loss 1.1201  acc 0.5159  val_loss 1.1109  val_acc 0.4959
2026-04-08 01:32:11    epoch  42  loss 1.0937  acc 0.5276  val_loss 1.1945  val_acc 0.4776
2026-04-08 01:32:14    epoch  43  loss 1.1691  acc 0.4950  val_loss 1.1408  val_acc 0.4918
2026-04-08 01:32:16    epoch  44  loss 1.0985  acc 0.5258  val_loss 1.1623  val_acc 0.4837
2026-04-08 01:32:19    epoch  45  loss 1.0621  acc 0.5340  val_loss 1.0860  val_acc 0.5143
2026-04-08 01:32:21    epoch  46  loss 1.0458  acc 0.5428  val_loss 1.0581  val_acc 0.5245
2026-04-08 01:32:24    epoch  47  loss 1.0551  acc 0.5421  val_loss 1.0690  val_acc 0.5245
2026-04-08 01:32:26    epoch  48  loss 1.0362  acc 0.5530  val_loss 1.0479  val_acc 0.5510
2026-04-08 01:32:29    epoch  49  loss 1.0199  acc 0.5551  val_loss 1.0672  val_acc 0.5143
2026-04-08 01:32:32    epoch  50  loss 1.0057  acc 0.5603  val_loss 1.0419  val_acc 0.5224
2026-04-08 01:32:34    epoch  51  loss 1.0780  acc 0.5399  val_loss 1.0350  val_acc 0.5245
2026-04-08 01:32:37    epoch  52  loss 1.0085  acc 0.5623  val_loss 1.0383  val_acc 0.5265
2026-04-08 01:32:39    epoch  53  loss 1.0145  acc 0.5641  val_loss 1.0209  val_acc 0.5388
2026-04-08 01:32:42    epoch  54  loss 0.9805  acc 0.5748  val_loss 1.0322  val_acc 0.5204
2026-04-08 01:32:44    epoch  55  loss 0.9951  acc 0.5671  val_loss 1.0368  val_acc 0.5204
2026-04-08 01:32:47    epoch  56  loss 0.9870  acc 0.5711  val_loss 1.0192  val_acc 0.5122
2026-04-08 01:32:49    epoch  57  loss 0.9738  acc 0.5768  val_loss 1.0384  val_acc 0.5449
2026-04-08 01:32:52    epoch  58  loss 0.9568  acc 0.5865  val_loss 1.0024  val_acc 0.5429
2026-04-08 01:32:55    epoch  59  loss 0.9702  acc 0.5700  val_loss 0.9956  val_acc 0.5490
2026-04-08 01:32:57    epoch  60  loss 0.9474  acc 0.5868  val_loss 0.9939  val_acc 0.5388
2026-04-08 01:33:00    epoch  61  loss 0.9396  acc 0.5874  val_loss 0.9963  val_acc 0.5755
2026-04-08 01:33:02    epoch  62  loss 0.9405  acc 0.5841  val_loss 0.9860  val_acc 0.5735
2026-04-08 01:33:05    epoch  63  loss 0.9378  acc 0.5906  val_loss 1.0001  val_acc 0.5755
2026-04-08 01:33:07    epoch  64  loss 0.9156  acc 0.5956  val_loss 0.9668  val_acc 0.5837
2026-04-08 01:33:10    epoch  65  loss 0.9394  acc 0.5915  val_loss 0.9775  val_acc 0.5898
2026-04-08 01:33:12    epoch  66  loss 0.8976  acc 0.6130  val_loss 0.9907  val_acc 0.5714
2026-04-08 01:33:15    epoch  67  loss 0.9669  acc 0.5874  val_loss 1.0005  val_acc 0.5653
2026-04-08 01:33:17    epoch  68  loss 0.9139  acc 0.6162  val_loss 0.9671  val_acc 0.5878
2026-04-08 01:33:20    epoch  69  loss 0.9139  acc 0.6029  val_loss 0.9409  val_acc 0.5857
2026-04-08 01:33:22    epoch  70  loss 0.8990  acc 0.6203  val_loss 0.9432  val_acc 0.6041
2026-04-08 01:33:25    epoch  71  loss 0.8839  acc 0.6160  val_loss 0.9701  val_acc 0.5898
2026-04-08 01:33:28    epoch  72  loss 0.8646  acc 0.6332  val_loss 0.9441  val_acc 0.6102
2026-04-08 01:33:30    epoch  73  loss 0.9195  acc 0.6160  val_loss 0.9240  val_acc 0.6020
2026-04-08 01:33:33    epoch  74  loss 0.9083  acc 0.6169  val_loss 0.9329  val_acc 0.5980
2026-04-08 01:33:35    epoch  75  loss 0.8688  acc 0.6346  val_loss 0.8930  val_acc 0.6041
2026-04-08 01:33:38    epoch  76  loss 0.8618  acc 0.6368  val_loss 0.9193  val_acc 0.6020
2026-04-08 01:33:40    epoch  77  loss 0.8511  acc 0.6434  val_loss 0.9275  val_acc 0.6000
2026-04-08 01:33:43    epoch  78  loss 0.8437  acc 0.6468  val_loss 0.8999  val_acc 0.6224
2026-04-08 01:33:45    epoch  79  loss 0.8534  acc 0.6434  val_loss 0.8847  val_acc 0.6143
2026-04-08 01:33:48    epoch  80  loss 0.8703  acc 0.6112  val_loss 0.9125  val_acc 0.6000
2026-04-08 01:33:50    epoch  81  loss 0.8661  acc 0.6294  val_loss 0.9083  val_acc 0.6204
2026-04-08 01:33:53    epoch  82  loss 0.8441  acc 0.6266  val_loss 0.8729  val_acc 0.6286
2026-04-08 01:33:55    epoch  83  loss 0.8305  acc 0.6507  val_loss 0.8910  val_acc 0.6224
2026-04-08 01:33:58    epoch  84  loss 0.8095  acc 0.6550  val_loss 0.8646  val_acc 0.6347
2026-04-08 01:34:00    epoch  85  loss 0.7946  acc 0.6606  val_loss 0.8650  val_acc 0.6204
2026-04-08 01:34:03    epoch  86  loss 0.8183  acc 0.6545  val_loss 0.8652  val_acc 0.6347
2026-04-08 01:34:06    epoch  87  loss 0.7967  acc 0.6656  val_loss 0.8902  val_acc 0.6020
2026-04-08 01:34:08    epoch  88  loss 0.7876  acc 0.6722  val_loss 0.8349  val_acc 0.6224
2026-04-08 01:34:11    epoch  89  loss 0.8099  acc 0.6622  val_loss 0.8576  val_acc 0.6163
2026-04-08 01:34:13    epoch  90  loss 0.8380  acc 0.6520  val_loss 0.8976  val_acc 0.5939
2026-04-08 01:34:16    epoch  91  loss 0.7742  acc 0.6765  val_loss 0.8592  val_acc 0.6286
2026-04-08 01:34:18    epoch  92  loss 0.7727  acc 0.6710  val_loss 0.8591  val_acc 0.6204
2026-04-08 01:34:21    epoch  93  loss 0.7504  acc 0.6826  val_loss 0.8353  val_acc 0.6327
2026-04-08 01:34:23    epoch  94  loss 0.7495  acc 0.6899  val_loss 0.8636  val_acc 0.6306
2026-04-08 01:34:26    epoch  95  loss 0.7466  acc 0.6876  val_loss 0.8409  val_acc 0.6265
2026-04-08 01:34:28    epoch  96  loss 0.7268  acc 0.7000  val_loss 0.8687  val_acc 0.6224
2026-04-08 01:34:28    Early stopping at epoch 96
2026-04-08 01:34:28    User8 accuracy: 0.5103
2026-04-08 01:34:30  ────────────────────────────────────────────────────────────
2026-04-08 01:34:30  LOSO fold — held-out: User9 (644 test windows, 4842 train windows)
2026-04-08 01:34:32    epoch   1  loss 1.9849  acc 0.2299  val_loss 1.7878  val_acc 0.2893
2026-04-08 01:34:35    epoch   2  loss 1.9277  acc 0.2428  val_loss 1.8430  val_acc 0.2893
2026-04-08 01:34:37    epoch   3  loss 1.7782  acc 0.2834  val_loss 1.6512  val_acc 0.2810
2026-04-08 01:34:40    epoch   4  loss 1.6830  acc 0.3112  val_loss 2.5538  val_acc 0.2438
2026-04-08 01:34:42    epoch   5  loss 1.7539  acc 0.2958  val_loss 1.5964  val_acc 0.3202
2026-04-08 01:34:45    epoch   6  loss 1.6469  acc 0.3102  val_loss 1.6276  val_acc 0.3140
2026-04-08 01:34:47    epoch   7  loss 1.5831  acc 0.3357  val_loss 1.5046  val_acc 0.3471
2026-04-08 01:34:50    epoch   8  loss 1.6470  acc 0.3235  val_loss 1.5379  val_acc 0.3719
2026-04-08 01:34:52    epoch   9  loss 1.6202  acc 0.3323  val_loss 1.7904  val_acc 0.2748
2026-04-08 01:34:55    epoch  10  loss 1.5423  acc 0.3460  val_loss 1.4563  val_acc 0.3492
2026-04-08 01:34:57    epoch  11  loss 1.5214  acc 0.3570  val_loss 1.4597  val_acc 0.3574
2026-04-08 01:35:00    epoch  12  loss 1.5869  acc 0.3444  val_loss 1.8237  val_acc 0.2934
2026-04-08 01:35:02    epoch  13  loss 1.5865  acc 0.3373  val_loss 1.5321  val_acc 0.3368
2026-04-08 01:35:05    epoch  14  loss 2.2882  acc 0.2028  val_loss 1.8653  val_acc 0.2397
2026-04-08 01:35:07    epoch  15  loss 1.8090  acc 0.2614  val_loss 1.6798  val_acc 0.3161
2026-04-08 01:35:10    epoch  16  loss 1.6687  acc 0.3043  val_loss 1.5919  val_acc 0.3430
2026-04-08 01:35:12    epoch  17  loss 1.5776  acc 0.3339  val_loss 1.5377  val_acc 0.3512
2026-04-08 01:35:15    epoch  18  loss 1.5403  acc 0.3536  val_loss 1.4931  val_acc 0.3533
2026-04-08 01:35:15    Early stopping at epoch 18
2026-04-08 01:35:15    User9 accuracy: 0.3183
2026-04-08 01:35:16  ────────────────────────────────────────────────────────────
2026-04-08 01:35:16  LOSO fold — held-out: User10 (639 test windows, 4847 train windows)
2026-04-08 01:35:19    epoch   1  loss 1.9700  acc 0.2317  val_loss 1.7364  val_acc 0.2934
2026-04-08 01:35:21    epoch   2  loss 1.7234  acc 0.3012  val_loss 1.5675  val_acc 0.3430
2026-04-08 01:35:24    epoch   3  loss 1.6783  acc 0.3069  val_loss 1.7893  val_acc 0.2376
2026-04-08 01:35:26    epoch   4  loss 1.7382  acc 0.2776  val_loss 1.5909  val_acc 0.3244
2026-04-08 01:35:29    epoch   5  loss 1.6891  acc 0.2865  val_loss 1.5690  val_acc 0.3058
2026-04-08 01:35:31    epoch   6  loss 1.5760  acc 0.3245  val_loss 1.5951  val_acc 0.3595
2026-04-08 01:35:34    epoch   7  loss 1.6955  acc 0.2980  val_loss 1.7385  val_acc 0.2789
2026-04-08 01:35:36    epoch   8  loss 1.7585  acc 0.2659  val_loss 1.6365  val_acc 0.3492
2026-04-08 01:35:39    epoch   9  loss 1.6065  acc 0.3131  val_loss 1.5645  val_acc 0.3843
2026-04-08 01:35:41    epoch  10  loss 1.5598  acc 0.3259  val_loss 1.5080  val_acc 0.3698
2026-04-08 01:35:44    epoch  11  loss 1.4977  acc 0.3502  val_loss 1.4848  val_acc 0.3616
2026-04-08 01:35:47    epoch  12  loss 1.4848  acc 0.3553  val_loss 1.5195  val_acc 0.3492
2026-04-08 01:35:49    epoch  13  loss 1.4791  acc 0.3640  val_loss 1.4584  val_acc 0.3678
2026-04-08 01:35:52    epoch  14  loss 1.5314  acc 0.3562  val_loss 1.5191  val_acc 0.3471
2026-04-08 01:35:54    epoch  15  loss 1.4549  acc 0.3692  val_loss 1.4175  val_acc 0.3698
2026-04-08 01:35:57    epoch  16  loss 1.4561  acc 0.3530  val_loss 1.4049  val_acc 0.3740
2026-04-08 01:35:59    epoch  17  loss 1.4558  acc 0.3614  val_loss 1.4188  val_acc 0.3574
2026-04-08 01:36:02    epoch  18  loss 1.4249  acc 0.3640  val_loss 1.4987  val_acc 0.3512
2026-04-08 01:36:04    epoch  19  loss 1.4045  acc 0.3812  val_loss 1.3894  val_acc 0.4091
2026-04-08 01:36:07    epoch  20  loss 1.3666  acc 0.3995  val_loss 1.3897  val_acc 0.3843
2026-04-08 01:36:09    epoch  21  loss 1.3458  acc 0.4087  val_loss 1.3590  val_acc 0.3843
2026-04-08 01:36:12    epoch  22  loss 1.3517  acc 0.4178  val_loss 1.3496  val_acc 0.4050
2026-04-08 01:36:14    epoch  23  loss 1.3302  acc 0.4233  val_loss 1.3875  val_acc 0.4050
2026-04-08 01:36:17    epoch  24  loss 1.3315  acc 0.4275  val_loss 1.3446  val_acc 0.3905
2026-04-08 01:36:19    epoch  25  loss 1.3087  acc 0.4247  val_loss 1.3249  val_acc 0.4112
2026-04-08 01:36:22    epoch  26  loss 1.3128  acc 0.4362  val_loss 1.2952  val_acc 0.4380
2026-04-08 01:36:24    epoch  27  loss 1.3288  acc 0.4341  val_loss 1.3655  val_acc 0.4008
2026-04-08 01:36:27    epoch  28  loss 1.3014  acc 0.4350  val_loss 1.2959  val_acc 0.4463
2026-04-08 01:36:29    epoch  29  loss 1.2779  acc 0.4355  val_loss 1.2901  val_acc 0.4112
2026-04-08 01:36:32    epoch  30  loss 1.2887  acc 0.4492  val_loss 1.2994  val_acc 0.4401
2026-04-08 01:36:34    epoch  31  loss 1.2590  acc 0.4506  val_loss 1.2636  val_acc 0.4298
2026-04-08 01:36:37    epoch  32  loss 1.2492  acc 0.4552  val_loss 1.2686  val_acc 0.4463
2026-04-08 01:36:40    epoch  33  loss 1.2449  acc 0.4540  val_loss 1.2439  val_acc 0.4566
2026-04-08 01:36:42    epoch  34  loss 1.2227  acc 0.4575  val_loss 1.2321  val_acc 0.4442
2026-04-08 01:36:45    epoch  35  loss 1.2065  acc 0.4772  val_loss 1.2548  val_acc 0.4752
2026-04-08 01:36:47    epoch  36  loss 1.2212  acc 0.4687  val_loss 1.2444  val_acc 0.4318
2026-04-08 01:36:50    epoch  37  loss 1.2277  acc 0.4650  val_loss 1.2378  val_acc 0.4463
2026-04-08 01:36:52    epoch  38  loss 1.2232  acc 0.4683  val_loss 1.2077  val_acc 0.4525
2026-04-08 01:36:55    epoch  39  loss 1.2373  acc 0.4632  val_loss 1.2899  val_acc 0.4360
2026-04-08 01:36:57    epoch  40  loss 1.2373  acc 0.4630  val_loss 1.2354  val_acc 0.4649
2026-04-08 01:37:00    epoch  41  loss 1.2091  acc 0.4774  val_loss 1.2266  val_acc 0.4649
2026-04-08 01:37:02    epoch  42  loss 1.2504  acc 0.4683  val_loss 1.1949  val_acc 0.4607
2026-04-08 01:37:05    epoch  43  loss 1.1793  acc 0.4971  val_loss 1.2972  val_acc 0.4215
2026-04-08 01:37:07    epoch  44  loss 1.1977  acc 0.4834  val_loss 1.2101  val_acc 0.4649
2026-04-08 01:37:10    epoch  45  loss 1.1798  acc 0.4905  val_loss 1.1883  val_acc 0.4690
2026-04-08 01:37:12    epoch  46  loss 1.1828  acc 0.4919  val_loss 1.1990  val_acc 0.4835
2026-04-08 01:37:15    epoch  47  loss 1.1485  acc 0.5109  val_loss 1.1821  val_acc 0.4566
2026-04-08 01:37:17    epoch  48  loss 1.1365  acc 0.5141  val_loss 1.1647  val_acc 0.4835
2026-04-08 01:37:20    epoch  49  loss 1.1464  acc 0.5061  val_loss 1.1955  val_acc 0.4649
2026-04-08 01:37:22    epoch  50  loss 1.1416  acc 0.5097  val_loss 1.1368  val_acc 0.4897
2026-04-08 01:37:25    epoch  51  loss 1.1205  acc 0.5168  val_loss 1.1733  val_acc 0.5021
2026-04-08 01:37:27    epoch  52  loss 1.1218  acc 0.5237  val_loss 1.3143  val_acc 0.4421
2026-04-08 01:37:30    epoch  53  loss 1.1431  acc 0.5084  val_loss 1.1433  val_acc 0.5145
2026-04-08 01:37:32    epoch  54  loss 1.1391  acc 0.5047  val_loss 1.1711  val_acc 0.5310
2026-04-08 01:37:35    epoch  55  loss 1.0894  acc 0.5256  val_loss 1.1671  val_acc 0.4793
2026-04-08 01:37:37    epoch  56  loss 1.0725  acc 0.5356  val_loss 1.1550  val_acc 0.5041
2026-04-08 01:37:40    epoch  57  loss 1.0796  acc 0.5388  val_loss 1.1392  val_acc 0.5165
2026-04-08 01:37:42    epoch  58  loss 1.0548  acc 0.5592  val_loss 1.1265  val_acc 0.5083
2026-04-08 01:37:45    epoch  59  loss 1.0582  acc 0.5487  val_loss 1.1022  val_acc 0.5579
2026-04-08 01:37:48    epoch  60  loss 1.0373  acc 0.5629  val_loss 1.1096  val_acc 0.5434
2026-04-08 01:37:50    epoch  61  loss 1.0394  acc 0.5602  val_loss 1.1142  val_acc 0.5351
2026-04-08 01:37:53    epoch  62  loss 1.0303  acc 0.5602  val_loss 1.1044  val_acc 0.5620
2026-04-08 01:37:55    epoch  63  loss 1.0244  acc 0.5654  val_loss 1.1345  val_acc 0.5289
2026-04-08 01:37:58    epoch  64  loss 1.0149  acc 0.5631  val_loss 1.1463  val_acc 0.5021
2026-04-08 01:38:00    epoch  65  loss 1.0016  acc 0.5819  val_loss 1.1109  val_acc 0.5351
2026-04-08 01:38:03    epoch  66  loss 1.0125  acc 0.5698  val_loss 1.1085  val_acc 0.5103
2026-04-08 01:38:05    epoch  67  loss 1.0018  acc 0.5721  val_loss 1.1022  val_acc 0.5351
2026-04-08 01:38:08    epoch  68  loss 0.9853  acc 0.5769  val_loss 1.0925  val_acc 0.5517
2026-04-08 01:38:10    epoch  69  loss 0.9726  acc 0.5829  val_loss 1.0901  val_acc 0.5682
2026-04-08 01:38:13    epoch  70  loss 0.9729  acc 0.5824  val_loss 1.0753  val_acc 0.5579
2026-04-08 01:38:15    epoch  71  loss 0.9713  acc 0.5847  val_loss 1.0804  val_acc 0.5351
2026-04-08 01:38:18    epoch  72  loss 0.9691  acc 0.5890  val_loss 1.0918  val_acc 0.5702
2026-04-08 01:38:20    epoch  73  loss 0.9545  acc 0.5904  val_loss 1.1039  val_acc 0.5579
2026-04-08 01:38:23    epoch  74  loss 0.9640  acc 0.5923  val_loss 1.0764  val_acc 0.5868
2026-04-08 01:38:25    epoch  75  loss 0.9468  acc 0.5948  val_loss 1.0981  val_acc 0.5579
2026-04-08 01:38:28    epoch  76  loss 0.9366  acc 0.6081  val_loss 1.0513  val_acc 0.5950
2026-04-08 01:38:30    epoch  77  loss 0.9284  acc 0.6076  val_loss 1.0505  val_acc 0.5806
2026-04-08 01:38:33    epoch  78  loss 0.9316  acc 0.6076  val_loss 1.0445  val_acc 0.5888
2026-04-08 01:38:35    epoch  79  loss 0.9279  acc 0.6021  val_loss 1.0468  val_acc 0.5723
2026-04-08 01:38:38    epoch  80  loss 0.9275  acc 0.6076  val_loss 1.0446  val_acc 0.5888
2026-04-08 01:38:40    epoch  81  loss 0.9324  acc 0.6085  val_loss 1.0591  val_acc 0.5785
2026-04-08 01:38:43    epoch  82  loss 0.9272  acc 0.5978  val_loss 1.0468  val_acc 0.5909
2026-04-08 01:38:45    epoch  83  loss 0.9245  acc 0.6062  val_loss 1.0311  val_acc 0.5868
2026-04-08 01:38:48    epoch  84  loss 0.9105  acc 0.6092  val_loss 1.0446  val_acc 0.5847
2026-04-08 01:38:50    epoch  85  loss 0.9185  acc 0.6117  val_loss 1.0245  val_acc 0.5950
2026-04-08 01:38:53    epoch  86  loss 0.9206  acc 0.6019  val_loss 1.0425  val_acc 0.5930
2026-04-08 01:38:55    epoch  87  loss 0.9107  acc 0.6193  val_loss 1.0439  val_acc 0.5868
2026-04-08 01:38:58    epoch  88  loss 0.9035  acc 0.6165  val_loss 1.0305  val_acc 0.5992
2026-04-08 01:39:00    epoch  89  loss 0.8970  acc 0.6204  val_loss 1.0494  val_acc 0.5950
2026-04-08 01:39:03    epoch  90  loss 0.9002  acc 0.6159  val_loss 1.0459  val_acc 0.6054
2026-04-08 01:39:06    epoch  91  loss 0.8946  acc 0.6140  val_loss 1.0554  val_acc 0.5868
2026-04-08 01:39:08    epoch  92  loss 0.8931  acc 0.6188  val_loss 1.0342  val_acc 0.6033
2026-04-08 01:39:11    epoch  93  loss 0.8901  acc 0.6131  val_loss 1.0430  val_acc 0.6033
2026-04-08 01:39:11    Early stopping at epoch 93
2026-04-08 01:39:11    User10 accuracy: 0.4820
2026-04-08 01:39:12  ────────────────────────────────────────────────────────────
2026-04-08 01:39:12  LOSO fold — held-out: User11 (678 test windows, 4808 train windows)
2026-04-08 01:39:14    epoch   1  loss 2.0143  acc 0.2292  val_loss 1.7703  val_acc 0.2812
2026-04-08 01:39:17    epoch   2  loss 1.7714  acc 0.2768  val_loss 1.6919  val_acc 0.3063
2026-04-08 01:39:19    epoch   3  loss 1.7437  acc 0.2798  val_loss 1.6307  val_acc 0.3458
2026-04-08 01:39:22    epoch   4  loss 1.9107  acc 0.2479  val_loss 1.7573  val_acc 0.2667
2026-04-08 01:39:24    epoch   5  loss 1.7346  acc 0.2904  val_loss 1.5187  val_acc 0.3729
2026-04-08 01:39:27    epoch   6  loss 1.6966  acc 0.3078  val_loss 1.5279  val_acc 0.3312
2026-04-08 01:39:29    epoch   7  loss 1.6523  acc 0.3038  val_loss 1.5438  val_acc 0.3438
2026-04-08 01:39:32    epoch   8  loss 1.6483  acc 0.3006  val_loss 1.5677  val_acc 0.3521
2026-04-08 01:39:34    epoch   9  loss 1.6262  acc 0.3394  val_loss 2.5415  val_acc 0.1458
2026-04-08 01:39:37    epoch  10  loss 1.8215  acc 0.2784  val_loss 1.5675  val_acc 0.3729
2026-04-08 01:39:39    epoch  11  loss 1.5965  acc 0.3323  val_loss 1.6163  val_acc 0.3312
2026-04-08 01:39:42    epoch  12  loss 1.5561  acc 0.3457  val_loss 1.4520  val_acc 0.3688
2026-04-08 01:39:44    epoch  13  loss 1.4955  acc 0.3815  val_loss 1.4482  val_acc 0.3771
2026-04-08 01:39:47    epoch  14  loss 1.4970  acc 0.3690  val_loss 1.4441  val_acc 0.3583
2026-04-08 01:39:49    epoch  15  loss 1.4454  acc 0.3870  val_loss 1.4005  val_acc 0.4188
2026-04-08 01:39:52    epoch  16  loss 1.4296  acc 0.3963  val_loss 1.3644  val_acc 0.4292
2026-04-08 01:39:54    epoch  17  loss 1.4375  acc 0.3907  val_loss 1.4243  val_acc 0.4167
2026-04-08 01:39:57    epoch  18  loss 1.3851  acc 0.4205  val_loss 1.3772  val_acc 0.4104
2026-04-08 01:39:59    epoch  19  loss 1.3993  acc 0.4201  val_loss 1.3226  val_acc 0.4562
2026-04-08 01:40:02    epoch  20  loss 1.3787  acc 0.4140  val_loss 1.2870  val_acc 0.4875
2026-04-08 01:40:04    epoch  21  loss 1.3665  acc 0.4277  val_loss 1.2826  val_acc 0.4562
2026-04-08 01:40:07    epoch  22  loss 1.3101  acc 0.4450  val_loss 1.2292  val_acc 0.5083
2026-04-08 01:40:09    epoch  23  loss 1.3315  acc 0.4413  val_loss 1.3236  val_acc 0.4583
2026-04-08 01:40:12    epoch  24  loss 1.3526  acc 0.4212  val_loss 1.2736  val_acc 0.4646
2026-04-08 01:40:14    epoch  25  loss 1.2974  acc 0.4476  val_loss 1.2428  val_acc 0.4625
2026-04-08 01:40:17    epoch  26  loss 1.2738  acc 0.4603  val_loss 1.2149  val_acc 0.5229
2026-04-08 01:40:19    epoch  27  loss 1.2718  acc 0.4725  val_loss 1.1846  val_acc 0.5167
2026-04-08 01:40:22    epoch  28  loss 1.2854  acc 0.4536  val_loss 1.1982  val_acc 0.5250
2026-04-08 01:40:24    epoch  29  loss 1.4115  acc 0.4110  val_loss 1.2445  val_acc 0.4708
2026-04-08 01:40:27    epoch  30  loss 1.2903  acc 0.4531  val_loss 1.2161  val_acc 0.4896
2026-04-08 01:40:29    epoch  31  loss 1.2505  acc 0.4695  val_loss 1.1862  val_acc 0.5125
2026-04-08 01:40:32    epoch  32  loss 1.2064  acc 0.4882  val_loss 1.1953  val_acc 0.4958
2026-04-08 01:40:34    epoch  33  loss 1.1910  acc 0.4942  val_loss 1.1765  val_acc 0.4958
2026-04-08 01:40:37    epoch  34  loss 1.1730  acc 0.4991  val_loss 1.1423  val_acc 0.5229
2026-04-08 01:40:39    epoch  35  loss 1.1695  acc 0.5037  val_loss 1.1161  val_acc 0.5312
2026-04-08 01:40:42    epoch  36  loss 1.1262  acc 0.5201  val_loss 1.2602  val_acc 0.4917
2026-04-08 01:40:44    epoch  37  loss 1.1615  acc 0.5081  val_loss 1.1157  val_acc 0.5375
2026-04-08 01:40:47    epoch  38  loss 1.1188  acc 0.5284  val_loss 1.0862  val_acc 0.5604
2026-04-08 01:40:49    epoch  39  loss 1.0877  acc 0.5515  val_loss 1.1315  val_acc 0.5146
2026-04-08 01:40:52    epoch  40  loss 1.0842  acc 0.5469  val_loss 1.0840  val_acc 0.5625
2026-04-08 01:40:54    epoch  41  loss 1.0650  acc 0.5501  val_loss 1.0816  val_acc 0.5437
2026-04-08 01:40:57    epoch  42  loss 1.1894  acc 0.4970  val_loss 1.1869  val_acc 0.5062
2026-04-08 01:40:59    epoch  43  loss 1.1327  acc 0.5199  val_loss 1.1235  val_acc 0.5000
2026-04-08 01:41:02    epoch  44  loss 1.1335  acc 0.5065  val_loss 1.0694  val_acc 0.5437
2026-04-08 01:41:04    epoch  45  loss 1.0583  acc 0.5543  val_loss 1.0767  val_acc 0.5417
2026-04-08 01:41:07    epoch  46  loss 1.2561  acc 0.4829  val_loss 1.1007  val_acc 0.5437
2026-04-08 01:41:09    epoch  47  loss 1.0801  acc 0.5481  val_loss 1.0555  val_acc 0.5771
2026-04-08 01:41:12    epoch  48  loss 1.0647  acc 0.5416  val_loss 1.0452  val_acc 0.5813
2026-04-08 01:41:14    epoch  49  loss 1.0777  acc 0.5474  val_loss 1.0295  val_acc 0.5604
2026-04-08 01:41:17    epoch  50  loss 1.0528  acc 0.5451  val_loss 1.1239  val_acc 0.5396
2026-04-08 01:41:19    epoch  51  loss 1.0680  acc 0.5321  val_loss 1.0664  val_acc 0.5417
2026-04-08 01:41:22    epoch  52  loss 1.0427  acc 0.5536  val_loss 1.0241  val_acc 0.5875
2026-04-08 01:41:24    epoch  53  loss 1.0096  acc 0.5695  val_loss 1.0093  val_acc 0.5896
2026-04-08 01:41:27    epoch  54  loss 0.9972  acc 0.5816  val_loss 1.0081  val_acc 0.5896
2026-04-08 01:41:29    epoch  55  loss 1.0506  acc 0.5564  val_loss 1.2643  val_acc 0.4688
2026-04-08 01:41:32    epoch  56  loss 1.0536  acc 0.5598  val_loss 1.0509  val_acc 0.5875
2026-04-08 01:41:34    epoch  57  loss 1.1173  acc 0.5337  val_loss 1.0193  val_acc 0.5750
2026-04-08 01:41:37    epoch  58  loss 1.0299  acc 0.5622  val_loss 0.9912  val_acc 0.5958
2026-04-08 01:41:39    epoch  59  loss 0.9990  acc 0.5862  val_loss 0.9815  val_acc 0.6042
2026-04-08 01:41:42    epoch  60  loss 0.9957  acc 0.5806  val_loss 0.9994  val_acc 0.5917
2026-04-08 01:41:44    epoch  61  loss 1.0057  acc 0.5811  val_loss 0.9606  val_acc 0.6104
2026-04-08 01:41:47    epoch  62  loss 0.9753  acc 0.5950  val_loss 0.9647  val_acc 0.6000
2026-04-08 01:41:49    epoch  63  loss 0.9792  acc 0.5963  val_loss 0.9835  val_acc 0.6083
2026-04-08 01:41:52    epoch  64  loss 0.9509  acc 0.6044  val_loss 0.9960  val_acc 0.5938
2026-04-08 01:41:54    epoch  65  loss 0.9859  acc 0.5836  val_loss 0.9683  val_acc 0.5979
2026-04-08 01:41:57    epoch  66  loss 0.9569  acc 0.5899  val_loss 0.9593  val_acc 0.6000
2026-04-08 01:41:59    epoch  67  loss 0.9808  acc 0.5758  val_loss 0.9675  val_acc 0.6021
2026-04-08 01:42:02    epoch  68  loss 0.9431  acc 0.6028  val_loss 0.9588  val_acc 0.6062
2026-04-08 01:42:04    epoch  69  loss 0.9634  acc 0.5931  val_loss 0.9818  val_acc 0.6042
2026-04-08 01:42:07    epoch  70  loss 1.0154  acc 0.5758  val_loss 1.0577  val_acc 0.5625
2026-04-08 01:42:09    epoch  71  loss 0.9944  acc 0.5765  val_loss 0.9784  val_acc 0.5896
2026-04-08 01:42:12    epoch  72  loss 0.9807  acc 0.5915  val_loss 0.9378  val_acc 0.5938
2026-04-08 01:42:14    epoch  73  loss 0.9449  acc 0.6125  val_loss 1.1427  val_acc 0.5521
2026-04-08 01:42:17    epoch  74  loss 1.0146  acc 0.5811  val_loss 0.9452  val_acc 0.6417
2026-04-08 01:42:19    epoch  75  loss 0.9477  acc 0.5968  val_loss 0.9660  val_acc 0.5917
2026-04-08 01:42:22    epoch  76  loss 0.9294  acc 0.6074  val_loss 0.9320  val_acc 0.6292
2026-04-08 01:42:24    epoch  77  loss 0.9249  acc 0.6160  val_loss 0.9572  val_acc 0.6021
2026-04-08 01:42:27    epoch  78  loss 0.9399  acc 0.6084  val_loss 0.9429  val_acc 0.6312
2026-04-08 01:42:29    epoch  79  loss 0.9052  acc 0.6248  val_loss 0.9289  val_acc 0.6292
2026-04-08 01:42:32    epoch  80  loss 0.8935  acc 0.6278  val_loss 0.9133  val_acc 0.6438
2026-04-08 01:42:35    epoch  81  loss 0.8864  acc 0.6326  val_loss 0.9260  val_acc 0.6375
2026-04-08 01:42:37    epoch  82  loss 0.8751  acc 0.6389  val_loss 0.8925  val_acc 0.6542
2026-04-08 01:42:40    epoch  83  loss 0.8923  acc 0.6338  val_loss 0.9039  val_acc 0.6333
2026-04-08 01:42:42    epoch  84  loss 0.8694  acc 0.6407  val_loss 0.8744  val_acc 0.6375
2026-04-08 01:42:44    epoch  85  loss 0.8661  acc 0.6439  val_loss 0.9307  val_acc 0.6417
2026-04-08 01:42:47    epoch  86  loss 0.8897  acc 0.6282  val_loss 0.9309  val_acc 0.6188
2026-04-08 01:42:49    epoch  87  loss 0.8661  acc 0.6433  val_loss 0.8932  val_acc 0.6417
2026-04-08 01:42:52    epoch  88  loss 0.9338  acc 0.6185  val_loss 0.9192  val_acc 0.6000
2026-04-08 01:42:54    epoch  89  loss 0.8695  acc 0.6356  val_loss 0.8873  val_acc 0.6375
2026-04-08 01:42:57    epoch  90  loss 0.8408  acc 0.6472  val_loss 0.8730  val_acc 0.6229
2026-04-08 01:42:59    epoch  91  loss 0.8153  acc 0.6677  val_loss 0.8679  val_acc 0.6417
2026-04-08 01:43:02    epoch  92  loss 0.8197  acc 0.6594  val_loss 0.9021  val_acc 0.6375
2026-04-08 01:43:05    epoch  93  loss 0.8155  acc 0.6689  val_loss 0.8799  val_acc 0.6542
2026-04-08 01:43:07    epoch  94  loss 0.8108  acc 0.6671  val_loss 0.8893  val_acc 0.6333
2026-04-08 01:43:10    epoch  95  loss 0.8035  acc 0.6631  val_loss 0.8902  val_acc 0.6396
2026-04-08 01:43:12    epoch  96  loss 0.7927  acc 0.6763  val_loss 0.8853  val_acc 0.6417
2026-04-08 01:43:15    epoch  97  loss 0.7750  acc 0.6788  val_loss 0.8811  val_acc 0.6458
2026-04-08 01:43:17    epoch  98  loss 0.7866  acc 0.6744  val_loss 0.8570  val_acc 0.6542
2026-04-08 01:43:20    epoch  99  loss 0.7869  acc 0.6733  val_loss 0.8671  val_acc 0.6583
2026-04-08 01:43:22    epoch 100  loss 0.7727  acc 0.6751  val_loss 0.8581  val_acc 0.6562
2026-04-08 01:43:22    User11 accuracy: 0.3230
2026-04-08 01:43:23  ────────────────────────────────────────────────────────────
2026-04-08 01:43:23  LOSO fold — held-out: User12 (562 test windows, 4924 train windows)
2026-04-08 01:43:26    epoch   1  loss 2.0213  acc 0.2130  val_loss 1.8325  val_acc 0.2703
2026-04-08 01:43:29    epoch   2  loss 1.8222  acc 0.2712  val_loss 1.7016  val_acc 0.2785
2026-04-08 01:43:31    epoch   3  loss 1.7599  acc 0.2703  val_loss 1.5942  val_acc 0.3293
2026-04-08 01:43:34    epoch   4  loss 1.5963  acc 0.3249  val_loss 1.5106  val_acc 0.3679
2026-04-08 01:43:36    epoch   5  loss 1.7102  acc 0.2965  val_loss 1.6404  val_acc 0.3618
2026-04-08 01:43:39    epoch   6  loss 1.7192  acc 0.2942  val_loss 1.5481  val_acc 0.3394
2026-04-08 01:43:41    epoch   7  loss 1.5815  acc 0.3186  val_loss 1.4913  val_acc 0.3476
2026-04-08 01:43:44    epoch   8  loss 1.5600  acc 0.3330  val_loss 1.4460  val_acc 0.3760
2026-04-08 01:43:47    epoch   9  loss 1.4848  acc 0.3563  val_loss 1.4134  val_acc 0.3882
2026-04-08 01:43:49    epoch  10  loss 1.4858  acc 0.3527  val_loss 1.4080  val_acc 0.3679
2026-04-08 01:43:52    epoch  11  loss 1.6825  acc 0.3114  val_loss 1.4941  val_acc 0.3293
2026-04-08 01:43:54    epoch  12  loss 1.4734  acc 0.3624  val_loss 1.3773  val_acc 0.4167
2026-04-08 01:43:57    epoch  13  loss 1.3835  acc 0.4003  val_loss 1.3259  val_acc 0.4045
2026-04-08 01:43:59    epoch  14  loss 1.3840  acc 0.4023  val_loss 1.2684  val_acc 0.4411
2026-04-08 01:44:02    epoch  15  loss 1.3374  acc 0.3998  val_loss 1.2717  val_acc 0.4492
2026-04-08 01:44:04    epoch  16  loss 1.3242  acc 0.4258  val_loss 1.3166  val_acc 0.4106
2026-04-08 01:44:07    epoch  17  loss 1.3964  acc 0.3991  val_loss 1.3270  val_acc 0.4451
2026-04-08 01:44:10    epoch  18  loss 1.3514  acc 0.4201  val_loss 1.2347  val_acc 0.4776
2026-04-08 01:44:12    epoch  19  loss 1.3015  acc 0.4339  val_loss 1.3912  val_acc 0.3740
2026-04-08 01:44:15    epoch  20  loss 1.6288  acc 0.3497  val_loss 1.3004  val_acc 0.4411
2026-04-08 01:44:17    epoch  21  loss 1.3299  acc 0.4163  val_loss 1.2621  val_acc 0.4512
2026-04-08 01:44:20    epoch  22  loss 1.3108  acc 0.4337  val_loss 1.5019  val_acc 0.3293
2026-04-08 01:44:22    epoch  23  loss 1.3590  acc 0.4199  val_loss 1.2293  val_acc 0.4756
2026-04-08 01:44:25    epoch  24  loss 1.2432  acc 0.4510  val_loss 1.2533  val_acc 0.4390
2026-04-08 01:44:28    epoch  25  loss 1.2251  acc 0.4716  val_loss 1.1740  val_acc 0.4776
2026-04-08 01:44:30    epoch  26  loss 1.1810  acc 0.4808  val_loss 1.1329  val_acc 0.4858
2026-04-08 01:44:33    epoch  27  loss 1.1490  acc 0.4941  val_loss 1.1700  val_acc 0.4634
2026-04-08 01:44:35    epoch  28  loss 1.1650  acc 0.4822  val_loss 1.1425  val_acc 0.4858
2026-04-08 01:44:38    epoch  29  loss 1.1492  acc 0.4921  val_loss 1.1303  val_acc 0.4980
2026-04-08 01:44:40    epoch  30  loss 1.1403  acc 0.4971  val_loss 1.1248  val_acc 0.4878
2026-04-08 01:44:43    epoch  31  loss 1.1407  acc 0.5090  val_loss 1.0911  val_acc 0.5163
2026-04-08 01:44:46    epoch  32  loss 1.1265  acc 0.5097  val_loss 1.1464  val_acc 0.4858
2026-04-08 01:44:48    epoch  33  loss 1.1045  acc 0.5246  val_loss 1.2255  val_acc 0.4472
2026-04-08 01:44:51    epoch  34  loss 1.1720  acc 0.4966  val_loss 1.0909  val_acc 0.5325
2026-04-08 01:44:53    epoch  35  loss 1.0712  acc 0.5388  val_loss 1.0982  val_acc 0.5122
2026-04-08 01:44:56    epoch  36  loss 1.0946  acc 0.5235  val_loss 1.1425  val_acc 0.4980
2026-04-08 01:44:58    epoch  37  loss 1.0676  acc 0.5377  val_loss 1.0642  val_acc 0.5224
2026-04-08 01:45:01    epoch  38  loss 1.0271  acc 0.5544  val_loss 1.0743  val_acc 0.5346
2026-04-08 01:45:03    epoch  39  loss 1.1636  acc 0.5072  val_loss 1.0761  val_acc 0.4980
2026-04-08 01:45:06    epoch  40  loss 1.0514  acc 0.5456  val_loss 1.0301  val_acc 0.5285
2026-04-08 01:45:09    epoch  41  loss 1.0342  acc 0.5620  val_loss 1.0167  val_acc 0.5549
2026-04-08 01:45:11    epoch  42  loss 1.0949  acc 0.5359  val_loss 1.0591  val_acc 0.5488
2026-04-08 01:45:14    epoch  43  loss 1.0349  acc 0.5704  val_loss 1.0489  val_acc 0.5467
2026-04-08 01:45:16    epoch  44  loss 1.0585  acc 0.5623  val_loss 1.0444  val_acc 0.5183
2026-04-08 01:45:19    epoch  45  loss 1.0124  acc 0.5819  val_loss 0.9420  val_acc 0.5935
2026-04-08 01:45:21    epoch  46  loss 0.9444  acc 0.6058  val_loss 0.9578  val_acc 0.5833
2026-04-08 01:45:24    epoch  47  loss 0.9541  acc 0.6072  val_loss 0.9721  val_acc 0.6098
2026-04-08 01:45:26    epoch  48  loss 0.9552  acc 0.6101  val_loss 0.9898  val_acc 0.5732
2026-04-08 01:45:29    epoch  49  loss 0.8999  acc 0.6248  val_loss 0.9286  val_acc 0.6260
2026-04-08 01:45:32    epoch  50  loss 0.9403  acc 0.6085  val_loss 0.9131  val_acc 0.6220
2026-04-08 01:45:34    epoch  51  loss 0.9023  acc 0.6311  val_loss 0.9167  val_acc 0.6545
2026-04-08 01:45:37    epoch  52  loss 0.8614  acc 0.6568  val_loss 0.8764  val_acc 0.6463
2026-04-08 01:45:39    epoch  53  loss 0.9169  acc 0.6403  val_loss 0.9532  val_acc 0.6098
2026-04-08 01:45:42    epoch  54  loss 0.8373  acc 0.6645  val_loss 0.8569  val_acc 0.6667
2026-04-08 01:45:44    epoch  55  loss 0.8463  acc 0.6647  val_loss 0.8304  val_acc 0.6789
2026-04-08 01:45:47    epoch  56  loss 1.0131  acc 0.6054  val_loss 0.8661  val_acc 0.6585
2026-04-08 01:45:50    epoch  57  loss 0.8949  acc 0.6388  val_loss 0.8340  val_acc 0.6362
2026-04-08 01:45:52    epoch  58  loss 0.9037  acc 0.6428  val_loss 0.8997  val_acc 0.6199
2026-04-08 01:45:55    epoch  59  loss 0.8310  acc 0.6634  val_loss 0.7859  val_acc 0.6667
2026-04-08 01:45:57    epoch  60  loss 0.7676  acc 0.6880  val_loss 0.7882  val_acc 0.6626
2026-04-08 01:46:00    epoch  61  loss 0.7245  acc 0.7078  val_loss 0.7376  val_acc 0.6789
2026-04-08 01:46:02    epoch  62  loss 0.7637  acc 0.7004  val_loss 0.7975  val_acc 0.6585
2026-04-08 01:46:05    epoch  63  loss 0.7705  acc 0.6968  val_loss 0.7943  val_acc 0.6646
2026-04-08 01:46:07    epoch  64  loss 0.7456  acc 0.7031  val_loss 0.8345  val_acc 0.6646
2026-04-08 01:46:10    epoch  65  loss 0.7263  acc 0.7125  val_loss 0.7935  val_acc 0.6890
2026-04-08 01:46:13    epoch  66  loss 0.7403  acc 0.7083  val_loss 0.7554  val_acc 0.6789
2026-04-08 01:46:15    epoch  67  loss 0.6378  acc 0.7495  val_loss 0.6949  val_acc 0.7154
2026-04-08 01:46:18    epoch  68  loss 0.6112  acc 0.7649  val_loss 0.7009  val_acc 0.7195
2026-04-08 01:46:20    epoch  69  loss 0.6037  acc 0.7665  val_loss 0.6736  val_acc 0.7175
2026-04-08 01:46:23    epoch  70  loss 0.5848  acc 0.7728  val_loss 0.6788  val_acc 0.7175
2026-04-08 01:46:25    epoch  71  loss 0.5642  acc 0.7780  val_loss 0.6823  val_acc 0.7276
2026-04-08 01:46:28    epoch  72  loss 0.5579  acc 0.7818  val_loss 0.6542  val_acc 0.7236
2026-04-08 01:46:30    epoch  73  loss 0.5386  acc 0.7827  val_loss 0.6325  val_acc 0.7297
2026-04-08 01:46:33    epoch  74  loss 0.5208  acc 0.7913  val_loss 0.6222  val_acc 0.7317
2026-04-08 01:46:36    epoch  75  loss 0.5199  acc 0.7899  val_loss 0.6901  val_acc 0.7215
2026-04-08 01:46:38    epoch  76  loss 0.5253  acc 0.7935  val_loss 0.6918  val_acc 0.7398
2026-04-08 01:46:41    epoch  77  loss 0.5207  acc 0.7944  val_loss 0.7067  val_acc 0.7317
2026-04-08 01:46:43    epoch  78  loss 0.5474  acc 0.7924  val_loss 0.6145  val_acc 0.7480
2026-04-08 01:46:46    epoch  79  loss 0.4824  acc 0.8073  val_loss 0.6370  val_acc 0.7439
2026-04-08 01:46:48    epoch  80  loss 0.4768  acc 0.8120  val_loss 0.6251  val_acc 0.7541
2026-04-08 01:46:51    epoch  81  loss 0.4786  acc 0.8116  val_loss 0.6615  val_acc 0.7459
2026-04-08 01:46:53    epoch  82  loss 0.4786  acc 0.8152  val_loss 0.6033  val_acc 0.7541
2026-04-08 01:46:56    epoch  83  loss 0.4461  acc 0.8278  val_loss 0.5396  val_acc 0.7907
2026-04-08 01:46:59    epoch  84  loss 0.4513  acc 0.8260  val_loss 0.5446  val_acc 0.7744
2026-04-08 01:47:01    epoch  85  loss 0.4327  acc 0.8346  val_loss 0.5999  val_acc 0.7663
2026-04-08 01:47:04    epoch  86  loss 0.4266  acc 0.8335  val_loss 0.5761  val_acc 0.7764
2026-04-08 01:47:06    epoch  87  loss 0.4556  acc 0.8233  val_loss 0.5648  val_acc 0.7642
2026-04-08 01:47:09    epoch  88  loss 0.4327  acc 0.8299  val_loss 0.5750  val_acc 0.7724
2026-04-08 01:47:11    epoch  89  loss 0.3836  acc 0.8520  val_loss 0.5234  val_acc 0.7866
2026-04-08 01:47:14    epoch  90  loss 0.3724  acc 0.8567  val_loss 0.5502  val_acc 0.7764
2026-04-08 01:47:16    epoch  91  loss 0.3493  acc 0.8633  val_loss 0.5093  val_acc 0.7927
2026-04-08 01:47:19    epoch  92  loss 0.3536  acc 0.8667  val_loss 0.5329  val_acc 0.8089
2026-04-08 01:47:22    epoch  93  loss 0.3375  acc 0.8734  val_loss 0.5352  val_acc 0.7988
2026-04-08 01:47:24    epoch  94  loss 0.3375  acc 0.8721  val_loss 0.4970  val_acc 0.8171
2026-04-08 01:47:27    epoch  95  loss 0.3176  acc 0.8782  val_loss 0.4810  val_acc 0.8110
2026-04-08 01:47:29    epoch  96  loss 0.3124  acc 0.8795  val_loss 0.4590  val_acc 0.8272
2026-04-08 01:47:32    epoch  97  loss 0.3161  acc 0.8793  val_loss 0.5263  val_acc 0.8069
2026-04-08 01:47:34    epoch  98  loss 0.3187  acc 0.8820  val_loss 0.5321  val_acc 0.7947
2026-04-08 01:47:37    epoch  99  loss 0.3015  acc 0.8856  val_loss 0.4811  val_acc 0.8191
2026-04-08 01:47:39    epoch 100  loss 0.2984  acc 0.8919  val_loss 0.5027  val_acc 0.8069
2026-04-08 01:47:39    User12 accuracy: 0.4858
2026-04-08 01:47:40  Best model: /home/mahmudm2/codebase/ClassyGlass/scripts/benchmark/models/deep_conv_lstm_best_W1000_S250.pth  (acc=0.7113)
2026-04-08 01:47:40  ============================================================
2026-04-08 01:47:40  LOSO SUMMARY
2026-04-08 01:47:40  ============================================================
2026-04-08 01:47:40    User1: 0.4444
2026-04-08 01:47:40    User2: 0.4875
2026-04-08 01:47:40    User3: 0.5464
2026-04-08 01:47:40    User4: 0.5372
2026-04-08 01:47:40    User5: 0.7113
2026-04-08 01:47:40    User6: 0.6489
2026-04-08 01:47:40    User7: 0.3802
2026-04-08 01:47:40    User8: 0.5103
2026-04-08 01:47:40    User9: 0.3183
2026-04-08 01:47:40    User10: 0.4820
2026-04-08 01:47:40    User11: 0.3230
2026-04-08 01:47:40    User12: 0.4858
2026-04-08 01:47:40    Mean accuracy : 0.4896
2026-04-08 01:47:40    Std  accuracy : 0.1124
2026-04-08 01:47:40  ============================================================
2026-04-08 01:47:40  CLASSIFICATION REPORT (all folds combined)
2026-04-08 01:47:40  ============================================================
2026-04-08 01:47:40  
                            precision    recall  f1-score   support

         Sitting – Reading       0.30      0.29      0.30       527
         Sitting – Writing       0.26      0.42      0.32       583
         Computer – Typing       0.38      0.17      0.24       582
       Computer – Browsing       0.39      0.42      0.40       593
Sitting – Moving head/body       0.40      0.48      0.43       509
    Sitting – Moving chair       0.40      0.39      0.40       582
     Stand up from sitting       0.57      0.71      0.63       695
                  Standing       0.30      0.08      0.12       379
                   Walking       0.78      0.72      0.75       450
                   Running       0.89      0.89      0.89       440
             Taking stairs       0.52      0.46      0.49       146

                  accuracy                           0.46      5486
                 macro avg       0.47      0.46      0.45      5486
              weighted avg       0.46      0.46      0.45      5486

2026-04-08 01:47:40  Confusion matrix saved to: /home/mahmudm2/codebase/ClassyGlass/scripts/benchmark/figures/deep_conv_lstm_confusion_matrix_W1000_S250.png
2026-04-08 01:47:40  Per-subject accuracy chart saved to: /home/mahmudm2/codebase/ClassyGlass/scripts/benchmark/figures/deep_conv_lstm_per_subject_accuracy_W1000_S250.png
2026-04-08 01:47:40  ============================================================
2026-04-08 01:47:40  deep_conv_lstm training complete
2026-04-08 01:47:40  ============================================================
