2026-04-09 10:40:54  ============================================================
2026-04-09 10:40:54  deep_conv_lstm  |  window=200  step=100
2026-04-09 10:40:54  Device  : cuda:2
2026-04-09 10:40:54  Flatten : False
2026-04-09 10:40:54  Log     : /home/mahmudm2/codebase/ClassyGlass/scripts/benchmark/logs/deep_conv_lstm_W200_S100.log
2026-04-09 10:40:54  Model   : /home/mahmudm2/codebase/ClassyGlass/scripts/benchmark/models/deep_conv_lstm_best_W200_S100.pth
2026-04-09 10:40:54  Figures : /home/mahmudm2/codebase/ClassyGlass/scripts/benchmark/figures
2026-04-09 10:40:54  ============================================================
2026-04-09 10:40:57  Loaded 14647 windows | window=200  step=100 | 129 experiments | 12 subjects | 0 experiments skipped
2026-04-09 10:40:58  ────────────────────────────────────────────────────────────
2026-04-09 10:40:58  LOSO fold — held-out: User1 (844 test windows, 13803 train windows)
2026-04-09 10:41:05    epoch   1  loss 2.0207  acc 0.2186  val_loss 1.8341  val_acc 0.2514
2026-04-09 10:41:07    epoch   2  loss 1.7098  acc 0.2945  val_loss 1.6451  val_acc 0.3123
2026-04-09 10:41:10    epoch   3  loss 1.6130  acc 0.3209  val_loss 1.6633  val_acc 0.2993
2026-04-09 10:41:12    epoch   4  loss 1.5772  acc 0.3427  val_loss 1.5653  val_acc 0.3442
2026-04-09 10:41:14    epoch   5  loss 1.5538  acc 0.3514  val_loss 1.4893  val_acc 0.3761
2026-04-09 10:41:16    epoch   6  loss 1.6238  acc 0.3303  val_loss 1.5270  val_acc 0.3471
2026-04-09 10:41:19    epoch   7  loss 1.5329  acc 0.3591  val_loss 1.4877  val_acc 0.3804
2026-04-09 10:41:21    epoch   8  loss 1.4968  acc 0.3726  val_loss 1.4592  val_acc 0.4022
2026-04-09 10:41:23    epoch   9  loss 1.4687  acc 0.3778  val_loss 1.4969  val_acc 0.3717
2026-04-09 10:41:25    epoch  10  loss 1.4788  acc 0.3796  val_loss 1.4740  val_acc 0.3826
2026-04-09 10:41:28    epoch  11  loss 1.4535  acc 0.3931  val_loss 1.4224  val_acc 0.4094
2026-04-09 10:41:30    epoch  12  loss 1.4214  acc 0.4052  val_loss 1.4202  val_acc 0.4159
2026-04-09 10:41:32    epoch  13  loss 1.4050  acc 0.4111  val_loss 1.3923  val_acc 0.4072
2026-04-09 10:41:34    epoch  14  loss 1.3997  acc 0.4090  val_loss 1.3945  val_acc 0.4210
2026-04-09 10:41:37    epoch  15  loss 1.3971  acc 0.4195  val_loss 1.4216  val_acc 0.4022
2026-04-09 10:41:39    epoch  16  loss 1.3870  acc 0.4228  val_loss 1.3719  val_acc 0.4261
2026-04-09 10:41:42    epoch  17  loss 1.3755  acc 0.4331  val_loss 1.3874  val_acc 0.4246
2026-04-09 10:41:44    epoch  18  loss 1.3619  acc 0.4292  val_loss 1.3723  val_acc 0.4370
2026-04-09 10:41:46    epoch  19  loss 1.3629  acc 0.4397  val_loss 1.3423  val_acc 0.4514
2026-04-09 10:41:48    epoch  20  loss 1.3272  acc 0.4410  val_loss 1.3275  val_acc 0.4442
2026-04-09 10:41:51    epoch  21  loss 1.3232  acc 0.4515  val_loss 1.3395  val_acc 0.4370
2026-04-09 10:41:53    epoch  22  loss 1.3224  acc 0.4496  val_loss 1.3460  val_acc 0.4406
2026-04-09 10:41:55    epoch  23  loss 1.3066  acc 0.4549  val_loss 1.3008  val_acc 0.4580
2026-04-09 10:41:58    epoch  24  loss 1.2996  acc 0.4616  val_loss 1.2907  val_acc 0.4558
2026-04-09 10:42:00    epoch  25  loss 1.2894  acc 0.4626  val_loss 1.3036  val_acc 0.4442
2026-04-09 10:42:02    epoch  26  loss 1.2870  acc 0.4598  val_loss 1.2975  val_acc 0.4283
2026-04-09 10:42:04    epoch  27  loss 1.2802  acc 0.4712  val_loss 1.2800  val_acc 0.4746
2026-04-09 10:42:07    epoch  28  loss 1.2888  acc 0.4611  val_loss 1.3013  val_acc 0.4645
2026-04-09 10:42:09    epoch  29  loss 1.2585  acc 0.4703  val_loss 1.2748  val_acc 0.4761
2026-04-09 10:42:11    epoch  30  loss 1.2443  acc 0.4813  val_loss 1.2655  val_acc 0.4696
2026-04-09 10:42:14    epoch  31  loss 1.2426  acc 0.4832  val_loss 1.2716  val_acc 0.4768
2026-04-09 10:42:16    epoch  32  loss 1.2470  acc 0.4826  val_loss 1.2622  val_acc 0.4297
2026-04-09 10:42:18    epoch  33  loss 1.2495  acc 0.4734  val_loss 1.2815  val_acc 0.4768
2026-04-09 10:42:21    epoch  34  loss 1.2373  acc 0.4876  val_loss 1.2558  val_acc 0.4841
2026-04-09 10:42:23    epoch  35  loss 1.2257  acc 0.4913  val_loss 1.2411  val_acc 0.4891
2026-04-09 10:42:25    epoch  36  loss 1.2154  acc 0.4933  val_loss 1.2600  val_acc 0.4478
2026-04-09 10:42:27    epoch  37  loss 1.2358  acc 0.4827  val_loss 1.2347  val_acc 0.4580
2026-04-09 10:42:30    epoch  38  loss 1.2076  acc 0.4978  val_loss 1.2323  val_acc 0.4964
2026-04-09 10:42:32    epoch  39  loss 1.1927  acc 0.5095  val_loss 1.2034  val_acc 0.5058
2026-04-09 10:42:34    epoch  40  loss 1.1781  acc 0.5199  val_loss 1.1992  val_acc 0.5022
2026-04-09 10:42:37    epoch  41  loss 1.1843  acc 0.5121  val_loss 1.2480  val_acc 0.4754
2026-04-09 10:42:39    epoch  42  loss 1.1886  acc 0.5015  val_loss 1.1989  val_acc 0.5239
2026-04-09 10:42:41    epoch  43  loss 1.1778  acc 0.5159  val_loss 1.1974  val_acc 0.5087
2026-04-09 10:42:44    epoch  44  loss 1.1559  acc 0.5276  val_loss 1.1852  val_acc 0.5152
2026-04-09 10:42:46    epoch  45  loss 1.1604  acc 0.5264  val_loss 1.1745  val_acc 0.5080
2026-04-09 10:42:48    epoch  46  loss 1.1514  acc 0.5346  val_loss 1.1760  val_acc 0.5254
2026-04-09 10:42:51    epoch  47  loss 1.1356  acc 0.5370  val_loss 1.1537  val_acc 0.5297
2026-04-09 10:42:53    epoch  48  loss 1.1350  acc 0.5375  val_loss 1.1428  val_acc 0.5297
2026-04-09 10:42:55    epoch  49  loss 1.1180  acc 0.5549  val_loss 1.1706  val_acc 0.5029
2026-04-09 10:42:58    epoch  50  loss 1.1173  acc 0.5472  val_loss 1.1515  val_acc 0.5580
2026-04-09 10:43:00    epoch  51  loss 1.0941  acc 0.5633  val_loss 1.1207  val_acc 0.5964
2026-04-09 10:43:02    epoch  52  loss 1.1030  acc 0.5697  val_loss 1.1300  val_acc 0.5630
2026-04-09 10:43:05    epoch  53  loss 1.0748  acc 0.5761  val_loss 1.1898  val_acc 0.5536
2026-04-09 10:43:07    epoch  54  loss 1.1250  acc 0.5565  val_loss 1.1106  val_acc 0.5710
2026-04-09 10:43:09    epoch  55  loss 1.0664  acc 0.5839  val_loss 1.0491  val_acc 0.6181
2026-04-09 10:43:12    epoch  56  loss 1.0523  acc 0.5904  val_loss 1.0994  val_acc 0.5761
2026-04-09 10:43:14    epoch  57  loss 1.0265  acc 0.6036  val_loss 1.0844  val_acc 0.6043
2026-04-09 10:43:16    epoch  58  loss 1.0138  acc 0.6090  val_loss 1.0314  val_acc 0.6065
2026-04-09 10:43:19    epoch  59  loss 1.0090  acc 0.6202  val_loss 1.0497  val_acc 0.5935
2026-04-09 10:43:21    epoch  60  loss 0.9817  acc 0.6259  val_loss 1.0668  val_acc 0.6072
2026-04-09 10:43:23    epoch  61  loss 0.9825  acc 0.6273  val_loss 1.0225  val_acc 0.6174
2026-04-09 10:43:26    epoch  62  loss 0.9664  acc 0.6321  val_loss 0.9877  val_acc 0.6246
2026-04-09 10:43:28    epoch  63  loss 0.9417  acc 0.6444  val_loss 0.9897  val_acc 0.6399
2026-04-09 10:43:30    epoch  64  loss 0.9399  acc 0.6443  val_loss 0.9780  val_acc 0.6435
2026-04-09 10:43:33    epoch  65  loss 0.9272  acc 0.6571  val_loss 0.9603  val_acc 0.6457
2026-04-09 10:43:35    epoch  66  loss 0.9062  acc 0.6639  val_loss 1.0022  val_acc 0.6355
2026-04-09 10:43:37    epoch  67  loss 0.9024  acc 0.6670  val_loss 0.9709  val_acc 0.6652
2026-04-09 10:43:40    epoch  68  loss 0.8701  acc 0.6780  val_loss 0.9624  val_acc 0.6543
2026-04-09 10:43:42    epoch  69  loss 0.8598  acc 0.6909  val_loss 0.9486  val_acc 0.6529
2026-04-09 10:43:45    epoch  70  loss 0.8448  acc 0.6938  val_loss 0.9438  val_acc 0.6493
2026-04-09 10:43:47    epoch  71  loss 0.8581  acc 0.6853  val_loss 0.9523  val_acc 0.6609
2026-04-09 10:43:49    epoch  72  loss 0.8324  acc 0.6957  val_loss 0.9376  val_acc 0.6594
2026-04-09 10:43:52    epoch  73  loss 0.8165  acc 0.7043  val_loss 0.9660  val_acc 0.6384
2026-04-09 10:43:54    epoch  74  loss 0.7943  acc 0.7108  val_loss 0.9509  val_acc 0.6551
2026-04-09 10:43:56    epoch  75  loss 0.8071  acc 0.7031  val_loss 0.9789  val_acc 0.6341
2026-04-09 10:43:59    epoch  76  loss 0.7967  acc 0.7093  val_loss 0.9224  val_acc 0.6732
2026-04-09 10:44:01    epoch  77  loss 0.7646  acc 0.7266  val_loss 0.9228  val_acc 0.6717
2026-04-09 10:44:03    epoch  78  loss 0.7530  acc 0.7306  val_loss 0.9311  val_acc 0.6674
2026-04-09 10:44:06    epoch  79  loss 0.7415  acc 0.7321  val_loss 0.8938  val_acc 0.6870
2026-04-09 10:44:08    epoch  80  loss 0.7379  acc 0.7387  val_loss 0.9479  val_acc 0.6522
2026-04-09 10:44:10    epoch  81  loss 0.7391  acc 0.7325  val_loss 0.9373  val_acc 0.6667
2026-04-09 10:44:13    epoch  82  loss 0.7435  acc 0.7336  val_loss 0.9107  val_acc 0.6725
2026-04-09 10:44:15    epoch  83  loss 0.6935  acc 0.7554  val_loss 0.9407  val_acc 0.6688
2026-04-09 10:44:17    epoch  84  loss 0.6853  acc 0.7562  val_loss 0.9719  val_acc 0.6688
2026-04-09 10:44:20    epoch  85  loss 0.6357  acc 0.7756  val_loss 0.9244  val_acc 0.6913
2026-04-09 10:44:22    epoch  86  loss 0.6049  acc 0.7929  val_loss 0.9310  val_acc 0.6862
2026-04-09 10:44:24    epoch  87  loss 0.5739  acc 0.8009  val_loss 0.9505  val_acc 0.6833
2026-04-09 10:44:24    Early stopping at epoch 87
2026-04-09 10:44:25    User1 accuracy: 0.4799
2026-04-09 10:44:25    ✓ New best model saved (User1 held out, acc=0.4799)
2026-04-09 10:44:25  ────────────────────────────────────────────────────────────
2026-04-09 10:44:25  LOSO fold — held-out: User2 (777 test windows, 13870 train windows)
2026-04-09 10:44:28    epoch   1  loss 2.0464  acc 0.2129  val_loss 1.8223  val_acc 0.2927
2026-04-09 10:44:30    epoch   2  loss 1.7330  acc 0.2864  val_loss 1.6571  val_acc 0.3389
2026-04-09 10:44:33    epoch   3  loss 1.7169  acc 0.2954  val_loss 1.6366  val_acc 0.3280
2026-04-09 10:44:35    epoch   4  loss 1.6275  acc 0.3274  val_loss 1.6070  val_acc 0.3526
2026-04-09 10:44:38    epoch   5  loss 1.5960  acc 0.3385  val_loss 1.5792  val_acc 0.3518
2026-04-09 10:44:40    epoch   6  loss 1.5487  acc 0.3602  val_loss 1.5668  val_acc 0.3446
2026-04-09 10:44:43    epoch   7  loss 1.5352  acc 0.3711  val_loss 1.5419  val_acc 0.3533
2026-04-09 10:44:45    epoch   8  loss 1.5129  acc 0.3741  val_loss 1.5084  val_acc 0.3554
2026-04-09 10:44:48    epoch   9  loss 1.4929  acc 0.3793  val_loss 1.5040  val_acc 0.3814
2026-04-09 10:44:50    epoch  10  loss 1.4658  acc 0.3896  val_loss 1.4762  val_acc 0.4037
2026-04-09 10:44:52    epoch  11  loss 1.4390  acc 0.4071  val_loss 1.4494  val_acc 0.4110
2026-04-09 10:44:55    epoch  12  loss 1.4482  acc 0.4018  val_loss 1.4562  val_acc 0.4102
2026-04-09 10:44:57    epoch  13  loss 1.4153  acc 0.4126  val_loss 1.4134  val_acc 0.4254
2026-04-09 10:45:00    epoch  14  loss 1.4124  acc 0.4170  val_loss 1.3964  val_acc 0.4218
2026-04-09 10:45:02    epoch  15  loss 1.4116  acc 0.4115  val_loss 1.4028  val_acc 0.4117
2026-04-09 10:45:05    epoch  16  loss 1.4164  acc 0.4183  val_loss 1.4140  val_acc 0.4009
2026-04-09 10:45:07    epoch  17  loss 1.3850  acc 0.4236  val_loss 1.3659  val_acc 0.4405
2026-04-09 10:45:10    epoch  18  loss 1.3696  acc 0.4376  val_loss 1.3638  val_acc 0.4441
2026-04-09 10:45:12    epoch  19  loss 1.3436  acc 0.4453  val_loss 1.3508  val_acc 0.4456
2026-04-09 10:45:15    epoch  20  loss 1.3345  acc 0.4466  val_loss 1.3545  val_acc 0.4319
2026-04-09 10:45:17    epoch  21  loss 1.3251  acc 0.4545  val_loss 1.3720  val_acc 0.4203
2026-04-09 10:45:20    epoch  22  loss 1.3152  acc 0.4522  val_loss 1.3288  val_acc 0.4549
2026-04-09 10:45:22    epoch  23  loss 1.3045  acc 0.4633  val_loss 1.3233  val_acc 0.4549
2026-04-09 10:45:24    epoch  24  loss 1.3014  acc 0.4627  val_loss 1.3006  val_acc 0.4838
2026-04-09 10:45:27    epoch  25  loss 1.2765  acc 0.4734  val_loss 1.2855  val_acc 0.4658
2026-04-09 10:45:29    epoch  26  loss 1.2759  acc 0.4849  val_loss 1.2769  val_acc 0.4730
2026-04-09 10:45:32    epoch  27  loss 1.2628  acc 0.4940  val_loss 1.2841  val_acc 0.4874
2026-04-09 10:45:34    epoch  28  loss 1.2630  acc 0.4778  val_loss 1.2780  val_acc 0.4614
2026-04-09 10:45:37    epoch  29  loss 1.2430  acc 0.4929  val_loss 1.2853  val_acc 0.4730
2026-04-09 10:45:39    epoch  30  loss 1.2347  acc 0.4919  val_loss 1.2751  val_acc 0.4946
2026-04-09 10:45:42    epoch  31  loss 1.2119  acc 0.5065  val_loss 1.2419  val_acc 0.5249
2026-04-09 10:45:44    epoch  32  loss 1.2110  acc 0.5109  val_loss 1.2279  val_acc 0.5169
2026-04-09 10:45:47    epoch  33  loss 1.2328  acc 0.5027  val_loss 1.2509  val_acc 0.5155
2026-04-09 10:45:49    epoch  34  loss 1.1976  acc 0.5205  val_loss 1.2233  val_acc 0.5191
2026-04-09 10:45:52    epoch  35  loss 1.1898  acc 0.5149  val_loss 1.2018  val_acc 0.5205
2026-04-09 10:45:54    epoch  36  loss 1.1657  acc 0.5309  val_loss 1.1994  val_acc 0.5314
2026-04-09 10:45:56    epoch  37  loss 1.1628  acc 0.5318  val_loss 1.1918  val_acc 0.5364
2026-04-09 10:45:59    epoch  38  loss 1.1544  acc 0.5347  val_loss 1.2364  val_acc 0.5011
2026-04-09 10:46:01    epoch  39  loss 1.1426  acc 0.5430  val_loss 1.1827  val_acc 0.5415
2026-04-09 10:46:04    epoch  40  loss 1.1280  acc 0.5555  val_loss 1.1624  val_acc 0.5415
2026-04-09 10:46:06    epoch  41  loss 1.1194  acc 0.5574  val_loss 1.1465  val_acc 0.5516
2026-04-09 10:46:09    epoch  42  loss 1.0930  acc 0.5689  val_loss 1.1398  val_acc 0.5645
2026-04-09 10:46:11    epoch  43  loss 1.0898  acc 0.5777  val_loss 1.1350  val_acc 0.5523
2026-04-09 10:46:14    epoch  44  loss 1.0784  acc 0.5885  val_loss 1.1254  val_acc 0.5732
2026-04-09 10:46:16    epoch  45  loss 1.0529  acc 0.5983  val_loss 1.0805  val_acc 0.5876
2026-04-09 10:46:18    epoch  46  loss 1.0502  acc 0.6007  val_loss 1.1021  val_acc 0.5890
2026-04-09 10:46:21    epoch  47  loss 1.0431  acc 0.6038  val_loss 1.0898  val_acc 0.5847
2026-04-09 10:46:23    epoch  48  loss 1.0379  acc 0.6031  val_loss 1.0944  val_acc 0.6035
2026-04-09 10:46:26    epoch  49  loss 1.0039  acc 0.6215  val_loss 1.0611  val_acc 0.6099
2026-04-09 10:46:28    epoch  50  loss 1.0083  acc 0.6192  val_loss 1.0370  val_acc 0.6150
2026-04-09 10:46:31    epoch  51  loss 0.9758  acc 0.6358  val_loss 1.0946  val_acc 0.5883
2026-04-09 10:46:33    epoch  52  loss 0.9799  acc 0.6359  val_loss 1.0337  val_acc 0.6179
2026-04-09 10:46:36    epoch  53  loss 0.9624  acc 0.6419  val_loss 1.0478  val_acc 0.6136
2026-04-09 10:46:38    epoch  54  loss 0.9531  acc 0.6450  val_loss 1.0407  val_acc 0.6157
2026-04-09 10:46:40    epoch  55  loss 0.9688  acc 0.6382  val_loss 1.0437  val_acc 0.6157
2026-04-09 10:46:43    epoch  56  loss 0.9598  acc 0.6477  val_loss 1.0271  val_acc 0.6179
2026-04-09 10:46:45    epoch  57  loss 0.9129  acc 0.6631  val_loss 1.0316  val_acc 0.6273
2026-04-09 10:46:48    epoch  58  loss 0.9304  acc 0.6600  val_loss 1.0181  val_acc 0.6186
2026-04-09 10:46:50    epoch  59  loss 0.8956  acc 0.6706  val_loss 1.0129  val_acc 0.6208
2026-04-09 10:46:53    epoch  60  loss 0.8649  acc 0.6833  val_loss 0.9970  val_acc 0.6352
2026-04-09 10:46:55    epoch  61  loss 0.8610  acc 0.6866  val_loss 0.9940  val_acc 0.6301
2026-04-09 10:46:58    epoch  62  loss 0.8586  acc 0.6877  val_loss 1.0148  val_acc 0.6193
2026-04-09 10:47:00    epoch  63  loss 0.8675  acc 0.6867  val_loss 1.0103  val_acc 0.6337
2026-04-09 10:47:02    epoch  64  loss 0.8605  acc 0.6855  val_loss 1.0430  val_acc 0.6193
2026-04-09 10:47:05    epoch  65  loss 0.8470  acc 0.6915  val_loss 0.9882  val_acc 0.6460
2026-04-09 10:47:07    epoch  66  loss 0.8026  acc 0.7141  val_loss 1.0096  val_acc 0.6525
2026-04-09 10:47:10    epoch  67  loss 0.8284  acc 0.6985  val_loss 0.9864  val_acc 0.6547
2026-04-09 10:47:12    epoch  68  loss 0.7993  acc 0.7129  val_loss 1.0056  val_acc 0.6395
2026-04-09 10:47:15    epoch  69  loss 0.8180  acc 0.7041  val_loss 0.9880  val_acc 0.6467
2026-04-09 10:47:17    epoch  70  loss 0.7628  acc 0.7272  val_loss 0.9493  val_acc 0.6518
2026-04-09 10:47:19    epoch  71  loss 0.7721  acc 0.7251  val_loss 0.9490  val_acc 0.6662
2026-04-09 10:47:22    epoch  72  loss 0.7430  acc 0.7364  val_loss 0.9493  val_acc 0.6691
2026-04-09 10:47:24    epoch  73  loss 0.7288  acc 0.7435  val_loss 1.0021  val_acc 0.6496
2026-04-09 10:47:27    epoch  74  loss 0.7306  acc 0.7427  val_loss 0.9753  val_acc 0.6640
2026-04-09 10:47:29    epoch  75  loss 0.7210  acc 0.7481  val_loss 0.9932  val_acc 0.6532
2026-04-09 10:47:32    epoch  76  loss 0.7218  acc 0.7493  val_loss 0.9679  val_acc 0.6698
2026-04-09 10:47:34    epoch  77  loss 0.6620  acc 0.7690  val_loss 0.9471  val_acc 0.6893
2026-04-09 10:47:37    epoch  78  loss 0.6318  acc 0.7832  val_loss 0.9466  val_acc 0.6828
2026-04-09 10:47:39    epoch  79  loss 0.6259  acc 0.7868  val_loss 0.9568  val_acc 0.6900
2026-04-09 10:47:41    epoch  80  loss 0.6038  acc 0.7952  val_loss 0.9646  val_acc 0.6813
2026-04-09 10:47:44    epoch  81  loss 0.6059  acc 0.7944  val_loss 0.9745  val_acc 0.6849
2026-04-09 10:47:46    epoch  82  loss 0.5911  acc 0.7974  val_loss 0.9777  val_acc 0.6878
2026-04-09 10:47:49    epoch  83  loss 0.5876  acc 0.7982  val_loss 0.9896  val_acc 0.6914
2026-04-09 10:47:51    epoch  84  loss 0.5541  acc 0.8123  val_loss 0.9497  val_acc 0.6950
2026-04-09 10:47:54    epoch  85  loss 0.5312  acc 0.8239  val_loss 0.9765  val_acc 0.6936
2026-04-09 10:47:56    epoch  86  loss 0.5177  acc 0.8291  val_loss 0.9925  val_acc 0.6921
2026-04-09 10:47:56    Early stopping at epoch 86
2026-04-09 10:47:56    User2 accuracy: 0.6345
2026-04-09 10:47:56    ✓ New best model saved (User2 held out, acc=0.6345)
2026-04-09 10:47:57  ────────────────────────────────────────────────────────────
2026-04-09 10:47:57  LOSO fold — held-out: User3 (775 test windows, 13872 train windows)
2026-04-09 10:47:59    epoch   1  loss 2.0487  acc 0.2171  val_loss 1.7908  val_acc 0.2790
2026-04-09 10:48:02    epoch   2  loss 1.8333  acc 0.2690  val_loss 1.7088  val_acc 0.3079
2026-04-09 10:48:04    epoch   3  loss 1.7115  acc 0.3068  val_loss 1.6594  val_acc 0.3208
2026-04-09 10:48:07    epoch   4  loss 1.6435  acc 0.3268  val_loss 1.6618  val_acc 0.3086
2026-04-09 10:48:09    epoch   5  loss 1.6183  acc 0.3360  val_loss 1.6287  val_acc 0.3490
2026-04-09 10:48:12    epoch   6  loss 1.6254  acc 0.3455  val_loss 1.5638  val_acc 0.3706
2026-04-09 10:48:14    epoch   7  loss 1.6086  acc 0.3511  val_loss 1.5939  val_acc 0.3583
2026-04-09 10:48:16    epoch   8  loss 1.5619  acc 0.3673  val_loss 1.5328  val_acc 0.3778
2026-04-09 10:48:19    epoch   9  loss 1.5254  acc 0.3829  val_loss 1.5219  val_acc 0.3828
2026-04-09 10:48:21    epoch  10  loss 1.5046  acc 0.3950  val_loss 1.4967  val_acc 0.3886
2026-04-09 10:48:24    epoch  11  loss 1.4889  acc 0.3962  val_loss 1.4636  val_acc 0.4045
2026-04-09 10:48:26    epoch  12  loss 1.4801  acc 0.3998  val_loss 1.4491  val_acc 0.4117
2026-04-09 10:48:29    epoch  13  loss 1.4548  acc 0.4059  val_loss 1.4347  val_acc 0.4174
2026-04-09 10:48:31    epoch  14  loss 1.4362  acc 0.4119  val_loss 1.4075  val_acc 0.4232
2026-04-09 10:48:34    epoch  15  loss 1.4322  acc 0.4123  val_loss 1.3988  val_acc 0.4203
2026-04-09 10:48:36    epoch  16  loss 1.4187  acc 0.4271  val_loss 1.4125  val_acc 0.4225
2026-04-09 10:48:39    epoch  17  loss 1.4385  acc 0.4176  val_loss 1.3898  val_acc 0.4268
2026-04-09 10:48:41    epoch  18  loss 1.3836  acc 0.4337  val_loss 1.3435  val_acc 0.4420
2026-04-09 10:48:43    epoch  19  loss 1.3806  acc 0.4352  val_loss 1.3326  val_acc 0.4398
2026-04-09 10:48:46    epoch  20  loss 1.3692  acc 0.4357  val_loss 1.3327  val_acc 0.4470
2026-04-09 10:48:48    epoch  21  loss 1.3822  acc 0.4376  val_loss 1.3545  val_acc 0.4477
2026-04-09 10:48:51    epoch  22  loss 1.3504  acc 0.4464  val_loss 1.3396  val_acc 0.4470
2026-04-09 10:48:53    epoch  23  loss 1.3361  acc 0.4535  val_loss 1.3374  val_acc 0.4319
2026-04-09 10:48:55    epoch  24  loss 1.3241  acc 0.4555  val_loss 1.2935  val_acc 0.4585
2026-04-09 10:48:58    epoch  25  loss 1.3110  acc 0.4622  val_loss 1.3067  val_acc 0.4708
2026-04-09 10:49:00    epoch  26  loss 1.3145  acc 0.4634  val_loss 1.3153  val_acc 0.4528
2026-04-09 10:49:03    epoch  27  loss 1.2960  acc 0.4752  val_loss 1.2910  val_acc 0.4658
2026-04-09 10:49:05    epoch  28  loss 1.2856  acc 0.4709  val_loss 1.3077  val_acc 0.4521
2026-04-09 10:49:08    epoch  29  loss 1.3073  acc 0.4682  val_loss 1.2930  val_acc 0.4722
2026-04-09 10:49:10    epoch  30  loss 1.2771  acc 0.4810  val_loss 1.2702  val_acc 0.4614
2026-04-09 10:49:13    epoch  31  loss 1.2557  acc 0.4816  val_loss 1.2593  val_acc 0.4773
2026-04-09 10:49:15    epoch  32  loss 1.2636  acc 0.4799  val_loss 1.2666  val_acc 0.4787
2026-04-09 10:49:17    epoch  33  loss 1.2302  acc 0.5011  val_loss 1.2627  val_acc 0.4960
2026-04-09 10:49:20    epoch  34  loss 1.2394  acc 0.4981  val_loss 1.2528  val_acc 0.4701
2026-04-09 10:49:22    epoch  35  loss 1.2307  acc 0.4988  val_loss 1.2261  val_acc 0.4946
2026-04-09 10:49:25    epoch  36  loss 1.2146  acc 0.5146  val_loss 1.2380  val_acc 0.4989
2026-04-09 10:49:27    epoch  37  loss 1.2333  acc 0.5009  val_loss 1.2717  val_acc 0.4867
2026-04-09 10:49:30    epoch  38  loss 1.2141  acc 0.5109  val_loss 1.2092  val_acc 0.5155
2026-04-09 10:49:32    epoch  39  loss 1.1822  acc 0.5203  val_loss 1.1867  val_acc 0.5350
2026-04-09 10:49:34    epoch  40  loss 1.1718  acc 0.5263  val_loss 1.1971  val_acc 0.5133
2026-04-09 10:49:37    epoch  41  loss 1.1548  acc 0.5345  val_loss 1.2069  val_acc 0.5220
2026-04-09 10:49:39    epoch  42  loss 1.1332  acc 0.5398  val_loss 1.1436  val_acc 0.5328
2026-04-09 10:49:42    epoch  43  loss 1.1299  acc 0.5560  val_loss 1.1551  val_acc 0.5465
2026-04-09 10:49:44    epoch  44  loss 1.1214  acc 0.5570  val_loss 1.1510  val_acc 0.5566
2026-04-09 10:49:47    epoch  45  loss 1.1215  acc 0.5516  val_loss 1.1609  val_acc 0.5407
2026-04-09 10:49:49    epoch  46  loss 1.1251  acc 0.5578  val_loss 1.1611  val_acc 0.5299
2026-04-09 10:49:51    epoch  47  loss 1.1008  acc 0.5681  val_loss 1.1506  val_acc 0.5573
2026-04-09 10:49:54    epoch  48  loss 1.0772  acc 0.5825  val_loss 1.1377  val_acc 0.5660
2026-04-09 10:49:56    epoch  49  loss 1.0454  acc 0.5952  val_loss 1.1144  val_acc 0.5746
2026-04-09 10:49:59    epoch  50  loss 1.0194  acc 0.6112  val_loss 1.1061  val_acc 0.5826
2026-04-09 10:50:01    epoch  51  loss 1.0110  acc 0.6119  val_loss 1.1020  val_acc 0.5797
2026-04-09 10:50:03    epoch  52  loss 1.0028  acc 0.6155  val_loss 1.0988  val_acc 0.5840
2026-04-09 10:50:06    epoch  53  loss 0.9974  acc 0.6187  val_loss 1.0853  val_acc 0.6020
2026-04-09 10:50:08    epoch  54  loss 0.9878  acc 0.6213  val_loss 1.1076  val_acc 0.5898
2026-04-09 10:50:11    epoch  55  loss 0.9874  acc 0.6240  val_loss 1.0765  val_acc 0.5977
2026-04-09 10:50:13    epoch  56  loss 0.9630  acc 0.6373  val_loss 1.0800  val_acc 0.5991
2026-04-09 10:50:16    epoch  57  loss 0.9506  acc 0.6432  val_loss 1.0591  val_acc 0.6121
2026-04-09 10:50:18    epoch  58  loss 0.9609  acc 0.6314  val_loss 1.1028  val_acc 0.5862
2026-04-09 10:50:20    epoch  59  loss 0.9571  acc 0.6433  val_loss 1.0407  val_acc 0.6345
2026-04-09 10:50:23    epoch  60  loss 0.9279  acc 0.6507  val_loss 1.0343  val_acc 0.6258
2026-04-09 10:50:25    epoch  61  loss 0.9076  acc 0.6638  val_loss 1.0269  val_acc 0.6244
2026-04-09 10:50:28    epoch  62  loss 0.8980  acc 0.6635  val_loss 1.0248  val_acc 0.6273
2026-04-09 10:50:30    epoch  63  loss 0.8803  acc 0.6734  val_loss 1.0139  val_acc 0.6424
2026-04-09 10:50:33    epoch  64  loss 0.8768  acc 0.6730  val_loss 1.0281  val_acc 0.6265
2026-04-09 10:50:35    epoch  65  loss 0.8671  acc 0.6799  val_loss 1.0265  val_acc 0.6229
2026-04-09 10:50:37    epoch  66  loss 0.8597  acc 0.6855  val_loss 1.0108  val_acc 0.6323
2026-04-09 10:50:40    epoch  67  loss 0.8508  acc 0.6853  val_loss 1.0026  val_acc 0.6381
2026-04-09 10:50:42    epoch  68  loss 0.8371  acc 0.6937  val_loss 1.0276  val_acc 0.6510
2026-04-09 10:50:45    epoch  69  loss 0.8277  acc 0.6969  val_loss 1.0133  val_acc 0.6287
2026-04-09 10:50:47    epoch  70  loss 0.8071  acc 0.7085  val_loss 1.0087  val_acc 0.6395
2026-04-09 10:50:50    epoch  71  loss 0.8139  acc 0.7025  val_loss 1.0072  val_acc 0.6453
2026-04-09 10:50:52    epoch  72  loss 0.8077  acc 0.7053  val_loss 1.0489  val_acc 0.6316
2026-04-09 10:50:54    epoch  73  loss 0.7861  acc 0.7145  val_loss 1.0048  val_acc 0.6460
2026-04-09 10:50:57    epoch  74  loss 0.7614  acc 0.7234  val_loss 0.9949  val_acc 0.6474
2026-04-09 10:50:59    epoch  75  loss 0.7432  acc 0.7331  val_loss 1.0070  val_acc 0.6446
2026-04-09 10:51:02    epoch  76  loss 0.7355  acc 0.7357  val_loss 1.0102  val_acc 0.6510
2026-04-09 10:51:04    epoch  77  loss 0.7279  acc 0.7430  val_loss 1.0167  val_acc 0.6518
2026-04-09 10:51:06    epoch  78  loss 0.7204  acc 0.7392  val_loss 1.0131  val_acc 0.6525
2026-04-09 10:51:09    epoch  79  loss 0.7114  acc 0.7444  val_loss 1.0130  val_acc 0.6496
2026-04-09 10:51:11    epoch  80  loss 0.6928  acc 0.7523  val_loss 1.0115  val_acc 0.6604
2026-04-09 10:51:14    epoch  81  loss 0.6838  acc 0.7588  val_loss 1.0069  val_acc 0.6583
2026-04-09 10:51:16    epoch  82  loss 0.6738  acc 0.7625  val_loss 1.0248  val_acc 0.6532
2026-04-09 10:51:16    Early stopping at epoch 82
2026-04-09 10:51:16    User3 accuracy: 0.5303
2026-04-09 10:51:17  ────────────────────────────────────────────────────────────
2026-04-09 10:51:17  LOSO fold — held-out: User4 (821 test windows, 13826 train windows)
2026-04-09 10:51:19    epoch   1  loss 2.1062  acc 0.1942  val_loss 1.8785  val_acc 0.2547
2026-04-09 10:51:22    epoch   2  loss 1.7916  acc 0.2677  val_loss 1.7301  val_acc 0.2959
2026-04-09 10:51:24    epoch   3  loss 1.7188  acc 0.2968  val_loss 1.7226  val_acc 0.3162
2026-04-09 10:51:26    epoch   4  loss 1.6455  acc 0.3222  val_loss 1.6566  val_acc 0.3386
2026-04-09 10:51:29    epoch   5  loss 1.6091  acc 0.3386  val_loss 1.6234  val_acc 0.3350
2026-04-09 10:51:31    epoch   6  loss 1.6130  acc 0.3361  val_loss 1.6065  val_acc 0.3271
2026-04-09 10:51:34    epoch   7  loss 1.5566  acc 0.3631  val_loss 1.5568  val_acc 0.3661
2026-04-09 10:51:36    epoch   8  loss 1.5462  acc 0.3710  val_loss 1.5448  val_acc 0.3719
2026-04-09 10:51:38    epoch   9  loss 1.5022  acc 0.3848  val_loss 1.5294  val_acc 0.3777
2026-04-09 10:51:41    epoch  10  loss 1.4894  acc 0.3918  val_loss 1.4908  val_acc 0.3828
2026-04-09 10:51:43    epoch  11  loss 1.4752  acc 0.4000  val_loss 1.4641  val_acc 0.4081
2026-04-09 10:51:45    epoch  12  loss 1.4415  acc 0.4065  val_loss 1.4280  val_acc 0.4161
2026-04-09 10:51:48    epoch  13  loss 1.4355  acc 0.4102  val_loss 1.4345  val_acc 0.4153
2026-04-09 10:51:50    epoch  14  loss 1.4110  acc 0.4197  val_loss 1.4173  val_acc 0.4204
2026-04-09 10:51:53    epoch  15  loss 1.4159  acc 0.4179  val_loss 1.3883  val_acc 0.4407
2026-04-09 10:51:55    epoch  16  loss 1.4049  acc 0.4250  val_loss 1.4019  val_acc 0.4262
2026-04-09 10:51:58    epoch  17  loss 1.3923  acc 0.4255  val_loss 1.3727  val_acc 0.4356
2026-04-09 10:52:00    epoch  18  loss 1.3748  acc 0.4302  val_loss 1.3904  val_acc 0.4219
2026-04-09 10:52:02    epoch  19  loss 1.3791  acc 0.4314  val_loss 1.3558  val_acc 0.4428
2026-04-09 10:52:05    epoch  20  loss 1.3753  acc 0.4348  val_loss 1.3402  val_acc 0.4580
2026-04-09 10:52:07    epoch  21  loss 1.3461  acc 0.4478  val_loss 1.4955  val_acc 0.3922
2026-04-09 10:52:09    epoch  22  loss 1.3675  acc 0.4408  val_loss 1.3334  val_acc 0.4580
2026-04-09 10:52:12    epoch  23  loss 1.3358  acc 0.4553  val_loss 1.3217  val_acc 0.4573
2026-04-09 10:52:14    epoch  24  loss 1.3069  acc 0.4622  val_loss 1.3143  val_acc 0.4588
2026-04-09 10:52:16    epoch  25  loss 1.3341  acc 0.4501  val_loss 1.3294  val_acc 0.4682
2026-04-09 10:52:19    epoch  26  loss 1.3206  acc 0.4668  val_loss 1.3006  val_acc 0.4732
2026-04-09 10:52:21    epoch  27  loss 1.3311  acc 0.4660  val_loss 1.2982  val_acc 0.4928
2026-04-09 10:52:23    epoch  28  loss 1.2977  acc 0.4750  val_loss 1.3130  val_acc 0.4682
2026-04-09 10:52:26    epoch  29  loss 1.2791  acc 0.4879  val_loss 1.2654  val_acc 0.4993
2026-04-09 10:52:28    epoch  30  loss 1.2520  acc 0.4986  val_loss 1.2540  val_acc 0.5188
2026-04-09 10:52:30    epoch  31  loss 1.2396  acc 0.5074  val_loss 1.2619  val_acc 0.5101
2026-04-09 10:52:33    epoch  32  loss 1.2377  acc 0.5100  val_loss 1.2497  val_acc 0.4986
2026-04-09 10:52:35    epoch  33  loss 1.2279  acc 0.5131  val_loss 1.2338  val_acc 0.5203
2026-04-09 10:52:38    epoch  34  loss 1.2185  acc 0.5177  val_loss 1.2477  val_acc 0.5145
2026-04-09 10:52:40    epoch  35  loss 1.2066  acc 0.5203  val_loss 1.2311  val_acc 0.5195
2026-04-09 10:52:42    epoch  36  loss 1.2022  acc 0.5213  val_loss 1.2335  val_acc 0.5282
2026-04-09 10:52:45    epoch  37  loss 1.1997  acc 0.5183  val_loss 1.2352  val_acc 0.5145
2026-04-09 10:52:47    epoch  38  loss 1.2049  acc 0.5206  val_loss 1.2104  val_acc 0.5304
2026-04-09 10:52:49    epoch  39  loss 1.1870  acc 0.5301  val_loss 1.1970  val_acc 0.5282
2026-04-09 10:52:52    epoch  40  loss 1.1576  acc 0.5423  val_loss 1.2039  val_acc 0.5326
2026-04-09 10:52:54    epoch  41  loss 1.1611  acc 0.5420  val_loss 1.1969  val_acc 0.5427
2026-04-09 10:52:56    epoch  42  loss 1.1413  acc 0.5516  val_loss 1.1632  val_acc 0.5492
2026-04-09 10:52:59    epoch  43  loss 1.1319  acc 0.5645  val_loss 1.1512  val_acc 0.5586
2026-04-09 10:53:01    epoch  44  loss 1.1026  acc 0.5681  val_loss 1.1806  val_acc 0.5593
2026-04-09 10:53:03    epoch  45  loss 1.1001  acc 0.5667  val_loss 1.1639  val_acc 0.5398
2026-04-09 10:53:06    epoch  46  loss 1.1029  acc 0.5767  val_loss 1.1474  val_acc 0.5492
2026-04-09 10:53:08    epoch  47  loss 1.0910  acc 0.5800  val_loss 1.1108  val_acc 0.5847
2026-04-09 10:53:11    epoch  48  loss 1.0650  acc 0.5972  val_loss 1.1011  val_acc 0.5933
2026-04-09 10:53:13    epoch  49  loss 1.0340  acc 0.6037  val_loss 1.0994  val_acc 0.5868
2026-04-09 10:53:15    epoch  50  loss 1.0194  acc 0.6110  val_loss 1.1113  val_acc 0.5854
2026-04-09 10:53:18    epoch  51  loss 1.0322  acc 0.6043  val_loss 1.1018  val_acc 0.5970
2026-04-09 10:53:20    epoch  52  loss 1.0193  acc 0.6115  val_loss 1.0991  val_acc 0.5847
2026-04-09 10:53:22    epoch  53  loss 1.0024  acc 0.6209  val_loss 1.0863  val_acc 0.6042
2026-04-09 10:53:25    epoch  54  loss 0.9956  acc 0.6279  val_loss 1.0992  val_acc 0.5977
2026-04-09 10:53:27    epoch  55  loss 0.9708  acc 0.6324  val_loss 1.0593  val_acc 0.6064
2026-04-09 10:53:29    epoch  56  loss 0.9684  acc 0.6405  val_loss 1.0627  val_acc 0.6172
2026-04-09 10:53:32    epoch  57  loss 0.9623  acc 0.6418  val_loss 1.0474  val_acc 0.6143
2026-04-09 10:53:34    epoch  58  loss 0.9455  acc 0.6480  val_loss 1.0489  val_acc 0.6208
2026-04-09 10:53:36    epoch  59  loss 0.9114  acc 0.6658  val_loss 1.0252  val_acc 0.6404
2026-04-09 10:53:39    epoch  60  loss 0.9189  acc 0.6565  val_loss 1.0266  val_acc 0.6346
2026-04-09 10:53:41    epoch  61  loss 0.8980  acc 0.6733  val_loss 1.0132  val_acc 0.6151
2026-04-09 10:53:44    epoch  62  loss 0.8828  acc 0.6745  val_loss 0.9948  val_acc 0.6454
2026-04-09 10:53:46    epoch  63  loss 0.8716  acc 0.6860  val_loss 0.9832  val_acc 0.6512
2026-04-09 10:53:48    epoch  64  loss 0.8877  acc 0.6757  val_loss 0.9605  val_acc 0.6469
2026-04-09 10:53:51    epoch  65  loss 0.8575  acc 0.6880  val_loss 0.9929  val_acc 0.6454
2026-04-09 10:53:53    epoch  66  loss 0.8534  acc 0.6889  val_loss 0.9869  val_acc 0.6527
2026-04-09 10:53:55    epoch  67  loss 0.8298  acc 0.6971  val_loss 0.9875  val_acc 0.6606
2026-04-09 10:53:58    epoch  68  loss 0.8213  acc 0.7038  val_loss 0.9892  val_acc 0.6498
