2026-04-09 10:30:26  ============================================================
2026-04-09 10:30:26  deep_conv_lstm  |  window=100  step=100
2026-04-09 10:30:26  Device  : cuda:0
2026-04-09 10:30:26  Flatten : False
2026-04-09 10:30:26  Log     : /home/mahmudm2/codebase/ClassyGlass/scripts/benchmark/logs/deep_conv_lstm_W100_S100.log
2026-04-09 10:30:26  Model   : /home/mahmudm2/codebase/ClassyGlass/scripts/benchmark/models/deep_conv_lstm_best_W100_S100.pth
2026-04-09 10:30:26  Figures : /home/mahmudm2/codebase/ClassyGlass/scripts/benchmark/figures
2026-04-09 10:30:26  ============================================================
2026-04-09 10:30:29  Loaded 14776 windows | window=100  step=100 | 129 experiments | 12 subjects | 0 experiments skipped
2026-04-09 10:30:29  ────────────────────────────────────────────────────────────
2026-04-09 10:30:29  LOSO fold — held-out: User1 (855 test windows, 13921 train windows)
2026-04-09 10:30:34    epoch   1  loss 2.0098  acc 0.2219  val_loss 1.6827  val_acc 0.3024
2026-04-09 10:30:37    epoch   2  loss 1.7593  acc 0.2794  val_loss 1.6297  val_acc 0.3226
2026-04-09 10:30:39    epoch   3  loss 1.6667  acc 0.3066  val_loss 1.5703  val_acc 0.3348
2026-04-09 10:30:42    epoch   4  loss 1.6258  acc 0.3189  val_loss 1.5305  val_acc 0.3635
2026-04-09 10:30:44    epoch   5  loss 1.5941  acc 0.3373  val_loss 1.5156  val_acc 0.3764
2026-04-09 10:30:47    epoch   6  loss 1.5723  acc 0.3470  val_loss 1.5197  val_acc 0.3851
2026-04-09 10:30:49    epoch   7  loss 1.5515  acc 0.3625  val_loss 1.4968  val_acc 0.3807
2026-04-09 10:30:52    epoch   8  loss 1.5286  acc 0.3614  val_loss 1.4971  val_acc 0.3779
2026-04-09 10:30:54    epoch   9  loss 1.5168  acc 0.3729  val_loss 1.4647  val_acc 0.4159
2026-04-09 10:30:57    epoch  10  loss 1.5265  acc 0.3714  val_loss 1.4724  val_acc 0.3915
2026-04-09 10:31:00    epoch  11  loss 1.4987  acc 0.3738  val_loss 1.4534  val_acc 0.3944
2026-04-09 10:31:02    epoch  12  loss 1.4836  acc 0.3867  val_loss 1.4657  val_acc 0.3980
2026-04-09 10:31:05    epoch  13  loss 1.4710  acc 0.3917  val_loss 1.4611  val_acc 0.3951
2026-04-09 10:31:07    epoch  14  loss 1.4752  acc 0.3848  val_loss 1.4405  val_acc 0.3764
2026-04-09 10:31:10    epoch  15  loss 1.4577  acc 0.3932  val_loss 1.4361  val_acc 0.4045
2026-04-09 10:31:12    epoch  16  loss 1.4498  acc 0.4008  val_loss 1.4256  val_acc 0.3951
2026-04-09 10:31:15    epoch  17  loss 1.4459  acc 0.3989  val_loss 1.4332  val_acc 0.3987
2026-04-09 10:31:18    epoch  18  loss 1.4460  acc 0.3984  val_loss 1.4133  val_acc 0.4145
2026-04-09 10:31:20    epoch  19  loss 1.4426  acc 0.4016  val_loss 1.4045  val_acc 0.4267
2026-04-09 10:31:23    epoch  20  loss 1.4270  acc 0.4151  val_loss 1.3971  val_acc 0.4440
2026-04-09 10:31:25    epoch  21  loss 1.4255  acc 0.4162  val_loss 1.4019  val_acc 0.4339
2026-04-09 10:31:28    epoch  22  loss 1.4075  acc 0.4257  val_loss 1.4206  val_acc 0.4195
2026-04-09 10:31:30    epoch  23  loss 1.4076  acc 0.4288  val_loss 1.3796  val_acc 0.4483
2026-04-09 10:31:33    epoch  24  loss 1.3977  acc 0.4312  val_loss 1.3766  val_acc 0.4425
2026-04-09 10:31:36    epoch  25  loss 1.3859  acc 0.4407  val_loss 1.3586  val_acc 0.4476
2026-04-09 10:31:38    epoch  26  loss 1.3711  acc 0.4430  val_loss 1.3458  val_acc 0.4677
2026-04-09 10:31:41    epoch  27  loss 1.3592  acc 0.4609  val_loss 1.3412  val_acc 0.4749
2026-04-09 10:31:43    epoch  28  loss 1.3445  acc 0.4591  val_loss 1.3420  val_acc 0.4720
2026-04-09 10:31:46    epoch  29  loss 1.3339  acc 0.4650  val_loss 1.3407  val_acc 0.4691
2026-04-09 10:31:49    epoch  30  loss 1.3232  acc 0.4750  val_loss 1.3179  val_acc 0.4907
2026-04-09 10:31:51    epoch  31  loss 1.3199  acc 0.4736  val_loss 1.3339  val_acc 0.4720
2026-04-09 10:31:54    epoch  32  loss 1.3126  acc 0.4821  val_loss 1.3273  val_acc 0.4792
2026-04-09 10:31:56    epoch  33  loss 1.3009  acc 0.4826  val_loss 1.3631  val_acc 0.4763
2026-04-09 10:31:59    epoch  34  loss 1.2911  acc 0.4880  val_loss 1.3344  val_acc 0.4899
2026-04-09 10:32:02    epoch  35  loss 1.2759  acc 0.5045  val_loss 1.3074  val_acc 0.5029
2026-04-09 10:32:04    epoch  36  loss 1.2810  acc 0.4961  val_loss 1.2762  val_acc 0.5108
2026-04-09 10:32:07    epoch  37  loss 1.2654  acc 0.5012  val_loss 1.2768  val_acc 0.5172
2026-04-09 10:32:09    epoch  38  loss 1.2474  acc 0.5126  val_loss 1.2730  val_acc 0.5165
2026-04-09 10:32:12    epoch  39  loss 1.2399  acc 0.5204  val_loss 1.2524  val_acc 0.5280
2026-04-09 10:32:15    epoch  40  loss 1.2252  acc 0.5232  val_loss 1.2504  val_acc 0.5237
2026-04-09 10:32:17    epoch  41  loss 1.2231  acc 0.5257  val_loss 1.2705  val_acc 0.5223
2026-04-09 10:32:20    epoch  42  loss 1.2108  acc 0.5308  val_loss 1.2572  val_acc 0.5295
2026-04-09 10:32:22    epoch  43  loss 1.1954  acc 0.5433  val_loss 1.2617  val_acc 0.5237
2026-04-09 10:32:25    epoch  44  loss 1.2040  acc 0.5376  val_loss 1.2338  val_acc 0.5409
2026-04-09 10:32:28    epoch  45  loss 1.1818  acc 0.5531  val_loss 1.2275  val_acc 0.5366
2026-04-09 10:32:30    epoch  46  loss 1.1484  acc 0.5601  val_loss 1.2182  val_acc 0.5496
2026-04-09 10:32:33    epoch  47  loss 1.1423  acc 0.5652  val_loss 1.2053  val_acc 0.5510
2026-04-09 10:32:36    epoch  48  loss 1.1231  acc 0.5739  val_loss 1.2307  val_acc 0.5402
2026-04-09 10:32:38    epoch  49  loss 1.1175  acc 0.5774  val_loss 1.2016  val_acc 0.5409
2026-04-09 10:32:41    epoch  50  loss 1.1488  acc 0.5645  val_loss 1.1811  val_acc 0.5575
2026-04-09 10:32:43    epoch  51  loss 1.1000  acc 0.5862  val_loss 1.2308  val_acc 0.5431
2026-04-09 10:32:46    epoch  52  loss 1.0837  acc 0.5925  val_loss 1.1834  val_acc 0.5603
2026-04-09 10:32:49    epoch  53  loss 1.0575  acc 0.6053  val_loss 1.1614  val_acc 0.5632
2026-04-09 10:32:51    epoch  54  loss 1.0456  acc 0.6092  val_loss 1.2192  val_acc 0.5438
2026-04-09 10:32:54    epoch  55  loss 1.0532  acc 0.6089  val_loss 1.1616  val_acc 0.5697
2026-04-09 10:32:56    epoch  56  loss 1.0336  acc 0.6174  val_loss 1.1805  val_acc 0.5647
2026-04-09 10:32:59    epoch  57  loss 1.0009  acc 0.6250  val_loss 1.1607  val_acc 0.5747
2026-04-09 10:33:02    epoch  58  loss 1.0075  acc 0.6271  val_loss 1.1670  val_acc 0.5632
2026-04-09 10:33:04    epoch  59  loss 0.9862  acc 0.6348  val_loss 1.1777  val_acc 0.5776
2026-04-09 10:33:07    epoch  60  loss 0.9692  acc 0.6420  val_loss 1.1819  val_acc 0.5632
2026-04-09 10:33:09    epoch  61  loss 0.9648  acc 0.6455  val_loss 1.1482  val_acc 0.5783
2026-04-09 10:33:12    epoch  62  loss 0.9536  acc 0.6517  val_loss 1.1513  val_acc 0.5876
2026-04-09 10:33:15    epoch  63  loss 0.9322  acc 0.6546  val_loss 1.1428  val_acc 0.5812
2026-04-09 10:33:17    epoch  64  loss 0.9357  acc 0.6514  val_loss 1.1338  val_acc 0.5797
2026-04-09 10:33:20    epoch  65  loss 0.9163  acc 0.6668  val_loss 1.1996  val_acc 0.5920
2026-04-09 10:33:23    epoch  66  loss 0.9241  acc 0.6589  val_loss 1.1829  val_acc 0.5718
2026-04-09 10:33:25    epoch  67  loss 0.9112  acc 0.6617  val_loss 1.1611  val_acc 0.5661
2026-04-09 10:33:28    epoch  68  loss 0.8987  acc 0.6712  val_loss 1.1750  val_acc 0.5718
2026-04-09 10:33:30    epoch  69  loss 0.8951  acc 0.6688  val_loss 1.1949  val_acc 0.5826
2026-04-09 10:33:33    epoch  70  loss 0.8457  acc 0.6884  val_loss 1.1468  val_acc 0.5948
2026-04-09 10:33:36    epoch  71  loss 0.8072  acc 0.7083  val_loss 1.1778  val_acc 0.5912
2026-04-09 10:33:38    epoch  72  loss 0.7837  acc 0.7190  val_loss 1.1933  val_acc 0.5927
2026-04-09 10:33:38    Early stopping at epoch 72
2026-04-09 10:33:38    User1 accuracy: 0.4491
2026-04-09 10:33:38    ✓ New best model saved (User1 held out, acc=0.4491)
2026-04-09 10:33:39  ────────────────────────────────────────────────────────────
2026-04-09 10:33:39  LOSO fold — held-out: User2 (788 test windows, 13988 train windows)
2026-04-09 10:33:41    epoch   1  loss 2.0479  acc 0.2094  val_loss 1.7413  val_acc 0.3147
2026-04-09 10:33:44    epoch   2  loss 1.8661  acc 0.2559  val_loss 1.7716  val_acc 0.3162
2026-04-09 10:33:47    epoch   3  loss 1.7657  acc 0.2878  val_loss 1.6735  val_acc 0.3340
2026-04-09 10:33:49    epoch   4  loss 1.7025  acc 0.3104  val_loss 1.6557  val_acc 0.3097
2026-04-09 10:33:52    epoch   5  loss 1.6877  acc 0.3115  val_loss 1.6400  val_acc 0.3376
2026-04-09 10:33:55    epoch   6  loss 1.6732  acc 0.3222  val_loss 1.6268  val_acc 0.3376
2026-04-09 10:33:57    epoch   7  loss 1.6469  acc 0.3326  val_loss 1.5840  val_acc 0.3498
2026-04-09 10:34:00    epoch   8  loss 1.6139  acc 0.3392  val_loss 1.5733  val_acc 0.3555
2026-04-09 10:34:02    epoch   9  loss 1.5920  acc 0.3473  val_loss 1.5446  val_acc 0.3705
2026-04-09 10:34:05    epoch  10  loss 1.5760  acc 0.3559  val_loss 1.5320  val_acc 0.3627
2026-04-09 10:34:08    epoch  11  loss 1.5792  acc 0.3581  val_loss 1.5376  val_acc 0.3662
2026-04-09 10:34:10    epoch  12  loss 1.5627  acc 0.3616  val_loss 1.5236  val_acc 0.3820
2026-04-09 10:34:13    epoch  13  loss 1.5495  acc 0.3630  val_loss 1.5135  val_acc 0.3963
2026-04-09 10:34:15    epoch  14  loss 1.5400  acc 0.3689  val_loss 1.4994  val_acc 0.3970
2026-04-09 10:34:18    epoch  15  loss 1.5291  acc 0.3733  val_loss 1.4915  val_acc 0.4020
2026-04-09 10:34:21    epoch  16  loss 1.5404  acc 0.3737  val_loss 1.5137  val_acc 0.3848
2026-04-09 10:34:23    epoch  17  loss 1.5360  acc 0.3733  val_loss 1.5067  val_acc 0.3813
2026-04-09 10:34:26    epoch  18  loss 1.5220  acc 0.3761  val_loss 1.4933  val_acc 0.4006
2026-04-09 10:34:29    epoch  19  loss 1.5063  acc 0.3879  val_loss 1.4786  val_acc 0.3963
2026-04-09 10:34:31    epoch  20  loss 1.4925  acc 0.3942  val_loss 1.4620  val_acc 0.3927
2026-04-09 10:34:34    epoch  21  loss 1.4711  acc 0.3999  val_loss 1.4678  val_acc 0.3977
2026-04-09 10:34:36    epoch  22  loss 1.4839  acc 0.3960  val_loss 1.4578  val_acc 0.4113
2026-04-09 10:34:39    epoch  23  loss 1.4614  acc 0.4102  val_loss 1.4348  val_acc 0.3999
2026-04-09 10:34:42    epoch  24  loss 1.4440  acc 0.4129  val_loss 1.4147  val_acc 0.4256
2026-04-09 10:34:44    epoch  25  loss 1.4347  acc 0.4182  val_loss 1.3932  val_acc 0.4263
2026-04-09 10:34:47    epoch  26  loss 1.4192  acc 0.4237  val_loss 1.4241  val_acc 0.4278
2026-04-09 10:34:50    epoch  27  loss 1.4314  acc 0.4211  val_loss 1.3841  val_acc 0.4313
2026-04-09 10:34:52    epoch  28  loss 1.4168  acc 0.4265  val_loss 1.3901  val_acc 0.4449
2026-04-09 10:34:55    epoch  29  loss 1.3979  acc 0.4373  val_loss 1.3783  val_acc 0.4442
2026-04-09 10:34:57    epoch  30  loss 1.4015  acc 0.4286  val_loss 1.3823  val_acc 0.4313
2026-04-09 10:35:00    epoch  31  loss 1.4125  acc 0.4255  val_loss 1.3677  val_acc 0.4278
2026-04-09 10:35:03    epoch  32  loss 1.3875  acc 0.4384  val_loss 1.4108  val_acc 0.4270
2026-04-09 10:35:05    epoch  33  loss 1.3700  acc 0.4445  val_loss 1.3398  val_acc 0.4406
2026-04-09 10:35:08    epoch  34  loss 1.3677  acc 0.4486  val_loss 1.3472  val_acc 0.4635
2026-04-09 10:35:11    epoch  35  loss 1.3637  acc 0.4510  val_loss 1.3233  val_acc 0.4771
2026-04-09 10:35:13    epoch  36  loss 1.3318  acc 0.4732  val_loss 1.3317  val_acc 0.4678
2026-04-09 10:35:16    epoch  37  loss 1.3299  acc 0.4666  val_loss 1.3395  val_acc 0.4607
2026-04-09 10:35:18    epoch  38  loss 1.3269  acc 0.4699  val_loss 1.3274  val_acc 0.4764
2026-04-09 10:35:21    epoch  39  loss 1.3917  acc 0.4365  val_loss 1.3822  val_acc 0.4456
2026-04-09 10:35:24    epoch  40  loss 1.3688  acc 0.4456  val_loss 1.3672  val_acc 0.4385
2026-04-09 10:35:26    epoch  41  loss 1.3257  acc 0.4577  val_loss 1.3053  val_acc 0.4886
2026-04-09 10:35:29    epoch  42  loss 1.2997  acc 0.4732  val_loss 1.2974  val_acc 0.4685
2026-04-09 10:35:32    epoch  43  loss 1.2782  acc 0.4855  val_loss 1.2893  val_acc 0.4835
2026-04-09 10:35:34    epoch  44  loss 1.2752  acc 0.4882  val_loss 1.2774  val_acc 0.5100
2026-04-09 10:35:37    epoch  45  loss 1.2582  acc 0.5024  val_loss 1.2552  val_acc 0.5043
2026-04-09 10:35:39    epoch  46  loss 1.2494  acc 0.5091  val_loss 1.2578  val_acc 0.5007
2026-04-09 10:35:42    epoch  47  loss 1.2403  acc 0.5153  val_loss 1.2539  val_acc 0.5172
2026-04-09 10:35:45    epoch  48  loss 1.2371  acc 0.5175  val_loss 1.2454  val_acc 0.5193
2026-04-09 10:35:47    epoch  49  loss 1.2184  acc 0.5242  val_loss 1.2474  val_acc 0.5322
2026-04-09 10:35:50    epoch  50  loss 1.2182  acc 0.5288  val_loss 1.2216  val_acc 0.5372
2026-04-09 10:35:53    epoch  51  loss 1.2063  acc 0.5361  val_loss 1.2574  val_acc 0.5150
2026-04-09 10:35:55    epoch  52  loss 1.2058  acc 0.5420  val_loss 1.2287  val_acc 0.5343
2026-04-09 10:35:58    epoch  53  loss 1.1810  acc 0.5519  val_loss 1.2386  val_acc 0.5222
2026-04-09 10:36:00    epoch  54  loss 1.1797  acc 0.5571  val_loss 1.2249  val_acc 0.5258
2026-04-09 10:36:03    epoch  55  loss 1.1593  acc 0.5545  val_loss 1.2084  val_acc 0.5479
2026-04-09 10:36:06    epoch  56  loss 1.1572  acc 0.5623  val_loss 1.2013  val_acc 0.5529
2026-04-09 10:36:09    epoch  57  loss 1.1602  acc 0.5572  val_loss 1.2186  val_acc 0.5401
2026-04-09 10:36:11    epoch  58  loss 1.1374  acc 0.5731  val_loss 1.2341  val_acc 0.5300
2026-04-09 10:36:14    epoch  59  loss 1.1366  acc 0.5747  val_loss 1.1977  val_acc 0.5472
2026-04-09 10:36:16    epoch  60  loss 1.1163  acc 0.5819  val_loss 1.2214  val_acc 0.5379
2026-04-09 10:36:19    epoch  61  loss 1.1348  acc 0.5763  val_loss 1.2274  val_acc 0.5422
2026-04-09 10:36:22    epoch  62  loss 1.1224  acc 0.5807  val_loss 1.1956  val_acc 0.5644
2026-04-09 10:36:24    epoch  63  loss 1.0933  acc 0.5901  val_loss 1.1864  val_acc 0.5615
2026-04-09 10:36:27    epoch  64  loss 1.0770  acc 0.5949  val_loss 1.1978  val_acc 0.5465
2026-04-09 10:36:30    epoch  65  loss 1.0786  acc 0.5967  val_loss 1.1923  val_acc 0.5565
2026-04-09 10:36:32    epoch  66  loss 1.0573  acc 0.6041  val_loss 1.1700  val_acc 0.5587
2026-04-09 10:36:35    epoch  67  loss 1.0556  acc 0.6056  val_loss 1.1733  val_acc 0.5565
2026-04-09 10:36:37    epoch  68  loss 1.0593  acc 0.6053  val_loss 1.1703  val_acc 0.5551
2026-04-09 10:36:40    epoch  69  loss 1.0526  acc 0.6048  val_loss 1.1933  val_acc 0.5565
2026-04-09 10:36:43    epoch  70  loss 1.0216  acc 0.6261  val_loss 1.1932  val_acc 0.5622
2026-04-09 10:36:45    epoch  71  loss 1.0197  acc 0.6245  val_loss 1.2007  val_acc 0.5536
2026-04-09 10:36:48    epoch  72  loss 0.9918  acc 0.6338  val_loss 1.1828  val_acc 0.5722
2026-04-09 10:36:51    epoch  73  loss 0.9715  acc 0.6464  val_loss 1.1824  val_acc 0.5687
2026-04-09 10:36:53    epoch  74  loss 0.9668  acc 0.6504  val_loss 1.1830  val_acc 0.5665
2026-04-09 10:36:53    Early stopping at epoch 74
2026-04-09 10:36:53    User2 accuracy: 0.5546
2026-04-09 10:36:53    ✓ New best model saved (User2 held out, acc=0.5546)
2026-04-09 10:36:54  ────────────────────────────────────────────────────────────
2026-04-09 10:36:54  LOSO fold — held-out: User3 (786 test windows, 13990 train windows)
2026-04-09 10:36:56    epoch   1  loss 2.0925  acc 0.1977  val_loss 1.7962  val_acc 0.2723
2026-04-09 10:36:59    epoch   2  loss 1.7872  acc 0.2743  val_loss 1.6615  val_acc 0.3267
2026-04-09 10:37:02    epoch   3  loss 1.7205  acc 0.3057  val_loss 1.6703  val_acc 0.3109
2026-04-09 10:37:04    epoch   4  loss 1.7323  acc 0.2924  val_loss 1.6511  val_acc 0.3417
2026-04-09 10:37:07    epoch   5  loss 1.6768  acc 0.3069  val_loss 1.6055  val_acc 0.3424
2026-04-09 10:37:10    epoch   6  loss 1.6271  acc 0.3334  val_loss 1.5677  val_acc 0.3688
2026-04-09 10:37:12    epoch   7  loss 1.6103  acc 0.3371  val_loss 1.6065  val_acc 0.3231
2026-04-09 10:37:15    epoch   8  loss 1.5978  acc 0.3468  val_loss 1.5525  val_acc 0.3738
2026-04-09 10:37:17    epoch   9  loss 1.5839  acc 0.3510  val_loss 1.5657  val_acc 0.3681
2026-04-09 10:37:20    epoch  10  loss 1.5624  acc 0.3612  val_loss 1.5246  val_acc 0.4096
2026-04-09 10:37:23    epoch  11  loss 1.5471  acc 0.3661  val_loss 1.5186  val_acc 0.3567
2026-04-09 10:37:25    epoch  12  loss 1.5363  acc 0.3735  val_loss 1.4913  val_acc 0.4146
2026-04-09 10:37:28    epoch  13  loss 1.5193  acc 0.3876  val_loss 1.4823  val_acc 0.3874
2026-04-09 10:37:30    epoch  14  loss 1.5112  acc 0.3765  val_loss 1.4854  val_acc 0.3667
2026-04-09 10:37:33    epoch  15  loss 1.5068  acc 0.3844  val_loss 1.4649  val_acc 0.4046
2026-04-09 10:37:36    epoch  16  loss 1.4932  acc 0.3933  val_loss 1.4816  val_acc 0.3989
2026-04-09 10:37:38    epoch  17  loss 1.4890  acc 0.3980  val_loss 1.4543  val_acc 0.4246
2026-04-09 10:37:41    epoch  18  loss 1.4590  acc 0.4097  val_loss 1.4567  val_acc 0.3967
2026-04-09 10:37:43    epoch  19  loss 1.4635  acc 0.4104  val_loss 1.4210  val_acc 0.4260
2026-04-09 10:37:46    epoch  20  loss 1.4382  acc 0.4173  val_loss 1.4163  val_acc 0.4274
2026-04-09 10:37:49    epoch  21  loss 1.4200  acc 0.4320  val_loss 1.4231  val_acc 0.4317
2026-04-09 10:37:51    epoch  22  loss 1.4098  acc 0.4367  val_loss 1.3735  val_acc 0.4518
2026-04-09 10:37:54    epoch  23  loss 1.3902  acc 0.4490  val_loss 1.3781  val_acc 0.4553
2026-04-09 10:37:57    epoch  24  loss 1.3866  acc 0.4493  val_loss 1.3797  val_acc 0.4432
2026-04-09 10:37:59    epoch  25  loss 1.3870  acc 0.4452  val_loss 1.3529  val_acc 0.4682
2026-04-09 10:38:02    epoch  26  loss 1.3685  acc 0.4584  val_loss 1.3509  val_acc 0.4796
2026-04-09 10:38:04    epoch  27  loss 1.3567  acc 0.4658  val_loss 1.3441  val_acc 0.4639
2026-04-09 10:38:07    epoch  28  loss 1.3436  acc 0.4706  val_loss 1.3403  val_acc 0.4853
2026-04-09 10:38:10    epoch  29  loss 1.3370  acc 0.4695  val_loss 1.3462  val_acc 0.4753
2026-04-09 10:38:12    epoch  30  loss 1.3272  acc 0.4802  val_loss 1.3487  val_acc 0.4718
2026-04-09 10:38:15    epoch  31  loss 1.3308  acc 0.4704  val_loss 1.3307  val_acc 0.4632
2026-04-09 10:38:17    epoch  32  loss 1.3121  acc 0.4835  val_loss 1.3397  val_acc 0.4861
2026-04-09 10:38:20    epoch  33  loss 1.3190  acc 0.4808  val_loss 1.3207  val_acc 0.4889
2026-04-09 10:38:23    epoch  34  loss 1.3020  acc 0.4897  val_loss 1.3295  val_acc 0.4868
2026-04-09 10:38:25    epoch  35  loss 1.2958  acc 0.4900  val_loss 1.3338  val_acc 0.4789
2026-04-09 10:38:28    epoch  36  loss 1.2888  acc 0.4940  val_loss 1.3136  val_acc 0.4904
2026-04-09 10:38:30    epoch  37  loss 1.2880  acc 0.4953  val_loss 1.3152  val_acc 0.4918
2026-04-09 10:38:33    epoch  38  loss 1.2772  acc 0.4947  val_loss 1.2881  val_acc 0.5011
2026-04-09 10:38:36    epoch  39  loss 1.2666  acc 0.5046  val_loss 1.2936  val_acc 0.5061
2026-04-09 10:38:38    epoch  40  loss 1.2622  acc 0.5029  val_loss 1.2997  val_acc 0.4939
2026-04-09 10:38:41    epoch  41  loss 1.2444  acc 0.5149  val_loss 1.3049  val_acc 0.4768
2026-04-09 10:38:43    epoch  42  loss 1.2398  acc 0.5189  val_loss 1.2847  val_acc 0.5189
2026-04-09 10:38:46    epoch  43  loss 1.2214  acc 0.5282  val_loss 1.2919  val_acc 0.5125
2026-04-09 10:38:49    epoch  44  loss 1.2032  acc 0.5360  val_loss 1.2560  val_acc 0.5118
