2026-04-08 02:19:54  ============================================================
2026-04-08 02:19:54  deep_conv_lstm  |  window=300  step=150
2026-04-08 02:19:54  Device  : cuda:2
2026-04-08 02:19:54  Flatten : False
2026-04-08 02:19:54  Log     : /home/mahmudm2/codebase/ClassyGlass/scripts/benchmark/logs/deep_conv_lstm_W300_S150.log
2026-04-08 02:19:54  Model   : /home/mahmudm2/codebase/ClassyGlass/scripts/benchmark/models/deep_conv_lstm_best_W300_S150.pth
2026-04-08 02:19:54  Figures : /home/mahmudm2/codebase/ClassyGlass/scripts/benchmark/figures
2026-04-08 02:19:54  ============================================================
2026-04-08 02:19:58  Loaded 9704 windows | window=300  step=150 | 129 experiments | 12 subjects | 0 experiments skipped
2026-04-08 02:19:58  ────────────────────────────────────────────────────────────
2026-04-08 02:19:58  LOSO fold — held-out: User1 (557 test windows, 9147 train windows)
2026-04-08 02:20:05    epoch   1  loss 1.8826  acc 0.2573  val_loss 1.7155  val_acc 0.3031
2026-04-08 02:20:08    epoch   2  loss 1.7368  acc 0.2981  val_loss 1.7346  val_acc 0.2779
2026-04-08 02:20:12    epoch   3  loss 1.6278  acc 0.3227  val_loss 1.5035  val_acc 0.3567
2026-04-08 02:20:15    epoch   4  loss 1.5550  acc 0.3543  val_loss 1.5041  val_acc 0.3829
2026-04-08 02:20:18    epoch   5  loss 1.5027  acc 0.3663  val_loss 1.4021  val_acc 0.4147
2026-04-08 02:20:21    epoch   6  loss 1.4866  acc 0.3798  val_loss 1.3655  val_acc 0.4398
2026-04-08 02:20:24    epoch   7  loss 1.4695  acc 0.3850  val_loss 1.3919  val_acc 0.4158
2026-04-08 02:20:28    epoch   8  loss 1.4373  acc 0.3984  val_loss 1.3287  val_acc 0.4136
2026-04-08 02:20:31    epoch   9  loss 1.3880  acc 0.4209  val_loss 1.2980  val_acc 0.4530
2026-04-08 02:20:34    epoch  10  loss 1.3580  acc 0.4348  val_loss 1.3478  val_acc 0.4551
2026-04-08 02:20:37    epoch  11  loss 1.3533  acc 0.4385  val_loss 1.3076  val_acc 0.4508
2026-04-08 02:20:40    epoch  12  loss 1.3325  acc 0.4367  val_loss 1.2249  val_acc 0.5022
2026-04-08 02:20:43    epoch  13  loss 1.2897  acc 0.4721  val_loss 1.2360  val_acc 0.4967
2026-04-08 02:20:47    epoch  14  loss 1.3112  acc 0.4633  val_loss 1.2027  val_acc 0.5153
2026-04-08 02:20:50    epoch  15  loss 1.2546  acc 0.4906  val_loss 1.2124  val_acc 0.5011
2026-04-08 02:20:53    epoch  16  loss 1.2592  acc 0.4803  val_loss 1.2089  val_acc 0.4847
2026-04-08 02:20:56    epoch  17  loss 1.2714  acc 0.4788  val_loss 1.1825  val_acc 0.5066
2026-04-08 02:20:59    epoch  18  loss 1.2276  acc 0.4958  val_loss 1.1824  val_acc 0.5011
2026-04-08 02:21:03    epoch  19  loss 1.2613  acc 0.4827  val_loss 1.2246  val_acc 0.5022
2026-04-08 02:21:06    epoch  20  loss 1.2439  acc 0.4899  val_loss 1.2364  val_acc 0.4902
2026-04-08 02:21:09    epoch  21  loss 1.1917  acc 0.5094  val_loss 1.1424  val_acc 0.5274
2026-04-08 02:21:12    epoch  22  loss 1.1678  acc 0.5191  val_loss 1.1359  val_acc 0.4967
2026-04-08 02:21:15    epoch  23  loss 1.1672  acc 0.5196  val_loss 1.1645  val_acc 0.5284
2026-04-08 02:21:18    epoch  24  loss 1.1569  acc 0.5214  val_loss 1.0927  val_acc 0.5427
2026-04-08 02:21:22    epoch  25  loss 1.1497  acc 0.5212  val_loss 1.0919  val_acc 0.5503
2026-04-08 02:21:25    epoch  26  loss 1.1205  acc 0.5393  val_loss 1.0782  val_acc 0.5317
2026-04-08 02:21:28    epoch  27  loss 1.1028  acc 0.5433  val_loss 1.0717  val_acc 0.5350
2026-04-08 02:21:31    epoch  28  loss 1.1388  acc 0.5297  val_loss 1.1031  val_acc 0.5427
2026-04-08 02:21:34    epoch  29  loss 1.1190  acc 0.5369  val_loss 1.0805  val_acc 0.5470
2026-04-08 02:21:37    epoch  30  loss 1.1045  acc 0.5410  val_loss 1.0550  val_acc 0.5383
2026-04-08 02:21:41    epoch  31  loss 1.0796  acc 0.5513  val_loss 1.0745  val_acc 0.5306
2026-04-08 02:21:44    epoch  32  loss 1.0706  acc 0.5570  val_loss 1.0643  val_acc 0.5503
2026-04-08 02:21:47    epoch  33  loss 1.0739  acc 0.5534  val_loss 1.0718  val_acc 0.5394
2026-04-08 02:21:50    epoch  34  loss 1.0619  acc 0.5585  val_loss 1.0445  val_acc 0.5427
2026-04-08 02:21:53    epoch  35  loss 1.0645  acc 0.5581  val_loss 1.0373  val_acc 0.5646
2026-04-08 02:21:57    epoch  36  loss 1.0482  acc 0.5699  val_loss 1.0374  val_acc 0.5624
2026-04-08 02:22:00    epoch  37  loss 1.0455  acc 0.5675  val_loss 1.0413  val_acc 0.5733
2026-04-08 02:22:03    epoch  38  loss 1.0290  acc 0.5663  val_loss 1.0481  val_acc 0.5591
2026-04-08 02:22:06    epoch  39  loss 1.0207  acc 0.5745  val_loss 1.0318  val_acc 0.5635
2026-04-08 02:22:09    epoch  40  loss 1.0079  acc 0.5886  val_loss 0.9935  val_acc 0.5842
2026-04-08 02:22:12    epoch  41  loss 0.9770  acc 0.6000  val_loss 0.9971  val_acc 0.5864
2026-04-08 02:22:16    epoch  42  loss 0.9683  acc 0.6101  val_loss 0.9958  val_acc 0.5919
2026-04-08 02:22:19    epoch  43  loss 0.9535  acc 0.6151  val_loss 0.9698  val_acc 0.5832
2026-04-08 02:22:22    epoch  44  loss 0.9227  acc 0.6350  val_loss 0.9342  val_acc 0.6204
2026-04-08 02:22:25    epoch  45  loss 0.9179  acc 0.6464  val_loss 0.9470  val_acc 0.6313
2026-04-08 02:22:28    epoch  46  loss 0.9066  acc 0.6499  val_loss 0.9462  val_acc 0.6302
2026-04-08 02:22:31    epoch  47  loss 0.9073  acc 0.6525  val_loss 1.0396  val_acc 0.6182
2026-04-08 02:22:35    epoch  48  loss 0.9050  acc 0.6540  val_loss 0.9196  val_acc 0.6225
2026-04-08 02:22:38    epoch  49  loss 0.8312  acc 0.6860  val_loss 0.8919  val_acc 0.6510
2026-04-08 02:22:41    epoch  50  loss 0.8260  acc 0.6917  val_loss 0.9150  val_acc 0.6422
2026-04-08 02:22:44    epoch  51  loss 0.8089  acc 0.7025  val_loss 0.8798  val_acc 0.6729
2026-04-08 02:22:47    epoch  52  loss 0.7983  acc 0.7069  val_loss 0.8801  val_acc 0.6619
2026-04-08 02:22:50    epoch  53  loss 0.7774  acc 0.7142  val_loss 0.8600  val_acc 0.6718
2026-04-08 02:22:54    epoch  54  loss 0.7555  acc 0.7228  val_loss 0.8669  val_acc 0.6630
2026-04-08 02:22:57    epoch  55  loss 0.7619  acc 0.7165  val_loss 0.8713  val_acc 0.6707
2026-04-08 02:23:00    epoch  56  loss 0.7255  acc 0.7340  val_loss 0.8422  val_acc 0.6696
2026-04-08 02:23:03    epoch  57  loss 0.7126  acc 0.7374  val_loss 0.8222  val_acc 0.6980
2026-04-08 02:23:06    epoch  58  loss 0.7222  acc 0.7314  val_loss 0.7834  val_acc 0.7057
2026-04-08 02:23:09    epoch  59  loss 0.6758  acc 0.7595  val_loss 0.8089  val_acc 0.7079
2026-04-08 02:23:13    epoch  60  loss 0.6804  acc 0.7538  val_loss 0.7945  val_acc 0.7068
2026-04-08 02:23:16    epoch  61  loss 0.6728  acc 0.7577  val_loss 0.8459  val_acc 0.6915
2026-04-08 02:23:19    epoch  62  loss 0.6352  acc 0.7667  val_loss 0.7704  val_acc 0.7254
2026-04-08 02:23:22    epoch  63  loss 0.6322  acc 0.7742  val_loss 0.8023  val_acc 0.7024
2026-04-08 02:23:25    epoch  64  loss 0.6128  acc 0.7794  val_loss 0.7679  val_acc 0.7199
2026-04-08 02:23:28    epoch  65  loss 0.5908  acc 0.7912  val_loss 0.8048  val_acc 0.7133
2026-04-08 02:23:32    epoch  66  loss 0.5955  acc 0.7846  val_loss 0.7619  val_acc 0.7298
2026-04-08 02:23:35    epoch  67  loss 0.5864  acc 0.7907  val_loss 0.8044  val_acc 0.7177
2026-04-08 02:23:38    epoch  68  loss 0.5706  acc 0.7953  val_loss 0.8079  val_acc 0.7046
2026-04-08 02:23:41    epoch  69  loss 0.5783  acc 0.7933  val_loss 0.7773  val_acc 0.7254
2026-04-08 02:23:44    epoch  70  loss 0.5739  acc 0.7983  val_loss 0.7346  val_acc 0.7473
2026-04-08 02:23:47    epoch  71  loss 0.5340  acc 0.8125  val_loss 0.7902  val_acc 0.7330
2026-04-08 02:23:51    epoch  72  loss 0.5099  acc 0.8200  val_loss 0.7721  val_acc 0.7352
2026-04-08 02:23:54    epoch  73  loss 0.5091  acc 0.8238  val_loss 0.7470  val_acc 0.7385
2026-04-08 02:23:57    epoch  74  loss 0.4922  acc 0.8335  val_loss 0.7888  val_acc 0.7276
2026-04-08 02:24:00    epoch  75  loss 0.4817  acc 0.8302  val_loss 0.8265  val_acc 0.7232
2026-04-08 02:24:03    epoch  76  loss 0.3891  acc 0.8680  val_loss 0.7728  val_acc 0.7593
2026-04-08 02:24:06    epoch  77  loss 0.3546  acc 0.8834  val_loss 0.8010  val_acc 0.7495
2026-04-08 02:24:10    epoch  78  loss 0.3405  acc 0.8828  val_loss 0.7912  val_acc 0.7516
2026-04-08 02:24:10    Early stopping at epoch 78
2026-04-08 02:24:10    User1 accuracy: 0.4632
2026-04-08 02:24:10    ✓ New best model saved (User1 held out, acc=0.4632)
2026-04-08 02:24:10  ────────────────────────────────────────────────────────────
2026-04-08 02:24:10  LOSO fold — held-out: User2 (513 test windows, 9191 train windows)
2026-04-08 02:24:14    epoch   1  loss 1.9294  acc 0.2339  val_loss 1.8421  val_acc 0.2318
2026-04-08 02:24:17    epoch   2  loss 1.7284  acc 0.2974  val_loss 1.5794  val_acc 0.3743
2026-04-08 02:24:20    epoch   3  loss 1.6230  acc 0.3426  val_loss 1.5694  val_acc 0.3493
2026-04-08 02:24:23    epoch   4  loss 1.6196  acc 0.3288  val_loss 1.5502  val_acc 0.3754
2026-04-08 02:24:26    epoch   5  loss 1.5616  acc 0.3610  val_loss 1.4604  val_acc 0.4070
2026-04-08 02:24:29    epoch   6  loss 1.4940  acc 0.3922  val_loss 1.4659  val_acc 0.4037
2026-04-08 02:24:32    epoch   7  loss 1.5690  acc 0.3612  val_loss 1.4461  val_acc 0.4168
2026-04-08 02:24:36    epoch   8  loss 1.4667  acc 0.3953  val_loss 1.4451  val_acc 0.3917
2026-04-08 02:24:39    epoch   9  loss 1.4229  acc 0.4081  val_loss 1.5093  val_acc 0.3591
2026-04-08 02:24:42    epoch  10  loss 1.4103  acc 0.4217  val_loss 1.3335  val_acc 0.4385
2026-04-08 02:24:45    epoch  11  loss 1.3920  acc 0.4312  val_loss 1.3536  val_acc 0.4342
2026-04-08 02:24:48    epoch  12  loss 1.3918  acc 0.4243  val_loss 1.4924  val_acc 0.3841
2026-04-08 02:24:52    epoch  13  loss 1.3630  acc 0.4360  val_loss 1.3312  val_acc 0.4353
2026-04-08 02:24:55    epoch  14  loss 1.3383  acc 0.4423  val_loss 1.3340  val_acc 0.4374
2026-04-08 02:24:58    epoch  15  loss 1.3220  acc 0.4500  val_loss 1.2824  val_acc 0.4810
2026-04-08 02:25:01    epoch  16  loss 1.2983  acc 0.4624  val_loss 1.2989  val_acc 0.4472
2026-04-08 02:25:04    epoch  17  loss 1.2995  acc 0.4639  val_loss 1.2766  val_acc 0.4777
2026-04-08 02:25:07    epoch  18  loss 1.2716  acc 0.4780  val_loss 1.2770  val_acc 0.4527
2026-04-08 02:25:11    epoch  19  loss 1.2710  acc 0.4759  val_loss 1.3712  val_acc 0.4037
2026-04-08 02:25:14    epoch  20  loss 1.3630  acc 0.4403  val_loss 1.3123  val_acc 0.4701
2026-04-08 02:25:17    epoch  21  loss 1.2805  acc 0.4746  val_loss 1.2888  val_acc 0.4483
2026-04-08 02:25:20    epoch  22  loss 1.2651  acc 0.4803  val_loss 1.2570  val_acc 0.4842
2026-04-08 02:25:23    epoch  23  loss 1.2350  acc 0.4857  val_loss 1.2455  val_acc 0.5038
2026-04-08 02:25:27    epoch  24  loss 1.2223  acc 0.5056  val_loss 1.2684  val_acc 0.4755
2026-04-08 02:25:30    epoch  25  loss 1.2035  acc 0.5104  val_loss 1.2188  val_acc 0.5092
2026-04-08 02:25:33    epoch  26  loss 1.2153  acc 0.5106  val_loss 1.2027  val_acc 0.5049
2026-04-08 02:25:36    epoch  27  loss 1.1960  acc 0.5131  val_loss 1.1996  val_acc 0.5223
2026-04-08 02:25:39    epoch  28  loss 1.1905  acc 0.5140  val_loss 1.1763  val_acc 0.5223
2026-04-08 02:25:42    epoch  29  loss 1.1518  acc 0.5261  val_loss 1.1584  val_acc 0.5321
2026-04-08 02:25:46    epoch  30  loss 1.1593  acc 0.5294  val_loss 1.1519  val_acc 0.5365
2026-04-08 02:25:49    epoch  31  loss 1.1387  acc 0.5305  val_loss 1.1908  val_acc 0.5158
2026-04-08 02:25:52    epoch  32  loss 1.1207  acc 0.5435  val_loss 1.1642  val_acc 0.5310
2026-04-08 02:25:55    epoch  33  loss 1.1000  acc 0.5507  val_loss 1.1314  val_acc 0.5430
2026-04-08 02:25:58    epoch  34  loss 1.0889  acc 0.5526  val_loss 1.1131  val_acc 0.5604
2026-04-08 02:26:02    epoch  35  loss 1.1248  acc 0.5400  val_loss 1.1143  val_acc 0.5375
2026-04-08 02:26:05    epoch  36  loss 1.0687  acc 0.5656  val_loss 1.0887  val_acc 0.5854
2026-04-08 02:26:08    epoch  37  loss 1.0413  acc 0.5733  val_loss 1.1017  val_acc 0.5441
2026-04-08 02:26:11    epoch  38  loss 1.0326  acc 0.5868  val_loss 1.1020  val_acc 0.5745
2026-04-08 02:26:14    epoch  39  loss 1.0259  acc 0.6006  val_loss 1.0614  val_acc 0.5734
2026-04-08 02:26:18    epoch  40  loss 1.0054  acc 0.6032  val_loss 1.0555  val_acc 0.5832
2026-04-08 02:26:21    epoch  41  loss 0.9725  acc 0.6216  val_loss 1.0598  val_acc 0.5919
2026-04-08 02:26:24    epoch  42  loss 0.9576  acc 0.6307  val_loss 1.0134  val_acc 0.6072
2026-04-08 02:26:27    epoch  43  loss 0.9437  acc 0.6348  val_loss 1.0319  val_acc 0.6170
2026-04-08 02:26:30    epoch  44  loss 0.9261  acc 0.6491  val_loss 1.0191  val_acc 0.6148
2026-04-08 02:26:33    epoch  45  loss 0.8963  acc 0.6602  val_loss 0.9828  val_acc 0.6333
2026-04-08 02:26:37    epoch  46  loss 0.8646  acc 0.6696  val_loss 0.9602  val_acc 0.6431
2026-04-08 02:26:40    epoch  47  loss 0.8655  acc 0.6783  val_loss 0.9388  val_acc 0.6529
2026-04-08 02:26:43    epoch  48  loss 0.8522  acc 0.6858  val_loss 0.9416  val_acc 0.6420
2026-04-08 02:26:46    epoch  49  loss 0.8438  acc 0.6891  val_loss 0.9386  val_acc 0.6442
2026-04-08 02:26:49    epoch  50  loss 0.8300  acc 0.6960  val_loss 0.9392  val_acc 0.6616
2026-04-08 02:26:53    epoch  51  loss 0.8084  acc 0.7032  val_loss 0.9116  val_acc 0.6594
2026-04-08 02:26:56    epoch  52  loss 0.7815  acc 0.7142  val_loss 0.9258  val_acc 0.6681
2026-04-08 02:26:59    epoch  53  loss 0.8006  acc 0.7033  val_loss 0.9030  val_acc 0.6703
2026-04-08 02:27:02    epoch  54  loss 0.7759  acc 0.7166  val_loss 0.8927  val_acc 0.6736
2026-04-08 02:27:05    epoch  55  loss 0.7526  acc 0.7290  val_loss 0.8847  val_acc 0.6714
2026-04-08 02:27:09    epoch  56  loss 0.7415  acc 0.7334  val_loss 0.9827  val_acc 0.6289
2026-04-08 02:27:12    epoch  57  loss 0.7513  acc 0.7284  val_loss 0.8792  val_acc 0.6899
2026-04-08 02:27:15    epoch  58  loss 0.7121  acc 0.7425  val_loss 0.8643  val_acc 0.6877
2026-04-08 02:27:18    epoch  59  loss 0.6965  acc 0.7484  val_loss 0.9524  val_acc 0.6474
2026-04-08 02:27:21    epoch  60  loss 0.6836  acc 0.7476  val_loss 0.8653  val_acc 0.6899
2026-04-08 02:27:25    epoch  61  loss 0.6643  acc 0.7676  val_loss 0.8827  val_acc 0.6931
2026-04-08 02:27:28    epoch  62  loss 0.6615  acc 0.7661  val_loss 0.8535  val_acc 0.6921
2026-04-08 02:27:31    epoch  63  loss 0.6428  acc 0.7710  val_loss 0.8395  val_acc 0.6953
2026-04-08 02:27:34    epoch  64  loss 0.6373  acc 0.7783  val_loss 0.9160  val_acc 0.6627
2026-04-08 02:27:37    epoch  65  loss 0.6681  acc 0.7649  val_loss 0.8346  val_acc 0.6986
2026-04-08 02:27:41    epoch  66  loss 0.6660  acc 0.7635  val_loss 0.8554  val_acc 0.6834
2026-04-08 02:27:44    epoch  67  loss 0.6026  acc 0.7860  val_loss 0.8807  val_acc 0.6997
2026-04-08 02:27:47    epoch  68  loss 0.5947  acc 0.7952  val_loss 0.8411  val_acc 0.7040
2026-04-08 02:27:50    epoch  69  loss 0.5959  acc 0.7876  val_loss 0.8817  val_acc 0.6834
2026-04-08 02:27:53    epoch  70  loss 0.5774  acc 0.7996  val_loss 0.8310  val_acc 0.7106
2026-04-08 02:27:57    epoch  71  loss 0.5362  acc 0.8117  val_loss 0.9051  val_acc 0.6942
2026-04-08 02:28:00    epoch  72  loss 0.5516  acc 0.8067  val_loss 0.8749  val_acc 0.6953
2026-04-08 02:28:03    epoch  73  loss 0.5412  acc 0.8080  val_loss 0.8879  val_acc 0.6931
2026-04-08 02:28:06    epoch  74  loss 0.7683  acc 0.7245  val_loss 0.9255  val_acc 0.6844
2026-04-08 02:28:09    epoch  75  loss 0.6207  acc 0.7838  val_loss 0.8910  val_acc 0.6953
2026-04-08 02:28:13    epoch  76  loss 0.5003  acc 0.8275  val_loss 0.8636  val_acc 0.7127
2026-04-08 02:28:16    epoch  77  loss 0.4508  acc 0.8432  val_loss 0.9287  val_acc 0.6953
2026-04-08 02:28:19    epoch  78  loss 0.4291  acc 0.8529  val_loss 0.8736  val_acc 0.7203
2026-04-08 02:28:19    Early stopping at epoch 78
2026-04-08 02:28:19    User2 accuracy: 0.6550
2026-04-08 02:28:19    ✓ New best model saved (User2 held out, acc=0.6550)
2026-04-08 02:28:20  ────────────────────────────────────────────────────────────
2026-04-08 02:28:20  LOSO fold — held-out: User3 (512 test windows, 9192 train windows)
2026-04-08 02:28:23    epoch   1  loss 1.9204  acc 0.2411  val_loss 1.7755  val_acc 0.2742
2026-04-08 02:28:26    epoch   2  loss 1.8116  acc 0.2663  val_loss 2.0144  val_acc 0.2350
2026-04-08 02:28:29    epoch   3  loss 1.7563  acc 0.2867  val_loss 1.5852  val_acc 0.3275
2026-04-08 02:28:33    epoch   4  loss 1.5795  acc 0.3386  val_loss 1.4957  val_acc 0.3896
2026-04-08 02:28:36    epoch   5  loss 1.5422  acc 0.3650  val_loss 1.4302  val_acc 0.4178
2026-04-08 02:28:39    epoch   6  loss 1.4801  acc 0.3891  val_loss 1.4364  val_acc 0.3863
2026-04-08 02:28:42    epoch   7  loss 1.4588  acc 0.4014  val_loss 1.4184  val_acc 0.4168
2026-04-08 02:28:45    epoch   8  loss 1.4273  acc 0.4161  val_loss 1.3587  val_acc 0.4331
2026-04-08 02:28:49    epoch   9  loss 1.3924  acc 0.4258  val_loss 1.3356  val_acc 0.4450
2026-04-08 02:28:52    epoch  10  loss 1.3912  acc 0.4353  val_loss 1.3348  val_acc 0.4494
2026-04-08 02:28:55    epoch  11  loss 1.3500  acc 0.4426  val_loss 1.2893  val_acc 0.4668
2026-04-08 02:28:58    epoch  12  loss 1.3377  acc 0.4470  val_loss 1.3051  val_acc 0.4461
2026-04-08 02:29:01    epoch  13  loss 1.3220  acc 0.4515  val_loss 1.2599  val_acc 0.4635
2026-04-08 02:29:05    epoch  14  loss 1.3136  acc 0.4611  val_loss 1.3846  val_acc 0.4157
2026-04-08 02:29:08    epoch  15  loss 1.2913  acc 0.4700  val_loss 1.2928  val_acc 0.4440
2026-04-08 02:29:11    epoch  16  loss 1.2758  acc 0.4740  val_loss 1.2823  val_acc 0.4581
2026-04-08 02:29:14    epoch  17  loss 1.2682  acc 0.4773  val_loss 1.2392  val_acc 0.4625
2026-04-08 02:29:17    epoch  18  loss 1.2567  acc 0.4903  val_loss 1.2593  val_acc 0.4701
2026-04-08 02:29:21    epoch  19  loss 1.2526  acc 0.4823  val_loss 1.2337  val_acc 0.4690
2026-04-08 02:29:24    epoch  20  loss 1.2289  acc 0.4958  val_loss 1.1990  val_acc 0.5005
2026-04-08 02:29:27    epoch  21  loss 1.1976  acc 0.5182  val_loss 1.1951  val_acc 0.5049
2026-04-08 02:29:30    epoch  22  loss 1.2069  acc 0.5082  val_loss 1.2293  val_acc 0.4929
2026-04-08 02:29:33    epoch  23  loss 1.1897  acc 0.5094  val_loss 1.1715  val_acc 0.4973
2026-04-08 02:29:37    epoch  24  loss 1.1636  acc 0.5235  val_loss 1.2119  val_acc 0.5049
2026-04-08 02:29:40    epoch  25  loss 1.1582  acc 0.5238  val_loss 1.2303  val_acc 0.4886
2026-04-08 02:29:43    epoch  26  loss 1.1583  acc 0.5254  val_loss 1.1473  val_acc 0.5169
2026-04-08 02:29:46    epoch  27  loss 1.1357  acc 0.5364  val_loss 1.1436  val_acc 0.5397
2026-04-08 02:29:49    epoch  28  loss 1.1058  acc 0.5438  val_loss 1.1488  val_acc 0.5397
2026-04-08 02:29:53    epoch  29  loss 1.0919  acc 0.5598  val_loss 1.1001  val_acc 0.5343
2026-04-08 02:29:56    epoch  30  loss 1.0959  acc 0.5665  val_loss 1.1441  val_acc 0.5223
2026-04-08 02:29:59    epoch  31  loss 1.0560  acc 0.5743  val_loss 1.0923  val_acc 0.5419
2026-04-08 02:30:02    epoch  32  loss 1.0476  acc 0.5839  val_loss 1.0353  val_acc 0.5941
2026-04-08 02:30:05    epoch  33  loss 1.0179  acc 0.6023  val_loss 1.0761  val_acc 0.5778
2026-04-08 02:30:09    epoch  34  loss 1.0049  acc 0.5985  val_loss 1.0230  val_acc 0.6148
2026-04-08 02:30:12    epoch  35  loss 0.9893  acc 0.6213  val_loss 1.0221  val_acc 0.6039
2026-04-08 02:30:15    epoch  36  loss 0.9658  acc 0.6284  val_loss 0.9925  val_acc 0.6202
2026-04-08 02:30:18    epoch  37  loss 0.9637  acc 0.6321  val_loss 0.9865  val_acc 0.6279
2026-04-08 02:30:21    epoch  38  loss 0.9263  acc 0.6484  val_loss 0.9865  val_acc 0.6289
2026-04-08 02:30:25    epoch  39  loss 0.9081  acc 0.6567  val_loss 0.9627  val_acc 0.6474
2026-04-08 02:30:28    epoch  40  loss 0.8962  acc 0.6713  val_loss 1.2386  val_acc 0.5571
2026-04-08 02:30:31    epoch  41  loss 0.9091  acc 0.6566  val_loss 0.9691  val_acc 0.6431
2026-04-08 02:30:34    epoch  42  loss 0.8592  acc 0.6769  val_loss 0.9254  val_acc 0.6605
2026-04-08 02:30:37    epoch  43  loss 0.8798  acc 0.6791  val_loss 1.0342  val_acc 0.6257
2026-04-08 02:30:41    epoch  44  loss 0.8615  acc 0.6791  val_loss 0.9518  val_acc 0.6659
2026-04-08 02:30:44    epoch  45  loss 0.8028  acc 0.7104  val_loss 1.0325  val_acc 0.6464
2026-04-08 02:30:47    epoch  46  loss 0.8106  acc 0.7019  val_loss 0.9478  val_acc 0.6540
2026-04-08 02:30:50    epoch  47  loss 0.7686  acc 0.7129  val_loss 0.9360  val_acc 0.6703
2026-04-08 02:30:53    epoch  48  loss 0.7002  acc 0.7460  val_loss 0.9075  val_acc 0.6746
2026-04-08 02:30:57    epoch  49  loss 0.6499  acc 0.7633  val_loss 0.9272  val_acc 0.6714
2026-04-08 02:31:00    epoch  50  loss 0.6378  acc 0.7701  val_loss 0.9197  val_acc 0.6866
2026-04-08 02:31:03    epoch  51  loss 0.6206  acc 0.7809  val_loss 0.9369  val_acc 0.6801
2026-04-08 02:31:06    epoch  52  loss 0.5890  acc 0.7891  val_loss 0.9514  val_acc 0.6834
2026-04-08 02:31:09    epoch  53  loss 0.5707  acc 0.7938  val_loss 0.9398  val_acc 0.6855
2026-04-08 02:31:12    epoch  54  loss 0.5170  acc 0.8251  val_loss 0.9526  val_acc 0.6888
2026-04-08 02:31:16    epoch  55  loss 0.4875  acc 0.8296  val_loss 0.9737  val_acc 0.6834
2026-04-08 02:31:19    epoch  56  loss 0.4754  acc 0.8371  val_loss 0.9815  val_acc 0.6801
2026-04-08 02:31:19    Early stopping at epoch 56
2026-04-08 02:31:19    User3 accuracy: 0.5762
2026-04-08 02:31:20  ────────────────────────────────────────────────────────────
2026-04-08 02:31:20  LOSO fold — held-out: User4 (542 test windows, 9162 train windows)
2026-04-08 02:31:23    epoch   1  loss 1.9025  acc 0.2581  val_loss 1.8227  val_acc 0.2686
2026-04-08 02:31:26    epoch   2  loss 1.7152  acc 0.2972  val_loss 1.8883  val_acc 0.3090
2026-04-08 02:31:29    epoch   3  loss 1.6224  acc 0.3352  val_loss 1.6307  val_acc 0.3275
2026-04-08 02:31:32    epoch   4  loss 1.5642  acc 0.3504  val_loss 1.6554  val_acc 0.3100
2026-04-08 02:31:36    epoch   5  loss 1.5177  acc 0.3610  val_loss 1.4698  val_acc 0.4061
2026-04-08 02:31:39    epoch   6  loss 1.5728  acc 0.3403  val_loss 1.4999  val_acc 0.3810
2026-04-08 02:31:42    epoch   7  loss 1.5275  acc 0.3645  val_loss 1.5059  val_acc 0.3745
2026-04-08 02:31:45    epoch   8  loss 1.5032  acc 0.3723  val_loss 1.4383  val_acc 0.3843
2026-04-08 02:31:48    epoch   9  loss 1.4518  acc 0.3943  val_loss 1.3844  val_acc 0.4323
2026-04-08 02:31:52    epoch  10  loss 1.4188  acc 0.4053  val_loss 1.3772  val_acc 0.4345
2026-04-08 02:31:55    epoch  11  loss 1.3977  acc 0.4187  val_loss 1.4069  val_acc 0.4378
2026-04-08 02:31:58    epoch  12  loss 1.3959  acc 0.4283  val_loss 1.5347  val_acc 0.3821
2026-04-08 02:32:01    epoch  13  loss 1.4286  acc 0.4232  val_loss 1.3543  val_acc 0.4487
2026-04-08 02:32:04    epoch  14  loss 1.3396  acc 0.4492  val_loss 1.3046  val_acc 0.4749
2026-04-08 02:32:08    epoch  15  loss 1.3240  acc 0.4527  val_loss 1.3498  val_acc 0.4651
2026-04-08 02:32:11    epoch  16  loss 1.3034  acc 0.4656  val_loss 1.2877  val_acc 0.5000
2026-04-08 02:32:14    epoch  17  loss 1.2868  acc 0.4778  val_loss 1.2826  val_acc 0.4847
2026-04-08 02:32:17    epoch  18  loss 1.2755  acc 0.4845  val_loss 1.2860  val_acc 0.4672
2026-04-08 02:32:20    epoch  19  loss 1.2779  acc 0.4802  val_loss 1.2473  val_acc 0.5011
2026-04-08 02:32:23    epoch  20  loss 1.2667  acc 0.4888  val_loss 1.2879  val_acc 0.4782
2026-04-08 02:32:27    epoch  21  loss 1.2541  acc 0.4905  val_loss 1.2855  val_acc 0.4771
2026-04-08 02:32:30    epoch  22  loss 1.2377  acc 0.4926  val_loss 1.2751  val_acc 0.4640
2026-04-08 02:32:33    epoch  23  loss 1.2327  acc 0.4981  val_loss 1.2192  val_acc 0.4967
2026-04-08 02:32:36    epoch  24  loss 1.3195  acc 0.4751  val_loss 1.9932  val_acc 0.3493
2026-04-08 02:32:39    epoch  25  loss 1.3893  acc 0.4502  val_loss 1.2580  val_acc 0.4978
2026-04-08 02:32:43    epoch  26  loss 1.2614  acc 0.4904  val_loss 1.2281  val_acc 0.4989
2026-04-08 02:32:46    epoch  27  loss 1.2326  acc 0.4987  val_loss 1.3118  val_acc 0.4520
2026-04-08 02:32:49    epoch  28  loss 1.2079  acc 0.5074  val_loss 1.2249  val_acc 0.4967
2026-04-08 02:32:52    epoch  29  loss 1.1724  acc 0.5200  val_loss 1.1704  val_acc 0.5109
2026-04-08 02:32:55    epoch  30  loss 1.1489  acc 0.5349  val_loss 1.1807  val_acc 0.5251
2026-04-08 02:32:58    epoch  31  loss 1.1368  acc 0.5395  val_loss 1.1475  val_acc 0.5371
2026-04-08 02:33:02    epoch  32  loss 1.1398  acc 0.5401  val_loss 1.1659  val_acc 0.5207
2026-04-08 02:33:05    epoch  33  loss 1.1273  acc 0.5371  val_loss 1.1661  val_acc 0.5382
2026-04-08 02:33:08    epoch  34  loss 1.1230  acc 0.5447  val_loss 1.1367  val_acc 0.5437
2026-04-08 02:33:11    epoch  35  loss 1.0970  acc 0.5553  val_loss 1.1515  val_acc 0.5382
2026-04-08 02:33:14    epoch  36  loss 1.0912  acc 0.5578  val_loss 1.1484  val_acc 0.5469
2026-04-08 02:33:18    epoch  37  loss 1.0739  acc 0.5700  val_loss 1.1487  val_acc 0.5491
2026-04-08 02:33:21    epoch  38  loss 1.0726  acc 0.5600  val_loss 1.1309  val_acc 0.5524
2026-04-08 02:33:24    epoch  39  loss 1.0596  acc 0.5720  val_loss 1.1394  val_acc 0.5546
2026-04-08 02:33:27    epoch  40  loss 1.0449  acc 0.5740  val_loss 1.1587  val_acc 0.5491
2026-04-08 02:33:30    epoch  41  loss 1.0317  acc 0.5797  val_loss 1.1611  val_acc 0.5480
2026-04-08 02:33:33    epoch  42  loss 1.0324  acc 0.5796  val_loss 1.1036  val_acc 0.5731
2026-04-08 02:33:37    epoch  43  loss 1.0197  acc 0.5919  val_loss 1.0965  val_acc 0.5852
2026-04-08 02:33:40    epoch  44  loss 1.0110  acc 0.5908  val_loss 1.1204  val_acc 0.5830
2026-04-08 02:33:43    epoch  45  loss 1.0062  acc 0.5927  val_loss 1.0899  val_acc 0.5939
2026-04-08 02:33:46    epoch  46  loss 1.0026  acc 0.5994  val_loss 1.0831  val_acc 0.5928
2026-04-08 02:33:49    epoch  47  loss 0.9964  acc 0.6072  val_loss 1.0664  val_acc 0.5808
2026-04-08 02:33:53    epoch  48  loss 0.9743  acc 0.6095  val_loss 1.0773  val_acc 0.5993
2026-04-08 02:33:56    epoch  49  loss 0.9592  acc 0.6140  val_loss 1.0608  val_acc 0.5917
2026-04-08 02:33:59    epoch  50  loss 0.9522  acc 0.6195  val_loss 1.0511  val_acc 0.5961
2026-04-08 02:34:02    epoch  51  loss 0.9272  acc 0.6316  val_loss 1.0431  val_acc 0.5993
2026-04-08 02:34:05    epoch  52  loss 0.9138  acc 0.6364  val_loss 1.0442  val_acc 0.6190
2026-04-08 02:34:09    epoch  53  loss 0.9001  acc 0.6524  val_loss 1.0341  val_acc 0.6059
2026-04-08 02:34:12    epoch  54  loss 0.9066  acc 0.6520  val_loss 1.0476  val_acc 0.6157
2026-04-08 02:34:15    epoch  55  loss 0.8920  acc 0.6520  val_loss 1.0244  val_acc 0.6255
2026-04-08 02:34:18    epoch  56  loss 0.8841  acc 0.6598  val_loss 1.0076  val_acc 0.6365
2026-04-08 02:34:21    epoch  57  loss 0.8651  acc 0.6699  val_loss 1.0709  val_acc 0.5917
2026-04-08 02:34:25    epoch  58  loss 0.8526  acc 0.6750  val_loss 1.0131  val_acc 0.6430
2026-04-08 02:34:28    epoch  59  loss 0.8260  acc 0.6877  val_loss 1.0013  val_acc 0.6561
2026-04-08 02:34:31    epoch  60  loss 0.8193  acc 0.6882  val_loss 0.9705  val_acc 0.6539
2026-04-08 02:34:34    epoch  61  loss 0.8017  acc 0.6967  val_loss 1.0160  val_acc 0.6321
2026-04-08 02:34:37    epoch  62  loss 0.7968  acc 0.6982  val_loss 0.9747  val_acc 0.6572
2026-04-08 02:34:41    epoch  63  loss 0.7803  acc 0.7092  val_loss 1.0085  val_acc 0.6386
2026-04-08 02:34:44    epoch  64  loss 0.7581  acc 0.7168  val_loss 0.9992  val_acc 0.6485
2026-04-08 02:34:47    epoch  65  loss 0.7520  acc 0.7183  val_loss 0.9728  val_acc 0.6616
2026-04-08 02:34:50    epoch  66  loss 0.7027  acc 0.7353  val_loss 0.9719  val_acc 0.6627
2026-04-08 02:34:53    epoch  67  loss 0.6876  acc 0.7524  val_loss 0.9867  val_acc 0.6594
2026-04-08 02:34:56    epoch  68  loss 0.6676  acc 0.7564  val_loss 0.9893  val_acc 0.6572
2026-04-08 02:34:56    Early stopping at epoch 68
2026-04-08 02:34:56    User4 accuracy: 0.5443
2026-04-08 02:34:57  ────────────────────────────────────────────────────────────
2026-04-08 02:34:57  LOSO fold — held-out: User5 (534 test windows, 9170 train windows)
2026-04-08 02:35:00    epoch   1  loss 1.8999  acc 0.2530  val_loss 1.7006  val_acc 0.3162
2026-04-08 02:35:04    epoch   2  loss 1.7244  acc 0.2936  val_loss 1.6882  val_acc 0.3053
2026-04-08 02:35:07    epoch   3  loss 1.6690  acc 0.3230  val_loss 1.5563  val_acc 0.3806
2026-04-08 02:35:10    epoch   4  loss 1.5827  acc 0.3342  val_loss 1.5549  val_acc 0.3664
2026-04-08 02:35:13    epoch   5  loss 1.5780  acc 0.3393  val_loss 1.6473  val_acc 0.3424
2026-04-08 02:35:16    epoch   6  loss 1.5438  acc 0.3479  val_loss 1.5120  val_acc 0.3871
2026-04-08 02:35:19    epoch   7  loss 1.5083  acc 0.3673  val_loss 1.4800  val_acc 0.3839
2026-04-08 02:35:23    epoch   8  loss 1.5251  acc 0.3748  val_loss 1.4153  val_acc 0.4024
2026-04-08 02:35:26    epoch   9  loss 1.4589  acc 0.3869  val_loss 1.4977  val_acc 0.4013
2026-04-08 02:35:29    epoch  10  loss 1.4121  acc 0.4108  val_loss 1.4422  val_acc 0.4024
2026-04-08 02:35:32    epoch  11  loss 1.4171  acc 0.4059  val_loss 1.3945  val_acc 0.4297
2026-04-08 02:35:35    epoch  12  loss 1.3850  acc 0.4197  val_loss 1.4175  val_acc 0.4166
2026-04-08 02:35:39    epoch  13  loss 1.3717  acc 0.4287  val_loss 1.3745  val_acc 0.4264
2026-04-08 02:35:42    epoch  14  loss 1.3555  acc 0.4331  val_loss 1.3241  val_acc 0.4351
2026-04-08 02:35:45    epoch  15  loss 1.3278  acc 0.4457  val_loss 1.3073  val_acc 0.4635
2026-04-08 02:35:48    epoch  16  loss 1.3285  acc 0.4346  val_loss 1.3421  val_acc 0.4558
2026-04-08 02:35:51    epoch  17  loss 1.3284  acc 0.4490  val_loss 1.3372  val_acc 0.4766
2026-04-08 02:35:55    epoch  18  loss 1.3323  acc 0.4481  val_loss 1.2748  val_acc 0.5093
2026-04-08 02:35:58    epoch  19  loss 1.3019  acc 0.4670  val_loss 1.3035  val_acc 0.4787
2026-04-08 02:36:01    epoch  20  loss 1.2965  acc 0.4684  val_loss 1.2760  val_acc 0.4853
2026-04-08 02:36:04    epoch  21  loss 1.2709  acc 0.4858  val_loss 1.2944  val_acc 0.4962
2026-04-08 02:36:07    epoch  22  loss 1.2603  acc 0.4830  val_loss 1.2972  val_acc 0.4896
2026-04-08 02:36:10    epoch  23  loss 1.2449  acc 0.4902  val_loss 1.2692  val_acc 0.4831
2026-04-08 02:36:14    epoch  24  loss 1.2170  acc 0.5041  val_loss 1.2262  val_acc 0.5060
2026-04-08 02:36:17    epoch  25  loss 1.2566  acc 0.4901  val_loss 1.2768  val_acc 0.4918
2026-04-08 02:36:20    epoch  26  loss 1.2031  acc 0.5105  val_loss 1.1869  val_acc 0.5224
2026-04-08 02:36:23    epoch  27  loss 1.2283  acc 0.5081  val_loss 1.2243  val_acc 0.5234
2026-04-08 02:36:26    epoch  28  loss 1.1927  acc 0.5073  val_loss 1.2319  val_acc 0.5125
2026-04-08 02:36:30    epoch  29  loss 1.1649  acc 0.5161  val_loss 1.1685  val_acc 0.5071
2026-04-08 02:36:33    epoch  30  loss 1.1482  acc 0.5277  val_loss 1.1853  val_acc 0.5267
2026-04-08 02:36:36    epoch  31  loss 1.1542  acc 0.5237  val_loss 1.1822  val_acc 0.5322
2026-04-08 02:36:39    epoch  32  loss 1.1436  acc 0.5325  val_loss 1.1734  val_acc 0.5365
2026-04-08 02:36:42    epoch  33  loss 1.1283  acc 0.5371  val_loss 1.1323  val_acc 0.5398
2026-04-08 02:36:45    epoch  34  loss 1.1158  acc 0.5379  val_loss 1.1954  val_acc 0.5365
2026-04-08 02:36:49    epoch  35  loss 1.1261  acc 0.5379  val_loss 1.1411  val_acc 0.5224
2026-04-08 02:36:52    epoch  36  loss 1.1035  acc 0.5490  val_loss 1.1184  val_acc 0.5463
2026-04-08 02:36:55    epoch  37  loss 1.0853  acc 0.5511  val_loss 1.1289  val_acc 0.5311
2026-04-08 02:36:58    epoch  38  loss 1.0703  acc 0.5573  val_loss 1.1139  val_acc 0.5398
2026-04-08 02:37:01    epoch  39  loss 1.0587  acc 0.5667  val_loss 1.1224  val_acc 0.5551
2026-04-08 02:37:04    epoch  40  loss 1.0732  acc 0.5652  val_loss 1.1305  val_acc 0.5420
2026-04-08 02:37:08    epoch  41  loss 1.0649  acc 0.5673  val_loss 1.1248  val_acc 0.5453
2026-04-08 02:37:11    epoch  42  loss 1.0384  acc 0.5754  val_loss 1.0880  val_acc 0.5802
2026-04-08 02:37:14    epoch  43  loss 1.0230  acc 0.5865  val_loss 1.0980  val_acc 0.5540
2026-04-08 02:37:17    epoch  44  loss 1.0113  acc 0.5975  val_loss 1.0704  val_acc 0.5802
2026-04-08 02:37:20    epoch  45  loss 0.9866  acc 0.6067  val_loss 1.1432  val_acc 0.5605
2026-04-08 02:37:24    epoch  46  loss 1.0155  acc 0.5938  val_loss 1.1043  val_acc 0.6009
2026-04-08 02:37:27    epoch  47  loss 0.9798  acc 0.6117  val_loss 1.0474  val_acc 0.6041
2026-04-08 02:37:30    epoch  48  loss 0.9562  acc 0.6264  val_loss 1.0604  val_acc 0.5845
2026-04-08 02:37:33    epoch  49  loss 0.9299  acc 0.6370  val_loss 1.0573  val_acc 0.6009
2026-04-08 02:37:36    epoch  50  loss 0.9122  acc 0.6458  val_loss 1.0016  val_acc 0.6183
2026-04-08 02:37:39    epoch  51  loss 0.9044  acc 0.6529  val_loss 1.0172  val_acc 0.6205
2026-04-08 02:37:43    epoch  52  loss 0.8812  acc 0.6652  val_loss 1.0158  val_acc 0.6172
2026-04-08 02:37:46    epoch  53  loss 0.8692  acc 0.6641  val_loss 0.9931  val_acc 0.6227
2026-04-08 02:37:49    epoch  54  loss 0.8478  acc 0.6753  val_loss 1.0099  val_acc 0.6336
2026-04-08 02:37:52    epoch  55  loss 0.8432  acc 0.6743  val_loss 1.0433  val_acc 0.6140
2026-04-08 02:37:55    epoch  56  loss 0.8572  acc 0.6730  val_loss 0.9736  val_acc 0.6336
2026-04-08 02:37:59    epoch  57  loss 0.8264  acc 0.6838  val_loss 0.9622  val_acc 0.6445
2026-04-08 02:38:02    epoch  58  loss 0.8007  acc 0.7013  val_loss 0.9493  val_acc 0.6543
2026-04-08 02:38:05    epoch  59  loss 0.8050  acc 0.6948  val_loss 0.9723  val_acc 0.6238
2026-04-08 02:38:08    epoch  60  loss 0.7767  acc 0.7114  val_loss 0.9399  val_acc 0.6707
2026-04-08 02:38:11    epoch  61  loss 0.7618  acc 0.7134  val_loss 0.9281  val_acc 0.6630
2026-04-08 02:38:14    epoch  62  loss 0.7563  acc 0.7211  val_loss 0.9702  val_acc 0.6521
2026-04-08 02:38:17    epoch  63  loss 1.0093  acc 0.6280  val_loss 1.0208  val_acc 0.6194
2026-04-08 02:38:21    epoch  64  loss 0.8500  acc 0.6916  val_loss 0.9325  val_acc 0.6587
2026-04-08 02:38:24    epoch  65  loss 0.8007  acc 0.7085  val_loss 0.9184  val_acc 0.6532
2026-04-08 02:38:27    epoch  66  loss 0.7708  acc 0.7207  val_loss 0.9761  val_acc 0.6379
2026-04-08 02:38:30    epoch  67  loss 0.7595  acc 0.7258  val_loss 0.8886  val_acc 0.6903
2026-04-08 02:38:33    epoch  68  loss 0.7143  acc 0.7430  val_loss 0.9439  val_acc 0.6652
2026-04-08 02:38:36    epoch  69  loss 0.7025  acc 0.7487  val_loss 0.8796  val_acc 0.6728
2026-04-08 02:38:40    epoch  70  loss 0.6847  acc 0.7531  val_loss 0.8910  val_acc 0.6794
2026-04-08 02:38:43    epoch  71  loss 0.6596  acc 0.7580  val_loss 0.8857  val_acc 0.6848
2026-04-08 02:38:46    epoch  72  loss 0.6409  acc 0.7692  val_loss 0.9589  val_acc 0.6674
2026-04-08 02:38:49    epoch  73  loss 0.6188  acc 0.7749  val_loss 0.9018  val_acc 0.6892
2026-04-08 02:38:52    epoch  74  loss 0.6300  acc 0.7755  val_loss 0.9239  val_acc 0.6750
2026-04-08 02:38:55    epoch  75  loss 0.5609  acc 0.7980  val_loss 0.8926  val_acc 0.6979
2026-04-08 02:38:58    epoch  76  loss 0.5083  acc 0.8201  val_loss 0.8722  val_acc 0.7023
2026-04-08 02:39:02    epoch  77  loss 0.4955  acc 0.8229  val_loss 0.8729  val_acc 0.7219
2026-04-08 02:39:05    epoch  78  loss 0.4780  acc 0.8330  val_loss 0.8946  val_acc 0.7208
2026-04-08 02:39:08    epoch  79  loss 0.4508  acc 0.8409  val_loss 0.9562  val_acc 0.7001
2026-04-08 02:39:11    epoch  80  loss 0.4498  acc 0.8460  val_loss 0.8921  val_acc 0.7099
2026-04-08 02:39:14    epoch  81  loss 0.4332  acc 0.8502  val_loss 0.9143  val_acc 0.7034
2026-04-08 02:39:17    epoch  82  loss 0.3806  acc 0.8711  val_loss 0.8863  val_acc 0.7121
2026-04-08 02:39:21    epoch  83  loss 0.3619  acc 0.8779  val_loss 0.8892  val_acc 0.7263
2026-04-08 02:39:24    epoch  84  loss 0.3393  acc 0.8836  val_loss 0.8950  val_acc 0.7241
2026-04-08 02:39:24    Early stopping at epoch 84
2026-04-08 02:39:24    User5 accuracy: 0.6498
2026-04-08 02:39:24  ────────────────────────────────────────────────────────────
2026-04-08 02:39:24  LOSO fold — held-out: User6 (518 test windows, 9186 train windows)
2026-04-08 02:39:28    epoch   1  loss 1.8657  acc 0.2591  val_loss 1.7606  val_acc 0.2505
2026-04-08 02:39:31    epoch   2  loss 1.6964  acc 0.2900  val_loss 1.6147  val_acc 0.3366
2026-04-08 02:39:34    epoch   3  loss 1.6031  acc 0.3345  val_loss 1.5378  val_acc 0.3845
2026-04-08 02:39:37    epoch   4  loss 1.6338  acc 0.3306  val_loss 1.5667  val_acc 0.3627
2026-04-08 02:39:41    epoch   5  loss 1.5550  acc 0.3604  val_loss 1.4613  val_acc 0.3998
2026-04-08 02:39:44    epoch   6  loss 1.4581  acc 0.3986  val_loss 1.4237  val_acc 0.4216
2026-04-08 02:39:47    epoch   7  loss 1.4495  acc 0.4035  val_loss 1.3967  val_acc 0.4237
2026-04-08 02:39:50    epoch   8  loss 1.4613  acc 0.4024  val_loss 1.4010  val_acc 0.4314
2026-04-08 02:39:53    epoch   9  loss 1.4046  acc 0.4203  val_loss 1.3471  val_acc 0.4216
2026-04-08 02:39:57    epoch  10  loss 1.3843  acc 0.4242  val_loss 1.3808  val_acc 0.4139
2026-04-08 02:40:00    epoch  11  loss 1.3446  acc 0.4321  val_loss 1.3407  val_acc 0.4390
2026-04-08 02:40:03    epoch  12  loss 1.3452  acc 0.4485  val_loss 1.3243  val_acc 0.4259
2026-04-08 02:40:06    epoch  13  loss 1.3152  acc 0.4544  val_loss 1.2889  val_acc 0.4412
2026-04-08 02:40:09    epoch  14  loss 1.2964  acc 0.4555  val_loss 1.3103  val_acc 0.4619
2026-04-08 02:40:13    epoch  15  loss 1.2992  acc 0.4592  val_loss 1.3187  val_acc 0.4586
2026-04-08 02:40:16    epoch  16  loss 1.2629  acc 0.4776  val_loss 1.2991  val_acc 0.4466
2026-04-08 02:40:19    epoch  17  loss 1.2772  acc 0.4734  val_loss 1.2127  val_acc 0.5131
2026-04-08 02:40:22    epoch  18  loss 1.2348  acc 0.4892  val_loss 1.2220  val_acc 0.4739
2026-04-08 02:40:25    epoch  19  loss 1.2060  acc 0.4894  val_loss 1.2050  val_acc 0.4739
2026-04-08 02:40:29    epoch  20  loss 1.1785  acc 0.5103  val_loss 1.1632  val_acc 0.5087
2026-04-08 02:40:32    epoch  21  loss 1.1573  acc 0.5273  val_loss 1.1775  val_acc 0.5033
2026-04-08 02:40:35    epoch  22  loss 1.1304  acc 0.5399  val_loss 1.1881  val_acc 0.5000
2026-04-08 02:40:38    epoch  23  loss 1.1444  acc 0.5310  val_loss 1.1611  val_acc 0.5065
2026-04-08 02:40:41    epoch  24  loss 1.1280  acc 0.5416  val_loss 1.1386  val_acc 0.5207
2026-04-08 02:40:45    epoch  25  loss 1.0869  acc 0.5475  val_loss 1.1076  val_acc 0.5458
2026-04-08 02:40:48    epoch  26  loss 1.0950  acc 0.5485  val_loss 1.1298  val_acc 0.5403
2026-04-08 02:40:51    epoch  27  loss 1.0581  acc 0.5657  val_loss 1.1324  val_acc 0.5392
2026-04-08 02:40:54    epoch  28  loss 1.0402  acc 0.5744  val_loss 1.0869  val_acc 0.5425
2026-04-08 02:40:57    epoch  29  loss 1.0255  acc 0.5813  val_loss 1.0836  val_acc 0.5534
2026-04-08 02:41:01    epoch  30  loss 1.0127  acc 0.5832  val_loss 1.0818  val_acc 0.5654
2026-04-08 02:41:04    epoch  31  loss 0.9909  acc 0.5878  val_loss 1.0781  val_acc 0.5741
2026-04-08 02:41:07    epoch  32  loss 0.9812  acc 0.5980  val_loss 1.0435  val_acc 0.5871
2026-04-08 02:41:10    epoch  33  loss 0.9824  acc 0.5980  val_loss 1.0110  val_acc 0.6089
2026-04-08 02:41:13    epoch  34  loss 0.9425  acc 0.6206  val_loss 1.0406  val_acc 0.5719
2026-04-08 02:41:17    epoch  35  loss 0.9292  acc 0.6173  val_loss 1.0160  val_acc 0.5566
2026-04-08 02:41:20    epoch  36  loss 0.9165  acc 0.6287  val_loss 1.0169  val_acc 0.5882
2026-04-08 02:41:23    epoch  37  loss 0.8990  acc 0.6350  val_loss 1.0103  val_acc 0.6035
2026-04-08 02:41:26    epoch  38  loss 0.8866  acc 0.6443  val_loss 0.9532  val_acc 0.6231
2026-04-08 02:41:29    epoch  39  loss 0.8763  acc 0.6531  val_loss 1.0152  val_acc 0.6078
2026-04-08 02:41:33    epoch  40  loss 0.8553  acc 0.6640  val_loss 0.9654  val_acc 0.6100
2026-04-08 02:41:36    epoch  41  loss 0.8274  acc 0.6717  val_loss 0.9509  val_acc 0.6318
2026-04-08 02:41:39    epoch  42  loss 0.8217  acc 0.6803  val_loss 0.9442  val_acc 0.6264
2026-04-08 02:41:42    epoch  43  loss 0.8092  acc 0.6844  val_loss 0.9450  val_acc 0.6405
2026-04-08 02:41:45    epoch  44  loss 0.8046  acc 0.6871  val_loss 0.9628  val_acc 0.6329
2026-04-08 02:41:49    epoch  45  loss 0.7720  acc 0.7034  val_loss 0.9926  val_acc 0.6307
2026-04-08 02:41:52    epoch  46  loss 0.7611  acc 0.7109  val_loss 0.9235  val_acc 0.6492
2026-04-08 02:41:55    epoch  47  loss 0.7369  acc 0.7235  val_loss 0.9101  val_acc 0.6460
2026-04-08 02:41:58    epoch  48  loss 0.7254  acc 0.7268  val_loss 0.9105  val_acc 0.6558
2026-04-08 02:42:01    epoch  49  loss 0.7276  acc 0.7188  val_loss 0.8831  val_acc 0.6514
2026-04-08 02:42:05    epoch  50  loss 0.6653  acc 0.7493  val_loss 0.8630  val_acc 0.6678
2026-04-08 02:42:08    epoch  51  loss 0.6589  acc 0.7477  val_loss 0.8390  val_acc 0.6830
2026-04-08 02:42:11    epoch  52  loss 0.6238  acc 0.7687  val_loss 0.9030  val_acc 0.6601
2026-04-08 02:42:14    epoch  53  loss 0.5927  acc 0.7811  val_loss 0.8257  val_acc 0.6906
2026-04-08 02:42:17    epoch  54  loss 0.6018  acc 0.7743  val_loss 0.9221  val_acc 0.6645
2026-04-08 02:42:20    epoch  55  loss 0.5756  acc 0.7847  val_loss 0.8237  val_acc 0.7070
2026-04-08 02:42:24    epoch  56  loss 0.5805  acc 0.7871  val_loss 0.8348  val_acc 0.6950
2026-04-08 02:42:27    epoch  57  loss 0.5863  acc 0.7923  val_loss 0.8069  val_acc 0.7135
2026-04-08 02:42:30    epoch  58  loss 0.5474  acc 0.8015  val_loss 0.8465  val_acc 0.6786
2026-04-08 02:42:33    epoch  59  loss 0.5193  acc 0.8106  val_loss 0.8746  val_acc 0.6885
2026-04-08 02:42:36    epoch  60  loss 0.5175  acc 0.8177  val_loss 0.9302  val_acc 0.6699
2026-04-08 02:42:40    epoch  61  loss 0.5109  acc 0.8111  val_loss 0.8422  val_acc 0.7070
2026-04-08 02:42:43    epoch  62  loss 0.5398  acc 0.8009  val_loss 0.8673  val_acc 0.6808
2026-04-08 02:42:46    epoch  63  loss 0.4145  acc 0.8522  val_loss 0.8331  val_acc 0.7211
2026-04-08 02:42:49    epoch  64  loss 0.3611  acc 0.8699  val_loss 0.8459  val_acc 0.7288
2026-04-08 02:42:52    epoch  65  loss 0.3394  acc 0.8823  val_loss 0.8609  val_acc 0.7320
2026-04-08 02:42:52    Early stopping at epoch 65
2026-04-08 02:42:52    User6 accuracy: 0.5753
2026-04-08 02:42:53  ────────────────────────────────────────────────────────────
2026-04-08 02:42:53  LOSO fold — held-out: User7 (1128 test windows, 8576 train windows)
2026-04-08 02:42:56    epoch   1  loss 1.8896  acc 0.2568  val_loss 1.6708  val_acc 0.3092
2026-04-08 02:42:59    epoch   2  loss 1.7128  acc 0.3168  val_loss 1.5845  val_acc 0.3664
2026-04-08 02:43:02    epoch   3  loss 1.5895  acc 0.3478  val_loss 1.5748  val_acc 0.3372
2026-04-08 02:43:05    epoch   4  loss 1.6266  acc 0.3447  val_loss 1.5324  val_acc 0.3897
2026-04-08 02:43:08    epoch   5  loss 1.5289  acc 0.3666  val_loss 1.4419  val_acc 0.4224
2026-04-08 02:43:11    epoch   6  loss 1.4943  acc 0.3883  val_loss 1.4963  val_acc 0.3921
2026-04-08 02:43:14    epoch   7  loss 1.4713  acc 0.3981  val_loss 1.3913  val_acc 0.4282
2026-04-08 02:43:17    epoch   8  loss 1.4772  acc 0.3997  val_loss 1.3956  val_acc 0.4341
2026-04-08 02:43:20    epoch   9  loss 1.4133  acc 0.4236  val_loss 1.3524  val_acc 0.4527
2026-04-08 02:43:23    epoch  10  loss 1.4141  acc 0.4274  val_loss 1.3869  val_acc 0.4119
2026-04-08 02:43:26    epoch  11  loss 1.4068  acc 0.4239  val_loss 1.6154  val_acc 0.3664
2026-04-08 02:43:29    epoch  12  loss 1.4851  acc 0.4001  val_loss 1.3665  val_acc 0.4282
2026-04-08 02:43:32    epoch  13  loss 1.3605  acc 0.4381  val_loss 1.3373  val_acc 0.4586
2026-04-08 02:43:35    epoch  14  loss 1.3414  acc 0.4462  val_loss 1.2813  val_acc 0.4597
2026-04-08 02:43:38    epoch  15  loss 1.3045  acc 0.4512  val_loss 1.2874  val_acc 0.4551
2026-04-08 02:43:41    epoch  16  loss 1.3162  acc 0.4569  val_loss 1.2677  val_acc 0.4784
2026-04-08 02:43:44    epoch  17  loss 1.3881  acc 0.4407  val_loss 1.7454  val_acc 0.3594
2026-04-08 02:43:47    epoch  18  loss 1.3859  acc 0.4406  val_loss 1.3001  val_acc 0.4621
2026-04-08 02:43:50    epoch  19  loss 1.3179  acc 0.4643  val_loss 1.3073  val_acc 0.4702
2026-04-08 02:43:53    epoch  20  loss 1.2799  acc 0.4757  val_loss 1.2499  val_acc 0.4854
2026-04-08 02:43:56    epoch  21  loss 1.2804  acc 0.4704  val_loss 1.2889  val_acc 0.4702
2026-04-08 02:43:59    epoch  22  loss 1.3179  acc 0.4528  val_loss 1.2523  val_acc 0.4854
2026-04-08 02:44:02    epoch  23  loss 1.2751  acc 0.4657  val_loss 1.2559  val_acc 0.4854
2026-04-08 02:44:05    epoch  24  loss 1.2450  acc 0.4735  val_loss 1.2588  val_acc 0.4866
2026-04-08 02:44:08    epoch  25  loss 1.2423  acc 0.4859  val_loss 1.2674  val_acc 0.4702
2026-04-08 02:44:11    epoch  26  loss 1.2203  acc 0.4957  val_loss 1.2152  val_acc 0.4854
2026-04-08 02:44:14    epoch  27  loss 1.1995  acc 0.5072  val_loss 1.2497  val_acc 0.4667
2026-04-08 02:44:17    epoch  28  loss 1.1823  acc 0.5130  val_loss 1.2025  val_acc 0.5216
2026-04-08 02:44:19    epoch  29  loss 1.1536  acc 0.5339  val_loss 1.2155  val_acc 0.5018
2026-04-08 02:44:22    epoch  30  loss 1.1519  acc 0.5301  val_loss 1.1853  val_acc 0.5099
2026-04-08 02:44:25    epoch  31  loss 1.1837  acc 0.5077  val_loss 1.2209  val_acc 0.5356
2026-04-08 02:44:28    epoch  32  loss 1.1841  acc 0.5119  val_loss 1.1938  val_acc 0.5181
2026-04-08 02:44:31    epoch  33  loss 1.1516  acc 0.5256  val_loss 1.1786  val_acc 0.5286
2026-04-08 02:44:34    epoch  34  loss 1.1278  acc 0.5471  val_loss 1.1939  val_acc 0.5298
2026-04-08 02:44:37    epoch  35  loss 1.1123  acc 0.5448  val_loss 1.1769  val_acc 0.5403
2026-04-08 02:44:40    epoch  36  loss 1.0942  acc 0.5575  val_loss 1.1493  val_acc 0.5484
2026-04-08 02:44:43    epoch  37  loss 1.1105  acc 0.5550  val_loss 1.1471  val_acc 0.5298
2026-04-08 02:44:46    epoch  38  loss 1.0828  acc 0.5542  val_loss 1.1267  val_acc 0.5694
2026-04-08 02:44:49    epoch  39  loss 1.0796  acc 0.5606  val_loss 1.1488  val_acc 0.5403
2026-04-08 02:44:52    epoch  40  loss 1.0756  acc 0.5641  val_loss 1.2035  val_acc 0.5169
2026-04-08 02:44:55    epoch  41  loss 1.0706  acc 0.5711  val_loss 1.1309  val_acc 0.5461
2026-04-08 02:44:58    epoch  42  loss 1.0440  acc 0.5747  val_loss 1.1127  val_acc 0.5624
2026-04-08 02:45:01    epoch  43  loss 1.0547  acc 0.5646  val_loss 1.1347  val_acc 0.5391
2026-04-08 02:45:04    epoch  44  loss 1.0302  acc 0.5713  val_loss 1.1344  val_acc 0.5589
2026-04-08 02:45:07    epoch  45  loss 1.0238  acc 0.5753  val_loss 1.0952  val_acc 0.5566
2026-04-08 02:45:10    epoch  46  loss 1.0324  acc 0.5778  val_loss 1.0800  val_acc 0.5753
2026-04-08 02:45:13    epoch  47  loss 1.0082  acc 0.5873  val_loss 1.1036  val_acc 0.5659
2026-04-08 02:45:16    epoch  48  loss 1.0051  acc 0.5871  val_loss 1.1210  val_acc 0.5543
2026-04-08 02:45:19    epoch  49  loss 0.9938  acc 0.5939  val_loss 1.1144  val_acc 0.5776
2026-04-08 02:45:22    epoch  50  loss 0.9866  acc 0.6027  val_loss 1.0882  val_acc 0.5764
2026-04-08 02:45:25    epoch  51  loss 0.9610  acc 0.6027  val_loss 1.0608  val_acc 0.5928
2026-04-08 02:45:28    epoch  52  loss 0.9541  acc 0.6115  val_loss 1.1118  val_acc 0.5916
2026-04-08 02:45:31    epoch  53  loss 0.9763  acc 0.6025  val_loss 1.0938  val_acc 0.5823
2026-04-08 02:45:34    epoch  54  loss 0.9682  acc 0.6072  val_loss 1.1197  val_acc 0.5788
2026-04-08 02:45:37    epoch  55  loss 0.9578  acc 0.6138  val_loss 1.0594  val_acc 0.5823
2026-04-08 02:45:40    epoch  56  loss 0.9275  acc 0.6279  val_loss 1.0502  val_acc 0.6126
2026-04-08 02:45:43    epoch  57  loss 0.9149  acc 0.6301  val_loss 1.0694  val_acc 0.5916
2026-04-08 02:45:46    epoch  58  loss 0.9024  acc 0.6338  val_loss 1.0575  val_acc 0.5881
2026-04-08 02:45:49    epoch  59  loss 0.9270  acc 0.6240  val_loss 1.1087  val_acc 0.5729
2026-04-08 02:45:52    epoch  60  loss 0.9393  acc 0.6260  val_loss 1.0536  val_acc 0.5974
2026-04-08 02:45:55    epoch  61  loss 0.8818  acc 0.6476  val_loss 1.0314  val_acc 0.5904
2026-04-08 02:45:58    epoch  62  loss 0.8712  acc 0.6533  val_loss 1.0426  val_acc 0.6044
2026-04-08 02:46:01    epoch  63  loss 0.8698  acc 0.6594  val_loss 1.0106  val_acc 0.6313
2026-04-08 02:46:04    epoch  64  loss 0.8598  acc 0.6632  val_loss 0.9876  val_acc 0.6371
2026-04-08 02:46:07    epoch  65  loss 0.8576  acc 0.6704  val_loss 1.0287  val_acc 0.6056
2026-04-08 02:46:10    epoch  66  loss 0.8328  acc 0.6712  val_loss 0.9938  val_acc 0.6208
2026-04-08 02:46:13    epoch  67  loss 0.8507  acc 0.6708  val_loss 0.9910  val_acc 0.6313
2026-04-08 02:46:16    epoch  68  loss 0.8152  acc 0.6857  val_loss 1.0050  val_acc 0.6289
2026-04-08 02:46:19    epoch  69  loss 0.8169  acc 0.6870  val_loss 0.9908  val_acc 0.6266
2026-04-08 02:46:22    epoch  70  loss 0.7448  acc 0.7128  val_loss 0.9756  val_acc 0.6406
2026-04-08 02:46:25    epoch  71  loss 0.7262  acc 0.7178  val_loss 0.9588  val_acc 0.6499
2026-04-08 02:46:28    epoch  72  loss 0.7021  acc 0.7323  val_loss 0.9821  val_acc 0.6476
2026-04-08 02:46:30    epoch  73  loss 0.6915  acc 0.7343  val_loss 0.9848  val_acc 0.6359
2026-04-08 02:46:33    epoch  74  loss 0.6890  acc 0.7378  val_loss 0.9899  val_acc 0.6558
2026-04-08 02:46:36    epoch  75  loss 0.6798  acc 0.7414  val_loss 0.9618  val_acc 0.6698
2026-04-08 02:46:39    epoch  76  loss 0.6780  acc 0.7439  val_loss 0.9696  val_acc 0.6569
2026-04-08 02:46:42    epoch  77  loss 0.6441  acc 0.7592  val_loss 0.9636  val_acc 0.6686
2026-04-08 02:46:45    epoch  78  loss 0.6217  acc 0.7660  val_loss 0.9657  val_acc 0.6686
2026-04-08 02:46:48    epoch  79  loss 0.6187  acc 0.7658  val_loss 0.9584  val_acc 0.6791
2026-04-08 02:46:51    epoch  80  loss 0.6025  acc 0.7715  val_loss 0.9692  val_acc 0.6686
2026-04-08 02:46:54    epoch  81  loss 0.5966  acc 0.7755  val_loss 0.9589  val_acc 0.6744
2026-04-08 02:46:57    epoch  82  loss 0.5899  acc 0.7773  val_loss 0.9818  val_acc 0.6744
2026-04-08 02:47:00    epoch  83  loss 0.5858  acc 0.7827  val_loss 1.0015  val_acc 0.6674
2026-04-08 02:47:03    epoch  84  loss 0.5795  acc 0.7879  val_loss 1.0370  val_acc 0.6628
2026-04-08 02:47:06    epoch  85  loss 0.5544  acc 0.7934  val_loss 0.9926  val_acc 0.6744
2026-04-08 02:47:09    epoch  86  loss 0.5494  acc 0.7961  val_loss 0.9920  val_acc 0.6721
2026-04-08 02:47:12    epoch  87  loss 0.5438  acc 0.8042  val_loss 1.0017  val_acc 0.6756
2026-04-08 02:47:12    Early stopping at epoch 87
2026-04-08 02:47:12    User7 accuracy: 0.4388
2026-04-08 02:47:13  ────────────────────────────────────────────────────────────
2026-04-08 02:47:13  LOSO fold — held-out: User8 (1014 test windows, 8690 train windows)
2026-04-08 02:47:16    epoch   1  loss 1.9030  acc 0.2497  val_loss 2.0655  val_acc 0.1956
2026-04-08 02:47:19    epoch   2  loss 2.0119  acc 0.2225  val_loss 1.8180  val_acc 0.2394
2026-04-08 02:47:22    epoch   3  loss 1.7756  acc 0.2735  val_loss 1.6638  val_acc 0.2923
2026-04-08 02:47:25    epoch   4  loss 1.6228  acc 0.3264  val_loss 1.5634  val_acc 0.3544
2026-04-08 02:47:28    epoch   5  loss 1.5857  acc 0.3373  val_loss 1.5330  val_acc 0.3441
2026-04-08 02:47:31    epoch   6  loss 1.5594  acc 0.3496  val_loss 1.4964  val_acc 0.3832
2026-04-08 02:47:34    epoch   7  loss 1.5306  acc 0.3635  val_loss 1.4923  val_acc 0.3740
2026-04-08 02:47:37    epoch   8  loss 1.5036  acc 0.3796  val_loss 1.4398  val_acc 0.3843
2026-04-08 02:47:40    epoch   9  loss 1.4696  acc 0.4005  val_loss 1.4161  val_acc 0.3901
2026-04-08 02:47:43    epoch  10  loss 1.4460  acc 0.4007  val_loss 1.4663  val_acc 0.3682
2026-04-08 02:47:46    epoch  11  loss 1.4241  acc 0.3933  val_loss 1.3955  val_acc 0.4177
2026-04-08 02:47:49    epoch  12  loss 1.4007  acc 0.4149  val_loss 1.3513  val_acc 0.4143
2026-04-08 02:47:52    epoch  13  loss 1.3774  acc 0.4196  val_loss 1.3990  val_acc 0.3970
2026-04-08 02:47:55    epoch  14  loss 1.3609  acc 0.4244  val_loss 1.3233  val_acc 0.4350
2026-04-08 02:47:58    epoch  15  loss 1.3413  acc 0.4393  val_loss 1.3279  val_acc 0.4350
2026-04-08 02:48:01    epoch  16  loss 1.3456  acc 0.4428  val_loss 1.2871  val_acc 0.4591
2026-04-08 02:48:04    epoch  17  loss 1.3323  acc 0.4471  val_loss 1.2758  val_acc 0.4764
2026-04-08 02:48:07    epoch  18  loss 1.2903  acc 0.4763  val_loss 1.2771  val_acc 0.4868
2026-04-08 02:48:10    epoch  19  loss 1.2753  acc 0.4834  val_loss 1.2715  val_acc 0.4764
2026-04-08 02:48:13    epoch  20  loss 1.2632  acc 0.4880  val_loss 1.2342  val_acc 0.5029
2026-04-08 02:48:16    epoch  21  loss 1.2371  acc 0.4955  val_loss 1.2395  val_acc 0.4960
2026-04-08 02:48:19    epoch  22  loss 1.2271  acc 0.5045  val_loss 1.2123  val_acc 0.5201
2026-04-08 02:48:22    epoch  23  loss 1.2246  acc 0.5008  val_loss 1.2187  val_acc 0.4925
2026-04-08 02:48:25    epoch  24  loss 1.2019  acc 0.5173  val_loss 1.2313  val_acc 0.4902
2026-04-08 02:48:28    epoch  25  loss 1.1665  acc 0.5295  val_loss 1.1808  val_acc 0.5247
2026-04-08 02:48:31    epoch  26  loss 1.1643  acc 0.5264  val_loss 1.1638  val_acc 0.5316
2026-04-08 02:48:34    epoch  27  loss 1.1546  acc 0.5346  val_loss 1.2000  val_acc 0.5040
2026-04-08 02:48:37    epoch  28  loss 1.1492  acc 0.5338  val_loss 1.1615  val_acc 0.5351
2026-04-08 02:48:40    epoch  29  loss 1.1260  acc 0.5481  val_loss 1.1241  val_acc 0.5708
2026-04-08 02:48:43    epoch  30  loss 1.1077  acc 0.5547  val_loss 1.0972  val_acc 0.5570
2026-04-08 02:48:46    epoch  31  loss 1.0779  acc 0.5660  val_loss 1.1729  val_acc 0.5362
2026-04-08 02:48:49    epoch  32  loss 1.0827  acc 0.5639  val_loss 1.1208  val_acc 0.5673
2026-04-08 02:48:52    epoch  33  loss 1.0611  acc 0.5694  val_loss 1.0964  val_acc 0.5558
2026-04-08 02:48:55    epoch  34  loss 1.0459  acc 0.5795  val_loss 1.0808  val_acc 0.5834
2026-04-08 02:48:58    epoch  35  loss 1.0483  acc 0.5823  val_loss 1.0754  val_acc 0.5639
2026-04-08 02:49:01    epoch  36  loss 1.0089  acc 0.6001  val_loss 1.0438  val_acc 0.5984
2026-04-08 02:49:04    epoch  37  loss 1.0119  acc 0.6008  val_loss 1.0350  val_acc 0.6064
2026-04-08 02:49:07    epoch  38  loss 0.9810  acc 0.6136  val_loss 1.0005  val_acc 0.6110
2026-04-08 02:49:10    epoch  39  loss 0.9649  acc 0.6233  val_loss 1.0554  val_acc 0.6007
2026-04-08 02:49:14    epoch  40  loss 0.9698  acc 0.6236  val_loss 0.9892  val_acc 0.6283
2026-04-08 02:49:17    epoch  41  loss 0.9382  acc 0.6318  val_loss 0.9888  val_acc 0.6421
2026-04-08 02:49:20    epoch  42  loss 0.8994  acc 0.6498  val_loss 0.9539  val_acc 0.6329
2026-04-08 02:49:23    epoch  43  loss 0.9064  acc 0.6484  val_loss 0.9599  val_acc 0.6387
2026-04-08 02:49:26    epoch  44  loss 0.8832  acc 0.6584  val_loss 0.9627  val_acc 0.6582
2026-04-08 02:49:29    epoch  45  loss 0.9004  acc 0.6530  val_loss 0.9381  val_acc 0.6536
2026-04-08 02:49:32    epoch  46  loss 0.8634  acc 0.6722  val_loss 0.9271  val_acc 0.6548
2026-04-08 02:49:35    epoch  47  loss 0.8382  acc 0.6858  val_loss 0.9382  val_acc 0.6559
2026-04-08 02:49:38    epoch  48  loss 0.8397  acc 0.6838  val_loss 0.9667  val_acc 0.6421
2026-04-08 02:49:41    epoch  49  loss 0.8144  acc 0.6899  val_loss 0.9284  val_acc 0.6536
2026-04-08 02:49:44    epoch  50  loss 0.7942  acc 0.7081  val_loss 0.8934  val_acc 0.6686
2026-04-08 02:49:47    epoch  51  loss 0.7782  acc 0.7123  val_loss 0.9201  val_acc 0.6329
2026-04-08 02:49:50    epoch  52  loss 0.7695  acc 0.7150  val_loss 0.8654  val_acc 0.6916
2026-04-08 02:49:53    epoch  53  loss 0.7656  acc 0.7133  val_loss 0.9447  val_acc 0.6329
2026-04-08 02:49:56    epoch  54  loss 0.7410  acc 0.7223  val_loss 0.8977  val_acc 0.6628
2026-04-08 02:49:59    epoch  55  loss 0.7213  acc 0.7380  val_loss 0.9320  val_acc 0.6755
2026-04-08 02:50:02    epoch  56  loss 0.7067  acc 0.7413  val_loss 0.9143  val_acc 0.6594
2026-04-08 02:50:05    epoch  57  loss 0.7068  acc 0.7398  val_loss 0.9158  val_acc 0.6594
2026-04-08 02:50:08    epoch  58  loss 0.6473  acc 0.7654  val_loss 0.8479  val_acc 0.6928
2026-04-08 02:50:11    epoch  59  loss 0.5866  acc 0.7842  val_loss 0.8597  val_acc 0.6904
2026-04-08 02:50:14    epoch  60  loss 0.5701  acc 0.7890  val_loss 0.8146  val_acc 0.6997
2026-04-08 02:50:17    epoch  61  loss 0.5582  acc 0.8000  val_loss 0.8494  val_acc 0.6893
2026-04-08 02:50:20    epoch  62  loss 0.5375  acc 0.8036  val_loss 0.8475  val_acc 0.6881
2026-04-08 02:50:23    epoch  63  loss 0.5214  acc 0.8133  val_loss 0.8435  val_acc 0.7054
2026-04-08 02:50:26    epoch  64  loss 0.5153  acc 0.8137  val_loss 0.8033  val_acc 0.7100
2026-04-08 02:50:29    epoch  65  loss 0.4865  acc 0.8246  val_loss 0.8326  val_acc 0.7261
2026-04-08 02:50:32    epoch  66  loss 0.4837  acc 0.8273  val_loss 0.8334  val_acc 0.7204
2026-04-08 02:50:35    epoch  67  loss 0.4515  acc 0.8398  val_loss 0.8403  val_acc 0.7250
2026-04-08 02:50:38    epoch  68  loss 0.4542  acc 0.8390  val_loss 0.8668  val_acc 0.6985
2026-04-08 02:50:41    epoch  69  loss 0.4466  acc 0.8413  val_loss 0.8526  val_acc 0.7181
2026-04-08 02:50:44    epoch  70  loss 0.3892  acc 0.8666  val_loss 0.8613  val_acc 0.7319
2026-04-08 02:50:47    epoch  71  loss 0.3545  acc 0.8771  val_loss 0.8739  val_acc 0.7261
2026-04-08 02:50:50    epoch  72  loss 0.3443  acc 0.8811  val_loss 0.8987  val_acc 0.7261
2026-04-08 02:50:50    Early stopping at epoch 72
2026-04-08 02:50:50    User8 accuracy: 0.5276
2026-04-08 02:50:51  ────────────────────────────────────────────────────────────
2026-04-08 02:50:51  LOSO fold — held-out: User9 (1121 test windows, 8583 train windows)
2026-04-08 02:50:54    epoch   1  loss 1.9940  acc 0.2254  val_loss 1.8220  val_acc 0.2716
2026-04-08 02:50:57    epoch   2  loss 1.8278  acc 0.2782  val_loss 1.7540  val_acc 0.2821
2026-04-08 02:51:00    epoch   3  loss 1.6570  acc 0.3116  val_loss 1.5795  val_acc 0.3415
2026-04-08 02:51:03    epoch   4  loss 1.6607  acc 0.3175  val_loss 1.6099  val_acc 0.3205
2026-04-08 02:51:06    epoch   5  loss 1.6366  acc 0.3345  val_loss 1.5363  val_acc 0.3730
2026-04-08 02:51:09    epoch   6  loss 1.5932  acc 0.3511  val_loss 1.5019  val_acc 0.3916
2026-04-08 02:51:11    epoch   7  loss 1.5867  acc 0.3446  val_loss 1.4767  val_acc 0.3858
2026-04-08 02:51:14    epoch   8  loss 1.4808  acc 0.3815  val_loss 1.4826  val_acc 0.3916
2026-04-08 02:51:17    epoch   9  loss 1.4996  acc 0.3794  val_loss 1.5466  val_acc 0.3718
2026-04-08 02:51:20    epoch  10  loss 1.4529  acc 0.3975  val_loss 1.4028  val_acc 0.4394
2026-04-08 02:51:23    epoch  11  loss 1.4347  acc 0.3944  val_loss 1.3796  val_acc 0.4545
2026-04-08 02:51:26    epoch  12  loss 1.3795  acc 0.4236  val_loss 1.3870  val_acc 0.4301
2026-04-08 02:51:29    epoch  13  loss 1.3682  acc 0.4337  val_loss 1.3630  val_acc 0.4347
2026-04-08 02:51:32    epoch  14  loss 1.3659  acc 0.4261  val_loss 1.3515  val_acc 0.4336
2026-04-08 02:51:35    epoch  15  loss 1.3813  acc 0.4181  val_loss 1.3494  val_acc 0.4242
2026-04-08 02:51:38    epoch  16  loss 1.3705  acc 0.4299  val_loss 1.3636  val_acc 0.4487
2026-04-08 02:51:41    epoch  17  loss 1.3495  acc 0.4278  val_loss 1.3155  val_acc 0.4441
2026-04-08 02:51:44    epoch  18  loss 1.3223  acc 0.4482  val_loss 1.3129  val_acc 0.4487
2026-04-08 02:51:47    epoch  19  loss 1.3111  acc 0.4540  val_loss 1.3577  val_acc 0.4499
2026-04-08 02:51:50    epoch  20  loss 1.3482  acc 0.4372  val_loss 1.3555  val_acc 0.4545
2026-04-08 02:51:53    epoch  21  loss 1.3049  acc 0.4500  val_loss 1.2843  val_acc 0.4732
2026-04-08 02:51:56    epoch  22  loss 1.2941  acc 0.4545  val_loss 1.3213  val_acc 0.4709
2026-04-08 02:51:59    epoch  23  loss 1.3195  acc 0.4487  val_loss 1.2872  val_acc 0.4895
2026-04-08 02:52:02    epoch  24  loss 1.3102  acc 0.4514  val_loss 1.3565  val_acc 0.4522
2026-04-08 02:52:05    epoch  25  loss 1.2949  acc 0.4620  val_loss 1.2807  val_acc 0.4872
2026-04-08 02:52:08    epoch  26  loss 1.2631  acc 0.4700  val_loss 1.3045  val_acc 0.4697
2026-04-08 02:52:11    epoch  27  loss 1.2569  acc 0.4711  val_loss 1.2483  val_acc 0.5058
2026-04-08 02:52:14    epoch  28  loss 1.2372  acc 0.4816  val_loss 1.2501  val_acc 0.4825
2026-04-08 02:52:17    epoch  29  loss 1.2208  acc 0.4784  val_loss 1.2276  val_acc 0.4883
2026-04-08 02:52:20    epoch  30  loss 1.2340  acc 0.4889  val_loss 1.2472  val_acc 0.4883
2026-04-08 02:52:23    epoch  31  loss 1.2022  acc 0.4888  val_loss 1.2045  val_acc 0.5012
2026-04-08 02:52:26    epoch  32  loss 1.1886  acc 0.5042  val_loss 1.2038  val_acc 0.5256
2026-04-08 02:52:29    epoch  33  loss 1.1818  acc 0.5023  val_loss 1.2077  val_acc 0.5035
2026-04-08 02:52:32    epoch  34  loss 1.1541  acc 0.5241  val_loss 1.1847  val_acc 0.5186
2026-04-08 02:52:35    epoch  35  loss 1.1404  acc 0.5288  val_loss 1.1891  val_acc 0.5408
2026-04-08 02:52:38    epoch  36  loss 1.1379  acc 0.5257  val_loss 1.1725  val_acc 0.5268
2026-04-08 02:52:41    epoch  37  loss 1.1239  acc 0.5392  val_loss 1.1781  val_acc 0.5186
2026-04-08 02:52:44    epoch  38  loss 1.1181  acc 0.5372  val_loss 1.1974  val_acc 0.5361
2026-04-08 02:52:47    epoch  39  loss 1.1143  acc 0.5379  val_loss 1.1450  val_acc 0.5350
2026-04-08 02:52:50    epoch  40  loss 1.0890  acc 0.5526  val_loss 1.1656  val_acc 0.5303
2026-04-08 02:52:53    epoch  41  loss 1.0808  acc 0.5551  val_loss 1.1576  val_acc 0.5385
2026-04-08 02:52:56    epoch  42  loss 1.0752  acc 0.5627  val_loss 1.1501  val_acc 0.5501
2026-04-08 02:52:59    epoch  43  loss 1.0657  acc 0.5653  val_loss 1.1240  val_acc 0.5594
2026-04-08 02:53:02    epoch  44  loss 1.0503  acc 0.5701  val_loss 1.0981  val_acc 0.5688
2026-04-08 02:53:05    epoch  45  loss 1.0416  acc 0.5767  val_loss 1.1186  val_acc 0.5758
2026-04-08 02:53:08    epoch  46  loss 1.0411  acc 0.5854  val_loss 1.0911  val_acc 0.5839
2026-04-08 02:53:11    epoch  47  loss 1.0584  acc 0.5723  val_loss 1.0993  val_acc 0.5594
2026-04-08 02:53:14    epoch  48  loss 1.0188  acc 0.6000  val_loss 1.0768  val_acc 0.5944
2026-04-08 02:53:17    epoch  49  loss 0.9962  acc 0.6087  val_loss 1.1336  val_acc 0.5688
2026-04-08 02:53:19    epoch  50  loss 0.9873  acc 0.6084  val_loss 1.0732  val_acc 0.5699
2026-04-08 02:53:22    epoch  51  loss 0.9665  acc 0.6198  val_loss 1.0807  val_acc 0.5886
2026-04-08 02:53:25    epoch  52  loss 0.9584  acc 0.6175  val_loss 1.0493  val_acc 0.5909
2026-04-08 02:53:28    epoch  53  loss 0.9318  acc 0.6361  val_loss 1.0169  val_acc 0.6247
2026-04-08 02:53:31    epoch  54  loss 0.9219  acc 0.6416  val_loss 1.0480  val_acc 0.6317
2026-04-08 02:53:34    epoch  55  loss 0.9148  acc 0.6431  val_loss 1.0120  val_acc 0.6387
2026-04-08 02:53:37    epoch  56  loss 0.8676  acc 0.6624  val_loss 0.9978  val_acc 0.6364
2026-04-08 02:53:40    epoch  57  loss 0.8603  acc 0.6703  val_loss 0.9779  val_acc 0.6480
2026-04-08 02:53:43    epoch  58  loss 0.8606  acc 0.6695  val_loss 1.0064  val_acc 0.5991
2026-04-08 02:53:46    epoch  59  loss 0.8350  acc 0.6812  val_loss 0.9757  val_acc 0.6480
2026-04-08 02:53:49    epoch  60  loss 0.8454  acc 0.6747  val_loss 0.9435  val_acc 0.6515
2026-04-08 02:53:52    epoch  61  loss 0.8070  acc 0.6942  val_loss 0.9785  val_acc 0.6422
2026-04-08 02:53:55    epoch  62  loss 0.7830  acc 0.7047  val_loss 0.9793  val_acc 0.6270
2026-04-08 02:53:58    epoch  63  loss 0.7834  acc 0.7016  val_loss 0.9397  val_acc 0.6480
2026-04-08 02:54:01    epoch  64  loss 0.7726  acc 0.7087  val_loss 0.9393  val_acc 0.6608
2026-04-08 02:54:04    epoch  65  loss 0.8893  acc 0.6660  val_loss 1.0050  val_acc 0.6305
2026-04-08 02:54:07    epoch  66  loss 0.8582  acc 0.6753  val_loss 0.9727  val_acc 0.6434
2026-04-08 02:54:10    epoch  67  loss 0.7840  acc 0.7086  val_loss 0.9428  val_acc 0.6538
2026-04-08 02:54:13    epoch  68  loss 0.7487  acc 0.7162  val_loss 0.9408  val_acc 0.6515
2026-04-08 02:54:16    epoch  69  loss 0.7469  acc 0.7232  val_loss 0.9272  val_acc 0.6492
2026-04-08 02:54:19    epoch  70  loss 0.7167  acc 0.7393  val_loss 0.9753  val_acc 0.6620
2026-04-08 02:54:22    epoch  71  loss 0.6976  acc 0.7451  val_loss 0.9257  val_acc 0.6678
2026-04-08 02:54:25    epoch  72  loss 0.6788  acc 0.7460  val_loss 0.8986  val_acc 0.6841
2026-04-08 02:54:28    epoch  73  loss 0.6629  acc 0.7569  val_loss 0.9693  val_acc 0.6643
2026-04-08 02:54:31    epoch  74  loss 0.6481  acc 0.7648  val_loss 0.9294  val_acc 0.6830
2026-04-08 02:54:34    epoch  75  loss 0.6328  acc 0.7706  val_loss 0.9745  val_acc 0.6597
2026-04-08 02:54:37    epoch  76  loss 0.6347  acc 0.7705  val_loss 0.9581  val_acc 0.6515
2026-04-08 02:54:40    epoch  77  loss 0.6266  acc 0.7739  val_loss 0.9518  val_acc 0.6760
2026-04-08 02:54:43    epoch  78  loss 0.5503  acc 0.8054  val_loss 0.9563  val_acc 0.6865
2026-04-08 02:54:46    epoch  79  loss 0.5132  acc 0.8175  val_loss 0.9268  val_acc 0.6923
2026-04-08 02:54:49    epoch  80  loss 0.4906  acc 0.8265  val_loss 0.9790  val_acc 0.6923
2026-04-08 02:54:49    Early stopping at epoch 80
2026-04-08 02:54:49    User9 accuracy: 0.6209
2026-04-08 02:54:49  ────────────────────────────────────────────────────────────
2026-04-08 02:54:49  LOSO fold — held-out: User10 (1115 test windows, 8589 train windows)
2026-04-08 02:54:52    epoch   1  loss 1.8870  acc 0.2517  val_loss 1.6272  val_acc 0.3345
2026-04-08 02:54:55    epoch   2  loss 1.8106  acc 0.2679  val_loss 1.6553  val_acc 0.3403
2026-04-08 02:54:58    epoch   3  loss 1.6424  acc 0.3267  val_loss 1.5451  val_acc 0.3636
2026-04-08 02:55:01    epoch   4  loss 1.6136  acc 0.3292  val_loss 1.4745  val_acc 0.3974
2026-04-08 02:55:04    epoch   5  loss 1.5718  acc 0.3381  val_loss 1.4730  val_acc 0.3800
2026-04-08 02:55:07    epoch   6  loss 1.5807  acc 0.3614  val_loss 1.6551  val_acc 0.3287
2026-04-08 02:55:10    epoch   7  loss 1.5775  acc 0.3548  val_loss 1.4573  val_acc 0.3974
2026-04-08 02:55:13    epoch   8  loss 1.5264  acc 0.3729  val_loss 1.4268  val_acc 0.3974
2026-04-08 02:55:16    epoch   9  loss 1.5145  acc 0.3720  val_loss 1.3945  val_acc 0.4091
2026-04-08 02:55:19    epoch  10  loss 1.4866  acc 0.3837  val_loss 1.3765  val_acc 0.4347
2026-04-08 02:55:22    epoch  11  loss 1.4527  acc 0.4018  val_loss 1.3598  val_acc 0.4289
2026-04-08 02:55:25    epoch  12  loss 1.4395  acc 0.3983  val_loss 1.3557  val_acc 0.4266
2026-04-08 02:55:28    epoch  13  loss 1.5709  acc 0.3679  val_loss 1.4349  val_acc 0.3753
2026-04-08 02:55:31    epoch  14  loss 1.4725  acc 0.3927  val_loss 1.3669  val_acc 0.4312
2026-04-08 02:55:34    epoch  15  loss 1.4311  acc 0.4084  val_loss 1.3192  val_acc 0.4522
2026-04-08 02:55:37    epoch  16  loss 1.4710  acc 0.3984  val_loss 1.3156  val_acc 0.4277
2026-04-08 02:55:40    epoch  17  loss 1.4080  acc 0.4175  val_loss 1.3360  val_acc 0.4289
2026-04-08 02:55:43    epoch  18  loss 1.4532  acc 0.3965  val_loss 1.3374  val_acc 0.4371
2026-04-08 02:55:46    epoch  19  loss 1.3842  acc 0.4249  val_loss 1.2945  val_acc 0.4452
2026-04-08 02:55:49    epoch  20  loss 1.3579  acc 0.4359  val_loss 1.2799  val_acc 0.4557
2026-04-08 02:55:52    epoch  21  loss 1.3403  acc 0.4486  val_loss 1.2880  val_acc 0.4592
2026-04-08 02:55:55    epoch  22  loss 1.3256  acc 0.4485  val_loss 1.2662  val_acc 0.4744
2026-04-08 02:55:58    epoch  23  loss 1.3299  acc 0.4360  val_loss 1.2583  val_acc 0.4779
2026-04-08 02:56:01    epoch  24  loss 1.3445  acc 0.4408  val_loss 1.3082  val_acc 0.4266
2026-04-08 02:56:04    epoch  25  loss 1.3293  acc 0.4479  val_loss 1.2216  val_acc 0.4837
2026-04-08 02:56:07    epoch  26  loss 1.3176  acc 0.4517  val_loss 1.2771  val_acc 0.4709
2026-04-08 02:56:10    epoch  27  loss 1.3551  acc 0.4468  val_loss 1.2577  val_acc 0.4767
2026-04-08 02:56:13    epoch  28  loss 1.3139  acc 0.4565  val_loss 1.2868  val_acc 0.4872
2026-04-08 02:56:16    epoch  29  loss 1.2780  acc 0.4681  val_loss 1.2411  val_acc 0.4697
2026-04-08 02:56:19    epoch  30  loss 1.2659  acc 0.4783  val_loss 1.2592  val_acc 0.4779
2026-04-08 02:56:22    epoch  31  loss 1.2372  acc 0.4770  val_loss 1.1710  val_acc 0.5047
2026-04-08 02:56:25    epoch  32  loss 1.2002  acc 0.4962  val_loss 1.1699  val_acc 0.5093
2026-04-08 02:56:28    epoch  33  loss 1.2024  acc 0.4933  val_loss 1.1648  val_acc 0.5082
2026-04-08 02:56:31    epoch  34  loss 1.1886  acc 0.5003  val_loss 1.1453  val_acc 0.5198
2026-04-08 02:56:34    epoch  35  loss 1.1649  acc 0.5082  val_loss 1.1380  val_acc 0.5280
2026-04-08 02:56:37    epoch  36  loss 1.1524  acc 0.5200  val_loss 1.1385  val_acc 0.5221
2026-04-08 02:56:40    epoch  37  loss 1.1282  acc 0.5249  val_loss 1.1371  val_acc 0.5338
2026-04-08 02:56:43    epoch  38  loss 1.1275  acc 0.5315  val_loss 1.1325  val_acc 0.5443
2026-04-08 02:56:46    epoch  39  loss 1.1144  acc 0.5430  val_loss 1.1597  val_acc 0.5175
2026-04-08 02:56:49    epoch  40  loss 1.1167  acc 0.5391  val_loss 1.1025  val_acc 0.5513
2026-04-08 02:56:52    epoch  41  loss 1.0915  acc 0.5449  val_loss 1.1113  val_acc 0.5431
2026-04-08 02:56:55    epoch  42  loss 1.0881  acc 0.5544  val_loss 1.0758  val_acc 0.5758
2026-04-08 02:56:58    epoch  43  loss 1.0768  acc 0.5568  val_loss 1.1628  val_acc 0.5221
2026-04-08 02:57:01    epoch  44  loss 1.0572  acc 0.5645  val_loss 1.0904  val_acc 0.5559
2026-04-08 02:57:04    epoch  45  loss 1.0416  acc 0.5681  val_loss 1.0480  val_acc 0.5641
2026-04-08 02:57:07    epoch  46  loss 1.0226  acc 0.5774  val_loss 1.0333  val_acc 0.5804
2026-04-08 02:57:10    epoch  47  loss 1.0123  acc 0.5860  val_loss 1.0150  val_acc 0.5921
2026-04-08 02:57:13    epoch  48  loss 1.0065  acc 0.5849  val_loss 1.0192  val_acc 0.5886
2026-04-08 02:57:15    epoch  49  loss 0.9783  acc 0.5993  val_loss 1.0648  val_acc 0.5420
2026-04-08 02:57:18    epoch  50  loss 0.9684  acc 0.5964  val_loss 1.0168  val_acc 0.5816
2026-04-08 02:57:21    epoch  51  loss 0.9724  acc 0.5975  val_loss 1.0483  val_acc 0.5769
2026-04-08 02:57:24    epoch  52  loss 0.9526  acc 0.6074  val_loss 0.9708  val_acc 0.6212
2026-04-08 02:57:27    epoch  53  loss 0.9505  acc 0.6095  val_loss 1.0193  val_acc 0.5699
2026-04-08 02:57:30    epoch  54  loss 0.9259  acc 0.6214  val_loss 0.9725  val_acc 0.5967
2026-04-08 02:57:33    epoch  55  loss 0.9352  acc 0.6144  val_loss 0.9513  val_acc 0.6410
2026-04-08 02:57:36    epoch  56  loss 0.9157  acc 0.6275  val_loss 0.9721  val_acc 0.6154
2026-04-08 02:57:39    epoch  57  loss 0.8953  acc 0.6299  val_loss 0.9531  val_acc 0.6259
2026-04-08 02:57:42    epoch  58  loss 0.8765  acc 0.6458  val_loss 1.1195  val_acc 0.5513
2026-04-08 02:57:45    epoch  59  loss 0.8804  acc 0.6430  val_loss 0.9507  val_acc 0.6166
2026-04-08 02:57:48    epoch  60  loss 0.8730  acc 0.6425  val_loss 1.0065  val_acc 0.5932
2026-04-08 02:57:51    epoch  61  loss 0.8519  acc 0.6484  val_loss 0.9082  val_acc 0.6503
2026-04-08 02:57:54    epoch  62  loss 0.8594  acc 0.6510  val_loss 0.9448  val_acc 0.6189
2026-04-08 02:57:57    epoch  63  loss 0.8264  acc 0.6625  val_loss 0.9545  val_acc 0.6317
2026-04-08 02:58:00    epoch  64  loss 0.8443  acc 0.6568  val_loss 0.9522  val_acc 0.6317
2026-04-08 02:58:03    epoch  65  loss 0.8477  acc 0.6583  val_loss 0.9217  val_acc 0.6562
2026-04-08 02:58:06    epoch  66  loss 0.8132  acc 0.6718  val_loss 0.9048  val_acc 0.6655
2026-04-08 02:58:09    epoch  67  loss 0.7983  acc 0.6757  val_loss 0.9639  val_acc 0.6492
2026-04-08 02:58:12    epoch  68  loss 0.7898  acc 0.6822  val_loss 0.9256  val_acc 0.6562
2026-04-08 02:58:15    epoch  69  loss 0.7911  acc 0.6831  val_loss 0.9219  val_acc 0.6480
2026-04-08 02:58:18    epoch  70  loss 0.7768  acc 0.6896  val_loss 0.9272  val_acc 0.6667
2026-04-08 02:58:21    epoch  71  loss 0.7732  acc 0.6887  val_loss 0.9224  val_acc 0.6620
2026-04-08 02:58:24    epoch  72  loss 0.7204  acc 0.7125  val_loss 0.9109  val_acc 0.6725
2026-04-08 02:58:27    epoch  73  loss 0.6931  acc 0.7153  val_loss 0.9295  val_acc 0.6573
2026-04-08 02:58:30    epoch  74  loss 0.6663  acc 0.7300  val_loss 0.9140  val_acc 0.6702
2026-04-08 02:58:30    Early stopping at epoch 74
2026-04-08 02:58:30    User10 accuracy: 0.4897
2026-04-08 02:58:30  ────────────────────────────────────────────────────────────
2026-04-08 02:58:30  LOSO fold — held-out: User11 (1175 test windows, 8529 train windows)
2026-04-08 02:58:33    epoch   1  loss 2.0328  acc 0.2173  val_loss 1.8412  val_acc 0.2770
2026-04-08 02:58:36    epoch   2  loss 1.7839  acc 0.2898  val_loss 1.6421  val_acc 0.3181
2026-04-08 02:58:39    epoch   3  loss 1.6658  acc 0.3212  val_loss 1.5569  val_acc 0.3298
2026-04-08 02:58:42    epoch   4  loss 1.5848  acc 0.3464  val_loss 1.4988  val_acc 0.3709
2026-04-08 02:58:45    epoch   5  loss 1.5298  acc 0.3664  val_loss 1.5323  val_acc 0.3286
2026-04-08 02:58:48    epoch   6  loss 1.5576  acc 0.3529  val_loss 1.5417  val_acc 0.3592
2026-04-08 02:58:51    epoch   7  loss 1.4863  acc 0.3793  val_loss 1.4746  val_acc 0.3932
2026-04-08 02:58:54    epoch   8  loss 1.4640  acc 0.3914  val_loss 1.4791  val_acc 0.3638
2026-04-08 02:58:57    epoch   9  loss 1.4383  acc 0.4072  val_loss 1.3699  val_acc 0.4202
2026-04-08 02:59:00    epoch  10  loss 1.3820  acc 0.4226  val_loss 1.3729  val_acc 0.4155
2026-04-08 02:59:03    epoch  11  loss 1.3746  acc 0.4342  val_loss 1.3349  val_acc 0.4014
2026-04-08 02:59:06    epoch  12  loss 1.3628  acc 0.4434  val_loss 1.3596  val_acc 0.4284
2026-04-08 02:59:09    epoch  13  loss 1.3549  acc 0.4388  val_loss 1.3120  val_acc 0.4660
2026-04-08 02:59:12    epoch  14  loss 1.3459  acc 0.4438  val_loss 1.2978  val_acc 0.4636
2026-04-08 02:59:15    epoch  15  loss 1.3464  acc 0.4371  val_loss 1.2948  val_acc 0.4648
2026-04-08 02:59:18    epoch  16  loss 1.3213  acc 0.4584  val_loss 1.2523  val_acc 0.4495
2026-04-08 02:59:21    epoch  17  loss 1.2951  acc 0.4652  val_loss 1.2558  val_acc 0.4730
2026-04-08 02:59:23    epoch  18  loss 1.3052  acc 0.4585  val_loss 1.2426  val_acc 0.4800
2026-04-08 02:59:26    epoch  19  loss 1.2739  acc 0.4779  val_loss 1.2184  val_acc 0.4965
2026-04-08 02:59:29    epoch  20  loss 1.2594  acc 0.4919  val_loss 1.2099  val_acc 0.4918
2026-04-08 02:59:32    epoch  21  loss 1.2598  acc 0.4813  val_loss 1.1897  val_acc 0.5059
2026-04-08 02:59:35    epoch  22  loss 1.2262  acc 0.5067  val_loss 1.1890  val_acc 0.5129
2026-04-08 02:59:38    epoch  23  loss 1.2255  acc 0.5019  val_loss 1.2764  val_acc 0.4918
2026-04-08 02:59:41    epoch  24  loss 1.2339  acc 0.5021  val_loss 1.1758  val_acc 0.5035
2026-04-08 02:59:44    epoch  25  loss 1.2053  acc 0.5118  val_loss 1.1505  val_acc 0.5282
2026-04-08 02:59:47    epoch  26  loss 1.2021  acc 0.5131  val_loss 1.1247  val_acc 0.5329
2026-04-08 02:59:50    epoch  27  loss 1.2006  acc 0.5132  val_loss 1.1318  val_acc 0.5246
2026-04-08 02:59:53    epoch  28  loss 1.1852  acc 0.5219  val_loss 1.1305  val_acc 0.5376
2026-04-08 02:59:56    epoch  29  loss 1.1629  acc 0.5285  val_loss 1.1234  val_acc 0.5411
2026-04-08 02:59:59    epoch  30  loss 1.1692  acc 0.5247  val_loss 1.1482  val_acc 0.5153
2026-04-08 03:00:02    epoch  31  loss 1.1549  acc 0.5347  val_loss 1.1299  val_acc 0.5434
2026-04-08 03:00:05    epoch  32  loss 1.1674  acc 0.5294  val_loss 1.1658  val_acc 0.5317
2026-04-08 03:00:08    epoch  33  loss 1.1468  acc 0.5411  val_loss 1.1052  val_acc 0.5540
2026-04-08 03:00:11    epoch  34  loss 1.1710  acc 0.5266  val_loss 1.1314  val_acc 0.5317
2026-04-08 03:00:14    epoch  35  loss 1.1372  acc 0.5417  val_loss 1.0689  val_acc 0.5599
2026-04-08 03:00:17    epoch  36  loss 1.1035  acc 0.5614  val_loss 1.0700  val_acc 0.5669
2026-04-08 03:00:20    epoch  37  loss 1.1043  acc 0.5561  val_loss 1.0974  val_acc 0.5528
2026-04-08 03:00:23    epoch  38  loss 1.0904  acc 0.5639  val_loss 1.0687  val_acc 0.5563
2026-04-08 03:00:26    epoch  39  loss 1.0820  acc 0.5698  val_loss 1.0500  val_acc 0.5622
2026-04-08 03:00:29    epoch  40  loss 1.0605  acc 0.5738  val_loss 1.0602  val_acc 0.5786
2026-04-08 03:00:32    epoch  41  loss 1.0624  acc 0.5707  val_loss 1.0813  val_acc 0.5681
2026-04-08 03:00:35    epoch  42  loss 1.0457  acc 0.5890  val_loss 1.0307  val_acc 0.5962
2026-04-08 03:00:38    epoch  43  loss 1.0225  acc 0.5881  val_loss 0.9982  val_acc 0.5857
2026-04-08 03:00:41    epoch  44  loss 1.0019  acc 0.5975  val_loss 0.9929  val_acc 0.5962
2026-04-08 03:00:44    epoch  45  loss 1.0115  acc 0.5940  val_loss 1.0521  val_acc 0.5833
2026-04-08 03:00:47    epoch  46  loss 1.0254  acc 0.5901  val_loss 1.0481  val_acc 0.5716
2026-04-08 03:00:50    epoch  47  loss 0.9896  acc 0.6043  val_loss 1.0218  val_acc 0.5892
2026-04-08 03:00:53    epoch  48  loss 0.9856  acc 0.6054  val_loss 0.9771  val_acc 0.5915
2026-04-08 03:00:56    epoch  49  loss 0.9830  acc 0.6131  val_loss 1.0006  val_acc 0.5927
2026-04-08 03:00:59    epoch  50  loss 1.0639  acc 0.5794  val_loss 1.0944  val_acc 0.5516
2026-04-08 03:01:02    epoch  51  loss 1.0492  acc 0.5836  val_loss 1.0254  val_acc 0.5974
2026-04-08 03:01:05    epoch  52  loss 0.9980  acc 0.6077  val_loss 0.9604  val_acc 0.6045
2026-04-08 03:01:08    epoch  53  loss 0.9589  acc 0.6284  val_loss 0.9737  val_acc 0.6279
2026-04-08 03:01:10    epoch  54  loss 0.9548  acc 0.6260  val_loss 0.9526  val_acc 0.6221
2026-04-08 03:01:13    epoch  55  loss 0.9650  acc 0.6289  val_loss 0.9308  val_acc 0.6408
2026-04-08 03:01:16    epoch  56  loss 0.9384  acc 0.6325  val_loss 0.9812  val_acc 0.6092
2026-04-08 03:01:19    epoch  57  loss 0.9323  acc 0.6368  val_loss 0.9458  val_acc 0.6197
2026-04-08 03:01:22    epoch  58  loss 0.9200  acc 0.6487  val_loss 0.9680  val_acc 0.6326
2026-04-08 03:01:25    epoch  59  loss 0.9013  acc 0.6532  val_loss 0.8901  val_acc 0.6479
2026-04-08 03:01:28    epoch  60  loss 0.8825  acc 0.6611  val_loss 0.8642  val_acc 0.6596
2026-04-08 03:01:31    epoch  61  loss 0.8825  acc 0.6708  val_loss 0.8748  val_acc 0.6561
2026-04-08 03:01:34    epoch  62  loss 0.8647  acc 0.6730  val_loss 0.8613  val_acc 0.6620
2026-04-08 03:01:37    epoch  63  loss 0.8453  acc 0.6942  val_loss 0.8592  val_acc 0.6725
2026-04-08 03:01:40    epoch  64  loss 0.8307  acc 0.6984  val_loss 0.8498  val_acc 0.6761
2026-04-08 03:01:43    epoch  65  loss 0.8233  acc 0.6949  val_loss 0.8649  val_acc 0.6690
2026-04-08 03:01:46    epoch  66  loss 0.8005  acc 0.7106  val_loss 0.8918  val_acc 0.6596
2026-04-08 03:01:49    epoch  67  loss 0.8243  acc 0.7037  val_loss 0.7829  val_acc 0.7066
2026-04-08 03:01:52    epoch  68  loss 0.7866  acc 0.7163  val_loss 0.8145  val_acc 0.6937
2026-04-08 03:01:55    epoch  69  loss 0.7550  acc 0.7313  val_loss 0.8013  val_acc 0.7089
2026-04-08 03:01:58    epoch  70  loss 0.7689  acc 0.7219  val_loss 0.7910  val_acc 0.7183
2026-04-08 03:02:01    epoch  71  loss 0.7376  acc 0.7354  val_loss 0.8541  val_acc 0.6749
2026-04-08 03:02:04    epoch  72  loss 0.7576  acc 0.7287  val_loss 0.8159  val_acc 0.6995
2026-04-08 03:02:07    epoch  73  loss 0.6759  acc 0.7610  val_loss 0.7380  val_acc 0.7254
2026-04-08 03:02:10    epoch  74  loss 0.6332  acc 0.7817  val_loss 0.7805  val_acc 0.7077
2026-04-08 03:02:13    epoch  75  loss 0.6132  acc 0.7885  val_loss 0.7288  val_acc 0.7430
2026-04-08 03:02:16    epoch  76  loss 0.6039  acc 0.7913  val_loss 0.7413  val_acc 0.7406
2026-04-08 03:02:19    epoch  77  loss 0.6325  acc 0.7792  val_loss 0.7572  val_acc 0.7148
2026-04-08 03:02:22    epoch  78  loss 0.5820  acc 0.7981  val_loss 0.7148  val_acc 0.7488
2026-04-08 03:02:25    epoch  79  loss 0.5582  acc 0.8046  val_loss 0.7317  val_acc 0.7535
2026-04-08 03:02:28    epoch  80  loss 0.5621  acc 0.8063  val_loss 0.7426  val_acc 0.7430
2026-04-08 03:02:31    epoch  81  loss 0.5562  acc 0.8077  val_loss 0.7389  val_acc 0.7500
2026-04-08 03:02:34    epoch  82  loss 0.5408  acc 0.8145  val_loss 0.7518  val_acc 0.7453
2026-04-08 03:02:37    epoch  83  loss 0.5306  acc 0.8193  val_loss 0.7310  val_acc 0.7300
2026-04-08 03:02:40    epoch  84  loss 0.4864  acc 0.8346  val_loss 0.7230  val_acc 0.7453
2026-04-08 03:02:43    epoch  85  loss 0.4678  acc 0.8436  val_loss 0.7353  val_acc 0.7559
2026-04-08 03:02:45    epoch  86  loss 0.4596  acc 0.8464  val_loss 0.7346  val_acc 0.7477
2026-04-08 03:02:45    Early stopping at epoch 86
2026-04-08 03:02:46    User11 accuracy: 0.4655
2026-04-08 03:02:46  ────────────────────────────────────────────────────────────
2026-04-08 03:02:46  LOSO fold — held-out: User12 (975 test windows, 8729 train windows)
2026-04-08 03:02:49    epoch   1  loss 1.9603  acc 0.2367  val_loss 1.6440  val_acc 0.3555
2026-04-08 03:02:52    epoch   2  loss 1.7983  acc 0.2800  val_loss 1.5064  val_acc 0.3945
2026-04-08 03:02:55    epoch   3  loss 1.6753  acc 0.3083  val_loss 1.5027  val_acc 0.3739
2026-04-08 03:02:58    epoch   4  loss 1.5924  acc 0.3309  val_loss 1.4477  val_acc 0.4037
2026-04-08 03:03:01    epoch   5  loss 1.5989  acc 0.3346  val_loss 1.4132  val_acc 0.4014
2026-04-08 03:03:05    epoch   6  loss 1.5045  acc 0.3663  val_loss 1.3789  val_acc 0.4461
2026-04-08 03:03:08    epoch   7  loss 1.4598  acc 0.3884  val_loss 1.3121  val_acc 0.4587
2026-04-08 03:03:11    epoch   8  loss 1.4560  acc 0.3951  val_loss 1.3825  val_acc 0.4323
2026-04-08 03:03:14    epoch   9  loss 1.4267  acc 0.4092  val_loss 1.2756  val_acc 0.4885
2026-04-08 03:03:17    epoch  10  loss 1.4021  acc 0.4129  val_loss 1.4738  val_acc 0.3842
2026-04-08 03:03:20    epoch  11  loss 1.4232  acc 0.4108  val_loss 1.3069  val_acc 0.4702
2026-04-08 03:03:23    epoch  12  loss 1.3560  acc 0.4447  val_loss 1.2555  val_acc 0.4931
2026-04-08 03:03:26    epoch  13  loss 1.3212  acc 0.4667  val_loss 1.2078  val_acc 0.5183
2026-04-08 03:03:29    epoch  14  loss 1.3172  acc 0.4663  val_loss 1.2515  val_acc 0.4851
2026-04-08 03:03:32    epoch  15  loss 1.3135  acc 0.4607  val_loss 1.2221  val_acc 0.5057
2026-04-08 03:03:35    epoch  16  loss 1.3103  acc 0.4620  val_loss 1.1862  val_acc 0.5206
2026-04-08 03:03:38    epoch  17  loss 1.2562  acc 0.4850  val_loss 1.2322  val_acc 0.5275
2026-04-08 03:03:41    epoch  18  loss 1.2545  acc 0.4884  val_loss 1.1916  val_acc 0.5378
2026-04-08 03:03:44    epoch  19  loss 1.2275  acc 0.5010  val_loss 1.1612  val_acc 0.5413
2026-04-08 03:03:47    epoch  20  loss 1.2059  acc 0.5144  val_loss 1.1455  val_acc 0.5287
2026-04-08 03:03:50    epoch  21  loss 1.2004  acc 0.5097  val_loss 1.1719  val_acc 0.5287
2026-04-08 03:03:53    epoch  22  loss 1.1853  acc 0.5152  val_loss 1.1160  val_acc 0.5573
2026-04-08 03:03:56    epoch  23  loss 1.2092  acc 0.5076  val_loss 1.1604  val_acc 0.5401
2026-04-08 03:03:59    epoch  24  loss 1.1712  acc 0.5254  val_loss 1.1503  val_acc 0.5229
2026-04-08 03:04:02    epoch  25  loss 1.1634  acc 0.5230  val_loss 1.1379  val_acc 0.5505
2026-04-08 03:04:05    epoch  26  loss 1.1361  acc 0.5398  val_loss 1.1348  val_acc 0.5447
2026-04-08 03:04:08    epoch  27  loss 1.1372  acc 0.5455  val_loss 1.1008  val_acc 0.5654
2026-04-08 03:04:12    epoch  28  loss 1.1291  acc 0.5452  val_loss 1.0972  val_acc 0.5550
2026-04-08 03:04:15    epoch  29  loss 1.1124  acc 0.5482  val_loss 1.0905  val_acc 0.5562
2026-04-08 03:04:18    epoch  30  loss 1.1115  acc 0.5470  val_loss 1.1002  val_acc 0.5550
2026-04-08 03:04:21    epoch  31  loss 1.1288  acc 0.5371  val_loss 1.0733  val_acc 0.5470
2026-04-08 03:04:24    epoch  32  loss 1.0733  acc 0.5536  val_loss 1.0620  val_acc 0.5665
2026-04-08 03:04:27    epoch  33  loss 1.0570  acc 0.5628  val_loss 1.0663  val_acc 0.5688
2026-04-08 03:04:30    epoch  34  loss 1.0655  acc 0.5645  val_loss 1.0319  val_acc 0.5493
2026-04-08 03:04:33    epoch  35  loss 1.0445  acc 0.5716  val_loss 1.0326  val_acc 0.5722
2026-04-08 03:04:36    epoch  36  loss 1.0374  acc 0.5788  val_loss 1.0278  val_acc 0.5493
2026-04-08 03:04:39    epoch  37  loss 1.0300  acc 0.5790  val_loss 1.0094  val_acc 0.5998
2026-04-08 03:04:42    epoch  38  loss 1.0201  acc 0.5908  val_loss 0.9773  val_acc 0.6032
2026-04-08 03:04:45    epoch  39  loss 0.9978  acc 0.5925  val_loss 0.9766  val_acc 0.5998
2026-04-08 03:04:48    epoch  40  loss 0.9775  acc 0.5993  val_loss 1.1494  val_acc 0.5424
2026-04-08 03:04:51    epoch  41  loss 0.9804  acc 0.6020  val_loss 0.9458  val_acc 0.6227
2026-04-08 03:04:54    epoch  42  loss 0.9499  acc 0.6165  val_loss 0.9259  val_acc 0.6330
2026-04-08 03:04:57    epoch  43  loss 0.9229  acc 0.6322  val_loss 0.8969  val_acc 0.6342
2026-04-08 03:05:00    epoch  44  loss 0.9245  acc 0.6341  val_loss 0.9368  val_acc 0.6433
2026-04-08 03:05:03    epoch  45  loss 0.8909  acc 0.6502  val_loss 0.8748  val_acc 0.6640
2026-04-08 03:05:06    epoch  46  loss 0.8557  acc 0.6681  val_loss 0.8499  val_acc 0.6560
2026-04-08 03:05:09    epoch  47  loss 0.8429  acc 0.6749  val_loss 0.8914  val_acc 0.6697
2026-04-08 03:05:12    epoch  48  loss 0.8429  acc 0.6782  val_loss 0.8181  val_acc 0.6915
2026-04-08 03:05:15    epoch  49  loss 0.8156  acc 0.6930  val_loss 0.8265  val_acc 0.6858
2026-04-08 03:05:18    epoch  50  loss 0.8181  acc 0.6921  val_loss 0.8531  val_acc 0.6697
2026-04-08 03:05:21    epoch  51  loss 0.8049  acc 0.6978  val_loss 0.8282  val_acc 0.6904
2026-04-08 03:05:24    epoch  52  loss 0.7920  acc 0.7003  val_loss 0.8063  val_acc 0.7018
2026-04-08 03:05:27    epoch  53  loss 0.7702  acc 0.7099  val_loss 0.7813  val_acc 0.7087
2026-04-08 03:05:30    epoch  54  loss 0.7537  acc 0.7136  val_loss 0.7908  val_acc 0.6869
2026-04-08 03:05:33    epoch  55  loss 0.7224  acc 0.7216  val_loss 0.8356  val_acc 0.6892
2026-04-08 03:05:36    epoch  56  loss 0.7193  acc 0.7300  val_loss 0.7924  val_acc 0.6984
2026-04-08 03:05:39    epoch  57  loss 0.7189  acc 0.7321  val_loss 0.8045  val_acc 0.6904
2026-04-08 03:05:43    epoch  58  loss 0.6986  acc 0.7426  val_loss 0.7652  val_acc 0.7282
2026-04-08 03:05:46    epoch  59  loss 0.6880  acc 0.7438  val_loss 0.7424  val_acc 0.7271
2026-04-08 03:05:49    epoch  60  loss 0.6596  acc 0.7535  val_loss 0.8136  val_acc 0.7167
2026-04-08 03:05:52    epoch  61  loss 0.6612  acc 0.7554  val_loss 0.7417  val_acc 0.7397
2026-04-08 03:05:55    epoch  62  loss 0.6292  acc 0.7704  val_loss 0.7317  val_acc 0.7317
2026-04-08 03:05:58    epoch  63  loss 0.6253  acc 0.7679  val_loss 0.7804  val_acc 0.7271
2026-04-08 03:06:01    epoch  64  loss 0.6329  acc 0.7756  val_loss 0.8783  val_acc 0.7087
2026-04-08 03:06:04    epoch  65  loss 0.6069  acc 0.7742  val_loss 0.7918  val_acc 0.7179
2026-04-08 03:06:07    epoch  66  loss 0.6172  acc 0.7729  val_loss 0.7433  val_acc 0.7397
2026-04-08 03:06:10    epoch  67  loss 0.5870  acc 0.7825  val_loss 0.8575  val_acc 0.7007
2026-04-08 03:06:13    epoch  68  loss 0.4940  acc 0.8232  val_loss 0.7241  val_acc 0.7523
2026-04-08 03:06:16    epoch  69  loss 0.4629  acc 0.8339  val_loss 0.7650  val_acc 0.7477
2026-04-08 03:06:19    epoch  70  loss 0.4541  acc 0.8407  val_loss 0.7334  val_acc 0.7546
2026-04-08 03:06:22    epoch  71  loss 0.4256  acc 0.8496  val_loss 0.7372  val_acc 0.7683
2026-04-08 03:06:25    epoch  72  loss 0.4106  acc 0.8541  val_loss 0.7397  val_acc 0.7615
2026-04-08 03:06:28    epoch  73  loss 0.4103  acc 0.8536  val_loss 0.7310  val_acc 0.7718
2026-04-08 03:06:31    epoch  74  loss 0.3548  acc 0.8767  val_loss 0.7687  val_acc 0.7638
2026-04-08 03:06:34    epoch  75  loss 0.3352  acc 0.8853  val_loss 0.7615  val_acc 0.7729
2026-04-08 03:06:37    epoch  76  loss 0.3429  acc 0.8832  val_loss 0.7616  val_acc 0.7580
2026-04-08 03:06:37    Early stopping at epoch 76
2026-04-08 03:06:37    User12 accuracy: 0.4154
2026-04-08 03:06:37  Best model: /home/mahmudm2/codebase/ClassyGlass/scripts/benchmark/models/deep_conv_lstm_best_W300_S150.pth  (acc=0.6550)
2026-04-08 03:06:37  ============================================================
2026-04-08 03:06:37  LOSO SUMMARY
2026-04-08 03:06:37  ============================================================
2026-04-08 03:06:37    User1: 0.4632
2026-04-08 03:06:37    User2: 0.6550
2026-04-08 03:06:37    User3: 0.5762
2026-04-08 03:06:37    User4: 0.5443
2026-04-08 03:06:37    User5: 0.6498
2026-04-08 03:06:37    User6: 0.5753
2026-04-08 03:06:37    User7: 0.4388
2026-04-08 03:06:37    User8: 0.5276
2026-04-08 03:06:37    User9: 0.6209
2026-04-08 03:06:37    User10: 0.4897
2026-04-08 03:06:37    User11: 0.4655
2026-04-08 03:06:37    User12: 0.4154
2026-04-08 03:06:37    Mean accuracy : 0.5351
2026-04-08 03:06:37    Std  accuracy : 0.0785
2026-04-08 03:06:37  ============================================================
2026-04-08 03:06:37  CLASSIFICATION REPORT (all folds combined)
2026-04-08 03:06:37  ============================================================
2026-04-08 03:06:37  
                            precision    recall  f1-score   support

         Sitting – Reading       0.37      0.37      0.37       926
         Sitting – Writing       0.53      0.41      0.46      1022
         Computer – Typing       0.44      0.43      0.44      1022
       Computer – Browsing       0.42      0.52      0.47      1040
Sitting – Moving head/body       0.36      0.41      0.38       896
    Sitting – Moving chair       0.47      0.57      0.52      1023
     Stand up from sitting       0.71      0.66      0.69      1213
                  Standing       0.30      0.21      0.25       679
                   Walking       0.82      0.75      0.78       804
                   Running       0.92      0.84      0.88       786
             Taking stairs       0.39      0.55      0.46       293

                  accuracy                           0.52      9704
                 macro avg       0.52      0.52      0.52      9704
              weighted avg       0.53      0.52      0.52      9704

2026-04-08 03:06:38  Confusion matrix saved to: /home/mahmudm2/codebase/ClassyGlass/scripts/benchmark/figures/deep_conv_lstm_confusion_matrix_W300_S150.png
2026-04-08 03:06:38  Per-subject accuracy chart saved to: /home/mahmudm2/codebase/ClassyGlass/scripts/benchmark/figures/deep_conv_lstm_per_subject_accuracy_W300_S150.png
2026-04-08 03:06:38  ============================================================
2026-04-08 03:06:38  deep_conv_lstm training complete
2026-04-08 03:06:38  ============================================================
