2026-04-09 10:40:54  ============================================================
2026-04-09 10:40:54  deep_conv_lstm  |  window=200  step=150
2026-04-09 10:40:54  Device  : cuda:1
2026-04-09 10:40:54  Flatten : False
2026-04-09 10:40:54  Log     : /home/mahmudm2/codebase/ClassyGlass/scripts/benchmark/logs/deep_conv_lstm_W200_S150.log
2026-04-09 10:40:54  Model   : /home/mahmudm2/codebase/ClassyGlass/scripts/benchmark/models/deep_conv_lstm_best_W200_S150.pth
2026-04-09 10:40:54  Figures : /home/mahmudm2/codebase/ClassyGlass/scripts/benchmark/figures
2026-04-09 10:40:54  ============================================================
2026-04-09 10:40:57  Loaded 9790 windows | window=200  step=150 | 129 experiments | 12 subjects | 0 experiments skipped
2026-04-09 10:40:58  ────────────────────────────────────────────────────────────
2026-04-09 10:40:58  LOSO fold — held-out: User1 (563 test windows, 9227 train windows)
2026-04-09 10:41:04    epoch   1  loss 2.1377  acc 0.1901  val_loss 1.8453  val_acc 0.2430
2026-04-09 10:41:06    epoch   2  loss 1.7705  acc 0.2802  val_loss 1.7355  val_acc 0.2581
2026-04-09 10:41:08    epoch   3  loss 1.6953  acc 0.2909  val_loss 1.6618  val_acc 0.3037
2026-04-09 10:41:09    epoch   4  loss 1.6755  acc 0.3076  val_loss 1.6960  val_acc 0.2755
2026-04-09 10:41:11    epoch   5  loss 1.7058  acc 0.2969  val_loss 1.6917  val_acc 0.2711
2026-04-09 10:41:12    epoch   6  loss 1.7057  acc 0.2945  val_loss 1.6363  val_acc 0.3178
2026-04-09 10:41:14    epoch   7  loss 1.6374  acc 0.3284  val_loss 1.5811  val_acc 0.3785
2026-04-09 10:41:16    epoch   8  loss 1.5707  acc 0.3461  val_loss 1.5229  val_acc 0.3731
2026-04-09 10:41:17    epoch   9  loss 1.5554  acc 0.3544  val_loss 1.5523  val_acc 0.3579
2026-04-09 10:41:19    epoch  10  loss 1.5346  acc 0.3523  val_loss 1.4954  val_acc 0.3785
2026-04-09 10:41:20    epoch  11  loss 1.5077  acc 0.3688  val_loss 1.5270  val_acc 0.3818
2026-04-09 10:41:22    epoch  12  loss 1.5469  acc 0.3552  val_loss 1.5214  val_acc 0.3720
2026-04-09 10:41:23    epoch  13  loss 1.5423  acc 0.3624  val_loss 1.5217  val_acc 0.3666
2026-04-09 10:41:25    epoch  14  loss 1.4969  acc 0.3745  val_loss 1.4731  val_acc 0.3688
2026-04-09 10:41:26    epoch  15  loss 1.4772  acc 0.3788  val_loss 1.4701  val_acc 0.3742
2026-04-09 10:41:28    epoch  16  loss 1.4410  acc 0.3949  val_loss 1.4340  val_acc 0.3948
2026-04-09 10:41:30    epoch  17  loss 1.4407  acc 0.4012  val_loss 1.4305  val_acc 0.4132
2026-04-09 10:41:31    epoch  18  loss 1.4346  acc 0.4054  val_loss 1.4365  val_acc 0.4306
2026-04-09 10:41:33    epoch  19  loss 1.4256  acc 0.4146  val_loss 1.4703  val_acc 0.3959
2026-04-09 10:41:34    epoch  20  loss 1.4187  acc 0.4158  val_loss 1.4246  val_acc 0.3991
2026-04-09 10:41:36    epoch  21  loss 1.3906  acc 0.4203  val_loss 1.4203  val_acc 0.4284
2026-04-09 10:41:38    epoch  22  loss 1.3848  acc 0.4328  val_loss 1.4129  val_acc 0.4143
2026-04-09 10:41:39    epoch  23  loss 1.3810  acc 0.4335  val_loss 1.4160  val_acc 0.4176
2026-04-09 10:41:41    epoch  24  loss 1.3687  acc 0.4395  val_loss 1.3763  val_acc 0.4262
2026-04-09 10:41:42    epoch  25  loss 1.3754  acc 0.4315  val_loss 1.3630  val_acc 0.4230
2026-04-09 10:41:44    epoch  26  loss 1.3499  acc 0.4477  val_loss 1.3549  val_acc 0.4534
2026-04-09 10:41:46    epoch  27  loss 1.3493  acc 0.4482  val_loss 1.4459  val_acc 0.4273
2026-04-09 10:41:47    epoch  28  loss 1.3574  acc 0.4346  val_loss 1.3470  val_acc 0.4393
2026-04-09 10:41:49    epoch  29  loss 1.3358  acc 0.4490  val_loss 1.3411  val_acc 0.4577
2026-04-09 10:41:50    epoch  30  loss 1.3297  acc 0.4488  val_loss 1.3982  val_acc 0.4197
2026-04-09 10:41:52    epoch  31  loss 1.3351  acc 0.4420  val_loss 1.3394  val_acc 0.4414
2026-04-09 10:41:53    epoch  32  loss 1.3433  acc 0.4467  val_loss 1.3601  val_acc 0.4501
2026-04-09 10:41:55    epoch  33  loss 1.3126  acc 0.4598  val_loss 1.3164  val_acc 0.4469
2026-04-09 10:41:57    epoch  34  loss 1.2940  acc 0.4642  val_loss 1.3280  val_acc 0.4469
2026-04-09 10:41:59    epoch  35  loss 1.2859  acc 0.4649  val_loss 1.3439  val_acc 0.4349
2026-04-09 10:42:00    epoch  36  loss 1.2915  acc 0.4633  val_loss 1.3645  val_acc 0.4403
2026-04-09 10:42:02    epoch  37  loss 1.2918  acc 0.4626  val_loss 1.3331  val_acc 0.4566
2026-04-09 10:42:03    epoch  38  loss 1.2830  acc 0.4691  val_loss 1.3283  val_acc 0.4566
2026-04-09 10:42:05    epoch  39  loss 1.2651  acc 0.4710  val_loss 1.2994  val_acc 0.4653
2026-04-09 10:42:06    epoch  40  loss 1.2497  acc 0.4808  val_loss 1.2978  val_acc 0.4653
2026-04-09 10:42:08    epoch  41  loss 1.2431  acc 0.4809  val_loss 1.3019  val_acc 0.4642
2026-04-09 10:42:10    epoch  42  loss 1.2280  acc 0.4889  val_loss 1.2785  val_acc 0.4761
2026-04-09 10:42:11    epoch  43  loss 1.2172  acc 0.4839  val_loss 1.2844  val_acc 0.4642
2026-04-09 10:42:13    epoch  44  loss 1.2151  acc 0.4871  val_loss 1.3059  val_acc 0.4588
2026-04-09 10:42:14    epoch  45  loss 1.2062  acc 0.4930  val_loss 1.2877  val_acc 0.4718
2026-04-09 10:42:16    epoch  46  loss 1.2001  acc 0.4969  val_loss 1.2890  val_acc 0.4816
2026-04-09 10:42:18    epoch  47  loss 1.1935  acc 0.4924  val_loss 1.2958  val_acc 0.4740
2026-04-09 10:42:19    epoch  48  loss 1.1817  acc 0.5016  val_loss 1.2886  val_acc 0.4740
2026-04-09 10:42:21    epoch  49  loss 1.1687  acc 0.5068  val_loss 1.2825  val_acc 0.4848
2026-04-09 10:42:22    epoch  50  loss 1.1646  acc 0.5115  val_loss 1.2799  val_acc 0.4816
2026-04-09 10:42:22    Early stopping at epoch 50
2026-04-09 10:42:23    User1 accuracy: 0.4387
2026-04-09 10:42:23    ✓ New best model saved (User1 held out, acc=0.4387)
2026-04-09 10:42:23  ────────────────────────────────────────────────────────────
2026-04-09 10:42:23  LOSO fold — held-out: User2 (521 test windows, 9269 train windows)
2026-04-09 10:42:25    epoch   1  loss 2.1671  acc 0.1905  val_loss 1.8539  val_acc 0.2538
2026-04-09 10:42:26    epoch   2  loss 1.7992  acc 0.2774  val_loss 1.7672  val_acc 0.2883
2026-04-09 10:42:28    epoch   3  loss 1.7266  acc 0.2863  val_loss 1.6215  val_acc 0.3153
2026-04-09 10:42:29    epoch   4  loss 1.6439  acc 0.3145  val_loss 1.6497  val_acc 0.3153
2026-04-09 10:42:31    epoch   5  loss 1.6739  acc 0.3162  val_loss 1.6115  val_acc 0.3369
2026-04-09 10:42:32    epoch   6  loss 1.6394  acc 0.3242  val_loss 1.5995  val_acc 0.3413
2026-04-09 10:42:34    epoch   7  loss 1.6009  acc 0.3336  val_loss 1.6878  val_acc 0.2808
2026-04-09 10:42:35    epoch   8  loss 1.5884  acc 0.3465  val_loss 1.5681  val_acc 0.3445
2026-04-09 10:42:37    epoch   9  loss 1.5653  acc 0.3644  val_loss 1.5883  val_acc 0.3197
2026-04-09 10:42:38    epoch  10  loss 1.5639  acc 0.3487  val_loss 1.5448  val_acc 0.3283
2026-04-09 10:42:40    epoch  11  loss 1.5939  acc 0.3430  val_loss 1.5334  val_acc 0.3542
2026-04-09 10:42:41    epoch  12  loss 1.5213  acc 0.3701  val_loss 1.5455  val_acc 0.3715
2026-04-09 10:42:43    epoch  13  loss 1.5126  acc 0.3802  val_loss 1.5105  val_acc 0.3456
2026-04-09 10:42:45    epoch  14  loss 1.5009  acc 0.3842  val_loss 1.4882  val_acc 0.3585
2026-04-09 10:42:46    epoch  15  loss 1.4724  acc 0.3923  val_loss 1.4853  val_acc 0.3801
2026-04-09 10:42:48    epoch  16  loss 1.4627  acc 0.3909  val_loss 1.4492  val_acc 0.3898
2026-04-09 10:42:49    epoch  17  loss 1.4647  acc 0.3915  val_loss 1.4680  val_acc 0.3715
2026-04-09 10:42:51    epoch  18  loss 1.4483  acc 0.4011  val_loss 1.4434  val_acc 0.3942
2026-04-09 10:42:52    epoch  19  loss 1.4873  acc 0.3934  val_loss 1.4575  val_acc 0.3834
2026-04-09 10:42:54    epoch  20  loss 1.4531  acc 0.4035  val_loss 1.5321  val_acc 0.3834
2026-04-09 10:42:55    epoch  21  loss 1.4594  acc 0.3993  val_loss 1.4503  val_acc 0.3790
2026-04-09 10:42:57    epoch  22  loss 1.4286  acc 0.4084  val_loss 1.4137  val_acc 0.3931
2026-04-09 10:42:59    epoch  23  loss 1.4218  acc 0.4145  val_loss 1.4350  val_acc 0.4017
2026-04-09 10:43:00    epoch  24  loss 1.4185  acc 0.4171  val_loss 1.4018  val_acc 0.4276
2026-04-09 10:43:02    epoch  25  loss 1.4026  acc 0.4272  val_loss 1.4040  val_acc 0.4212
2026-04-09 10:43:03    epoch  26  loss 1.3832  acc 0.4323  val_loss 1.3971  val_acc 0.4168
2026-04-09 10:43:05    epoch  27  loss 1.3843  acc 0.4237  val_loss 1.4206  val_acc 0.3974
2026-04-09 10:43:06    epoch  28  loss 1.3750  acc 0.4373  val_loss 1.3692  val_acc 0.4330
2026-04-09 10:43:08    epoch  29  loss 1.3701  acc 0.4393  val_loss 1.3573  val_acc 0.4212
2026-04-09 10:43:09    epoch  30  loss 1.3611  acc 0.4452  val_loss 1.3661  val_acc 0.4104
2026-04-09 10:43:11    epoch  31  loss 1.3511  acc 0.4377  val_loss 1.3857  val_acc 0.4190
2026-04-09 10:43:13    epoch  32  loss 1.3538  acc 0.4539  val_loss 1.3543  val_acc 0.4158
2026-04-09 10:43:14    epoch  33  loss 1.3440  acc 0.4477  val_loss 1.3545  val_acc 0.4320
2026-04-09 10:43:16    epoch  34  loss 1.3357  acc 0.4544  val_loss 1.3289  val_acc 0.4406
2026-04-09 10:43:17    epoch  35  loss 1.3349  acc 0.4407  val_loss 1.3366  val_acc 0.4298
2026-04-09 10:43:19    epoch  36  loss 1.3154  acc 0.4506  val_loss 1.3258  val_acc 0.4276
2026-04-09 10:43:21    epoch  37  loss 1.3086  acc 0.4561  val_loss 1.3132  val_acc 0.4352
2026-04-09 10:43:22    epoch  38  loss 1.3019  acc 0.4672  val_loss 1.3306  val_acc 0.4330
2026-04-09 10:43:24    epoch  39  loss 1.2961  acc 0.4655  val_loss 1.3459  val_acc 0.4287
2026-04-09 10:43:25    epoch  40  loss 1.2885  acc 0.4699  val_loss 1.3255  val_acc 0.4428
2026-04-09 10:43:27    epoch  41  loss 1.2744  acc 0.4718  val_loss 1.3015  val_acc 0.4611
2026-04-09 10:43:28    epoch  42  loss 1.2760  acc 0.4684  val_loss 1.2969  val_acc 0.4644
2026-04-09 10:43:30    epoch  43  loss 1.2642  acc 0.4754  val_loss 1.2851  val_acc 0.4546
2026-04-09 10:43:31    epoch  44  loss 1.2550  acc 0.4758  val_loss 1.3007  val_acc 0.4536
2026-04-09 10:43:33    epoch  45  loss 1.2484  acc 0.4822  val_loss 1.2719  val_acc 0.4762
2026-04-09 10:43:35    epoch  46  loss 1.2503  acc 0.4799  val_loss 1.2809  val_acc 0.4698
2026-04-09 10:43:36    epoch  47  loss 1.2446  acc 0.4918  val_loss 1.2868  val_acc 0.4741
2026-04-09 10:43:38    epoch  48  loss 1.2538  acc 0.4882  val_loss 1.2829  val_acc 0.4784
2026-04-09 10:43:39    epoch  49  loss 1.2375  acc 0.4980  val_loss 1.2294  val_acc 0.5140
2026-04-09 10:43:41    epoch  50  loss 1.2317  acc 0.5008  val_loss 1.2839  val_acc 0.4892
2026-04-09 10:43:42    epoch  51  loss 1.2190  acc 0.5051  val_loss 1.2644  val_acc 0.4978
2026-04-09 10:43:44    epoch  52  loss 1.2072  acc 0.5154  val_loss 1.2378  val_acc 0.4978
2026-04-09 10:43:45    epoch  53  loss 1.2267  acc 0.5063  val_loss 1.2496  val_acc 0.5086
2026-04-09 10:43:47    epoch  54  loss 1.2057  acc 0.5101  val_loss 1.2249  val_acc 0.5108
2026-04-09 10:43:49    epoch  55  loss 1.1826  acc 0.5178  val_loss 1.2350  val_acc 0.5043
2026-04-09 10:43:50    epoch  56  loss 1.1633  acc 0.5346  val_loss 1.2436  val_acc 0.4914
2026-04-09 10:43:52    epoch  57  loss 1.1787  acc 0.5240  val_loss 1.2119  val_acc 0.5086
2026-04-09 10:43:53    epoch  58  loss 1.1633  acc 0.5324  val_loss 1.2362  val_acc 0.5032
2026-04-09 10:43:55    epoch  59  loss 1.1490  acc 0.5372  val_loss 1.1901  val_acc 0.5238
2026-04-09 10:43:56    epoch  60  loss 1.1559  acc 0.5388  val_loss 1.2050  val_acc 0.5184
2026-04-09 10:43:58    epoch  61  loss 1.1444  acc 0.5424  val_loss 1.2095  val_acc 0.5097
2026-04-09 10:44:00    epoch  62  loss 1.1107  acc 0.5552  val_loss 1.1591  val_acc 0.5410
2026-04-09 10:44:01    epoch  63  loss 1.0999  acc 0.5711  val_loss 1.1312  val_acc 0.5475
2026-04-09 10:44:03    epoch  64  loss 1.0923  acc 0.5678  val_loss 1.1589  val_acc 0.5324
2026-04-09 10:44:04    epoch  65  loss 1.1722  acc 0.5411  val_loss 1.2280  val_acc 0.5184
2026-04-09 10:44:06    epoch  66  loss 1.1396  acc 0.5536  val_loss 1.1537  val_acc 0.5443
2026-04-09 10:44:07    epoch  67  loss 1.0920  acc 0.5684  val_loss 1.1617  val_acc 0.5389
2026-04-09 10:44:09    epoch  68  loss 1.0647  acc 0.5842  val_loss 1.1249  val_acc 0.5529
2026-04-09 10:44:10    epoch  69  loss 1.0649  acc 0.5856  val_loss 1.1254  val_acc 0.5734
2026-04-09 10:44:12    epoch  70  loss 1.0216  acc 0.6041  val_loss 1.1060  val_acc 0.5594
2026-04-09 10:44:14    epoch  71  loss 1.0514  acc 0.5918  val_loss 1.1240  val_acc 0.5756
2026-04-09 10:44:15    epoch  72  loss 1.0041  acc 0.6156  val_loss 1.1286  val_acc 0.5670
2026-04-09 10:44:17    epoch  73  loss 1.0045  acc 0.6139  val_loss 1.1008  val_acc 0.5842
2026-04-09 10:44:18    epoch  74  loss 0.9853  acc 0.6216  val_loss 1.0951  val_acc 0.5778
2026-04-09 10:44:20    epoch  75  loss 0.9780  acc 0.6229  val_loss 1.0822  val_acc 0.6015
2026-04-09 10:44:21    epoch  76  loss 0.9540  acc 0.6386  val_loss 1.0864  val_acc 0.5918
2026-04-09 10:44:23    epoch  77  loss 0.9533  acc 0.6413  val_loss 1.1235  val_acc 0.5821
2026-04-09 10:44:25    epoch  78  loss 0.9489  acc 0.6384  val_loss 1.1092  val_acc 0.6004
2026-04-09 10:44:26    epoch  79  loss 0.9197  acc 0.6584  val_loss 1.0732  val_acc 0.6080
2026-04-09 10:44:28    epoch  80  loss 0.9486  acc 0.6447  val_loss 1.0520  val_acc 0.6134
2026-04-09 10:44:29    epoch  81  loss 0.9168  acc 0.6566  val_loss 1.0624  val_acc 0.6015
2026-04-09 10:44:31    epoch  82  loss 0.8924  acc 0.6685  val_loss 1.0539  val_acc 0.6069
2026-04-09 10:44:32    epoch  83  loss 0.8912  acc 0.6694  val_loss 1.0461  val_acc 0.6296
2026-04-09 10:44:34    epoch  84  loss 0.8575  acc 0.6874  val_loss 1.0811  val_acc 0.5972
2026-04-09 10:44:36    epoch  85  loss 0.8701  acc 0.6772  val_loss 1.0828  val_acc 0.6210
2026-04-09 10:44:37    epoch  86  loss 0.8534  acc 0.6832  val_loss 1.0585  val_acc 0.6263
2026-04-09 10:44:39    epoch  87  loss 0.8172  acc 0.7037  val_loss 1.0744  val_acc 0.6188
2026-04-09 10:44:40    epoch  88  loss 0.8160  acc 0.7030  val_loss 1.0425  val_acc 0.6350
2026-04-09 10:44:42    epoch  89  loss 0.8599  acc 0.6820  val_loss 1.0860  val_acc 0.6015
2026-04-09 10:44:43    epoch  90  loss 0.8730  acc 0.6815  val_loss 1.0469  val_acc 0.6199
2026-04-09 10:44:45    epoch  91  loss 0.8231  acc 0.7035  val_loss 1.0943  val_acc 0.6134
2026-04-09 10:44:47    epoch  92  loss 0.8246  acc 0.7026  val_loss 1.0538  val_acc 0.6199
2026-04-09 10:44:48    epoch  93  loss 0.7849  acc 0.7141  val_loss 1.0540  val_acc 0.6296
2026-04-09 10:44:50    epoch  94  loss 0.7354  acc 0.7381  val_loss 1.0618  val_acc 0.6274
2026-04-09 10:44:51    epoch  95  loss 0.7077  acc 0.7485  val_loss 1.0678  val_acc 0.6307
2026-04-09 10:44:53    epoch  96  loss 0.6893  acc 0.7590  val_loss 1.0723  val_acc 0.6350
2026-04-09 10:44:53    Early stopping at epoch 96
2026-04-09 10:44:53    User2 accuracy: 0.6200
2026-04-09 10:44:53    ✓ New best model saved (User2 held out, acc=0.6200)
2026-04-09 10:44:53  ────────────────────────────────────────────────────────────
2026-04-09 10:44:53  LOSO fold — held-out: User3 (519 test windows, 9271 train windows)
2026-04-09 10:44:55    epoch   1  loss 2.1643  acc 0.1818  val_loss 1.9046  val_acc 0.2427
2026-04-09 10:44:57    epoch   2  loss 1.8353  acc 0.2628  val_loss 1.7499  val_acc 0.3118
2026-04-09 10:44:58    epoch   3  loss 1.7514  acc 0.2819  val_loss 1.7286  val_acc 0.2913
2026-04-09 10:45:00    epoch   4  loss 1.7649  acc 0.2940  val_loss 1.7922  val_acc 0.3010
2026-04-09 10:45:02    epoch   5  loss 1.7089  acc 0.3038  val_loss 1.6331  val_acc 0.3528
2026-04-09 10:45:03    epoch   6  loss 1.6537  acc 0.3160  val_loss 1.6263  val_acc 0.3204
2026-04-09 10:45:05    epoch   7  loss 1.6699  acc 0.3202  val_loss 1.6547  val_acc 0.3635
2026-04-09 10:45:06    epoch   8  loss 1.6781  acc 0.3116  val_loss 1.6138  val_acc 0.3614
2026-04-09 10:45:08    epoch   9  loss 1.6239  acc 0.3326  val_loss 1.5903  val_acc 0.3409
2026-04-09 10:45:10    epoch  10  loss 1.5770  acc 0.3455  val_loss 1.5646  val_acc 0.3991
2026-04-09 10:45:11    epoch  11  loss 1.5507  acc 0.3612  val_loss 1.6568  val_acc 0.3528
2026-04-09 10:45:13    epoch  12  loss 1.5358  acc 0.3682  val_loss 1.5400  val_acc 0.4078
2026-04-09 10:45:14    epoch  13  loss 1.5192  acc 0.3731  val_loss 1.4758  val_acc 0.3819
2026-04-09 10:45:16    epoch  14  loss 1.4786  acc 0.3937  val_loss 1.4794  val_acc 0.3905
2026-04-09 10:45:18    epoch  15  loss 1.4667  acc 0.3947  val_loss 1.5134  val_acc 0.3549
2026-04-09 10:45:19    epoch  16  loss 1.4677  acc 0.4036  val_loss 1.4454  val_acc 0.3905
2026-04-09 10:45:21    epoch  17  loss 1.4509  acc 0.4078  val_loss 1.4132  val_acc 0.4542
2026-04-09 10:45:23    epoch  18  loss 1.4939  acc 0.3884  val_loss 1.5617  val_acc 0.3376
2026-04-09 10:45:24    epoch  19  loss 1.5100  acc 0.3745  val_loss 1.4187  val_acc 0.4283
2026-04-09 10:45:26    epoch  20  loss 1.4455  acc 0.4100  val_loss 1.4142  val_acc 0.4239
2026-04-09 10:45:28    epoch  21  loss 1.4268  acc 0.4189  val_loss 1.3857  val_acc 0.4412
2026-04-09 10:45:29    epoch  22  loss 1.4150  acc 0.4267  val_loss 1.4355  val_acc 0.4067
2026-04-09 10:45:31    epoch  23  loss 1.4196  acc 0.4166  val_loss 1.3944  val_acc 0.4099
2026-04-09 10:45:32    epoch  24  loss 1.4119  acc 0.4283  val_loss 1.3769  val_acc 0.4369
2026-04-09 10:45:34    epoch  25  loss 1.3958  acc 0.4298  val_loss 1.3828  val_acc 0.4466
2026-04-09 10:45:36    epoch  26  loss 1.4290  acc 0.4271  val_loss 1.8399  val_acc 0.2934
2026-04-09 10:45:37    epoch  27  loss 1.6296  acc 0.3335  val_loss 1.5462  val_acc 0.3668
2026-04-09 10:45:39    epoch  28  loss 1.6007  acc 0.3370  val_loss 1.5331  val_acc 0.3797
2026-04-09 10:45:40    epoch  29  loss 1.5155  acc 0.3750  val_loss 1.5082  val_acc 0.3937
2026-04-09 10:45:42    epoch  30  loss 1.4928  acc 0.3858  val_loss 1.4799  val_acc 0.4045
2026-04-09 10:45:44    epoch  31  loss 1.4737  acc 0.3929  val_loss 1.4719  val_acc 0.4142
2026-04-09 10:45:46    epoch  32  loss 1.4513  acc 0.4016  val_loss 1.4688  val_acc 0.3981
2026-04-09 10:45:46    Early stopping at epoch 32
2026-04-09 10:45:46    User3 accuracy: 0.3622
2026-04-09 10:45:46  ────────────────────────────────────────────────────────────
2026-04-09 10:45:46  LOSO fold — held-out: User4 (548 test windows, 9242 train windows)
2026-04-09 10:45:48    epoch   1  loss 2.1401  acc 0.1928  val_loss 1.7961  val_acc 0.2738
2026-04-09 10:45:50    epoch   2  loss 1.8531  acc 0.2629  val_loss 1.7014  val_acc 0.2998
2026-04-09 10:45:51    epoch   3  loss 1.7356  acc 0.2897  val_loss 1.6995  val_acc 0.2781
2026-04-09 10:45:53    epoch   4  loss 1.7213  acc 0.3003  val_loss 1.6002  val_acc 0.3279
2026-04-09 10:45:55    epoch   5  loss 1.6458  acc 0.3174  val_loss 1.5530  val_acc 0.3561
2026-04-09 10:45:56    epoch   6  loss 1.6016  acc 0.3397  val_loss 1.5680  val_acc 0.3387
2026-04-09 10:45:58    epoch   7  loss 1.6085  acc 0.3401  val_loss 1.5371  val_acc 0.3463
2026-04-09 10:45:59    epoch   8  loss 1.5622  acc 0.3496  val_loss 1.5077  val_acc 0.3571
2026-04-09 10:46:01    epoch   9  loss 1.5539  acc 0.3639  val_loss 1.5092  val_acc 0.3387
2026-04-09 10:46:03    epoch  10  loss 1.5709  acc 0.3494  val_loss 1.4721  val_acc 0.3626
2026-04-09 10:46:04    epoch  11  loss 1.5257  acc 0.3654  val_loss 1.5263  val_acc 0.3604
2026-04-09 10:46:06    epoch  12  loss 1.5393  acc 0.3649  val_loss 1.4869  val_acc 0.3582
2026-04-09 10:46:07    epoch  13  loss 1.5095  acc 0.3715  val_loss 1.4596  val_acc 0.3485
2026-04-09 10:46:09    epoch  14  loss 1.4919  acc 0.3851  val_loss 1.4271  val_acc 0.3788
2026-04-09 10:46:11    epoch  15  loss 1.4856  acc 0.3791  val_loss 1.4772  val_acc 0.3799
2026-04-09 10:46:12    epoch  16  loss 1.5018  acc 0.3798  val_loss 1.4565  val_acc 0.3452
2026-04-09 10:46:14    epoch  17  loss 1.4750  acc 0.3931  val_loss 1.4115  val_acc 0.3680
2026-04-09 10:46:16    epoch  18  loss 1.4604  acc 0.4003  val_loss 1.3976  val_acc 0.3918
2026-04-09 10:46:17    epoch  19  loss 1.4380  acc 0.4098  val_loss 1.3885  val_acc 0.4004
2026-04-09 10:46:19    epoch  20  loss 1.4441  acc 0.4128  val_loss 1.4127  val_acc 0.3864
2026-04-09 10:46:20    epoch  21  loss 1.4430  acc 0.4032  val_loss 1.3788  val_acc 0.3983
2026-04-09 10:46:22    epoch  22  loss 1.4188  acc 0.4216  val_loss 1.3659  val_acc 0.4048
2026-04-09 10:46:24    epoch  23  loss 1.4247  acc 0.4160  val_loss 1.3917  val_acc 0.3864
2026-04-09 10:46:25    epoch  24  loss 1.4236  acc 0.4125  val_loss 1.3763  val_acc 0.3896
2026-04-09 10:46:27    epoch  25  loss 1.4024  acc 0.4198  val_loss 1.3633  val_acc 0.4080
2026-04-09 10:46:29    epoch  26  loss 1.3998  acc 0.4223  val_loss 1.3823  val_acc 0.4113
2026-04-09 10:46:30    epoch  27  loss 1.4044  acc 0.4249  val_loss 1.3624  val_acc 0.4134
2026-04-09 10:46:32    epoch  28  loss 1.3879  acc 0.4324  val_loss 1.3614  val_acc 0.4058
2026-04-09 10:46:34    epoch  29  loss 1.4273  acc 0.4219  val_loss 1.3736  val_acc 0.4015
2026-04-09 10:46:35    epoch  30  loss 1.3892  acc 0.4285  val_loss 1.3465  val_acc 0.4080
2026-04-09 10:46:37    epoch  31  loss 1.3700  acc 0.4376  val_loss 1.3565  val_acc 0.4091
2026-04-09 10:46:39    epoch  32  loss 1.3596  acc 0.4418  val_loss 1.3047  val_acc 0.4437
2026-04-09 10:46:40    epoch  33  loss 1.3544  acc 0.4479  val_loss 1.3409  val_acc 0.4221
2026-04-09 10:46:42    epoch  34  loss 1.3707  acc 0.4384  val_loss 1.3540  val_acc 0.4199
2026-04-09 10:46:43    epoch  35  loss 1.3540  acc 0.4410  val_loss 1.3147  val_acc 0.4437
2026-04-09 10:46:45    epoch  36  loss 1.3545  acc 0.4455  val_loss 1.3127  val_acc 0.4394
2026-04-09 10:46:47    epoch  37  loss 1.3135  acc 0.4705  val_loss 1.2853  val_acc 0.4437
2026-04-09 10:46:48    epoch  38  loss 1.3139  acc 0.4609  val_loss 1.2771  val_acc 0.4513
2026-04-09 10:46:50    epoch  39  loss 1.3050  acc 0.4727  val_loss 1.2967  val_acc 0.4405
2026-04-09 10:46:52    epoch  40  loss 1.3015  acc 0.4763  val_loss 1.2686  val_acc 0.4502
2026-04-09 10:46:53    epoch  41  loss 1.2836  acc 0.4748  val_loss 1.2738  val_acc 0.4697
2026-04-09 10:46:55    epoch  42  loss 1.2862  acc 0.4763  val_loss 1.2939  val_acc 0.4361
2026-04-09 10:46:56    epoch  43  loss 1.2718  acc 0.4768  val_loss 1.2974  val_acc 0.4621
2026-04-09 10:46:58    epoch  44  loss 1.2832  acc 0.4814  val_loss 1.2532  val_acc 0.4675
2026-04-09 10:47:00    epoch  45  loss 1.2633  acc 0.4805  val_loss 1.2379  val_acc 0.5000
2026-04-09 10:47:01    epoch  46  loss 1.2536  acc 0.4899  val_loss 1.2529  val_acc 0.4784
2026-04-09 10:47:03    epoch  47  loss 1.2484  acc 0.4905  val_loss 1.2417  val_acc 0.4524
2026-04-09 10:47:04    epoch  48  loss 1.2493  acc 0.4954  val_loss 1.2296  val_acc 0.4935
2026-04-09 10:47:06    epoch  49  loss 1.2276  acc 0.5058  val_loss 1.2150  val_acc 0.5184
2026-04-09 10:47:08    epoch  50  loss 1.2340  acc 0.5120  val_loss 1.2290  val_acc 0.5032
2026-04-09 10:47:09    epoch  51  loss 1.2296  acc 0.5077  val_loss 1.2205  val_acc 0.5238
2026-04-09 10:47:11    epoch  52  loss 1.2059  acc 0.5160  val_loss 1.2516  val_acc 0.5032
2026-04-09 10:47:13    epoch  53  loss 1.1902  acc 0.5284  val_loss 1.1694  val_acc 0.5346
2026-04-09 10:47:14    epoch  54  loss 1.1877  acc 0.5258  val_loss 1.1912  val_acc 0.5238
2026-04-09 10:47:16    epoch  55  loss 1.1772  acc 0.5328  val_loss 1.2470  val_acc 0.5097
2026-04-09 10:47:17    epoch  56  loss 1.1853  acc 0.5314  val_loss 1.1828  val_acc 0.5476
2026-04-09 10:47:19    epoch  57  loss 1.1499  acc 0.5466  val_loss 1.1618  val_acc 0.5260
2026-04-09 10:47:21    epoch  58  loss 1.1477  acc 0.5541  val_loss 1.1566  val_acc 0.5465
2026-04-09 10:47:22    epoch  59  loss 1.1350  acc 0.5647  val_loss 1.2538  val_acc 0.5238
2026-04-09 10:47:24    epoch  60  loss 1.1282  acc 0.5674  val_loss 1.1381  val_acc 0.5606
2026-04-09 10:47:26    epoch  61  loss 1.1128  acc 0.5725  val_loss 1.2345  val_acc 0.5032
2026-04-09 10:47:27    epoch  62  loss 1.1230  acc 0.5711  val_loss 1.0972  val_acc 0.5682
2026-04-09 10:47:29    epoch  63  loss 1.0730  acc 0.5941  val_loss 1.1067  val_acc 0.5768
2026-04-09 10:47:30    epoch  64  loss 1.0501  acc 0.6064  val_loss 1.0842  val_acc 0.5823
2026-04-09 10:47:32    epoch  65  loss 1.0465  acc 0.6063  val_loss 1.0979  val_acc 0.5898
2026-04-09 10:47:34    epoch  66  loss 1.0329  acc 0.6062  val_loss 1.1319  val_acc 0.5541
2026-04-09 10:47:35    epoch  67  loss 1.0217  acc 0.6134  val_loss 1.0718  val_acc 0.5931
2026-04-09 10:47:37    epoch  68  loss 1.0138  acc 0.6197  val_loss 1.1034  val_acc 0.5682
2026-04-09 10:47:38    epoch  69  loss 0.9827  acc 0.6375  val_loss 1.0571  val_acc 0.5931
2026-04-09 10:47:40    epoch  70  loss 0.9848  acc 0.6360  val_loss 1.0557  val_acc 0.6039
2026-04-09 10:47:42    epoch  71  loss 1.0029  acc 0.6227  val_loss 1.0264  val_acc 0.6158
2026-04-09 10:47:43    epoch  72  loss 0.9542  acc 0.6484  val_loss 1.0145  val_acc 0.6245
2026-04-09 10:47:45    epoch  73  loss 0.9413  acc 0.6568  val_loss 1.0570  val_acc 0.6126
2026-04-09 10:47:47    epoch  74  loss 0.9722  acc 0.6350  val_loss 1.0174  val_acc 0.6061
2026-04-09 10:47:48    epoch  75  loss 0.9442  acc 0.6485  val_loss 1.0094  val_acc 0.6190
2026-04-09 10:47:50    epoch  76  loss 0.9291  acc 0.6575  val_loss 1.0523  val_acc 0.6028
2026-04-09 10:47:51    epoch  77  loss 0.9117  acc 0.6642  val_loss 1.0208  val_acc 0.6136
2026-04-09 10:47:53    epoch  78  loss 0.9155  acc 0.6653  val_loss 0.9813  val_acc 0.6407
2026-04-09 10:47:55    epoch  79  loss 0.8951  acc 0.6696  val_loss 1.0341  val_acc 0.6169
2026-04-09 10:47:56    epoch  80  loss 0.8836  acc 0.6800  val_loss 0.9968  val_acc 0.6277
2026-04-09 10:47:58    epoch  81  loss 0.8814  acc 0.6768  val_loss 1.0025  val_acc 0.6320
2026-04-09 10:47:59    epoch  82  loss 0.8510  acc 0.6884  val_loss 1.0116  val_acc 0.6310
2026-04-09 10:48:01    epoch  83  loss 0.8525  acc 0.6871  val_loss 0.9873  val_acc 0.6234
2026-04-09 10:48:03    epoch  84  loss 0.8116  acc 0.7035  val_loss 0.9872  val_acc 0.6537
2026-04-09 10:48:04    epoch  85  loss 0.7747  acc 0.7226  val_loss 0.9767  val_acc 0.6634
2026-04-09 10:48:06    epoch  86  loss 0.7597  acc 0.7277  val_loss 1.0296  val_acc 0.6396
2026-04-09 10:48:08    epoch  87  loss 0.7535  acc 0.7263  val_loss 1.0068  val_acc 0.6483
2026-04-09 10:48:09    epoch  88  loss 0.7605  acc 0.7265  val_loss 1.0145  val_acc 0.6461
2026-04-09 10:48:11    epoch  89  loss 0.7436  acc 0.7295  val_loss 1.0195  val_acc 0.6461
2026-04-09 10:48:12    epoch  90  loss 0.7368  acc 0.7332  val_loss 1.0259  val_acc 0.6429
2026-04-09 10:48:14    epoch  91  loss 0.7020  acc 0.7538  val_loss 1.0129  val_acc 0.6472
2026-04-09 10:48:16    epoch  92  loss 0.6915  acc 0.7539  val_loss 1.0209  val_acc 0.6483
2026-04-09 10:48:17    epoch  93  loss 0.6818  acc 0.7538  val_loss 1.0385  val_acc 0.6385
2026-04-09 10:48:17    Early stopping at epoch 93
2026-04-09 10:48:17    User4 accuracy: 0.5310
2026-04-09 10:48:18  ────────────────────────────────────────────────────────────
2026-04-09 10:48:18  LOSO fold — held-out: User5 (542 test windows, 9248 train windows)
2026-04-09 10:48:20    epoch   1  loss 2.1364  acc 0.1974  val_loss 1.8053  val_acc 0.2846
2026-04-09 10:48:21    epoch   2  loss 1.7700  acc 0.2820  val_loss 1.6783  val_acc 0.3052
2026-04-09 10:48:23    epoch   3  loss 1.6840  acc 0.3054  val_loss 1.6679  val_acc 0.3225
2026-04-09 10:48:25    epoch   4  loss 1.6458  acc 0.3233  val_loss 1.5829  val_acc 0.3604
2026-04-09 10:48:26    epoch   5  loss 1.6279  acc 0.3226  val_loss 1.5702  val_acc 0.3571
2026-04-09 10:48:28    epoch   6  loss 1.5801  acc 0.3407  val_loss 1.5391  val_acc 0.3561
2026-04-09 10:48:30    epoch   7  loss 1.5625  acc 0.3363  val_loss 1.5415  val_acc 0.3615
2026-04-09 10:48:31    epoch   8  loss 1.6035  acc 0.3393  val_loss 1.5023  val_acc 0.3755
2026-04-09 10:48:33    epoch   9  loss 1.5278  acc 0.3621  val_loss 1.4635  val_acc 0.4015
2026-04-09 10:48:35    epoch  10  loss 1.5116  acc 0.3598  val_loss 1.4620  val_acc 0.3929
2026-04-09 10:48:36    epoch  11  loss 1.5025  acc 0.3574  val_loss 1.6179  val_acc 0.3095
2026-04-09 10:48:38    epoch  12  loss 1.5885  acc 0.3389  val_loss 1.4690  val_acc 0.3972
2026-04-09 10:48:40    epoch  13  loss 1.4985  acc 0.3778  val_loss 1.4705  val_acc 0.4058
2026-04-09 10:48:41    epoch  14  loss 1.5177  acc 0.3687  val_loss 1.4306  val_acc 0.3755
2026-04-09 10:48:43    epoch  15  loss 1.4855  acc 0.3788  val_loss 1.4553  val_acc 0.4145
2026-04-09 10:48:45    epoch  16  loss 1.4827  acc 0.3819  val_loss 1.4109  val_acc 0.4015
2026-04-09 10:48:46    epoch  17  loss 1.4409  acc 0.4022  val_loss 1.3993  val_acc 0.3918
2026-04-09 10:48:48    epoch  18  loss 1.4368  acc 0.4087  val_loss 1.3859  val_acc 0.4232
2026-04-09 10:48:50    epoch  19  loss 1.4707  acc 0.3934  val_loss 1.4205  val_acc 0.4091
2026-04-09 10:48:51    epoch  20  loss 1.4253  acc 0.4083  val_loss 1.3669  val_acc 0.4307
2026-04-09 10:48:53    epoch  21  loss 1.4238  acc 0.4059  val_loss 1.4348  val_acc 0.3810
2026-04-09 10:48:55    epoch  22  loss 1.4436  acc 0.4029  val_loss 1.3747  val_acc 0.4199
2026-04-09 10:48:56    epoch  23  loss 1.3954  acc 0.4228  val_loss 1.3510  val_acc 0.4426
2026-04-09 10:48:58    epoch  24  loss 1.3901  acc 0.4309  val_loss 1.3528  val_acc 0.4232
2026-04-09 10:49:00    epoch  25  loss 1.3930  acc 0.4265  val_loss 1.3454  val_acc 0.4361
2026-04-09 10:49:01    epoch  26  loss 1.3618  acc 0.4407  val_loss 1.3302  val_acc 0.4524
2026-04-09 10:49:03    epoch  27  loss 1.3691  acc 0.4392  val_loss 1.3089  val_acc 0.4448
2026-04-09 10:49:05    epoch  28  loss 1.3693  acc 0.4322  val_loss 1.3245  val_acc 0.4535
2026-04-09 10:49:07    epoch  29  loss 1.3491  acc 0.4456  val_loss 1.3490  val_acc 0.4491
2026-04-09 10:49:08    epoch  30  loss 1.3437  acc 0.4558  val_loss 1.3168  val_acc 0.4361
2026-04-09 10:49:10    epoch  31  loss 1.3402  acc 0.4530  val_loss 1.3175  val_acc 0.4361
2026-04-09 10:49:11    epoch  32  loss 1.3434  acc 0.4531  val_loss 1.3210  val_acc 0.4535
2026-04-09 10:49:13    epoch  33  loss 1.3384  acc 0.4459  val_loss 1.3218  val_acc 0.4481
2026-04-09 10:49:15    epoch  34  loss 1.3177  acc 0.4586  val_loss 1.2986  val_acc 0.4589
2026-04-09 10:49:16    epoch  35  loss 1.2961  acc 0.4683  val_loss 1.3016  val_acc 0.4697
2026-04-09 10:49:18    epoch  36  loss 1.2973  acc 0.4690  val_loss 1.2835  val_acc 0.4578
2026-04-09 10:49:20    epoch  37  loss 1.2875  acc 0.4685  val_loss 1.2793  val_acc 0.4784
2026-04-09 10:49:21    epoch  38  loss 1.2811  acc 0.4748  val_loss 1.2895  val_acc 0.4643
2026-04-09 10:49:23    epoch  39  loss 1.2778  acc 0.4796  val_loss 1.2752  val_acc 0.4621
2026-04-09 10:49:25    epoch  40  loss 1.2633  acc 0.4865  val_loss 1.2678  val_acc 0.4762
2026-04-09 10:49:26    epoch  41  loss 1.2761  acc 0.4750  val_loss 1.2544  val_acc 0.4729
2026-04-09 10:49:28    epoch  42  loss 1.2701  acc 0.4804  val_loss 1.2707  val_acc 0.4773
2026-04-09 10:49:30    epoch  43  loss 1.2542  acc 0.4865  val_loss 1.2641  val_acc 0.4957
2026-04-09 10:49:31    epoch  44  loss 1.2476  acc 0.4904  val_loss 1.2467  val_acc 0.4957
2026-04-09 10:49:33    epoch  45  loss 1.2529  acc 0.5010  val_loss 1.2403  val_acc 0.5130
2026-04-09 10:49:35    epoch  46  loss 1.2361  acc 0.5076  val_loss 1.2278  val_acc 0.5206
2026-04-09 10:49:36    epoch  47  loss 1.2228  acc 0.5191  val_loss 1.2212  val_acc 0.5281
2026-04-09 10:49:38    epoch  48  loss 1.2157  acc 0.5215  val_loss 1.2288  val_acc 0.5130
2026-04-09 10:49:40    epoch  49  loss 1.2454  acc 0.4946  val_loss 1.2687  val_acc 0.4643
2026-04-09 10:49:41    epoch  50  loss 1.2391  acc 0.4895  val_loss 1.2476  val_acc 0.4848
2026-04-09 10:49:43    epoch  51  loss 1.2338  acc 0.5118  val_loss 1.2163  val_acc 0.5379
2026-04-09 10:49:45    epoch  52  loss 1.2145  acc 0.5155  val_loss 1.2624  val_acc 0.4978
2026-04-09 10:49:46    epoch  53  loss 1.2155  acc 0.5189  val_loss 1.2107  val_acc 0.5184
2026-04-09 10:49:48    epoch  54  loss 1.1913  acc 0.5312  val_loss 1.2230  val_acc 0.5162
2026-04-09 10:49:50    epoch  55  loss 1.1812  acc 0.5380  val_loss 1.1958  val_acc 0.5281
2026-04-09 10:49:51    epoch  56  loss 1.1659  acc 0.5472  val_loss 1.1922  val_acc 0.5368
2026-04-09 10:49:53    epoch  57  loss 1.1683  acc 0.5477  val_loss 1.1946  val_acc 0.5184
2026-04-09 10:49:55    epoch  58  loss 1.1855  acc 0.5316  val_loss 1.2475  val_acc 0.5011
2026-04-09 10:49:56    epoch  59  loss 1.1864  acc 0.5180  val_loss 1.2415  val_acc 0.5184
2026-04-09 10:49:58    epoch  60  loss 1.1704  acc 0.5411  val_loss 1.2256  val_acc 0.5271
2026-04-09 10:50:00    epoch  61  loss 1.1529  acc 0.5490  val_loss 1.2038  val_acc 0.5390
2026-04-09 10:50:01    epoch  62  loss 1.1359  acc 0.5595  val_loss 1.1803  val_acc 0.5541
2026-04-09 10:50:03    epoch  63  loss 1.1259  acc 0.5663  val_loss 1.1713  val_acc 0.5444
2026-04-09 10:50:05    epoch  64  loss 1.1154  acc 0.5694  val_loss 1.1816  val_acc 0.5530
2026-04-09 10:50:06    epoch  65  loss 1.1090  acc 0.5768  val_loss 1.1826  val_acc 0.5422
2026-04-09 10:50:08    epoch  66  loss 1.1089  acc 0.5764  val_loss 1.1720  val_acc 0.5563
2026-04-09 10:50:10    epoch  67  loss 1.1034  acc 0.5783  val_loss 1.1720  val_acc 0.5574
2026-04-09 10:50:11    epoch  68  loss 1.0931  acc 0.5827  val_loss 1.1813  val_acc 0.5519
2026-04-09 10:50:13    epoch  69  loss 1.0840  acc 0.5884  val_loss 1.1632  val_acc 0.5617
2026-04-09 10:50:15    epoch  70  loss 1.0738  acc 0.5912  val_loss 1.1519  val_acc 0.5649
2026-04-09 10:50:16    epoch  71  loss 1.0738  acc 0.5933  val_loss 1.1585  val_acc 0.5660
2026-04-09 10:50:18    epoch  72  loss 1.0744  acc 0.5929  val_loss 1.1573  val_acc 0.5617
2026-04-09 10:50:20    epoch  73  loss 1.0635  acc 0.5996  val_loss 1.1605  val_acc 0.5801
2026-04-09 10:50:21    epoch  74  loss 1.0637  acc 0.5971  val_loss 1.1753  val_acc 0.5595
2026-04-09 10:50:23    epoch  75  loss 1.0697  acc 0.5912  val_loss 1.1672  val_acc 0.5682
2026-04-09 10:50:25    epoch  76  loss 1.0563  acc 0.5983  val_loss 1.1628  val_acc 0.5703
2026-04-09 10:50:26    epoch  77  loss 1.0549  acc 0.5961  val_loss 1.1659  val_acc 0.5628
2026-04-09 10:50:28    epoch  78  loss 1.0479  acc 0.6062  val_loss 1.1681  val_acc 0.5660
2026-04-09 10:50:28    Early stopping at epoch 78
2026-04-09 10:50:28    User5 accuracy: 0.5646
2026-04-09 10:50:28  ────────────────────────────────────────────────────────────
2026-04-09 10:50:28  LOSO fold — held-out: User6 (527 test windows, 9263 train windows)
2026-04-09 10:50:30    epoch   1  loss 2.1423  acc 0.1912  val_loss 1.8442  val_acc 0.2473
2026-04-09 10:50:32    epoch   2  loss 1.8415  acc 0.2611  val_loss 1.7297  val_acc 0.2894
2026-04-09 10:50:33    epoch   3  loss 1.7160  acc 0.3041  val_loss 1.6850  val_acc 0.3629
2026-04-09 10:50:35    epoch   4  loss 1.7403  acc 0.2932  val_loss 2.1411  val_acc 0.2019
2026-04-09 10:50:37    epoch   5  loss 1.8152  acc 0.2579  val_loss 1.6611  val_acc 0.3143
2026-04-09 10:50:38    epoch   6  loss 1.6492  acc 0.3165  val_loss 1.5883  val_acc 0.3423
2026-04-09 10:50:40    epoch   7  loss 1.6081  acc 0.3281  val_loss 1.6373  val_acc 0.3434
2026-04-09 10:50:42    epoch   8  loss 1.5941  acc 0.3312  val_loss 1.5470  val_acc 0.3240
2026-04-09 10:50:43    epoch   9  loss 1.5882  acc 0.3343  val_loss 1.5725  val_acc 0.3402
2026-04-09 10:50:45    epoch  10  loss 1.5680  acc 0.3411  val_loss 1.5525  val_acc 0.3434
2026-04-09 10:50:46    epoch  11  loss 1.5409  acc 0.3531  val_loss 1.5047  val_acc 0.3855
2026-04-09 10:50:48    epoch  12  loss 1.5481  acc 0.3584  val_loss 1.5265  val_acc 0.3585
2026-04-09 10:50:50    epoch  13  loss 1.5180  acc 0.3674  val_loss 1.4779  val_acc 0.4114
2026-04-09 10:50:51    epoch  14  loss 1.4894  acc 0.3830  val_loss 1.4745  val_acc 0.3726
2026-04-09 10:50:53    epoch  15  loss 1.4802  acc 0.3832  val_loss 1.4563  val_acc 0.4114
2026-04-09 10:50:54    epoch  16  loss 1.4788  acc 0.3926  val_loss 1.4592  val_acc 0.4050
2026-04-09 10:50:56    epoch  17  loss 1.4674  acc 0.3980  val_loss 1.4514  val_acc 0.4114
2026-04-09 10:50:58    epoch  18  loss 1.4462  acc 0.4070  val_loss 1.4160  val_acc 0.4266
2026-04-09 10:50:59    epoch  19  loss 1.4261  acc 0.4174  val_loss 1.4264  val_acc 0.4147
2026-04-09 10:51:01    epoch  20  loss 1.4241  acc 0.4136  val_loss 1.3831  val_acc 0.4125
2026-04-09 10:51:02    epoch  21  loss 1.3983  acc 0.4319  val_loss 1.3814  val_acc 0.4093
2026-04-09 10:51:04    epoch  22  loss 1.3669  acc 0.4380  val_loss 1.3748  val_acc 0.4460
2026-04-09 10:51:06    epoch  23  loss 1.3876  acc 0.4329  val_loss 1.3570  val_acc 0.4406
2026-04-09 10:51:07    epoch  24  loss 1.3749  acc 0.4358  val_loss 1.3388  val_acc 0.4492
2026-04-09 10:51:09    epoch  25  loss 1.3557  acc 0.4508  val_loss 1.3402  val_acc 0.4093
2026-04-09 10:51:10    epoch  26  loss 1.3513  acc 0.4452  val_loss 1.3251  val_acc 0.4536
2026-04-09 10:51:12    epoch  27  loss 1.3371  acc 0.4484  val_loss 1.3283  val_acc 0.4212
2026-04-09 10:51:14    epoch  28  loss 1.3203  acc 0.4566  val_loss 1.3061  val_acc 0.4600
2026-04-09 10:51:16    epoch  29  loss 1.3275  acc 0.4509  val_loss 1.3093  val_acc 0.4644
2026-04-09 10:51:17    epoch  30  loss 1.3063  acc 0.4596  val_loss 1.2981  val_acc 0.4384
2026-04-09 10:51:19    epoch  31  loss 1.2936  acc 0.4656  val_loss 1.3124  val_acc 0.4665
2026-04-09 10:51:20    epoch  32  loss 1.3066  acc 0.4648  val_loss 1.3219  val_acc 0.4341
2026-04-09 10:51:22    epoch  33  loss 1.2979  acc 0.4640  val_loss 1.2989  val_acc 0.4730
2026-04-09 10:51:24    epoch  34  loss 1.2977  acc 0.4625  val_loss 1.3003  val_acc 0.4806
2026-04-09 10:51:25    epoch  35  loss 1.3012  acc 0.4584  val_loss 1.3164  val_acc 0.4557
2026-04-09 10:51:27    epoch  36  loss 1.2937  acc 0.4692  val_loss 1.2711  val_acc 0.4698
2026-04-09 10:51:28    epoch  37  loss 1.2695  acc 0.4719  val_loss 1.2726  val_acc 0.4773
2026-04-09 10:51:30    epoch  38  loss 1.2556  acc 0.4780  val_loss 1.2639  val_acc 0.4568
2026-04-09 10:51:32    epoch  39  loss 1.2510  acc 0.4849  val_loss 1.2737  val_acc 0.4698
2026-04-09 10:51:33    epoch  40  loss 1.2430  acc 0.4764  val_loss 1.2677  val_acc 0.4741
2026-04-09 10:51:35    epoch  41  loss 1.2348  acc 0.4872  val_loss 1.2586  val_acc 0.4611
2026-04-09 10:51:36    epoch  42  loss 1.2414  acc 0.4885  val_loss 1.2608  val_acc 0.4708
2026-04-09 10:51:38    epoch  43  loss 1.2233  acc 0.4942  val_loss 1.2725  val_acc 0.4482
2026-04-09 10:51:40    epoch  44  loss 1.2162  acc 0.4943  val_loss 1.2576  val_acc 0.4568
2026-04-09 10:51:41    epoch  45  loss 1.2300  acc 0.4915  val_loss 1.2483  val_acc 0.4741
2026-04-09 10:51:43    epoch  46  loss 1.2120  acc 0.4998  val_loss 1.2420  val_acc 0.4784
2026-04-09 10:51:44    epoch  47  loss 1.2056  acc 0.4966  val_loss 1.2499  val_acc 0.4881
2026-04-09 10:51:46    epoch  48  loss 1.2069  acc 0.4925  val_loss 1.2449  val_acc 0.4935
2026-04-09 10:51:48    epoch  49  loss 1.2055  acc 0.4978  val_loss 1.2407  val_acc 0.4741
2026-04-09 10:51:49    epoch  50  loss 1.2026  acc 0.4968  val_loss 1.2384  val_acc 0.4881
2026-04-09 10:51:51    epoch  51  loss 1.1915  acc 0.4987  val_loss 1.2333  val_acc 0.5000
2026-04-09 10:51:53    epoch  52  loss 1.1838  acc 0.5064  val_loss 1.2337  val_acc 0.4924
2026-04-09 10:51:54    epoch  53  loss 1.1819  acc 0.5116  val_loss 1.2327  val_acc 0.4892
2026-04-09 10:51:56    epoch  54  loss 1.1777  acc 0.5117  val_loss 1.2246  val_acc 0.4773
2026-04-09 10:51:57    epoch  55  loss 1.1940  acc 0.5092  val_loss 1.2361  val_acc 0.4579
2026-04-09 10:51:59    epoch  56  loss 1.1816  acc 0.5104  val_loss 1.2237  val_acc 0.4741
2026-04-09 10:52:01    epoch  57  loss 1.1714  acc 0.5159  val_loss 1.2151  val_acc 0.4762
2026-04-09 10:52:02    epoch  58  loss 1.1636  acc 0.5191  val_loss 1.2129  val_acc 0.5022
2026-04-09 10:52:04    epoch  59  loss 1.1577  acc 0.5273  val_loss 1.2315  val_acc 0.4784
2026-04-09 10:52:06    epoch  60  loss 1.1570  acc 0.5226  val_loss 1.2317  val_acc 0.5000
2026-04-09 10:52:07    epoch  61  loss 1.1590  acc 0.5196  val_loss 1.2199  val_acc 0.4870
2026-04-09 10:52:09    epoch  62  loss 1.1668  acc 0.5202  val_loss 1.2159  val_acc 0.5119
2026-04-09 10:52:10    epoch  63  loss 1.1579  acc 0.5258  val_loss 1.1980  val_acc 0.5054
2026-04-09 10:52:12    epoch  64  loss 1.1363  acc 0.5282  val_loss 1.2108  val_acc 0.4924
2026-04-09 10:52:14    epoch  65  loss 1.1368  acc 0.5370  val_loss 1.2158  val_acc 0.5076
2026-04-09 10:52:15    epoch  66  loss 1.1329  acc 0.5378  val_loss 1.2173  val_acc 0.4881
2026-04-09 10:52:17    epoch  67  loss 1.1276  acc 0.5447  val_loss 1.2029  val_acc 0.5248
2026-04-09 10:52:18    epoch  68  loss 1.1241  acc 0.5431  val_loss 1.2092  val_acc 0.5022
2026-04-09 10:52:20    epoch  69  loss 1.1038  acc 0.5482  val_loss 1.2162  val_acc 0.5162
2026-04-09 10:52:22    epoch  70  loss 1.1071  acc 0.5498  val_loss 1.2025  val_acc 0.5054
2026-04-09 10:52:23    epoch  71  loss 1.0924  acc 0.5533  val_loss 1.2073  val_acc 0.5140
2026-04-09 10:52:23    Early stopping at epoch 71
2026-04-09 10:52:23    User6 accuracy: 0.4934
2026-04-09 10:52:24  ────────────────────────────────────────────────────────────
2026-04-09 10:52:24  LOSO fold — held-out: User7 (1135 test windows, 8655 train windows)
2026-04-09 10:52:25    epoch   1  loss 2.1581  acc 0.1834  val_loss 1.8684  val_acc 0.2416
2026-04-09 10:52:27    epoch   2  loss 1.8536  acc 0.2575  val_loss 1.8202  val_acc 0.2590
2026-04-09 10:52:28    epoch   3  loss 1.8336  acc 0.2562  val_loss 1.8115  val_acc 0.2983
2026-04-09 10:52:30    epoch   4  loss 1.8006  acc 0.2733  val_loss 1.7103  val_acc 0.3133
2026-04-09 10:52:31    epoch   5  loss 1.7008  acc 0.2914  val_loss 1.6708  val_acc 0.2925
2026-04-09 10:52:33    epoch   6  loss 1.7041  acc 0.2936  val_loss 1.6452  val_acc 0.2890
2026-04-09 10:52:34    epoch   7  loss 1.6457  acc 0.3059  val_loss 1.5979  val_acc 0.3549
2026-04-09 10:52:36    epoch   8  loss 1.5980  acc 0.3327  val_loss 1.6344  val_acc 0.3399
2026-04-09 10:52:37    epoch   9  loss 1.6085  acc 0.3299  val_loss 1.5597  val_acc 0.3468
2026-04-09 10:52:39    epoch  10  loss 1.5853  acc 0.3356  val_loss 1.5873  val_acc 0.3908
2026-04-09 10:52:40    epoch  11  loss 1.5915  acc 0.3447  val_loss 1.5652  val_acc 0.3642
2026-04-09 10:52:42    epoch  12  loss 1.5559  acc 0.3498  val_loss 1.5358  val_acc 0.3977
2026-04-09 10:52:43    epoch  13  loss 1.5512  acc 0.3537  val_loss 1.4985  val_acc 0.4058
2026-04-09 10:52:45    epoch  14  loss 1.5616  acc 0.3542  val_loss 1.5500  val_acc 0.3434
2026-04-09 10:52:46    epoch  15  loss 1.5199  acc 0.3657  val_loss 1.4672  val_acc 0.3653
2026-04-09 10:52:48    epoch  16  loss 1.5596  acc 0.3535  val_loss 1.4939  val_acc 0.3873
2026-04-09 10:52:49    epoch  17  loss 1.6079  acc 0.3418  val_loss 1.5107  val_acc 0.3434
2026-04-09 10:52:51    epoch  18  loss 1.5062  acc 0.3673  val_loss 1.4553  val_acc 0.3942
2026-04-09 10:52:52    epoch  19  loss 1.4793  acc 0.3805  val_loss 1.4519  val_acc 0.3734
2026-04-09 10:52:54    epoch  20  loss 1.4740  acc 0.3936  val_loss 1.4649  val_acc 0.3734
2026-04-09 10:52:55    epoch  21  loss 1.4738  acc 0.3838  val_loss 1.4780  val_acc 0.3503
2026-04-09 10:52:57    epoch  22  loss 1.4626  acc 0.3782  val_loss 1.4415  val_acc 0.3746
2026-04-09 10:52:58    epoch  23  loss 1.4493  acc 0.4004  val_loss 1.4247  val_acc 0.3642
2026-04-09 10:53:00    epoch  24  loss 1.4683  acc 0.3917  val_loss 1.4505  val_acc 0.4023
2026-04-09 10:53:01    epoch  25  loss 1.4553  acc 0.4005  val_loss 1.4059  val_acc 0.4324
2026-04-09 10:53:03    epoch  26  loss 1.4414  acc 0.4086  val_loss 1.4064  val_acc 0.3931
2026-04-09 10:53:04    epoch  27  loss 1.4253  acc 0.4082  val_loss 1.3988  val_acc 0.4220
2026-04-09 10:53:06    epoch  28  loss 1.4202  acc 0.4118  val_loss 1.4116  val_acc 0.4208
2026-04-09 10:53:07    epoch  29  loss 1.4045  acc 0.4241  val_loss 1.3735  val_acc 0.4173
2026-04-09 10:53:09    epoch  30  loss 1.3918  acc 0.4277  val_loss 1.3539  val_acc 0.4069
2026-04-09 10:53:10    epoch  31  loss 1.3978  acc 0.4272  val_loss 1.3711  val_acc 0.4324
2026-04-09 10:53:12    epoch  32  loss 1.3917  acc 0.4299  val_loss 1.3728  val_acc 0.4081
2026-04-09 10:53:13    epoch  33  loss 1.3948  acc 0.4331  val_loss 1.3228  val_acc 0.4555
2026-04-09 10:53:14    epoch  34  loss 1.3631  acc 0.4431  val_loss 1.3293  val_acc 0.4590
2026-04-09 10:53:16    epoch  35  loss 1.3649  acc 0.4399  val_loss 1.3903  val_acc 0.3988
2026-04-09 10:53:17    epoch  36  loss 1.3738  acc 0.4413  val_loss 1.3186  val_acc 0.4636
2026-04-09 10:53:19    epoch  37  loss 1.3415  acc 0.4557  val_loss 1.3185  val_acc 0.4520
2026-04-09 10:53:20    epoch  38  loss 1.3500  acc 0.4493  val_loss 1.3532  val_acc 0.4497
2026-04-09 10:53:22    epoch  39  loss 1.3401  acc 0.4601  val_loss 1.3291  val_acc 0.4231
2026-04-09 10:53:23    epoch  40  loss 1.3372  acc 0.4585  val_loss 1.3360  val_acc 0.4740
2026-04-09 10:53:25    epoch  41  loss 1.3169  acc 0.4648  val_loss 1.2821  val_acc 0.4844
2026-04-09 10:53:26    epoch  42  loss 1.3228  acc 0.4668  val_loss 1.3826  val_acc 0.4208
2026-04-09 10:53:28    epoch  43  loss 1.3650  acc 0.4425  val_loss 1.2915  val_acc 0.4682
2026-04-09 10:53:29    epoch  44  loss 1.3038  acc 0.4637  val_loss 1.3010  val_acc 0.4509
2026-04-09 10:53:31    epoch  45  loss 1.3084  acc 0.4579  val_loss 1.3162  val_acc 0.4786
2026-04-09 10:53:32    epoch  46  loss 1.2856  acc 0.4747  val_loss 1.3242  val_acc 0.4382
2026-04-09 10:53:34    epoch  47  loss 1.2632  acc 0.4810  val_loss 1.2758  val_acc 0.4855
2026-04-09 10:53:35    epoch  48  loss 1.2628  acc 0.4765  val_loss 1.2820  val_acc 0.4555
2026-04-09 10:53:37    epoch  49  loss 1.2514  acc 0.4906  val_loss 1.2620  val_acc 0.4578
2026-04-09 10:53:38    epoch  50  loss 1.2538  acc 0.4883  val_loss 1.2565  val_acc 0.4705
2026-04-09 10:53:40    epoch  51  loss 1.2324  acc 0.4959  val_loss 1.2593  val_acc 0.4659
2026-04-09 10:53:41    epoch  52  loss 1.2351  acc 0.4919  val_loss 1.2410  val_acc 0.4717
2026-04-09 10:53:43    epoch  53  loss 1.2387  acc 0.4926  val_loss 1.2663  val_acc 0.4636
2026-04-09 10:53:44    epoch  54  loss 1.2331  acc 0.4926  val_loss 1.2356  val_acc 0.4844
2026-04-09 10:53:46    epoch  55  loss 1.2209  acc 0.4938  val_loss 1.2325  val_acc 0.4809
2026-04-09 10:53:47    epoch  56  loss 1.2113  acc 0.5010  val_loss 1.2632  val_acc 0.4647
2026-04-09 10:53:49    epoch  57  loss 1.2091  acc 0.5023  val_loss 1.2339  val_acc 0.4786
2026-04-09 10:53:50    epoch  58  loss 1.2076  acc 0.5062  val_loss 1.2319  val_acc 0.4832
2026-04-09 10:53:51    epoch  59  loss 1.2011  acc 0.5024  val_loss 1.2250  val_acc 0.4879
2026-04-09 10:53:53    epoch  60  loss 1.1899  acc 0.5062  val_loss 1.2446  val_acc 0.4751
2026-04-09 10:53:55    epoch  61  loss 1.1857  acc 0.5136  val_loss 1.2179  val_acc 0.4844
2026-04-09 10:53:56    epoch  62  loss 1.1893  acc 0.5104  val_loss 1.2337  val_acc 0.4717
2026-04-09 10:53:58    epoch  63  loss 1.1911  acc 0.5089  val_loss 1.2174  val_acc 0.5121
2026-04-09 10:53:59    epoch  64  loss 1.1823  acc 0.5150  val_loss 1.2290  val_acc 0.4832
