2026-04-09 10:40:54  ============================================================
2026-04-09 10:40:54  deep_conv_lstm  |  window=300  step=300
2026-04-09 10:40:54  Device  : cuda:3
2026-04-09 10:40:54  Flatten : False
2026-04-09 10:40:54  Log     : /home/mahmudm2/codebase/ClassyGlass/scripts/benchmark/logs/deep_conv_lstm_W300_S300.log
2026-04-09 10:40:54  Model   : /home/mahmudm2/codebase/ClassyGlass/scripts/benchmark/models/deep_conv_lstm_best_W300_S300.pth
2026-04-09 10:40:54  Figures : /home/mahmudm2/codebase/ClassyGlass/scripts/benchmark/figures
2026-04-09 10:40:54  ============================================================
2026-04-09 10:40:57  Loaded 4883 windows | window=300  step=300 | 129 experiments | 12 subjects | 0 experiments skipped
2026-04-09 10:40:58  ────────────────────────────────────────────────────────────
2026-04-09 10:40:58  LOSO fold — held-out: User1 (282 test windows, 4601 train windows)
2026-04-09 10:41:04    epoch   1  loss 2.2908  acc 0.1488  val_loss 2.0543  val_acc 0.2609
2026-04-09 10:41:05    epoch   2  loss 1.9205  acc 0.2342  val_loss 1.8792  val_acc 0.2783
2026-04-09 10:41:06    epoch   3  loss 1.8122  acc 0.2550  val_loss 1.7374  val_acc 0.3022
2026-04-09 10:41:07    epoch   4  loss 1.7452  acc 0.2796  val_loss 1.6234  val_acc 0.3130
2026-04-09 10:41:08    epoch   5  loss 1.6787  acc 0.2915  val_loss 1.6652  val_acc 0.3196
2026-04-09 10:41:09    epoch   6  loss 1.6925  acc 0.3038  val_loss 1.6347  val_acc 0.3609
2026-04-09 10:41:10    epoch   7  loss 1.5960  acc 0.3260  val_loss 1.5293  val_acc 0.3739
2026-04-09 10:41:12    epoch   8  loss 1.5847  acc 0.3275  val_loss 1.6218  val_acc 0.3000
2026-04-09 10:41:13    epoch   9  loss 1.6045  acc 0.3241  val_loss 1.5497  val_acc 0.3717
2026-04-09 10:41:14    epoch  10  loss 1.5836  acc 0.3589  val_loss 1.5558  val_acc 0.3783
2026-04-09 10:41:15    epoch  11  loss 1.5850  acc 0.3378  val_loss 1.5629  val_acc 0.3543
2026-04-09 10:41:16    epoch  12  loss 1.5324  acc 0.3625  val_loss 1.5160  val_acc 0.3978
2026-04-09 10:41:17    epoch  13  loss 1.5112  acc 0.3816  val_loss 1.5593  val_acc 0.3826
2026-04-09 10:41:18    epoch  14  loss 1.5384  acc 0.3630  val_loss 1.5558  val_acc 0.3957
2026-04-09 10:41:19    epoch  15  loss 1.5434  acc 0.3403  val_loss 1.4728  val_acc 0.4000
2026-04-09 10:41:20    epoch  16  loss 1.5225  acc 0.3596  val_loss 1.5026  val_acc 0.3891
2026-04-09 10:41:21    epoch  17  loss 1.5270  acc 0.3538  val_loss 1.4643  val_acc 0.3913
2026-04-09 10:41:23    epoch  18  loss 1.4665  acc 0.3784  val_loss 1.4525  val_acc 0.4283
2026-04-09 10:41:24    epoch  19  loss 1.5692  acc 0.3497  val_loss 1.4721  val_acc 0.3696
2026-04-09 10:41:25    epoch  20  loss 1.4868  acc 0.3661  val_loss 1.4340  val_acc 0.4043
2026-04-09 10:41:26    epoch  21  loss 1.4582  acc 0.3927  val_loss 1.4429  val_acc 0.4261
2026-04-09 10:41:27    epoch  22  loss 1.4446  acc 0.3825  val_loss 1.4377  val_acc 0.3848
2026-04-09 10:41:28    epoch  23  loss 1.4591  acc 0.3927  val_loss 1.4302  val_acc 0.3978
2026-04-09 10:41:29    epoch  24  loss 1.4514  acc 0.4001  val_loss 1.3754  val_acc 0.4370
2026-04-09 10:41:30    epoch  25  loss 1.4482  acc 0.4026  val_loss 1.4304  val_acc 0.4087
2026-04-09 10:41:31    epoch  26  loss 1.4112  acc 0.4113  val_loss 1.4518  val_acc 0.4065
2026-04-09 10:41:32    epoch  27  loss 1.4209  acc 0.4098  val_loss 1.3703  val_acc 0.4457
2026-04-09 10:41:34    epoch  28  loss 1.3835  acc 0.4192  val_loss 1.3433  val_acc 0.4348
2026-04-09 10:41:35    epoch  29  loss 1.3867  acc 0.4161  val_loss 1.3551  val_acc 0.4500
2026-04-09 10:41:36    epoch  30  loss 1.3683  acc 0.4253  val_loss 1.3367  val_acc 0.4630
2026-04-09 10:41:37    epoch  31  loss 1.3620  acc 0.4265  val_loss 1.3727  val_acc 0.4348
2026-04-09 10:41:38    epoch  32  loss 1.3739  acc 0.4219  val_loss 1.3907  val_acc 0.4391
2026-04-09 10:41:39    epoch  33  loss 1.4838  acc 0.3898  val_loss 1.7554  val_acc 0.3326
2026-04-09 10:41:40    epoch  34  loss 1.5030  acc 0.3767  val_loss 1.4056  val_acc 0.4457
2026-04-09 10:41:41    epoch  35  loss 1.3800  acc 0.4214  val_loss 1.3999  val_acc 0.4261
2026-04-09 10:41:42    epoch  36  loss 1.3790  acc 0.4238  val_loss 1.3546  val_acc 0.4609
2026-04-09 10:41:43    epoch  37  loss 1.3747  acc 0.4262  val_loss 1.3646  val_acc 0.4652
2026-04-09 10:41:45    epoch  38  loss 1.3458  acc 0.4308  val_loss 1.3355  val_acc 0.4696
2026-04-09 10:41:46    epoch  39  loss 1.3241  acc 0.4402  val_loss 1.3210  val_acc 0.4848
2026-04-09 10:41:47    epoch  40  loss 1.3209  acc 0.4465  val_loss 1.3147  val_acc 0.4935
2026-04-09 10:41:48    epoch  41  loss 1.3149  acc 0.4446  val_loss 1.3157  val_acc 0.4652
2026-04-09 10:41:49    epoch  42  loss 1.3176  acc 0.4487  val_loss 1.3211  val_acc 0.4783
2026-04-09 10:41:50    epoch  43  loss 1.3085  acc 0.4400  val_loss 1.2984  val_acc 0.4870
2026-04-09 10:41:51    epoch  44  loss 1.2944  acc 0.4530  val_loss 1.2982  val_acc 0.4891
2026-04-09 10:41:53    epoch  45  loss 1.2799  acc 0.4574  val_loss 1.3069  val_acc 0.4804
2026-04-09 10:41:54    epoch  46  loss 1.2973  acc 0.4535  val_loss 1.2927  val_acc 0.4761
2026-04-09 10:41:55    epoch  47  loss 1.2881  acc 0.4513  val_loss 1.2895  val_acc 0.4848
2026-04-09 10:41:56    epoch  48  loss 1.2800  acc 0.4615  val_loss 1.3065  val_acc 0.4826
2026-04-09 10:41:57    epoch  49  loss 1.2773  acc 0.4530  val_loss 1.3186  val_acc 0.4674
2026-04-09 10:41:58    epoch  50  loss 1.2756  acc 0.4661  val_loss 1.3021  val_acc 0.4935
2026-04-09 10:41:59    epoch  51  loss 1.2791  acc 0.4547  val_loss 1.3059  val_acc 0.4739
2026-04-09 10:42:00    epoch  52  loss 1.2786  acc 0.4593  val_loss 1.3053  val_acc 0.4870
2026-04-09 10:42:01    epoch  53  loss 1.2812  acc 0.4583  val_loss 1.2963  val_acc 0.4913
2026-04-09 10:42:03    epoch  54  loss 1.2676  acc 0.4661  val_loss 1.3075  val_acc 0.4652
2026-04-09 10:42:04    epoch  55  loss 1.4054  acc 0.4236  val_loss 1.3856  val_acc 0.4478
2026-04-09 10:42:04    Early stopping at epoch 55
2026-04-09 10:42:04    User1 accuracy: 0.3440
2026-04-09 10:42:04    ✓ New best model saved (User1 held out, acc=0.3440)
2026-04-09 10:42:04  ────────────────────────────────────────────────────────────
2026-04-09 10:42:04  LOSO fold — held-out: User2 (259 test windows, 4624 train windows)
2026-04-09 10:42:06    epoch   1  loss 2.3309  acc 0.1321  val_loss 2.1532  val_acc 0.2468
2026-04-09 10:42:07    epoch   2  loss 2.0106  acc 0.2225  val_loss 1.8432  val_acc 0.2641
2026-04-09 10:42:08    epoch   3  loss 1.8353  acc 0.2588  val_loss 1.7342  val_acc 0.2749
2026-04-09 10:42:09    epoch   4  loss 1.7981  acc 0.2660  val_loss 1.7374  val_acc 0.2987
2026-04-09 10:42:10    epoch   5  loss 1.7323  acc 0.3148  val_loss 1.6406  val_acc 0.3377
2026-04-09 10:42:11    epoch   6  loss 1.7067  acc 0.3056  val_loss 1.7355  val_acc 0.2857
2026-04-09 10:42:12    epoch   7  loss 1.7382  acc 0.2905  val_loss 1.6261  val_acc 0.3420
2026-04-09 10:42:13    epoch   8  loss 1.7301  acc 0.3056  val_loss 1.6352  val_acc 0.3095
2026-04-09 10:42:15    epoch   9  loss 1.6514  acc 0.3066  val_loss 1.5971  val_acc 0.3593
2026-04-09 10:42:16    epoch  10  loss 1.6202  acc 0.3292  val_loss 1.6206  val_acc 0.3463
2026-04-09 10:42:17    epoch  11  loss 1.6781  acc 0.3236  val_loss 1.5678  val_acc 0.3636
2026-04-09 10:42:18    epoch  12  loss 1.5852  acc 0.3460  val_loss 1.5278  val_acc 0.3788
2026-04-09 10:42:19    epoch  13  loss 1.7812  acc 0.3083  val_loss 1.5987  val_acc 0.3485
2026-04-09 10:42:20    epoch  14  loss 1.6202  acc 0.3335  val_loss 1.5319  val_acc 0.3961
2026-04-09 10:42:21    epoch  15  loss 1.5663  acc 0.3640  val_loss 1.5379  val_acc 0.3615
2026-04-09 10:42:22    epoch  16  loss 1.5704  acc 0.3573  val_loss 1.5071  val_acc 0.3831
2026-04-09 10:42:23    epoch  17  loss 1.5502  acc 0.3592  val_loss 1.4855  val_acc 0.3961
2026-04-09 10:42:25    epoch  18  loss 1.5359  acc 0.3753  val_loss 1.4511  val_acc 0.4069
2026-04-09 10:42:26    epoch  19  loss 1.5167  acc 0.3782  val_loss 1.4555  val_acc 0.3918
2026-04-09 10:42:27    epoch  20  loss 1.4960  acc 0.3921  val_loss 1.4506  val_acc 0.4286
2026-04-09 10:42:28    epoch  21  loss 1.4887  acc 0.3955  val_loss 1.4282  val_acc 0.3874
2026-04-09 10:42:29    epoch  22  loss 1.4650  acc 0.3974  val_loss 1.4432  val_acc 0.4069
2026-04-09 10:42:30    epoch  23  loss 1.5063  acc 0.3907  val_loss 1.4360  val_acc 0.4026
2026-04-09 10:42:31    epoch  24  loss 1.5074  acc 0.3799  val_loss 1.4510  val_acc 0.3939
2026-04-09 10:42:32    epoch  25  loss 1.4501  acc 0.4080  val_loss 1.4175  val_acc 0.4134
2026-04-09 10:42:34    epoch  26  loss 1.4365  acc 0.4125  val_loss 1.4258  val_acc 0.4199
2026-04-09 10:42:35    epoch  27  loss 1.4460  acc 0.4128  val_loss 1.4407  val_acc 0.4026
2026-04-09 10:42:36    epoch  28  loss 1.4605  acc 0.3988  val_loss 1.4136  val_acc 0.4264
2026-04-09 10:42:37    epoch  29  loss 1.4409  acc 0.4135  val_loss 1.4211  val_acc 0.4069
2026-04-09 10:42:38    epoch  30  loss 1.4524  acc 0.3914  val_loss 1.4183  val_acc 0.4069
2026-04-09 10:42:40    epoch  31  loss 1.4119  acc 0.4210  val_loss 1.4291  val_acc 0.4242
2026-04-09 10:42:41    epoch  32  loss 1.4111  acc 0.4318  val_loss 1.4155  val_acc 0.4221
2026-04-09 10:42:42    epoch  33  loss 1.4047  acc 0.4291  val_loss 1.4152  val_acc 0.4156
2026-04-09 10:42:43    epoch  34  loss 1.3914  acc 0.4380  val_loss 1.4009  val_acc 0.4524
2026-04-09 10:42:44    epoch  35  loss 1.3529  acc 0.4481  val_loss 1.3921  val_acc 0.4524
2026-04-09 10:42:45    epoch  36  loss 1.3671  acc 0.4414  val_loss 1.4001  val_acc 0.4545
2026-04-09 10:42:46    epoch  37  loss 1.3776  acc 0.4476  val_loss 1.4422  val_acc 0.4351
2026-04-09 10:42:48    epoch  38  loss 1.3757  acc 0.4450  val_loss 1.3855  val_acc 0.4610
2026-04-09 10:42:49    epoch  39  loss 1.3466  acc 0.4447  val_loss 1.3974  val_acc 0.4329
2026-04-09 10:42:50    epoch  40  loss 1.3438  acc 0.4440  val_loss 1.3815  val_acc 0.4459
2026-04-09 10:42:51    epoch  41  loss 1.3354  acc 0.4563  val_loss 1.3889  val_acc 0.4351
2026-04-09 10:42:52    epoch  42  loss 1.3496  acc 0.4483  val_loss 1.3613  val_acc 0.4437
2026-04-09 10:42:53    epoch  43  loss 1.3287  acc 0.4471  val_loss 1.3831  val_acc 0.4307
2026-04-09 10:42:55    epoch  44  loss 1.3381  acc 0.4481  val_loss 1.3687  val_acc 0.4589
2026-04-09 10:42:56    epoch  45  loss 1.3282  acc 0.4522  val_loss 1.3641  val_acc 0.4567
2026-04-09 10:42:57    epoch  46  loss 1.3139  acc 0.4716  val_loss 1.3417  val_acc 0.4502
2026-04-09 10:42:58    epoch  47  loss 1.3200  acc 0.4606  val_loss 1.3416  val_acc 0.4675
2026-04-09 10:42:59    epoch  48  loss 1.3071  acc 0.4604  val_loss 1.3539  val_acc 0.4394
2026-04-09 10:43:00    epoch  49  loss 1.3250  acc 0.4551  val_loss 1.3291  val_acc 0.4481
2026-04-09 10:43:01    epoch  50  loss 1.3543  acc 0.4452  val_loss 1.3705  val_acc 0.4134
2026-04-09 10:43:03    epoch  51  loss 1.3228  acc 0.4519  val_loss 1.3726  val_acc 0.4264
2026-04-09 10:43:04    epoch  52  loss 1.3131  acc 0.4577  val_loss 1.3892  val_acc 0.4394
2026-04-09 10:43:05    epoch  53  loss 1.3612  acc 0.4462  val_loss 1.3857  val_acc 0.4199
2026-04-09 10:43:06    epoch  54  loss 1.3235  acc 0.4495  val_loss 1.3461  val_acc 0.4784
2026-04-09 10:43:07    epoch  55  loss 1.2907  acc 0.4757  val_loss 1.3522  val_acc 0.4524
2026-04-09 10:43:08    epoch  56  loss 1.2935  acc 0.4714  val_loss 1.3524  val_acc 0.4719
2026-04-09 10:43:10    epoch  57  loss 1.2975  acc 0.4661  val_loss 1.3562  val_acc 0.4199
2026-04-09 10:43:10    Early stopping at epoch 57
2026-04-09 10:43:10    User2 accuracy: 0.4633
2026-04-09 10:43:10    ✓ New best model saved (User2 held out, acc=0.4633)
2026-04-09 10:43:10  ────────────────────────────────────────────────────────────
2026-04-09 10:43:10  LOSO fold — held-out: User3 (257 test windows, 4626 train windows)
2026-04-09 10:43:11    epoch   1  loss 2.3420  acc 0.1470  val_loss 2.1153  val_acc 0.2186
2026-04-09 10:43:12    epoch   2  loss 1.9789  acc 0.2344  val_loss 1.8047  val_acc 0.2792
2026-04-09 10:43:14    epoch   3  loss 1.8262  acc 0.2644  val_loss 1.7283  val_acc 0.2857
2026-04-09 10:43:15    epoch   4  loss 1.8325  acc 0.2634  val_loss 1.7344  val_acc 0.2922
2026-04-09 10:43:16    epoch   5  loss 1.7462  acc 0.2894  val_loss 1.6574  val_acc 0.3312
2026-04-09 10:43:17    epoch   6  loss 1.7147  acc 0.3014  val_loss 1.7023  val_acc 0.3290
2026-04-09 10:43:18    epoch   7  loss 1.7245  acc 0.2956  val_loss 1.5938  val_acc 0.3442
2026-04-09 10:43:20    epoch   8  loss 1.6393  acc 0.3129  val_loss 1.5722  val_acc 0.3745
2026-04-09 10:43:21    epoch   9  loss 1.6073  acc 0.3427  val_loss 1.5410  val_acc 0.3528
2026-04-09 10:43:22    epoch  10  loss 1.6652  acc 0.3124  val_loss 1.6146  val_acc 0.3225
2026-04-09 10:43:23    epoch  11  loss 1.6180  acc 0.3280  val_loss 1.5853  val_acc 0.3506
2026-04-09 10:43:24    epoch  12  loss 1.5866  acc 0.3463  val_loss 1.5086  val_acc 0.3636
2026-04-09 10:43:25    epoch  13  loss 1.5759  acc 0.3521  val_loss 1.5649  val_acc 0.3420
2026-04-09 10:43:27    epoch  14  loss 1.5678  acc 0.3696  val_loss 1.4994  val_acc 0.3874
2026-04-09 10:43:28    epoch  15  loss 1.5510  acc 0.3737  val_loss 1.4867  val_acc 0.4004
2026-04-09 10:43:29    epoch  16  loss 1.5822  acc 0.3547  val_loss 1.4616  val_acc 0.3896
2026-04-09 10:43:30    epoch  17  loss 1.5623  acc 0.3734  val_loss 1.4808  val_acc 0.3788
2026-04-09 10:43:31    epoch  18  loss 1.5247  acc 0.3814  val_loss 1.5048  val_acc 0.3766
2026-04-09 10:43:32    epoch  19  loss 1.5053  acc 0.3850  val_loss 1.5159  val_acc 0.3874
2026-04-09 10:43:34    epoch  20  loss 1.5764  acc 0.3730  val_loss 1.5074  val_acc 0.3550
2026-04-09 10:43:35    epoch  21  loss 1.6015  acc 0.3566  val_loss 1.5528  val_acc 0.3571
2026-04-09 10:43:36    epoch  22  loss 1.5600  acc 0.3739  val_loss 1.4295  val_acc 0.4221
2026-04-09 10:43:37    epoch  23  loss 1.4708  acc 0.3999  val_loss 1.4148  val_acc 0.4242
2026-04-09 10:43:38    epoch  24  loss 1.4556  acc 0.4087  val_loss 1.4048  val_acc 0.4004
2026-04-09 10:43:39    epoch  25  loss 1.4445  acc 0.4140  val_loss 1.3890  val_acc 0.4437
2026-04-09 10:43:41    epoch  26  loss 1.4458  acc 0.4073  val_loss 1.4110  val_acc 0.4307
2026-04-09 10:43:42    epoch  27  loss 1.4305  acc 0.4138  val_loss 1.3903  val_acc 0.4307
2026-04-09 10:43:43    epoch  28  loss 1.4354  acc 0.4109  val_loss 1.3822  val_acc 0.4329
2026-04-09 10:43:44    epoch  29  loss 1.4325  acc 0.4042  val_loss 1.3714  val_acc 0.4134
2026-04-09 10:43:45    epoch  30  loss 1.4171  acc 0.4152  val_loss 1.3596  val_acc 0.4199
2026-04-09 10:43:47    epoch  31  loss 1.4291  acc 0.4123  val_loss 1.3653  val_acc 0.4394
2026-04-09 10:43:48    epoch  32  loss 1.4080  acc 0.4152  val_loss 1.3961  val_acc 0.4307
2026-04-09 10:43:49    epoch  33  loss 1.3989  acc 0.4296  val_loss 1.3901  val_acc 0.4134
2026-04-09 10:43:50    epoch  34  loss 1.4025  acc 0.4183  val_loss 1.3745  val_acc 0.4437
2026-04-09 10:43:51    epoch  35  loss 1.4514  acc 0.4155  val_loss 1.4050  val_acc 0.4091
2026-04-09 10:43:52    epoch  36  loss 1.4091  acc 0.4159  val_loss 1.3970  val_acc 0.4156
2026-04-09 10:43:53    epoch  37  loss 1.3871  acc 0.4296  val_loss 1.3643  val_acc 0.4286
2026-04-09 10:43:55    epoch  38  loss 1.3956  acc 0.4229  val_loss 1.3498  val_acc 0.4481
2026-04-09 10:43:56    epoch  39  loss 1.3757  acc 0.4260  val_loss 1.3342  val_acc 0.4416
2026-04-09 10:43:57    epoch  40  loss 1.3665  acc 0.4337  val_loss 1.3345  val_acc 0.4329
2026-04-09 10:43:58    epoch  41  loss 1.3584  acc 0.4364  val_loss 1.3261  val_acc 0.4481
2026-04-09 10:43:59    epoch  42  loss 1.3524  acc 0.4424  val_loss 1.3215  val_acc 0.4372
2026-04-09 10:44:00    epoch  43  loss 1.3438  acc 0.4496  val_loss 1.3323  val_acc 0.4416
2026-04-09 10:44:02    epoch  44  loss 1.3369  acc 0.4424  val_loss 1.3188  val_acc 0.4481
2026-04-09 10:44:03    epoch  45  loss 1.3484  acc 0.4359  val_loss 1.3326  val_acc 0.4524
2026-04-09 10:44:04    epoch  46  loss 1.3521  acc 0.4354  val_loss 1.3402  val_acc 0.4372
2026-04-09 10:44:05    epoch  47  loss 1.3607  acc 0.4397  val_loss 1.3061  val_acc 0.4632
2026-04-09 10:44:06    epoch  48  loss 1.3438  acc 0.4400  val_loss 1.3176  val_acc 0.4589
2026-04-09 10:44:07    epoch  49  loss 1.3360  acc 0.4481  val_loss 1.3065  val_acc 0.4654
2026-04-09 10:44:09    epoch  50  loss 1.3300  acc 0.4448  val_loss 1.3185  val_acc 0.4567
2026-04-09 10:44:10    epoch  51  loss 1.3314  acc 0.4522  val_loss 1.2932  val_acc 0.4502
2026-04-09 10:44:11    epoch  52  loss 1.3267  acc 0.4520  val_loss 1.3118  val_acc 0.4610
2026-04-09 10:44:12    epoch  53  loss 1.3328  acc 0.4344  val_loss 1.3056  val_acc 0.4589
2026-04-09 10:44:13    epoch  54  loss 1.3229  acc 0.4565  val_loss 1.2883  val_acc 0.4589
2026-04-09 10:44:14    epoch  55  loss 1.3112  acc 0.4623  val_loss 1.2953  val_acc 0.4632
2026-04-09 10:44:15    epoch  56  loss 1.3051  acc 0.4657  val_loss 1.2841  val_acc 0.4524
2026-04-09 10:44:17    epoch  57  loss 1.3057  acc 0.4654  val_loss 1.3045  val_acc 0.4589
2026-04-09 10:44:18    epoch  58  loss 1.3104  acc 0.4532  val_loss 1.2852  val_acc 0.4654
2026-04-09 10:44:19    epoch  59  loss 1.3111  acc 0.4546  val_loss 1.2973  val_acc 0.4610
2026-04-09 10:44:20    epoch  60  loss 1.3119  acc 0.4587  val_loss 1.2804  val_acc 0.4740
2026-04-09 10:44:21    epoch  61  loss 1.3083  acc 0.4630  val_loss 1.3250  val_acc 0.4502
2026-04-09 10:44:22    epoch  62  loss 1.3079  acc 0.4563  val_loss 1.2732  val_acc 0.4784
2026-04-09 10:44:24    epoch  63  loss 1.2895  acc 0.4633  val_loss 1.2609  val_acc 0.4740
2026-04-09 10:44:25    epoch  64  loss 1.2918  acc 0.4589  val_loss 1.2867  val_acc 0.4632
2026-04-09 10:44:26    epoch  65  loss 1.3004  acc 0.4606  val_loss 1.2711  val_acc 0.4437
2026-04-09 10:44:27    epoch  66  loss 1.2932  acc 0.4640  val_loss 1.2503  val_acc 0.4654
2026-04-09 10:44:28    epoch  67  loss 1.2835  acc 0.4659  val_loss 1.2692  val_acc 0.4632
2026-04-09 10:44:29    epoch  68  loss 1.2817  acc 0.4750  val_loss 1.2523  val_acc 0.4675
2026-04-09 10:44:31    epoch  69  loss 1.2868  acc 0.4681  val_loss 1.2567  val_acc 0.4610
2026-04-09 10:44:32    epoch  70  loss 1.2816  acc 0.4719  val_loss 1.2510  val_acc 0.4632
2026-04-09 10:44:33    epoch  71  loss 1.2794  acc 0.4707  val_loss 1.2653  val_acc 0.4610
2026-04-09 10:44:34    epoch  72  loss 1.2909  acc 0.4657  val_loss 1.2505  val_acc 0.4762
2026-04-09 10:44:35    epoch  73  loss 1.2652  acc 0.4781  val_loss 1.2405  val_acc 0.4827
2026-04-09 10:44:37    epoch  74  loss 1.2802  acc 0.4729  val_loss 1.2432  val_acc 0.4719
2026-04-09 10:44:38    epoch  75  loss 1.2737  acc 0.4760  val_loss 1.2491  val_acc 0.4654
2026-04-09 10:44:39    epoch  76  loss 1.2699  acc 0.4731  val_loss 1.2655  val_acc 0.4524
2026-04-09 10:44:40    epoch  77  loss 1.2608  acc 0.4741  val_loss 1.2527  val_acc 0.4654
2026-04-09 10:44:41    epoch  78  loss 1.2578  acc 0.4834  val_loss 1.2377  val_acc 0.4762
2026-04-09 10:44:42    epoch  79  loss 1.2528  acc 0.4834  val_loss 1.2366  val_acc 0.4848
2026-04-09 10:44:44    epoch  80  loss 1.2526  acc 0.4760  val_loss 1.2332  val_acc 0.4784
2026-04-09 10:44:45    epoch  81  loss 1.2553  acc 0.4767  val_loss 1.2384  val_acc 0.4762
2026-04-09 10:44:46    epoch  82  loss 1.2523  acc 0.4832  val_loss 1.2447  val_acc 0.4697
2026-04-09 10:44:47    epoch  83  loss 1.2567  acc 0.4688  val_loss 1.2303  val_acc 0.4784
2026-04-09 10:44:48    epoch  84  loss 1.2544  acc 0.4817  val_loss 1.2274  val_acc 0.4848
2026-04-09 10:44:49    epoch  85  loss 1.2497  acc 0.4827  val_loss 1.2385  val_acc 0.4762
2026-04-09 10:44:50    epoch  86  loss 1.2477  acc 0.4791  val_loss 1.2366  val_acc 0.4719
2026-04-09 10:44:52    epoch  87  loss 1.2506  acc 0.4748  val_loss 1.2457  val_acc 0.4610
2026-04-09 10:44:53    epoch  88  loss 1.2425  acc 0.4839  val_loss 1.2437  val_acc 0.4654
2026-04-09 10:44:54    epoch  89  loss 1.2405  acc 0.4810  val_loss 1.2458  val_acc 0.4610
2026-04-09 10:44:55    epoch  90  loss 1.2408  acc 0.4834  val_loss 1.2327  val_acc 0.4654
2026-04-09 10:44:56    epoch  91  loss 1.2355  acc 0.4851  val_loss 1.2504  val_acc 0.4610
2026-04-09 10:44:58    epoch  92  loss 1.2373  acc 0.4894  val_loss 1.2398  val_acc 0.4567
2026-04-09 10:44:58    Early stopping at epoch 92
2026-04-09 10:44:58    User3 accuracy: 0.3930
2026-04-09 10:44:58  ────────────────────────────────────────────────────────────
2026-04-09 10:44:58  LOSO fold — held-out: User4 (274 test windows, 4609 train windows)
2026-04-09 10:44:59    epoch   1  loss 2.3254  acc 0.1350  val_loss 2.0427  val_acc 0.2261
2026-04-09 10:45:00    epoch   2  loss 1.9409  acc 0.2381  val_loss 1.7625  val_acc 0.2913
2026-04-09 10:45:02    epoch   3  loss 1.8380  acc 0.2545  val_loss 1.9552  val_acc 0.2522
2026-04-09 10:45:03    epoch   4  loss 1.8784  acc 0.2642  val_loss 1.7138  val_acc 0.3217
2026-04-09 10:45:04    epoch   5  loss 1.7872  acc 0.2666  val_loss 1.7750  val_acc 0.2565
2026-04-09 10:45:05    epoch   6  loss 1.7114  acc 0.2919  val_loss 1.6126  val_acc 0.3261
2026-04-09 10:45:06    epoch   7  loss 1.6499  acc 0.3222  val_loss 1.5523  val_acc 0.3652
2026-04-09 10:45:08    epoch   8  loss 1.7013  acc 0.3034  val_loss 1.6276  val_acc 0.3196
2026-04-09 10:45:09    epoch   9  loss 1.6495  acc 0.3179  val_loss 1.6041  val_acc 0.3457
2026-04-09 10:45:10    epoch  10  loss 1.6517  acc 0.3145  val_loss 1.5625  val_acc 0.3565
2026-04-09 10:45:11    epoch  11  loss 1.5831  acc 0.3396  val_loss 1.5205  val_acc 0.3739
2026-04-09 10:45:12    epoch  12  loss 1.6061  acc 0.3396  val_loss 1.5317  val_acc 0.3565
2026-04-09 10:45:13    epoch  13  loss 1.5757  acc 0.3336  val_loss 1.5173  val_acc 0.3739
2026-04-09 10:45:14    epoch  14  loss 1.5528  acc 0.3507  val_loss 1.5609  val_acc 0.3717
2026-04-09 10:45:16    epoch  15  loss 1.5692  acc 0.3437  val_loss 1.5383  val_acc 0.3413
2026-04-09 10:45:17    epoch  16  loss 1.5524  acc 0.3512  val_loss 1.5519  val_acc 0.3761
2026-04-09 10:45:18    epoch  17  loss 1.5488  acc 0.3545  val_loss 1.4796  val_acc 0.3957
2026-04-09 10:45:19    epoch  18  loss 1.6741  acc 0.3338  val_loss 1.6026  val_acc 0.3674
2026-04-09 10:45:20    epoch  19  loss 1.6282  acc 0.3324  val_loss 1.5418  val_acc 0.3739
2026-04-09 10:45:22    epoch  20  loss 1.5811  acc 0.3425  val_loss 1.4994  val_acc 0.4022
2026-04-09 10:45:23    epoch  21  loss 1.5575  acc 0.3548  val_loss 1.5768  val_acc 0.3717
2026-04-09 10:45:24    epoch  22  loss 1.6121  acc 0.3425  val_loss 1.6111  val_acc 0.3413
2026-04-09 10:45:25    epoch  23  loss 1.5904  acc 0.3374  val_loss 1.4859  val_acc 0.3717
2026-04-09 10:45:26    epoch  24  loss 1.5319  acc 0.3608  val_loss 1.4761  val_acc 0.4283
2026-04-09 10:45:27    epoch  25  loss 1.5115  acc 0.3871  val_loss 1.4708  val_acc 0.3957
2026-04-09 10:45:28    epoch  26  loss 1.5153  acc 0.3733  val_loss 1.4744  val_acc 0.4000
2026-04-09 10:45:30    epoch  27  loss 1.5014  acc 0.3782  val_loss 1.4483  val_acc 0.4065
2026-04-09 10:45:31    epoch  28  loss 1.5045  acc 0.3827  val_loss 1.4428  val_acc 0.4261
2026-04-09 10:45:32    epoch  29  loss 1.4877  acc 0.3837  val_loss 1.4490  val_acc 0.4196
2026-04-09 10:45:33    epoch  30  loss 1.5019  acc 0.3760  val_loss 1.4765  val_acc 0.4000
2026-04-09 10:45:35    epoch  31  loss 1.4928  acc 0.3777  val_loss 1.4372  val_acc 0.4196
2026-04-09 10:45:36    epoch  32  loss 1.4663  acc 0.3883  val_loss 1.4171  val_acc 0.4217
2026-04-09 10:45:37    epoch  33  loss 1.4591  acc 0.4032  val_loss 1.4630  val_acc 0.3826
2026-04-09 10:45:38    epoch  34  loss 1.4786  acc 0.3974  val_loss 1.4045  val_acc 0.4283
2026-04-09 10:45:39    epoch  35  loss 1.4415  acc 0.4030  val_loss 1.4110  val_acc 0.4217
2026-04-09 10:45:40    epoch  36  loss 1.4308  acc 0.4150  val_loss 1.3978  val_acc 0.4261
2026-04-09 10:45:41    epoch  37  loss 1.4617  acc 0.3955  val_loss 1.4160  val_acc 0.4217
2026-04-09 10:45:43    epoch  38  loss 1.4443  acc 0.4018  val_loss 1.4016  val_acc 0.4391
2026-04-09 10:45:44    epoch  39  loss 1.4439  acc 0.4047  val_loss 1.3929  val_acc 0.4152
2026-04-09 10:45:45    epoch  40  loss 1.4203  acc 0.4090  val_loss 1.3893  val_acc 0.4457
2026-04-09 10:45:46    epoch  41  loss 1.4187  acc 0.4102  val_loss 1.4078  val_acc 0.4391
2026-04-09 10:45:47    epoch  42  loss 1.4155  acc 0.4199  val_loss 1.3860  val_acc 0.4304
2026-04-09 10:45:48    epoch  43  loss 1.4083  acc 0.4220  val_loss 1.3979  val_acc 0.4522
2026-04-09 10:45:49    epoch  44  loss 1.3972  acc 0.4237  val_loss 1.3946  val_acc 0.4522
2026-04-09 10:45:51    epoch  45  loss 1.3974  acc 0.4208  val_loss 1.3757  val_acc 0.4304
2026-04-09 10:45:52    epoch  46  loss 1.3897  acc 0.4305  val_loss 1.3675  val_acc 0.4457
2026-04-09 10:45:53    epoch  47  loss 1.3762  acc 0.4259  val_loss 1.4080  val_acc 0.4478
2026-04-09 10:45:54    epoch  48  loss 1.5079  acc 0.3938  val_loss 1.4393  val_acc 0.4304
2026-04-09 10:45:55    epoch  49  loss 1.4612  acc 0.4003  val_loss 1.4169  val_acc 0.4304
2026-04-09 10:45:56    epoch  50  loss 1.4763  acc 0.3955  val_loss 1.3902  val_acc 0.4239
2026-04-09 10:45:58    epoch  51  loss 1.4128  acc 0.4054  val_loss 1.3838  val_acc 0.4152
2026-04-09 10:45:59    epoch  52  loss 1.4004  acc 0.4158  val_loss 1.3654  val_acc 0.4609
2026-04-09 10:46:00    epoch  53  loss 1.3751  acc 0.4293  val_loss 1.3506  val_acc 0.4152
2026-04-09 10:46:01    epoch  54  loss 1.3726  acc 0.4372  val_loss 1.3601  val_acc 0.4478
2026-04-09 10:46:02    epoch  55  loss 1.3602  acc 0.4389  val_loss 1.3641  val_acc 0.4304
2026-04-09 10:46:03    epoch  56  loss 1.3706  acc 0.4244  val_loss 1.3693  val_acc 0.4326
2026-04-09 10:46:04    epoch  57  loss 1.3740  acc 0.4271  val_loss 1.3395  val_acc 0.4457
2026-04-09 10:46:06    epoch  58  loss 1.3514  acc 0.4314  val_loss 1.3410  val_acc 0.4609
2026-04-09 10:46:07    epoch  59  loss 1.3381  acc 0.4358  val_loss 1.3425  val_acc 0.4652
2026-04-09 10:46:08    epoch  60  loss 1.3331  acc 0.4399  val_loss 1.3310  val_acc 0.4587
2026-04-09 10:46:09    epoch  61  loss 1.3252  acc 0.4408  val_loss 1.3410  val_acc 0.4609
2026-04-09 10:46:10    epoch  62  loss 1.3251  acc 0.4485  val_loss 1.3607  val_acc 0.4522
2026-04-09 10:46:11    epoch  63  loss 1.3424  acc 0.4350  val_loss 1.3477  val_acc 0.4587
2026-04-09 10:46:12    epoch  64  loss 1.3247  acc 0.4452  val_loss 1.3382  val_acc 0.4652
2026-04-09 10:46:14    epoch  65  loss 1.3382  acc 0.4423  val_loss 1.3470  val_acc 0.4304
2026-04-09 10:46:15    epoch  66  loss 1.3351  acc 0.4459  val_loss 1.3471  val_acc 0.4457
2026-04-09 10:46:16    epoch  67  loss 1.3203  acc 0.4432  val_loss 1.3369  val_acc 0.4609
2026-04-09 10:46:17    epoch  68  loss 1.3180  acc 0.4452  val_loss 1.3308  val_acc 0.4630
2026-04-09 10:46:18    epoch  69  loss 1.3162  acc 0.4403  val_loss 1.3287  val_acc 0.4543
2026-04-09 10:46:19    epoch  70  loss 1.3059  acc 0.4464  val_loss 1.3340  val_acc 0.4565
2026-04-09 10:46:20    epoch  71  loss 1.3083  acc 0.4481  val_loss 1.3302  val_acc 0.4565
2026-04-09 10:46:22    epoch  72  loss 1.3034  acc 0.4563  val_loss 1.3331  val_acc 0.4543
2026-04-09 10:46:23    epoch  73  loss 1.3249  acc 0.4449  val_loss 1.3543  val_acc 0.4435
2026-04-09 10:46:24    epoch  74  loss 1.3017  acc 0.4587  val_loss 1.3338  val_acc 0.4630
2026-04-09 10:46:25    epoch  75  loss 1.2959  acc 0.4563  val_loss 1.3339  val_acc 0.4609
2026-04-09 10:46:26    epoch  76  loss 1.2914  acc 0.4608  val_loss 1.3329  val_acc 0.4674
2026-04-09 10:46:27    epoch  77  loss 1.2920  acc 0.4485  val_loss 1.3283  val_acc 0.4587
2026-04-09 10:46:29    epoch  78  loss 1.2939  acc 0.4628  val_loss 1.3331  val_acc 0.4609
2026-04-09 10:46:30    epoch  79  loss 1.2958  acc 0.4579  val_loss 1.3361  val_acc 0.4565
2026-04-09 10:46:31    epoch  80  loss 1.2892  acc 0.4606  val_loss 1.3369  val_acc 0.4630
2026-04-09 10:46:32    epoch  81  loss 1.2902  acc 0.4543  val_loss 1.3353  val_acc 0.4609
2026-04-09 10:46:33    epoch  82  loss 1.2794  acc 0.4579  val_loss 1.3366  val_acc 0.4674
2026-04-09 10:46:34    epoch  83  loss 1.2830  acc 0.4625  val_loss 1.3345  val_acc 0.4696
2026-04-09 10:46:35    epoch  84  loss 1.2805  acc 0.4623  val_loss 1.3349  val_acc 0.4630
2026-04-09 10:46:37    epoch  85  loss 1.2884  acc 0.4555  val_loss 1.3331  val_acc 0.4587
2026-04-09 10:46:37    Early stopping at epoch 85
2026-04-09 10:46:37    User4 accuracy: 0.4672
2026-04-09 10:46:37    ✓ New best model saved (User4 held out, acc=0.4672)
2026-04-09 10:46:37  ────────────────────────────────────────────────────────────
2026-04-09 10:46:37  LOSO fold — held-out: User5 (270 test windows, 4613 train windows)
2026-04-09 10:46:38    epoch   1  loss 2.3087  acc 0.1638  val_loss 2.0676  val_acc 0.2299
2026-04-09 10:46:39    epoch   2  loss 1.9546  acc 0.2408  val_loss 1.7868  val_acc 0.2972
2026-04-09 10:46:41    epoch   3  loss 1.7883  acc 0.2731  val_loss 1.8058  val_acc 0.2842
2026-04-09 10:46:42    epoch   4  loss 1.8114  acc 0.2700  val_loss 1.7222  val_acc 0.3015
2026-04-09 10:46:43    epoch   5  loss 1.7449  acc 0.2967  val_loss 1.7308  val_acc 0.3167
2026-04-09 10:46:44    epoch   6  loss 1.7908  acc 0.2726  val_loss 1.7862  val_acc 0.2950
2026-04-09 10:46:45    epoch   7  loss 1.7898  acc 0.2719  val_loss 2.0187  val_acc 0.2603
2026-04-09 10:46:46    epoch   8  loss 1.8303  acc 0.2582  val_loss 1.7160  val_acc 0.2885
2026-04-09 10:46:48    epoch   9  loss 1.7057  acc 0.2941  val_loss 1.6144  val_acc 0.3579
2026-04-09 10:46:49    epoch  10  loss 1.6766  acc 0.3326  val_loss 1.5933  val_acc 0.3319
2026-04-09 10:46:50    epoch  11  loss 1.6453  acc 0.3206  val_loss 1.5937  val_acc 0.3623
2026-04-09 10:46:51    epoch  12  loss 1.6071  acc 0.3377  val_loss 1.5616  val_acc 0.3666
2026-04-09 10:46:52    epoch  13  loss 1.5968  acc 0.3466  val_loss 1.6015  val_acc 0.3579
2026-04-09 10:46:53    epoch  14  loss 1.8281  acc 0.2962  val_loss 1.8871  val_acc 0.2364
2026-04-09 10:46:54    epoch  15  loss 1.8295  acc 0.2808  val_loss 1.6911  val_acc 0.3037
2026-04-09 10:46:56    epoch  16  loss 1.7056  acc 0.2946  val_loss 1.6263  val_acc 0.3145
2026-04-09 10:46:57    epoch  17  loss 1.6971  acc 0.2955  val_loss 1.6426  val_acc 0.3167
2026-04-09 10:46:58    epoch  18  loss 1.6761  acc 0.3100  val_loss 1.5978  val_acc 0.3210
2026-04-09 10:46:59    epoch  19  loss 1.6618  acc 0.3167  val_loss 1.6645  val_acc 0.3341
2026-04-09 10:47:00    epoch  20  loss 1.6161  acc 0.3345  val_loss 1.6437  val_acc 0.3514
2026-04-09 10:47:00    Early stopping at epoch 20
2026-04-09 10:47:00    User5 accuracy: 0.3704
2026-04-09 10:47:01  ────────────────────────────────────────────────────────────
2026-04-09 10:47:01  LOSO fold — held-out: User6 (262 test windows, 4621 train windows)
2026-04-09 10:47:02    epoch   1  loss 2.3224  acc 0.1522  val_loss 2.1070  val_acc 0.1926
2026-04-09 10:47:03    epoch   2  loss 1.9550  acc 0.2327  val_loss 1.8164  val_acc 0.2597
2026-04-09 10:47:04    epoch   3  loss 1.8044  acc 0.2760  val_loss 1.7535  val_acc 0.2900
2026-04-09 10:47:05    epoch   4  loss 1.8444  acc 0.2604  val_loss 1.7765  val_acc 0.3052
2026-04-09 10:47:06    epoch   5  loss 1.8302  acc 0.2308  val_loss 1.7644  val_acc 0.3030
2026-04-09 10:47:08    epoch   6  loss 1.7458  acc 0.2840  val_loss 1.6834  val_acc 0.3225
2026-04-09 10:47:09    epoch   7  loss 1.6811  acc 0.3073  val_loss 1.6736  val_acc 0.3160
2026-04-09 10:47:10    epoch   8  loss 1.6672  acc 0.3097  val_loss 1.6324  val_acc 0.3139
2026-04-09 10:47:11    epoch   9  loss 1.6425  acc 0.3133  val_loss 1.9422  val_acc 0.2338
2026-04-09 10:47:12    epoch  10  loss 1.9327  acc 0.2205  val_loss 1.7234  val_acc 0.2857
2026-04-09 10:47:13    epoch  11  loss 1.7710  acc 0.2760  val_loss 1.6746  val_acc 0.3268
2026-04-09 10:47:15    epoch  12  loss 1.7136  acc 0.3018  val_loss 1.6388  val_acc 0.3485
2026-04-09 10:47:16    epoch  13  loss 1.6372  acc 0.3215  val_loss 1.9984  val_acc 0.2424
2026-04-09 10:47:17    epoch  14  loss 1.8190  acc 0.2866  val_loss 1.7693  val_acc 0.2792
2026-04-09 10:47:18    epoch  15  loss 1.7244  acc 0.3034  val_loss 1.6425  val_acc 0.3225
2026-04-09 10:47:19    epoch  16  loss 1.6584  acc 0.3174  val_loss 1.6360  val_acc 0.3160
2026-04-09 10:47:19    Early stopping at epoch 16
2026-04-09 10:47:19    User6 accuracy: 0.3168
2026-04-09 10:47:20  ────────────────────────────────────────────────────────────
2026-04-09 10:47:20  LOSO fold — held-out: User7 (567 test windows, 4316 train windows)
2026-04-09 10:47:21    epoch   1  loss 2.3294  acc 0.1359  val_loss 2.1083  val_acc 0.1949
2026-04-09 10:47:22    epoch   2  loss 1.9789  acc 0.2329  val_loss 1.9086  val_acc 0.2343
2026-04-09 10:47:23    epoch   3  loss 1.8228  acc 0.2633  val_loss 1.7670  val_acc 0.2807
2026-04-09 10:47:24    epoch   4  loss 1.7748  acc 0.2772  val_loss 2.0100  val_acc 0.2088
2026-04-09 10:47:25    epoch   5  loss 1.8054  acc 0.2682  val_loss 1.7468  val_acc 0.2436
2026-04-09 10:47:26    epoch   6  loss 1.7654  acc 0.2770  val_loss 1.7821  val_acc 0.2436
2026-04-09 10:47:28    epoch   7  loss 1.8687  acc 0.2638  val_loss 1.8968  val_acc 0.2575
2026-04-09 10:47:29    epoch   8  loss 1.8176  acc 0.2677  val_loss 1.7446  val_acc 0.2900
2026-04-09 10:47:30    epoch   9  loss 1.6727  acc 0.3017  val_loss 1.6877  val_acc 0.3155
2026-04-09 10:47:31    epoch  10  loss 1.6007  acc 0.3459  val_loss 1.6099  val_acc 0.3735
2026-04-09 10:47:32    epoch  11  loss 1.5915  acc 0.3423  val_loss 1.6479  val_acc 0.3619
2026-04-09 10:47:33    epoch  12  loss 1.7588  acc 0.3099  val_loss 1.6768  val_acc 0.3016
2026-04-09 10:47:34    epoch  13  loss 1.6430  acc 0.3207  val_loss 1.6355  val_acc 0.3086
2026-04-09 10:47:35    epoch  14  loss 1.5630  acc 0.3405  val_loss 1.5251  val_acc 0.3805
2026-04-09 10:47:36    epoch  15  loss 1.4980  acc 0.3794  val_loss 1.5105  val_acc 0.3944
2026-04-09 10:47:37    epoch  16  loss 1.5453  acc 0.3495  val_loss 1.5339  val_acc 0.4060
2026-04-09 10:47:38    epoch  17  loss 1.5229  acc 0.3629  val_loss 1.5068  val_acc 0.3991
2026-04-09 10:47:39    epoch  18  loss 1.4918  acc 0.3763  val_loss 1.4692  val_acc 0.4130
2026-04-09 10:47:41    epoch  19  loss 1.4769  acc 0.3866  val_loss 1.4741  val_acc 0.4084
2026-04-09 10:47:42    epoch  20  loss 1.4634  acc 0.3946  val_loss 1.4624  val_acc 0.4130
2026-04-09 10:47:43    epoch  21  loss 1.4681  acc 0.4018  val_loss 1.4767  val_acc 0.4292
2026-04-09 10:47:44    epoch  22  loss 1.5077  acc 0.3923  val_loss 1.5105  val_acc 0.4223
2026-04-09 10:47:45    epoch  23  loss 1.4555  acc 0.3936  val_loss 1.4611  val_acc 0.4037
2026-04-09 10:47:46    epoch  24  loss 1.4311  acc 0.4131  val_loss 1.4271  val_acc 0.4594
2026-04-09 10:47:47    epoch  25  loss 1.4206  acc 0.4178  val_loss 1.4773  val_acc 0.4060
2026-04-09 10:47:48    epoch  26  loss 1.4195  acc 0.4036  val_loss 1.4964  val_acc 0.4084
2026-04-09 10:47:49    epoch  27  loss 1.5108  acc 0.3879  val_loss 1.4549  val_acc 0.4246
2026-04-09 10:47:51    epoch  28  loss 1.4229  acc 0.4100  val_loss 1.4282  val_acc 0.4594
2026-04-09 10:47:52    epoch  29  loss 1.4039  acc 0.4165  val_loss 1.4969  val_acc 0.3921
2026-04-09 10:47:53    epoch  30  loss 1.5487  acc 0.3550  val_loss 1.5178  val_acc 0.3619
2026-04-09 10:47:54    epoch  31  loss 1.4535  acc 0.3889  val_loss 1.4796  val_acc 0.4060
2026-04-09 10:47:55    epoch  32  loss 1.4446  acc 0.4018  val_loss 1.4836  val_acc 0.4037
2026-04-09 10:47:55    Early stopping at epoch 32
2026-04-09 10:47:55    User7 accuracy: 0.4074
2026-04-09 10:47:55  ────────────────────────────────────────────────────────────
2026-04-09 10:47:55  LOSO fold — held-out: User8 (509 test windows, 4374 train windows)
2026-04-09 10:47:57    epoch   1  loss 2.3383  acc 0.1374  val_loss 2.0912  val_acc 0.2128
2026-04-09 10:47:58    epoch   2  loss 1.9791  acc 0.2365  val_loss 1.8260  val_acc 0.2769
2026-04-09 10:47:59    epoch   3  loss 1.8324  acc 0.2662  val_loss 1.6678  val_acc 0.3181
2026-04-09 10:48:00    epoch   4  loss 1.7700  acc 0.2891  val_loss 1.7396  val_acc 0.2975
2026-04-09 10:48:01    epoch   5  loss 1.7519  acc 0.2931  val_loss 1.6441  val_acc 0.3158
2026-04-09 10:48:02    epoch   6  loss 1.7525  acc 0.2873  val_loss 1.6564  val_acc 0.3227
2026-04-09 10:48:03    epoch   7  loss 1.7300  acc 0.2936  val_loss 1.6095  val_acc 0.3066
2026-04-09 10:48:04    epoch   8  loss 1.6596  acc 0.3322  val_loss 1.5610  val_acc 0.3822
2026-04-09 10:48:06    epoch   9  loss 1.6773  acc 0.3231  val_loss 1.5495  val_acc 0.3112
2026-04-09 10:48:07    epoch  10  loss 1.7072  acc 0.3096  val_loss 1.6036  val_acc 0.3432
2026-04-09 10:48:08    epoch  11  loss 1.6195  acc 0.3434  val_loss 1.5710  val_acc 0.3776
2026-04-09 10:48:09    epoch  12  loss 1.5922  acc 0.3467  val_loss 1.5844  val_acc 0.3799
2026-04-09 10:48:10    epoch  13  loss 1.5789  acc 0.3515  val_loss 1.5952  val_acc 0.3822
2026-04-09 10:48:11    epoch  14  loss 1.5754  acc 0.3528  val_loss 1.4772  val_acc 0.4142
2026-04-09 10:48:12    epoch  15  loss 1.5377  acc 0.3678  val_loss 1.4857  val_acc 0.4096
2026-04-09 10:48:13    epoch  16  loss 1.5910  acc 0.3548  val_loss 1.6438  val_acc 0.3432
2026-04-09 10:48:14    epoch  17  loss 1.5825  acc 0.3579  val_loss 1.4977  val_acc 0.4027
2026-04-09 10:48:15    epoch  18  loss 1.5321  acc 0.3625  val_loss 1.5172  val_acc 0.3776
2026-04-09 10:48:17    epoch  19  loss 1.5513  acc 0.3602  val_loss 1.4668  val_acc 0.3822
2026-04-09 10:48:18    epoch  20  loss 1.5055  acc 0.3741  val_loss 1.4172  val_acc 0.4188
2026-04-09 10:48:19    epoch  21  loss 1.5344  acc 0.3840  val_loss 1.4133  val_acc 0.4394
2026-04-09 10:48:20    epoch  22  loss 1.5040  acc 0.3866  val_loss 1.4288  val_acc 0.4211
2026-04-09 10:48:21    epoch  23  loss 1.5058  acc 0.3876  val_loss 1.4191  val_acc 0.4188
2026-04-09 10:48:22    epoch  24  loss 1.4761  acc 0.3998  val_loss 1.4907  val_acc 0.3982
2026-04-09 10:48:23    epoch  25  loss 1.4909  acc 0.4021  val_loss 1.4656  val_acc 0.4119
2026-04-09 10:48:24    epoch  26  loss 1.4863  acc 0.3952  val_loss 1.4350  val_acc 0.4256
2026-04-09 10:48:25    epoch  27  loss 1.4517  acc 0.4112  val_loss 1.3873  val_acc 0.4325
2026-04-09 10:48:26    epoch  28  loss 1.4449  acc 0.4036  val_loss 1.4298  val_acc 0.4256
2026-04-09 10:48:27    epoch  29  loss 1.4331  acc 0.4039  val_loss 1.3803  val_acc 0.4096
2026-04-09 10:48:29    epoch  30  loss 1.4565  acc 0.4026  val_loss 1.4255  val_acc 0.4096
2026-04-09 10:48:30    epoch  31  loss 1.4602  acc 0.3901  val_loss 1.4104  val_acc 0.4165
2026-04-09 10:48:31    epoch  32  loss 1.4252  acc 0.4221  val_loss 1.3678  val_acc 0.4188
2026-04-09 10:48:32    epoch  33  loss 1.4032  acc 0.4188  val_loss 1.3763  val_acc 0.4165
2026-04-09 10:48:33    epoch  34  loss 1.3841  acc 0.4163  val_loss 1.3648  val_acc 0.4462
2026-04-09 10:48:34    epoch  35  loss 1.3798  acc 0.4249  val_loss 1.3706  val_acc 0.4348
2026-04-09 10:48:35    epoch  36  loss 1.3852  acc 0.4323  val_loss 1.3764  val_acc 0.4325
2026-04-09 10:48:36    epoch  37  loss 1.3884  acc 0.4323  val_loss 1.3781  val_acc 0.4096
2026-04-09 10:48:37    epoch  38  loss 1.3861  acc 0.4303  val_loss 1.3345  val_acc 0.4508
2026-04-09 10:48:38    epoch  39  loss 1.3735  acc 0.4397  val_loss 1.3356  val_acc 0.4508
2026-04-09 10:48:39    epoch  40  loss 1.3834  acc 0.4315  val_loss 1.3500  val_acc 0.4233
2026-04-09 10:48:40    epoch  41  loss 1.3601  acc 0.4402  val_loss 1.3388  val_acc 0.4462
2026-04-09 10:48:42    epoch  42  loss 1.3520  acc 0.4486  val_loss 1.3159  val_acc 0.4577
2026-04-09 10:48:43    epoch  43  loss 1.3433  acc 0.4399  val_loss 1.3351  val_acc 0.4691
2026-04-09 10:48:44    epoch  44  loss 1.3552  acc 0.4509  val_loss 1.3254  val_acc 0.4691
2026-04-09 10:48:45    epoch  45  loss 1.3296  acc 0.4448  val_loss 1.3181  val_acc 0.4531
2026-04-09 10:48:46    epoch  46  loss 1.3156  acc 0.4483  val_loss 1.3078  val_acc 0.4714
2026-04-09 10:48:47    epoch  47  loss 1.3155  acc 0.4478  val_loss 1.3415  val_acc 0.4371
2026-04-09 10:48:48    epoch  48  loss 1.3257  acc 0.4529  val_loss 1.2987  val_acc 0.4783
2026-04-09 10:48:49    epoch  49  loss 1.3443  acc 0.4356  val_loss 1.3183  val_acc 0.4805
2026-04-09 10:48:50    epoch  50  loss 1.3293  acc 0.4493  val_loss 1.2987  val_acc 0.4600
2026-04-09 10:48:51    epoch  51  loss 1.3261  acc 0.4549  val_loss 1.3139  val_acc 0.4508
2026-04-09 10:48:53    epoch  52  loss 1.3405  acc 0.4488  val_loss 1.3828  val_acc 0.4302
2026-04-09 10:48:54    epoch  53  loss 1.3386  acc 0.4501  val_loss 1.3326  val_acc 0.4371
2026-04-09 10:48:55    epoch  54  loss 1.3226  acc 0.4442  val_loss 1.3250  val_acc 0.4622
2026-04-09 10:48:56    epoch  55  loss 1.3081  acc 0.4552  val_loss 1.2939  val_acc 0.4760
2026-04-09 10:48:57    epoch  56  loss 1.2920  acc 0.4653  val_loss 1.2872  val_acc 0.4874
2026-04-09 10:48:58    epoch  57  loss 1.2960  acc 0.4623  val_loss 1.2917  val_acc 0.4760
2026-04-09 10:48:59    epoch  58  loss 1.2826  acc 0.4580  val_loss 1.2971  val_acc 0.4851
2026-04-09 10:49:00    epoch  59  loss 1.2705  acc 0.4757  val_loss 1.2998  val_acc 0.4691
2026-04-09 10:49:01    epoch  60  loss 1.2820  acc 0.4590  val_loss 1.2878  val_acc 0.4920
2026-04-09 10:49:02    epoch  61  loss 1.2768  acc 0.4689  val_loss 1.2887  val_acc 0.4828
2026-04-09 10:49:03    epoch  62  loss 1.2733  acc 0.4628  val_loss 1.2832  val_acc 0.4622
2026-04-09 10:49:04    epoch  63  loss 1.2691  acc 0.4775  val_loss 1.2810  val_acc 0.4805
2026-04-09 10:49:06    epoch  64  loss 1.2630  acc 0.4765  val_loss 1.2856  val_acc 0.4714
2026-04-09 10:49:07    epoch  65  loss 1.2557  acc 0.4790  val_loss 1.2835  val_acc 0.4714
2026-04-09 10:49:08    epoch  66  loss 1.2656  acc 0.4625  val_loss 1.2773  val_acc 0.4737
2026-04-09 10:49:09    epoch  67  loss 1.2672  acc 0.4785  val_loss 1.3233  val_acc 0.4577
2026-04-09 10:49:10    epoch  68  loss 1.2751  acc 0.4699  val_loss 1.3161  val_acc 0.4691
2026-04-09 10:49:11    epoch  69  loss 1.2839  acc 0.4590  val_loss 1.3042  val_acc 0.4668
2026-04-09 10:49:12    epoch  70  loss 1.2683  acc 0.4663  val_loss 1.2986  val_acc 0.4851
2026-04-09 10:49:13    epoch  71  loss 1.2655  acc 0.4704  val_loss 1.2943  val_acc 0.4691
2026-04-09 10:49:14    epoch  72  loss 1.2514  acc 0.4778  val_loss 1.2779  val_acc 0.4691
2026-04-09 10:49:15    epoch  73  loss 1.2443  acc 0.4801  val_loss 1.2769  val_acc 0.4760
2026-04-09 10:49:17    epoch  74  loss 1.2526  acc 0.4796  val_loss 1.2743  val_acc 0.4714
2026-04-09 10:49:18    epoch  75  loss 1.2440  acc 0.4788  val_loss 1.2720  val_acc 0.4668
2026-04-09 10:49:19    epoch  76  loss 1.2476  acc 0.4811  val_loss 1.2718  val_acc 0.4622
2026-04-09 10:49:20    epoch  77  loss 1.2456  acc 0.4727  val_loss 1.2747  val_acc 0.4622
2026-04-09 10:49:21    epoch  78  loss 1.2462  acc 0.4801  val_loss 1.2791  val_acc 0.4645
2026-04-09 10:49:22    epoch  79  loss 1.2422  acc 0.4851  val_loss 1.2829  val_acc 0.4577
2026-04-09 10:49:23    epoch  80  loss 1.2348  acc 0.4859  val_loss 1.2802  val_acc 0.4645
2026-04-09 10:49:24    epoch  81  loss 1.2410  acc 0.4890  val_loss 1.2788  val_acc 0.4508
2026-04-09 10:49:25    epoch  82  loss 1.2392  acc 0.4757  val_loss 1.2752  val_acc 0.4668
2026-04-09 10:49:26    epoch  83  loss 1.2357  acc 0.4813  val_loss 1.2725  val_acc 0.4577
2026-04-09 10:49:27    epoch  84  loss 1.2347  acc 0.4862  val_loss 1.2793  val_acc 0.4554
2026-04-09 10:49:27    Early stopping at epoch 84
2026-04-09 10:49:27    User8 accuracy: 0.4833
2026-04-09 10:49:27    ✓ New best model saved (User8 held out, acc=0.4833)
2026-04-09 10:49:28  ────────────────────────────────────────────────────────────
2026-04-09 10:49:28  LOSO fold — held-out: User9 (563 test windows, 4320 train windows)
2026-04-09 10:49:29    epoch   1  loss 2.3472  acc 0.1379  val_loss 2.1494  val_acc 0.2269
2026-04-09 10:49:30    epoch   2  loss 2.0269  acc 0.2215  val_loss 1.8831  val_acc 0.2546
2026-04-09 10:49:31    epoch   3  loss 1.8684  acc 0.2485  val_loss 1.7827  val_acc 0.2894
2026-04-09 10:49:32    epoch   4  loss 1.7858  acc 0.2708  val_loss 1.7002  val_acc 0.3102
2026-04-09 10:49:33    epoch   5  loss 1.7806  acc 0.2734  val_loss 1.8302  val_acc 0.2685
2026-04-09 10:49:34    epoch   6  loss 1.8437  acc 0.2644  val_loss 1.8088  val_acc 0.2986
2026-04-09 10:49:35    epoch   7  loss 1.7662  acc 0.2850  val_loss 1.6931  val_acc 0.2986
2026-04-09 10:49:37    epoch   8  loss 1.7119  acc 0.2973  val_loss 1.6258  val_acc 0.3565
2026-04-09 10:49:38    epoch   9  loss 1.7035  acc 0.3012  val_loss 1.6486  val_acc 0.3519
2026-04-09 10:49:39    epoch  10  loss 1.6499  acc 0.3344  val_loss 1.5928  val_acc 0.3634
2026-04-09 10:49:40    epoch  11  loss 1.6180  acc 0.3472  val_loss 1.5746  val_acc 0.3912
2026-04-09 10:49:41    epoch  12  loss 1.5858  acc 0.3483  val_loss 1.5218  val_acc 0.4028
2026-04-09 10:49:42    epoch  13  loss 1.5877  acc 0.3585  val_loss 1.5746  val_acc 0.3727
2026-04-09 10:49:43    epoch  14  loss 1.5850  acc 0.3549  val_loss 1.5515  val_acc 0.3773
2026-04-09 10:49:44    epoch  15  loss 1.5546  acc 0.3745  val_loss 1.5560  val_acc 0.3796
2026-04-09 10:49:45    epoch  16  loss 1.5387  acc 0.3737  val_loss 1.5020  val_acc 0.3958
2026-04-09 10:49:46    epoch  17  loss 1.5176  acc 0.3773  val_loss 1.5558  val_acc 0.3634
2026-04-09 10:49:47    epoch  18  loss 1.6153  acc 0.3663  val_loss 1.5962  val_acc 0.3750
2026-04-09 10:49:49    epoch  19  loss 1.5607  acc 0.3678  val_loss 1.5740  val_acc 0.3681
2026-04-09 10:49:50    epoch  20  loss 1.5182  acc 0.3814  val_loss 1.5408  val_acc 0.3773
2026-04-09 10:49:51    epoch  21  loss 1.5193  acc 0.3747  val_loss 1.5198  val_acc 0.3819
2026-04-09 10:49:52    epoch  22  loss 1.4865  acc 0.3891  val_loss 1.5028  val_acc 0.4005
2026-04-09 10:49:53    epoch  23  loss 1.4774  acc 0.4023  val_loss 1.5042  val_acc 0.3958
2026-04-09 10:49:54    epoch  24  loss 1.4708  acc 0.4028  val_loss 1.5074  val_acc 0.4028
2026-04-09 10:49:54    Early stopping at epoch 24
2026-04-09 10:49:54    User9 accuracy: 0.3073
2026-04-09 10:49:54  ────────────────────────────────────────────────────────────
2026-04-09 10:49:54  LOSO fold — held-out: User10 (560 test windows, 4323 train windows)
2026-04-09 10:49:56    epoch   1  loss 2.3201  acc 0.1414  val_loss 2.1035  val_acc 0.1806
2026-04-09 10:49:57    epoch   2  loss 1.9500  acc 0.2478  val_loss 1.8348  val_acc 0.2477
2026-04-09 10:49:58    epoch   3  loss 1.7932  acc 0.2768  val_loss 1.7765  val_acc 0.2801
2026-04-09 10:49:59    epoch   4  loss 1.7793  acc 0.2778  val_loss 1.7529  val_acc 0.2731
2026-04-09 10:50:00    epoch   5  loss 1.7839  acc 0.2907  val_loss 1.7329  val_acc 0.2685
2026-04-09 10:50:01    epoch   6  loss 1.7057  acc 0.2999  val_loss 1.6442  val_acc 0.3218
2026-04-09 10:50:02    epoch   7  loss 1.6273  acc 0.3171  val_loss 1.6258  val_acc 0.3310
2026-04-09 10:50:03    epoch   8  loss 1.6049  acc 0.3295  val_loss 1.6040  val_acc 0.3495
2026-04-09 10:50:04    epoch   9  loss 1.5874  acc 0.3472  val_loss 1.5663  val_acc 0.3472
2026-04-09 10:50:05    epoch  10  loss 1.6512  acc 0.3408  val_loss 1.7489  val_acc 0.3125
2026-04-09 10:50:07    epoch  11  loss 1.6348  acc 0.3285  val_loss 1.6127  val_acc 0.3264
2026-04-09 10:50:08    epoch  12  loss 1.5661  acc 0.3616  val_loss 1.6011  val_acc 0.3356
2026-04-09 10:50:09    epoch  13  loss 1.5608  acc 0.3626  val_loss 1.5456  val_acc 0.3565
2026-04-09 10:50:10    epoch  14  loss 1.5343  acc 0.3765  val_loss 1.5470  val_acc 0.3773
2026-04-09 10:50:11    epoch  15  loss 1.5159  acc 0.3775  val_loss 1.5658  val_acc 0.3310
2026-04-09 10:50:12    epoch  16  loss 1.5325  acc 0.3804  val_loss 1.5660  val_acc 0.3287
2026-04-09 10:50:13    epoch  17  loss 1.5391  acc 0.3562  val_loss 1.5525  val_acc 0.3333
2026-04-09 10:50:14    epoch  18  loss 1.5180  acc 0.3829  val_loss 1.5601  val_acc 0.3542
2026-04-09 10:50:15    epoch  19  loss 1.5659  acc 0.3588  val_loss 1.5470  val_acc 0.3681
2026-04-09 10:50:16    epoch  20  loss 1.5175  acc 0.3760  val_loss 1.5034  val_acc 0.3796
2026-04-09 10:50:17    epoch  21  loss 1.4899  acc 0.3883  val_loss 1.5167  val_acc 0.3750
2026-04-09 10:50:19    epoch  22  loss 1.4757  acc 0.4076  val_loss 1.5105  val_acc 0.3681
2026-04-09 10:50:20    epoch  23  loss 1.4513  acc 0.4109  val_loss 1.5131  val_acc 0.3912
2026-04-09 10:50:21    epoch  24  loss 1.4627  acc 0.4107  val_loss 1.4791  val_acc 0.3981
2026-04-09 10:50:22    epoch  25  loss 1.4451  acc 0.4197  val_loss 1.5000  val_acc 0.4028
2026-04-09 10:50:23    epoch  26  loss 1.4641  acc 0.3971  val_loss 1.4936  val_acc 0.3912
2026-04-09 10:50:24    epoch  27  loss 1.4416  acc 0.4130  val_loss 1.4992  val_acc 0.3866
2026-04-09 10:50:25    epoch  28  loss 1.4273  acc 0.4151  val_loss 1.4707  val_acc 0.4028
2026-04-09 10:50:26    epoch  29  loss 1.4091  acc 0.4135  val_loss 1.4710  val_acc 0.3819
2026-04-09 10:50:27    epoch  30  loss 1.4132  acc 0.4233  val_loss 1.4534  val_acc 0.4190
2026-04-09 10:50:28    epoch  31  loss 1.4090  acc 0.4130  val_loss 1.4571  val_acc 0.4051
2026-04-09 10:50:29    epoch  32  loss 1.4126  acc 0.4151  val_loss 1.4747  val_acc 0.3843
2026-04-09 10:50:30    epoch  33  loss 1.3940  acc 0.4261  val_loss 1.4684  val_acc 0.4005
2026-04-09 10:50:31    epoch  34  loss 1.3920  acc 0.4215  val_loss 1.4343  val_acc 0.3981
2026-04-09 10:50:32    epoch  35  loss 1.3884  acc 0.4256  val_loss 1.5132  val_acc 0.3750
2026-04-09 10:50:34    epoch  36  loss 1.4558  acc 0.4153  val_loss 1.4975  val_acc 0.3958
2026-04-09 10:50:35    epoch  37  loss 1.4039  acc 0.4264  val_loss 1.4648  val_acc 0.4120
2026-04-09 10:50:36    epoch  38  loss 1.3926  acc 0.4354  val_loss 1.4627  val_acc 0.3773
2026-04-09 10:50:37    epoch  39  loss 1.3723  acc 0.4474  val_loss 1.4707  val_acc 0.4097
2026-04-09 10:50:38    epoch  40  loss 1.3737  acc 0.4343  val_loss 1.4445  val_acc 0.4051
2026-04-09 10:50:39    epoch  41  loss 1.3595  acc 0.4441  val_loss 1.4703  val_acc 0.4097
2026-04-09 10:50:40    epoch  42  loss 1.3777  acc 0.4307  val_loss 1.4711  val_acc 0.3912
2026-04-09 10:50:40    Early stopping at epoch 42
2026-04-09 10:50:40    User10 accuracy: 0.3982
2026-04-09 10:50:41  ────────────────────────────────────────────────────────────
2026-04-09 10:50:41  LOSO fold — held-out: User11 (592 test windows, 4291 train windows)
2026-04-09 10:50:42    epoch   1  loss 2.3179  acc 0.1533  val_loss 2.1394  val_acc 0.1958
2026-04-09 10:50:43    epoch   2  loss 1.9844  acc 0.2307  val_loss 1.8504  val_acc 0.2657
2026-04-09 10:50:44    epoch   3  loss 1.8854  acc 0.2543  val_loss 1.8094  val_acc 0.2774
2026-04-09 10:50:45    epoch   4  loss 1.7918  acc 0.2760  val_loss 1.7005  val_acc 0.3403
2026-04-09 10:50:46    epoch   5  loss 1.9551  acc 0.2421  val_loss 1.7815  val_acc 0.3333
2026-04-09 10:50:47    epoch   6  loss 1.7866  acc 0.2833  val_loss 1.6823  val_acc 0.3124
2026-04-09 10:50:48    epoch   7  loss 1.7105  acc 0.2952  val_loss 1.5887  val_acc 0.3683
2026-04-09 10:50:50    epoch   8  loss 1.6507  acc 0.3162  val_loss 1.5510  val_acc 0.4009
2026-04-09 10:50:51    epoch   9  loss 1.6169  acc 0.3278  val_loss 1.5317  val_acc 0.4056
2026-04-09 10:50:52    epoch  10  loss 1.6241  acc 0.3423  val_loss 1.7603  val_acc 0.2821
2026-04-09 10:50:53    epoch  11  loss 1.8210  acc 0.2778  val_loss 1.7022  val_acc 0.2984
2026-04-09 10:50:54    epoch  12  loss 1.7271  acc 0.2791  val_loss 1.5979  val_acc 0.3054
2026-04-09 10:50:55    epoch  13  loss 1.6508  acc 0.3156  val_loss 1.5299  val_acc 0.3916
2026-04-09 10:50:56    epoch  14  loss 1.6012  acc 0.3335  val_loss 1.4908  val_acc 0.3636
2026-04-09 10:50:57    epoch  15  loss 1.5751  acc 0.3405  val_loss 1.4744  val_acc 0.3800
2026-04-09 10:50:58    epoch  16  loss 1.6013  acc 0.3376  val_loss 1.5032  val_acc 0.3543
2026-04-09 10:50:59    epoch  17  loss 1.5922  acc 0.3449  val_loss 1.4689  val_acc 0.3939
2026-04-09 10:51:00    epoch  18  loss 1.5505  acc 0.3625  val_loss 1.4561  val_acc 0.3800
2026-04-09 10:51:01    epoch  19  loss 1.5341  acc 0.3705  val_loss 1.4234  val_acc 0.4103
2026-04-09 10:51:03    epoch  20  loss 1.5236  acc 0.3786  val_loss 1.4313  val_acc 0.4009
2026-04-09 10:51:04    epoch  21  loss 1.5966  acc 0.3604  val_loss 1.5165  val_acc 0.3660
2026-04-09 10:51:05    epoch  22  loss 1.5306  acc 0.3594  val_loss 1.4307  val_acc 0.4149
2026-04-09 10:51:06    epoch  23  loss 1.5133  acc 0.3571  val_loss 1.4189  val_acc 0.4196
2026-04-09 10:51:07    epoch  24  loss 1.5611  acc 0.3519  val_loss 1.4923  val_acc 0.3823
2026-04-09 10:51:08    epoch  25  loss 1.5269  acc 0.3736  val_loss 1.4129  val_acc 0.4172
2026-04-09 10:51:09    epoch  26  loss 1.5005  acc 0.3646  val_loss 1.4679  val_acc 0.4056
2026-04-09 10:51:10    epoch  27  loss 1.4905  acc 0.3775  val_loss 1.3889  val_acc 0.4382
2026-04-09 10:51:11    epoch  28  loss 1.4614  acc 0.3936  val_loss 1.3843  val_acc 0.4476
2026-04-09 10:51:12    epoch  29  loss 1.4731  acc 0.3863  val_loss 1.3688  val_acc 0.4406
2026-04-09 10:51:13    epoch  30  loss 1.4656  acc 0.3931  val_loss 1.3551  val_acc 0.4242
2026-04-09 10:51:14    epoch  31  loss 1.4415  acc 0.3956  val_loss 1.3710  val_acc 0.4545
2026-04-09 10:51:15    epoch  32  loss 1.4816  acc 0.3788  val_loss 1.3724  val_acc 0.4196
2026-04-09 10:51:16    epoch  33  loss 1.4547  acc 0.3980  val_loss 1.3790  val_acc 0.4196
2026-04-09 10:51:17    epoch  34  loss 1.4383  acc 0.3975  val_loss 1.3379  val_acc 0.4779
2026-04-09 10:51:18    epoch  35  loss 1.4298  acc 0.4042  val_loss 1.4041  val_acc 0.4382
2026-04-09 10:51:19    epoch  36  loss 1.4689  acc 0.3910  val_loss 1.3553  val_acc 0.4592
2026-04-09 10:51:21    epoch  37  loss 1.4064  acc 0.4184  val_loss 1.3074  val_acc 0.4662
2026-04-09 10:51:22    epoch  38  loss 1.3847  acc 0.4200  val_loss 1.3682  val_acc 0.4406
2026-04-09 10:51:23    epoch  39  loss 1.4343  acc 0.4060  val_loss 1.5555  val_acc 0.3823
2026-04-09 10:51:24    epoch  40  loss 1.4790  acc 0.3925  val_loss 1.3415  val_acc 0.4429
2026-04-09 10:51:25    epoch  41  loss 1.3867  acc 0.4296  val_loss 1.3375  val_acc 0.4709
2026-04-09 10:51:26    epoch  42  loss 1.3811  acc 0.4316  val_loss 1.2851  val_acc 0.4895
2026-04-09 10:51:27    epoch  43  loss 1.3812  acc 0.4267  val_loss 1.3049  val_acc 0.4848
2026-04-09 10:51:28    epoch  44  loss 1.3685  acc 0.4280  val_loss 1.3133  val_acc 0.4779
2026-04-09 10:51:29    epoch  45  loss 1.3837  acc 0.4262  val_loss 1.2662  val_acc 0.4895
2026-04-09 10:51:30    epoch  46  loss 1.3768  acc 0.4366  val_loss 1.2956  val_acc 0.4802
2026-04-09 10:51:31    epoch  47  loss 1.3372  acc 0.4544  val_loss 1.2679  val_acc 0.4988
2026-04-09 10:51:32    epoch  48  loss 1.3048  acc 0.4588  val_loss 1.2611  val_acc 0.4802
2026-04-09 10:51:33    epoch  49  loss 1.3028  acc 0.4601  val_loss 1.2572  val_acc 0.5105
2026-04-09 10:51:34    epoch  50  loss 1.3035  acc 0.4630  val_loss 1.2504  val_acc 0.5012
2026-04-09 10:51:35    epoch  51  loss 1.3387  acc 0.4451  val_loss 1.2653  val_acc 0.4848
2026-04-09 10:51:36    epoch  52  loss 1.3078  acc 0.4643  val_loss 1.2386  val_acc 0.5175
2026-04-09 10:51:38    epoch  53  loss 1.3172  acc 0.4425  val_loss 1.2606  val_acc 0.5128
2026-04-09 10:51:39    epoch  54  loss 1.3094  acc 0.4500  val_loss 1.3612  val_acc 0.4406
2026-04-09 10:51:40    epoch  55  loss 1.3222  acc 0.4531  val_loss 1.2522  val_acc 0.5152
2026-04-09 10:51:41    epoch  56  loss 1.2827  acc 0.4599  val_loss 1.2615  val_acc 0.5035
2026-04-09 10:51:42    epoch  57  loss 1.2787  acc 0.4808  val_loss 1.2208  val_acc 0.5198
2026-04-09 10:51:43    epoch  58  loss 1.2819  acc 0.4666  val_loss 1.2445  val_acc 0.5152
2026-04-09 10:51:44    epoch  59  loss 1.2890  acc 0.4692  val_loss 1.2881  val_acc 0.4662
2026-04-09 10:51:45    epoch  60  loss 1.2684  acc 0.4663  val_loss 1.2279  val_acc 0.5082
2026-04-09 10:51:46    epoch  61  loss 1.2760  acc 0.4637  val_loss 1.2262  val_acc 0.5152
2026-04-09 10:51:47    epoch  62  loss 1.2637  acc 0.4687  val_loss 1.2377  val_acc 0.5268
2026-04-09 10:51:48    epoch  63  loss 1.2399  acc 0.4814  val_loss 1.2433  val_acc 0.4965
2026-04-09 10:51:49    epoch  64  loss 1.2369  acc 0.4780  val_loss 1.2216  val_acc 0.5012
2026-04-09 10:51:50    epoch  65  loss 1.2181  acc 0.4997  val_loss 1.2321  val_acc 0.4965
2026-04-09 10:51:50    Early stopping at epoch 65
2026-04-09 10:51:50    User11 accuracy: 0.3547
2026-04-09 10:51:51  ────────────────────────────────────────────────────────────
2026-04-09 10:51:51  LOSO fold — held-out: User12 (488 test windows, 4395 train windows)
2026-04-09 10:51:52    epoch   1  loss 2.3257  acc 0.1352  val_loss 2.1267  val_acc 0.2027
2026-04-09 10:51:53    epoch   2  loss 1.9661  acc 0.2389  val_loss 1.8107  val_acc 0.2984
2026-04-09 10:51:54    epoch   3  loss 1.8022  acc 0.2765  val_loss 1.7306  val_acc 0.3075
2026-04-09 10:51:55    epoch   4  loss 1.7374  acc 0.2834  val_loss 1.7433  val_acc 0.3280
2026-04-09 10:51:57    epoch   5  loss 1.7710  acc 0.2836  val_loss 1.7870  val_acc 0.2870
2026-04-09 10:51:58    epoch   6  loss 1.7157  acc 0.3036  val_loss 1.8064  val_acc 0.3144
2026-04-09 10:51:59    epoch   7  loss 1.7348  acc 0.2968  val_loss 1.6534  val_acc 0.3371
2026-04-09 10:52:00    epoch   8  loss 1.7964  acc 0.2758  val_loss 1.6488  val_acc 0.3030
2026-04-09 10:52:02    epoch   9  loss 1.6480  acc 0.3104  val_loss 1.5746  val_acc 0.3713
2026-04-09 10:52:03    epoch  10  loss 1.5978  acc 0.3299  val_loss 1.5205  val_acc 0.4077
2026-04-09 10:52:04    epoch  11  loss 1.5510  acc 0.3653  val_loss 1.4899  val_acc 0.4191
2026-04-09 10:52:05    epoch  12  loss 1.5691  acc 0.3691  val_loss 1.6068  val_acc 0.3485
2026-04-09 10:52:06    epoch  13  loss 1.5411  acc 0.3713  val_loss 1.5800  val_acc 0.3554
2026-04-09 10:52:07    epoch  14  loss 1.5284  acc 0.3708  val_loss 1.4784  val_acc 0.3895
2026-04-09 10:52:08    epoch  15  loss 1.5304  acc 0.3638  val_loss 1.5353  val_acc 0.3257
2026-04-09 10:52:09    epoch  16  loss 1.5114  acc 0.3693  val_loss 1.4692  val_acc 0.4032
2026-04-09 10:52:10    epoch  17  loss 1.4910  acc 0.3809  val_loss 1.4229  val_acc 0.4351
2026-04-09 10:52:11    epoch  18  loss 1.4563  acc 0.3999  val_loss 1.4125  val_acc 0.4282
2026-04-09 10:52:12    epoch  19  loss 1.4754  acc 0.3921  val_loss 1.4444  val_acc 0.4191
2026-04-09 10:52:13    epoch  20  loss 1.4740  acc 0.3996  val_loss 1.4240  val_acc 0.4305
2026-04-09 10:52:15    epoch  21  loss 1.4863  acc 0.3928  val_loss 1.4671  val_acc 0.3941
2026-04-09 10:52:16    epoch  22  loss 1.4836  acc 0.3878  val_loss 1.4027  val_acc 0.4214
2026-04-09 10:52:17    epoch  23  loss 1.4224  acc 0.4135  val_loss 1.4413  val_acc 0.4032
2026-04-09 10:52:18    epoch  24  loss 1.4384  acc 0.4007  val_loss 1.4310  val_acc 0.3827
2026-04-09 10:52:19    epoch  25  loss 1.4179  acc 0.4108  val_loss 1.4490  val_acc 0.3713
2026-04-09 10:52:20    epoch  26  loss 1.4035  acc 0.4199  val_loss 1.3928  val_acc 0.4146
2026-04-09 10:52:21    epoch  27  loss 1.4026  acc 0.4184  val_loss 1.3931  val_acc 0.4100
2026-04-09 10:52:22    epoch  28  loss 1.3928  acc 0.4226  val_loss 1.3918  val_acc 0.4533
2026-04-09 10:52:23    epoch  29  loss 1.4468  acc 0.3933  val_loss 1.3821  val_acc 0.4100
2026-04-09 10:52:24    epoch  30  loss 1.4122  acc 0.4123  val_loss 1.4021  val_acc 0.3850
2026-04-09 10:52:26    epoch  31  loss 1.3973  acc 0.4305  val_loss 1.3863  val_acc 0.3895
2026-04-09 10:52:27    epoch  32  loss 1.4004  acc 0.4186  val_loss 1.3774  val_acc 0.4374
2026-04-09 10:52:28    epoch  33  loss 1.3724  acc 0.4234  val_loss 1.3656  val_acc 0.4237
2026-04-09 10:52:29    epoch  34  loss 1.3793  acc 0.4204  val_loss 1.3961  val_acc 0.4009
2026-04-09 10:52:30    epoch  35  loss 1.3760  acc 0.4317  val_loss 1.3808  val_acc 0.3827
2026-04-09 10:52:31    epoch  36  loss 1.3645  acc 0.4305  val_loss 1.3731  val_acc 0.4055
2026-04-09 10:52:32    epoch  37  loss 1.3942  acc 0.4077  val_loss 1.3677  val_acc 0.3872
2026-04-09 10:52:33    epoch  38  loss 1.3425  acc 0.4378  val_loss 1.3114  val_acc 0.4465
2026-04-09 10:52:34    epoch  39  loss 1.3400  acc 0.4431  val_loss 1.4457  val_acc 0.3690
2026-04-09 10:52:35    epoch  40  loss 1.3645  acc 0.4403  val_loss 1.3523  val_acc 0.4260
2026-04-09 10:52:36    epoch  41  loss 1.3438  acc 0.4343  val_loss 1.4226  val_acc 0.3736
2026-04-09 10:52:37    epoch  42  loss 1.3378  acc 0.4411  val_loss 1.3026  val_acc 0.4351
2026-04-09 10:52:38    epoch  43  loss 1.3069  acc 0.4477  val_loss 1.3307  val_acc 0.4351
2026-04-09 10:52:40    epoch  44  loss 1.3257  acc 0.4429  val_loss 1.3481  val_acc 0.4419
2026-04-09 10:52:41    epoch  45  loss 1.3389  acc 0.4393  val_loss 1.2767  val_acc 0.4237
2026-04-09 10:52:42    epoch  46  loss 1.3132  acc 0.4555  val_loss 1.3177  val_acc 0.4351
2026-04-09 10:52:43    epoch  47  loss 1.3179  acc 0.4588  val_loss 1.3540  val_acc 0.4032
2026-04-09 10:52:44    epoch  48  loss 1.3234  acc 0.4580  val_loss 1.3262  val_acc 0.4305
2026-04-09 10:52:45    epoch  49  loss 1.3002  acc 0.4676  val_loss 1.3346  val_acc 0.4282
2026-04-09 10:52:46    epoch  50  loss 1.2984  acc 0.4694  val_loss 1.2896  val_acc 0.4579
2026-04-09 10:52:47    epoch  51  loss 1.2751  acc 0.4714  val_loss 1.2960  val_acc 0.4351
2026-04-09 10:52:48    epoch  52  loss 1.2537  acc 0.4831  val_loss 1.2918  val_acc 0.4442
2026-04-09 10:52:49    epoch  53  loss 1.2630  acc 0.4699  val_loss 1.2819  val_acc 0.4442
2026-04-09 10:52:49    Early stopping at epoch 53
2026-04-09 10:52:49    User12 accuracy: 0.3402
2026-04-09 10:52:49  Best model: /home/mahmudm2/codebase/ClassyGlass/scripts/benchmark/models/deep_conv_lstm_best_W300_S300.pth  (acc=0.4833)
2026-04-09 10:52:49  ============================================================
2026-04-09 10:52:49  LOSO SUMMARY
2026-04-09 10:52:49  ============================================================
2026-04-09 10:52:49    User1: 0.3440
2026-04-09 10:52:49    User2: 0.4633
2026-04-09 10:52:49    User3: 0.3930
2026-04-09 10:52:49    User4: 0.4672
2026-04-09 10:52:49    User5: 0.3704
2026-04-09 10:52:49    User6: 0.3168
2026-04-09 10:52:49    User7: 0.4074
2026-04-09 10:52:49    User8: 0.4833
2026-04-09 10:52:49    User9: 0.3073
2026-04-09 10:52:49    User10: 0.3982
2026-04-09 10:52:49    User11: 0.3547
2026-04-09 10:52:49    User12: 0.3402
2026-04-09 10:52:49    Mean accuracy : 0.3871
2026-04-09 10:52:49    Std  accuracy : 0.0568
2026-04-09 10:52:49  ============================================================
2026-04-09 10:52:49  CLASSIFICATION REPORT (all folds combined)
2026-04-09 10:52:49  ============================================================
2026-04-09 10:52:49  
                            precision    recall  f1-score   support

         Sitting – Reading       0.20      0.14      0.17       465
         Sitting – Writing       0.24      0.16      0.19       513
         Computer – Typing       0.29      0.45      0.35       515
       Computer – Browsing       0.25      0.24      0.25       523
Sitting – Moving head/body       0.30      0.50      0.37       450
    Sitting – Moving chair       0.38      0.35      0.36       514
     Stand up from sitting       0.51      0.56      0.53       609
                  Standing       0.22      0.01      0.01       343
                   Walking       0.50      0.65      0.56       404
                   Running       0.77      0.90      0.83       397
             Taking stairs       0.35      0.07      0.12       150

                  accuracy                           0.38      4883
                 macro avg       0.36      0.37      0.34      4883
              weighted avg       0.36      0.38      0.36      4883

2026-04-09 10:52:50  Confusion matrix saved to: /home/mahmudm2/codebase/ClassyGlass/scripts/benchmark/figures/deep_conv_lstm_confusion_matrix_W300_S300.png
2026-04-09 10:52:51  Per-subject accuracy chart saved to: /home/mahmudm2/codebase/ClassyGlass/scripts/benchmark/figures/deep_conv_lstm_per_subject_accuracy_W300_S300.png
2026-04-09 10:52:51  ============================================================
2026-04-09 10:52:51  deep_conv_lstm training complete
2026-04-09 10:52:51  ============================================================
