2026-04-08 20:01:39  ============================================================
2026-04-08 20:01:39  lstm  |  window=300  step=150
2026-04-08 20:01:39  Device  : cuda:0
2026-04-08 20:01:39  Flatten : False
2026-04-08 20:01:39  Log     : /home/mahmudm2/codebase/ClassyGlass/scripts/benchmark/logs/lstm_W300_S150.log
2026-04-08 20:01:39  Model   : /home/mahmudm2/codebase/ClassyGlass/scripts/benchmark/models/lstm_best_W300_S150.pth
2026-04-08 20:01:39  Figures : /home/mahmudm2/codebase/ClassyGlass/scripts/benchmark/figures
2026-04-08 20:01:39  ============================================================
2026-04-08 20:01:43  Loaded 9704 windows | window=300  step=150 | 129 experiments | 12 subjects | 0 experiments skipped
2026-04-08 20:01:43  ────────────────────────────────────────────────────────────
2026-04-08 20:01:43  LOSO fold — held-out: User1 (557 test windows, 9147 train windows)
2026-04-08 20:01:50    epoch   1  loss 1.9159  acc 0.2461  val_loss 1.6623  val_acc 0.2932
2026-04-08 20:01:53    epoch   2  loss 1.6360  acc 0.3252  val_loss 1.5329  val_acc 0.3523
2026-04-08 20:01:56    epoch   3  loss 1.6230  acc 0.3294  val_loss 1.6642  val_acc 0.3392
2026-04-08 20:01:59    epoch   4  loss 1.6030  acc 0.3469  val_loss 1.4625  val_acc 0.3862
2026-04-08 20:02:02    epoch   5  loss 1.5002  acc 0.3747  val_loss 1.4036  val_acc 0.4059
2026-04-08 20:02:06    epoch   6  loss 1.4750  acc 0.3811  val_loss 1.3804  val_acc 0.3972
2026-04-08 20:02:09    epoch   7  loss 1.4196  acc 0.3926  val_loss 1.3532  val_acc 0.4354
2026-04-08 20:02:12    epoch   8  loss 1.3894  acc 0.4218  val_loss 1.2744  val_acc 0.4639
2026-04-08 20:02:15    epoch   9  loss 1.3203  acc 0.4378  val_loss 1.2601  val_acc 0.4464
2026-04-08 20:02:18    epoch  10  loss 1.2896  acc 0.4466  val_loss 1.2297  val_acc 0.4989
2026-04-08 20:02:21    epoch  11  loss 1.2503  acc 0.4589  val_loss 1.2106  val_acc 0.4530
2026-04-08 20:02:24    epoch  12  loss 1.2065  acc 0.4818  val_loss 1.1479  val_acc 0.4759
2026-04-08 20:02:27    epoch  13  loss 1.1782  acc 0.4964  val_loss 1.1589  val_acc 0.5000
2026-04-08 20:02:30    epoch  14  loss 1.1696  acc 0.4947  val_loss 1.1158  val_acc 0.5252
2026-04-08 20:02:33    epoch  15  loss 1.1327  acc 0.5090  val_loss 1.0929  val_acc 0.5000
2026-04-08 20:02:36    epoch  16  loss 1.1061  acc 0.5244  val_loss 1.0636  val_acc 0.5427
2026-04-08 20:02:39    epoch  17  loss 1.1139  acc 0.5168  val_loss 1.0911  val_acc 0.5186
2026-04-08 20:02:42    epoch  18  loss 1.0841  acc 0.5318  val_loss 1.0647  val_acc 0.5383
2026-04-08 20:02:45    epoch  19  loss 1.0532  acc 0.5483  val_loss 1.0479  val_acc 0.5438
2026-04-08 20:02:48    epoch  20  loss 1.0189  acc 0.5596  val_loss 0.9982  val_acc 0.5667
2026-04-08 20:02:51    epoch  21  loss 1.0202  acc 0.5620  val_loss 1.0134  val_acc 0.5755
2026-04-08 20:02:54    epoch  22  loss 0.9874  acc 0.5771  val_loss 0.9815  val_acc 0.5875
2026-04-08 20:02:57    epoch  23  loss 0.9655  acc 0.5963  val_loss 0.9905  val_acc 0.5930
2026-04-08 20:03:00    epoch  24  loss 0.9684  acc 0.5930  val_loss 1.0535  val_acc 0.5503
2026-04-08 20:03:03    epoch  25  loss 0.9527  acc 0.5920  val_loss 0.9662  val_acc 0.5886
2026-04-08 20:03:06    epoch  26  loss 0.9185  acc 0.6129  val_loss 0.9498  val_acc 0.6028
2026-04-08 20:03:09    epoch  27  loss 0.8932  acc 0.6254  val_loss 0.9299  val_acc 0.6094
2026-04-08 20:03:12    epoch  28  loss 0.8780  acc 0.6402  val_loss 0.9048  val_acc 0.6050
2026-04-08 20:03:15    epoch  29  loss 0.8507  acc 0.6498  val_loss 0.9233  val_acc 0.6138
2026-04-08 20:03:18    epoch  30  loss 0.8351  acc 0.6558  val_loss 0.9295  val_acc 0.6400
2026-04-08 20:03:21    epoch  31  loss 0.8157  acc 0.6705  val_loss 0.9374  val_acc 0.6488
2026-04-08 20:03:24    epoch  32  loss 0.8125  acc 0.6667  val_loss 0.9374  val_acc 0.6291
2026-04-08 20:03:27    epoch  33  loss 0.7998  acc 0.6712  val_loss 0.9108  val_acc 0.6466
2026-04-08 20:03:30    epoch  34  loss 0.7079  acc 0.7208  val_loss 0.8734  val_acc 0.6597
2026-04-08 20:03:33    epoch  35  loss 0.6734  acc 0.7306  val_loss 0.8659  val_acc 0.6718
2026-04-08 20:03:36    epoch  36  loss 0.6534  acc 0.7430  val_loss 0.8733  val_acc 0.6575
2026-04-08 20:03:39    epoch  37  loss 0.6338  acc 0.7454  val_loss 0.9030  val_acc 0.6532
2026-04-08 20:03:42    epoch  38  loss 0.6231  acc 0.7551  val_loss 0.9495  val_acc 0.6466
2026-04-08 20:03:45    epoch  39  loss 0.5959  acc 0.7652  val_loss 0.9325  val_acc 0.6630
2026-04-08 20:03:48    epoch  40  loss 0.5716  acc 0.7754  val_loss 0.8662  val_acc 0.6827
2026-04-08 20:03:51    epoch  41  loss 0.5139  acc 0.8036  val_loss 0.8508  val_acc 0.6937
2026-04-08 20:03:54    epoch  42  loss 0.5036  acc 0.8065  val_loss 0.8495  val_acc 0.7024
2026-04-08 20:03:57    epoch  43  loss 0.4842  acc 0.8208  val_loss 0.8208  val_acc 0.7166
2026-04-08 20:04:00    epoch  44  loss 0.4664  acc 0.8255  val_loss 0.8620  val_acc 0.7144
2026-04-08 20:04:03    epoch  45  loss 0.4611  acc 0.8261  val_loss 0.8635  val_acc 0.7221
2026-04-08 20:04:06    epoch  46  loss 0.4402  acc 0.8398  val_loss 0.9081  val_acc 0.7079
2026-04-08 20:04:09    epoch  47  loss 0.4351  acc 0.8391  val_loss 0.8917  val_acc 0.7144
2026-04-08 20:04:12    epoch  48  loss 0.4227  acc 0.8440  val_loss 0.8815  val_acc 0.7155
2026-04-08 20:04:15    epoch  49  loss 0.3894  acc 0.8620  val_loss 0.8846  val_acc 0.7199
2026-04-08 20:04:18    epoch  50  loss 0.3868  acc 0.8595  val_loss 0.8649  val_acc 0.7407
2026-04-08 20:04:21    epoch  51  loss 0.3797  acc 0.8618  val_loss 0.8593  val_acc 0.7309
2026-04-08 20:04:21    Early stopping at epoch 51
2026-04-08 20:04:21    User1 accuracy: 0.4811
2026-04-08 20:04:21    ✓ New best model saved (User1 held out, acc=0.4811)
2026-04-08 20:04:21  ────────────────────────────────────────────────────────────
2026-04-08 20:04:21  LOSO fold — held-out: User2 (513 test windows, 9191 train windows)
2026-04-08 20:04:24    epoch   1  loss 2.0839  acc 0.2103  val_loss 1.7933  val_acc 0.2633
2026-04-08 20:04:27    epoch   2  loss 1.8138  acc 0.2754  val_loss 1.9977  val_acc 0.1980
2026-04-08 20:04:30    epoch   3  loss 1.7717  acc 0.2874  val_loss 1.6639  val_acc 0.3101
2026-04-08 20:04:34    epoch   4  loss 1.5678  acc 0.3418  val_loss 1.4616  val_acc 0.3961
2026-04-08 20:04:37    epoch   5  loss 1.4668  acc 0.3844  val_loss 1.3790  val_acc 0.4298
2026-04-08 20:04:40    epoch   6  loss 1.4375  acc 0.3920  val_loss 1.4480  val_acc 0.3776
2026-04-08 20:04:43    epoch   7  loss 1.3910  acc 0.4182  val_loss 1.3425  val_acc 0.4592
2026-04-08 20:04:46    epoch   8  loss 1.3178  acc 0.4437  val_loss 1.2708  val_acc 0.4712
2026-04-08 20:04:49    epoch   9  loss 1.2714  acc 0.4611  val_loss 1.2500  val_acc 0.4516
2026-04-08 20:04:52    epoch  10  loss 1.2260  acc 0.4845  val_loss 1.2298  val_acc 0.4908
2026-04-08 20:04:55    epoch  11  loss 1.2075  acc 0.4901  val_loss 1.1872  val_acc 0.4886
2026-04-08 20:04:58    epoch  12  loss 1.1954  acc 0.4958  val_loss 1.2081  val_acc 0.5147
2026-04-08 20:05:01    epoch  13  loss 1.1753  acc 0.5140  val_loss 1.1660  val_acc 0.4929
2026-04-08 20:05:04    epoch  14  loss 1.1365  acc 0.5161  val_loss 1.1524  val_acc 0.5136
2026-04-08 20:05:06    epoch  15  loss 1.1038  acc 0.5251  val_loss 1.1214  val_acc 0.5332
2026-04-08 20:05:09    epoch  16  loss 1.0999  acc 0.5328  val_loss 1.1314  val_acc 0.5212
2026-04-08 20:05:12    epoch  17  loss 1.0580  acc 0.5561  val_loss 1.1084  val_acc 0.5452
2026-04-08 20:05:15    epoch  18  loss 1.0948  acc 0.5348  val_loss 1.1477  val_acc 0.5049
2026-04-08 20:05:18    epoch  19  loss 1.1091  acc 0.5278  val_loss 1.1342  val_acc 0.5180
2026-04-08 20:05:21    epoch  20  loss 1.0336  acc 0.5638  val_loss 1.0933  val_acc 0.5419
2026-04-08 20:05:24    epoch  21  loss 1.0371  acc 0.5589  val_loss 1.1080  val_acc 0.5462
2026-04-08 20:05:27    epoch  22  loss 1.0351  acc 0.5694  val_loss 1.0875  val_acc 0.5560
2026-04-08 20:05:30    epoch  23  loss 0.9819  acc 0.5852  val_loss 1.0722  val_acc 0.5582
2026-04-08 20:05:33    epoch  24  loss 1.0309  acc 0.5724  val_loss 1.1549  val_acc 0.5147
2026-04-08 20:05:36    epoch  25  loss 1.0315  acc 0.5702  val_loss 1.0668  val_acc 0.5506
2026-04-08 20:05:39    epoch  26  loss 0.9851  acc 0.5876  val_loss 1.0716  val_acc 0.5593
2026-04-08 20:05:42    epoch  27  loss 0.9376  acc 0.6162  val_loss 1.0388  val_acc 0.5615
2026-04-08 20:05:45    epoch  28  loss 0.9253  acc 0.6275  val_loss 1.0395  val_acc 0.5952
2026-04-08 20:05:48    epoch  29  loss 0.9583  acc 0.6147  val_loss 1.0196  val_acc 0.6039
2026-04-08 20:05:51    epoch  30  loss 0.8680  acc 0.6576  val_loss 0.9825  val_acc 0.6344
2026-04-08 20:05:54    epoch  31  loss 0.8446  acc 0.6673  val_loss 1.0686  val_acc 0.6028
2026-04-08 20:05:57    epoch  32  loss 0.8424  acc 0.6620  val_loss 1.0100  val_acc 0.6028
2026-04-08 20:06:00    epoch  33  loss 0.8465  acc 0.6613  val_loss 0.9907  val_acc 0.6192
2026-04-08 20:06:03    epoch  34  loss 0.7910  acc 0.6888  val_loss 1.0147  val_acc 0.6104
2026-04-08 20:06:06    epoch  35  loss 0.7704  acc 0.6948  val_loss 0.9428  val_acc 0.6344
2026-04-08 20:06:09    epoch  36  loss 0.7361  acc 0.7094  val_loss 0.9157  val_acc 0.6420
2026-04-08 20:06:12    epoch  37  loss 0.7108  acc 0.7275  val_loss 0.9040  val_acc 0.6725
2026-04-08 20:06:15    epoch  38  loss 0.7426  acc 0.7101  val_loss 0.9168  val_acc 0.6757
2026-04-08 20:06:18    epoch  39  loss 0.6839  acc 0.7328  val_loss 0.9669  val_acc 0.6638
2026-04-08 20:06:21    epoch  40  loss 0.6633  acc 0.7417  val_loss 0.8845  val_acc 0.6986
2026-04-08 20:06:24    epoch  41  loss 0.6375  acc 0.7574  val_loss 0.9033  val_acc 0.6746
2026-04-08 20:06:27    epoch  42  loss 0.6412  acc 0.7540  val_loss 0.8906  val_acc 0.6942
2026-04-08 20:06:30    epoch  43  loss 0.5954  acc 0.7797  val_loss 0.8815  val_acc 0.7018
2026-04-08 20:06:33    epoch  44  loss 0.5921  acc 0.7755  val_loss 0.8908  val_acc 0.6953
2026-04-08 20:06:36    epoch  45  loss 0.5702  acc 0.7865  val_loss 0.9037  val_acc 0.6659
2026-04-08 20:06:39    epoch  46  loss 0.5904  acc 0.7797  val_loss 0.9826  val_acc 0.6757
2026-04-08 20:06:42    epoch  47  loss 0.5753  acc 0.7911  val_loss 0.8496  val_acc 0.7225
2026-04-08 20:06:45    epoch  48  loss 0.5331  acc 0.8060  val_loss 0.8166  val_acc 0.7236
2026-04-08 20:06:48    epoch  49  loss 0.5065  acc 0.8146  val_loss 0.8887  val_acc 0.7116
2026-04-08 20:06:51    epoch  50  loss 0.5034  acc 0.8153  val_loss 0.8328  val_acc 0.7367
2026-04-08 20:06:54    epoch  51  loss 0.4786  acc 0.8233  val_loss 0.8905  val_acc 0.7225
2026-04-08 20:06:57    epoch  52  loss 0.5189  acc 0.8115  val_loss 0.9053  val_acc 0.7149
2026-04-08 20:06:59    epoch  53  loss 0.4759  acc 0.8257  val_loss 0.8570  val_acc 0.7465
2026-04-08 20:07:02    epoch  54  loss 0.3855  acc 0.8603  val_loss 0.7883  val_acc 0.7737
2026-04-08 20:07:05    epoch  55  loss 0.3545  acc 0.8739  val_loss 0.7859  val_acc 0.7769
2026-04-08 20:07:08    epoch  56  loss 0.3222  acc 0.8847  val_loss 0.8624  val_acc 0.7399
2026-04-08 20:07:11    epoch  57  loss 0.3150  acc 0.8899  val_loss 0.8472  val_acc 0.7671
2026-04-08 20:07:14    epoch  58  loss 0.3013  acc 0.8925  val_loss 0.8525  val_acc 0.7661
2026-04-08 20:07:17    epoch  59  loss 0.3142  acc 0.8887  val_loss 0.8642  val_acc 0.7671
2026-04-08 20:07:20    epoch  60  loss 0.3059  acc 0.8901  val_loss 0.9289  val_acc 0.7378
2026-04-08 20:07:23    epoch  61  loss 0.2996  acc 0.8935  val_loss 0.8162  val_acc 0.7737
2026-04-08 20:07:26    epoch  62  loss 0.2412  acc 0.9168  val_loss 0.8494  val_acc 0.7769
2026-04-08 20:07:29    epoch  63  loss 0.2295  acc 0.9234  val_loss 0.8328  val_acc 0.7791
2026-04-08 20:07:29    Early stopping at epoch 63
2026-04-08 20:07:29    User2 accuracy: 0.6764
2026-04-08 20:07:29    ✓ New best model saved (User2 held out, acc=0.6764)
2026-04-08 20:07:30  ────────────────────────────────────────────────────────────
2026-04-08 20:07:30  LOSO fold — held-out: User3 (512 test windows, 9192 train windows)
2026-04-08 20:07:33    epoch   1  loss 1.9689  acc 0.2419  val_loss 1.7820  val_acc 0.2829
2026-04-08 20:07:36    epoch   2  loss 1.7178  acc 0.2961  val_loss 1.5986  val_acc 0.3493
2026-04-08 20:07:39    epoch   3  loss 1.6246  acc 0.3307  val_loss 1.6805  val_acc 0.3177
2026-04-08 20:07:42    epoch   4  loss 1.5780  acc 0.3532  val_loss 1.7762  val_acc 0.2884
2026-04-08 20:07:45    epoch   5  loss 1.6748  acc 0.3180  val_loss 1.7569  val_acc 0.2764
2026-04-08 20:07:48    epoch   6  loss 1.8135  acc 0.2830  val_loss 1.6533  val_acc 0.3341
2026-04-08 20:07:51    epoch   7  loss 1.5995  acc 0.3459  val_loss 1.5853  val_acc 0.3602
2026-04-08 20:07:54    epoch   8  loss 1.5421  acc 0.3648  val_loss 1.4775  val_acc 0.4146
2026-04-08 20:07:57    epoch   9  loss 1.5420  acc 0.3752  val_loss 1.5190  val_acc 0.3732
2026-04-08 20:08:00    epoch  10  loss 1.4479  acc 0.4002  val_loss 1.3812  val_acc 0.4266
2026-04-08 20:08:03    epoch  11  loss 1.4471  acc 0.4002  val_loss 1.4476  val_acc 0.4059
2026-04-08 20:08:06    epoch  12  loss 1.4115  acc 0.4183  val_loss 1.3449  val_acc 0.4211
2026-04-08 20:08:09    epoch  13  loss 1.3455  acc 0.4401  val_loss 1.3002  val_acc 0.4450
2026-04-08 20:08:12    epoch  14  loss 1.2896  acc 0.4611  val_loss 1.3260  val_acc 0.4396
2026-04-08 20:08:14    epoch  15  loss 1.2628  acc 0.4779  val_loss 1.2355  val_acc 0.4690
2026-04-08 20:08:17    epoch  16  loss 1.2228  acc 0.4827  val_loss 1.2504  val_acc 0.4864
2026-04-08 20:08:20    epoch  17  loss 1.1884  acc 0.5074  val_loss 1.2285  val_acc 0.4918
2026-04-08 20:08:23    epoch  18  loss 1.2310  acc 0.4840  val_loss 1.2686  val_acc 0.4603
2026-04-08 20:08:26    epoch  19  loss 1.2109  acc 0.4894  val_loss 1.1912  val_acc 0.4755
2026-04-08 20:08:29    epoch  20  loss 1.1298  acc 0.5271  val_loss 1.1364  val_acc 0.5027
2026-04-08 20:08:32    epoch  21  loss 1.0980  acc 0.5366  val_loss 1.1135  val_acc 0.5212
2026-04-08 20:08:35    epoch  22  loss 1.0785  acc 0.5449  val_loss 1.1108  val_acc 0.5386
2026-04-08 20:08:38    epoch  23  loss 1.0923  acc 0.5518  val_loss 1.1461  val_acc 0.5288
2026-04-08 20:08:41    epoch  24  loss 1.0625  acc 0.5638  val_loss 1.1195  val_acc 0.5550
2026-04-08 20:08:44    epoch  25  loss 1.0065  acc 0.5881  val_loss 1.0603  val_acc 0.5560
2026-04-08 20:08:47    epoch  26  loss 0.9732  acc 0.6130  val_loss 1.0189  val_acc 0.6083
2026-04-08 20:08:50    epoch  27  loss 0.9193  acc 0.6383  val_loss 0.9767  val_acc 0.6159
2026-04-08 20:08:53    epoch  28  loss 0.8752  acc 0.6608  val_loss 0.9786  val_acc 0.6333
2026-04-08 20:08:56    epoch  29  loss 0.8848  acc 0.6584  val_loss 0.9175  val_acc 0.6561
2026-04-08 20:08:59    epoch  30  loss 0.8397  acc 0.6811  val_loss 0.9254  val_acc 0.6540
2026-04-08 20:09:02    epoch  31  loss 0.7958  acc 0.6990  val_loss 0.8864  val_acc 0.6681
2026-04-08 20:09:05    epoch  32  loss 0.8039  acc 0.6938  val_loss 0.9228  val_acc 0.6561
2026-04-08 20:09:08    epoch  33  loss 0.7512  acc 0.7139  val_loss 0.8982  val_acc 0.6681
2026-04-08 20:09:11    epoch  34  loss 0.7278  acc 0.7303  val_loss 0.9441  val_acc 0.6605
2026-04-08 20:09:14    epoch  35  loss 0.7125  acc 0.7364  val_loss 0.8741  val_acc 0.6888
2026-04-08 20:09:17    epoch  36  loss 0.6784  acc 0.7505  val_loss 0.8876  val_acc 0.6834
2026-04-08 20:09:20    epoch  37  loss 0.6573  acc 0.7613  val_loss 0.9080  val_acc 0.6844
2026-04-08 20:09:23    epoch  38  loss 0.5994  acc 0.7816  val_loss 0.8303  val_acc 0.7269
2026-04-08 20:09:26    epoch  39  loss 0.5723  acc 0.7921  val_loss 0.8966  val_acc 0.6953
2026-04-08 20:09:29    epoch  40  loss 0.5437  acc 0.8041  val_loss 0.8474  val_acc 0.6921
2026-04-08 20:09:32    epoch  41  loss 0.5553  acc 0.7969  val_loss 0.8634  val_acc 0.7160
2026-04-08 20:09:35    epoch  42  loss 0.5091  acc 0.8197  val_loss 0.7821  val_acc 0.7345
2026-04-08 20:09:38    epoch  43  loss 0.5338  acc 0.8062  val_loss 0.8378  val_acc 0.7149
2026-04-08 20:09:41    epoch  44  loss 0.4787  acc 0.8298  val_loss 0.8306  val_acc 0.7138
2026-04-08 20:09:44    epoch  45  loss 0.4604  acc 0.8339  val_loss 0.7807  val_acc 0.7486
2026-04-08 20:09:47    epoch  46  loss 0.4616  acc 0.8336  val_loss 0.7819  val_acc 0.7269
2026-04-08 20:09:50    epoch  47  loss 0.4609  acc 0.8381  val_loss 0.7785  val_acc 0.7443
2026-04-08 20:09:53    epoch  48  loss 0.4286  acc 0.8489  val_loss 0.6857  val_acc 0.7878
2026-04-08 20:09:56    epoch  49  loss 0.4018  acc 0.8585  val_loss 0.7624  val_acc 0.7519
2026-04-08 20:09:59    epoch  50  loss 0.3757  acc 0.8693  val_loss 0.7432  val_acc 0.7563
2026-04-08 20:10:02    epoch  51  loss 0.3725  acc 0.8704  val_loss 0.7820  val_acc 0.7617
2026-04-08 20:10:04    epoch  52  loss 0.3925  acc 0.8627  val_loss 0.7752  val_acc 0.7443
2026-04-08 20:10:07    epoch  53  loss 0.3594  acc 0.8710  val_loss 0.7622  val_acc 0.7617
2026-04-08 20:10:10    epoch  54  loss 0.2787  acc 0.9048  val_loss 0.7250  val_acc 0.7780
2026-04-08 20:10:13    epoch  55  loss 0.2318  acc 0.9228  val_loss 0.6989  val_acc 0.8009
2026-04-08 20:10:16    epoch  56  loss 0.2260  acc 0.9212  val_loss 0.7398  val_acc 0.7911
2026-04-08 20:10:16    Early stopping at epoch 56
2026-04-08 20:10:16    User3 accuracy: 0.5957
2026-04-08 20:10:17  ────────────────────────────────────────────────────────────
2026-04-08 20:10:17  LOSO fold — held-out: User4 (542 test windows, 9162 train windows)
2026-04-08 20:10:20    epoch   1  loss 1.9643  acc 0.2276  val_loss 1.7230  val_acc 0.3024
2026-04-08 20:10:23    epoch   2  loss 1.7042  acc 0.3088  val_loss 1.5875  val_acc 0.3865
2026-04-08 20:10:26    epoch   3  loss 1.6294  acc 0.3340  val_loss 1.5563  val_acc 0.3635
2026-04-08 20:10:29    epoch   4  loss 1.5387  acc 0.3618  val_loss 1.4945  val_acc 0.3646
2026-04-08 20:10:32    epoch   5  loss 1.4762  acc 0.3801  val_loss 1.5165  val_acc 0.3865
2026-04-08 20:10:35    epoch   6  loss 1.5077  acc 0.3770  val_loss 1.5320  val_acc 0.3919
2026-04-08 20:10:38    epoch   7  loss 1.4247  acc 0.4041  val_loss 1.4353  val_acc 0.4094
2026-04-08 20:10:41    epoch   8  loss 1.3755  acc 0.4246  val_loss 1.3439  val_acc 0.4105
2026-04-08 20:10:44    epoch   9  loss 1.3280  acc 0.4348  val_loss 1.4756  val_acc 0.3766
2026-04-08 20:10:47    epoch  10  loss 1.3133  acc 0.4498  val_loss 1.3234  val_acc 0.4651
2026-04-08 20:10:50    epoch  11  loss 1.2641  acc 0.4673  val_loss 1.2713  val_acc 0.4760
2026-04-08 20:10:53    epoch  12  loss 1.2644  acc 0.4716  val_loss 1.2403  val_acc 0.5000
2026-04-08 20:10:57    epoch  13  loss 1.2226  acc 0.4844  val_loss 1.2732  val_acc 0.4618
2026-04-08 20:11:00    epoch  14  loss 1.2025  acc 0.4865  val_loss 1.2184  val_acc 0.4803
2026-04-08 20:11:02    epoch  15  loss 1.1701  acc 0.5056  val_loss 1.2514  val_acc 0.4803
2026-04-08 20:11:05    epoch  16  loss 1.1898  acc 0.5040  val_loss 1.2019  val_acc 0.5120
2026-04-08 20:11:08    epoch  17  loss 1.1286  acc 0.5170  val_loss 1.1820  val_acc 0.5240
2026-04-08 20:11:11    epoch  18  loss 1.1206  acc 0.5262  val_loss 1.1783  val_acc 0.5164
2026-04-08 20:11:14    epoch  19  loss 1.0793  acc 0.5412  val_loss 1.2171  val_acc 0.5033
2026-04-08 20:11:17    epoch  20  loss 1.0802  acc 0.5429  val_loss 1.1238  val_acc 0.5306
2026-04-08 20:11:20    epoch  21  loss 1.0398  acc 0.5611  val_loss 1.0949  val_acc 0.5600
2026-04-08 20:11:24    epoch  22  loss 1.0253  acc 0.5673  val_loss 1.0844  val_acc 0.5622
2026-04-08 20:11:26    epoch  23  loss 1.0378  acc 0.5654  val_loss 1.0618  val_acc 0.5895
2026-04-08 20:11:30    epoch  24  loss 0.9854  acc 0.5912  val_loss 1.0668  val_acc 0.5710
2026-04-08 20:11:36    epoch  25  loss 0.9765  acc 0.5963  val_loss 1.0612  val_acc 0.5753
2026-04-08 20:11:42    epoch  26  loss 0.9847  acc 0.5962  val_loss 1.1900  val_acc 0.5218
2026-04-08 20:11:48    epoch  27  loss 0.9870  acc 0.5910  val_loss 1.0983  val_acc 0.5611
2026-04-08 20:11:54    epoch  28  loss 0.9227  acc 0.6267  val_loss 0.9892  val_acc 0.6212
2026-04-08 20:12:00    epoch  29  loss 0.8646  acc 0.6561  val_loss 0.9662  val_acc 0.6441
2026-04-08 20:12:06    epoch  30  loss 0.8407  acc 0.6669  val_loss 0.9470  val_acc 0.6496
2026-04-08 20:12:12    epoch  31  loss 0.7996  acc 0.6922  val_loss 0.9477  val_acc 0.6594
2026-04-08 20:12:18    epoch  32  loss 0.8117  acc 0.6815  val_loss 0.9974  val_acc 0.6386
2026-04-08 20:12:24    epoch  33  loss 0.7929  acc 0.6979  val_loss 0.9729  val_acc 0.6539
2026-04-08 20:12:30    epoch  34  loss 0.7507  acc 0.7133  val_loss 0.9282  val_acc 0.6714
2026-04-08 20:12:36    epoch  35  loss 0.7533  acc 0.7149  val_loss 0.9593  val_acc 0.6485
2026-04-08 20:12:42    epoch  36  loss 0.7321  acc 0.7287  val_loss 0.9173  val_acc 0.6703
2026-04-08 20:12:48    epoch  37  loss 0.7041  acc 0.7325  val_loss 0.9305  val_acc 0.6900
2026-04-08 20:12:54    epoch  38  loss 0.6734  acc 0.7497  val_loss 0.8719  val_acc 0.7052
2026-04-08 20:13:00    epoch  39  loss 0.6632  acc 0.7535  val_loss 0.8781  val_acc 0.6921
2026-04-08 20:13:07    epoch  40  loss 0.6148  acc 0.7753  val_loss 0.8788  val_acc 0.6976
2026-04-08 20:13:13    epoch  41  loss 0.6024  acc 0.7776  val_loss 0.8622  val_acc 0.7052
2026-04-08 20:13:19    epoch  42  loss 0.5997  acc 0.7777  val_loss 0.8805  val_acc 0.7118
2026-04-08 20:13:25    epoch  43  loss 0.6194  acc 0.7747  val_loss 0.9013  val_acc 0.6867
2026-04-08 20:13:31    epoch  44  loss 0.5900  acc 0.7839  val_loss 0.8678  val_acc 0.7140
2026-04-08 20:13:37    epoch  45  loss 0.5532  acc 0.7953  val_loss 0.8611  val_acc 0.7151
2026-04-08 20:13:43    epoch  46  loss 0.5308  acc 0.8060  val_loss 0.8416  val_acc 0.7358
2026-04-08 20:13:49    epoch  47  loss 0.5126  acc 0.8140  val_loss 0.9200  val_acc 0.7107
2026-04-08 20:13:55    epoch  48  loss 0.4896  acc 0.8249  val_loss 0.8457  val_acc 0.7413
2026-04-08 20:14:01    epoch  49  loss 0.4596  acc 0.8353  val_loss 0.8328  val_acc 0.7467
2026-04-08 20:14:07    epoch  50  loss 0.4638  acc 0.8317  val_loss 0.8548  val_acc 0.7314
2026-04-08 20:14:13    epoch  51  loss 0.4975  acc 0.8187  val_loss 0.8264  val_acc 0.7478
2026-04-08 20:14:19    epoch  52  loss 0.4694  acc 0.8337  val_loss 0.7736  val_acc 0.7653
2026-04-08 20:14:25    epoch  53  loss 0.4481  acc 0.8402  val_loss 0.8605  val_acc 0.7424
2026-04-08 20:14:31    epoch  54  loss 0.4386  acc 0.8420  val_loss 0.8309  val_acc 0.7533
2026-04-08 20:14:37    epoch  55  loss 0.4167  acc 0.8527  val_loss 0.8494  val_acc 0.7522
2026-04-08 20:14:42    epoch  56  loss 0.3857  acc 0.8653  val_loss 0.8233  val_acc 0.7642
2026-04-08 20:14:45    epoch  57  loss 0.3895  acc 0.8610  val_loss 0.9115  val_acc 0.7293
2026-04-08 20:14:49    epoch  58  loss 0.3493  acc 0.8752  val_loss 0.8477  val_acc 0.7686
2026-04-08 20:14:53    epoch  59  loss 0.2857  acc 0.9014  val_loss 0.7948  val_acc 0.7773
2026-04-08 20:14:56    epoch  60  loss 0.2719  acc 0.9058  val_loss 0.8301  val_acc 0.7718
2026-04-08 20:14:56    Early stopping at epoch 60
2026-04-08 20:14:56    User4 accuracy: 0.5941
2026-04-08 20:14:57  ────────────────────────────────────────────────────────────
2026-04-08 20:14:57  LOSO fold — held-out: User5 (534 test windows, 9170 train windows)
2026-04-08 20:14:59    epoch   1  loss 2.0774  acc 0.2129  val_loss 1.8214  val_acc 0.2814
2026-04-08 20:15:02    epoch   2  loss 1.6637  acc 0.3132  val_loss 1.5428  val_acc 0.3653
2026-04-08 20:15:05    epoch   3  loss 1.6380  acc 0.3275  val_loss 1.4898  val_acc 0.3828
2026-04-08 20:15:08    epoch   4  loss 1.4690  acc 0.3831  val_loss 1.4381  val_acc 0.4035
2026-04-08 20:15:11    epoch   5  loss 1.4282  acc 0.3927  val_loss 1.6081  val_acc 0.3621
2026-04-08 20:15:14    epoch   6  loss 1.3899  acc 0.4138  val_loss 1.3835  val_acc 0.4198
2026-04-08 20:15:19    epoch   7  loss 1.3065  acc 0.4430  val_loss 1.3830  val_acc 0.4286
2026-04-08 20:15:25    epoch   8  loss 1.3027  acc 0.4483  val_loss 1.3205  val_acc 0.4427
2026-04-08 20:15:31    epoch   9  loss 1.2620  acc 0.4613  val_loss 1.3686  val_acc 0.4438
2026-04-08 20:15:37    epoch  10  loss 1.2477  acc 0.4745  val_loss 1.3087  val_acc 0.4558
2026-04-08 20:15:44    epoch  11  loss 1.2046  acc 0.4864  val_loss 1.2568  val_acc 0.4929
2026-04-08 20:15:50    epoch  12  loss 1.1855  acc 0.4980  val_loss 1.2350  val_acc 0.4940
2026-04-08 20:15:56    epoch  13  loss 1.1888  acc 0.4952  val_loss 1.2949  val_acc 0.4667
2026-04-08 20:16:02    epoch  14  loss 1.1620  acc 0.5038  val_loss 1.1856  val_acc 0.5202
2026-04-08 20:16:08    epoch  15  loss 1.1579  acc 0.5051  val_loss 1.1663  val_acc 0.5125
2026-04-08 20:16:15    epoch  16  loss 1.1111  acc 0.5194  val_loss 1.2064  val_acc 0.5027
2026-04-08 20:16:21    epoch  17  loss 1.1139  acc 0.5302  val_loss 1.1000  val_acc 0.5463
2026-04-08 20:16:27    epoch  18  loss 1.1012  acc 0.5323  val_loss 1.1279  val_acc 0.5267
2026-04-08 20:16:33    epoch  19  loss 1.0627  acc 0.5456  val_loss 1.1072  val_acc 0.5605
2026-04-08 20:16:39    epoch  20  loss 1.0316  acc 0.5655  val_loss 1.0938  val_acc 0.5431
2026-04-08 20:16:46    epoch  21  loss 0.9920  acc 0.5892  val_loss 1.1419  val_acc 0.5453
2026-04-08 20:16:52    epoch  22  loss 0.9850  acc 0.6001  val_loss 1.0353  val_acc 0.5878
2026-04-08 20:16:58    epoch  23  loss 0.9392  acc 0.6309  val_loss 1.0382  val_acc 0.5834
2026-04-08 20:17:04    epoch  24  loss 0.8978  acc 0.6447  val_loss 0.9724  val_acc 0.6314
2026-04-08 20:17:10    epoch  25  loss 0.9006  acc 0.6599  val_loss 0.9958  val_acc 0.6227
2026-04-08 20:17:17    epoch  26  loss 0.8459  acc 0.6753  val_loss 0.9686  val_acc 0.6118
2026-04-08 20:17:23    epoch  27  loss 0.8677  acc 0.6685  val_loss 0.9922  val_acc 0.6074
2026-04-08 20:17:29    epoch  28  loss 0.8586  acc 0.6684  val_loss 0.9298  val_acc 0.6619
2026-04-08 20:17:35    epoch  29  loss 0.7950  acc 0.6994  val_loss 0.9996  val_acc 0.6249
2026-04-08 20:17:41    epoch  30  loss 0.7728  acc 0.7090  val_loss 1.1300  val_acc 0.5921
2026-04-08 20:17:48    epoch  31  loss 0.7786  acc 0.7050  val_loss 0.9437  val_acc 0.6510
2026-04-08 20:17:54    epoch  32  loss 0.7129  acc 0.7346  val_loss 0.9002  val_acc 0.6576
2026-04-08 20:18:00    epoch  33  loss 0.7205  acc 0.7265  val_loss 0.8956  val_acc 0.6652
2026-04-08 20:18:06    epoch  34  loss 0.6626  acc 0.7542  val_loss 0.8704  val_acc 0.6838
2026-04-08 20:18:12    epoch  35  loss 0.6520  acc 0.7568  val_loss 0.9209  val_acc 0.6685
2026-04-08 20:18:19    epoch  36  loss 0.6964  acc 0.7455  val_loss 0.9461  val_acc 0.6587
2026-04-08 20:18:25    epoch  37  loss 0.6768  acc 0.7514  val_loss 0.8488  val_acc 0.7023
2026-04-08 20:18:31    epoch  38  loss 0.6300  acc 0.7693  val_loss 0.9069  val_acc 0.6859
2026-04-08 20:18:37    epoch  39  loss 0.6028  acc 0.7790  val_loss 0.8059  val_acc 0.7121
2026-04-08 20:18:43    epoch  40  loss 0.5548  acc 0.7972  val_loss 0.8300  val_acc 0.6990
2026-04-08 20:18:50    epoch  41  loss 0.5823  acc 0.7852  val_loss 0.8417  val_acc 0.6925
2026-04-08 20:18:56    epoch  42  loss 0.5292  acc 0.8072  val_loss 0.8682  val_acc 0.7056
2026-04-08 20:19:02    epoch  43  loss 0.5476  acc 0.7975  val_loss 0.8525  val_acc 0.7241
2026-04-08 20:19:08    epoch  44  loss 0.5167  acc 0.8122  val_loss 0.8021  val_acc 0.7176
2026-04-08 20:19:14    epoch  45  loss 0.5280  acc 0.8052  val_loss 0.9148  val_acc 0.6848
2026-04-08 20:19:21    epoch  46  loss 0.5099  acc 0.8135  val_loss 0.8945  val_acc 0.7045
2026-04-08 20:19:27    epoch  47  loss 0.4739  acc 0.8267  val_loss 0.8259  val_acc 0.7317
2026-04-08 20:19:33    epoch  48  loss 0.4453  acc 0.8356  val_loss 0.7812  val_acc 0.7317
2026-04-08 20:19:39    epoch  49  loss 0.4626  acc 0.8301  val_loss 0.7985  val_acc 0.7241
2026-04-08 20:19:45    epoch  50  loss 0.4503  acc 0.8372  val_loss 0.8478  val_acc 0.7176
2026-04-08 20:19:52    epoch  51  loss 0.4149  acc 0.8512  val_loss 0.8422  val_acc 0.7208
2026-04-08 20:19:58    epoch  52  loss 0.4018  acc 0.8579  val_loss 0.7485  val_acc 0.7437
2026-04-08 20:20:04    epoch  53  loss 0.4841  acc 0.8267  val_loss 0.8674  val_acc 0.7208
2026-04-08 20:20:10    epoch  54  loss 0.4224  acc 0.8512  val_loss 0.7638  val_acc 0.7568
2026-04-08 20:20:16    epoch  55  loss 0.3560  acc 0.8741  val_loss 0.7679  val_acc 0.7634
2026-04-08 20:20:23    epoch  56  loss 0.3564  acc 0.8722  val_loss 0.7432  val_acc 0.7623
2026-04-08 20:20:29    epoch  57  loss 0.3977  acc 0.8602  val_loss 0.9093  val_acc 0.7099
2026-04-08 20:20:35    epoch  58  loss 0.3805  acc 0.8643  val_loss 0.8202  val_acc 0.7568
2026-04-08 20:20:41    epoch  59  loss 0.3294  acc 0.8838  val_loss 0.7284  val_acc 0.7764
2026-04-08 20:20:47    epoch  60  loss 0.3465  acc 0.8782  val_loss 0.8391  val_acc 0.7394
2026-04-08 20:20:54    epoch  61  loss 0.3306  acc 0.8856  val_loss 0.8706  val_acc 0.7514
2026-04-08 20:21:00    epoch  62  loss 0.3141  acc 0.8893  val_loss 0.8005  val_acc 0.7688
2026-04-08 20:21:06    epoch  63  loss 0.3042  acc 0.8924  val_loss 0.8072  val_acc 0.7535
2026-04-08 20:21:12    epoch  64  loss 0.3077  acc 0.8909  val_loss 0.9192  val_acc 0.7197
2026-04-08 20:21:18    epoch  65  loss 0.3185  acc 0.8848  val_loss 0.8434  val_acc 0.7546
2026-04-08 20:21:25    epoch  66  loss 0.2505  acc 0.9135  val_loss 0.7779  val_acc 0.7710
2026-04-08 20:21:31    epoch  67  loss 0.2036  acc 0.9306  val_loss 0.8296  val_acc 0.7688
2026-04-08 20:21:31    Early stopping at epoch 67
2026-04-08 20:21:31    User5 accuracy: 0.6854
2026-04-08 20:21:31    ✓ New best model saved (User5 held out, acc=0.6854)
2026-04-08 20:21:31  ────────────────────────────────────────────────────────────
2026-04-08 20:21:31  LOSO fold — held-out: User6 (518 test windows, 9186 train windows)
2026-04-08 20:21:38    epoch   1  loss 1.9300  acc 0.2448  val_loss 1.7169  val_acc 0.2789
2026-04-08 20:21:44    epoch   2  loss 1.7234  acc 0.2972  val_loss 1.6461  val_acc 0.2985
2026-04-08 20:21:50    epoch   3  loss 1.6197  acc 0.3266  val_loss 1.6015  val_acc 0.3388
2026-04-08 20:21:56    epoch   4  loss 1.5619  acc 0.3578  val_loss 1.7820  val_acc 0.2941
2026-04-08 20:22:02    epoch   5  loss 1.4984  acc 0.3869  val_loss 1.4715  val_acc 0.4096
2026-04-08 20:22:09    epoch   6  loss 1.4363  acc 0.4076  val_loss 1.4078  val_acc 0.4139
2026-04-08 20:22:15    epoch   7  loss 1.4093  acc 0.4203  val_loss 1.3914  val_acc 0.4085
2026-04-08 20:22:21    epoch   8  loss 1.3689  acc 0.4381  val_loss 1.3712  val_acc 0.4379
2026-04-08 20:22:27    epoch   9  loss 1.3948  acc 0.4243  val_loss 1.4288  val_acc 0.4009
2026-04-08 20:22:34    epoch  10  loss 1.3262  acc 0.4484  val_loss 1.3419  val_acc 0.4248
2026-04-08 20:22:40    epoch  11  loss 1.2720  acc 0.4722  val_loss 1.3122  val_acc 0.4532
2026-04-08 20:22:46    epoch  12  loss 1.2407  acc 0.4813  val_loss 1.2521  val_acc 0.4728
2026-04-08 20:22:52    epoch  13  loss 1.2257  acc 0.4856  val_loss 1.2613  val_acc 0.4651
2026-04-08 20:22:58    epoch  14  loss 1.2232  acc 0.4848  val_loss 1.2939  val_acc 0.4488
2026-04-08 20:23:05    epoch  15  loss 1.1922  acc 0.5022  val_loss 1.2219  val_acc 0.4695
2026-04-08 20:23:11    epoch  16  loss 1.1717  acc 0.5088  val_loss 1.2292  val_acc 0.4826
2026-04-08 20:23:17    epoch  17  loss 1.1374  acc 0.5168  val_loss 1.2203  val_acc 0.5087
2026-04-08 20:23:23    epoch  18  loss 1.1491  acc 0.5191  val_loss 1.1909  val_acc 0.5000
2026-04-08 20:23:30    epoch  19  loss 1.1479  acc 0.5132  val_loss 1.2140  val_acc 0.4978
2026-04-08 20:23:36    epoch  20  loss 1.1206  acc 0.5242  val_loss 1.1489  val_acc 0.5065
2026-04-08 20:23:42    epoch  21  loss 1.0709  acc 0.5461  val_loss 1.1933  val_acc 0.5000
2026-04-08 20:23:48    epoch  22  loss 1.0375  acc 0.5606  val_loss 1.1334  val_acc 0.5316
2026-04-08 20:23:54    epoch  23  loss 0.9984  acc 0.5856  val_loss 1.1214  val_acc 0.5261
2026-04-08 20:24:01    epoch  24  loss 0.9961  acc 0.5872  val_loss 1.1484  val_acc 0.5425
2026-04-08 20:24:07    epoch  25  loss 0.9853  acc 0.5953  val_loss 1.0718  val_acc 0.5436
2026-04-08 20:24:13    epoch  26  loss 1.0108  acc 0.5806  val_loss 1.0640  val_acc 0.5773
2026-04-08 20:24:19    epoch  27  loss 0.9539  acc 0.6110  val_loss 1.0645  val_acc 0.5915
2026-04-08 20:24:26    epoch  28  loss 0.9202  acc 0.6245  val_loss 1.0453  val_acc 0.5893
2026-04-08 20:24:32    epoch  29  loss 0.9308  acc 0.6173  val_loss 0.9864  val_acc 0.6013
2026-04-08 20:24:38    epoch  30  loss 0.8700  acc 0.6536  val_loss 1.0457  val_acc 0.5545
2026-04-08 20:24:44    epoch  31  loss 0.8811  acc 0.6370  val_loss 1.0165  val_acc 0.6089
2026-04-08 20:24:51    epoch  32  loss 0.8390  acc 0.6595  val_loss 1.0187  val_acc 0.6231
2026-04-08 20:24:57    epoch  33  loss 0.8474  acc 0.6667  val_loss 1.0005  val_acc 0.6253
2026-04-08 20:25:03    epoch  34  loss 0.8226  acc 0.6778  val_loss 0.9452  val_acc 0.6329
2026-04-08 20:25:09    epoch  35  loss 0.8105  acc 0.6811  val_loss 0.9738  val_acc 0.6481
2026-04-08 20:25:15    epoch  36  loss 0.7672  acc 0.7030  val_loss 0.9014  val_acc 0.6841
2026-04-08 20:25:22    epoch  37  loss 0.7441  acc 0.7121  val_loss 0.9488  val_acc 0.6449
2026-04-08 20:25:28    epoch  38  loss 0.7985  acc 0.6895  val_loss 1.0470  val_acc 0.6144
2026-04-08 20:25:34    epoch  39  loss 0.7030  acc 0.7349  val_loss 0.9000  val_acc 0.6754
2026-04-08 20:25:40    epoch  40  loss 0.6711  acc 0.7419  val_loss 0.9011  val_acc 0.6939
2026-04-08 20:25:47    epoch  41  loss 0.6924  acc 0.7365  val_loss 0.9071  val_acc 0.6808
2026-04-08 20:25:53    epoch  42  loss 0.6628  acc 0.7505  val_loss 0.9381  val_acc 0.6743
2026-04-08 20:25:59    epoch  43  loss 0.6330  acc 0.7604  val_loss 0.8467  val_acc 0.7092
2026-04-08 20:26:05    epoch  44  loss 0.5759  acc 0.7829  val_loss 0.8344  val_acc 0.7309
2026-04-08 20:26:11    epoch  45  loss 0.5651  acc 0.7908  val_loss 0.8545  val_acc 0.7168
2026-04-08 20:26:18    epoch  46  loss 0.5376  acc 0.8012  val_loss 0.8866  val_acc 0.7048
2026-04-08 20:26:24    epoch  47  loss 0.5600  acc 0.7987  val_loss 0.8798  val_acc 0.7124
2026-04-08 20:26:30    epoch  48  loss 0.5587  acc 0.7943  val_loss 0.8257  val_acc 0.7146
2026-04-08 20:26:36    epoch  49  loss 0.5330  acc 0.8070  val_loss 0.8009  val_acc 0.7233
2026-04-08 20:26:43    epoch  50  loss 0.4828  acc 0.8269  val_loss 0.8149  val_acc 0.7364
2026-04-08 20:26:49    epoch  51  loss 0.4977  acc 0.8179  val_loss 0.8586  val_acc 0.7190
2026-04-08 20:26:55    epoch  52  loss 0.4425  acc 0.8403  val_loss 0.9310  val_acc 0.7037
2026-04-08 20:27:01    epoch  53  loss 0.4391  acc 0.8418  val_loss 0.8016  val_acc 0.7462
2026-04-08 20:27:07    epoch  54  loss 0.4538  acc 0.8351  val_loss 0.7960  val_acc 0.7582
2026-04-08 20:27:14    epoch  55  loss 0.4073  acc 0.8493  val_loss 0.7924  val_acc 0.7614
2026-04-08 20:27:20    epoch  56  loss 0.3771  acc 0.8624  val_loss 0.7961  val_acc 0.7614
2026-04-08 20:27:26    epoch  57  loss 0.4010  acc 0.8539  val_loss 0.8919  val_acc 0.7244
2026-04-08 20:27:32    epoch  58  loss 0.3802  acc 0.8644  val_loss 0.8006  val_acc 0.7516
2026-04-08 20:27:39    epoch  59  loss 0.3521  acc 0.8749  val_loss 0.8476  val_acc 0.7516
2026-04-08 20:27:45    epoch  60  loss 0.3894  acc 0.8590  val_loss 0.8394  val_acc 0.7560
2026-04-08 20:27:51    epoch  61  loss 0.2825  acc 0.9024  val_loss 0.7648  val_acc 0.7789
2026-04-08 20:27:57    epoch  62  loss 0.2420  acc 0.9155  val_loss 0.7619  val_acc 0.7919
2026-04-08 20:28:04    epoch  63  loss 0.2154  acc 0.9256  val_loss 0.7914  val_acc 0.7723
2026-04-08 20:28:10    epoch  64  loss 0.2188  acc 0.9245  val_loss 0.8132  val_acc 0.7745
2026-04-08 20:28:16    epoch  65  loss 0.2133  acc 0.9263  val_loss 0.8029  val_acc 0.7898
2026-04-08 20:28:22    epoch  66  loss 0.1923  acc 0.9321  val_loss 0.7947  val_acc 0.7887
2026-04-08 20:28:28    epoch  67  loss 0.1806  acc 0.9393  val_loss 0.8065  val_acc 0.7908
2026-04-08 20:28:35    epoch  68  loss 0.1387  acc 0.9536  val_loss 0.7844  val_acc 0.8094
2026-04-08 20:28:41    epoch  69  loss 0.1301  acc 0.9585  val_loss 0.8331  val_acc 0.7930
2026-04-08 20:28:47    epoch  70  loss 0.1346  acc 0.9557  val_loss 0.8734  val_acc 0.7810
2026-04-08 20:28:47    Early stopping at epoch 70
2026-04-08 20:28:47    User6 accuracy: 0.6062
2026-04-08 20:28:48  ────────────────────────────────────────────────────────────
2026-04-08 20:28:48  LOSO fold — held-out: User7 (1128 test windows, 8576 train windows)
2026-04-08 20:28:54    epoch   1  loss 1.9814  acc 0.2277  val_loss 1.7365  val_acc 0.2929
2026-04-08 20:28:59    epoch   2  loss 1.7648  acc 0.2792  val_loss 1.6653  val_acc 0.3186
2026-04-08 20:29:05    epoch   3  loss 1.7036  acc 0.3103  val_loss 1.6749  val_acc 0.3057
2026-04-08 20:29:11    epoch   4  loss 1.6488  acc 0.3188  val_loss 1.5762  val_acc 0.3536
2026-04-08 20:29:17    epoch   5  loss 1.5439  acc 0.3662  val_loss 1.5598  val_acc 0.3571
2026-04-08 20:29:23    epoch   6  loss 1.4816  acc 0.3911  val_loss 1.4382  val_acc 0.4142
2026-04-08 20:29:29    epoch   7  loss 1.4964  acc 0.3827  val_loss 1.7761  val_acc 0.2567
2026-04-08 20:29:34    epoch   8  loss 1.8451  acc 0.2708  val_loss 1.7136  val_acc 0.2999
2026-04-08 20:29:40    epoch   9  loss 1.6649  acc 0.3319  val_loss 1.6097  val_acc 0.3559
2026-04-08 20:29:46    epoch  10  loss 1.5441  acc 0.3611  val_loss 1.4448  val_acc 0.3967
2026-04-08 20:29:52    epoch  11  loss 1.4781  acc 0.3844  val_loss 1.4320  val_acc 0.4096
2026-04-08 20:29:58    epoch  12  loss 1.4104  acc 0.4086  val_loss 1.3529  val_acc 0.4306
2026-04-08 20:30:03    epoch  13  loss 1.3669  acc 0.4227  val_loss 1.3064  val_acc 0.4504
2026-04-08 20:30:09    epoch  14  loss 1.3230  acc 0.4464  val_loss 1.4065  val_acc 0.4119
2026-04-08 20:30:15    epoch  15  loss 1.3432  acc 0.4394  val_loss 1.2866  val_acc 0.4609
2026-04-08 20:30:21    epoch  16  loss 1.2906  acc 0.4686  val_loss 1.2832  val_acc 0.4597
2026-04-08 20:30:27    epoch  17  loss 1.2338  acc 0.4819  val_loss 1.2243  val_acc 0.4982
2026-04-08 20:30:33    epoch  18  loss 1.2181  acc 0.4894  val_loss 1.2229  val_acc 0.4936
2026-04-08 20:30:38    epoch  19  loss 1.1682  acc 0.5049  val_loss 1.2670  val_acc 0.4982
2026-04-08 20:30:44    epoch  20  loss 1.1677  acc 0.5148  val_loss 1.1854  val_acc 0.5181
2026-04-08 20:30:50    epoch  21  loss 1.1609  acc 0.5138  val_loss 1.2488  val_acc 0.4936
2026-04-08 20:30:56    epoch  22  loss 1.1360  acc 0.5150  val_loss 1.1736  val_acc 0.5193
2026-04-08 20:31:02    epoch  23  loss 1.1323  acc 0.5286  val_loss 1.1871  val_acc 0.5298
2026-04-08 20:31:07    epoch  24  loss 1.1102  acc 0.5366  val_loss 1.1273  val_acc 0.5321
2026-04-08 20:31:13    epoch  25  loss 1.0978  acc 0.5398  val_loss 1.1400  val_acc 0.5321
2026-04-08 20:31:19    epoch  26  loss 1.0633  acc 0.5494  val_loss 1.1019  val_acc 0.5403
2026-04-08 20:31:25    epoch  27  loss 1.0321  acc 0.5707  val_loss 1.1484  val_acc 0.5263
2026-04-08 20:31:31    epoch  28  loss 1.0432  acc 0.5598  val_loss 1.1206  val_acc 0.5403
2026-04-08 20:31:37    epoch  29  loss 1.0526  acc 0.5608  val_loss 1.1229  val_acc 0.5216
2026-04-08 20:31:42    epoch  30  loss 1.0316  acc 0.5730  val_loss 1.2127  val_acc 0.5041
2026-04-08 20:31:48    epoch  31  loss 1.0212  acc 0.5759  val_loss 1.0803  val_acc 0.5624
2026-04-08 20:31:54    epoch  32  loss 0.9836  acc 0.5898  val_loss 1.1057  val_acc 0.5554
2026-04-08 20:32:00    epoch  33  loss 0.9777  acc 0.5865  val_loss 1.0886  val_acc 0.5484
2026-04-08 20:32:06    epoch  34  loss 0.9350  acc 0.6116  val_loss 0.9981  val_acc 0.5869
2026-04-08 20:32:11    epoch  35  loss 0.9109  acc 0.6204  val_loss 1.0113  val_acc 0.5823
2026-04-08 20:32:17    epoch  36  loss 0.9009  acc 0.6282  val_loss 1.0114  val_acc 0.5788
2026-04-08 20:32:23    epoch  37  loss 0.8883  acc 0.6344  val_loss 0.9995  val_acc 0.6126
2026-04-08 20:32:29    epoch  38  loss 0.9030  acc 0.6288  val_loss 1.0117  val_acc 0.6138
2026-04-08 20:32:35    epoch  39  loss 0.8621  acc 0.6406  val_loss 1.0431  val_acc 0.5799
2026-04-08 20:32:41    epoch  40  loss 0.8042  acc 0.6686  val_loss 0.9497  val_acc 0.6476
2026-04-08 20:32:46    epoch  41  loss 0.7972  acc 0.6713  val_loss 0.9940  val_acc 0.6021
2026-04-08 20:32:52    epoch  42  loss 0.7840  acc 0.6773  val_loss 0.9426  val_acc 0.6278
2026-04-08 20:32:58    epoch  43  loss 0.7588  acc 0.6873  val_loss 0.9684  val_acc 0.6219
2026-04-08 20:33:04    epoch  44  loss 0.7745  acc 0.6822  val_loss 0.9589  val_acc 0.6336
2026-04-08 20:33:10    epoch  45  loss 0.7359  acc 0.6963  val_loss 1.0712  val_acc 0.6208
2026-04-08 20:33:15    epoch  46  loss 0.7116  acc 0.7084  val_loss 0.9458  val_acc 0.6721
2026-04-08 20:33:21    epoch  47  loss 0.7069  acc 0.7115  val_loss 0.9666  val_acc 0.6511
2026-04-08 20:33:27    epoch  48  loss 0.6660  acc 0.7301  val_loss 0.9660  val_acc 0.6499
2026-04-08 20:33:33    epoch  49  loss 0.6455  acc 0.7467  val_loss 0.9464  val_acc 0.6791
2026-04-08 20:33:39    epoch  50  loss 0.6244  acc 0.7555  val_loss 0.9519  val_acc 0.6709
2026-04-08 20:33:39    Early stopping at epoch 50
