2026-04-09 11:53:09  ========================================================================
2026-04-09 11:53:09  Modality: acc  |  sensors: ['Accelerometer']  |  3 ch  |  window=300  overlap=50%  step=150
2026-04-09 11:53:09  Device: cuda:1  |  Log: /home/mahmudm2/codebase/ClassyGlass/scripts/benchmark/logs/sensor_acc_W300_S150.log
2026-04-09 11:53:09  ========================================================================
2026-04-09 11:53:12  Loaded 9705 windows | sensors=['Accelerometer'] (3 ch) | window=300  step=150 | skipped=0 experiments
2026-04-09 11:53:12    ─── LOSO fold: User1 (test=557, train=9148)
2026-04-09 11:53:17      epoch   1  loss 2.1502  acc 0.1897  val_loss 1.7652  val_acc 0.2921
2026-04-09 11:53:20      epoch   2  loss 1.7503  acc 0.2831  val_loss 1.5338  val_acc 0.3611
2026-04-09 11:53:22      epoch   3  loss 1.6073  acc 0.3392  val_loss 1.5112  val_acc 0.3873
2026-04-09 11:53:25      epoch   4  loss 1.6507  acc 0.3245  val_loss 1.6113  val_acc 0.3293
2026-04-09 11:53:28      epoch   5  loss 1.6356  acc 0.3280  val_loss 1.5602  val_acc 0.3556
2026-04-09 11:53:31      epoch   6  loss 1.5671  acc 0.3495  val_loss 1.5899  val_acc 0.3654
2026-04-09 11:53:34      epoch   7  loss 1.5542  acc 0.3532  val_loss 1.4678  val_acc 0.3895
2026-04-09 11:53:36      epoch   8  loss 1.5077  acc 0.3884  val_loss 1.4448  val_acc 0.3950
2026-04-09 11:53:39      epoch   9  loss 1.6242  acc 0.3379  val_loss 1.5270  val_acc 0.3720
2026-04-09 11:53:41      epoch  10  loss 1.5531  acc 0.3558  val_loss 1.4717  val_acc 0.3917
2026-04-09 11:53:44      epoch  11  loss 1.5182  acc 0.3721  val_loss 1.4523  val_acc 0.4114
2026-04-09 11:53:47      epoch  12  loss 1.5001  acc 0.3799  val_loss 1.4768  val_acc 0.3862
2026-04-09 11:53:50      epoch  13  loss 1.4835  acc 0.3934  val_loss 1.4346  val_acc 0.4004
2026-04-09 11:53:53      epoch  14  loss 1.4912  acc 0.3869  val_loss 1.4604  val_acc 0.3775
2026-04-09 11:53:56      epoch  15  loss 1.4743  acc 0.3907  val_loss 1.3907  val_acc 0.4486
2026-04-09 11:53:59      epoch  16  loss 1.4436  acc 0.4115  val_loss 1.4289  val_acc 0.4015
2026-04-09 11:54:01      epoch  17  loss 1.4542  acc 0.4053  val_loss 1.3782  val_acc 0.4256
2026-04-09 11:54:04      epoch  18  loss 1.4458  acc 0.4146  val_loss 1.3769  val_acc 0.4256
2026-04-09 11:54:07      epoch  19  loss 1.4184  acc 0.4138  val_loss 1.3752  val_acc 0.4158
2026-04-09 11:54:09      epoch  20  loss 1.4057  acc 0.4228  val_loss 1.3762  val_acc 0.4497
2026-04-09 11:54:12      epoch  21  loss 1.4049  acc 0.4194  val_loss 1.4238  val_acc 0.4158
2026-04-09 11:54:15      epoch  22  loss 1.4273  acc 0.4139  val_loss 1.4143  val_acc 0.4354
2026-04-09 11:54:18      epoch  23  loss 1.3795  acc 0.4236  val_loss 1.3135  val_acc 0.4475
2026-04-09 11:54:20      epoch  24  loss 1.3536  acc 0.4433  val_loss 1.3102  val_acc 0.4508
2026-04-09 11:54:23      epoch  25  loss 1.3963  acc 0.4234  val_loss 1.3390  val_acc 0.4311
2026-04-09 11:54:26      epoch  26  loss 1.3810  acc 0.4311  val_loss 1.3438  val_acc 0.4442
2026-04-09 11:54:28      epoch  27  loss 1.3755  acc 0.4339  val_loss 1.3127  val_acc 0.4311
2026-04-09 11:54:31      epoch  28  loss 1.3538  acc 0.4436  val_loss 1.2810  val_acc 0.4519
2026-04-09 11:54:34      epoch  29  loss 1.3223  acc 0.4573  val_loss 1.2649  val_acc 0.4716
2026-04-09 11:54:37      epoch  30  loss 1.3474  acc 0.4524  val_loss 1.3098  val_acc 0.4420
2026-04-09 11:54:40      epoch  31  loss 1.3410  acc 0.4592  val_loss 1.3072  val_acc 0.4573
2026-04-09 11:54:43      epoch  32  loss 1.3304  acc 0.4548  val_loss 1.2772  val_acc 0.4584
2026-04-09 11:54:46      epoch  33  loss 1.3109  acc 0.4580  val_loss 1.2700  val_acc 0.4770
2026-04-09 11:54:48      epoch  34  loss 1.3074  acc 0.4570  val_loss 1.2525  val_acc 0.4726
2026-04-09 11:54:51      epoch  35  loss 1.3012  acc 0.4641  val_loss 1.2391  val_acc 0.4726
2026-04-09 11:54:54      epoch  36  loss 1.2952  acc 0.4557  val_loss 1.2274  val_acc 0.4781
2026-04-09 11:54:57      epoch  37  loss 1.2950  acc 0.4604  val_loss 1.2307  val_acc 0.4912
2026-04-09 11:55:00      epoch  38  loss 1.2917  acc 0.4666  val_loss 1.2497  val_acc 0.4814
2026-04-09 11:55:02      epoch  39  loss 1.2803  acc 0.4750  val_loss 1.2461  val_acc 0.4825
2026-04-09 11:55:05      epoch  40  loss 1.2789  acc 0.4745  val_loss 1.2167  val_acc 0.4902
2026-04-09 11:55:08      epoch  41  loss 1.2653  acc 0.4739  val_loss 1.2423  val_acc 0.4945
2026-04-09 11:55:11      epoch  42  loss 1.2619  acc 0.4797  val_loss 1.2473  val_acc 0.4814
2026-04-09 11:55:14      epoch  43  loss 1.2528  acc 0.4824  val_loss 1.2752  val_acc 0.4759
2026-04-09 11:55:16      epoch  44  loss 1.2698  acc 0.4752  val_loss 1.2367  val_acc 0.4814
2026-04-09 11:55:19      epoch  45  loss 1.2718  acc 0.4716  val_loss 1.2643  val_acc 0.4880
2026-04-09 11:55:22      epoch  46  loss 1.2509  acc 0.4802  val_loss 1.1936  val_acc 0.4934
2026-04-09 11:55:25      epoch  47  loss 1.2280  acc 0.4857  val_loss 1.1959  val_acc 0.4934
2026-04-09 11:55:27      epoch  48  loss 1.2145  acc 0.4921  val_loss 1.1735  val_acc 0.5000
2026-04-09 11:55:30      epoch  49  loss 1.2074  acc 0.5018  val_loss 1.1968  val_acc 0.4934
2026-04-09 11:55:33      epoch  50  loss 1.2083  acc 0.4970  val_loss 1.2096  val_acc 0.5066
2026-04-09 11:55:36      epoch  51  loss 1.2231  acc 0.4938  val_loss 1.1954  val_acc 0.4945
2026-04-09 11:55:39      epoch  52  loss 1.2122  acc 0.5026  val_loss 1.1963  val_acc 0.4967
2026-04-09 11:55:42      epoch  53  loss 1.1920  acc 0.5078  val_loss 1.1745  val_acc 0.5153
2026-04-09 11:55:45      epoch  54  loss 1.1816  acc 0.5118  val_loss 1.1522  val_acc 0.5230
2026-04-09 11:55:48      epoch  55  loss 1.1730  acc 0.5199  val_loss 1.1687  val_acc 0.5044
2026-04-09 11:55:51      epoch  56  loss 1.1756  acc 0.5171  val_loss 1.1669  val_acc 0.5077
2026-04-09 11:55:53      epoch  57  loss 1.1793  acc 0.5137  val_loss 1.1736  val_acc 0.5098
2026-04-09 11:55:56      epoch  58  loss 1.1633  acc 0.5245  val_loss 1.1599  val_acc 0.5208
2026-04-09 11:55:59      epoch  59  loss 1.1608  acc 0.5244  val_loss 1.1632  val_acc 0.5055
2026-04-09 11:56:01      epoch  60  loss 1.1595  acc 0.5209  val_loss 1.1579  val_acc 0.5306
2026-04-09 11:56:04      epoch  61  loss 1.1497  acc 0.5289  val_loss 1.1531  val_acc 0.5306
2026-04-09 11:56:07      epoch  62  loss 1.1504  acc 0.5249  val_loss 1.1542  val_acc 0.5219
2026-04-09 11:56:07      Early stopping at epoch 62
2026-04-09 11:56:07      User1 accuracy: 0.4452
2026-04-09 11:56:08    ─── LOSO fold: User2 (test=513, train=9192)
2026-04-09 11:56:11      epoch   1  loss 2.1522  acc 0.1936  val_loss 1.7693  val_acc 0.3123
2026-04-09 11:56:14      epoch   2  loss 1.7987  acc 0.2825  val_loss 1.9680  val_acc 0.2231
2026-04-09 11:56:17      epoch   3  loss 1.7824  acc 0.2784  val_loss 1.6655  val_acc 0.3112
2026-04-09 11:56:19      epoch   4  loss 1.6711  acc 0.3174  val_loss 1.7091  val_acc 0.3079
2026-04-09 11:56:22      epoch   5  loss 1.6369  acc 0.3194  val_loss 1.7879  val_acc 0.3003
2026-04-09 11:56:25      epoch   6  loss 1.6329  acc 0.3155  val_loss 1.5381  val_acc 0.3504
2026-04-09 11:56:28      epoch   7  loss 1.5822  acc 0.3417  val_loss 1.5546  val_acc 0.3689
2026-04-09 11:56:31      epoch   8  loss 1.7364  acc 0.2959  val_loss 1.6207  val_acc 0.3177
2026-04-09 11:56:34      epoch   9  loss 1.5992  acc 0.3452  val_loss 1.5168  val_acc 0.3885
2026-04-09 11:56:36      epoch  10  loss 1.5378  acc 0.3669  val_loss 1.4819  val_acc 0.3754
2026-04-09 11:56:39      epoch  11  loss 1.5078  acc 0.3797  val_loss 1.4522  val_acc 0.4037
2026-04-09 11:56:42      epoch  12  loss 1.5246  acc 0.3719  val_loss 1.5023  val_acc 0.3863
2026-04-09 11:56:45      epoch  13  loss 1.5281  acc 0.3615  val_loss 1.4663  val_acc 0.4026
2026-04-09 11:56:48      epoch  14  loss 1.4961  acc 0.3904  val_loss 1.4790  val_acc 0.3885
2026-04-09 11:56:51      epoch  15  loss 1.5023  acc 0.3938  val_loss 1.5081  val_acc 0.3841
2026-04-09 11:56:54      epoch  16  loss 1.5054  acc 0.3942  val_loss 1.4422  val_acc 0.4309
2026-04-09 11:56:56      epoch  17  loss 1.4812  acc 0.4000  val_loss 1.4364  val_acc 0.4211
2026-04-09 11:56:59      epoch  18  loss 1.4905  acc 0.3908  val_loss 1.4270  val_acc 0.4244
2026-04-09 11:57:02      epoch  19  loss 1.4725  acc 0.3961  val_loss 1.4496  val_acc 0.4178
2026-04-09 11:57:05      epoch  20  loss 1.5007  acc 0.3919  val_loss 1.4177  val_acc 0.4450
2026-04-09 11:57:08      epoch  21  loss 1.4970  acc 0.4020  val_loss 1.4199  val_acc 0.4287
2026-04-09 11:57:11      epoch  22  loss 1.4552  acc 0.4104  val_loss 1.3880  val_acc 0.4374
2026-04-09 11:57:14      epoch  23  loss 1.4469  acc 0.4252  val_loss 1.3984  val_acc 0.4320
2026-04-09 11:57:17      epoch  24  loss 1.4395  acc 0.4277  val_loss 1.3897  val_acc 0.4429
2026-04-09 11:57:20      epoch  25  loss 1.4226  acc 0.4292  val_loss 1.3922  val_acc 0.4407
2026-04-09 11:57:22      epoch  26  loss 1.4261  acc 0.4316  val_loss 1.3896  val_acc 0.4157
2026-04-09 11:57:25      epoch  27  loss 1.4061  acc 0.4297  val_loss 1.3558  val_acc 0.4429
2026-04-09 11:57:28      epoch  28  loss 1.4070  acc 0.4314  val_loss 1.3855  val_acc 0.4603
2026-04-09 11:57:30      epoch  29  loss 1.3928  acc 0.4366  val_loss 1.3455  val_acc 0.4440
2026-04-09 11:57:33      epoch  30  loss 1.3872  acc 0.4463  val_loss 1.3537  val_acc 0.4603
2026-04-09 11:57:36      epoch  31  loss 1.3941  acc 0.4449  val_loss 1.3593  val_acc 0.4538
2026-04-09 11:57:39      epoch  32  loss 1.4175  acc 0.4385  val_loss 1.3665  val_acc 0.4570
2026-04-09 11:57:42      epoch  33  loss 1.3738  acc 0.4489  val_loss 1.3397  val_acc 0.4603
2026-04-09 11:57:44      epoch  34  loss 1.3832  acc 0.4410  val_loss 1.3508  val_acc 0.4418
2026-04-09 11:57:47      epoch  35  loss 1.3558  acc 0.4511  val_loss 1.3281  val_acc 0.4701
2026-04-09 11:57:50      epoch  36  loss 1.3489  acc 0.4574  val_loss 1.3169  val_acc 0.4592
2026-04-09 11:57:53      epoch  37  loss 1.3744  acc 0.4371  val_loss 1.3609  val_acc 0.4342
2026-04-09 11:57:56      epoch  38  loss 1.3724  acc 0.4387  val_loss 1.3280  val_acc 0.4396
2026-04-09 11:57:59      epoch  39  loss 1.3536  acc 0.4501  val_loss 1.3008  val_acc 0.4842
2026-04-09 11:58:01      epoch  40  loss 1.3334  acc 0.4613  val_loss 1.3174  val_acc 0.4625
2026-04-09 11:58:04      epoch  41  loss 1.3534  acc 0.4571  val_loss 1.2901  val_acc 0.4603
2026-04-09 11:58:07      epoch  42  loss 1.3166  acc 0.4773  val_loss 1.3154  val_acc 0.4788
2026-04-09 11:58:10      epoch  43  loss 1.3814  acc 0.4573  val_loss 1.4107  val_acc 0.4200
2026-04-09 11:58:13      epoch  44  loss 1.3877  acc 0.4376  val_loss 1.3535  val_acc 0.4657
2026-04-09 11:58:16      epoch  45  loss 1.3359  acc 0.4494  val_loss 1.2959  val_acc 0.4527
2026-04-09 11:58:19      epoch  46  loss 1.3151  acc 0.4532  val_loss 1.3003  val_acc 0.4440
2026-04-09 11:58:22      epoch  47  loss 1.3042  acc 0.4639  val_loss 1.2826  val_acc 0.4538
2026-04-09 11:58:24      epoch  48  loss 1.2925  acc 0.4765  val_loss 1.2782  val_acc 0.4799
2026-04-09 11:58:27      epoch  49  loss 1.2819  acc 0.4711  val_loss 1.2735  val_acc 0.4842
2026-04-09 11:58:30      epoch  50  loss 1.2745  acc 0.4882  val_loss 1.2807  val_acc 0.4842
2026-04-09 11:58:33      epoch  51  loss 1.3053  acc 0.4703  val_loss 1.3005  val_acc 0.4548
2026-04-09 11:58:35      epoch  52  loss 1.2925  acc 0.4671  val_loss 1.2640  val_acc 0.4635
2026-04-09 11:58:38      epoch  53  loss 1.2825  acc 0.4711  val_loss 1.2727  val_acc 0.4766
2026-04-09 11:58:41      epoch  54  loss 1.2684  acc 0.4784  val_loss 1.2706  val_acc 0.4614
2026-04-09 11:58:44      epoch  55  loss 1.2616  acc 0.4810  val_loss 1.2743  val_acc 0.4897
2026-04-09 11:58:47      epoch  56  loss 1.2514  acc 0.4835  val_loss 1.2663  val_acc 0.4864
2026-04-09 11:58:50      epoch  57  loss 1.2559  acc 0.4785  val_loss 1.2707  val_acc 0.4984
2026-04-09 11:58:53      epoch  58  loss 1.2525  acc 0.4895  val_loss 1.2452  val_acc 0.5049
2026-04-09 11:58:56      epoch  59  loss 1.2366  acc 0.4903  val_loss 1.2494  val_acc 0.5082
2026-04-09 11:58:59      epoch  60  loss 1.2297  acc 0.4950  val_loss 1.2405  val_acc 0.5027
2026-04-09 11:59:02      epoch  61  loss 1.2293  acc 0.4957  val_loss 1.2501  val_acc 0.5049
2026-04-09 11:59:05      epoch  62  loss 1.2215  acc 0.5011  val_loss 1.2429  val_acc 0.5060
2026-04-09 11:59:08      epoch  63  loss 1.2233  acc 0.5025  val_loss 1.2341  val_acc 0.5180
2026-04-09 11:59:11      epoch  64  loss 1.2116  acc 0.5137  val_loss 1.2395  val_acc 0.5147
2026-04-09 11:59:14      epoch  65  loss 1.2102  acc 0.5054  val_loss 1.2466  val_acc 0.4984
2026-04-09 11:59:17      epoch  66  loss 1.2042  acc 0.5103  val_loss 1.2430  val_acc 0.5136
2026-04-09 11:59:19      epoch  67  loss 1.2039  acc 0.5164  val_loss 1.2230  val_acc 0.5147
2026-04-09 11:59:22      epoch  68  loss 1.2053  acc 0.5143  val_loss 1.2270  val_acc 0.5038
2026-04-09 11:59:25      epoch  69  loss 1.2047  acc 0.5051  val_loss 1.2272  val_acc 0.5027
2026-04-09 11:59:28      epoch  70  loss 1.2012  acc 0.5086  val_loss 1.2341  val_acc 0.5060
2026-04-09 11:59:31      epoch  71  loss 1.1899  acc 0.5124  val_loss 1.2193  val_acc 0.5212
2026-04-09 11:59:34      epoch  72  loss 1.1863  acc 0.5263  val_loss 1.2119  val_acc 0.5190
2026-04-09 11:59:36      epoch  73  loss 1.1783  acc 0.5241  val_loss 1.2171  val_acc 0.5212
2026-04-09 11:59:39      epoch  74  loss 1.1823  acc 0.5231  val_loss 1.2020  val_acc 0.5234
2026-04-09 11:59:42      epoch  75  loss 1.2438  acc 0.4888  val_loss 1.2423  val_acc 0.4864
2026-04-09 11:59:45      epoch  76  loss 1.2075  acc 0.4978  val_loss 1.2157  val_acc 0.5114
2026-04-09 11:59:48      epoch  77  loss 1.1974  acc 0.5021  val_loss 1.2232  val_acc 0.5060
2026-04-09 11:59:51      epoch  78  loss 1.1830  acc 0.5082  val_loss 1.2272  val_acc 0.5038
2026-04-09 11:59:53      epoch  79  loss 1.1839  acc 0.5111  val_loss 1.2161  val_acc 0.5125
2026-04-09 11:59:56      epoch  80  loss 1.1800  acc 0.5148  val_loss 1.2054  val_acc 0.5125
2026-04-09 11:59:59      epoch  81  loss 1.1678  acc 0.5211  val_loss 1.2167  val_acc 0.5114
2026-04-09 12:00:02      epoch  82  loss 1.1685  acc 0.5240  val_loss 1.2125  val_acc 0.5147
2026-04-09 12:00:02      Early stopping at epoch 82
2026-04-09 12:00:02      User2 accuracy: 0.5965
2026-04-09 12:00:03    ─── LOSO fold: User3 (test=512, train=9193)
2026-04-09 12:00:06      epoch   1  loss 2.0965  acc 0.2012  val_loss 1.8948  val_acc 0.2579
2026-04-09 12:00:09      epoch   2  loss 1.8163  acc 0.2808  val_loss 1.7288  val_acc 0.2688
2026-04-09 12:00:11      epoch   3  loss 1.6930  acc 0.3080  val_loss 1.6333  val_acc 0.3308
2026-04-09 12:00:14      epoch   4  loss 1.7074  acc 0.2921  val_loss 1.5883  val_acc 0.3515
2026-04-09 12:00:17      epoch   5  loss 1.6167  acc 0.3320  val_loss 1.4936  val_acc 0.4124
2026-04-09 12:00:20      epoch   6  loss 1.6041  acc 0.3436  val_loss 1.5685  val_acc 0.3667
2026-04-09 12:00:22      epoch   7  loss 1.6231  acc 0.3347  val_loss 1.4770  val_acc 0.3830
2026-04-09 12:00:25      epoch   8  loss 1.5278  acc 0.3686  val_loss 1.4302  val_acc 0.4266
2026-04-09 12:00:28      epoch   9  loss 1.5250  acc 0.3828  val_loss 1.4482  val_acc 0.4168
2026-04-09 12:00:31      epoch  10  loss 1.5297  acc 0.3731  val_loss 1.4497  val_acc 0.4146
2026-04-09 12:00:33      epoch  11  loss 1.5108  acc 0.3822  val_loss 1.4117  val_acc 0.4309
2026-04-09 12:00:36      epoch  12  loss 1.4840  acc 0.3950  val_loss 1.3819  val_acc 0.4342
2026-04-09 12:00:39      epoch  13  loss 1.4561  acc 0.4023  val_loss 1.3813  val_acc 0.4331
2026-04-09 12:00:42      epoch  14  loss 1.4754  acc 0.4023  val_loss 1.3904  val_acc 0.4429
2026-04-09 12:00:44      epoch  15  loss 1.5276  acc 0.3795  val_loss 1.4157  val_acc 0.4276
2026-04-09 12:00:47      epoch  16  loss 1.4576  acc 0.3976  val_loss 1.3793  val_acc 0.4276
2026-04-09 12:00:50      epoch  17  loss 1.4397  acc 0.4130  val_loss 1.3549  val_acc 0.4461
2026-04-09 12:00:52      epoch  18  loss 1.4173  acc 0.4216  val_loss 1.3175  val_acc 0.4570
2026-04-09 12:00:55      epoch  19  loss 1.3842  acc 0.4357  val_loss 1.2970  val_acc 0.4614
2026-04-09 12:00:58      epoch  20  loss 1.4033  acc 0.4262  val_loss 1.3443  val_acc 0.4516
2026-04-09 12:01:01      epoch  21  loss 1.3908  acc 0.4323  val_loss 1.3163  val_acc 0.4516
2026-04-09 12:01:04      epoch  22  loss 1.3822  acc 0.4336  val_loss 1.3199  val_acc 0.4788
2026-04-09 12:01:07      epoch  23  loss 1.3726  acc 0.4407  val_loss 1.2945  val_acc 0.4820
2026-04-09 12:01:10      epoch  24  loss 1.3645  acc 0.4385  val_loss 1.3019  val_acc 0.4646
2026-04-09 12:01:12      epoch  25  loss 1.3594  acc 0.4486  val_loss 1.2681  val_acc 0.4723
2026-04-09 12:01:15      epoch  26  loss 1.3432  acc 0.4517  val_loss 1.2858  val_acc 0.4940
2026-04-09 12:01:18      epoch  27  loss 1.3872  acc 0.4292  val_loss 1.3157  val_acc 0.4733
2026-04-09 12:01:20      epoch  28  loss 1.3743  acc 0.4479  val_loss 1.2858  val_acc 0.4701
2026-04-09 12:01:23      epoch  29  loss 1.3384  acc 0.4569  val_loss 1.2639  val_acc 0.4744
2026-04-09 12:01:26      epoch  30  loss 1.5303  acc 0.3760  val_loss 1.3359  val_acc 0.4266
2026-04-09 12:01:29      epoch  31  loss 1.3852  acc 0.4322  val_loss 1.3035  val_acc 0.4679
2026-04-09 12:01:32      epoch  32  loss 1.3596  acc 0.4433  val_loss 1.2860  val_acc 0.4766
2026-04-09 12:01:34      epoch  33  loss 1.3685  acc 0.4353  val_loss 1.3146  val_acc 0.4668
2026-04-09 12:01:37      epoch  34  loss 1.3641  acc 0.4423  val_loss 1.2998  val_acc 0.4733
2026-04-09 12:01:40      epoch  35  loss 1.3448  acc 0.4537  val_loss 1.2747  val_acc 0.4646
2026-04-09 12:01:43      epoch  36  loss 1.3052  acc 0.4669  val_loss 1.2610  val_acc 0.4820
2026-04-09 12:01:46      epoch  37  loss 1.2982  acc 0.4685  val_loss 1.2469  val_acc 0.4886
2026-04-09 12:01:48      epoch  38  loss 1.2921  acc 0.4677  val_loss 1.2423  val_acc 0.4864
2026-04-09 12:01:51      epoch  39  loss 1.2884  acc 0.4703  val_loss 1.2487  val_acc 0.4842
2026-04-09 12:01:54      epoch  40  loss 1.3030  acc 0.4683  val_loss 1.2985  val_acc 0.4831
2026-04-09 12:01:57      epoch  41  loss 1.3003  acc 0.4647  val_loss 1.2535  val_acc 0.4690
2026-04-09 12:01:59      epoch  42  loss 1.2967  acc 0.4641  val_loss 1.2386  val_acc 0.4799
2026-04-09 12:02:02      epoch  43  loss 1.2806  acc 0.4683  val_loss 1.2289  val_acc 0.4973
2026-04-09 12:02:05      epoch  44  loss 1.2810  acc 0.4779  val_loss 1.2346  val_acc 0.4908
2026-04-09 12:02:08      epoch  45  loss 1.2636  acc 0.4799  val_loss 1.2407  val_acc 0.4940
2026-04-09 12:02:11      epoch  46  loss 1.2690  acc 0.4762  val_loss 1.2446  val_acc 0.4908
2026-04-09 12:02:13      epoch  47  loss 1.2660  acc 0.4780  val_loss 1.2204  val_acc 0.4984
2026-04-09 12:02:16      epoch  48  loss 1.2549  acc 0.4804  val_loss 1.2301  val_acc 0.4940
2026-04-09 12:02:19      epoch  49  loss 1.2513  acc 0.4814  val_loss 1.2204  val_acc 0.4897
2026-04-09 12:02:22      epoch  50  loss 1.2355  acc 0.4873  val_loss 1.2172  val_acc 0.4744
2026-04-09 12:02:25      epoch  51  loss 1.2531  acc 0.4781  val_loss 1.2127  val_acc 0.5038
2026-04-09 12:02:27      epoch  52  loss 1.2463  acc 0.4809  val_loss 1.2276  val_acc 0.5005
2026-04-09 12:02:30      epoch  53  loss 1.2505  acc 0.4814  val_loss 1.2180  val_acc 0.4788
2026-04-09 12:02:33      epoch  54  loss 1.2298  acc 0.4905  val_loss 1.2087  val_acc 0.4940
2026-04-09 12:02:36      epoch  55  loss 1.2582  acc 0.4824  val_loss 1.2476  val_acc 0.4733
2026-04-09 12:02:39      epoch  56  loss 1.2492  acc 0.4839  val_loss 1.2300  val_acc 0.4820
2026-04-09 12:02:41      epoch  57  loss 1.2336  acc 0.4908  val_loss 1.2143  val_acc 0.4973
2026-04-09 12:02:44      epoch  58  loss 1.2341  acc 0.4832  val_loss 1.2301  val_acc 0.4744
2026-04-09 12:02:47      epoch  59  loss 1.2359  acc 0.4912  val_loss 1.2035  val_acc 0.5169
2026-04-09 12:02:50      epoch  60  loss 1.2171  acc 0.4993  val_loss 1.2138  val_acc 0.5027
2026-04-09 12:02:53      epoch  61  loss 1.2103  acc 0.5010  val_loss 1.2050  val_acc 0.5158
2026-04-09 12:02:56      epoch  62  loss 1.2088  acc 0.4983  val_loss 1.2057  val_acc 0.4973
2026-04-09 12:02:59      epoch  63  loss 1.2874  acc 0.4698  val_loss 1.2359  val_acc 0.4635
2026-04-09 12:03:01      epoch  64  loss 1.2414  acc 0.4795  val_loss 1.2163  val_acc 0.4603
2026-04-09 12:03:04      epoch  65  loss 1.2057  acc 0.4970  val_loss 1.1953  val_acc 0.4886
2026-04-09 12:03:07      epoch  66  loss 1.1968  acc 0.4998  val_loss 1.1969  val_acc 0.4712
2026-04-09 12:03:10      epoch  67  loss 1.1973  acc 0.4965  val_loss 1.1976  val_acc 0.4788
2026-04-09 12:03:13      epoch  68  loss 1.2126  acc 0.4976  val_loss 1.2080  val_acc 0.4635
2026-04-09 12:03:15      epoch  69  loss 1.2037  acc 0.5035  val_loss 1.2053  val_acc 0.4842
2026-04-09 12:03:18      epoch  70  loss 1.1812  acc 0.5046  val_loss 1.1973  val_acc 0.4820
2026-04-09 12:03:21      epoch  71  loss 1.1756  acc 0.5066  val_loss 1.1920  val_acc 0.5060
2026-04-09 12:03:24      epoch  72  loss 1.1730  acc 0.5089  val_loss 1.1866  val_acc 0.5136
2026-04-09 12:03:27      epoch  73  loss 1.1699  acc 0.5143  val_loss 1.1920  val_acc 0.5114
2026-04-09 12:03:30      epoch  74  loss 1.1648  acc 0.5197  val_loss 1.1960  val_acc 0.4962
2026-04-09 12:03:32      epoch  75  loss 1.1667  acc 0.5134  val_loss 1.1889  val_acc 0.5234
2026-04-09 12:03:35      epoch  76  loss 1.1658  acc 0.5152  val_loss 1.1861  val_acc 0.5180
2026-04-09 12:03:38      epoch  77  loss 1.1671  acc 0.5150  val_loss 1.1851  val_acc 0.5267
2026-04-09 12:03:41      epoch  78  loss 1.1591  acc 0.5198  val_loss 1.1818  val_acc 0.5299
2026-04-09 12:03:44      epoch  79  loss 1.1756  acc 0.5164  val_loss 1.1857  val_acc 0.5190
2026-04-09 12:03:47      epoch  80  loss 1.1627  acc 0.5173  val_loss 1.1856  val_acc 0.5256
2026-04-09 12:03:50      epoch  81  loss 1.1512  acc 0.5239  val_loss 1.1807  val_acc 0.5256
2026-04-09 12:03:53      epoch  82  loss 1.1544  acc 0.5285  val_loss 1.1841  val_acc 0.5169
2026-04-09 12:03:56      epoch  83  loss 1.1523  acc 0.5234  val_loss 1.1805  val_acc 0.5158
2026-04-09 12:03:58      epoch  84  loss 1.1536  acc 0.5272  val_loss 1.1829  val_acc 0.5234
2026-04-09 12:04:01      epoch  85  loss 1.1431  acc 0.5315  val_loss 1.1839  val_acc 0.5267
2026-04-09 12:04:04      epoch  86  loss 1.1423  acc 0.5335  val_loss 1.1885  val_acc 0.5201
2026-04-09 12:04:06      epoch  87  loss 1.1421  acc 0.5326  val_loss 1.1821  val_acc 0.5223
2026-04-09 12:04:09      epoch  88  loss 1.1367  acc 0.5347  val_loss 1.1728  val_acc 0.5343
2026-04-09 12:04:11      epoch  89  loss 1.1486  acc 0.5250  val_loss 1.1839  val_acc 0.5234
2026-04-09 12:04:14      epoch  90  loss 1.1348  acc 0.5361  val_loss 1.1769  val_acc 0.5343
2026-04-09 12:04:17      epoch  91  loss 1.1407  acc 0.5361  val_loss 1.1721  val_acc 0.5267
2026-04-09 12:04:20      epoch  92  loss 1.1426  acc 0.5308  val_loss 1.1771  val_acc 0.5365
2026-04-09 12:04:23      epoch  93  loss 1.1391  acc 0.5337  val_loss 1.1702  val_acc 0.5277
2026-04-09 12:04:25      epoch  94  loss 1.1318  acc 0.5405  val_loss 1.1714  val_acc 0.5288
2026-04-09 12:04:28      epoch  95  loss 1.1339  acc 0.5359  val_loss 1.1738  val_acc 0.5223
2026-04-09 12:04:31      epoch  96  loss 1.1307  acc 0.5384  val_loss 1.1641  val_acc 0.5332
2026-04-09 12:04:34      epoch  97  loss 1.1321  acc 0.5387  val_loss 1.1678  val_acc 0.5234
2026-04-09 12:04:37      epoch  98  loss 1.1293  acc 0.5354  val_loss 1.1719  val_acc 0.5169
2026-04-09 12:04:40      epoch  99  loss 1.1300  acc 0.5402  val_loss 1.1684  val_acc 0.5321
2026-04-09 12:04:43      epoch 100  loss 1.1232  acc 0.5457  val_loss 1.1824  val_acc 0.5256
2026-04-09 12:04:43      User3 accuracy: 0.4805
2026-04-09 12:04:44    ─── LOSO fold: User4 (test=542, train=9163)
2026-04-09 12:04:47      epoch   1  loss 2.1261  acc 0.1929  val_loss 2.0434  val_acc 0.2052
2026-04-09 12:04:50      epoch   2  loss 1.8064  acc 0.2754  val_loss 1.6552  val_acc 0.3395
2026-04-09 12:04:52      epoch   3  loss 1.6648  acc 0.3196  val_loss 1.5756  val_acc 0.3526
2026-04-09 12:04:55      epoch   4  loss 1.6151  acc 0.3326  val_loss 1.5613  val_acc 0.3581
2026-04-09 12:04:58      epoch   5  loss 1.7096  acc 0.3107  val_loss 1.5832  val_acc 0.3406
2026-04-09 12:05:01      epoch   6  loss 1.5912  acc 0.3459  val_loss 1.6031  val_acc 0.3428
2026-04-09 12:05:04      epoch   7  loss 1.5658  acc 0.3586  val_loss 1.5385  val_acc 0.3624
2026-04-09 12:05:07      epoch   8  loss 1.5403  acc 0.3622  val_loss 1.5674  val_acc 0.3963
2026-04-09 12:05:10      epoch   9  loss 1.5480  acc 0.3638  val_loss 1.5279  val_acc 0.3515
2026-04-09 12:05:12      epoch  10  loss 1.5108  acc 0.3687  val_loss 1.5679  val_acc 0.3712
2026-04-09 12:05:15      epoch  11  loss 1.5571  acc 0.3611  val_loss 1.5280  val_acc 0.3810
2026-04-09 12:05:18      epoch  12  loss 1.5264  acc 0.3720  val_loss 1.5202  val_acc 0.3657
2026-04-09 12:05:21      epoch  13  loss 1.4906  acc 0.3868  val_loss 1.5217  val_acc 0.3941
2026-04-09 12:05:23      epoch  14  loss 1.4960  acc 0.3952  val_loss 1.4830  val_acc 0.4192
2026-04-09 12:05:26      epoch  15  loss 1.4635  acc 0.4158  val_loss 1.5451  val_acc 0.3886
2026-04-09 12:05:29      epoch  16  loss 1.4647  acc 0.4163  val_loss 1.4878  val_acc 0.4007
2026-04-09 12:05:32      epoch  17  loss 1.4683  acc 0.4131  val_loss 1.4554  val_acc 0.4203
2026-04-09 12:05:35      epoch  18  loss 1.4715  acc 0.4051  val_loss 1.4641  val_acc 0.4225
2026-04-09 12:05:38      epoch  19  loss 1.4317  acc 0.4238  val_loss 1.4259  val_acc 0.4356
2026-04-09 12:05:41      epoch  20  loss 1.4330  acc 0.4222  val_loss 1.5678  val_acc 0.3734
2026-04-09 12:05:43      epoch  21  loss 1.4757  acc 0.4103  val_loss 1.4720  val_acc 0.4061
2026-04-09 12:05:46      epoch  22  loss 1.4392  acc 0.4123  val_loss 1.4132  val_acc 0.4345
2026-04-09 12:05:49      epoch  23  loss 1.4205  acc 0.4274  val_loss 1.4560  val_acc 0.4127
2026-04-09 12:05:52      epoch  24  loss 1.4044  acc 0.4220  val_loss 1.3821  val_acc 0.4367
2026-04-09 12:05:55      epoch  25  loss 1.3849  acc 0.4399  val_loss 1.4030  val_acc 0.4432
2026-04-09 12:05:57      epoch  26  loss 1.3797  acc 0.4455  val_loss 1.3622  val_acc 0.4585
2026-04-09 12:06:00      epoch  27  loss 1.3502  acc 0.4493  val_loss 1.3573  val_acc 0.4552
2026-04-09 12:06:03      epoch  28  loss 1.3811  acc 0.4468  val_loss 1.3665  val_acc 0.4640
2026-04-09 12:06:06      epoch  29  loss 1.3360  acc 0.4608  val_loss 1.3895  val_acc 0.4760
2026-04-09 12:06:09      epoch  30  loss 1.3513  acc 0.4583  val_loss 1.3533  val_acc 0.4694
2026-04-09 12:06:12      epoch  31  loss 1.3336  acc 0.4603  val_loss 1.3480  val_acc 0.4705
2026-04-09 12:06:15      epoch  32  loss 1.3215  acc 0.4750  val_loss 1.3430  val_acc 0.4629
2026-04-09 12:06:17      epoch  33  loss 1.3279  acc 0.4699  val_loss 1.3818  val_acc 0.4607
2026-04-09 12:06:20      epoch  34  loss 1.3374  acc 0.4644  val_loss 1.3438  val_acc 0.4825
2026-04-09 12:06:23      epoch  35  loss 1.3085  acc 0.4733  val_loss 1.3270  val_acc 0.4891
2026-04-09 12:06:26      epoch  36  loss 1.3227  acc 0.4730  val_loss 1.3531  val_acc 0.4585
2026-04-09 12:06:28      epoch  37  loss 1.3157  acc 0.4733  val_loss 1.3209  val_acc 0.4738
2026-04-09 12:06:31      epoch  38  loss 1.3043  acc 0.4767  val_loss 1.3255  val_acc 0.4880
2026-04-09 12:06:34      epoch  39  loss 1.3156  acc 0.4700  val_loss 1.3360  val_acc 0.4869
2026-04-09 12:06:37      epoch  40  loss 1.3108  acc 0.4696  val_loss 1.3076  val_acc 0.4978
2026-04-09 12:06:40      epoch  41  loss 1.2922  acc 0.4790  val_loss 1.3124  val_acc 0.4934
2026-04-09 12:06:43      epoch  42  loss 1.2831  acc 0.4881  val_loss 1.2956  val_acc 0.4956
2026-04-09 12:06:46      epoch  43  loss 1.2759  acc 0.4915  val_loss 1.3221  val_acc 0.4803
2026-04-09 12:06:49      epoch  44  loss 1.2668  acc 0.4916  val_loss 1.3150  val_acc 0.4760
2026-04-09 12:06:52      epoch  45  loss 1.2583  acc 0.4979  val_loss 1.2894  val_acc 0.4694
2026-04-09 12:06:55      epoch  46  loss 1.2524  acc 0.4981  val_loss 1.2774  val_acc 0.4924
2026-04-09 12:06:58      epoch  47  loss 1.2512  acc 0.4988  val_loss 1.2876  val_acc 0.4716
2026-04-09 12:07:00      epoch  48  loss 1.2551  acc 0.5033  val_loss 1.2740  val_acc 0.4803
2026-04-09 12:07:03      epoch  49  loss 1.2500  acc 0.5008  val_loss 1.3365  val_acc 0.4705
2026-04-09 12:07:06      epoch  50  loss 1.3086  acc 0.4733  val_loss 1.2680  val_acc 0.5011
2026-04-09 12:07:09      epoch  51  loss 1.2387  acc 0.4938  val_loss 1.2833  val_acc 0.4891
2026-04-09 12:07:12      epoch  52  loss 1.2645  acc 0.4856  val_loss 1.2903  val_acc 0.4858
2026-04-09 12:07:14      epoch  53  loss 1.2341  acc 0.5098  val_loss 1.2834  val_acc 0.4836
2026-04-09 12:07:17      epoch  54  loss 1.2301  acc 0.5109  val_loss 1.2652  val_acc 0.4825
2026-04-09 12:07:20      epoch  55  loss 1.2157  acc 0.5147  val_loss 1.2647  val_acc 0.5087
2026-04-09 12:07:23      epoch  56  loss 1.2358  acc 0.5146  val_loss 1.2596  val_acc 0.5218
2026-04-09 12:07:26      epoch  57  loss 1.2073  acc 0.5232  val_loss 1.2602  val_acc 0.4891
2026-04-09 12:07:28      epoch  58  loss 1.2126  acc 0.5210  val_loss 1.2613  val_acc 0.5153
2026-04-09 12:07:31      epoch  59  loss 1.2087  acc 0.5263  val_loss 1.2469  val_acc 0.5120
2026-04-09 12:07:34      epoch  60  loss 1.1820  acc 0.5309  val_loss 1.2426  val_acc 0.5109
2026-04-09 12:07:37      epoch  61  loss 1.1713  acc 0.5321  val_loss 1.2391  val_acc 0.4967
2026-04-09 12:07:39      epoch  62  loss 1.1769  acc 0.5298  val_loss 1.2057  val_acc 0.5175
2026-04-09 12:07:42      epoch  63  loss 1.1778  acc 0.5408  val_loss 1.2191  val_acc 0.5109
2026-04-09 12:07:45      epoch  64  loss 1.1654  acc 0.5368  val_loss 1.2064  val_acc 0.5295
2026-04-09 12:07:48      epoch  65  loss 1.1520  acc 0.5366  val_loss 1.2259  val_acc 0.5262
2026-04-09 12:07:51      epoch  66  loss 1.1677  acc 0.5436  val_loss 1.2238  val_acc 0.5033
2026-04-09 12:07:54      epoch  67  loss 1.1575  acc 0.5443  val_loss 1.2143  val_acc 0.5087
2026-04-09 12:07:56      epoch  68  loss 1.1277  acc 0.5571  val_loss 1.1789  val_acc 0.5349
2026-04-09 12:08:00      epoch  69  loss 1.1067  acc 0.5618  val_loss 1.1680  val_acc 0.5491
2026-04-09 12:08:03      epoch  70  loss 1.1046  acc 0.5625  val_loss 1.2114  val_acc 0.5229
2026-04-09 12:08:06      epoch  71  loss 1.0996  acc 0.5641  val_loss 1.1595  val_acc 0.5371
2026-04-09 12:08:09      epoch  72  loss 1.0897  acc 0.5659  val_loss 1.1954  val_acc 0.5349
2026-04-09 12:08:12      epoch  73  loss 1.0880  acc 0.5740  val_loss 1.1775  val_acc 0.5448
2026-04-09 12:08:15      epoch  74  loss 1.0878  acc 0.5618  val_loss 1.1844  val_acc 0.5338
2026-04-09 12:08:17      epoch  75  loss 1.0911  acc 0.5659  val_loss 1.1581  val_acc 0.5546
2026-04-09 12:08:20      epoch  76  loss 1.0952  acc 0.5620  val_loss 1.1920  val_acc 0.5459
2026-04-09 12:08:23      epoch  77  loss 1.0721  acc 0.5726  val_loss 1.1754  val_acc 0.5415
2026-04-09 12:08:26      epoch  78  loss 1.0708  acc 0.5812  val_loss 1.1636  val_acc 0.5426
2026-04-09 12:08:29      epoch  79  loss 1.0770  acc 0.5715  val_loss 1.1632  val_acc 0.5513
2026-04-09 12:08:32      epoch  80  loss 1.0807  acc 0.5701  val_loss 1.1663  val_acc 0.5557
2026-04-09 12:08:35      epoch  81  loss 1.0474  acc 0.5832  val_loss 1.1538  val_acc 0.5513
2026-04-09 12:08:38      epoch  82  loss 1.0340  acc 0.5931  val_loss 1.1577  val_acc 0.5535
2026-04-09 12:08:40      epoch  83  loss 1.0686  acc 0.5767  val_loss 1.1823  val_acc 0.5622
2026-04-09 12:08:43      epoch  84  loss 1.0292  acc 0.5917  val_loss 1.1538  val_acc 0.5579
2026-04-09 12:08:46      epoch  85  loss 1.0302  acc 0.5957  val_loss 1.1618  val_acc 0.5469
2026-04-09 12:08:49      epoch  86  loss 1.0205  acc 0.5974  val_loss 1.1585  val_acc 0.5633
2026-04-09 12:08:52      epoch  87  loss 1.0162  acc 0.6017  val_loss 1.1428  val_acc 0.5622
2026-04-09 12:08:54      epoch  88  loss 1.0103  acc 0.5952  val_loss 1.1504  val_acc 0.5677
2026-04-09 12:08:57      epoch  89  loss 1.0080  acc 0.6052  val_loss 1.1503  val_acc 0.5600
2026-04-09 12:09:00      epoch  90  loss 1.0001  acc 0.6065  val_loss 1.1533  val_acc 0.5579
2026-04-09 12:09:03      epoch  91  loss 1.0069  acc 0.6082  val_loss 1.1491  val_acc 0.5655
2026-04-09 12:09:06      epoch  92  loss 1.0004  acc 0.6057  val_loss 1.1413  val_acc 0.5721
2026-04-09 12:09:09      epoch  93  loss 1.0001  acc 0.6047  val_loss 1.1497  val_acc 0.5677
2026-04-09 12:09:11      epoch  94  loss 0.9947  acc 0.6091  val_loss 1.1513  val_acc 0.5644
2026-04-09 12:09:14      epoch  95  loss 0.9954  acc 0.6103  val_loss 1.1499  val_acc 0.5677
2026-04-09 12:09:17      epoch  96  loss 0.9896  acc 0.6089  val_loss 1.1549  val_acc 0.5666
2026-04-09 12:09:20      epoch  97  loss 0.9951  acc 0.6121  val_loss 1.1483  val_acc 0.5710
2026-04-09 12:09:23      epoch  98  loss 0.9801  acc 0.6108  val_loss 1.1478  val_acc 0.5786
2026-04-09 12:09:26      epoch  99  loss 0.9829  acc 0.6166  val_loss 1.1459  val_acc 0.5808
2026-04-09 12:09:29      epoch 100  loss 0.9794  acc 0.6179  val_loss 1.1409  val_acc 0.5753
2026-04-09 12:09:29      User4 accuracy: 0.5627
2026-04-09 12:09:31    ─── LOSO fold: User5 (test=534, train=9171)
2026-04-09 12:09:34      epoch   1  loss 2.1330  acc 0.1968  val_loss 1.8933  val_acc 0.2312
2026-04-09 12:09:36      epoch   2  loss 1.7530  acc 0.2854  val_loss 1.7848  val_acc 0.2901
2026-04-09 12:09:39      epoch   3  loss 1.6789  acc 0.3138  val_loss 1.5219  val_acc 0.3719
2026-04-09 12:09:42      epoch   4  loss 1.6133  acc 0.3383  val_loss 1.6319  val_acc 0.3315
2026-04-09 12:09:45      epoch   5  loss 1.5978  acc 0.3484  val_loss 1.4911  val_acc 0.3664
2026-04-09 12:09:48      epoch   6  loss 1.5835  acc 0.3425  val_loss 1.6332  val_acc 0.3370
2026-04-09 12:09:50      epoch   7  loss 1.5886  acc 0.3454  val_loss 1.5157  val_acc 0.3675
2026-04-09 12:09:53      epoch   8  loss 1.5439  acc 0.3637  val_loss 1.4717  val_acc 0.4002
2026-04-09 12:09:56      epoch   9  loss 1.4972  acc 0.3864  val_loss 1.4772  val_acc 0.3719
2026-04-09 12:09:59      epoch  10  loss 1.5011  acc 0.3930  val_loss 1.4756  val_acc 0.3610
2026-04-09 12:10:02      epoch  11  loss 1.4986  acc 0.3888  val_loss 1.4760  val_acc 0.3719
2026-04-09 12:10:05      epoch  12  loss 1.4550  acc 0.4087  val_loss 1.4300  val_acc 0.4002
2026-04-09 12:10:08      epoch  13  loss 1.4489  acc 0.4085  val_loss 1.4528  val_acc 0.3882
2026-04-09 12:10:11      epoch  14  loss 1.4554  acc 0.4073  val_loss 1.4385  val_acc 0.3948
2026-04-09 12:10:14      epoch  15  loss 1.5031  acc 0.3928  val_loss 1.4153  val_acc 0.4013
2026-04-09 12:10:16      epoch  16  loss 1.4249  acc 0.4203  val_loss 1.4042  val_acc 0.3991
2026-04-09 12:10:19      epoch  17  loss 1.5909  acc 0.3589  val_loss 1.5301  val_acc 0.3479
2026-04-09 12:10:22      epoch  18  loss 1.5906  acc 0.3569  val_loss 1.5387  val_acc 0.3228
2026-04-09 12:10:25      epoch  19  loss 1.5541  acc 0.3522  val_loss 1.4869  val_acc 0.3435
2026-04-09 12:10:28      epoch  20  loss 1.5044  acc 0.3848  val_loss 1.4800  val_acc 0.3446
2026-04-09 12:10:31      epoch  21  loss 1.5005  acc 0.3746  val_loss 1.4471  val_acc 0.3806
2026-04-09 12:10:34      epoch  22  loss 1.4741  acc 0.3882  val_loss 1.4270  val_acc 0.3795
2026-04-09 12:10:37      epoch  23  loss 1.4432  acc 0.4032  val_loss 1.4101  val_acc 0.4024
2026-04-09 12:10:40      epoch  24  loss 1.4367  acc 0.4071  val_loss 1.4100  val_acc 0.3959
2026-04-09 12:10:40      Early stopping at epoch 24
2026-04-09 12:10:40      User5 accuracy: 0.4625
2026-04-09 12:10:41    ─── LOSO fold: User6 (test=519, train=9186)
2026-04-09 12:10:44      epoch   1  loss 2.1176  acc 0.1976  val_loss 1.7637  val_acc 0.2603
2026-04-09 12:10:47      epoch   2  loss 1.7661  acc 0.2898  val_loss 1.6652  val_acc 0.2810
2026-04-09 12:10:50      epoch   3  loss 1.7031  acc 0.3014  val_loss 1.8386  val_acc 0.2549
2026-04-09 12:10:53      epoch   4  loss 1.6639  acc 0.3204  val_loss 1.5906  val_acc 0.3486
2026-04-09 12:10:56      epoch   5  loss 1.5663  acc 0.3579  val_loss 1.5961  val_acc 0.3377
2026-04-09 12:10:58      epoch   6  loss 1.5796  acc 0.3453  val_loss 1.5817  val_acc 0.3573
2026-04-09 12:11:01      epoch   7  loss 1.6316  acc 0.3324  val_loss 1.5748  val_acc 0.3268
2026-04-09 12:11:04      epoch   8  loss 1.5713  acc 0.3526  val_loss 1.5483  val_acc 0.3431
2026-04-09 12:11:07      epoch   9  loss 1.5136  acc 0.3700  val_loss 1.4816  val_acc 0.3660
2026-04-09 12:11:10      epoch  10  loss 1.5464  acc 0.3637  val_loss 1.5075  val_acc 0.3464
2026-04-09 12:11:13      epoch  11  loss 1.5073  acc 0.3719  val_loss 1.5048  val_acc 0.3540
2026-04-09 12:11:16      epoch  12  loss 1.5614  acc 0.3634  val_loss 1.5764  val_acc 0.3268
2026-04-09 12:11:19      epoch  13  loss 1.4942  acc 0.3867  val_loss 1.4593  val_acc 0.4009
2026-04-09 12:11:23      epoch  14  loss 1.4669  acc 0.3974  val_loss 1.4750  val_acc 0.3856
2026-04-09 12:11:26      epoch  15  loss 1.5188  acc 0.3740  val_loss 1.4708  val_acc 0.3976
2026-04-09 12:11:29      epoch  16  loss 1.4610  acc 0.3988  val_loss 1.4615  val_acc 0.4205
2026-04-09 12:11:32      epoch  17  loss 1.4602  acc 0.3997  val_loss 1.5566  val_acc 0.3704
2026-04-09 12:11:35      epoch  18  loss 1.4854  acc 0.3891  val_loss 1.5520  val_acc 0.3529
2026-04-09 12:11:38      epoch  19  loss 1.4577  acc 0.4024  val_loss 1.4512  val_acc 0.4041
2026-04-09 12:11:41      epoch  20  loss 1.4608  acc 0.4116  val_loss 1.4389  val_acc 0.4183
2026-04-09 12:11:43      epoch  21  loss 1.4272  acc 0.4119  val_loss 1.4349  val_acc 0.4314
2026-04-09 12:11:46      epoch  22  loss 1.4165  acc 0.4192  val_loss 1.4244  val_acc 0.4183
2026-04-09 12:11:49      epoch  23  loss 1.4890  acc 0.4031  val_loss 1.8088  val_acc 0.3192
2026-04-09 12:11:52      epoch  24  loss 1.5170  acc 0.3873  val_loss 1.4468  val_acc 0.4096
2026-04-09 12:11:55      epoch  25  loss 1.4443  acc 0.4106  val_loss 1.4659  val_acc 0.4172
2026-04-09 12:11:58      epoch  26  loss 1.4396  acc 0.4146  val_loss 1.4276  val_acc 0.4139
2026-04-09 12:12:00      epoch  27  loss 1.4107  acc 0.4232  val_loss 1.4105  val_acc 0.4248
2026-04-09 12:12:03      epoch  28  loss 1.3962  acc 0.4276  val_loss 1.3960  val_acc 0.4314
2026-04-09 12:12:06      epoch  29  loss 1.3959  acc 0.4314  val_loss 1.3975  val_acc 0.4444
2026-04-09 12:12:09      epoch  30  loss 1.3775  acc 0.4409  val_loss 1.3920  val_acc 0.4423
2026-04-09 12:12:12      epoch  31  loss 1.3792  acc 0.4392  val_loss 1.3958  val_acc 0.4390
2026-04-09 12:12:15      epoch  32  loss 1.4172  acc 0.4208  val_loss 1.4251  val_acc 0.4259
2026-04-09 12:12:18      epoch  33  loss 1.4229  acc 0.4220  val_loss 1.4111  val_acc 0.4205
2026-04-09 12:12:21      epoch  34  loss 1.4016  acc 0.4265  val_loss 1.4040  val_acc 0.4183
2026-04-09 12:12:24      epoch  35  loss 1.3929  acc 0.4359  val_loss 1.3927  val_acc 0.4412
2026-04-09 12:12:26      epoch  36  loss 1.3706  acc 0.4409  val_loss 1.3769  val_acc 0.4455
2026-04-09 12:12:30      epoch  37  loss 1.3558  acc 0.4373  val_loss 1.3696  val_acc 0.4477
2026-04-09 12:12:33      epoch  38  loss 1.3398  acc 0.4583  val_loss 1.3643  val_acc 0.4510
2026-04-09 12:12:35      epoch  39  loss 1.3400  acc 0.4469  val_loss 1.3700  val_acc 0.4368
2026-04-09 12:12:38      epoch  40  loss 1.3399  acc 0.4513  val_loss 1.3604  val_acc 0.4368
2026-04-09 12:12:41      epoch  41  loss 1.3313  acc 0.4552  val_loss 1.3542  val_acc 0.4434
2026-04-09 12:12:44      epoch  42  loss 1.3212  acc 0.4604  val_loss 1.3533  val_acc 0.4444
2026-04-09 12:12:47      epoch  43  loss 1.3234  acc 0.4580  val_loss 1.3576  val_acc 0.4390
2026-04-09 12:12:50      epoch  44  loss 1.3211  acc 0.4613  val_loss 1.3538  val_acc 0.4542
2026-04-09 12:12:53      epoch  45  loss 1.3152  acc 0.4601  val_loss 1.3429  val_acc 0.4466
2026-04-09 12:12:56      epoch  46  loss 1.3162  acc 0.4626  val_loss 1.3431  val_acc 0.4510
2026-04-09 12:12:58      epoch  47  loss 1.3144  acc 0.4647  val_loss 1.3256  val_acc 0.4619
2026-04-09 12:13:02      epoch  48  loss 1.3045  acc 0.4676  val_loss 1.3366  val_acc 0.4532
2026-04-09 12:13:04      epoch  49  loss 1.3005  acc 0.4673  val_loss 1.3203  val_acc 0.4739
2026-04-09 12:13:07      epoch  50  loss 1.3012  acc 0.4688  val_loss 1.3406  val_acc 0.4684
2026-04-09 12:13:10      epoch  51  loss 1.3399  acc 0.4560  val_loss 1.3340  val_acc 0.4771
2026-04-09 12:13:13      epoch  52  loss 1.2953  acc 0.4738  val_loss 1.3366  val_acc 0.4651
2026-04-09 12:13:16      epoch  53  loss 1.2929  acc 0.4793  val_loss 1.3159  val_acc 0.4728
2026-04-09 12:13:19      epoch  54  loss 1.2860  acc 0.4839  val_loss 1.3083  val_acc 0.4760
2026-04-09 12:13:22      epoch  55  loss 1.2926  acc 0.4811  val_loss 1.3152  val_acc 0.4749
2026-04-09 12:13:25      epoch  56  loss 1.2905  acc 0.4762  val_loss 1.3105  val_acc 0.4782
2026-04-09 12:13:28      epoch  57  loss 1.2848  acc 0.4843  val_loss 1.3204  val_acc 0.4837
2026-04-09 12:13:31      epoch  58  loss 1.2794  acc 0.4767  val_loss 1.3165  val_acc 0.4815
2026-04-09 12:13:34      epoch  59  loss 1.2817  acc 0.4862  val_loss 1.3191  val_acc 0.4717
2026-04-09 12:13:37      epoch  60  loss 1.2764  acc 0.4845  val_loss 1.3140  val_acc 0.4815
2026-04-09 12:13:40      epoch  61  loss 1.2706  acc 0.4898  val_loss 1.3037  val_acc 0.4858
2026-04-09 12:13:42      epoch  62  loss 1.2686  acc 0.4889  val_loss 1.2936  val_acc 0.4815
2026-04-09 12:13:45      epoch  63  loss 1.2612  acc 0.4880  val_loss 1.2910  val_acc 0.4804
2026-04-09 12:13:49      epoch  64  loss 1.2599  acc 0.4860  val_loss 1.2975  val_acc 0.4793
2026-04-09 12:13:52      epoch  65  loss 1.2563  acc 0.4938  val_loss 1.2949  val_acc 0.4869
2026-04-09 12:13:55      epoch  66  loss 1.2616  acc 0.4907  val_loss 1.2975  val_acc 0.4804
2026-04-09 12:13:58      epoch  67  loss 1.2513  acc 0.4944  val_loss 1.3060  val_acc 0.4869
2026-04-09 12:14:01      epoch  68  loss 1.2517  acc 0.4926  val_loss 1.2986  val_acc 0.4847
2026-04-09 12:14:04      epoch  69  loss 1.2492  acc 0.4971  val_loss 1.2939  val_acc 0.4902
2026-04-09 12:14:07      epoch  70  loss 1.2402  acc 0.5010  val_loss 1.2940  val_acc 0.4869
2026-04-09 12:14:10      epoch  71  loss 1.2447  acc 0.5010  val_loss 1.2904  val_acc 0.4891
2026-04-09 12:14:12      epoch  72  loss 1.2462  acc 0.4978  val_loss 1.2950  val_acc 0.4869
2026-04-09 12:14:15      epoch  73  loss 1.2429  acc 0.5019  val_loss 1.2954  val_acc 0.4826
2026-04-09 12:14:18      epoch  74  loss 1.2435  acc 0.5016  val_loss 1.2881  val_acc 0.4804
2026-04-09 12:14:20      epoch  75  loss 1.2345  acc 0.5013  val_loss 1.2892  val_acc 0.4869
2026-04-09 12:14:24      epoch  76  loss 1.2410  acc 0.5016  val_loss 1.2895  val_acc 0.4869
2026-04-09 12:14:26      epoch  77  loss 1.2372  acc 0.5006  val_loss 1.2839  val_acc 0.4935
2026-04-09 12:14:29      epoch  78  loss 1.2392  acc 0.5045  val_loss 1.2853  val_acc 0.4891
2026-04-09 12:14:32      epoch  79  loss 1.2341  acc 0.5068  val_loss 1.2895  val_acc 0.4858
2026-04-09 12:14:35      epoch  80  loss 1.2391  acc 0.4959  val_loss 1.2913  val_acc 0.4858
2026-04-09 12:14:38      epoch  81  loss 1.2406  acc 0.5013  val_loss 1.2876  val_acc 0.4826
2026-04-09 12:14:41      epoch  82  loss 1.2366  acc 0.5039  val_loss 1.2871  val_acc 0.4902
2026-04-09 12:14:43      epoch  83  loss 1.2401  acc 0.4979  val_loss 1.2848  val_acc 0.4946
2026-04-09 12:14:46      epoch  84  loss 1.2298  acc 0.5033  val_loss 1.2845  val_acc 0.5000
2026-04-09 12:14:49      epoch  85  loss 1.2322  acc 0.5069  val_loss 1.2861  val_acc 0.4967
2026-04-09 12:14:49      Early stopping at epoch 85
2026-04-09 12:14:49      User6 accuracy: 0.4528
2026-04-09 12:14:50    ─── LOSO fold: User7 (test=1128, train=8577)
2026-04-09 12:14:53      epoch   1  loss 2.1393  acc 0.1999  val_loss 1.7930  val_acc 0.2917
2026-04-09 12:14:56      epoch   2  loss 1.7865  acc 0.2819  val_loss 1.7860  val_acc 0.2754
2026-04-09 12:14:59      epoch   3  loss 1.8950  acc 0.2604  val_loss 1.8136  val_acc 0.2719
2026-04-09 12:15:01      epoch   4  loss 1.7553  acc 0.2885  val_loss 1.6165  val_acc 0.3396
2026-04-09 12:15:04      epoch   5  loss 1.6638  acc 0.3192  val_loss 1.6040  val_acc 0.3629
2026-04-09 12:15:07      epoch   6  loss 1.6122  acc 0.3288  val_loss 1.5497  val_acc 0.3314
2026-04-09 12:15:09      epoch   7  loss 1.5823  acc 0.3487  val_loss 1.5622  val_acc 0.3676
2026-04-09 12:15:12      epoch   8  loss 1.5793  acc 0.3514  val_loss 1.6416  val_acc 0.3606
2026-04-09 12:15:15      epoch   9  loss 1.5918  acc 0.3486  val_loss 1.5319  val_acc 0.3944
2026-04-09 12:15:18      epoch  10  loss 1.5426  acc 0.3635  val_loss 1.5123  val_acc 0.3909
2026-04-09 12:15:20      epoch  11  loss 1.5314  acc 0.3764  val_loss 1.4966  val_acc 0.3991
2026-04-09 12:15:23      epoch  12  loss 1.5258  acc 0.3830  val_loss 1.5078  val_acc 0.3734
2026-04-09 12:15:26      epoch  13  loss 1.5283  acc 0.3699  val_loss 1.4990  val_acc 0.4037
2026-04-09 12:15:29      epoch  14  loss 1.5421  acc 0.3744  val_loss 1.5123  val_acc 0.3932
2026-04-09 12:15:31      epoch  15  loss 1.4920  acc 0.3966  val_loss 1.4552  val_acc 0.4189
2026-04-09 12:15:34      epoch  16  loss 1.4702  acc 0.3951  val_loss 1.4419  val_acc 0.3991
2026-04-09 12:15:37      epoch  17  loss 1.4994  acc 0.3959  val_loss 1.4643  val_acc 0.3979
2026-04-09 12:15:40      epoch  18  loss 1.4790  acc 0.3975  val_loss 1.4465  val_acc 0.4189
2026-04-09 12:15:43      epoch  19  loss 1.4477  acc 0.4040  val_loss 1.4355  val_acc 0.4212
2026-04-09 12:15:45      epoch  20  loss 1.4550  acc 0.4088  val_loss 1.4329  val_acc 0.4212
2026-04-09 12:15:48      epoch  21  loss 1.4495  acc 0.4192  val_loss 1.4301  val_acc 0.4434
2026-04-09 12:15:51      epoch  22  loss 1.4477  acc 0.4193  val_loss 1.3990  val_acc 0.4446
2026-04-09 12:15:54      epoch  23  loss 1.4728  acc 0.4118  val_loss 1.4845  val_acc 0.3851
2026-04-09 12:15:56      epoch  24  loss 1.5619  acc 0.3727  val_loss 1.4867  val_acc 0.4177
2026-04-09 12:15:59      epoch  25  loss 1.4654  acc 0.3966  val_loss 1.4211  val_acc 0.4457
2026-04-09 12:16:02      epoch  26  loss 1.4471  acc 0.4183  val_loss 1.4902  val_acc 0.3909
2026-04-09 12:16:04      epoch  27  loss 1.4370  acc 0.4166  val_loss 1.4002  val_acc 0.4341
2026-04-09 12:16:07      epoch  28  loss 1.4311  acc 0.4166  val_loss 1.4022  val_acc 0.4527
2026-04-09 12:16:10      epoch  29  loss 1.3975  acc 0.4264  val_loss 1.3754  val_acc 0.4504
2026-04-09 12:16:13      epoch  30  loss 1.3913  acc 0.4346  val_loss 1.3701  val_acc 0.4527
2026-04-09 12:16:15      epoch  31  loss 1.3751  acc 0.4398  val_loss 1.3633  val_acc 0.4446
2026-04-09 12:16:18      epoch  32  loss 1.3669  acc 0.4405  val_loss 1.3589  val_acc 0.4492
2026-04-09 12:16:21      epoch  33  loss 1.3587  acc 0.4447  val_loss 1.3703  val_acc 0.4551
2026-04-09 12:16:24      epoch  34  loss 1.3779  acc 0.4337  val_loss 1.3437  val_acc 0.4761
2026-04-09 12:16:26      epoch  35  loss 1.3578  acc 0.4411  val_loss 1.3764  val_acc 0.4376
2026-04-09 12:16:29      epoch  36  loss 1.3621  acc 0.4425  val_loss 1.3513  val_acc 0.4644
2026-04-09 12:16:31      epoch  37  loss 1.3431  acc 0.4497  val_loss 1.3368  val_acc 0.4784
2026-04-09 12:16:34      epoch  38  loss 1.3481  acc 0.4525  val_loss 1.3313  val_acc 0.4656
2026-04-09 12:16:37      epoch  39  loss 1.3511  acc 0.4538  val_loss 1.3495  val_acc 0.4597
2026-04-09 12:16:40      epoch  40  loss 1.3556  acc 0.4508  val_loss 1.3342  val_acc 0.4749
2026-04-09 12:16:42      epoch  41  loss 1.3512  acc 0.4472  val_loss 1.3157  val_acc 0.4737
2026-04-09 12:16:45      epoch  42  loss 1.3308  acc 0.4578  val_loss 1.3232  val_acc 0.4877
2026-04-09 12:16:48      epoch  43  loss 1.3208  acc 0.4613  val_loss 1.3361  val_acc 0.4807
2026-04-09 12:16:50      epoch  44  loss 1.3225  acc 0.4562  val_loss 1.3375  val_acc 0.4667
2026-04-09 12:16:53      epoch  45  loss 1.3095  acc 0.4617  val_loss 1.3002  val_acc 0.4842
2026-04-09 12:16:56      epoch  46  loss 1.3046  acc 0.4614  val_loss 1.3123  val_acc 0.4819
2026-04-09 12:16:59      epoch  47  loss 1.3071  acc 0.4633  val_loss 1.3149  val_acc 0.4784
2026-04-09 12:17:02      epoch  48  loss 1.2994  acc 0.4675  val_loss 1.2881  val_acc 0.4796
2026-04-09 12:17:04      epoch  49  loss 1.2853  acc 0.4722  val_loss 1.2832  val_acc 0.4924
2026-04-09 12:17:07      epoch  50  loss 1.2846  acc 0.4762  val_loss 1.2686  val_acc 0.4936
2026-04-09 12:17:10      epoch  51  loss 1.2900  acc 0.4719  val_loss 1.2974  val_acc 0.5018
2026-04-09 12:17:13      epoch  52  loss 1.2838  acc 0.4731  val_loss 1.2862  val_acc 0.4842
2026-04-09 12:17:15      epoch  53  loss 1.2753  acc 0.4780  val_loss 1.3252  val_acc 0.4656
2026-04-09 12:17:18      epoch  54  loss 1.2873  acc 0.4642  val_loss 1.2940  val_acc 0.4889
2026-04-09 12:17:21      epoch  55  loss 1.2711  acc 0.4773  val_loss 1.2827  val_acc 0.4959
2026-04-09 12:17:23      epoch  56  loss 1.2648  acc 0.4715  val_loss 1.2721  val_acc 0.5029
2026-04-09 12:17:26      epoch  57  loss 1.2526  acc 0.4826  val_loss 1.2686  val_acc 0.4971
2026-04-09 12:17:29      epoch  58  loss 1.2531  acc 0.4845  val_loss 1.2579  val_acc 0.5018
2026-04-09 12:17:31      epoch  59  loss 1.2507  acc 0.4873  val_loss 1.2774  val_acc 0.4807
2026-04-09 12:17:34      epoch  60  loss 1.2504  acc 0.4898  val_loss 1.3060  val_acc 0.4831
2026-04-09 12:17:37      epoch  61  loss 1.2474  acc 0.4859  val_loss 1.2781  val_acc 0.4866
2026-04-09 12:17:40      epoch  62  loss 1.2557  acc 0.4902  val_loss 1.2981  val_acc 0.4784
2026-04-09 12:17:42      epoch  63  loss 1.2512  acc 0.4803  val_loss 1.2835  val_acc 0.4831
2026-04-09 12:17:45      epoch  64  loss 1.2336  acc 0.4962  val_loss 1.2697  val_acc 0.4901
2026-04-09 12:17:48      epoch  65  loss 1.2296  acc 0.4988  val_loss 1.2647  val_acc 0.4877
2026-04-09 12:17:51      epoch  66  loss 1.2456  acc 0.4925  val_loss 1.2781  val_acc 0.4959
2026-04-09 12:17:51      Early stopping at epoch 66
2026-04-09 12:17:51      User7 accuracy: 0.4255
2026-04-09 12:17:52    ─── LOSO fold: User8 (test=1014, train=8691)
2026-04-09 12:17:55      epoch   1  loss 2.1485  acc 0.2020  val_loss 1.8741  val_acc 0.2451
2026-04-09 12:17:58      epoch   2  loss 1.8277  acc 0.2722  val_loss 1.7186  val_acc 0.2980
2026-04-09 12:18:01      epoch   3  loss 1.6820  acc 0.3195  val_loss 1.6419  val_acc 0.3533
2026-04-09 12:18:03      epoch   4  loss 1.6519  acc 0.3274  val_loss 1.5889  val_acc 0.3498
2026-04-09 12:18:06      epoch   5  loss 1.6204  acc 0.3399  val_loss 1.6436  val_acc 0.3188
2026-04-09 12:18:09      epoch   6  loss 1.6495  acc 0.3325  val_loss 1.6174  val_acc 0.3774
2026-04-09 12:18:11      epoch   7  loss 1.5642  acc 0.3728  val_loss 1.5949  val_acc 0.3590
2026-04-09 12:18:14      epoch   8  loss 1.5868  acc 0.3594  val_loss 1.5319  val_acc 0.3878
2026-04-09 12:18:17      epoch   9  loss 1.5541  acc 0.3667  val_loss 1.5283  val_acc 0.3947
2026-04-09 12:18:20      epoch  10  loss 1.5908  acc 0.3564  val_loss 1.5295  val_acc 0.3740
2026-04-09 12:18:22      epoch  11  loss 1.5216  acc 0.3837  val_loss 1.4936  val_acc 0.3820
2026-04-09 12:18:25      epoch  12  loss 1.4879  acc 0.3889  val_loss 1.4988  val_acc 0.3924
2026-04-09 12:18:28      epoch  13  loss 1.4959  acc 0.3883  val_loss 1.4568  val_acc 0.4039
2026-04-09 12:18:30      epoch  14  loss 1.4664  acc 0.4110  val_loss 1.4550  val_acc 0.4097
2026-04-09 12:18:33      epoch  15  loss 1.4374  acc 0.4129  val_loss 1.4981  val_acc 0.4154
2026-04-09 12:18:36      epoch  16  loss 1.4913  acc 0.3961  val_loss 1.4763  val_acc 0.4154
2026-04-09 12:18:39      epoch  17  loss 1.4499  acc 0.4177  val_loss 1.4177  val_acc 0.4338
2026-04-09 12:18:41      epoch  18  loss 1.4087  acc 0.4256  val_loss 1.3794  val_acc 0.4327
2026-04-09 12:18:44      epoch  19  loss 1.3807  acc 0.4363  val_loss 1.4013  val_acc 0.4315
2026-04-09 12:18:47      epoch  20  loss 1.3731  acc 0.4397  val_loss 1.3558  val_acc 0.4511
2026-04-09 12:18:50      epoch  21  loss 1.3561  acc 0.4406  val_loss 1.3805  val_acc 0.4419
2026-04-09 12:18:52      epoch  22  loss 1.3588  acc 0.4437  val_loss 1.3862  val_acc 0.4557
2026-04-09 12:18:55      epoch  23  loss 1.3517  acc 0.4476  val_loss 1.3753  val_acc 0.4442
2026-04-09 12:18:58      epoch  24  loss 1.3422  acc 0.4556  val_loss 1.4023  val_acc 0.4304
2026-04-09 12:19:00      epoch  25  loss 1.3657  acc 0.4482  val_loss 1.6345  val_acc 0.3763
2026-04-09 12:19:03      epoch  26  loss 1.4056  acc 0.4407  val_loss 1.3645  val_acc 0.4465
2026-04-09 12:19:06      epoch  27  loss 1.3224  acc 0.4587  val_loss 1.3392  val_acc 0.4591
2026-04-09 12:19:09      epoch  28  loss 1.3102  acc 0.4684  val_loss 1.3371  val_acc 0.4522
2026-04-09 12:19:11      epoch  29  loss 1.3176  acc 0.4648  val_loss 1.3367  val_acc 0.4580
2026-04-09 12:19:14      epoch  30  loss 1.2925  acc 0.4715  val_loss 1.3234  val_acc 0.4695
2026-04-09 12:19:17      epoch  31  loss 1.3111  acc 0.4638  val_loss 1.3250  val_acc 0.4591
2026-04-09 12:19:20      epoch  32  loss 1.3054  acc 0.4634  val_loss 1.3186  val_acc 0.4626
2026-04-09 12:19:22      epoch  33  loss 1.2932  acc 0.4666  val_loss 1.3151  val_acc 0.4695
2026-04-09 12:19:25      epoch  34  loss 1.2827  acc 0.4757  val_loss 1.3086  val_acc 0.4614
2026-04-09 12:19:28      epoch  35  loss 1.2806  acc 0.4694  val_loss 1.3049  val_acc 0.4672
2026-04-09 12:19:31      epoch  36  loss 1.2806  acc 0.4742  val_loss 1.3129  val_acc 0.4707
2026-04-09 12:19:34      epoch  37  loss 1.2778  acc 0.4728  val_loss 1.3040  val_acc 0.4741
2026-04-09 12:19:37      epoch  38  loss 1.2802  acc 0.4733  val_loss 1.3131  val_acc 0.4684
2026-04-09 12:19:39      epoch  39  loss 1.2692  acc 0.4780  val_loss 1.2920  val_acc 0.4718
2026-04-09 12:19:42      epoch  40  loss 1.2637  acc 0.4798  val_loss 1.3127  val_acc 0.4626
2026-04-09 12:19:45      epoch  41  loss 1.2706  acc 0.4775  val_loss 1.3239  val_acc 0.4672
2026-04-09 12:19:47      epoch  42  loss 1.2635  acc 0.4793  val_loss 1.2896  val_acc 0.4879
2026-04-09 12:19:50      epoch  43  loss 1.2578  acc 0.4811  val_loss 1.3065  val_acc 0.4626
2026-04-09 12:19:53      epoch  44  loss 1.2681  acc 0.4767  val_loss 1.2906  val_acc 0.4753
2026-04-09 12:19:55      epoch  45  loss 1.2523  acc 0.4820  val_loss 1.3441  val_acc 0.4684
2026-04-09 12:19:58      epoch  46  loss 1.2846  acc 0.4705  val_loss 1.3111  val_acc 0.4764
2026-04-09 12:20:01      epoch  47  loss 1.2515  acc 0.4916  val_loss 1.2963  val_acc 0.4753
2026-04-09 12:20:04      epoch  48  loss 1.2474  acc 0.4852  val_loss 1.2979  val_acc 0.4661
2026-04-09 12:20:06      epoch  49  loss 1.2372  acc 0.4849  val_loss 1.2899  val_acc 0.4753
2026-04-09 12:20:09      epoch  50  loss 1.2341  acc 0.4927  val_loss 1.3055  val_acc 0.4649
2026-04-09 12:20:09      Early stopping at epoch 50
2026-04-09 12:20:09      User8 accuracy: 0.4477
2026-04-09 12:20:10    ─── LOSO fold: User9 (test=1121, train=8584)
2026-04-09 12:20:12      epoch   1  loss 2.1650  acc 0.1794  val_loss 1.8306  val_acc 0.2704
2026-04-09 12:20:15      epoch   2  loss 1.8252  acc 0.2646  val_loss 2.2098  val_acc 0.2179
2026-04-09 12:20:18      epoch   3  loss 1.8356  acc 0.2639  val_loss 1.6810  val_acc 0.3240
2026-04-09 12:20:20      epoch   4  loss 1.6846  acc 0.3114  val_loss 1.6437  val_acc 0.3508
2026-04-09 12:20:23      epoch   5  loss 1.8451  acc 0.2907  val_loss 1.8459  val_acc 0.2855
2026-04-09 12:20:25      epoch   6  loss 1.7381  acc 0.2867  val_loss 1.6611  val_acc 0.3322
2026-04-09 12:20:28      epoch   7  loss 1.6661  acc 0.3156  val_loss 1.5887  val_acc 0.4103
2026-04-09 12:20:31      epoch   8  loss 1.6555  acc 0.3222  val_loss 1.6087  val_acc 0.3555
2026-04-09 12:20:33      epoch   9  loss 1.6018  acc 0.3460  val_loss 1.5392  val_acc 0.3881
2026-04-09 12:20:36      epoch  10  loss 1.5564  acc 0.3627  val_loss 1.5149  val_acc 0.3939
2026-04-09 12:20:38      epoch  11  loss 1.5455  acc 0.3654  val_loss 1.5109  val_acc 0.4231
2026-04-09 12:20:41      epoch  12  loss 1.6291  acc 0.3276  val_loss 1.5563  val_acc 0.3881
2026-04-09 12:20:44      epoch  13  loss 1.5426  acc 0.3698  val_loss 1.5208  val_acc 0.3753
2026-04-09 12:20:47      epoch  14  loss 1.5286  acc 0.3729  val_loss 1.5257  val_acc 0.3928
2026-04-09 12:20:50      epoch  15  loss 1.5295  acc 0.3808  val_loss 1.5116  val_acc 0.4009
2026-04-09 12:20:52      epoch  16  loss 1.5515  acc 0.3739  val_loss 1.4729  val_acc 0.4231
2026-04-09 12:20:55      epoch  17  loss 1.5739  acc 0.3682  val_loss 1.5056  val_acc 0.3951
2026-04-09 12:20:58      epoch  18  loss 1.5162  acc 0.3843  val_loss 1.4874  val_acc 0.4266
2026-04-09 12:21:00      epoch  19  loss 1.5014  acc 0.3852  val_loss 1.5042  val_acc 0.3951
2026-04-09 12:21:03      epoch  20  loss 1.5050  acc 0.3952  val_loss 1.4536  val_acc 0.4312
2026-04-09 12:21:06      epoch  21  loss 1.4952  acc 0.3968  val_loss 1.4602  val_acc 0.4231
2026-04-09 12:21:08      epoch  22  loss 1.5002  acc 0.3933  val_loss 1.4857  val_acc 0.3904
2026-04-09 12:21:11      epoch  23  loss 1.4917  acc 0.3893  val_loss 1.4474  val_acc 0.4126
2026-04-09 12:21:13      epoch  24  loss 1.4778  acc 0.3992  val_loss 1.4500  val_acc 0.4103
2026-04-09 12:21:16      epoch  25  loss 1.4741  acc 0.4031  val_loss 1.4302  val_acc 0.4452
2026-04-09 12:21:19      epoch  26  loss 1.4453  acc 0.4098  val_loss 1.5856  val_acc 0.3636
2026-04-09 12:21:21      epoch  27  loss 1.5053  acc 0.3880  val_loss 1.4373  val_acc 0.4079
2026-04-09 12:21:24      epoch  28  loss 1.4479  acc 0.4132  val_loss 1.3808  val_acc 0.4441
2026-04-09 12:21:26      epoch  29  loss 1.4431  acc 0.4090  val_loss 1.3978  val_acc 0.4487
2026-04-09 12:21:29      epoch  30  loss 1.4378  acc 0.4185  val_loss 1.3877  val_acc 0.4312
2026-04-09 12:21:32      epoch  31  loss 1.4308  acc 0.4159  val_loss 1.3939  val_acc 0.4429
2026-04-09 12:21:34      epoch  32  loss 1.4293  acc 0.4196  val_loss 1.3806  val_acc 0.4639
2026-04-09 12:21:37      epoch  33  loss 1.4047  acc 0.4313  val_loss 1.3582  val_acc 0.4499
2026-04-09 12:21:40      epoch  34  loss 1.4053  acc 0.4271  val_loss 1.3722  val_acc 0.4394
2026-04-09 12:21:43      epoch  35  loss 1.3941  acc 0.4353  val_loss 1.3532  val_acc 0.4487
2026-04-09 12:21:46      epoch  36  loss 1.3974  acc 0.4262  val_loss 1.3557  val_acc 0.4545
2026-04-09 12:21:49      epoch  37  loss 1.4038  acc 0.4359  val_loss 1.4237  val_acc 0.4149
2026-04-09 12:21:51      epoch  38  loss 1.4782  acc 0.4176  val_loss 1.3919  val_acc 0.4487
2026-04-09 12:21:54      epoch  39  loss 1.4389  acc 0.4323  val_loss 1.3811  val_acc 0.4534
2026-04-09 12:21:57      epoch  40  loss 1.4221  acc 0.4381  val_loss 1.3711  val_acc 0.4487
2026-04-09 12:21:59      epoch  41  loss 1.3902  acc 0.4566  val_loss 1.3674  val_acc 0.4441
2026-04-09 12:22:02      epoch  42  loss 1.3902  acc 0.4508  val_loss 1.3614  val_acc 0.4499
2026-04-09 12:22:04      epoch  43  loss 1.3783  acc 0.4557  val_loss 1.3539  val_acc 0.4569
2026-04-09 12:22:04      Early stopping at epoch 43
2026-04-09 12:22:05      User9 accuracy: 0.4157
2026-04-09 12:22:06    ─── LOSO fold: User10 (test=1115, train=8590)
2026-04-09 12:22:09      epoch   1  loss 2.1609  acc 0.1935  val_loss 1.8331  val_acc 0.2596
2026-04-09 12:22:11      epoch   2  loss 1.7667  acc 0.2835  val_loss 1.8899  val_acc 0.2037
2026-04-09 12:22:14      epoch   3  loss 1.7023  acc 0.3013  val_loss 1.6518  val_acc 0.2829
2026-04-09 12:22:16      epoch   4  loss 1.6854  acc 0.3117  val_loss 1.6352  val_acc 0.3399
2026-04-09 12:22:19      epoch   5  loss 1.6765  acc 0.3251  val_loss 1.5783  val_acc 0.3539
2026-04-09 12:22:22      epoch   6  loss 1.5753  acc 0.3637  val_loss 1.5443  val_acc 0.3702
2026-04-09 12:22:24      epoch   7  loss 1.5437  acc 0.3805  val_loss 1.5272  val_acc 0.3737
2026-04-09 12:22:27      epoch   8  loss 1.5484  acc 0.3633  val_loss 1.7054  val_acc 0.2957
2026-04-09 12:22:29      epoch   9  loss 1.5902  acc 0.3531  val_loss 1.5091  val_acc 0.3679
2026-04-09 12:22:32      epoch  10  loss 1.5152  acc 0.3812  val_loss 1.5042  val_acc 0.3714
2026-04-09 12:22:34      epoch  11  loss 1.4954  acc 0.3908  val_loss 1.4738  val_acc 0.4063
2026-04-09 12:22:37      epoch  12  loss 1.4971  acc 0.3959  val_loss 1.5081  val_acc 0.3772
2026-04-09 12:22:39      epoch  13  loss 1.4904  acc 0.3972  val_loss 1.4731  val_acc 0.4098
2026-04-09 12:22:42      epoch  14  loss 1.5204  acc 0.3857  val_loss 1.5232  val_acc 0.3818
2026-04-09 12:22:45      epoch  15  loss 1.5105  acc 0.3895  val_loss 1.4705  val_acc 0.4051
2026-04-09 12:22:47      epoch  16  loss 1.4795  acc 0.3931  val_loss 1.5008  val_acc 0.3609
2026-04-09 12:22:50      epoch  17  loss 1.4677  acc 0.3987  val_loss 1.4744  val_acc 0.3853
2026-04-09 12:22:52      epoch  18  loss 1.4815  acc 0.4050  val_loss 1.4574  val_acc 0.4272
2026-04-09 12:22:55      epoch  19  loss 1.4527  acc 0.4135  val_loss 1.4544  val_acc 0.4040
2026-04-09 12:22:58      epoch  20  loss 1.4382  acc 0.4108  val_loss 1.4496  val_acc 0.4028
2026-04-09 12:23:00      epoch  21  loss 1.4239  acc 0.4291  val_loss 1.4469  val_acc 0.4156
2026-04-09 12:23:03      epoch  22  loss 1.4234  acc 0.4219  val_loss 1.4577  val_acc 0.4133
2026-04-09 12:23:05      epoch  23  loss 1.4213  acc 0.4276  val_loss 1.4301  val_acc 0.4447
2026-04-09 12:23:08      epoch  24  loss 1.4098  acc 0.4270  val_loss 1.4196  val_acc 0.4447
2026-04-09 12:23:10      epoch  25  loss 1.3999  acc 0.4316  val_loss 1.4106  val_acc 0.4389
2026-04-09 12:23:13      epoch  26  loss 1.3949  acc 0.4323  val_loss 1.4066  val_acc 0.4412
2026-04-09 12:23:16      epoch  27  loss 1.3857  acc 0.4349  val_loss 1.4060  val_acc 0.4272
2026-04-09 12:23:18      epoch  28  loss 1.3925  acc 0.4319  val_loss 1.3825  val_acc 0.4435
2026-04-09 12:23:21      epoch  29  loss 1.3713  acc 0.4417  val_loss 1.3946  val_acc 0.4470
2026-04-09 12:23:24      epoch  30  loss 1.3706  acc 0.4500  val_loss 1.3733  val_acc 0.4622
2026-04-09 12:23:27      epoch  31  loss 1.3398  acc 0.4601  val_loss 1.3843  val_acc 0.4494
2026-04-09 12:23:29      epoch  32  loss 1.3693  acc 0.4487  val_loss 1.3909  val_acc 0.4249
2026-04-09 12:23:32      epoch  33  loss 1.3876  acc 0.4377  val_loss 1.3914  val_acc 0.4435
2026-04-09 12:23:35      epoch  34  loss 1.3360  acc 0.4585  val_loss 1.3806  val_acc 0.4598
2026-04-09 12:23:37      epoch  35  loss 1.3434  acc 0.4605  val_loss 1.3693  val_acc 0.4412
2026-04-09 12:23:40      epoch  36  loss 1.3295  acc 0.4688  val_loss 1.3497  val_acc 0.4761
2026-04-09 12:23:43      epoch  37  loss 1.3179  acc 0.4673  val_loss 1.6007  val_acc 0.3830
2026-04-09 12:23:45      epoch  38  loss 1.4017  acc 0.4371  val_loss 1.4010  val_acc 0.4482
2026-04-09 12:23:48      epoch  39  loss 1.3286  acc 0.4602  val_loss 1.3760  val_acc 0.4482
2026-04-09 12:23:50      epoch  40  loss 1.3653  acc 0.4482  val_loss 1.3638  val_acc 0.4494
2026-04-09 12:23:53      epoch  41  loss 1.3223  acc 0.4627  val_loss 1.3878  val_acc 0.4459
2026-04-09 12:23:56      epoch  42  loss 1.3062  acc 0.4684  val_loss 1.4299  val_acc 0.4400
2026-04-09 12:23:58      epoch  43  loss 1.3544  acc 0.4619  val_loss 1.3653  val_acc 0.4668
2026-04-09 12:24:01      epoch  44  loss 1.2898  acc 0.4800  val_loss 1.3524  val_acc 0.4598
2026-04-09 12:24:01      Early stopping at epoch 44
2026-04-09 12:24:01      User10 accuracy: 0.4251
2026-04-09 12:24:03    ─── LOSO fold: User11 (test=1175, train=8530)
2026-04-09 12:24:05      epoch   1  loss 2.1829  acc 0.1851  val_loss 1.7936  val_acc 0.2755
2026-04-09 12:24:08      epoch   2  loss 1.7862  acc 0.2801  val_loss 1.6111  val_acc 0.3283
2026-04-09 12:24:11      epoch   3  loss 1.6567  acc 0.3311  val_loss 1.5502  val_acc 0.3798
2026-04-09 12:24:13      epoch   4  loss 1.5898  acc 0.3441  val_loss 1.5529  val_acc 0.3306
2026-04-09 12:24:16      epoch   5  loss 1.6077  acc 0.3458  val_loss 1.4611  val_acc 0.4103
2026-04-09 12:24:18      epoch   6  loss 1.5476  acc 0.3738  val_loss 1.5361  val_acc 0.3763
2026-04-09 12:24:21      epoch   7  loss 1.5628  acc 0.3647  val_loss 1.5424  val_acc 0.3658
2026-04-09 12:24:23      epoch   8  loss 1.5623  acc 0.3669  val_loss 1.5333  val_acc 0.3751
2026-04-09 12:24:26      epoch   9  loss 1.5730  acc 0.3582  val_loss 1.4872  val_acc 0.3927
2026-04-09 12:24:28      epoch  10  loss 1.5300  acc 0.3712  val_loss 1.4669  val_acc 0.4080
2026-04-09 12:24:31      epoch  11  loss 1.4905  acc 0.3947  val_loss 1.4144  val_acc 0.4267
2026-04-09 12:24:34      epoch  12  loss 1.4627  acc 0.4121  val_loss 1.4082  val_acc 0.4302
2026-04-09 12:24:36      epoch  13  loss 1.4512  acc 0.4082  val_loss 1.3911  val_acc 0.4420
2026-04-09 12:24:39      epoch  14  loss 1.4410  acc 0.4134  val_loss 1.3882  val_acc 0.4373
2026-04-09 12:24:41      epoch  15  loss 1.4357  acc 0.4222  val_loss 1.3899  val_acc 0.4326
2026-04-09 12:24:44      epoch  16  loss 1.4514  acc 0.4203  val_loss 1.3745  val_acc 0.4431
2026-04-09 12:24:47      epoch  17  loss 1.4206  acc 0.4271  val_loss 1.4105  val_acc 0.4150
2026-04-09 12:24:49      epoch  18  loss 1.4750  acc 0.4064  val_loss 1.3883  val_acc 0.4420
2026-04-09 12:24:52      epoch  19  loss 1.4223  acc 0.4274  val_loss 1.3637  val_acc 0.4478
2026-04-09 12:24:55      epoch  20  loss 1.4072  acc 0.4356  val_loss 1.3517  val_acc 0.4642
2026-04-09 12:24:57      epoch  21  loss 1.4004  acc 0.4394  val_loss 1.3728  val_acc 0.4502
2026-04-09 12:24:59      epoch  22  loss 1.3878  acc 0.4448  val_loss 1.3477  val_acc 0.4408
2026-04-09 12:25:02      epoch  23  loss 1.3844  acc 0.4416  val_loss 1.3386  val_acc 0.4642
2026-04-09 12:25:05      epoch  24  loss 1.3818  acc 0.4448  val_loss 1.3242  val_acc 0.4537
2026-04-09 12:25:07      epoch  25  loss 1.3814  acc 0.4433  val_loss 1.3592  val_acc 0.4443
2026-04-09 12:25:10      epoch  26  loss 1.3785  acc 0.4551  val_loss 1.3444  val_acc 0.4549
2026-04-09 12:25:12      epoch  27  loss 1.3692  acc 0.4525  val_loss 1.3088  val_acc 0.4607
2026-04-09 12:25:15      epoch  28  loss 1.3523  acc 0.4607  val_loss 1.3160  val_acc 0.4619
2026-04-09 12:25:17      epoch  29  loss 1.3623  acc 0.4593  val_loss 1.3049  val_acc 0.4654
2026-04-09 12:25:20      epoch  30  loss 1.3579  acc 0.4575  val_loss 1.3167  val_acc 0.4842
2026-04-09 12:25:23      epoch  31  loss 1.3433  acc 0.4597  val_loss 1.3131  val_acc 0.4642
2026-04-09 12:25:25      epoch  32  loss 1.3480  acc 0.4622  val_loss 1.3640  val_acc 0.4525
2026-04-09 12:25:28      epoch  33  loss 1.3588  acc 0.4618  val_loss 1.3374  val_acc 0.4467
2026-04-09 12:25:30      epoch  34  loss 1.3505  acc 0.4554  val_loss 1.3193  val_acc 0.4760
2026-04-09 12:25:33      epoch  35  loss 1.3333  acc 0.4730  val_loss 1.2894  val_acc 0.4877
2026-04-09 12:25:35      epoch  36  loss 1.3222  acc 0.4700  val_loss 1.2887  val_acc 0.4795
2026-04-09 12:25:38      epoch  37  loss 1.3200  acc 0.4757  val_loss 1.2921  val_acc 0.4783
2026-04-09 12:25:41      epoch  38  loss 1.3233  acc 0.4692  val_loss 1.2886  val_acc 0.4889
2026-04-09 12:25:43      epoch  39  loss 1.3033  acc 0.4827  val_loss 1.3023  val_acc 0.4689
2026-04-09 12:25:46      epoch  40  loss 1.3119  acc 0.4727  val_loss 1.2852  val_acc 0.4936
2026-04-09 12:25:48      epoch  41  loss 1.3004  acc 0.4817  val_loss 1.2693  val_acc 0.4959
2026-04-09 12:25:51      epoch  42  loss 1.2957  acc 0.4821  val_loss 1.2766  val_acc 0.4830
2026-04-09 12:25:54      epoch  43  loss 1.2995  acc 0.4770  val_loss 1.2717  val_acc 0.4830
2026-04-09 12:25:56      epoch  44  loss 1.3097  acc 0.4725  val_loss 1.2570  val_acc 0.4959
2026-04-09 12:25:59      epoch  45  loss 1.2846  acc 0.4890  val_loss 1.2482  val_acc 0.4877
2026-04-09 12:26:01      epoch  46  loss 1.2934  acc 0.4891  val_loss 1.2817  val_acc 0.4760
2026-04-09 12:26:04      epoch  47  loss 1.2888  acc 0.4840  val_loss 1.2665  val_acc 0.4900
2026-04-09 12:26:06      epoch  48  loss 1.2884  acc 0.4831  val_loss 1.2529  val_acc 0.4877
2026-04-09 12:26:09      epoch  49  loss 1.2840  acc 0.4894  val_loss 1.2574  val_acc 0.4924
2026-04-09 12:26:11      epoch  50  loss 1.2706  acc 0.4847  val_loss 1.2432  val_acc 0.4947
2026-04-09 12:26:14      epoch  51  loss 1.2709  acc 0.4922  val_loss 1.2564  val_acc 0.4924
2026-04-09 12:26:16      epoch  52  loss 1.2674  acc 0.4998  val_loss 1.2484  val_acc 0.5053
2026-04-09 12:26:19      epoch  53  loss 1.2627  acc 0.4989  val_loss 1.2895  val_acc 0.4912
2026-04-09 12:26:22      epoch  54  loss 1.2702  acc 0.4968  val_loss 1.2378  val_acc 0.5041
2026-04-09 12:26:24      epoch  55  loss 1.2541  acc 0.5016  val_loss 1.2321  val_acc 0.5076
2026-04-09 12:26:27      epoch  56  loss 1.2605  acc 0.4967  val_loss 1.2499  val_acc 0.4936
2026-04-09 12:26:29      epoch  57  loss 1.2597  acc 0.4993  val_loss 1.2338  val_acc 0.5029
2026-04-09 12:26:32      epoch  58  loss 1.2549  acc 0.5045  val_loss 1.2377  val_acc 0.5029
2026-04-09 12:26:35      epoch  59  loss 1.2566  acc 0.5041  val_loss 1.2459  val_acc 0.5041
2026-04-09 12:26:37      epoch  60  loss 1.2575  acc 0.4976  val_loss 1.2510  val_acc 0.4936
2026-04-09 12:26:40      epoch  61  loss 1.2573  acc 0.4952  val_loss 1.2486  val_acc 0.4912
2026-04-09 12:26:42      epoch  62  loss 1.2490  acc 0.4989  val_loss 1.2276  val_acc 0.5076
2026-04-09 12:26:45      epoch  63  loss 1.2380  acc 0.5110  val_loss 1.2175  val_acc 0.5088
2026-04-09 12:26:48      epoch  64  loss 1.2368  acc 0.5084  val_loss 1.2285  val_acc 0.5041
2026-04-09 12:26:50      epoch  65  loss 1.2336  acc 0.5091  val_loss 1.2214  val_acc 0.5088
2026-04-09 12:26:53      epoch  66  loss 1.2604  acc 0.4980  val_loss 1.2434  val_acc 0.5193
2026-04-09 12:26:56      epoch  67  loss 1.2536  acc 0.4928  val_loss 1.2342  val_acc 0.5041
2026-04-09 12:26:59      epoch  68  loss 1.2445  acc 0.4998  val_loss 1.2343  val_acc 0.5029
2026-04-09 12:27:02      epoch  69  loss 1.2313  acc 0.5062  val_loss 1.2245  val_acc 0.5076
2026-04-09 12:27:04      epoch  70  loss 1.2299  acc 0.5051  val_loss 1.2210  val_acc 0.5064
2026-04-09 12:27:07      epoch  71  loss 1.2226  acc 0.5063  val_loss 1.2230  val_acc 0.5088
2026-04-09 12:27:07      Early stopping at epoch 71
2026-04-09 12:27:07      User11 accuracy: 0.3821
2026-04-09 12:27:09    ─── LOSO fold: User12 (test=975, train=8730)
2026-04-09 12:27:12      epoch   1  loss 2.1501  acc 0.1876  val_loss 1.7565  val_acc 0.3207
2026-04-09 12:27:14      epoch   2  loss 1.7553  acc 0.2846  val_loss 1.6923  val_acc 0.3219
2026-04-09 12:27:17      epoch   3  loss 1.7057  acc 0.3009  val_loss 1.5873  val_acc 0.3540
2026-04-09 12:27:19      epoch   4  loss 1.6757  acc 0.3148  val_loss 1.5478  val_acc 0.3677
2026-04-09 12:27:22      epoch   5  loss 1.5806  acc 0.3372  val_loss 1.4657  val_acc 0.4078
2026-04-09 12:27:25      epoch   6  loss 1.5137  acc 0.3786  val_loss 1.4164  val_acc 0.4032
2026-04-09 12:27:28      epoch   7  loss 1.5706  acc 0.3487  val_loss 1.7547  val_acc 0.3356
2026-04-09 12:27:31      epoch   8  loss 1.5384  acc 0.3653  val_loss 1.4108  val_acc 0.4101
2026-04-09 12:27:33      epoch   9  loss 1.4780  acc 0.3884  val_loss 1.4327  val_acc 0.3757
2026-04-09 12:27:36      epoch  10  loss 1.4644  acc 0.3977  val_loss 1.4727  val_acc 0.4021
2026-04-09 12:27:39      epoch  11  loss 1.4979  acc 0.3906  val_loss 1.4137  val_acc 0.4032
2026-04-09 12:27:42      epoch  12  loss 1.4715  acc 0.4050  val_loss 1.4198  val_acc 0.4433
2026-04-09 12:27:45      epoch  13  loss 1.4556  acc 0.4060  val_loss 1.5168  val_acc 0.3700
2026-04-09 12:27:47      epoch  14  loss 1.4386  acc 0.4128  val_loss 1.3264  val_acc 0.4525
2026-04-09 12:27:50      epoch  15  loss 1.4164  acc 0.4223  val_loss 1.3241  val_acc 0.4433
2026-04-09 12:27:53      epoch  16  loss 1.3844  acc 0.4283  val_loss 1.3084  val_acc 0.4765
2026-04-09 12:27:56      epoch  17  loss 1.4020  acc 0.4312  val_loss 1.3920  val_acc 0.4044
2026-04-09 12:27:59      epoch  18  loss 1.3814  acc 0.4330  val_loss 1.2681  val_acc 0.4628
2026-04-09 12:28:02      epoch  19  loss 1.3706  acc 0.4413  val_loss 1.2647  val_acc 0.4662
2026-04-09 12:28:05      epoch  20  loss 1.3744  acc 0.4448  val_loss 1.3518  val_acc 0.4181
2026-04-09 12:28:07      epoch  21  loss 1.3656  acc 0.4497  val_loss 1.2762  val_acc 0.4742
2026-04-09 12:28:10      epoch  22  loss 1.4578  acc 0.4340  val_loss 1.2758  val_acc 0.4914
2026-04-09 12:28:13      epoch  23  loss 1.3532  acc 0.4591  val_loss 1.2636  val_acc 0.4719
2026-04-09 12:28:16      epoch  24  loss 1.3857  acc 0.4345  val_loss 1.3088  val_acc 0.4777
2026-04-09 12:28:18      epoch  25  loss 1.8072  acc 0.3363  val_loss 1.5520  val_acc 0.4032
2026-04-09 12:28:21      epoch  26  loss 1.5859  acc 0.3688  val_loss 1.4479  val_acc 0.3986
2026-04-09 12:28:24      epoch  27  loss 1.5261  acc 0.3900  val_loss 1.3849  val_acc 0.4307
2026-04-09 12:28:26      epoch  28  loss 1.4776  acc 0.4061  val_loss 1.4226  val_acc 0.4273
2026-04-09 12:28:29      epoch  29  loss 1.4366  acc 0.4166  val_loss 1.3216  val_acc 0.4456
2026-04-09 12:28:32      epoch  30  loss 1.4152  acc 0.4269  val_loss 1.3678  val_acc 0.4101
2026-04-09 12:28:35      epoch  31  loss 1.4161  acc 0.4213  val_loss 1.3054  val_acc 0.4651
2026-04-09 12:28:35      Early stopping at epoch 31
2026-04-09 12:28:35      User12 accuracy: 0.3149
2026-04-09 12:28:35  
2026-04-09 12:28:35  Mean acc: 0.4509  Std: 0.0710
2026-04-09 12:28:35  
                            precision    recall  f1-score   support

         Sitting – Reading       0.18      0.09      0.12       926
         Sitting – Writing       0.29      0.34      0.31      1022
         Computer – Typing       0.29      0.15      0.20      1022
       Computer – Browsing       0.32      0.49      0.38      1040
Sitting – Moving head/body       0.28      0.46      0.35       896
    Sitting – Moving chair       0.44      0.54      0.48      1023
     Stand up from sitting       0.66      0.66      0.66      1213
                  Standing       0.15      0.02      0.04       679
                   Walking       0.74      0.77      0.75       804
                   Running       0.78      0.86      0.82       787
             Taking stairs       0.30      0.17      0.22       293

                  accuracy                           0.43      9705
                 macro avg       0.40      0.41      0.39      9705
              weighted avg       0.41      0.43      0.41      9705

