2026-04-09 11:53:09  Master log: /home/mahmudm2/codebase/ClassyGlass/scripts/benchmark/logs/sensor_ablation_20260409_115309.log
2026-04-09 11:53:09  Found 4 CUDA GPU(s):
2026-04-09 11:53:09    GPU 0: NVIDIA GeForce GTX 1080 Ti  (10.9 GiB)
2026-04-09 11:53:09    GPU 1: NVIDIA GeForce GTX 1080 Ti  (10.9 GiB)
2026-04-09 11:53:09    GPU 2: NVIDIA GeForce GTX 1080 Ti  (10.9 GiB)
2026-04-09 11:53:09    GPU 3: NVIDIA GeForce GTX 1080 Ti  (10.9 GiB)
2026-04-09 11:53:09  ============================================================
2026-04-09 11:53:09  Sensor ablation: 16 experiments
2026-04-09 11:53:09    Modalities : ['acc', 'gyro', 'mag', 'baro']
2026-04-09 11:53:09    Windows    : [300, 500]
2026-04-09 11:53:09    Overlaps   : [0, 50]%
2026-04-09 11:53:09    GPUs       : [0, 1, 2, 3]  →  4 parallel worker(s)
2026-04-09 11:53:09  ============================================================
2026-04-09 11:53:09  [START]  sensor_acc_W300_S300                 gpu=0
2026-04-09 11:53:09  [START]  sensor_acc_W300_S150                 gpu=1
2026-04-09 11:53:09  [START]  sensor_acc_W500_S500                 gpu=2
2026-04-09 11:53:09  [START]  sensor_acc_W500_S250                 gpu=3
2026-04-09 12:04:47  [DONE]   sensor_acc_W500_S500                 acc=0.3900  (11.6 min)
2026-04-09 12:04:47  [START]  sensor_gyro_W300_S300                gpu=2
2026-04-09 12:11:49  [DONE]   sensor_acc_W300_S300                 acc=0.4168  (18.7 min)
2026-04-09 12:11:49  [START]  sensor_gyro_W300_S150                gpu=0
2026-04-09 12:18:35  [DONE]   sensor_acc_W500_S250                 acc=0.4049  (25.4 min)
2026-04-09 12:18:35  [START]  sensor_gyro_W500_S500                gpu=3
2026-04-09 12:19:05  [DONE]   sensor_gyro_W300_S300                acc=0.3218  (14.3 min)
2026-04-09 12:19:05  [START]  sensor_gyro_W500_S250                gpu=2
2026-04-09 12:27:56  [DONE]   sensor_gyro_W500_S500                acc=0.3018  (9.3 min)
2026-04-09 12:27:56  [START]  sensor_mag_W300_S300                 gpu=3
2026-04-09 12:28:35  [DONE]   sensor_acc_W300_S150                 acc=0.4509  (35.4 min)
2026-04-09 12:28:35  [START]  sensor_mag_W300_S150                 gpu=1
2026-04-09 12:30:24  [DONE]   sensor_mag_W300_S300                 acc=0.2631  (2.5 min)
2026-04-09 12:30:24  [START]  sensor_mag_W500_S500                 gpu=3
2026-04-09 12:32:05  [DONE]   sensor_mag_W500_S500                 acc=0.2619  (1.7 min)
2026-04-09 12:32:05  [START]  sensor_mag_W500_S250                 gpu=3
2026-04-09 12:32:25  [DONE]   sensor_mag_W300_S150                 acc=0.2993  (3.8 min)
2026-04-09 12:32:25  [START]  sensor_baro_W300_S300                gpu=1
2026-04-09 12:32:48  [DONE]   sensor_baro_W300_S300                acc=0.1137  (0.4 min)
2026-04-09 12:32:48  [START]  sensor_baro_W300_S150                gpu=1
2026-04-09 12:33:31  [DONE]   sensor_baro_W300_S150                acc=0.1567  (0.7 min)
2026-04-09 12:33:31  [START]  sensor_baro_W500_S500                gpu=1
2026-04-09 12:33:56  [DONE]   sensor_baro_W500_S500                acc=0.1268  (0.4 min)
2026-04-09 12:33:56  [START]  sensor_baro_W500_S250                gpu=1
2026-04-09 12:34:35  [DONE]   sensor_baro_W500_S250                acc=0.1700  (0.6 min)
2026-04-09 12:35:04  [DONE]   sensor_mag_W500_S250                 acc=0.2387  (3.0 min)
2026-04-09 12:43:58  [DONE]   sensor_gyro_W500_S250                acc=0.3541  (24.9 min)
2026-04-09 12:50:45  [DONE]   sensor_gyro_W300_S150                acc=0.4043  (38.9 min)
2026-04-09 12:50:45  
Sweep complete in 57.6 min — 16/16 succeeded
2026-04-09 12:50:45  
2026-04-09 12:50:45  ========================================================================
2026-04-09 12:50:45  SENSOR MODALITY ABLATION — SUMMARY
2026-04-09 12:50:45  Modality      ch     W  Step  Ovlp   Mean Acc     Std
2026-04-09 12:50:45  ------------------------------------------------------------------------
2026-04-09 12:50:45  acc            3   300   150   50%     0.4509  0.0710
2026-04-09 12:50:45  acc            3   300   300    0%     0.4168  0.0635
2026-04-09 12:50:45  acc            3   500   250   50%     0.4049  0.0664
2026-04-09 12:50:45  gyro           3   300   150   50%     0.4043  0.0751
2026-04-09 12:50:45  acc            3   500   500    0%     0.3900  0.0515
2026-04-09 12:50:45  gyro           3   500   250   50%     0.3541  0.0468
2026-04-09 12:50:45  gyro           3   300   300    0%     0.3218  0.0512
2026-04-09 12:50:45  gyro           3   500   500    0%     0.3018  0.0379
2026-04-09 12:50:45  mag            3   300   150   50%     0.2993  0.0814
2026-04-09 12:50:45  mag            3   300   300    0%     0.2631  0.0730
2026-04-09 12:50:45  mag            3   500   500    0%     0.2619  0.0742
2026-04-09 12:50:45  mag            3   500   250   50%     0.2387  0.0472
2026-04-09 12:50:45  baro           1   500   250   50%     0.1700  0.0671
2026-04-09 12:50:45  baro           1   300   150   50%     0.1567  0.0483
2026-04-09 12:50:45  baro           1   500   500    0%     0.1268  0.0254
2026-04-09 12:50:45  baro           1   300   300    0%     0.1137  0.0648
2026-04-09 12:50:45  ========================================================================
