2026-04-09 12:28:35  ========================================================================
2026-04-09 12:28:35  Modality: mag  |  sensors: ['Magnetometer']  |  3 ch  |  window=300  overlap=50%  step=150
2026-04-09 12:28:35  Device: cuda:1  |  Log: /home/mahmudm2/codebase/ClassyGlass/scripts/benchmark/logs/sensor_mag_W300_S150.log
2026-04-09 12:28:35  ========================================================================
2026-04-09 12:28:38  Loaded 1763 windows | sensors=['Magnetometer'] (3 ch) | window=300  step=150 | skipped=0 experiments
2026-04-09 12:28:38    ─── LOSO fold: User1 (test=97, train=1666)
2026-04-09 12:28:38      epoch   1  loss 2.3946  acc 0.1000  val_loss 2.3638  val_acc 0.1506
2026-04-09 12:28:39      epoch   2  loss 2.3361  acc 0.1213  val_loss 2.2446  val_acc 0.1747
2026-04-09 12:28:40      epoch   3  loss 2.1572  acc 0.2020  val_loss 2.0388  val_acc 0.1807
2026-04-09 12:28:40      epoch   4  loss 1.9871  acc 0.2273  val_loss 1.9241  val_acc 0.2108
2026-04-09 12:28:41      epoch   5  loss 1.9223  acc 0.2120  val_loss 1.8865  val_acc 0.2048
2026-04-09 12:28:41      epoch   6  loss 1.8769  acc 0.2227  val_loss 1.8413  val_acc 0.2651
2026-04-09 12:28:42      epoch   7  loss 1.8324  acc 0.2473  val_loss 1.8577  val_acc 0.2530
2026-04-09 12:28:42      epoch   8  loss 1.8147  acc 0.2320  val_loss 1.7649  val_acc 0.2590
2026-04-09 12:28:43      epoch   9  loss 1.7796  acc 0.2420  val_loss 1.7633  val_acc 0.2349
2026-04-09 12:28:44      epoch  10  loss 1.7572  acc 0.2587  val_loss 1.7731  val_acc 0.2410
2026-04-09 12:28:44      epoch  11  loss 1.7737  acc 0.2247  val_loss 1.7363  val_acc 0.2771
2026-04-09 12:28:45      epoch  12  loss 1.7367  acc 0.2600  val_loss 1.7025  val_acc 0.2952
2026-04-09 12:28:45      epoch  13  loss 1.7520  acc 0.2593  val_loss 1.7987  val_acc 0.2530
2026-04-09 12:28:46      epoch  14  loss 1.7161  acc 0.2647  val_loss 1.6867  val_acc 0.2952
2026-04-09 12:28:46      epoch  15  loss 1.7112  acc 0.2833  val_loss 1.6847  val_acc 0.2892
2026-04-09 12:28:47      epoch  16  loss 1.7041  acc 0.2880  val_loss 1.6942  val_acc 0.2952
2026-04-09 12:28:48      epoch  17  loss 1.7112  acc 0.3020  val_loss 1.8836  val_acc 0.2651
2026-04-09 12:28:48      epoch  18  loss 1.7779  acc 0.2813  val_loss 1.7696  val_acc 0.2470
2026-04-09 12:28:49      epoch  19  loss 1.7788  acc 0.2333  val_loss 1.8797  val_acc 0.2108
2026-04-09 12:28:49      epoch  20  loss 1.7744  acc 0.2607  val_loss 1.7785  val_acc 0.2530
2026-04-09 12:28:50      epoch  21  loss 1.7777  acc 0.2347  val_loss 1.7416  val_acc 0.2410
2026-04-09 12:28:50      epoch  22  loss 1.7463  acc 0.2453  val_loss 1.7529  val_acc 0.2831
2026-04-09 12:28:51      epoch  23  loss 1.7286  acc 0.2727  val_loss 1.7722  val_acc 0.2651
2026-04-09 12:28:51      Early stopping at epoch 23
2026-04-09 12:28:51      User1 accuracy: 0.2268
2026-04-09 12:28:51    ─── LOSO fold: User2 (test=87, train=1676)
2026-04-09 12:28:52      epoch   1  loss 2.3970  acc 0.1040  val_loss 2.3774  val_acc 0.1737
2026-04-09 12:28:52      epoch   2  loss 2.3426  acc 0.1153  val_loss 2.2757  val_acc 0.1377
2026-04-09 12:28:53      epoch   3  loss 2.2013  acc 0.1743  val_loss 2.0921  val_acc 0.2395
2026-04-09 12:28:53      epoch   4  loss 2.0643  acc 0.1981  val_loss 2.0280  val_acc 0.2874
2026-04-09 12:28:54      epoch   5  loss 1.9629  acc 0.2213  val_loss 1.9348  val_acc 0.2455
2026-04-09 12:28:55      epoch   6  loss 1.9135  acc 0.2167  val_loss 1.8879  val_acc 0.2335
2026-04-09 12:28:55      epoch   7  loss 1.8639  acc 0.2525  val_loss 1.7962  val_acc 0.2994
2026-04-09 12:28:56      epoch   8  loss 1.8166  acc 0.2697  val_loss 1.7690  val_acc 0.2994
2026-04-09 12:28:56      epoch   9  loss 1.7979  acc 0.2677  val_loss 1.7467  val_acc 0.2635
2026-04-09 12:28:57      epoch  10  loss 1.7785  acc 0.2830  val_loss 1.9111  val_acc 0.1796
2026-04-09 12:28:57      epoch  11  loss 1.8615  acc 0.2412  val_loss 1.8008  val_acc 0.2695
2026-04-09 12:28:58      epoch  12  loss 1.8292  acc 0.2412  val_loss 1.7775  val_acc 0.2695
2026-04-09 12:28:59      epoch  13  loss 1.7949  acc 0.2611  val_loss 1.7007  val_acc 0.3054
2026-04-09 12:28:59      epoch  14  loss 1.7554  acc 0.2816  val_loss 1.7154  val_acc 0.2874
2026-04-09 12:29:00      epoch  15  loss 1.7506  acc 0.2763  val_loss 1.7301  val_acc 0.2934
2026-04-09 12:29:00      epoch  16  loss 1.7502  acc 0.2843  val_loss 1.6949  val_acc 0.3114
2026-04-09 12:29:01      epoch  17  loss 1.7328  acc 0.2883  val_loss 1.7107  val_acc 0.2635
2026-04-09 12:29:01      epoch  18  loss 1.7280  acc 0.2836  val_loss 1.6850  val_acc 0.3114
2026-04-09 12:29:02      epoch  19  loss 1.7092  acc 0.3082  val_loss 1.6547  val_acc 0.3174
2026-04-09 12:29:02      epoch  20  loss 1.7292  acc 0.2869  val_loss 1.7615  val_acc 0.2635
2026-04-09 12:29:03      epoch  21  loss 1.7139  acc 0.2975  val_loss 1.6532  val_acc 0.3293
2026-04-09 12:29:03      epoch  22  loss 1.6901  acc 0.3068  val_loss 1.6909  val_acc 0.3114
2026-04-09 12:29:04      epoch  23  loss 1.7120  acc 0.2909  val_loss 1.6246  val_acc 0.3114
2026-04-09 12:29:04      epoch  24  loss 1.6921  acc 0.2903  val_loss 1.6694  val_acc 0.2934
2026-04-09 12:29:05      epoch  25  loss 1.6769  acc 0.3048  val_loss 1.6500  val_acc 0.2934
2026-04-09 12:29:05      epoch  26  loss 1.6804  acc 0.3088  val_loss 1.6661  val_acc 0.3234
2026-04-09 12:29:06      epoch  27  loss 1.6633  acc 0.3082  val_loss 1.6118  val_acc 0.3593
2026-04-09 12:29:07      epoch  28  loss 1.6563  acc 0.3135  val_loss 1.6612  val_acc 0.3114
2026-04-09 12:29:07      epoch  29  loss 1.6432  acc 0.3088  val_loss 1.5920  val_acc 0.3054
2026-04-09 12:29:08      epoch  30  loss 1.6163  acc 0.3333  val_loss 1.5746  val_acc 0.3713
2026-04-09 12:29:08      epoch  31  loss 1.6119  acc 0.3260  val_loss 1.5630  val_acc 0.3413
2026-04-09 12:29:09      epoch  32  loss 1.6770  acc 0.3128  val_loss 1.6228  val_acc 0.3413
2026-04-09 12:29:09      epoch  33  loss 1.6634  acc 0.3068  val_loss 1.6302  val_acc 0.3533
2026-04-09 12:29:10      epoch  34  loss 1.6700  acc 0.3214  val_loss 1.6424  val_acc 0.3353
2026-04-09 12:29:10      epoch  35  loss 1.6289  acc 0.3373  val_loss 1.6301  val_acc 0.3473
2026-04-09 12:29:11      epoch  36  loss 1.6386  acc 0.3254  val_loss 1.5600  val_acc 0.3653
2026-04-09 12:29:11      epoch  37  loss 1.6590  acc 0.3227  val_loss 1.7591  val_acc 0.2695
2026-04-09 12:29:12      epoch  38  loss 1.6599  acc 0.3347  val_loss 1.6147  val_acc 0.3593
2026-04-09 12:29:12      epoch  39  loss 1.6313  acc 0.3492  val_loss 1.6506  val_acc 0.3234
2026-04-09 12:29:13      epoch  40  loss 1.6355  acc 0.3545  val_loss 1.6373  val_acc 0.3293
2026-04-09 12:29:13      epoch  41  loss 1.6242  acc 0.3433  val_loss 1.6249  val_acc 0.3293
2026-04-09 12:29:14      epoch  42  loss 1.6410  acc 0.3453  val_loss 1.6138  val_acc 0.3293
2026-04-09 12:29:14      epoch  43  loss 1.5882  acc 0.3579  val_loss 1.6337  val_acc 0.3054
2026-04-09 12:29:15      epoch  44  loss 1.6362  acc 0.3486  val_loss 1.5769  val_acc 0.3413
2026-04-09 12:29:15      Early stopping at epoch 44
2026-04-09 12:29:15      User2 accuracy: 0.3563
2026-04-09 12:29:15    ─── LOSO fold: User3 (test=88, train=1675)
2026-04-09 12:29:16      epoch   1  loss 2.3883  acc 0.1160  val_loss 2.3711  val_acc 0.1377
2026-04-09 12:29:16      epoch   2  loss 2.3341  acc 0.1300  val_loss 2.2134  val_acc 0.1976
2026-04-09 12:29:17      epoch   3  loss 2.1441  acc 0.1916  val_loss 1.9858  val_acc 0.2335
2026-04-09 12:29:17      epoch   4  loss 2.0003  acc 0.2009  val_loss 1.8613  val_acc 0.1916
2026-04-09 12:29:18      epoch   5  loss 1.9806  acc 0.2095  val_loss 1.9236  val_acc 0.2036
2026-04-09 12:29:18      epoch   6  loss 1.9765  acc 0.2009  val_loss 1.8715  val_acc 0.1856
2026-04-09 12:29:19      epoch   7  loss 1.9155  acc 0.2142  val_loss 1.7878  val_acc 0.2754
2026-04-09 12:29:20      epoch   8  loss 1.8340  acc 0.2308  val_loss 1.7406  val_acc 0.2395
2026-04-09 12:29:20      epoch   9  loss 1.8133  acc 0.2367  val_loss 1.7053  val_acc 0.2335
2026-04-09 12:29:21      epoch  10  loss 1.7896  acc 0.2646  val_loss 1.7072  val_acc 0.2216
2026-04-09 12:29:21      epoch  11  loss 1.7882  acc 0.2553  val_loss 1.7522  val_acc 0.2575
2026-04-09 12:29:22      epoch  12  loss 1.7821  acc 0.2540  val_loss 1.7384  val_acc 0.2695
2026-04-09 12:29:22      epoch  13  loss 1.7539  acc 0.2699  val_loss 1.6928  val_acc 0.2994
2026-04-09 12:29:23      epoch  14  loss 1.8084  acc 0.2314  val_loss 1.7079  val_acc 0.2874
2026-04-09 12:29:23      epoch  15  loss 1.7634  acc 0.2553  val_loss 1.6625  val_acc 0.3234
2026-04-09 12:29:24      epoch  16  loss 1.7598  acc 0.2706  val_loss 1.7148  val_acc 0.2515
2026-04-09 12:29:24      epoch  17  loss 1.7553  acc 0.2460  val_loss 1.7094  val_acc 0.2216
2026-04-09 12:29:25      epoch  18  loss 1.7603  acc 0.2347  val_loss 1.6432  val_acc 0.2994
2026-04-09 12:29:26      epoch  19  loss 1.7256  acc 0.2772  val_loss 1.6382  val_acc 0.3473
2026-04-09 12:29:26      epoch  20  loss 1.7034  acc 0.2931  val_loss 1.6328  val_acc 0.3054
2026-04-09 12:29:27      epoch  21  loss 1.7138  acc 0.2845  val_loss 1.6127  val_acc 0.3653
2026-04-09 12:29:27      epoch  22  loss 1.7073  acc 0.2924  val_loss 1.7510  val_acc 0.2695
2026-04-09 12:29:28      epoch  23  loss 1.7640  acc 0.2619  val_loss 1.6223  val_acc 0.3114
2026-04-09 12:29:28      epoch  24  loss 1.6891  acc 0.3011  val_loss 1.6197  val_acc 0.3293
2026-04-09 12:29:29      epoch  25  loss 1.7005  acc 0.2845  val_loss 1.6101  val_acc 0.3952
2026-04-09 12:29:29      epoch  26  loss 1.6733  acc 0.2871  val_loss 1.6010  val_acc 0.3713
2026-04-09 12:29:30      epoch  27  loss 1.6745  acc 0.3070  val_loss 1.6328  val_acc 0.3353
2026-04-09 12:29:30      epoch  28  loss 1.6826  acc 0.2924  val_loss 1.6122  val_acc 0.3653
2026-04-09 12:29:31      epoch  29  loss 1.6955  acc 0.2779  val_loss 1.6923  val_acc 0.2455
2026-04-09 12:29:31      epoch  30  loss 1.7069  acc 0.2805  val_loss 1.6309  val_acc 0.3054
2026-04-09 12:29:32      epoch  31  loss 1.7075  acc 0.2679  val_loss 1.6145  val_acc 0.3353
2026-04-09 12:29:32      epoch  32  loss 1.6685  acc 0.2997  val_loss 1.6065  val_acc 0.3593
2026-04-09 12:29:33      epoch  33  loss 1.6720  acc 0.3077  val_loss 1.5953  val_acc 0.3653
2026-04-09 12:29:33      epoch  34  loss 1.6661  acc 0.3110  val_loss 1.5841  val_acc 0.3713
2026-04-09 12:29:34      epoch  35  loss 1.6375  acc 0.3229  val_loss 1.5673  val_acc 0.3713
2026-04-09 12:29:35      epoch  36  loss 1.6449  acc 0.3123  val_loss 1.5491  val_acc 0.3832
2026-04-09 12:29:35      epoch  37  loss 1.6349  acc 0.3229  val_loss 1.5622  val_acc 0.3772
2026-04-09 12:29:36      epoch  38  loss 1.6269  acc 0.3362  val_loss 1.5439  val_acc 0.3772
2026-04-09 12:29:36      epoch  39  loss 1.6264  acc 0.3382  val_loss 1.5069  val_acc 0.4132
2026-04-09 12:29:37      epoch  40  loss 1.6202  acc 0.3229  val_loss 1.4962  val_acc 0.3892
2026-04-09 12:29:37      epoch  41  loss 1.6097  acc 0.3548  val_loss 1.5222  val_acc 0.3952
2026-04-09 12:29:38      epoch  42  loss 1.6037  acc 0.3408  val_loss 1.5588  val_acc 0.3653
2026-04-09 12:29:38      epoch  43  loss 1.6432  acc 0.3223  val_loss 1.5633  val_acc 0.3892
2026-04-09 12:29:39      epoch  44  loss 1.6249  acc 0.3296  val_loss 1.5189  val_acc 0.3952
2026-04-09 12:29:39      epoch  45  loss 1.5957  acc 0.3468  val_loss 1.5328  val_acc 0.4012
2026-04-09 12:29:40      epoch  46  loss 1.6163  acc 0.3521  val_loss 1.4858  val_acc 0.4012
2026-04-09 12:29:41      epoch  47  loss 1.6024  acc 0.3548  val_loss 1.4790  val_acc 0.4012
2026-04-09 12:29:41      epoch  48  loss 1.5941  acc 0.3389  val_loss 1.4703  val_acc 0.4072
2026-04-09 12:29:42      epoch  49  loss 1.5848  acc 0.3442  val_loss 1.4596  val_acc 0.4012
2026-04-09 12:29:42      epoch  50  loss 1.5902  acc 0.3554  val_loss 1.4525  val_acc 0.4012
2026-04-09 12:29:43      epoch  51  loss 1.5805  acc 0.3561  val_loss 1.4440  val_acc 0.4132
2026-04-09 12:29:43      epoch  52  loss 1.5675  acc 0.3700  val_loss 1.4298  val_acc 0.4251
2026-04-09 12:29:44      epoch  53  loss 1.5738  acc 0.3561  val_loss 1.4212  val_acc 0.4192
2026-04-09 12:29:44      epoch  54  loss 1.5687  acc 0.3667  val_loss 1.4556  val_acc 0.3772
2026-04-09 12:29:45      epoch  55  loss 1.5719  acc 0.3667  val_loss 1.4598  val_acc 0.3832
2026-04-09 12:29:45      epoch  56  loss 1.5709  acc 0.3521  val_loss 1.4395  val_acc 0.4311
2026-04-09 12:29:46      epoch  57  loss 1.5567  acc 0.3588  val_loss 1.4225  val_acc 0.4012
2026-04-09 12:29:46      epoch  58  loss 1.5653  acc 0.3641  val_loss 1.4148  val_acc 0.4311
2026-04-09 12:29:47      epoch  59  loss 1.5669  acc 0.3694  val_loss 1.4073  val_acc 0.4371
2026-04-09 12:29:47      epoch  60  loss 1.5442  acc 0.3840  val_loss 1.4236  val_acc 0.4072
2026-04-09 12:29:48      epoch  61  loss 1.5521  acc 0.3621  val_loss 1.4429  val_acc 0.3832
2026-04-09 12:29:48      epoch  62  loss 1.5497  acc 0.3528  val_loss 1.4533  val_acc 0.4251
2026-04-09 12:29:49      epoch  63  loss 1.5414  acc 0.3760  val_loss 1.4403  val_acc 0.4072
2026-04-09 12:29:49      epoch  64  loss 1.5576  acc 0.3680  val_loss 1.4067  val_acc 0.4192
2026-04-09 12:29:50      epoch  65  loss 1.5526  acc 0.3641  val_loss 1.4309  val_acc 0.4311
2026-04-09 12:29:50      epoch  66  loss 1.5431  acc 0.3820  val_loss 1.4247  val_acc 0.4431
2026-04-09 12:29:51      epoch  67  loss 1.5236  acc 0.3866  val_loss 1.4186  val_acc 0.4192
2026-04-09 12:29:51      epoch  68  loss 1.5420  acc 0.3780  val_loss 1.4103  val_acc 0.4251
2026-04-09 12:29:52      epoch  69  loss 1.5344  acc 0.3793  val_loss 1.4002  val_acc 0.4491
2026-04-09 12:29:53      epoch  70  loss 1.5298  acc 0.3800  val_loss 1.3971  val_acc 0.4671
2026-04-09 12:29:53      epoch  71  loss 1.5337  acc 0.3627  val_loss 1.4188  val_acc 0.4251
2026-04-09 12:29:54      epoch  72  loss 1.5427  acc 0.3687  val_loss 1.4149  val_acc 0.4072
2026-04-09 12:29:54      epoch  73  loss 1.5315  acc 0.3647  val_loss 1.3914  val_acc 0.4551
2026-04-09 12:29:55      epoch  74  loss 1.5266  acc 0.3687  val_loss 1.3959  val_acc 0.4251
2026-04-09 12:29:55      epoch  75  loss 1.5254  acc 0.3654  val_loss 1.4080  val_acc 0.4132
2026-04-09 12:29:56      epoch  76  loss 1.5115  acc 0.3919  val_loss 1.4228  val_acc 0.4192
2026-04-09 12:29:56      epoch  77  loss 1.5124  acc 0.3674  val_loss 1.4191  val_acc 0.4311
2026-04-09 12:29:57      epoch  78  loss 1.5148  acc 0.3826  val_loss 1.4227  val_acc 0.4132
2026-04-09 12:29:58      epoch  79  loss 1.5220  acc 0.3740  val_loss 1.4098  val_acc 0.4371
2026-04-09 12:29:58      epoch  80  loss 1.5000  acc 0.3899  val_loss 1.4220  val_acc 0.4371
2026-04-09 12:29:59      epoch  81  loss 1.4871  acc 0.3985  val_loss 1.4004  val_acc 0.4371
2026-04-09 12:29:59      Early stopping at epoch 81
2026-04-09 12:29:59      User3 accuracy: 0.3750
2026-04-09 12:29:59    ─── LOSO fold: User4 (test=93, train=1670)
2026-04-09 12:30:00      epoch   1  loss 2.3930  acc 0.1297  val_loss 2.3733  val_acc 0.1437
2026-04-09 12:30:00      epoch   2  loss 2.3469  acc 0.1337  val_loss 2.2489  val_acc 0.1737
2026-04-09 12:30:01      epoch   3  loss 2.1529  acc 0.1883  val_loss 2.0138  val_acc 0.1617
2026-04-09 12:30:01      epoch   4  loss 2.0701  acc 0.1850  val_loss 2.2610  val_acc 0.1737
2026-04-09 12:30:02      epoch   5  loss 2.2133  acc 0.1816  val_loss 2.1361  val_acc 0.1976
2026-04-09 12:30:02      epoch   6  loss 2.0933  acc 0.1963  val_loss 1.9860  val_acc 0.2216
2026-04-09 12:30:03      epoch   7  loss 2.0104  acc 0.1916  val_loss 1.9972  val_acc 0.1737
2026-04-09 12:30:04      epoch   8  loss 1.9942  acc 0.2109  val_loss 1.9514  val_acc 0.2275
2026-04-09 12:30:04      epoch   9  loss 1.9524  acc 0.2255  val_loss 1.9182  val_acc 0.2395
2026-04-09 12:30:05      epoch  10  loss 1.9192  acc 0.2262  val_loss 1.9031  val_acc 0.2515
2026-04-09 12:30:05      epoch  11  loss 1.8942  acc 0.2289  val_loss 1.8524  val_acc 0.2455
2026-04-09 12:30:06      epoch  12  loss 1.8777  acc 0.2435  val_loss 1.8583  val_acc 0.2455
2026-04-09 12:30:06      epoch  13  loss 1.8701  acc 0.2302  val_loss 1.8734  val_acc 0.2275
2026-04-09 12:30:07      epoch  14  loss 1.8328  acc 0.2575  val_loss 1.8118  val_acc 0.2515
2026-04-09 12:30:07      epoch  15  loss 1.8114  acc 0.2675  val_loss 1.7860  val_acc 0.2515
2026-04-09 12:30:08      epoch  16  loss 1.8005  acc 0.2495  val_loss 1.8096  val_acc 0.2874
2026-04-09 12:30:08      epoch  17  loss 1.8144  acc 0.2828  val_loss 2.0322  val_acc 0.2335
2026-04-09 12:30:09      epoch  18  loss 2.0935  acc 0.2202  val_loss 1.9598  val_acc 0.1796
2026-04-09 12:30:09      epoch  19  loss 1.9372  acc 0.2109  val_loss 1.8538  val_acc 0.2036
2026-04-09 12:30:10      epoch  20  loss 1.8777  acc 0.2409  val_loss 1.8256  val_acc 0.2635
2026-04-09 12:30:10      epoch  21  loss 1.8397  acc 0.2455  val_loss 1.8040  val_acc 0.2814
2026-04-09 12:30:11      epoch  22  loss 1.8244  acc 0.2508  val_loss 1.7997  val_acc 0.2515
2026-04-09 12:30:11      epoch  23  loss 1.8091  acc 0.2675  val_loss 1.7970  val_acc 0.2216
2026-04-09 12:30:11      Early stopping at epoch 23
2026-04-09 12:30:11      User4 accuracy: 0.1935
2026-04-09 12:30:12    ─── LOSO fold: User5 (test=92, train=1671)
2026-04-09 12:30:12      epoch   1  loss 2.3819  acc 0.1217  val_loss 2.3794  val_acc 0.0778
2026-04-09 12:30:13      epoch   2  loss 2.3342  acc 0.1323  val_loss 2.3365  val_acc 0.1018
2026-04-09 12:30:14      epoch   3  loss 2.2187  acc 0.1755  val_loss 2.2010  val_acc 0.1617
2026-04-09 12:30:14      epoch   4  loss 2.0666  acc 0.2035  val_loss 2.0708  val_acc 0.1796
2026-04-09 12:30:15      epoch   5  loss 1.9759  acc 0.2154  val_loss 1.9396  val_acc 0.2216
2026-04-09 12:30:15      epoch   6  loss 1.8898  acc 0.2513  val_loss 1.8716  val_acc 0.2335
2026-04-09 12:30:16      epoch   7  loss 1.8527  acc 0.2434  val_loss 1.8099  val_acc 0.2395
2026-04-09 12:30:16      epoch   8  loss 1.8226  acc 0.2400  val_loss 1.8940  val_acc 0.2216
2026-04-09 12:30:17      epoch   9  loss 1.7938  acc 0.2686  val_loss 1.7813  val_acc 0.2455
2026-04-09 12:30:17      epoch  10  loss 1.7940  acc 0.2640  val_loss 1.7313  val_acc 0.2575
2026-04-09 12:30:18      epoch  11  loss 1.8374  acc 0.2693  val_loss 1.8013  val_acc 0.2036
2026-04-09 12:30:18      epoch  12  loss 1.7851  acc 0.2719  val_loss 1.7668  val_acc 0.2754
2026-04-09 12:30:19      epoch  13  loss 1.7537  acc 0.2839  val_loss 1.7003  val_acc 0.3114
2026-04-09 12:30:19      epoch  14  loss 1.7687  acc 0.2779  val_loss 1.7983  val_acc 0.2335
2026-04-09 12:30:20      epoch  15  loss 1.7472  acc 0.2839  val_loss 1.6991  val_acc 0.2814
2026-04-09 12:30:20      epoch  16  loss 1.7670  acc 0.2699  val_loss 1.7034  val_acc 0.2695
2026-04-09 12:30:21      epoch  17  loss 1.7367  acc 0.2965  val_loss 1.7143  val_acc 0.2575
2026-04-09 12:30:21      epoch  18  loss 1.8558  acc 0.2261  val_loss 1.7564  val_acc 0.2994
2026-04-09 12:30:22      epoch  19  loss 1.7755  acc 0.2753  val_loss 1.8071  val_acc 0.2156
2026-04-09 12:30:22      epoch  20  loss 1.7856  acc 0.2620  val_loss 1.7352  val_acc 0.2515
2026-04-09 12:30:23      epoch  21  loss 1.7690  acc 0.2507  val_loss 1.7718  val_acc 0.2216
2026-04-09 12:30:23      epoch  22  loss 1.7596  acc 0.2473  val_loss 1.7220  val_acc 0.2754
2026-04-09 12:30:24      epoch  23  loss 1.7342  acc 0.2793  val_loss 1.7409  val_acc 0.2395
2026-04-09 12:30:24      Early stopping at epoch 23
2026-04-09 12:30:24      User5 accuracy: 0.3043
2026-04-09 12:30:24    ─── LOSO fold: User6 (test=90, train=1673)
2026-04-09 12:30:25      epoch   1  loss 2.3902  acc 0.1056  val_loss 2.3746  val_acc 0.1198
2026-04-09 12:30:25      epoch   2  loss 2.3310  acc 0.1308  val_loss 2.2707  val_acc 0.1377
2026-04-09 12:30:26      epoch   3  loss 2.1924  acc 0.1700  val_loss 2.0715  val_acc 0.1916
2026-04-09 12:30:26      epoch   4  loss 2.0526  acc 0.2171  val_loss 1.9207  val_acc 0.2275
2026-04-09 12:30:27      epoch   5  loss 1.9615  acc 0.2092  val_loss 1.8809  val_acc 0.2395
2026-04-09 12:30:27      epoch   6  loss 1.9061  acc 0.2490  val_loss 1.8519  val_acc 0.2275
2026-04-09 12:30:28      epoch   7  loss 1.8592  acc 0.2351  val_loss 1.7899  val_acc 0.2395
2026-04-09 12:30:29      epoch   8  loss 1.8687  acc 0.2417  val_loss 1.7936  val_acc 0.2575
2026-04-09 12:30:29      epoch   9  loss 1.8767  acc 0.2311  val_loss 1.8899  val_acc 0.2036
2026-04-09 12:30:30      epoch  10  loss 1.8534  acc 0.2271  val_loss 1.7971  val_acc 0.2814
2026-04-09 12:30:30      epoch  11  loss 1.8353  acc 0.2457  val_loss 1.7424  val_acc 0.2994
2026-04-09 12:30:31      epoch  12  loss 1.8236  acc 0.2530  val_loss 1.8597  val_acc 0.2515
2026-04-09 12:30:31      epoch  13  loss 1.8447  acc 0.2430  val_loss 1.7927  val_acc 0.2934
2026-04-09 12:30:32      epoch  14  loss 1.8320  acc 0.2397  val_loss 1.7414  val_acc 0.2874
2026-04-09 12:30:33      epoch  15  loss 1.7819  acc 0.2703  val_loss 1.7656  val_acc 0.3054
2026-04-09 12:30:33      epoch  16  loss 1.8236  acc 0.2430  val_loss 1.8219  val_acc 0.2036
2026-04-09 12:30:33      epoch  17  loss 1.8044  acc 0.2444  val_loss 1.7495  val_acc 0.2455
2026-04-09 12:30:34      epoch  18  loss 1.7534  acc 0.2610  val_loss 1.7522  val_acc 0.2635
2026-04-09 12:30:34      epoch  19  loss 1.7293  acc 0.2749  val_loss 1.7440  val_acc 0.2635
2026-04-09 12:30:35      epoch  20  loss 1.7219  acc 0.2922  val_loss 1.7512  val_acc 0.2575
2026-04-09 12:30:35      epoch  21  loss 1.7207  acc 0.3021  val_loss 1.7353  val_acc 0.2635
2026-04-09 12:30:36      epoch  22  loss 1.7144  acc 0.3048  val_loss 1.7272  val_acc 0.3293
2026-04-09 12:30:37      epoch  23  loss 1.6988  acc 0.2961  val_loss 1.7042  val_acc 0.2994
2026-04-09 12:30:37      epoch  24  loss 1.7007  acc 0.3054  val_loss 1.7189  val_acc 0.3114
2026-04-09 12:30:38      epoch  25  loss 1.6846  acc 0.3360  val_loss 1.7016  val_acc 0.3174
2026-04-09 12:30:38      epoch  26  loss 1.6712  acc 0.3214  val_loss 1.7214  val_acc 0.3054
2026-04-09 12:30:39      epoch  27  loss 1.6762  acc 0.3041  val_loss 1.7163  val_acc 0.3114
2026-04-09 12:30:39      epoch  28  loss 1.6854  acc 0.3300  val_loss 1.7279  val_acc 0.2934
2026-04-09 12:30:40      epoch  29  loss 1.6813  acc 0.3201  val_loss 1.7071  val_acc 0.3114
2026-04-09 12:30:40      epoch  30  loss 1.6716  acc 0.3174  val_loss 1.7134  val_acc 0.3114
2026-04-09 12:30:41      epoch  31  loss 1.6940  acc 0.3061  val_loss 1.7454  val_acc 0.2814
2026-04-09 12:30:41      epoch  32  loss 1.6863  acc 0.3194  val_loss 1.7188  val_acc 0.2934
2026-04-09 12:30:42      epoch  33  loss 1.6865  acc 0.3214  val_loss 1.7205  val_acc 0.3054
2026-04-09 12:30:42      Early stopping at epoch 33
2026-04-09 12:30:42      User6 accuracy: 0.1667
2026-04-09 12:30:42    ─── LOSO fold: User7 (test=210, train=1553)
2026-04-09 12:30:43      epoch   1  loss 2.3915  acc 0.1144  val_loss 2.3708  val_acc 0.1032
2026-04-09 12:30:43      epoch   2  loss 2.3288  acc 0.1495  val_loss 2.2743  val_acc 0.1290
2026-04-09 12:30:44      epoch   3  loss 2.2178  acc 0.1753  val_loss 2.1271  val_acc 0.1677
2026-04-09 12:30:44      epoch   4  loss 2.0828  acc 0.2067  val_loss 2.0311  val_acc 0.2000
2026-04-09 12:30:45      epoch   5  loss 1.9872  acc 0.2175  val_loss 1.9389  val_acc 0.2129
2026-04-09 12:30:45      epoch   6  loss 1.9129  acc 0.2332  val_loss 1.8782  val_acc 0.2194
2026-04-09 12:30:46      epoch   7  loss 1.8637  acc 0.2339  val_loss 1.8619  val_acc 0.2129
2026-04-09 12:30:46      epoch   8  loss 1.8546  acc 0.2411  val_loss 1.7732  val_acc 0.2516
2026-04-09 12:30:47      epoch   9  loss 1.8405  acc 0.2368  val_loss 1.7549  val_acc 0.2258
2026-04-09 12:30:47      epoch  10  loss 1.8051  acc 0.2289  val_loss 1.7395  val_acc 0.2516
2026-04-09 12:30:48      epoch  11  loss 1.7917  acc 0.2532  val_loss 1.7625  val_acc 0.2581
2026-04-09 12:30:48      epoch  12  loss 1.8072  acc 0.2403  val_loss 1.7367  val_acc 0.2516
2026-04-09 12:30:49      epoch  13  loss 1.7674  acc 0.2639  val_loss 1.7341  val_acc 0.2516
2026-04-09 12:30:49      epoch  14  loss 1.7713  acc 0.2618  val_loss 1.8951  val_acc 0.1806
2026-04-09 12:30:50      epoch  15  loss 1.7947  acc 0.2504  val_loss 1.7638  val_acc 0.2452
2026-04-09 12:30:50      epoch  16  loss 1.7687  acc 0.2654  val_loss 1.7403  val_acc 0.2516
2026-04-09 12:30:51      epoch  17  loss 1.7524  acc 0.2554  val_loss 1.7279  val_acc 0.2387
2026-04-09 12:30:51      epoch  18  loss 1.7390  acc 0.2525  val_loss 1.7151  val_acc 0.2645
2026-04-09 12:30:52      epoch  19  loss 1.7545  acc 0.2546  val_loss 1.7716  val_acc 0.2258
2026-04-09 12:30:52      epoch  20  loss 1.7883  acc 0.2382  val_loss 1.7321  val_acc 0.2258
2026-04-09 12:30:53      epoch  21  loss 1.7837  acc 0.2454  val_loss 1.7401  val_acc 0.2129
2026-04-09 12:30:53      epoch  22  loss 1.7768  acc 0.2532  val_loss 2.0500  val_acc 0.1677
2026-04-09 12:30:54      epoch  23  loss 1.9717  acc 0.2189  val_loss 1.8322  val_acc 0.2129
2026-04-09 12:30:54      epoch  24  loss 1.8348  acc 0.2368  val_loss 1.7462  val_acc 0.2194
2026-04-09 12:30:55      epoch  25  loss 1.7951  acc 0.2504  val_loss 1.8375  val_acc 0.2129
2026-04-09 12:30:55      epoch  26  loss 1.7992  acc 0.2561  val_loss 1.7207  val_acc 0.2452
2026-04-09 12:30:55      Early stopping at epoch 26
2026-04-09 12:30:55      User7 accuracy: 0.2952
2026-04-09 12:30:55    ─── LOSO fold: User8 (test=189, train=1574)
2026-04-09 12:30:56      epoch   1  loss 2.3947  acc 0.1087  val_loss 2.3677  val_acc 0.1083
2026-04-09 12:30:56      epoch   2  loss 2.3319  acc 0.1341  val_loss 2.2458  val_acc 0.1146
2026-04-09 12:30:57      epoch   3  loss 2.1560  acc 0.2061  val_loss 2.0293  val_acc 0.1783
2026-04-09 12:30:57      epoch   4  loss 2.0312  acc 0.2181  val_loss 2.0370  val_acc 0.1465
2026-04-09 12:30:58      epoch   5  loss 1.9956  acc 0.2117  val_loss 1.9483  val_acc 0.1911
2026-04-09 12:30:58      epoch   6  loss 1.9289  acc 0.2519  val_loss 1.8637  val_acc 0.1783
2026-04-09 12:30:59      epoch   7  loss 1.9041  acc 0.2428  val_loss 1.8259  val_acc 0.2739
2026-04-09 12:30:59      epoch   8  loss 1.8527  acc 0.2597  val_loss 1.8327  val_acc 0.2038
2026-04-09 12:31:00      epoch   9  loss 1.8094  acc 0.2555  val_loss 1.7700  val_acc 0.2357
2026-04-09 12:31:00      epoch  10  loss 1.8475  acc 0.2505  val_loss 1.7898  val_acc 0.2420
2026-04-09 12:31:01      epoch  11  loss 1.7783  acc 0.2759  val_loss 1.7644  val_acc 0.2739
2026-04-09 12:31:01      epoch  12  loss 1.7894  acc 0.2717  val_loss 1.7456  val_acc 0.2484
2026-04-09 12:31:02      epoch  13  loss 1.7737  acc 0.2653  val_loss 1.7323  val_acc 0.2484
2026-04-09 12:31:02      epoch  14  loss 1.7450  acc 0.2731  val_loss 1.7360  val_acc 0.2420
2026-04-09 12:31:03      epoch  15  loss 1.7288  acc 0.2788  val_loss 1.7205  val_acc 0.2739
2026-04-09 12:31:03      epoch  16  loss 1.7303  acc 0.2922  val_loss 1.7185  val_acc 0.2866
2026-04-09 12:31:04      epoch  17  loss 1.7639  acc 0.2872  val_loss 1.7574  val_acc 0.2803
2026-04-09 12:31:04      epoch  18  loss 1.7568  acc 0.2661  val_loss 1.7713  val_acc 0.2420
2026-04-09 12:31:05      epoch  19  loss 1.7600  acc 0.2625  val_loss 1.7472  val_acc 0.2739
2026-04-09 12:31:05      epoch  20  loss 1.7401  acc 0.2597  val_loss 1.6882  val_acc 0.2739
2026-04-09 12:31:06      epoch  21  loss 1.7277  acc 0.2922  val_loss 1.7071  val_acc 0.2930
2026-04-09 12:31:06      epoch  22  loss 1.7155  acc 0.3147  val_loss 1.7173  val_acc 0.2994
2026-04-09 12:31:07      epoch  23  loss 1.7160  acc 0.3042  val_loss 1.7231  val_acc 0.2803
2026-04-09 12:31:07      epoch  24  loss 1.7598  acc 0.2795  val_loss 1.7410  val_acc 0.2675
2026-04-09 12:31:08      epoch  25  loss 1.7219  acc 0.2865  val_loss 1.7108  val_acc 0.2548
2026-04-09 12:31:08      epoch  26  loss 1.7205  acc 0.2893  val_loss 1.7037  val_acc 0.2866
2026-04-09 12:31:09      epoch  27  loss 1.6900  acc 0.3260  val_loss 1.6803  val_acc 0.3248
2026-04-09 12:31:09      epoch  28  loss 1.6767  acc 0.3098  val_loss 1.6732  val_acc 0.2930
2026-04-09 12:31:10      epoch  29  loss 1.6709  acc 0.3162  val_loss 1.6830  val_acc 0.2739
2026-04-09 12:31:10      epoch  30  loss 1.6817  acc 0.3183  val_loss 1.6807  val_acc 0.2803
2026-04-09 12:31:11      epoch  31  loss 1.6743  acc 0.3267  val_loss 1.6693  val_acc 0.2611
2026-04-09 12:31:11      epoch  32  loss 1.6800  acc 0.3225  val_loss 1.6842  val_acc 0.2739
2026-04-09 12:31:12      epoch  33  loss 1.6872  acc 0.3352  val_loss 1.6752  val_acc 0.2675
2026-04-09 12:31:12      epoch  34  loss 1.6883  acc 0.3225  val_loss 1.7277  val_acc 0.2803
2026-04-09 12:31:13      epoch  35  loss 1.6979  acc 0.3147  val_loss 1.6924  val_acc 0.3121
2026-04-09 12:31:13      epoch  36  loss 1.6842  acc 0.3260  val_loss 1.6864  val_acc 0.2930
2026-04-09 12:31:14      epoch  37  loss 1.6690  acc 0.3105  val_loss 1.6795  val_acc 0.2675
2026-04-09 12:31:14      epoch  38  loss 1.6853  acc 0.3112  val_loss 1.7088  val_acc 0.2803
2026-04-09 12:31:15      epoch  39  loss 1.6888  acc 0.3169  val_loss 1.6861  val_acc 0.2803
2026-04-09 12:31:15      Early stopping at epoch 39
2026-04-09 12:31:15      User8 accuracy: 0.2328
2026-04-09 12:31:15    ─── LOSO fold: User9 (test=208, train=1555)
2026-04-09 12:31:16      epoch   1  loss 2.3808  acc 0.1171  val_loss 2.3446  val_acc 0.1290
2026-04-09 12:31:16      epoch   2  loss 2.3204  acc 0.1279  val_loss 2.2197  val_acc 0.1290
2026-04-09 12:31:17      epoch   3  loss 2.1906  acc 0.1979  val_loss 2.0524  val_acc 0.1806
2026-04-09 12:31:17      epoch   4  loss 2.0505  acc 0.2043  val_loss 1.8871  val_acc 0.1871
2026-04-09 12:31:18      epoch   5  loss 1.9453  acc 0.2086  val_loss 1.8689  val_acc 0.1742
2026-04-09 12:31:18      epoch   6  loss 1.9225  acc 0.2079  val_loss 1.8134  val_acc 0.2000
2026-04-09 12:31:19      epoch   7  loss 1.9297  acc 0.2164  val_loss 1.8632  val_acc 0.2194
2026-04-09 12:31:19      epoch   8  loss 1.8669  acc 0.2464  val_loss 1.8056  val_acc 0.1935
2026-04-09 12:31:20      epoch   9  loss 1.8376  acc 0.2393  val_loss 1.8231  val_acc 0.1871
2026-04-09 12:31:20      epoch  10  loss 1.8161  acc 0.2350  val_loss 1.7498  val_acc 0.2774
2026-04-09 12:31:21      epoch  11  loss 1.7915  acc 0.2400  val_loss 1.7335  val_acc 0.2774
2026-04-09 12:31:21      epoch  12  loss 1.7723  acc 0.2436  val_loss 1.7229  val_acc 0.2710
2026-04-09 12:31:22      epoch  13  loss 1.7471  acc 0.2743  val_loss 1.7054  val_acc 0.2968
2026-04-09 12:31:22      epoch  14  loss 1.7378  acc 0.2679  val_loss 1.6794  val_acc 0.2839
2026-04-09 12:31:23      epoch  15  loss 1.7189  acc 0.3057  val_loss 1.7098  val_acc 0.2387
2026-04-09 12:31:23      epoch  16  loss 1.7441  acc 0.2593  val_loss 1.7015  val_acc 0.2516
2026-04-09 12:31:23      epoch  17  loss 1.7578  acc 0.2421  val_loss 1.7694  val_acc 0.2452
2026-04-09 12:31:24      epoch  18  loss 1.7715  acc 0.2586  val_loss 1.7065  val_acc 0.2645
2026-04-09 12:31:24      epoch  19  loss 1.7711  acc 0.2686  val_loss 1.7438  val_acc 0.2452
2026-04-09 12:31:25      epoch  20  loss 1.7762  acc 0.2664  val_loss 1.7264  val_acc 0.2516
2026-04-09 12:31:25      epoch  21  loss 1.7427  acc 0.2829  val_loss 1.6989  val_acc 0.2968
2026-04-09 12:31:26      epoch  22  loss 1.7266  acc 0.2771  val_loss 1.7051  val_acc 0.2839
2026-04-09 12:31:26      Early stopping at epoch 22
2026-04-09 12:31:26      User9 accuracy: 0.3510
2026-04-09 12:31:26    ─── LOSO fold: User10 (test=207, train=1556)
2026-04-09 12:31:27      epoch   1  loss 2.3903  acc 0.1049  val_loss 2.3660  val_acc 0.1871
2026-04-09 12:31:27      epoch   2  loss 2.3292  acc 0.1670  val_loss 2.2154  val_acc 0.2000
2026-04-09 12:31:28      epoch   3  loss 2.1648  acc 0.2127  val_loss 2.0084  val_acc 0.2129
2026-04-09 12:31:28      epoch   4  loss 2.0239  acc 0.2027  val_loss 1.8935  val_acc 0.2194
2026-04-09 12:31:29      epoch   5  loss 1.9166  acc 0.2099  val_loss 1.8035  val_acc 0.2645
2026-04-09 12:31:29      epoch   6  loss 1.8667  acc 0.2177  val_loss 1.8807  val_acc 0.2452
2026-04-09 12:31:30      epoch   7  loss 1.8599  acc 0.2313  val_loss 1.8337  val_acc 0.2839
2026-04-09 12:31:30      epoch   8  loss 1.8677  acc 0.2341  val_loss 1.9463  val_acc 0.2387
2026-04-09 12:31:31      epoch   9  loss 1.8932  acc 0.2191  val_loss 1.9780  val_acc 0.1806
2026-04-09 12:31:31      epoch  10  loss 1.8936  acc 0.2263  val_loss 1.8095  val_acc 0.2258
2026-04-09 12:31:32      epoch  11  loss 1.8039  acc 0.2634  val_loss 1.7862  val_acc 0.2516
2026-04-09 12:31:32      epoch  12  loss 1.7875  acc 0.2620  val_loss 1.7432  val_acc 0.2774
2026-04-09 12:31:33      epoch  13  loss 1.7709  acc 0.2670  val_loss 1.7401  val_acc 0.2323
2026-04-09 12:31:34      epoch  14  loss 1.7682  acc 0.2584  val_loss 1.7097  val_acc 0.3484
2026-04-09 12:31:34      epoch  15  loss 1.7790  acc 0.2298  val_loss 1.8655  val_acc 0.2710
2026-04-09 12:31:35      epoch  16  loss 1.8955  acc 0.2384  val_loss 2.0995  val_acc 0.2258
2026-04-09 12:31:35      epoch  17  loss 2.0955  acc 0.2191  val_loss 1.9034  val_acc 0.2645
2026-04-09 12:31:36      epoch  18  loss 1.9193  acc 0.1906  val_loss 1.8394  val_acc 0.2581
2026-04-09 12:31:36      epoch  19  loss 1.8700  acc 0.2248  val_loss 1.8978  val_acc 0.2581
2026-04-09 12:31:37      epoch  20  loss 1.8594  acc 0.2541  val_loss 1.8742  val_acc 0.2516
2026-04-09 12:31:37      epoch  21  loss 1.8551  acc 0.2156  val_loss 1.8441  val_acc 0.2194
2026-04-09 12:31:38      epoch  22  loss 1.8418  acc 0.2320  val_loss 1.8101  val_acc 0.2387
2026-04-09 12:31:38      Early stopping at epoch 22
2026-04-09 12:31:38      User10 accuracy: 0.4010
2026-04-09 12:31:38    ─── LOSO fold: User11 (test=221, train=1542)
2026-04-09 12:31:39      epoch   1  loss 2.3938  acc 0.1037  val_loss 2.3758  val_acc 0.1753
2026-04-09 12:31:39      epoch   2  loss 2.3504  acc 0.1628  val_loss 2.2343  val_acc 0.1429
2026-04-09 12:31:40      epoch   3  loss 2.1754  acc 0.2089  val_loss 1.9896  val_acc 0.2013
2026-04-09 12:31:40      epoch   4  loss 2.0435  acc 0.1945  val_loss 1.8696  val_acc 0.2273
2026-04-09 12:31:41      epoch   5  loss 1.9569  acc 0.2262  val_loss 1.8496  val_acc 0.2403
2026-04-09 12:31:41      epoch   6  loss 1.8698  acc 0.2500  val_loss 1.8085  val_acc 0.2468
2026-04-09 12:31:42      epoch   7  loss 1.8660  acc 0.2291  val_loss 1.8442  val_acc 0.2662
2026-04-09 12:31:42      epoch   8  loss 1.8621  acc 0.2500  val_loss 1.8454  val_acc 0.2857
2026-04-09 12:31:43      epoch   9  loss 1.8812  acc 0.2349  val_loss 1.8232  val_acc 0.3052
2026-04-09 12:31:43      epoch  10  loss 1.8321  acc 0.2435  val_loss 1.7791  val_acc 0.2597
2026-04-09 12:31:44      epoch  11  loss 1.7878  acc 0.2659  val_loss 1.7268  val_acc 0.2662
2026-04-09 12:31:44      epoch  12  loss 1.7763  acc 0.2666  val_loss 1.7238  val_acc 0.2597
2026-04-09 12:31:45      epoch  13  loss 1.7561  acc 0.2860  val_loss 1.7285  val_acc 0.3052
2026-04-09 12:31:45      epoch  14  loss 1.7324  acc 0.3055  val_loss 1.7476  val_acc 0.2987
2026-04-09 12:31:46      epoch  15  loss 1.7401  acc 0.2716  val_loss 1.7345  val_acc 0.2857
2026-04-09 12:31:46      epoch  16  loss 1.7268  acc 0.2875  val_loss 1.6946  val_acc 0.3117
2026-04-09 12:31:47      epoch  17  loss 1.6836  acc 0.3199  val_loss 1.7188  val_acc 0.3312
2026-04-09 12:31:47      epoch  18  loss 1.7097  acc 0.2990  val_loss 1.7062  val_acc 0.3312
2026-04-09 12:31:47      epoch  19  loss 1.6971  acc 0.3213  val_loss 1.6745  val_acc 0.3442
2026-04-09 12:31:48      epoch  20  loss 1.6758  acc 0.3127  val_loss 1.6958  val_acc 0.2922
2026-04-09 12:31:48      epoch  21  loss 1.7197  acc 0.2795  val_loss 1.7082  val_acc 0.3312
2026-04-09 12:31:49      epoch  22  loss 1.7002  acc 0.3148  val_loss 1.6803  val_acc 0.3117
2026-04-09 12:31:49      epoch  23  loss 1.6816  acc 0.3127  val_loss 1.6926  val_acc 0.2987
2026-04-09 12:31:50      epoch  24  loss 1.6728  acc 0.3091  val_loss 1.6599  val_acc 0.3117
2026-04-09 12:31:50      epoch  25  loss 1.6469  acc 0.3379  val_loss 1.6760  val_acc 0.2857
2026-04-09 12:31:51      epoch  26  loss 1.6754  acc 0.2896  val_loss 1.6613  val_acc 0.3312
2026-04-09 12:31:51      epoch  27  loss 1.6748  acc 0.3026  val_loss 1.9041  val_acc 0.2338
2026-04-09 12:31:52      epoch  28  loss 1.7350  acc 0.2853  val_loss 1.7370  val_acc 0.2922
2026-04-09 12:31:52      epoch  29  loss 1.6979  acc 0.2976  val_loss 1.7530  val_acc 0.2922
2026-04-09 12:31:53      epoch  30  loss 1.6956  acc 0.2990  val_loss 1.6954  val_acc 0.2987
2026-04-09 12:31:53      epoch  31  loss 1.6730  acc 0.3264  val_loss 1.6893  val_acc 0.2792
2026-04-09 12:31:54      epoch  32  loss 1.6672  acc 0.3069  val_loss 1.7107  val_acc 0.2922
2026-04-09 12:31:54      Early stopping at epoch 32
2026-04-09 12:31:54      User11 accuracy: 0.2579
2026-04-09 12:31:54    ─── LOSO fold: User12 (test=181, train=1582)
2026-04-09 12:31:55      epoch   1  loss 2.3965  acc 0.1060  val_loss 2.3799  val_acc 0.1329
2026-04-09 12:31:55      epoch   2  loss 2.3496  acc 0.1362  val_loss 2.2440  val_acc 0.1709
2026-04-09 12:31:56      epoch   3  loss 2.1664  acc 0.1798  val_loss 2.1687  val_acc 0.1519
2026-04-09 12:31:56      epoch   4  loss 2.0531  acc 0.1910  val_loss 2.0265  val_acc 0.1519
2026-04-09 12:31:57      epoch   5  loss 1.9696  acc 0.2149  val_loss 1.9324  val_acc 0.2342
2026-04-09 12:31:57      epoch   6  loss 1.8890  acc 0.2310  val_loss 1.8906  val_acc 0.2658
2026-04-09 12:31:58      epoch   7  loss 1.8966  acc 0.2135  val_loss 1.7855  val_acc 0.2785
2026-04-09 12:31:58      epoch   8  loss 1.9586  acc 0.2184  val_loss 1.8480  val_acc 0.2405
2026-04-09 12:31:59      epoch   9  loss 1.8963  acc 0.2114  val_loss 1.9070  val_acc 0.2025
2026-04-09 12:31:59      epoch  10  loss 1.8845  acc 0.2191  val_loss 1.8891  val_acc 0.2215
2026-04-09 12:32:00      epoch  11  loss 1.8498  acc 0.2219  val_loss 1.8610  val_acc 0.2342
2026-04-09 12:32:00      epoch  12  loss 1.8418  acc 0.2430  val_loss 1.7886  val_acc 0.2089
2026-04-09 12:32:01      epoch  13  loss 1.8137  acc 0.2275  val_loss 1.7969  val_acc 0.2532
2026-04-09 12:32:01      epoch  14  loss 1.7901  acc 0.2465  val_loss 1.7656  val_acc 0.2468
2026-04-09 12:32:02      epoch  15  loss 1.7637  acc 0.2647  val_loss 1.7482  val_acc 0.2911
2026-04-09 12:32:02      epoch  16  loss 1.7518  acc 0.2521  val_loss 1.7449  val_acc 0.2911
2026-04-09 12:32:03      epoch  17  loss 1.7309  acc 0.2858  val_loss 1.7437  val_acc 0.3101
2026-04-09 12:32:03      epoch  18  loss 1.7311  acc 0.3048  val_loss 1.6891  val_acc 0.3101
2026-04-09 12:32:04      epoch  19  loss 1.7010  acc 0.3146  val_loss 1.6797  val_acc 0.3101
2026-04-09 12:32:04      epoch  20  loss 1.7144  acc 0.3048  val_loss 1.6813  val_acc 0.3101
2026-04-09 12:32:05      epoch  21  loss 1.6783  acc 0.3104  val_loss 1.6661  val_acc 0.3291
2026-04-09 12:32:05      epoch  22  loss 1.6774  acc 0.3146  val_loss 1.7841  val_acc 0.3101
2026-04-09 12:32:06      epoch  23  loss 1.7164  acc 0.2928  val_loss 1.8001  val_acc 0.2722
2026-04-09 12:32:06      epoch  24  loss 1.7097  acc 0.2830  val_loss 1.6969  val_acc 0.2722
2026-04-09 12:32:07      epoch  25  loss 1.6864  acc 0.2914  val_loss 1.6631  val_acc 0.3165
2026-04-09 12:32:07      epoch  26  loss 1.6699  acc 0.2985  val_loss 1.5997  val_acc 0.3354
2026-04-09 12:32:08      epoch  27  loss 1.6537  acc 0.3153  val_loss 1.6499  val_acc 0.3354
2026-04-09 12:32:08      epoch  28  loss 1.6419  acc 0.3146  val_loss 1.6139  val_acc 0.3101
2026-04-09 12:32:09      epoch  29  loss 1.6750  acc 0.3188  val_loss 1.6443  val_acc 0.3165
2026-04-09 12:32:09      epoch  30  loss 1.6451  acc 0.3265  val_loss 1.6301  val_acc 0.3165
2026-04-09 12:32:10      epoch  31  loss 1.6097  acc 0.3406  val_loss 1.6139  val_acc 0.3481
2026-04-09 12:32:10      epoch  32  loss 1.6015  acc 0.3399  val_loss 1.6007  val_acc 0.3418
2026-04-09 12:32:11      epoch  33  loss 1.6117  acc 0.3329  val_loss 1.5969  val_acc 0.3734
2026-04-09 12:32:11      epoch  34  loss 1.5898  acc 0.3294  val_loss 1.5797  val_acc 0.3671
2026-04-09 12:32:12      epoch  35  loss 1.5824  acc 0.3350  val_loss 1.5824  val_acc 0.3734
2026-04-09 12:32:12      epoch  36  loss 1.6031  acc 0.3322  val_loss 1.5934  val_acc 0.3608
2026-04-09 12:32:13      epoch  37  loss 1.5888  acc 0.3336  val_loss 1.5707  val_acc 0.3734
2026-04-09 12:32:13      epoch  38  loss 1.5644  acc 0.3764  val_loss 1.5773  val_acc 0.3734
2026-04-09 12:32:14      epoch  39  loss 1.5553  acc 0.3673  val_loss 1.5651  val_acc 0.3734
2026-04-09 12:32:14      epoch  40  loss 1.5379  acc 0.3813  val_loss 1.5633  val_acc 0.3608
2026-04-09 12:32:15      epoch  41  loss 1.5333  acc 0.3729  val_loss 1.5902  val_acc 0.3608
2026-04-09 12:32:15      epoch  42  loss 1.5478  acc 0.3567  val_loss 1.5555  val_acc 0.3671
2026-04-09 12:32:16      epoch  43  loss 1.5264  acc 0.3778  val_loss 1.5820  val_acc 0.3924
2026-04-09 12:32:16      epoch  44  loss 1.5832  acc 0.3497  val_loss 1.5285  val_acc 0.3987
2026-04-09 12:32:17      epoch  45  loss 1.5461  acc 0.3694  val_loss 1.5662  val_acc 0.3671
2026-04-09 12:32:18      epoch  46  loss 1.5829  acc 0.3553  val_loss 1.5507  val_acc 0.3418
2026-04-09 12:32:18      epoch  47  loss 1.5941  acc 0.3392  val_loss 1.5591  val_acc 0.3038
2026-04-09 12:32:18      epoch  48  loss 1.5835  acc 0.3603  val_loss 1.5862  val_acc 0.3354
2026-04-09 12:32:19      epoch  49  loss 1.5664  acc 0.3462  val_loss 1.5262  val_acc 0.3608
2026-04-09 12:32:19      epoch  50  loss 1.5769  acc 0.3462  val_loss 1.5283  val_acc 0.3987
2026-04-09 12:32:20      epoch  51  loss 1.5496  acc 0.3588  val_loss 1.5188  val_acc 0.3987
2026-04-09 12:32:20      epoch  52  loss 1.5378  acc 0.3708  val_loss 1.5003  val_acc 0.4304
2026-04-09 12:32:21      epoch  53  loss 1.5244  acc 0.3827  val_loss 1.5137  val_acc 0.4051
2026-04-09 12:32:21      epoch  54  loss 1.5248  acc 0.3736  val_loss 1.5145  val_acc 0.4114
2026-04-09 12:32:22      epoch  55  loss 1.5269  acc 0.3743  val_loss 1.5236  val_acc 0.3924
2026-04-09 12:32:22      epoch  56  loss 1.5250  acc 0.3694  val_loss 1.5274  val_acc 0.3861
2026-04-09 12:32:23      epoch  57  loss 1.5299  acc 0.3750  val_loss 1.5306  val_acc 0.3734
2026-04-09 12:32:24      epoch  58  loss 1.5189  acc 0.4017  val_loss 1.5256  val_acc 0.3924
2026-04-09 12:32:24      epoch  59  loss 1.4984  acc 0.4066  val_loss 1.5505  val_acc 0.3544
2026-04-09 12:32:25      epoch  60  loss 1.5102  acc 0.3799  val_loss 1.5387  val_acc 0.3987
2026-04-09 12:32:25      Early stopping at epoch 60
2026-04-09 12:32:25      User12 accuracy: 0.4309
2026-04-09 12:32:25  
2026-04-09 12:32:25  Mean acc: 0.2993  Std: 0.0814
2026-04-09 12:32:25  
                            precision    recall  f1-score   support

         Sitting – Reading       0.34      0.36      0.35       170
         Sitting – Writing       0.23      0.11      0.15       189
         Computer – Typing       0.33      0.57      0.42       186
       Computer – Browsing       0.27      0.18      0.22       191
Sitting – Moving head/body       0.11      0.01      0.01       162
    Sitting – Moving chair       0.27      0.39      0.32       188
     Stand up from sitting       0.36      0.65      0.46       226
                  Standing       0.00      0.00      0.00       120
                   Walking       0.08      0.01      0.01       146
                   Running       0.30      0.70      0.42       141
             Taking stairs       0.00      0.00      0.00        44

                  accuracy                           0.31      1763
                 macro avg       0.21      0.27      0.21      1763
              weighted avg       0.24      0.31      0.25      1763

