2026-04-09 12:04:47  ========================================================================
2026-04-09 12:04:47  Modality: gyro  |  sensors: ['Gyroscope']  |  3 ch  |  window=300  overlap=0%  step=300
2026-04-09 12:04:47  Device: cuda:2  |  Log: /home/mahmudm2/codebase/ClassyGlass/scripts/benchmark/logs/sensor_gyro_W300_S300.log
2026-04-09 12:04:47  ========================================================================
2026-04-09 12:04:53  Loaded 4887 windows | sensors=['Gyroscope'] (3 ch) | window=300  step=300 | skipped=0 experiments
2026-04-09 12:04:54    ─── LOSO fold: User1 (test=283, train=4604)
2026-04-09 12:04:55      epoch   1  loss 2.3198  acc 0.1453  val_loss 2.1065  val_acc 0.1891
2026-04-09 12:04:57      epoch   2  loss 2.0124  acc 0.2034  val_loss 1.8972  val_acc 0.2739
2026-04-09 12:04:58      epoch   3  loss 1.8693  acc 0.2452  val_loss 1.8346  val_acc 0.2391
2026-04-09 12:05:00      epoch   4  loss 1.7963  acc 0.2531  val_loss 1.7375  val_acc 0.2739
2026-04-09 12:05:01      epoch   5  loss 1.7597  acc 0.2715  val_loss 1.6807  val_acc 0.2696
2026-04-09 12:05:03      epoch   6  loss 1.7180  acc 0.2876  val_loss 1.6901  val_acc 0.3043
2026-04-09 12:05:04      epoch   7  loss 1.7533  acc 0.2782  val_loss 1.7191  val_acc 0.2826
2026-04-09 12:05:05      epoch   8  loss 1.7098  acc 0.2852  val_loss 1.6853  val_acc 0.2848
2026-04-09 12:05:07      epoch   9  loss 1.7039  acc 0.2864  val_loss 1.7334  val_acc 0.2304
2026-04-09 12:05:08      epoch  10  loss 1.7432  acc 0.2758  val_loss 1.7283  val_acc 0.2717
2026-04-09 12:05:10      epoch  11  loss 1.7052  acc 0.2860  val_loss 1.6894  val_acc 0.3261
2026-04-09 12:05:11      epoch  12  loss 1.6671  acc 0.2922  val_loss 1.6656  val_acc 0.3087
2026-04-09 12:05:13      epoch  13  loss 1.6489  acc 0.3024  val_loss 1.6746  val_acc 0.3065
2026-04-09 12:05:14      epoch  14  loss 1.6493  acc 0.3021  val_loss 1.6479  val_acc 0.3261
2026-04-09 12:05:16      epoch  15  loss 1.6518  acc 0.3028  val_loss 1.6431  val_acc 0.3435
2026-04-09 12:05:17      epoch  16  loss 1.6511  acc 0.3012  val_loss 1.6640  val_acc 0.3196
2026-04-09 12:05:19      epoch  17  loss 1.6470  acc 0.3082  val_loss 1.6452  val_acc 0.3196
2026-04-09 12:05:20      epoch  18  loss 1.6325  acc 0.3055  val_loss 1.6419  val_acc 0.3130
2026-04-09 12:05:21      epoch  19  loss 1.6276  acc 0.3057  val_loss 1.6579  val_acc 0.3043
2026-04-09 12:05:23      epoch  20  loss 1.6185  acc 0.3171  val_loss 1.6417  val_acc 0.3217
2026-04-09 12:05:24      epoch  21  loss 1.6437  acc 0.3019  val_loss 1.6835  val_acc 0.3130
2026-04-09 12:05:26      epoch  22  loss 1.7132  acc 0.2802  val_loss 1.7131  val_acc 0.2717
2026-04-09 12:05:27      epoch  23  loss 1.6657  acc 0.3002  val_loss 1.6954  val_acc 0.2587
2026-04-09 12:05:28      epoch  24  loss 1.6732  acc 0.2881  val_loss 1.6466  val_acc 0.2957
2026-04-09 12:05:30      epoch  25  loss 1.6292  acc 0.3084  val_loss 1.6303  val_acc 0.3043
2026-04-09 12:05:31      epoch  26  loss 1.6329  acc 0.3091  val_loss 1.6352  val_acc 0.3348
2026-04-09 12:05:33      epoch  27  loss 1.6307  acc 0.3012  val_loss 1.6377  val_acc 0.3109
2026-04-09 12:05:35      epoch  28  loss 1.6356  acc 0.3127  val_loss 1.6389  val_acc 0.3326
2026-04-09 12:05:36      epoch  29  loss 1.6635  acc 0.3041  val_loss 1.6357  val_acc 0.3130
2026-04-09 12:05:37      epoch  30  loss 1.6240  acc 0.3139  val_loss 1.6757  val_acc 0.2870
2026-04-09 12:05:39      epoch  31  loss 1.6426  acc 0.3016  val_loss 1.6349  val_acc 0.3022
2026-04-09 12:05:40      epoch  32  loss 1.6180  acc 0.3193  val_loss 1.6222  val_acc 0.3217
2026-04-09 12:05:42      epoch  33  loss 1.6037  acc 0.3255  val_loss 1.6191  val_acc 0.3109
2026-04-09 12:05:43      epoch  34  loss 1.6092  acc 0.3113  val_loss 1.6213  val_acc 0.3087
2026-04-09 12:05:44      epoch  35  loss 1.5932  acc 0.3234  val_loss 1.6272  val_acc 0.3196
2026-04-09 12:05:46      epoch  36  loss 1.6077  acc 0.3168  val_loss 1.6347  val_acc 0.3261
2026-04-09 12:05:48      epoch  37  loss 1.5983  acc 0.3168  val_loss 1.6183  val_acc 0.3217
2026-04-09 12:05:49      epoch  38  loss 1.5956  acc 0.3234  val_loss 1.6293  val_acc 0.3087
2026-04-09 12:05:51      epoch  39  loss 1.6034  acc 0.3238  val_loss 1.6377  val_acc 0.2978
2026-04-09 12:05:52      epoch  40  loss 1.6068  acc 0.3069  val_loss 1.6246  val_acc 0.3000
2026-04-09 12:05:53      epoch  41  loss 1.5963  acc 0.3361  val_loss 1.6201  val_acc 0.3174
2026-04-09 12:05:55      epoch  42  loss 1.6034  acc 0.3217  val_loss 1.6109  val_acc 0.3174
2026-04-09 12:05:56      epoch  43  loss 1.6029  acc 0.3181  val_loss 1.6142  val_acc 0.3174
2026-04-09 12:05:58      epoch  44  loss 1.5988  acc 0.3219  val_loss 1.6094  val_acc 0.3065
2026-04-09 12:05:59      epoch  45  loss 1.5930  acc 0.3147  val_loss 1.6181  val_acc 0.3065
2026-04-09 12:06:00      epoch  46  loss 1.5925  acc 0.3277  val_loss 1.6122  val_acc 0.3130
2026-04-09 12:06:02      epoch  47  loss 1.5831  acc 0.3253  val_loss 1.6163  val_acc 0.3130
2026-04-09 12:06:04      epoch  48  loss 1.5989  acc 0.3142  val_loss 1.6586  val_acc 0.3065
2026-04-09 12:06:05      epoch  49  loss 1.6049  acc 0.3168  val_loss 1.6171  val_acc 0.3196
2026-04-09 12:06:07      epoch  50  loss 1.5934  acc 0.3279  val_loss 1.6144  val_acc 0.2978
2026-04-09 12:06:08      epoch  51  loss 1.5892  acc 0.3217  val_loss 1.6153  val_acc 0.3304
2026-04-09 12:06:09      epoch  52  loss 1.5827  acc 0.3311  val_loss 1.6107  val_acc 0.3217
2026-04-09 12:06:09      Early stopping at epoch 52
2026-04-09 12:06:10      User1 accuracy: 0.2686
2026-04-09 12:06:10    ─── LOSO fold: User2 (test=260, train=4627)
2026-04-09 12:06:12      epoch   1  loss 2.3364  acc 0.1345  val_loss 2.1130  val_acc 0.1948
2026-04-09 12:06:13      epoch   2  loss 2.0209  acc 0.2026  val_loss 2.1394  val_acc 0.2100
2026-04-09 12:06:14      epoch   3  loss 1.9042  acc 0.2255  val_loss 1.8397  val_acc 0.2338
2026-04-09 12:06:16      epoch   4  loss 1.8885  acc 0.2348  val_loss 1.8385  val_acc 0.1797
2026-04-09 12:06:17      epoch   5  loss 1.8400  acc 0.2384  val_loss 1.7655  val_acc 0.2381
2026-04-09 12:06:18      epoch   6  loss 1.7940  acc 0.2550  val_loss 1.7517  val_acc 0.2511
2026-04-09 12:06:20      epoch   7  loss 1.7706  acc 0.2749  val_loss 1.9032  val_acc 0.2294
2026-04-09 12:06:21      epoch   8  loss 1.7562  acc 0.2764  val_loss 1.7699  val_acc 0.2771
2026-04-09 12:06:23      epoch   9  loss 1.7377  acc 0.2816  val_loss 1.6899  val_acc 0.2359
2026-04-09 12:06:24      epoch  10  loss 1.7118  acc 0.2773  val_loss 1.6650  val_acc 0.3052
2026-04-09 12:06:26      epoch  11  loss 1.7043  acc 0.2948  val_loss 1.6813  val_acc 0.2987
2026-04-09 12:06:27      epoch  12  loss 1.6970  acc 0.2881  val_loss 1.6636  val_acc 0.3225
2026-04-09 12:06:28      epoch  13  loss 1.6881  acc 0.2958  val_loss 1.6599  val_acc 0.2792
2026-04-09 12:06:30      epoch  14  loss 1.6928  acc 0.2869  val_loss 1.6816  val_acc 0.2684
2026-04-09 12:06:31      epoch  15  loss 1.6820  acc 0.3001  val_loss 1.7105  val_acc 0.2749
2026-04-09 12:06:33      epoch  16  loss 1.6787  acc 0.2951  val_loss 1.6895  val_acc 0.2987
2026-04-09 12:06:34      epoch  17  loss 1.6974  acc 0.3083  val_loss 1.6871  val_acc 0.3052
2026-04-09 12:06:36      epoch  18  loss 1.7864  acc 0.2670  val_loss 1.6901  val_acc 0.2749
2026-04-09 12:06:37      epoch  19  loss 1.7155  acc 0.2867  val_loss 1.6588  val_acc 0.2965
2026-04-09 12:06:39      epoch  20  loss 1.6712  acc 0.3124  val_loss 1.6724  val_acc 0.2857
2026-04-09 12:06:41      epoch  21  loss 1.6605  acc 0.3114  val_loss 1.6473  val_acc 0.2922
2026-04-09 12:06:42      epoch  22  loss 1.6533  acc 0.3066  val_loss 1.6535  val_acc 0.2987
2026-04-09 12:06:44      epoch  23  loss 1.6527  acc 0.3044  val_loss 1.6284  val_acc 0.3095
2026-04-09 12:06:45      epoch  24  loss 1.6405  acc 0.3164  val_loss 1.6357  val_acc 0.3074
2026-04-09 12:06:46      epoch  25  loss 1.6371  acc 0.3083  val_loss 1.6244  val_acc 0.3247
2026-04-09 12:06:48      epoch  26  loss 1.6310  acc 0.3150  val_loss 1.6495  val_acc 0.3160
2026-04-09 12:06:49      epoch  27  loss 1.6441  acc 0.3119  val_loss 1.6428  val_acc 0.3074
2026-04-09 12:06:51      epoch  28  loss 1.6401  acc 0.3179  val_loss 1.6208  val_acc 0.3290
2026-04-09 12:06:53      epoch  29  loss 1.6394  acc 0.3236  val_loss 1.6293  val_acc 0.3203
2026-04-09 12:06:54      epoch  30  loss 1.6313  acc 0.3150  val_loss 1.5996  val_acc 0.3247
2026-04-09 12:06:55      epoch  31  loss 1.6269  acc 0.3212  val_loss 1.6083  val_acc 0.3139
2026-04-09 12:06:57      epoch  32  loss 1.6200  acc 0.3323  val_loss 1.6047  val_acc 0.3182
2026-04-09 12:06:58      epoch  33  loss 1.6093  acc 0.3261  val_loss 1.6023  val_acc 0.3290
2026-04-09 12:07:00      epoch  34  loss 1.6102  acc 0.3253  val_loss 1.6186  val_acc 0.2987
2026-04-09 12:07:01      epoch  35  loss 1.6108  acc 0.3253  val_loss 1.6093  val_acc 0.3247
2026-04-09 12:07:03      epoch  36  loss 1.6015  acc 0.3287  val_loss 1.5987  val_acc 0.3074
2026-04-09 12:07:04      epoch  37  loss 1.6002  acc 0.3328  val_loss 1.5954  val_acc 0.3182
2026-04-09 12:07:06      epoch  38  loss 1.6045  acc 0.3265  val_loss 1.5978  val_acc 0.3268
2026-04-09 12:07:07      epoch  39  loss 1.5993  acc 0.3265  val_loss 1.6062  val_acc 0.3225
2026-04-09 12:07:08      epoch  40  loss 1.5972  acc 0.3294  val_loss 1.5937  val_acc 0.3290
2026-04-09 12:07:10      epoch  41  loss 1.5989  acc 0.3217  val_loss 1.5904  val_acc 0.3290
2026-04-09 12:07:12      epoch  42  loss 1.5899  acc 0.3277  val_loss 1.5923  val_acc 0.3225
2026-04-09 12:07:13      epoch  43  loss 1.5904  acc 0.3354  val_loss 1.5951  val_acc 0.3160
2026-04-09 12:07:14      epoch  44  loss 1.5906  acc 0.3395  val_loss 1.5878  val_acc 0.3160
2026-04-09 12:07:16      epoch  45  loss 1.5846  acc 0.3352  val_loss 1.5913  val_acc 0.3225
2026-04-09 12:07:17      epoch  46  loss 1.5827  acc 0.3313  val_loss 1.5958  val_acc 0.3074
2026-04-09 12:07:18      epoch  47  loss 1.5834  acc 0.3407  val_loss 1.5906  val_acc 0.3182
2026-04-09 12:07:20      epoch  48  loss 1.5702  acc 0.3433  val_loss 1.5861  val_acc 0.3247
2026-04-09 12:07:21      epoch  49  loss 1.5750  acc 0.3289  val_loss 1.6018  val_acc 0.3268
2026-04-09 12:07:23      epoch  50  loss 1.5818  acc 0.3347  val_loss 1.5955  val_acc 0.3225
2026-04-09 12:07:24      epoch  51  loss 1.5799  acc 0.3335  val_loss 1.5834  val_acc 0.3312
2026-04-09 12:07:26      epoch  52  loss 1.5753  acc 0.3359  val_loss 1.5904  val_acc 0.3333
2026-04-09 12:07:27      epoch  53  loss 1.5782  acc 0.3407  val_loss 1.5901  val_acc 0.3268
2026-04-09 12:07:29      epoch  54  loss 1.6527  acc 0.3121  val_loss 1.6388  val_acc 0.2900
2026-04-09 12:07:30      epoch  55  loss 1.6229  acc 0.3246  val_loss 1.6062  val_acc 0.3377
2026-04-09 12:07:32      epoch  56  loss 1.5948  acc 0.3321  val_loss 1.5842  val_acc 0.3268
2026-04-09 12:07:33      epoch  57  loss 1.5853  acc 0.3383  val_loss 1.5793  val_acc 0.3420
2026-04-09 12:07:35      epoch  58  loss 1.5829  acc 0.3337  val_loss 1.5783  val_acc 0.3290
2026-04-09 12:07:36      epoch  59  loss 1.5796  acc 0.3445  val_loss 1.5778  val_acc 0.3160
2026-04-09 12:07:37      epoch  60  loss 1.5729  acc 0.3373  val_loss 1.5781  val_acc 0.3225
2026-04-09 12:07:39      epoch  61  loss 1.5710  acc 0.3381  val_loss 1.5733  val_acc 0.3290
2026-04-09 12:07:40      epoch  62  loss 1.5631  acc 0.3465  val_loss 1.5741  val_acc 0.3247
2026-04-09 12:07:42      epoch  63  loss 1.5660  acc 0.3431  val_loss 1.5827  val_acc 0.3312
2026-04-09 12:07:43      epoch  64  loss 1.5718  acc 0.3457  val_loss 1.5717  val_acc 0.3290
2026-04-09 12:07:45      epoch  65  loss 1.5638  acc 0.3369  val_loss 1.5816  val_acc 0.3290
2026-04-09 12:07:46      epoch  66  loss 1.5674  acc 0.3412  val_loss 1.5665  val_acc 0.3333
2026-04-09 12:07:48      epoch  67  loss 1.5595  acc 0.3467  val_loss 1.5832  val_acc 0.3377
2026-04-09 12:07:49      epoch  68  loss 1.5608  acc 0.3395  val_loss 1.5805  val_acc 0.3333
2026-04-09 12:07:50      epoch  69  loss 1.5575  acc 0.3402  val_loss 1.5792  val_acc 0.3225
2026-04-09 12:07:52      epoch  70  loss 1.5597  acc 0.3395  val_loss 1.5821  val_acc 0.3333
2026-04-09 12:07:53      epoch  71  loss 1.5548  acc 0.3455  val_loss 1.5742  val_acc 0.3377
2026-04-09 12:07:55      epoch  72  loss 1.5570  acc 0.3457  val_loss 1.5719  val_acc 0.3485
2026-04-09 12:07:56      epoch  73  loss 1.5566  acc 0.3453  val_loss 1.5767  val_acc 0.3355
2026-04-09 12:07:58      epoch  74  loss 1.5589  acc 0.3513  val_loss 1.5766  val_acc 0.3333
2026-04-09 12:07:58      Early stopping at epoch 74
2026-04-09 12:07:58      User2 accuracy: 0.3462
2026-04-09 12:07:58    ─── LOSO fold: User3 (test=257, train=4630)
2026-04-09 12:08:00      epoch   1  loss 2.3185  acc 0.1428  val_loss 2.0672  val_acc 0.1987
2026-04-09 12:08:02      epoch   2  loss 1.9968  acc 0.2076  val_loss 1.8968  val_acc 0.2225
2026-04-09 12:08:03      epoch   3  loss 1.9476  acc 0.2198  val_loss 1.8276  val_acc 0.2657
2026-04-09 12:08:05      epoch   4  loss 1.8627  acc 0.2486  val_loss 1.7703  val_acc 0.2829
2026-04-09 12:08:06      epoch   5  loss 1.9208  acc 0.2160  val_loss 1.8641  val_acc 0.2225
2026-04-09 12:08:08      epoch   6  loss 1.8526  acc 0.2501  val_loss 1.7932  val_acc 0.2851
2026-04-09 12:08:09      epoch   7  loss 1.7902  acc 0.2637  val_loss 1.7329  val_acc 0.2743
2026-04-09 12:08:11      epoch   8  loss 1.7414  acc 0.2841  val_loss 1.7468  val_acc 0.2808
2026-04-09 12:08:12      epoch   9  loss 1.7432  acc 0.2760  val_loss 1.7102  val_acc 0.2808
2026-04-09 12:08:14      epoch  10  loss 1.8395  acc 0.2513  val_loss 1.7668  val_acc 0.2743
2026-04-09 12:08:15      epoch  11  loss 1.7596  acc 0.2779  val_loss 1.7237  val_acc 0.2959
2026-04-09 12:08:17      epoch  12  loss 1.7588  acc 0.2774  val_loss 1.7039  val_acc 0.2959
2026-04-09 12:08:18      epoch  13  loss 1.7247  acc 0.2870  val_loss 1.8900  val_acc 0.2765
2026-04-09 12:08:20      epoch  14  loss 1.8070  acc 0.2553  val_loss 1.7061  val_acc 0.2916
2026-04-09 12:08:21      epoch  15  loss 1.7099  acc 0.2935  val_loss 1.6867  val_acc 0.2981
2026-04-09 12:08:23      epoch  16  loss 1.6954  acc 0.3031  val_loss 1.6833  val_acc 0.2916
2026-04-09 12:08:24      epoch  17  loss 1.6857  acc 0.3057  val_loss 1.6901  val_acc 0.3024
2026-04-09 12:08:26      epoch  18  loss 1.6834  acc 0.2993  val_loss 1.7146  val_acc 0.2678
2026-04-09 12:08:27      epoch  19  loss 1.6872  acc 0.2841  val_loss 1.6731  val_acc 0.2937
2026-04-09 12:08:29      epoch  20  loss 1.6778  acc 0.3014  val_loss 1.6764  val_acc 0.2959
2026-04-09 12:08:31      epoch  21  loss 1.6677  acc 0.3017  val_loss 1.6724  val_acc 0.2959
2026-04-09 12:08:32      epoch  22  loss 1.6711  acc 0.3021  val_loss 1.6718  val_acc 0.3218
2026-04-09 12:08:34      epoch  23  loss 1.6834  acc 0.2837  val_loss 1.6843  val_acc 0.2937
2026-04-09 12:08:35      epoch  24  loss 1.6720  acc 0.2981  val_loss 1.6891  val_acc 0.2873
2026-04-09 12:08:36      epoch  25  loss 1.6996  acc 0.2885  val_loss 1.6775  val_acc 0.3153
2026-04-09 12:08:38      epoch  26  loss 1.6806  acc 0.2940  val_loss 1.6646  val_acc 0.3089
2026-04-09 12:08:39      epoch  27  loss 1.6538  acc 0.3132  val_loss 1.6579  val_acc 0.3002
2026-04-09 12:08:41      epoch  28  loss 1.6441  acc 0.3153  val_loss 1.6331  val_acc 0.3002
2026-04-09 12:08:42      epoch  29  loss 1.6486  acc 0.3194  val_loss 1.6308  val_acc 0.3175
2026-04-09 12:08:43      epoch  30  loss 1.6419  acc 0.3165  val_loss 1.6606  val_acc 0.2873
2026-04-09 12:08:45      epoch  31  loss 1.6606  acc 0.3057  val_loss 1.6437  val_acc 0.3024
2026-04-09 12:08:46      epoch  32  loss 1.6447  acc 0.3036  val_loss 1.6859  val_acc 0.3045
2026-04-09 12:08:48      epoch  33  loss 1.6630  acc 0.3053  val_loss 1.6424  val_acc 0.3218
2026-04-09 12:08:49      epoch  34  loss 1.6378  acc 0.3065  val_loss 1.6271  val_acc 0.3175
2026-04-09 12:08:51      epoch  35  loss 1.6262  acc 0.3182  val_loss 1.6350  val_acc 0.3110
2026-04-09 12:08:52      epoch  36  loss 1.6232  acc 0.3290  val_loss 1.6388  val_acc 0.3197
2026-04-09 12:08:54      epoch  37  loss 1.6270  acc 0.3163  val_loss 1.6117  val_acc 0.3305
2026-04-09 12:08:55      epoch  38  loss 1.6234  acc 0.3117  val_loss 1.6049  val_acc 0.3175
2026-04-09 12:08:57      epoch  39  loss 1.6065  acc 0.3204  val_loss 1.5922  val_acc 0.3391
2026-04-09 12:08:58      epoch  40  loss 1.6047  acc 0.3182  val_loss 1.5916  val_acc 0.3369
2026-04-09 12:09:00      epoch  41  loss 1.6049  acc 0.3264  val_loss 1.6200  val_acc 0.3218
2026-04-09 12:09:01      epoch  42  loss 1.6197  acc 0.3182  val_loss 1.6220  val_acc 0.3348
2026-04-09 12:09:02      epoch  43  loss 1.6074  acc 0.3285  val_loss 1.6274  val_acc 0.3132
2026-04-09 12:09:04      epoch  44  loss 1.6035  acc 0.3365  val_loss 1.5891  val_acc 0.3456
2026-04-09 12:09:05      epoch  45  loss 1.5791  acc 0.3465  val_loss 1.6160  val_acc 0.3348
2026-04-09 12:09:07      epoch  46  loss 1.6086  acc 0.3175  val_loss 1.5912  val_acc 0.3456
2026-04-09 12:09:08      epoch  47  loss 1.5899  acc 0.3350  val_loss 1.5930  val_acc 0.3434
2026-04-09 12:09:10      epoch  48  loss 1.5785  acc 0.3427  val_loss 1.5833  val_acc 0.3585
2026-04-09 12:09:11      epoch  49  loss 1.5782  acc 0.3413  val_loss 1.5867  val_acc 0.3737
2026-04-09 12:09:12      epoch  50  loss 1.5645  acc 0.3449  val_loss 1.5790  val_acc 0.3888
2026-04-09 12:09:14      epoch  51  loss 1.5564  acc 0.3487  val_loss 1.5825  val_acc 0.3564
2026-04-09 12:09:15      epoch  52  loss 1.5810  acc 0.3372  val_loss 1.6416  val_acc 0.3585
2026-04-09 12:09:17      epoch  53  loss 1.5699  acc 0.3389  val_loss 1.5588  val_acc 0.3888
2026-04-09 12:09:18      epoch  54  loss 1.5451  acc 0.3542  val_loss 1.5456  val_acc 0.3974
2026-04-09 12:09:20      epoch  55  loss 1.5414  acc 0.3653  val_loss 1.5451  val_acc 0.3823
2026-04-09 12:09:21      epoch  56  loss 1.5214  acc 0.3667  val_loss 1.5185  val_acc 0.3823
2026-04-09 12:09:23      epoch  57  loss 1.5279  acc 0.3643  val_loss 1.5461  val_acc 0.3931
2026-04-09 12:09:25      epoch  58  loss 1.5291  acc 0.3535  val_loss 1.5573  val_acc 0.3672
2026-04-09 12:09:26      epoch  59  loss 1.5193  acc 0.3698  val_loss 1.5504  val_acc 0.3801
2026-04-09 12:09:28      epoch  60  loss 1.5446  acc 0.3504  val_loss 1.5349  val_acc 0.3715
2026-04-09 12:09:29      epoch  61  loss 1.5205  acc 0.3549  val_loss 1.5448  val_acc 0.3758
2026-04-09 12:09:30      epoch  62  loss 1.5038  acc 0.3619  val_loss 1.4998  val_acc 0.3758
2026-04-09 12:09:32      epoch  63  loss 1.4732  acc 0.3828  val_loss 1.5012  val_acc 0.3974
2026-04-09 12:09:33      epoch  64  loss 1.4793  acc 0.3892  val_loss 1.4767  val_acc 0.3952
2026-04-09 12:09:35      epoch  65  loss 1.4683  acc 0.3873  val_loss 1.4689  val_acc 0.3996
2026-04-09 12:09:36      epoch  66  loss 1.4666  acc 0.3856  val_loss 1.4949  val_acc 0.3952
2026-04-09 12:09:37      epoch  67  loss 1.4897  acc 0.3842  val_loss 1.4873  val_acc 0.3888
2026-04-09 12:09:39      epoch  68  loss 1.4661  acc 0.3936  val_loss 1.4907  val_acc 0.3952
2026-04-09 12:09:40      epoch  69  loss 1.4587  acc 0.3940  val_loss 1.4578  val_acc 0.4082
2026-04-09 12:09:42      epoch  70  loss 1.4524  acc 0.3979  val_loss 1.4795  val_acc 0.3866
2026-04-09 12:09:43      epoch  71  loss 1.4522  acc 0.3933  val_loss 1.4779  val_acc 0.3844
2026-04-09 12:09:45      epoch  72  loss 1.4685  acc 0.3885  val_loss 1.4874  val_acc 0.3823
2026-04-09 12:09:46      epoch  73  loss 1.4571  acc 0.3938  val_loss 1.4673  val_acc 0.3952
2026-04-09 12:09:47      epoch  74  loss 1.4557  acc 0.3936  val_loss 1.4682  val_acc 0.4082
2026-04-09 12:09:49      epoch  75  loss 1.4498  acc 0.3938  val_loss 1.4774  val_acc 0.4233
2026-04-09 12:09:50      epoch  76  loss 1.4337  acc 0.3974  val_loss 1.4701  val_acc 0.4017
2026-04-09 12:09:52      epoch  77  loss 1.4344  acc 0.4017  val_loss 1.4545  val_acc 0.4125
2026-04-09 12:09:53      epoch  78  loss 1.4260  acc 0.4000  val_loss 1.4572  val_acc 0.4082
2026-04-09 12:09:55      epoch  79  loss 1.4239  acc 0.4072  val_loss 1.4674  val_acc 0.3952
2026-04-09 12:09:56      epoch  80  loss 1.4218  acc 0.4065  val_loss 1.4561  val_acc 0.4168
2026-04-09 12:09:58      epoch  81  loss 1.4222  acc 0.4008  val_loss 1.4748  val_acc 0.4060
2026-04-09 12:09:59      epoch  82  loss 1.4091  acc 0.4101  val_loss 1.4677  val_acc 0.4017
2026-04-09 12:10:01      epoch  83  loss 1.4135  acc 0.4099  val_loss 1.4679  val_acc 0.4017
2026-04-09 12:10:02      epoch  84  loss 1.4073  acc 0.4123  val_loss 1.4625  val_acc 0.4039
2026-04-09 12:10:04      epoch  85  loss 1.4065  acc 0.4087  val_loss 1.4756  val_acc 0.3888
2026-04-09 12:10:04      Early stopping at epoch 85
2026-04-09 12:10:04      User3 accuracy: 0.4241
2026-04-09 12:10:04    ─── LOSO fold: User4 (test=274, train=4613)
2026-04-09 12:10:06      epoch   1  loss 2.3373  acc 0.1404  val_loss 2.0567  val_acc 0.2039
2026-04-09 12:10:07      epoch   2  loss 2.0342  acc 0.1958  val_loss 1.9115  val_acc 0.2473
2026-04-09 12:10:09      epoch   3  loss 1.8907  acc 0.2423  val_loss 1.7961  val_acc 0.2495
2026-04-09 12:10:10      epoch   4  loss 1.8088  acc 0.2702  val_loss 2.0308  val_acc 0.2451
2026-04-09 12:10:12      epoch   5  loss 1.8374  acc 0.2628  val_loss 1.7296  val_acc 0.2820
2026-04-09 12:10:13      epoch   6  loss 1.7627  acc 0.2758  val_loss 1.6911  val_acc 0.3059
2026-04-09 12:10:15      epoch   7  loss 1.7332  acc 0.2890  val_loss 1.7018  val_acc 0.2863
2026-04-09 12:10:16      epoch   8  loss 1.7156  acc 0.2921  val_loss 1.6621  val_acc 0.2950
2026-04-09 12:10:17      epoch   9  loss 1.7012  acc 0.2934  val_loss 1.6772  val_acc 0.3015
2026-04-09 12:10:19      epoch  10  loss 1.7139  acc 0.2921  val_loss 1.7253  val_acc 0.3189
2026-04-09 12:10:20      epoch  11  loss 1.8320  acc 0.2534  val_loss 1.7180  val_acc 0.3210
2026-04-09 12:10:22      epoch  12  loss 1.7354  acc 0.2828  val_loss 1.6619  val_acc 0.2993
2026-04-09 12:10:23      epoch  13  loss 1.7027  acc 0.3032  val_loss 1.7013  val_acc 0.2928
2026-04-09 12:10:25      epoch  14  loss 1.7177  acc 0.2900  val_loss 1.6626  val_acc 0.2907
2026-04-09 12:10:26      epoch  15  loss 1.6901  acc 0.3003  val_loss 1.6305  val_acc 0.3210
2026-04-09 12:10:28      epoch  16  loss 1.7125  acc 0.2996  val_loss 1.6547  val_acc 0.3015
2026-04-09 12:10:29      epoch  17  loss 1.6789  acc 0.3025  val_loss 1.6210  val_acc 0.3167
2026-04-09 12:10:31      epoch  18  loss 1.6595  acc 0.3102  val_loss 1.6471  val_acc 0.3232
2026-04-09 12:10:32      epoch  19  loss 1.6634  acc 0.3117  val_loss 1.6316  val_acc 0.3059
2026-04-09 12:10:33      epoch  20  loss 1.6586  acc 0.3023  val_loss 1.6219  val_acc 0.3167
2026-04-09 12:10:35      epoch  21  loss 1.6465  acc 0.3196  val_loss 1.6488  val_acc 0.3015
2026-04-09 12:10:37      epoch  22  loss 1.6602  acc 0.3194  val_loss 1.6490  val_acc 0.3210
2026-04-09 12:10:38      epoch  23  loss 1.6571  acc 0.3061  val_loss 1.6214  val_acc 0.3297
2026-04-09 12:10:40      epoch  24  loss 1.6349  acc 0.3309  val_loss 1.6257  val_acc 0.3210
2026-04-09 12:10:41      epoch  25  loss 1.6289  acc 0.3223  val_loss 1.6171  val_acc 0.3102
2026-04-09 12:10:43      epoch  26  loss 1.6185  acc 0.3261  val_loss 1.6133  val_acc 0.3124
2026-04-09 12:10:44      epoch  27  loss 1.6217  acc 0.3230  val_loss 1.6152  val_acc 0.2993
2026-04-09 12:10:46      epoch  28  loss 1.6164  acc 0.3211  val_loss 1.6329  val_acc 0.3124
2026-04-09 12:10:47      epoch  29  loss 1.6127  acc 0.3300  val_loss 1.6252  val_acc 0.3037
2026-04-09 12:10:49      epoch  30  loss 1.6292  acc 0.3211  val_loss 1.6227  val_acc 0.3102
2026-04-09 12:10:50      epoch  31  loss 1.6156  acc 0.3273  val_loss 1.5872  val_acc 0.3275
2026-04-09 12:10:52      epoch  32  loss 1.6084  acc 0.3353  val_loss 1.6002  val_acc 0.3384
2026-04-09 12:10:53      epoch  33  loss 1.6104  acc 0.3316  val_loss 1.5900  val_acc 0.3492
2026-04-09 12:10:54      epoch  34  loss 1.5959  acc 0.3329  val_loss 1.5904  val_acc 0.3189
2026-04-09 12:10:56      epoch  35  loss 1.5865  acc 0.3374  val_loss 1.5930  val_acc 0.3275
2026-04-09 12:10:57      epoch  36  loss 1.6007  acc 0.3304  val_loss 1.5985  val_acc 0.3319
2026-04-09 12:10:59      epoch  37  loss 1.5829  acc 0.3442  val_loss 1.5951  val_acc 0.3232
2026-04-09 12:11:00      epoch  38  loss 1.5831  acc 0.3410  val_loss 1.5891  val_acc 0.3275
2026-04-09 12:11:02      epoch  39  loss 1.5805  acc 0.3372  val_loss 1.5895  val_acc 0.3254
2026-04-09 12:11:02      Early stopping at epoch 39
2026-04-09 12:11:02      User4 accuracy: 0.3248
2026-04-09 12:11:03    ─── LOSO fold: User5 (test=270, train=4617)
2026-04-09 12:11:04      epoch   1  loss 2.3403  acc 0.1335  val_loss 2.1009  val_acc 0.1692
2026-04-09 12:11:05      epoch   2  loss 1.9935  acc 0.2122  val_loss 1.8249  val_acc 0.2560
2026-04-09 12:11:07      epoch   3  loss 1.9154  acc 0.2308  val_loss 1.8480  val_acc 0.2603
2026-04-09 12:11:08      epoch   4  loss 1.8473  acc 0.2404  val_loss 1.7239  val_acc 0.2863
2026-04-09 12:11:10      epoch   5  loss 1.8576  acc 0.2397  val_loss 1.7457  val_acc 0.2972
2026-04-09 12:11:12      epoch   6  loss 1.7889  acc 0.2591  val_loss 1.6949  val_acc 0.2993
2026-04-09 12:11:13      epoch   7  loss 1.7400  acc 0.2810  val_loss 1.7045  val_acc 0.2842
2026-04-09 12:11:15      epoch   8  loss 1.7388  acc 0.2796  val_loss 1.7012  val_acc 0.3254
2026-04-09 12:11:16      epoch   9  loss 1.7413  acc 0.2827  val_loss 1.6942  val_acc 0.3037
2026-04-09 12:11:18      epoch  10  loss 1.7089  acc 0.2921  val_loss 1.6937  val_acc 0.2972
2026-04-09 12:11:20      epoch  11  loss 1.7009  acc 0.2984  val_loss 1.7734  val_acc 0.2885
2026-04-09 12:11:21      epoch  12  loss 1.7334  acc 0.2875  val_loss 1.6902  val_acc 0.2907
2026-04-09 12:11:23      epoch  13  loss 1.7151  acc 0.2945  val_loss 1.6541  val_acc 0.3384
2026-04-09 12:11:25      epoch  14  loss 1.7003  acc 0.2902  val_loss 1.6490  val_acc 0.3210
2026-04-09 12:11:26      epoch  15  loss 1.7250  acc 0.2863  val_loss 1.7004  val_acc 0.2972
2026-04-09 12:11:28      epoch  16  loss 1.7204  acc 0.2952  val_loss 1.7035  val_acc 0.2993
2026-04-09 12:11:29      epoch  17  loss 1.7037  acc 0.2976  val_loss 1.6697  val_acc 0.3384
2026-04-09 12:11:31      epoch  18  loss 1.7049  acc 0.2955  val_loss 1.6972  val_acc 0.2993
2026-04-09 12:11:32      epoch  19  loss 1.6819  acc 0.3034  val_loss 1.6668  val_acc 0.2972
2026-04-09 12:11:34      epoch  20  loss 1.6678  acc 0.3017  val_loss 1.6509  val_acc 0.3059
2026-04-09 12:11:35      epoch  21  loss 1.6534  acc 0.3157  val_loss 1.6491  val_acc 0.3275
2026-04-09 12:11:37      epoch  22  loss 1.6578  acc 0.2988  val_loss 1.6791  val_acc 0.2863
2026-04-09 12:11:37      Early stopping at epoch 22
2026-04-09 12:11:37      User5 accuracy: 0.2778
2026-04-09 12:11:37    ─── LOSO fold: User6 (test=262, train=4625)
2026-04-09 12:11:39      epoch   1  loss 2.3295  acc 0.1300  val_loss 2.1276  val_acc 0.1991
2026-04-09 12:11:40      epoch   2  loss 2.0380  acc 0.2054  val_loss 1.9600  val_acc 0.1926
2026-04-09 12:11:42      epoch   3  loss 1.8899  acc 0.2412  val_loss 1.7905  val_acc 0.2792
2026-04-09 12:11:43      epoch   4  loss 1.8826  acc 0.2284  val_loss 1.9164  val_acc 0.2338
2026-04-09 12:11:45      epoch   5  loss 1.8365  acc 0.2582  val_loss 1.7387  val_acc 0.2900
2026-04-09 12:11:46      epoch   6  loss 1.7811  acc 0.2676  val_loss 1.7117  val_acc 0.2879
2026-04-09 12:11:48      epoch   7  loss 1.7475  acc 0.2789  val_loss 1.7630  val_acc 0.2554
2026-04-09 12:11:49      epoch   8  loss 1.7860  acc 0.2575  val_loss 1.7738  val_acc 0.3030
2026-04-09 12:11:51      epoch   9  loss 1.8855  acc 0.2558  val_loss 1.7370  val_acc 0.3095
2026-04-09 12:11:52      epoch  10  loss 1.7680  acc 0.2633  val_loss 1.8574  val_acc 0.2511
2026-04-09 12:11:54      epoch  11  loss 1.7493  acc 0.2868  val_loss 1.6961  val_acc 0.3074
2026-04-09 12:11:55      epoch  12  loss 1.7028  acc 0.2887  val_loss 1.6898  val_acc 0.3095
2026-04-09 12:11:57      epoch  13  loss 1.6809  acc 0.2976  val_loss 1.6756  val_acc 0.2965
2026-04-09 12:11:58      epoch  14  loss 1.6803  acc 0.3010  val_loss 1.6646  val_acc 0.3095
2026-04-09 12:12:00      epoch  15  loss 1.6960  acc 0.3027  val_loss 1.7011  val_acc 0.3095
2026-04-09 12:12:01      epoch  16  loss 1.6742  acc 0.2926  val_loss 1.7033  val_acc 0.3074
2026-04-09 12:12:02      epoch  17  loss 1.6775  acc 0.3041  val_loss 1.6727  val_acc 0.3377
2026-04-09 12:12:04      epoch  18  loss 1.6895  acc 0.3019  val_loss 1.6630  val_acc 0.3312
2026-04-09 12:12:05      epoch  19  loss 1.6654  acc 0.2981  val_loss 1.7289  val_acc 0.3095
2026-04-09 12:12:07      epoch  20  loss 1.6963  acc 0.2923  val_loss 1.6584  val_acc 0.3247
2026-04-09 12:12:08      epoch  21  loss 1.6671  acc 0.3022  val_loss 1.6748  val_acc 0.3290
2026-04-09 12:12:10      epoch  22  loss 1.6419  acc 0.3147  val_loss 1.6439  val_acc 0.3290
2026-04-09 12:12:11      epoch  23  loss 1.6698  acc 0.3111  val_loss 1.6887  val_acc 0.3095
2026-04-09 12:12:13      epoch  24  loss 1.6557  acc 0.3089  val_loss 1.6370  val_acc 0.3463
2026-04-09 12:12:14      epoch  25  loss 1.6282  acc 0.3154  val_loss 1.6339  val_acc 0.3398
2026-04-09 12:12:16      epoch  26  loss 1.6208  acc 0.3272  val_loss 1.6536  val_acc 0.3377
2026-04-09 12:12:17      epoch  27  loss 1.6129  acc 0.3262  val_loss 1.6613  val_acc 0.3550
2026-04-09 12:12:19      epoch  28  loss 1.6147  acc 0.3264  val_loss 1.6466  val_acc 0.3442
2026-04-09 12:12:20      epoch  29  loss 1.6160  acc 0.3267  val_loss 1.6285  val_acc 0.3528
2026-04-09 12:12:22      epoch  30  loss 1.6146  acc 0.3188  val_loss 1.6252  val_acc 0.3420
2026-04-09 12:12:23      epoch  31  loss 1.6007  acc 0.3317  val_loss 1.6007  val_acc 0.3506
2026-04-09 12:12:25      epoch  32  loss 1.6044  acc 0.3404  val_loss 1.5975  val_acc 0.3571
2026-04-09 12:12:26      epoch  33  loss 1.5888  acc 0.3325  val_loss 1.5985  val_acc 0.3528
2026-04-09 12:12:28      epoch  34  loss 1.5846  acc 0.3418  val_loss 1.5967  val_acc 0.3723
2026-04-09 12:12:30      epoch  35  loss 1.5841  acc 0.3406  val_loss 1.5968  val_acc 0.3766
2026-04-09 12:12:31      epoch  36  loss 1.6079  acc 0.3365  val_loss 1.5805  val_acc 0.3506
2026-04-09 12:12:33      epoch  37  loss 1.5855  acc 0.3332  val_loss 1.5773  val_acc 0.3788
2026-04-09 12:12:34      epoch  38  loss 1.5777  acc 0.3401  val_loss 1.5926  val_acc 0.3896
2026-04-09 12:12:35      epoch  39  loss 1.5754  acc 0.3329  val_loss 1.5478  val_acc 0.4242
2026-04-09 12:12:37      epoch  40  loss 1.5823  acc 0.3375  val_loss 1.5460  val_acc 0.4048
2026-04-09 12:12:38      epoch  41  loss 1.5652  acc 0.3469  val_loss 1.5667  val_acc 0.3377
2026-04-09 12:12:40      epoch  42  loss 1.5643  acc 0.3387  val_loss 1.5441  val_acc 0.4069
2026-04-09 12:12:41      epoch  43  loss 1.5528  acc 0.3423  val_loss 1.5295  val_acc 0.3939
2026-04-09 12:12:43      epoch  44  loss 1.5546  acc 0.3339  val_loss 1.5641  val_acc 0.3723
2026-04-09 12:12:45      epoch  45  loss 1.5551  acc 0.3392  val_loss 1.5208  val_acc 0.3939
2026-04-09 12:12:46      epoch  46  loss 1.5418  acc 0.3452  val_loss 1.5432  val_acc 0.3658
2026-04-09 12:12:47      epoch  47  loss 1.6971  acc 0.2971  val_loss 1.5624  val_acc 0.3810
2026-04-09 12:12:49      epoch  48  loss 1.6283  acc 0.3315  val_loss 1.5727  val_acc 0.3506
2026-04-09 12:12:50      epoch  49  loss 1.5821  acc 0.3226  val_loss 1.5591  val_acc 0.3398
2026-04-09 12:12:52      epoch  50  loss 1.5593  acc 0.3471  val_loss 1.5652  val_acc 0.3701
2026-04-09 12:12:53      epoch  51  loss 1.5691  acc 0.3457  val_loss 1.5305  val_acc 0.3896
2026-04-09 12:12:55      epoch  52  loss 1.5396  acc 0.3512  val_loss 1.4981  val_acc 0.4221
2026-04-09 12:12:56      epoch  53  loss 1.5502  acc 0.3433  val_loss 1.4990  val_acc 0.3939
2026-04-09 12:12:58      epoch  54  loss 1.5309  acc 0.3560  val_loss 1.5096  val_acc 0.3896
2026-04-09 12:12:59      epoch  55  loss 1.5257  acc 0.3591  val_loss 1.4880  val_acc 0.3810
2026-04-09 12:13:01      epoch  56  loss 1.5139  acc 0.3644  val_loss 1.4860  val_acc 0.3918
2026-04-09 12:13:02      epoch  57  loss 1.5190  acc 0.3541  val_loss 1.5436  val_acc 0.3788
2026-04-09 12:13:03      epoch  58  loss 1.5138  acc 0.3685  val_loss 1.4852  val_acc 0.3874
2026-04-09 12:13:05      epoch  59  loss 1.5352  acc 0.3577  val_loss 1.5057  val_acc 0.3961
2026-04-09 12:13:06      epoch  60  loss 1.5010  acc 0.3692  val_loss 1.4678  val_acc 0.4286
2026-04-09 12:13:08      epoch  61  loss 1.4844  acc 0.3759  val_loss 1.4739  val_acc 0.4113
2026-04-09 12:13:09      epoch  62  loss 1.4759  acc 0.3853  val_loss 1.4523  val_acc 0.4069
2026-04-09 12:13:11      epoch  63  loss 1.4914  acc 0.3745  val_loss 1.4826  val_acc 0.4199
2026-04-09 12:13:12      epoch  64  loss 1.4808  acc 0.3709  val_loss 1.4446  val_acc 0.4113
2026-04-09 12:13:14      epoch  65  loss 1.4807  acc 0.3791  val_loss 1.4538  val_acc 0.4069
2026-04-09 12:13:16      epoch  66  loss 1.4732  acc 0.3851  val_loss 1.4653  val_acc 0.4199
2026-04-09 12:13:17      epoch  67  loss 1.4830  acc 0.3860  val_loss 1.4594  val_acc 0.4004
2026-04-09 12:13:19      epoch  68  loss 1.4742  acc 0.3891  val_loss 1.4573  val_acc 0.4048
2026-04-09 12:13:20      epoch  69  loss 1.4858  acc 0.3827  val_loss 1.4461  val_acc 0.4199
2026-04-09 12:13:22      epoch  70  loss 1.4644  acc 0.3843  val_loss 1.4676  val_acc 0.4242
2026-04-09 12:13:24      epoch  71  loss 1.4501  acc 0.3951  val_loss 1.4654  val_acc 0.4307
2026-04-09 12:13:25      epoch  72  loss 1.4490  acc 0.3971  val_loss 1.4590  val_acc 0.4177
2026-04-09 12:13:25      Early stopping at epoch 72
2026-04-09 12:13:25      User6 accuracy: 0.4008
2026-04-09 12:13:26    ─── LOSO fold: User7 (test=567, train=4320)
2026-04-09 12:13:27      epoch   1  loss 2.3446  acc 0.1289  val_loss 2.2134  val_acc 0.1875
2026-04-09 12:13:29      epoch   2  loss 2.0752  acc 0.2042  val_loss 1.9790  val_acc 0.2407
2026-04-09 12:13:30      epoch   3  loss 1.9485  acc 0.2299  val_loss 1.9042  val_acc 0.2269
2026-04-09 12:13:31      epoch   4  loss 1.8687  acc 0.2585  val_loss 1.8956  val_acc 0.1944
2026-04-09 12:13:33      epoch   5  loss 1.8551  acc 0.2582  val_loss 1.8079  val_acc 0.2685
2026-04-09 12:13:34      epoch   6  loss 1.8270  acc 0.2598  val_loss 1.7709  val_acc 0.2801
2026-04-09 12:13:36      epoch   7  loss 1.7598  acc 0.2886  val_loss 1.7470  val_acc 0.2824
2026-04-09 12:13:37      epoch   8  loss 1.7850  acc 0.2801  val_loss 2.0463  val_acc 0.2037
2026-04-09 12:13:38      epoch   9  loss 1.8528  acc 0.2477  val_loss 1.7596  val_acc 0.2824
2026-04-09 12:13:40      epoch  10  loss 1.7977  acc 0.2886  val_loss 1.8100  val_acc 0.2708
2026-04-09 12:13:41      epoch  11  loss 1.7440  acc 0.2919  val_loss 1.7303  val_acc 0.3056
2026-04-09 12:13:42      epoch  12  loss 1.7198  acc 0.2775  val_loss 1.6926  val_acc 0.3032
2026-04-09 12:13:44      epoch  13  loss 1.6987  acc 0.2945  val_loss 1.7020  val_acc 0.2824
2026-04-09 12:13:45      epoch  14  loss 1.6908  acc 0.3117  val_loss 1.6994  val_acc 0.2847
2026-04-09 12:13:47      epoch  15  loss 1.6974  acc 0.2945  val_loss 1.7393  val_acc 0.2870
2026-04-09 12:13:49      epoch  16  loss 1.7006  acc 0.2876  val_loss 1.7254  val_acc 0.2755
2026-04-09 12:13:50      epoch  17  loss 1.6852  acc 0.3058  val_loss 1.6741  val_acc 0.2894
2026-04-09 12:13:52      epoch  18  loss 1.6638  acc 0.3099  val_loss 1.6705  val_acc 0.3171
2026-04-09 12:13:53      epoch  19  loss 1.6638  acc 0.2989  val_loss 1.6537  val_acc 0.3079
2026-04-09 12:13:55      epoch  20  loss 1.6483  acc 0.3068  val_loss 1.6695  val_acc 0.3056
2026-04-09 12:13:56      epoch  21  loss 1.6514  acc 0.3002  val_loss 1.6726  val_acc 0.2731
2026-04-09 12:13:57      epoch  22  loss 1.6394  acc 0.3128  val_loss 1.6680  val_acc 0.3056
2026-04-09 12:13:58      epoch  23  loss 1.6364  acc 0.3138  val_loss 1.6498  val_acc 0.3009
2026-04-09 12:14:00      epoch  24  loss 1.6274  acc 0.3153  val_loss 1.6485  val_acc 0.3171
2026-04-09 12:14:01      epoch  25  loss 1.6284  acc 0.3169  val_loss 1.6505  val_acc 0.2870
2026-04-09 12:14:03      epoch  26  loss 1.6213  acc 0.3182  val_loss 1.7312  val_acc 0.2662
2026-04-09 12:14:04      epoch  27  loss 1.6561  acc 0.3130  val_loss 1.6520  val_acc 0.2917
2026-04-09 12:14:05      epoch  28  loss 1.6232  acc 0.3205  val_loss 1.6436  val_acc 0.2963
2026-04-09 12:14:07      epoch  29  loss 1.6165  acc 0.3202  val_loss 1.6375  val_acc 0.3009
2026-04-09 12:14:08      epoch  30  loss 1.6051  acc 0.3243  val_loss 1.6236  val_acc 0.3264
2026-04-09 12:14:10      epoch  31  loss 1.5907  acc 0.3264  val_loss 1.6231  val_acc 0.3218
2026-04-09 12:14:11      epoch  32  loss 1.6180  acc 0.3220  val_loss 1.6266  val_acc 0.3079
2026-04-09 12:14:12      epoch  33  loss 1.6016  acc 0.3264  val_loss 1.6645  val_acc 0.2801
2026-04-09 12:14:14      epoch  34  loss 1.6421  acc 0.3259  val_loss 1.6541  val_acc 0.2963
2026-04-09 12:14:15      epoch  35  loss 1.6402  acc 0.3035  val_loss 1.6136  val_acc 0.3171
2026-04-09 12:14:16      epoch  36  loss 1.6096  acc 0.3166  val_loss 1.6494  val_acc 0.2917
2026-04-09 12:14:18      epoch  37  loss 1.6200  acc 0.3210  val_loss 1.6137  val_acc 0.3194
2026-04-09 12:14:19      epoch  38  loss 1.5826  acc 0.3287  val_loss 1.6778  val_acc 0.3032
2026-04-09 12:14:20      epoch  39  loss 1.6167  acc 0.3112  val_loss 1.6617  val_acc 0.2963
2026-04-09 12:14:22      epoch  40  loss 1.6247  acc 0.3310  val_loss 1.7482  val_acc 0.2801
2026-04-09 12:14:23      epoch  41  loss 1.6211  acc 0.3310  val_loss 1.6544  val_acc 0.2917
2026-04-09 12:14:25      epoch  42  loss 1.5962  acc 0.3305  val_loss 1.6297  val_acc 0.3079
2026-04-09 12:14:26      epoch  43  loss 1.5789  acc 0.3302  val_loss 1.6241  val_acc 0.2986
2026-04-09 12:14:26      Early stopping at epoch 43
2026-04-09 12:14:26      User7 accuracy: 0.2575
2026-04-09 12:14:27    ─── LOSO fold: User8 (test=509, train=4378)
2026-04-09 12:14:28      epoch   1  loss 2.3497  acc 0.1312  val_loss 2.1125  val_acc 0.1922
2026-04-09 12:14:30      epoch   2  loss 2.0698  acc 0.1893  val_loss 1.9400  val_acc 0.2151
2026-04-09 12:14:31      epoch   3  loss 2.0320  acc 0.2093  val_loss 1.9103  val_acc 0.2311
2026-04-09 12:14:32      epoch   4  loss 1.9316  acc 0.2309  val_loss 1.8215  val_acc 0.2517
2026-04-09 12:14:34      epoch   5  loss 2.4415  acc 0.1292  val_loss 2.3469  val_acc 0.1281
2026-04-09 12:14:35      epoch   6  loss 2.2160  acc 0.1634  val_loss 1.9500  val_acc 0.2357
2026-04-09 12:14:36      epoch   7  loss 2.0715  acc 0.1956  val_loss 1.9537  val_acc 0.2128
2026-04-09 12:14:37      epoch   8  loss 1.9661  acc 0.2200  val_loss 1.8470  val_acc 0.2403
2026-04-09 12:14:39      epoch   9  loss 1.9049  acc 0.2162  val_loss 1.7887  val_acc 0.2471
2026-04-09 12:14:40      epoch  10  loss 1.8452  acc 0.2520  val_loss 1.7536  val_acc 0.2700
2026-04-09 12:14:42      epoch  11  loss 1.9144  acc 0.2322  val_loss 1.8008  val_acc 0.2334
2026-04-09 12:14:43      epoch  12  loss 1.8615  acc 0.2268  val_loss 1.7659  val_acc 0.2632
2026-04-09 12:14:44      epoch  13  loss 1.8241  acc 0.2606  val_loss 1.7333  val_acc 0.2815
2026-04-09 12:14:46      epoch  14  loss 1.9380  acc 0.2426  val_loss 1.8579  val_acc 0.2174
2026-04-09 12:14:47      epoch  15  loss 1.9931  acc 0.2172  val_loss 1.8000  val_acc 0.2563
2026-04-09 12:14:49      epoch  16  loss 1.8368  acc 0.2596  val_loss 1.7388  val_acc 0.2449
2026-04-09 12:14:50      epoch  17  loss 1.7810  acc 0.2720  val_loss 1.6961  val_acc 0.2952
2026-04-09 12:14:51      epoch  18  loss 1.7543  acc 0.2766  val_loss 1.6891  val_acc 0.2975
2026-04-09 12:14:53      epoch  19  loss 1.7370  acc 0.2890  val_loss 1.6900  val_acc 0.2838
2026-04-09 12:14:54      epoch  20  loss 1.7476  acc 0.2855  val_loss 1.6588  val_acc 0.2929
2026-04-09 12:14:56      epoch  21  loss 1.7360  acc 0.2918  val_loss 1.6557  val_acc 0.3158
2026-04-09 12:14:57      epoch  22  loss 1.7285  acc 0.2966  val_loss 1.6478  val_acc 0.2998
2026-04-09 12:14:58      epoch  23  loss 1.7389  acc 0.2966  val_loss 1.6691  val_acc 0.2929
2026-04-09 12:15:00      epoch  24  loss 1.7450  acc 0.2954  val_loss 1.6994  val_acc 0.2746
2026-04-09 12:15:01      epoch  25  loss 1.7455  acc 0.2801  val_loss 1.7048  val_acc 0.2700
2026-04-09 12:15:02      epoch  26  loss 1.7236  acc 0.2908  val_loss 1.6700  val_acc 0.2815
2026-04-09 12:15:04      epoch  27  loss 1.7180  acc 0.2997  val_loss 1.6416  val_acc 0.3158
2026-04-09 12:15:05      epoch  28  loss 1.7043  acc 0.3063  val_loss 1.6345  val_acc 0.3432
2026-04-09 12:15:06      epoch  29  loss 1.6927  acc 0.2971  val_loss 1.6299  val_acc 0.3227
2026-04-09 12:15:08      epoch  30  loss 1.6966  acc 0.3007  val_loss 1.6121  val_acc 0.3295
2026-04-09 12:15:09      epoch  31  loss 1.6895  acc 0.3129  val_loss 1.6412  val_acc 0.3089
2026-04-09 12:15:10      epoch  32  loss 1.7262  acc 0.2961  val_loss 1.6511  val_acc 0.2906
2026-04-09 12:15:12      epoch  33  loss 1.6860  acc 0.3078  val_loss 1.6171  val_acc 0.3135
2026-04-09 12:15:13      epoch  34  loss 1.6823  acc 0.3080  val_loss 1.6148  val_acc 0.3204
2026-04-09 12:15:15      epoch  35  loss 1.6854  acc 0.3118  val_loss 1.6223  val_acc 0.3272
2026-04-09 12:15:16      epoch  36  loss 1.6718  acc 0.3063  val_loss 1.6149  val_acc 0.3410
2026-04-09 12:15:18      epoch  37  loss 1.6687  acc 0.3149  val_loss 1.6128  val_acc 0.3295
2026-04-09 12:15:19      epoch  38  loss 1.6778  acc 0.3126  val_loss 1.6175  val_acc 0.3249
2026-04-09 12:15:19      Early stopping at epoch 38
2026-04-09 12:15:19      User8 accuracy: 0.3438
2026-04-09 12:15:20    ─── LOSO fold: User9 (test=564, train=4323)
2026-04-09 12:15:21      epoch   1  loss 2.3305  acc 0.1362  val_loss 2.1807  val_acc 0.2037
2026-04-09 12:15:23      epoch   2  loss 2.0425  acc 0.2107  val_loss 2.0731  val_acc 0.2083
2026-04-09 12:15:24      epoch   3  loss 1.9335  acc 0.2241  val_loss 1.9310  val_acc 0.2523
2026-04-09 12:15:25      epoch   4  loss 1.9878  acc 0.2185  val_loss 1.9350  val_acc 0.1991
2026-04-09 12:15:27      epoch   5  loss 1.8772  acc 0.2089  val_loss 1.8566  val_acc 0.2523
2026-04-09 12:15:28      epoch   6  loss 1.8246  acc 0.2552  val_loss 1.8453  val_acc 0.2639
2026-04-09 12:15:30      epoch   7  loss 1.7974  acc 0.2773  val_loss 1.8228  val_acc 0.2593
2026-04-09 12:15:31      epoch   8  loss 1.8168  acc 0.2696  val_loss 1.7661  val_acc 0.2662
2026-04-09 12:15:33      epoch   9  loss 1.7680  acc 0.2832  val_loss 1.7697  val_acc 0.2778
2026-04-09 12:15:34      epoch  10  loss 1.7790  acc 0.2627  val_loss 1.7586  val_acc 0.2963
2026-04-09 12:15:36      epoch  11  loss 1.7769  acc 0.2765  val_loss 1.7738  val_acc 0.2870
2026-04-09 12:15:37      epoch  12  loss 1.8090  acc 0.2753  val_loss 1.8621  val_acc 0.2500
2026-04-09 12:15:39      epoch  13  loss 1.7503  acc 0.2809  val_loss 1.7429  val_acc 0.3356
2026-04-09 12:15:40      epoch  14  loss 1.7195  acc 0.2902  val_loss 1.7822  val_acc 0.2917
2026-04-09 12:15:41      epoch  15  loss 1.7094  acc 0.2979  val_loss 1.7564  val_acc 0.3194
2026-04-09 12:15:43      epoch  16  loss 1.8162  acc 0.2824  val_loss 1.7756  val_acc 0.3032
2026-04-09 12:15:44      epoch  17  loss 1.7238  acc 0.2974  val_loss 1.7431  val_acc 0.2963
2026-04-09 12:15:46      epoch  18  loss 1.7066  acc 0.3063  val_loss 1.7122  val_acc 0.3125
2026-04-09 12:15:47      epoch  19  loss 1.6835  acc 0.3030  val_loss 1.7035  val_acc 0.3148
2026-04-09 12:15:48      epoch  20  loss 1.6756  acc 0.3035  val_loss 1.6951  val_acc 0.3380
2026-04-09 12:15:50      epoch  21  loss 1.6644  acc 0.3171  val_loss 1.7008  val_acc 0.3356
2026-04-09 12:15:51      epoch  22  loss 1.6685  acc 0.3192  val_loss 1.7338  val_acc 0.3056
2026-04-09 12:15:53      epoch  23  loss 1.7172  acc 0.2871  val_loss 1.7460  val_acc 0.2986
2026-04-09 12:15:54      epoch  24  loss 1.7236  acc 0.2984  val_loss 1.7002  val_acc 0.3287
2026-04-09 12:15:55      epoch  25  loss 1.6801  acc 0.3133  val_loss 1.7318  val_acc 0.3287
2026-04-09 12:15:56      epoch  26  loss 1.6689  acc 0.3207  val_loss 1.6991  val_acc 0.3264
2026-04-09 12:15:58      epoch  27  loss 1.6458  acc 0.3292  val_loss 1.6832  val_acc 0.3611
2026-04-09 12:15:59      epoch  28  loss 1.6525  acc 0.3233  val_loss 1.6798  val_acc 0.3565
2026-04-09 12:16:01      epoch  29  loss 1.6424  acc 0.3238  val_loss 1.6876  val_acc 0.3426
2026-04-09 12:16:02      epoch  30  loss 1.6394  acc 0.3220  val_loss 1.6807  val_acc 0.3750
2026-04-09 12:16:04      epoch  31  loss 1.6315  acc 0.3238  val_loss 1.6721  val_acc 0.3588
2026-04-09 12:16:05      epoch  32  loss 1.6432  acc 0.3102  val_loss 1.6875  val_acc 0.3125
2026-04-09 12:16:06      epoch  33  loss 1.6408  acc 0.3246  val_loss 1.6828  val_acc 0.3056
2026-04-09 12:16:08      epoch  34  loss 1.6383  acc 0.3179  val_loss 1.6787  val_acc 0.2917
2026-04-09 12:16:09      epoch  35  loss 1.6437  acc 0.3027  val_loss 1.6743  val_acc 0.3148
2026-04-09 12:16:11      epoch  36  loss 1.6294  acc 0.3166  val_loss 1.6708  val_acc 0.3287
2026-04-09 12:16:12      epoch  37  loss 1.6505  acc 0.3117  val_loss 1.6705  val_acc 0.2963
2026-04-09 12:16:13      epoch  38  loss 1.6344  acc 0.3151  val_loss 1.6686  val_acc 0.3310
2026-04-09 12:16:15      epoch  39  loss 1.6303  acc 0.3120  val_loss 1.6588  val_acc 0.3472
2026-04-09 12:16:16      epoch  40  loss 1.6200  acc 0.3305  val_loss 1.6814  val_acc 0.3194
2026-04-09 12:16:18      epoch  41  loss 1.6350  acc 0.3218  val_loss 1.7021  val_acc 0.3218
2026-04-09 12:16:19      epoch  42  loss 1.6344  acc 0.3099  val_loss 1.6658  val_acc 0.3310
2026-04-09 12:16:21      epoch  43  loss 1.6158  acc 0.3282  val_loss 1.6591  val_acc 0.3426
2026-04-09 12:16:22      epoch  44  loss 1.6148  acc 0.3261  val_loss 1.6653  val_acc 0.3171
2026-04-09 12:16:23      epoch  45  loss 1.6177  acc 0.3238  val_loss 1.6606  val_acc 0.3449
2026-04-09 12:16:25      epoch  46  loss 1.6135  acc 0.3215  val_loss 1.6500  val_acc 0.3287
2026-04-09 12:16:26      epoch  47  loss 1.6007  acc 0.3382  val_loss 1.6482  val_acc 0.3380
2026-04-09 12:16:28      epoch  48  loss 1.6010  acc 0.3364  val_loss 1.6480  val_acc 0.3542
2026-04-09 12:16:29      epoch  49  loss 1.5956  acc 0.3511  val_loss 1.6464  val_acc 0.3472
2026-04-09 12:16:30      epoch  50  loss 1.6016  acc 0.3423  val_loss 1.6490  val_acc 0.3634
2026-04-09 12:16:32      epoch  51  loss 1.5950  acc 0.3354  val_loss 1.6473  val_acc 0.3472
2026-04-09 12:16:33      epoch  52  loss 1.5956  acc 0.3349  val_loss 1.6492  val_acc 0.3449
2026-04-09 12:16:35      epoch  53  loss 1.5967  acc 0.3310  val_loss 1.6516  val_acc 0.3565
2026-04-09 12:16:36      epoch  54  loss 1.5935  acc 0.3359  val_loss 1.6569  val_acc 0.3565
2026-04-09 12:16:37      epoch  55  loss 1.5931  acc 0.3385  val_loss 1.6591  val_acc 0.3704
2026-04-09 12:16:39      epoch  56  loss 1.5921  acc 0.3462  val_loss 1.6472  val_acc 0.3750
2026-04-09 12:16:40      epoch  57  loss 1.5827  acc 0.3380  val_loss 1.6512  val_acc 0.3704
2026-04-09 12:16:40      Early stopping at epoch 57
2026-04-09 12:16:40      User9 accuracy: 0.3333
2026-04-09 12:16:41    ─── LOSO fold: User10 (test=560, train=4327)
2026-04-09 12:16:42      epoch   1  loss 2.3378  acc 0.1427  val_loss 2.1361  val_acc 0.2407
2026-04-09 12:16:44      epoch   2  loss 2.0367  acc 0.2039  val_loss 1.9424  val_acc 0.2292
2026-04-09 12:16:45      epoch   3  loss 1.9101  acc 0.2151  val_loss 2.0206  val_acc 0.2222
2026-04-09 12:16:46      epoch   4  loss 1.8909  acc 0.2241  val_loss 1.8465  val_acc 0.2593
2026-04-09 12:16:48      epoch   5  loss 1.8513  acc 0.2524  val_loss 1.8032  val_acc 0.2431
2026-04-09 12:16:49      epoch   6  loss 1.7931  acc 0.2511  val_loss 1.7371  val_acc 0.2685
2026-04-09 12:16:51      epoch   7  loss 1.7341  acc 0.2806  val_loss 1.7180  val_acc 0.3171
2026-04-09 12:16:52      epoch   8  loss 1.7223  acc 0.2914  val_loss 1.7375  val_acc 0.3125
2026-04-09 12:16:53      epoch   9  loss 1.7197  acc 0.2970  val_loss 1.7189  val_acc 0.2755
2026-04-09 12:16:55      epoch  10  loss 1.7244  acc 0.2970  val_loss 1.6959  val_acc 0.3310
2026-04-09 12:16:57      epoch  11  loss 1.6808  acc 0.2945  val_loss 1.6853  val_acc 0.3056
2026-04-09 12:16:58      epoch  12  loss 1.6702  acc 0.2914  val_loss 1.7072  val_acc 0.3171
2026-04-09 12:17:00      epoch  13  loss 1.6640  acc 0.3024  val_loss 1.6967  val_acc 0.2986
2026-04-09 12:17:01      epoch  14  loss 1.7015  acc 0.3032  val_loss 1.7165  val_acc 0.3032
2026-04-09 12:17:03      epoch  15  loss 1.6795  acc 0.3006  val_loss 1.6670  val_acc 0.2870
2026-04-09 12:17:04      epoch  16  loss 1.6628  acc 0.3040  val_loss 1.7346  val_acc 0.2731
2026-04-09 12:17:05      epoch  17  loss 1.6668  acc 0.3035  val_loss 1.6712  val_acc 0.3009
2026-04-09 12:17:07      epoch  18  loss 1.6450  acc 0.3117  val_loss 1.6854  val_acc 0.2963
2026-04-09 12:17:08      epoch  19  loss 1.6379  acc 0.3045  val_loss 1.6531  val_acc 0.3241
2026-04-09 12:17:09      epoch  20  loss 1.6280  acc 0.3107  val_loss 1.6632  val_acc 0.2824
2026-04-09 12:17:11      epoch  21  loss 1.6247  acc 0.3171  val_loss 1.6544  val_acc 0.2963
2026-04-09 12:17:12      epoch  22  loss 1.6131  acc 0.3178  val_loss 1.6420  val_acc 0.3218
2026-04-09 12:17:14      epoch  23  loss 1.6063  acc 0.3299  val_loss 1.6589  val_acc 0.3079
2026-04-09 12:17:15      epoch  24  loss 1.6084  acc 0.3184  val_loss 1.6349  val_acc 0.3241
2026-04-09 12:17:16      epoch  25  loss 1.6052  acc 0.3294  val_loss 1.6168  val_acc 0.3356
2026-04-09 12:17:18      epoch  26  loss 1.5960  acc 0.3209  val_loss 1.6387  val_acc 0.3356
2026-04-09 12:17:19      epoch  27  loss 1.5918  acc 0.3261  val_loss 1.6152  val_acc 0.3264
2026-04-09 12:17:20      epoch  28  loss 1.5861  acc 0.3286  val_loss 1.6280  val_acc 0.3287
2026-04-09 12:17:22      epoch  29  loss 1.5855  acc 0.3415  val_loss 1.6379  val_acc 0.3171
2026-04-09 12:17:23      epoch  30  loss 1.5811  acc 0.3363  val_loss 1.6132  val_acc 0.3241
2026-04-09 12:17:25      epoch  31  loss 1.5747  acc 0.3397  val_loss 1.6067  val_acc 0.2940
2026-04-09 12:17:26      epoch  32  loss 1.6132  acc 0.3184  val_loss 1.6116  val_acc 0.3125
2026-04-09 12:17:28      epoch  33  loss 1.5984  acc 0.3299  val_loss 1.6153  val_acc 0.3032
2026-04-09 12:17:29      epoch  34  loss 1.5721  acc 0.3379  val_loss 1.6721  val_acc 0.3426
2026-04-09 12:17:30      epoch  35  loss 1.5895  acc 0.3281  val_loss 1.6219  val_acc 0.2847
2026-04-09 12:17:32      epoch  36  loss 1.5608  acc 0.3389  val_loss 1.5906  val_acc 0.3380
2026-04-09 12:17:33      epoch  37  loss 1.5469  acc 0.3409  val_loss 1.5852  val_acc 0.3194
2026-04-09 12:17:34      epoch  38  loss 1.5443  acc 0.3389  val_loss 1.5703  val_acc 0.3426
2026-04-09 12:17:36      epoch  39  loss 1.5377  acc 0.3438  val_loss 1.5842  val_acc 0.3403
2026-04-09 12:17:37      epoch  40  loss 1.5379  acc 0.3456  val_loss 1.5728  val_acc 0.3333
2026-04-09 12:17:38      epoch  41  loss 1.5411  acc 0.3515  val_loss 1.5654  val_acc 0.3403
2026-04-09 12:17:40      epoch  42  loss 1.5648  acc 0.3394  val_loss 1.5940  val_acc 0.3009
2026-04-09 12:17:42      epoch  43  loss 1.5275  acc 0.3517  val_loss 1.5686  val_acc 0.3380
2026-04-09 12:17:43      epoch  44  loss 1.5145  acc 0.3617  val_loss 1.5956  val_acc 0.3333
2026-04-09 12:17:45      epoch  45  loss 1.5192  acc 0.3705  val_loss 1.5620  val_acc 0.3565
2026-04-09 12:17:46      epoch  46  loss 1.5188  acc 0.3702  val_loss 1.5464  val_acc 0.3611
2026-04-09 12:17:47      epoch  47  loss 1.5475  acc 0.3507  val_loss 1.5669  val_acc 0.3681
2026-04-09 12:17:49      epoch  48  loss 1.5063  acc 0.3643  val_loss 1.5376  val_acc 0.3426
2026-04-09 12:17:50      epoch  49  loss 1.4961  acc 0.3689  val_loss 1.5513  val_acc 0.3472
2026-04-09 12:17:51      epoch  50  loss 1.4881  acc 0.3697  val_loss 1.5304  val_acc 0.3750
2026-04-09 12:17:53      epoch  51  loss 1.4767  acc 0.3887  val_loss 1.5155  val_acc 0.3565
2026-04-09 12:17:54      epoch  52  loss 1.4851  acc 0.3769  val_loss 1.6194  val_acc 0.3796
2026-04-09 12:17:56      epoch  53  loss 1.5546  acc 0.3556  val_loss 1.5837  val_acc 0.3495
2026-04-09 12:17:57      epoch  54  loss 1.5224  acc 0.3764  val_loss 1.6547  val_acc 0.3472
2026-04-09 12:17:58      epoch  55  loss 1.5348  acc 0.3630  val_loss 1.5731  val_acc 0.3241
2026-04-09 12:18:00      epoch  56  loss 1.5250  acc 0.3682  val_loss 1.5732  val_acc 0.3634
2026-04-09 12:18:01      epoch  57  loss 1.4892  acc 0.3887  val_loss 1.5585  val_acc 0.3542
2026-04-09 12:18:03      epoch  58  loss 1.4759  acc 0.3882  val_loss 1.5491  val_acc 0.3565
2026-04-09 12:18:04      epoch  59  loss 1.4708  acc 0.3928  val_loss 1.5265  val_acc 0.3681
2026-04-09 12:18:04      Early stopping at epoch 59
2026-04-09 12:18:04      User10 accuracy: 0.3250
2026-04-09 12:18:05    ─── LOSO fold: User11 (test=592, train=4295)
2026-04-09 12:18:06      epoch   1  loss 2.3403  acc 0.1549  val_loss 2.1212  val_acc 0.1678
2026-04-09 12:18:07      epoch   2  loss 2.0633  acc 0.1862  val_loss 2.6378  val_acc 0.1538
2026-04-09 12:18:09      epoch   3  loss 2.3376  acc 0.1480  val_loss 2.1851  val_acc 0.1865
2026-04-09 12:18:10      epoch   4  loss 2.1108  acc 0.1849  val_loss 2.0000  val_acc 0.1958
2026-04-09 12:18:11      epoch   5  loss 1.9900  acc 0.2126  val_loss 1.9136  val_acc 0.2634
2026-04-09 12:18:13      epoch   6  loss 1.9243  acc 0.2225  val_loss 1.8938  val_acc 0.2214
2026-04-09 12:18:14      epoch   7  loss 1.8872  acc 0.2380  val_loss 1.8286  val_acc 0.3030
2026-04-09 12:18:16      epoch   8  loss 1.8431  acc 0.2475  val_loss 1.7467  val_acc 0.3007
2026-04-09 12:18:17      epoch   9  loss 1.7554  acc 0.2786  val_loss 1.7257  val_acc 0.2984
2026-04-09 12:18:19      epoch  10  loss 1.7413  acc 0.2876  val_loss 1.7005  val_acc 0.3124
2026-04-09 12:18:20      epoch  11  loss 1.7473  acc 0.2775  val_loss 1.7063  val_acc 0.2890
2026-04-09 12:18:21      epoch  12  loss 1.7106  acc 0.2975  val_loss 1.7095  val_acc 0.2844
2026-04-09 12:18:23      epoch  13  loss 1.7056  acc 0.2900  val_loss 1.7060  val_acc 0.2844
2026-04-09 12:18:24      epoch  14  loss 1.7175  acc 0.2933  val_loss 1.7270  val_acc 0.2681
2026-04-09 12:18:25      epoch  15  loss 1.7171  acc 0.2910  val_loss 1.7563  val_acc 0.2564
2026-04-09 12:18:27      epoch  16  loss 1.7090  acc 0.2804  val_loss 1.7103  val_acc 0.2960
2026-04-09 12:18:28      epoch  17  loss 1.6876  acc 0.2962  val_loss 1.7526  val_acc 0.2984
2026-04-09 12:18:29      epoch  18  loss 1.7609  acc 0.2711  val_loss 1.7162  val_acc 0.3077
2026-04-09 12:18:29      Early stopping at epoch 18
2026-04-09 12:18:30      User11 accuracy: 0.2568
2026-04-09 12:18:30    ─── LOSO fold: User12 (test=489, train=4398)
2026-04-09 12:18:32      epoch   1  loss 2.3241  acc 0.1442  val_loss 2.1218  val_acc 0.1731
2026-04-09 12:18:33      epoch   2  loss 2.0185  acc 0.2041  val_loss 1.9317  val_acc 0.2187
2026-04-09 12:18:34      epoch   3  loss 1.9177  acc 0.2301  val_loss 1.8680  val_acc 0.2187
2026-04-09 12:18:36      epoch   4  loss 1.8784  acc 0.2364  val_loss 1.8099  val_acc 0.2733
2026-04-09 12:18:37      epoch   5  loss 1.8127  acc 0.2677  val_loss 1.7713  val_acc 0.2733
2026-04-09 12:18:39      epoch   6  loss 1.7726  acc 0.2672  val_loss 1.7451  val_acc 0.2483
2026-04-09 12:18:40      epoch   7  loss 1.7362  acc 0.2728  val_loss 1.7412  val_acc 0.2551
2026-04-09 12:18:42      epoch   8  loss 1.7674  acc 0.2786  val_loss 1.8550  val_acc 0.2301
2026-04-09 12:18:43      epoch   9  loss 1.7614  acc 0.2814  val_loss 1.6745  val_acc 0.2938
2026-04-09 12:18:44      epoch  10  loss 1.7065  acc 0.2877  val_loss 1.6960  val_acc 0.3007
2026-04-09 12:18:46      epoch  11  loss 1.6899  acc 0.3061  val_loss 1.6616  val_acc 0.3189
2026-04-09 12:18:47      epoch  12  loss 1.6597  acc 0.3066  val_loss 1.6580  val_acc 0.3098
2026-04-09 12:18:49      epoch  13  loss 1.6585  acc 0.3147  val_loss 1.6315  val_acc 0.3007
2026-04-09 12:18:50      epoch  14  loss 1.6831  acc 0.3079  val_loss 1.6617  val_acc 0.3189
2026-04-09 12:18:51      epoch  15  loss 1.6529  acc 0.3150  val_loss 1.6536  val_acc 0.3235
2026-04-09 12:18:53      epoch  16  loss 1.6460  acc 0.3178  val_loss 1.6090  val_acc 0.3349
2026-04-09 12:18:54      epoch  17  loss 1.6461  acc 0.3107  val_loss 1.6184  val_acc 0.3599
2026-04-09 12:18:55      epoch  18  loss 1.6404  acc 0.3165  val_loss 1.6143  val_acc 0.3417
2026-04-09 12:18:57      epoch  19  loss 1.6315  acc 0.3279  val_loss 1.6421  val_acc 0.3121
2026-04-09 12:18:58      epoch  20  loss 1.6472  acc 0.3125  val_loss 1.6905  val_acc 0.3166
2026-04-09 12:19:00      epoch  21  loss 1.6761  acc 0.3135  val_loss 1.7041  val_acc 0.3098
2026-04-09 12:19:01      epoch  22  loss 1.6939  acc 0.3016  val_loss 1.6295  val_acc 0.3280
2026-04-09 12:19:03      epoch  23  loss 1.6274  acc 0.3256  val_loss 1.6164  val_acc 0.3280
2026-04-09 12:19:04      epoch  24  loss 1.6133  acc 0.3263  val_loss 1.6281  val_acc 0.3280
2026-04-09 12:19:04      Early stopping at epoch 24
2026-04-09 12:19:04      User12 accuracy: 0.3027
2026-04-09 12:19:04  
2026-04-09 12:19:04  Mean acc: 0.3218  Std: 0.0512
2026-04-09 12:19:05  
                            precision    recall  f1-score   support

         Sitting – Reading       0.24      0.27      0.25       465
         Sitting – Writing       0.23      0.24      0.23       514
         Computer – Typing       0.28      0.31      0.29       515
       Computer – Browsing       0.32      0.23      0.27       524
Sitting – Moving head/body       0.18      0.14      0.16       451
    Sitting – Moving chair       0.21      0.16      0.18       515
     Stand up from sitting       0.32      0.47      0.38       609
                  Standing       0.00      0.00      0.00       343
                   Walking       0.32      0.50      0.39       404
                   Running       0.64      0.91      0.76       397
             Taking stairs       0.50      0.01      0.01       150

                  accuracy                           0.31      4887
                 macro avg       0.29      0.30      0.27      4887
              weighted avg       0.28      0.31      0.28      4887

