2026-04-09 12:33:56  ========================================================================
2026-04-09 12:33:56  Modality: baro  |  sensors: ['Pressure']  |  1 ch  |  window=500  overlap=50%  step=250
2026-04-09 12:33:56  Device: cuda:1  |  Log: /home/mahmudm2/codebase/ClassyGlass/scripts/benchmark/logs/sensor_baro_W500_S250.log
2026-04-09 12:33:56  ========================================================================
2026-04-09 12:33:57  Loaded 252 windows | sensors=['Pressure'] (1 ch) | window=500  step=250 | skipped=0 experiments
2026-04-09 12:33:57    ─── LOSO fold: User1 (test=12, train=240)
2026-04-09 12:33:57      epoch   1  loss 2.3964  acc 0.1250  val_loss 2.3627  val_acc 0.1250
2026-04-09 12:33:57      epoch   2  loss 2.3930  acc 0.0926  val_loss 2.3592  val_acc 0.1250
2026-04-09 12:33:57      epoch   3  loss 2.3860  acc 0.1481  val_loss 2.3550  val_acc 0.1667
2026-04-09 12:33:57      epoch   4  loss 2.3834  acc 0.0972  val_loss 2.3498  val_acc 0.2500
2026-04-09 12:33:57      epoch   5  loss 2.3749  acc 0.1204  val_loss 2.3433  val_acc 0.2500
2026-04-09 12:33:58      epoch   6  loss 2.3660  acc 0.1065  val_loss 2.3339  val_acc 0.2500
2026-04-09 12:33:58      epoch   7  loss 2.3539  acc 0.1435  val_loss 2.3221  val_acc 0.2500
2026-04-09 12:33:58      epoch   8  loss 2.3401  acc 0.1157  val_loss 2.3111  val_acc 0.2500
2026-04-09 12:33:58      epoch   9  loss 2.3253  acc 0.1204  val_loss 2.3041  val_acc 0.2500
2026-04-09 12:33:58      epoch  10  loss 2.3482  acc 0.1111  val_loss 2.3020  val_acc 0.2500
2026-04-09 12:33:58      epoch  11  loss 2.3279  acc 0.1250  val_loss 2.3000  val_acc 0.2500
2026-04-09 12:33:58      epoch  12  loss 2.3228  acc 0.1065  val_loss 2.2972  val_acc 0.2500
2026-04-09 12:33:58      epoch  13  loss 2.3120  acc 0.1065  val_loss 2.2938  val_acc 0.2500
2026-04-09 12:33:59      epoch  14  loss 2.3085  acc 0.1204  val_loss 2.2908  val_acc 0.1250
2026-04-09 12:33:59      epoch  15  loss 2.3127  acc 0.1065  val_loss 2.2877  val_acc 0.1250
2026-04-09 12:33:59      epoch  16  loss 2.2988  acc 0.1065  val_loss 2.2867  val_acc 0.1250
2026-04-09 12:33:59      epoch  17  loss 2.3087  acc 0.1343  val_loss 2.2863  val_acc 0.1250
2026-04-09 12:33:59      epoch  18  loss 2.2947  acc 0.1389  val_loss 2.2873  val_acc 0.1250
2026-04-09 12:33:59      epoch  19  loss 2.3066  acc 0.1296  val_loss 2.2858  val_acc 0.1250
2026-04-09 12:33:59      epoch  20  loss 2.3127  acc 0.0833  val_loss 2.2837  val_acc 0.1250
2026-04-09 12:33:59      epoch  21  loss 2.2923  acc 0.1250  val_loss 2.2836  val_acc 0.1250
2026-04-09 12:34:00      epoch  22  loss 2.3025  acc 0.1250  val_loss 2.2811  val_acc 0.1250
2026-04-09 12:34:00      epoch  23  loss 2.2925  acc 0.1250  val_loss 2.2774  val_acc 0.1250
2026-04-09 12:34:00      epoch  24  loss 2.2902  acc 0.1250  val_loss 2.2733  val_acc 0.1250
2026-04-09 12:34:00      epoch  25  loss 2.2716  acc 0.1481  val_loss 2.2674  val_acc 0.1250
2026-04-09 12:34:00      epoch  26  loss 2.2740  acc 0.1898  val_loss 2.2637  val_acc 0.1250
2026-04-09 12:34:00      epoch  27  loss 2.2943  acc 0.1528  val_loss 2.2610  val_acc 0.1250
2026-04-09 12:34:00      epoch  28  loss 2.2764  acc 0.1296  val_loss 2.2605  val_acc 0.1250
2026-04-09 12:34:01      epoch  29  loss 2.2878  acc 0.1389  val_loss 2.2575  val_acc 0.1250
2026-04-09 12:34:01      epoch  30  loss 2.2951  acc 0.1019  val_loss 2.2544  val_acc 0.1250
2026-04-09 12:34:01      epoch  31  loss 2.2668  acc 0.1574  val_loss 2.2556  val_acc 0.1250
2026-04-09 12:34:01      epoch  32  loss 2.2962  acc 0.1157  val_loss 2.2539  val_acc 0.1250
2026-04-09 12:34:01      epoch  33  loss 2.2910  acc 0.1620  val_loss 2.2550  val_acc 0.1250
2026-04-09 12:34:01      epoch  34  loss 2.2635  acc 0.1620  val_loss 2.2609  val_acc 0.1250
2026-04-09 12:34:01      epoch  35  loss 2.3054  acc 0.1204  val_loss 2.2677  val_acc 0.1250
2026-04-09 12:34:01      epoch  36  loss 2.2965  acc 0.1250  val_loss 2.2734  val_acc 0.1250
2026-04-09 12:34:02      epoch  37  loss 2.2865  acc 0.1204  val_loss 2.2786  val_acc 0.1250
2026-04-09 12:34:02      epoch  38  loss 2.3135  acc 0.1157  val_loss 2.2797  val_acc 0.1250
2026-04-09 12:34:02      epoch  39  loss 2.2834  acc 0.1343  val_loss 2.2793  val_acc 0.1250
2026-04-09 12:34:02      epoch  40  loss 2.2905  acc 0.1111  val_loss 2.2807  val_acc 0.1250
2026-04-09 12:34:02      Early stopping at epoch 40
2026-04-09 12:34:02      User1 accuracy: 0.1667
2026-04-09 12:34:02    ─── LOSO fold: User2 (test=7, train=245)
2026-04-09 12:34:02      epoch   1  loss 2.3981  acc 0.1041  val_loss 2.3837  val_acc 0.2083
2026-04-09 12:34:02      epoch   2  loss 2.3939  acc 0.1131  val_loss 2.3812  val_acc 0.2083
2026-04-09 12:34:02      epoch   3  loss 2.3896  acc 0.1312  val_loss 2.3779  val_acc 0.2083
2026-04-09 12:34:03      epoch   4  loss 2.3832  acc 0.0995  val_loss 2.3740  val_acc 0.2083
2026-04-09 12:34:03      epoch   5  loss 2.3751  acc 0.1267  val_loss 2.3691  val_acc 0.2083
2026-04-09 12:34:03      epoch   6  loss 2.3665  acc 0.1222  val_loss 2.3623  val_acc 0.2083
2026-04-09 12:34:03      epoch   7  loss 2.3566  acc 0.1086  val_loss 2.3535  val_acc 0.2083
2026-04-09 12:34:03      epoch   8  loss 2.3473  acc 0.1403  val_loss 2.3488  val_acc 0.0417
2026-04-09 12:34:03      epoch   9  loss 2.3186  acc 0.1584  val_loss 2.3570  val_acc 0.0417
2026-04-09 12:34:03      epoch  10  loss 2.2987  acc 0.1267  val_loss 2.3653  val_acc 0.0417
2026-04-09 12:34:03      epoch  11  loss 2.3108  acc 0.1131  val_loss 2.3560  val_acc 0.2083
2026-04-09 12:34:04      epoch  12  loss 2.3023  acc 0.1403  val_loss 2.3388  val_acc 0.2083
2026-04-09 12:34:04      epoch  13  loss 2.3252  acc 0.1176  val_loss 2.3208  val_acc 0.2083
2026-04-09 12:34:04      epoch  14  loss 2.3039  acc 0.1584  val_loss 2.3076  val_acc 0.2083
2026-04-09 12:34:04      epoch  15  loss 2.2863  acc 0.1719  val_loss 2.3012  val_acc 0.2083
2026-04-09 12:34:04      epoch  16  loss 2.3077  acc 0.1357  val_loss 2.3013  val_acc 0.2083
2026-04-09 12:34:04      epoch  17  loss 2.2846  acc 0.1312  val_loss 2.3048  val_acc 0.0833
2026-04-09 12:34:04      epoch  18  loss 2.3147  acc 0.1629  val_loss 2.3095  val_acc 0.0833
2026-04-09 12:34:04      epoch  19  loss 2.3107  acc 0.1041  val_loss 2.3139  val_acc 0.0833
2026-04-09 12:34:05      epoch  20  loss 2.3025  acc 0.1312  val_loss 2.3179  val_acc 0.0833
2026-04-09 12:34:05      epoch  21  loss 2.2909  acc 0.1267  val_loss 2.3198  val_acc 0.0833
2026-04-09 12:34:05      epoch  22  loss 2.3070  acc 0.1041  val_loss 2.3217  val_acc 0.0833
2026-04-09 12:34:05      epoch  23  loss 2.2787  acc 0.1584  val_loss 2.3235  val_acc 0.0833
2026-04-09 12:34:05      Early stopping at epoch 23
2026-04-09 12:34:05      User2 accuracy: 0.2857
2026-04-09 12:34:05    ─── LOSO fold: User3 (test=9, train=243)
2026-04-09 12:34:05      epoch   1  loss 2.4022  acc 0.1370  val_loss 2.3948  val_acc 0.0417
2026-04-09 12:34:05      epoch   2  loss 2.3976  acc 0.1507  val_loss 2.3903  val_acc 0.0417
2026-04-09 12:34:05      epoch   3  loss 2.3921  acc 0.1507  val_loss 2.3855  val_acc 0.0417
2026-04-09 12:34:06      epoch   4  loss 2.3876  acc 0.1507  val_loss 2.3798  val_acc 0.0417
2026-04-09 12:34:06      epoch   5  loss 2.3777  acc 0.1507  val_loss 2.3734  val_acc 0.0417
2026-04-09 12:34:06      epoch   6  loss 2.3683  acc 0.1507  val_loss 2.3663  val_acc 0.0417
2026-04-09 12:34:06      epoch   7  loss 2.3591  acc 0.1507  val_loss 2.3597  val_acc 0.0417
2026-04-09 12:34:06      epoch   8  loss 2.3382  acc 0.1461  val_loss 2.3549  val_acc 0.0417
2026-04-09 12:34:06      epoch   9  loss 2.3220  acc 0.1507  val_loss 2.3574  val_acc 0.0417
2026-04-09 12:34:06      epoch  10  loss 2.3304  acc 0.1507  val_loss 2.3587  val_acc 0.0417
2026-04-09 12:34:07      epoch  11  loss 2.3260  acc 0.1598  val_loss 2.3551  val_acc 0.0417
2026-04-09 12:34:07      epoch  12  loss 2.3157  acc 0.1507  val_loss 2.3511  val_acc 0.0417
2026-04-09 12:34:07      epoch  13  loss 2.3243  acc 0.1507  val_loss 2.3495  val_acc 0.0417
2026-04-09 12:34:07      epoch  14  loss 2.3031  acc 0.1370  val_loss 2.3461  val_acc 0.0417
2026-04-09 12:34:07      epoch  15  loss 2.3004  acc 0.1324  val_loss 2.3427  val_acc 0.0417
2026-04-09 12:34:07      epoch  16  loss 2.2935  acc 0.1553  val_loss 2.3393  val_acc 0.0417
2026-04-09 12:34:07      epoch  17  loss 2.2877  acc 0.1644  val_loss 2.3366  val_acc 0.0417
2026-04-09 12:34:08      epoch  18  loss 2.3031  acc 0.1142  val_loss 2.3348  val_acc 0.0417
2026-04-09 12:34:08      epoch  19  loss 2.2873  acc 0.1370  val_loss 2.3333  val_acc 0.0417
2026-04-09 12:34:08      epoch  20  loss 2.2996  acc 0.1142  val_loss 2.3347  val_acc 0.0417
2026-04-09 12:34:08      epoch  21  loss 2.2799  acc 0.1507  val_loss 2.3411  val_acc 0.0417
2026-04-09 12:34:08      epoch  22  loss 2.2828  acc 0.1324  val_loss 2.3504  val_acc 0.0417
2026-04-09 12:34:08      epoch  23  loss 2.3113  acc 0.1416  val_loss 2.3618  val_acc 0.0417
2026-04-09 12:34:08      epoch  24  loss 2.2678  acc 0.1370  val_loss 2.3718  val_acc 0.0417
2026-04-09 12:34:08      epoch  25  loss 2.2796  acc 0.1644  val_loss 2.3771  val_acc 0.0417
2026-04-09 12:34:09      epoch  26  loss 2.2834  acc 0.1324  val_loss 2.3812  val_acc 0.0417
2026-04-09 12:34:09      epoch  27  loss 2.2701  acc 0.1461  val_loss 2.3849  val_acc 0.0417
2026-04-09 12:34:09      Early stopping at epoch 27
2026-04-09 12:34:09      User3 accuracy: 0.2222
2026-04-09 12:34:09    ─── LOSO fold: User4 (test=10, train=242)
2026-04-09 12:34:09      epoch   1  loss 2.4028  acc 0.0642  val_loss 2.3878  val_acc 0.1667
2026-04-09 12:34:09      epoch   2  loss 2.3980  acc 0.0917  val_loss 2.3831  val_acc 0.1667
2026-04-09 12:34:09      epoch   3  loss 2.3938  acc 0.0963  val_loss 2.3783  val_acc 0.1667
2026-04-09 12:34:09      epoch   4  loss 2.3858  acc 0.1009  val_loss 2.3730  val_acc 0.1667
2026-04-09 12:34:10      epoch   5  loss 2.3804  acc 0.1055  val_loss 2.3663  val_acc 0.1667
2026-04-09 12:34:10      epoch   6  loss 2.3739  acc 0.1193  val_loss 2.3577  val_acc 0.1667
2026-04-09 12:34:10      epoch   7  loss 2.3649  acc 0.1055  val_loss 2.3465  val_acc 0.1667
2026-04-09 12:34:10      epoch   8  loss 2.3560  acc 0.1055  val_loss 2.3322  val_acc 0.1667
2026-04-09 12:34:10      epoch   9  loss 2.3419  acc 0.0872  val_loss 2.3181  val_acc 0.1250
2026-04-09 12:34:10      epoch  10  loss 2.3198  acc 0.0780  val_loss 2.3111  val_acc 0.0417
2026-04-09 12:34:10      epoch  11  loss 2.3248  acc 0.0963  val_loss 2.3128  val_acc 0.0417
2026-04-09 12:34:11      epoch  12  loss 2.3361  acc 0.1055  val_loss 2.3072  val_acc 0.0417
2026-04-09 12:34:11      epoch  13  loss 2.3028  acc 0.1330  val_loss 2.2991  val_acc 0.0417
2026-04-09 12:34:11      epoch  14  loss 2.2921  acc 0.1651  val_loss 2.2915  val_acc 0.0417
2026-04-09 12:34:11      epoch  15  loss 2.2977  acc 0.1055  val_loss 2.2852  val_acc 0.1250
2026-04-09 12:34:11      epoch  16  loss 2.2849  acc 0.1284  val_loss 2.2831  val_acc 0.1250
2026-04-09 12:34:12      epoch  17  loss 2.3174  acc 0.1239  val_loss 2.2804  val_acc 0.1667
2026-04-09 12:34:12      epoch  18  loss 2.2902  acc 0.1055  val_loss 2.2802  val_acc 0.2083
2026-04-09 12:34:12      epoch  19  loss 2.2795  acc 0.1147  val_loss 2.2796  val_acc 0.2083
2026-04-09 12:34:12      epoch  20  loss 2.2832  acc 0.1330  val_loss 2.2796  val_acc 0.2083
2026-04-09 12:34:12      epoch  21  loss 2.2869  acc 0.1193  val_loss 2.2781  val_acc 0.2083
2026-04-09 12:34:12      epoch  22  loss 2.3108  acc 0.0780  val_loss 2.2784  val_acc 0.2083
2026-04-09 12:34:12      epoch  23  loss 2.2777  acc 0.1193  val_loss 2.2794  val_acc 0.2083
2026-04-09 12:34:13      epoch  24  loss 2.3050  acc 0.1147  val_loss 2.2813  val_acc 0.2083
2026-04-09 12:34:13      epoch  25  loss 2.2961  acc 0.1468  val_loss 2.2847  val_acc 0.2083
2026-04-09 12:34:13      epoch  26  loss 2.2753  acc 0.1651  val_loss 2.2883  val_acc 0.1250
2026-04-09 12:34:13      epoch  27  loss 2.3152  acc 0.1055  val_loss 2.2897  val_acc 0.1250
2026-04-09 12:34:13      epoch  28  loss 2.2770  acc 0.1422  val_loss 2.2912  val_acc 0.1250
2026-04-09 12:34:13      epoch  29  loss 2.2882  acc 0.1193  val_loss 2.2929  val_acc 0.1250
2026-04-09 12:34:13      Early stopping at epoch 29
2026-04-09 12:34:13      User4 accuracy: 0.3000
2026-04-09 12:34:13    ─── LOSO fold: User5 (test=9, train=243)
2026-04-09 12:34:13      epoch   1  loss 2.4060  acc 0.0822  val_loss 2.3896  val_acc 0.1250
2026-04-09 12:34:14      epoch   2  loss 2.3995  acc 0.0822  val_loss 2.3836  val_acc 0.1250
2026-04-09 12:34:14      epoch   3  loss 2.3923  acc 0.0776  val_loss 2.3773  val_acc 0.1250
2026-04-09 12:34:14      epoch   4  loss 2.3870  acc 0.1324  val_loss 2.3698  val_acc 0.1250
2026-04-09 12:34:14      epoch   5  loss 2.3782  acc 0.1096  val_loss 2.3599  val_acc 0.0833
2026-04-09 12:34:14      epoch   6  loss 2.3714  acc 0.1324  val_loss 2.3465  val_acc 0.0833
2026-04-09 12:34:14      epoch   7  loss 2.3623  acc 0.1416  val_loss 2.3297  val_acc 0.0833
2026-04-09 12:34:14      epoch   8  loss 2.3276  acc 0.1598  val_loss 2.3179  val_acc 0.0833
2026-04-09 12:34:15      epoch   9  loss 2.3253  acc 0.1553  val_loss 2.3160  val_acc 0.0833
2026-04-09 12:34:15      epoch  10  loss 2.3063  acc 0.1370  val_loss 2.3110  val_acc 0.0833
2026-04-09 12:34:15      epoch  11  loss 2.3264  acc 0.1416  val_loss 2.2992  val_acc 0.0833
2026-04-09 12:34:15      epoch  12  loss 2.3167  acc 0.1416  val_loss 2.2865  val_acc 0.0833
2026-04-09 12:34:15      epoch  13  loss 2.3302  acc 0.1142  val_loss 2.2752  val_acc 0.0833
2026-04-09 12:34:15      epoch  14  loss 2.3286  acc 0.1005  val_loss 2.2649  val_acc 0.0833
2026-04-09 12:34:15      epoch  15  loss 2.3254  acc 0.1233  val_loss 2.2608  val_acc 0.0833
2026-04-09 12:34:16      epoch  16  loss 2.3176  acc 0.1279  val_loss 2.2617  val_acc 0.0833
2026-04-09 12:34:16      epoch  17  loss 2.3201  acc 0.1142  val_loss 2.2681  val_acc 0.0833
2026-04-09 12:34:16      epoch  18  loss 2.2938  acc 0.1461  val_loss 2.2759  val_acc 0.0833
2026-04-09 12:34:16      epoch  19  loss 2.2944  acc 0.1096  val_loss 2.2834  val_acc 0.0833
2026-04-09 12:34:16      epoch  20  loss 2.2915  acc 0.1279  val_loss 2.2892  val_acc 0.0833
2026-04-09 12:34:16      epoch  21  loss 2.3026  acc 0.1187  val_loss 2.2922  val_acc 0.0833
2026-04-09 12:34:16      epoch  22  loss 2.2913  acc 0.1324  val_loss 2.2943  val_acc 0.0833
2026-04-09 12:34:16      epoch  23  loss 2.3071  acc 0.1461  val_loss 2.2967  val_acc 0.0833
2026-04-09 12:34:16      Early stopping at epoch 23
2026-04-09 12:34:16      User5 accuracy: 0.2222
2026-04-09 12:34:16    ─── LOSO fold: User6 (test=10, train=242)
2026-04-09 12:34:17      epoch   1  loss 2.3881  acc 0.1055  val_loss 2.3768  val_acc 0.1667
2026-04-09 12:34:17      epoch   2  loss 2.3776  acc 0.1101  val_loss 2.3700  val_acc 0.1667
2026-04-09 12:34:17      epoch   3  loss 2.3731  acc 0.1560  val_loss 2.3627  val_acc 0.0417
2026-04-09 12:34:17      epoch   4  loss 2.3663  acc 0.1422  val_loss 2.3526  val_acc 0.2500
2026-04-09 12:34:17      epoch   5  loss 2.3628  acc 0.1284  val_loss 2.3373  val_acc 0.2500
2026-04-09 12:34:17      epoch   6  loss 2.3504  acc 0.1514  val_loss 2.3143  val_acc 0.2500
2026-04-09 12:34:18      epoch   7  loss 2.3398  acc 0.1055  val_loss 2.2851  val_acc 0.2500
2026-04-09 12:34:18      epoch   8  loss 2.3130  acc 0.1147  val_loss 2.2605  val_acc 0.2500
2026-04-09 12:34:18      epoch   9  loss 2.3070  acc 0.1330  val_loss 2.2592  val_acc 0.2500
2026-04-09 12:34:18      epoch  10  loss 2.3286  acc 0.1284  val_loss 2.2649  val_acc 0.2500
2026-04-09 12:34:18      epoch  11  loss 2.2972  acc 0.1422  val_loss 2.2693  val_acc 0.2500
2026-04-09 12:34:18      epoch  12  loss 2.3026  acc 0.1193  val_loss 2.2749  val_acc 0.1667
2026-04-09 12:34:18      epoch  13  loss 2.2942  acc 0.1376  val_loss 2.2813  val_acc 0.1667
2026-04-09 12:34:18      epoch  14  loss 2.2960  acc 0.1009  val_loss 2.2864  val_acc 0.1667
2026-04-09 12:34:19      epoch  15  loss 2.2920  acc 0.1330  val_loss 2.2888  val_acc 0.1667
2026-04-09 12:34:19      epoch  16  loss 2.2852  acc 0.1193  val_loss 2.2899  val_acc 0.1667
2026-04-09 12:34:19      epoch  17  loss 2.2928  acc 0.1376  val_loss 2.2900  val_acc 0.1667
2026-04-09 12:34:19      Early stopping at epoch 17
2026-04-09 12:34:19      User6 accuracy: 0.1000
2026-04-09 12:34:19    ─── LOSO fold: User7 (test=34, train=218)
2026-04-09 12:34:19      epoch   1  loss 2.3893  acc 0.0812  val_loss 2.3991  val_acc 0.0952
2026-04-09 12:34:19      epoch   2  loss 2.3877  acc 0.0964  val_loss 2.3940  val_acc 0.0952
2026-04-09 12:34:19      epoch   3  loss 2.3755  acc 0.1320  val_loss 2.3885  val_acc 0.0952
2026-04-09 12:34:19      epoch   4  loss 2.3750  acc 0.0914  val_loss 2.3825  val_acc 0.0952
2026-04-09 12:34:19      epoch   5  loss 2.3659  acc 0.1015  val_loss 2.3756  val_acc 0.0476
2026-04-09 12:34:20      epoch   6  loss 2.3642  acc 0.1066  val_loss 2.3658  val_acc 0.1905
2026-04-09 12:34:20      epoch   7  loss 2.3485  acc 0.1472  val_loss 2.3523  val_acc 0.1905
2026-04-09 12:34:20      epoch   8  loss 2.3341  acc 0.1421  val_loss 2.3351  val_acc 0.1905
2026-04-09 12:34:20      epoch   9  loss 2.3250  acc 0.1371  val_loss 2.3187  val_acc 0.1905
2026-04-09 12:34:20      epoch  10  loss 2.2965  acc 0.1523  val_loss 2.3113  val_acc 0.1905
2026-04-09 12:34:20      epoch  11  loss 2.3143  acc 0.1421  val_loss 2.3107  val_acc 0.1905
2026-04-09 12:34:20      epoch  12  loss 2.2992  acc 0.1371  val_loss 2.3096  val_acc 0.1905
2026-04-09 12:34:20      epoch  13  loss 2.2853  acc 0.1523  val_loss 2.3134  val_acc 0.1905
2026-04-09 12:34:21      epoch  14  loss 2.2927  acc 0.1168  val_loss 2.3217  val_acc 0.1905
2026-04-09 12:34:21      epoch  15  loss 2.2956  acc 0.1066  val_loss 2.3313  val_acc 0.1429
2026-04-09 12:34:21      epoch  16  loss 2.2984  acc 0.1269  val_loss 2.3456  val_acc 0.0476
2026-04-09 12:34:21      epoch  17  loss 2.2846  acc 0.1472  val_loss 2.3614  val_acc 0.0476
2026-04-09 12:34:21      epoch  18  loss 2.2917  acc 0.1269  val_loss 2.3705  val_acc 0.0476
2026-04-09 12:34:21      epoch  19  loss 2.2864  acc 0.1371  val_loss 2.3817  val_acc 0.0476
2026-04-09 12:34:21      epoch  20  loss 2.2628  acc 0.1624  val_loss 2.3928  val_acc 0.0476
2026-04-09 12:34:21      Early stopping at epoch 20
2026-04-09 12:34:21      User7 accuracy: 0.1176
2026-04-09 12:34:21    ─── LOSO fold: User8 (test=28, train=224)
2026-04-09 12:34:21      epoch   1  loss 2.4120  acc 0.0347  val_loss 2.4035  val_acc 0.0909
2026-04-09 12:34:21      epoch   2  loss 2.4053  acc 0.0941  val_loss 2.3969  val_acc 0.0909
2026-04-09 12:34:22      epoch   3  loss 2.3974  acc 0.1089  val_loss 2.3898  val_acc 0.1364
2026-04-09 12:34:22      epoch   4  loss 2.3891  acc 0.1386  val_loss 2.3814  val_acc 0.1364
2026-04-09 12:34:22      epoch   5  loss 2.3839  acc 0.1436  val_loss 2.3708  val_acc 0.1364
2026-04-09 12:34:22      epoch   6  loss 2.3745  acc 0.1436  val_loss 2.3557  val_acc 0.1364
2026-04-09 12:34:22      epoch   7  loss 2.3576  acc 0.1337  val_loss 2.3343  val_acc 0.1364
2026-04-09 12:34:22      epoch   8  loss 2.3383  acc 0.1485  val_loss 2.3112  val_acc 0.1364
2026-04-09 12:34:22      epoch   9  loss 2.3059  acc 0.1535  val_loss 2.3076  val_acc 0.1364
2026-04-09 12:34:22      epoch  10  loss 2.3002  acc 0.1634  val_loss 2.3198  val_acc 0.1364
2026-04-09 12:34:23      epoch  11  loss 2.3147  acc 0.1386  val_loss 2.3232  val_acc 0.1364
2026-04-09 12:34:23      epoch  12  loss 2.3138  acc 0.1337  val_loss 2.3201  val_acc 0.1364
2026-04-09 12:34:23      epoch  13  loss 2.3051  acc 0.1238  val_loss 2.3177  val_acc 0.1364
2026-04-09 12:34:23      epoch  14  loss 2.3058  acc 0.1386  val_loss 2.3166  val_acc 0.1364
2026-04-09 12:34:23      epoch  15  loss 2.2942  acc 0.1188  val_loss 2.3168  val_acc 0.1364
2026-04-09 12:34:23      epoch  16  loss 2.3014  acc 0.1040  val_loss 2.3171  val_acc 0.1364
2026-04-09 12:34:23      epoch  17  loss 2.2997  acc 0.1386  val_loss 2.3162  val_acc 0.1364
2026-04-09 12:34:23      Early stopping at epoch 17
2026-04-09 12:34:23      User8 accuracy: 0.1429
2026-04-09 12:34:23    ─── LOSO fold: User9 (test=34, train=218)
2026-04-09 12:34:24      epoch   1  loss 2.4048  acc 0.0609  val_loss 2.3994  val_acc 0.0952
2026-04-09 12:34:24      epoch   2  loss 2.4017  acc 0.0812  val_loss 2.3940  val_acc 0.0952
2026-04-09 12:34:24      epoch   3  loss 2.3969  acc 0.1015  val_loss 2.3883  val_acc 0.1905
2026-04-09 12:34:24      epoch   4  loss 2.3901  acc 0.1218  val_loss 2.3810  val_acc 0.1905
2026-04-09 12:34:24      epoch   5  loss 2.3816  acc 0.1777  val_loss 2.3705  val_acc 0.1905
2026-04-09 12:34:24      epoch   6  loss 2.3716  acc 0.1523  val_loss 2.3552  val_acc 0.1905
2026-04-09 12:34:24      epoch   7  loss 2.3646  acc 0.1320  val_loss 2.3328  val_acc 0.1905
2026-04-09 12:34:25      epoch   8  loss 2.3494  acc 0.1320  val_loss 2.3051  val_acc 0.1905
2026-04-09 12:34:25      epoch   9  loss 2.3216  acc 0.1117  val_loss 2.2834  val_acc 0.1905
2026-04-09 12:34:25      epoch  10  loss 2.3250  acc 0.1269  val_loss 2.2705  val_acc 0.1905
2026-04-09 12:34:25      epoch  11  loss 2.2736  acc 0.1218  val_loss 2.2608  val_acc 0.1905
2026-04-09 12:34:25      epoch  12  loss 2.3078  acc 0.1320  val_loss 2.2547  val_acc 0.1905
2026-04-09 12:34:25      epoch  13  loss 2.3336  acc 0.1066  val_loss 2.2498  val_acc 0.1905
2026-04-09 12:34:25      epoch  14  loss 2.3131  acc 0.1117  val_loss 2.2465  val_acc 0.1905
2026-04-09 12:34:25      epoch  15  loss 2.3181  acc 0.0914  val_loss 2.2449  val_acc 0.1905
2026-04-09 12:34:26      epoch  16  loss 2.3015  acc 0.1218  val_loss 2.2429  val_acc 0.1905
2026-04-09 12:34:26      epoch  17  loss 2.3214  acc 0.1168  val_loss 2.2430  val_acc 0.1905
2026-04-09 12:34:26      epoch  18  loss 2.2725  acc 0.1472  val_loss 2.2451  val_acc 0.1905
2026-04-09 12:34:26      epoch  19  loss 2.2982  acc 0.1421  val_loss 2.2491  val_acc 0.1905
2026-04-09 12:34:26      epoch  20  loss 2.3133  acc 0.1066  val_loss 2.2556  val_acc 0.1905
2026-04-09 12:34:26      epoch  21  loss 2.2777  acc 0.1472  val_loss 2.2609  val_acc 0.1905
2026-04-09 12:34:26      epoch  22  loss 2.2984  acc 0.1066  val_loss 2.2631  val_acc 0.1905
2026-04-09 12:34:26      epoch  23  loss 2.2873  acc 0.1523  val_loss 2.2659  val_acc 0.1905
2026-04-09 12:34:27      epoch  24  loss 2.3208  acc 0.1117  val_loss 2.2688  val_acc 0.1905
2026-04-09 12:34:27      Early stopping at epoch 24
2026-04-09 12:34:27      User9 accuracy: 0.1176
2026-04-09 12:34:27    ─── LOSO fold: User10 (test=34, train=218)
2026-04-09 12:34:27      epoch   1  loss 2.4036  acc 0.0558  val_loss 2.3901  val_acc 0.2381
2026-04-09 12:34:27      epoch   2  loss 2.3983  acc 0.1066  val_loss 2.3818  val_acc 0.2381
2026-04-09 12:34:27      epoch   3  loss 2.3924  acc 0.1117  val_loss 2.3724  val_acc 0.2381
2026-04-09 12:34:27      epoch   4  loss 2.3860  acc 0.1168  val_loss 2.3609  val_acc 0.1905
2026-04-09 12:34:27      epoch   5  loss 2.3758  acc 0.1117  val_loss 2.3450  val_acc 0.1905
2026-04-09 12:34:27      epoch   6  loss 2.3710  acc 0.1218  val_loss 2.3208  val_acc 0.1905
2026-04-09 12:34:28      epoch   7  loss 2.3550  acc 0.1269  val_loss 2.2848  val_acc 0.1905
2026-04-09 12:34:28      epoch   8  loss 2.3431  acc 0.1472  val_loss 2.2430  val_acc 0.1905
2026-04-09 12:34:28      epoch   9  loss 2.3154  acc 0.1574  val_loss 2.2237  val_acc 0.1905
2026-04-09 12:34:28      epoch  10  loss 2.3060  acc 0.1218  val_loss 2.2258  val_acc 0.1905
2026-04-09 12:34:28      epoch  11  loss 2.3195  acc 0.1066  val_loss 2.2378  val_acc 0.1905
2026-04-09 12:34:28      epoch  12  loss 2.2978  acc 0.1218  val_loss 2.2539  val_acc 0.1905
2026-04-09 12:34:28      epoch  13  loss 2.3227  acc 0.1269  val_loss 2.2702  val_acc 0.1905
2026-04-09 12:34:28      epoch  14  loss 2.3223  acc 0.1472  val_loss 2.2851  val_acc 0.1905
2026-04-09 12:34:29      epoch  15  loss 2.3166  acc 0.1421  val_loss 2.2904  val_acc 0.1905
2026-04-09 12:34:29      epoch  16  loss 2.3028  acc 0.1472  val_loss 2.2941  val_acc 0.1905
2026-04-09 12:34:29      epoch  17  loss 2.3208  acc 0.1320  val_loss 2.2953  val_acc 0.1905
2026-04-09 12:34:29      Early stopping at epoch 17
2026-04-09 12:34:29      User10 accuracy: 0.1176
2026-04-09 12:34:29    ─── LOSO fold: User11 (test=35, train=217)
2026-04-09 12:34:29      epoch   1  loss 2.4011  acc 0.0918  val_loss 2.3917  val_acc 0.0952
2026-04-09 12:34:29      epoch   2  loss 2.3962  acc 0.1071  val_loss 2.3860  val_acc 0.0952
2026-04-09 12:34:29      epoch   3  loss 2.3890  acc 0.1122  val_loss 2.3800  val_acc 0.0952
2026-04-09 12:34:29      epoch   4  loss 2.3822  acc 0.1276  val_loss 2.3730  val_acc 0.0952
2026-04-09 12:34:29      epoch   5  loss 2.3808  acc 0.0918  val_loss 2.3637  val_acc 0.1429
2026-04-09 12:34:29      epoch   6  loss 2.3704  acc 0.1224  val_loss 2.3505  val_acc 0.1905
2026-04-09 12:34:30      epoch   7  loss 2.3624  acc 0.1327  val_loss 2.3308  val_acc 0.1429
2026-04-09 12:34:30      epoch   8  loss 2.3411  acc 0.1378  val_loss 2.3060  val_acc 0.1429
2026-04-09 12:34:30      epoch   9  loss 2.3343  acc 0.1327  val_loss 2.2855  val_acc 0.1429
2026-04-09 12:34:30      epoch  10  loss 2.3067  acc 0.1582  val_loss 2.2779  val_acc 0.1429
2026-04-09 12:34:30      epoch  11  loss 2.3303  acc 0.1122  val_loss 2.2777  val_acc 0.1429
2026-04-09 12:34:30      epoch  12  loss 2.2841  acc 0.1582  val_loss 2.2737  val_acc 0.1429
2026-04-09 12:34:30      epoch  13  loss 2.3049  acc 0.1327  val_loss 2.2687  val_acc 0.1429
2026-04-09 12:34:30      epoch  14  loss 2.3056  acc 0.1327  val_loss 2.2651  val_acc 0.1429
2026-04-09 12:34:31      epoch  15  loss 2.2987  acc 0.1429  val_loss 2.2648  val_acc 0.1429
2026-04-09 12:34:31      epoch  16  loss 2.2924  acc 0.1378  val_loss 2.2661  val_acc 0.1429
2026-04-09 12:34:31      epoch  17  loss 2.2866  acc 0.1531  val_loss 2.2680  val_acc 0.1429
2026-04-09 12:34:31      epoch  18  loss 2.2839  acc 0.1276  val_loss 2.2702  val_acc 0.1429
2026-04-09 12:34:31      epoch  19  loss 2.3076  acc 0.1071  val_loss 2.2730  val_acc 0.1429
2026-04-09 12:34:31      epoch  20  loss 2.2857  acc 0.1327  val_loss 2.2749  val_acc 0.1429
2026-04-09 12:34:31      epoch  21  loss 2.2912  acc 0.1429  val_loss 2.2761  val_acc 0.1429
2026-04-09 12:34:31      epoch  22  loss 2.3069  acc 0.1122  val_loss 2.2777  val_acc 0.1429
2026-04-09 12:34:31      epoch  23  loss 2.3148  acc 0.1633  val_loss 2.2795  val_acc 0.1429
2026-04-09 12:34:31      Early stopping at epoch 23
2026-04-09 12:34:32      User11 accuracy: 0.1143
2026-04-09 12:34:32    ─── LOSO fold: User12 (test=30, train=222)
2026-04-09 12:34:32      epoch   1  loss 2.4027  acc 0.1100  val_loss 2.4005  val_acc 0.0455
2026-04-09 12:34:32      epoch   2  loss 2.3993  acc 0.1200  val_loss 2.3951  val_acc 0.0455
2026-04-09 12:34:32      epoch   3  loss 2.3943  acc 0.1000  val_loss 2.3893  val_acc 0.0455
2026-04-09 12:34:32      epoch   4  loss 2.3878  acc 0.1400  val_loss 2.3827  val_acc 0.1364
2026-04-09 12:34:32      epoch   5  loss 2.3783  acc 0.1250  val_loss 2.3744  val_acc 0.1818
2026-04-09 12:34:32      epoch   6  loss 2.3704  acc 0.1150  val_loss 2.3629  val_acc 0.0909
2026-04-09 12:34:33      epoch   7  loss 2.3588  acc 0.1200  val_loss 2.3474  val_acc 0.0909
2026-04-09 12:34:33      epoch   8  loss 2.3318  acc 0.1750  val_loss 2.3289  val_acc 0.0909
2026-04-09 12:34:33      epoch   9  loss 2.3333  acc 0.1450  val_loss 2.3174  val_acc 0.0909
2026-04-09 12:34:33      epoch  10  loss 2.3059  acc 0.1500  val_loss 2.3192  val_acc 0.0909
2026-04-09 12:34:33      epoch  11  loss 2.3060  acc 0.1600  val_loss 2.3197  val_acc 0.0909
2026-04-09 12:34:33      epoch  12  loss 2.3256  acc 0.1450  val_loss 2.3114  val_acc 0.0909
2026-04-09 12:34:33      epoch  13  loss 2.3257  acc 0.1300  val_loss 2.2996  val_acc 0.0909
2026-04-09 12:34:33      epoch  14  loss 2.3394  acc 0.1000  val_loss 2.2920  val_acc 0.0909
2026-04-09 12:34:34      epoch  15  loss 2.3265  acc 0.0900  val_loss 2.2897  val_acc 0.0909
2026-04-09 12:34:34      epoch  16  loss 2.3171  acc 0.1400  val_loss 2.2907  val_acc 0.0909
2026-04-09 12:34:34      epoch  17  loss 2.2977  acc 0.1300  val_loss 2.2918  val_acc 0.0909
2026-04-09 12:34:34      epoch  18  loss 2.3083  acc 0.1000  val_loss 2.2935  val_acc 0.0909
2026-04-09 12:34:34      epoch  19  loss 2.3115  acc 0.1300  val_loss 2.2947  val_acc 0.0909
2026-04-09 12:34:34      epoch  20  loss 2.3045  acc 0.1150  val_loss 2.2955  val_acc 0.0909
2026-04-09 12:34:34      epoch  21  loss 2.3144  acc 0.1200  val_loss 2.2956  val_acc 0.0909
2026-04-09 12:34:34      epoch  22  loss 2.2919  acc 0.1200  val_loss 2.2956  val_acc 0.0909
2026-04-09 12:34:34      epoch  23  loss 2.3008  acc 0.1300  val_loss 2.2956  val_acc 0.0909
2026-04-09 12:34:34      Early stopping at epoch 23
2026-04-09 12:34:35      User12 accuracy: 0.1333
2026-04-09 12:34:35  
2026-04-09 12:34:35  Mean acc: 0.1700  Std: 0.0671
2026-04-09 12:34:35  
                            precision    recall  f1-score   support

         Sitting – Reading       0.00      0.00      0.00        25
         Sitting – Writing       0.00      0.00      0.00        27
         Computer – Typing       0.00      0.00      0.00        28
       Computer – Browsing       0.00      0.00      0.00        31
Sitting – Moving head/body       0.00      0.00      0.00        26
    Sitting – Moving chair       0.00      0.00      0.00        29
     Stand up from sitting       0.14      1.00      0.25        36
                  Standing       0.00      0.00      0.00        15
                   Walking       0.00      0.00      0.00        18
                   Running       0.00      0.00      0.00        17

                  accuracy                           0.14       252
                 macro avg       0.01      0.10      0.03       252
              weighted avg       0.02      0.14      0.04       252

