2026-04-09 12:30:24  ========================================================================
2026-04-09 12:30:24  Modality: mag  |  sensors: ['Magnetometer']  |  3 ch  |  window=500  overlap=0%  step=500
2026-04-09 12:30:24  Device: cuda:3  |  Log: /home/mahmudm2/codebase/ClassyGlass/scripts/benchmark/logs/sensor_mag_W500_S500.log
2026-04-09 12:30:24  ========================================================================
2026-04-09 12:30:27  Loaded 514 windows | sensors=['Magnetometer'] (3 ch) | window=500  step=500 | skipped=0 experiments
2026-04-09 12:30:27    ─── LOSO fold: User1 (test=29, train=485)
2026-04-09 12:30:27      epoch   1  loss 2.3885  acc 0.1259  val_loss 2.3806  val_acc 0.1458
2026-04-09 12:30:27      epoch   2  loss 2.3810  acc 0.1327  val_loss 2.3739  val_acc 0.1458
2026-04-09 12:30:28      epoch   3  loss 2.3730  acc 0.1373  val_loss 2.3630  val_acc 0.1458
2026-04-09 12:30:28      epoch   4  loss 2.3628  acc 0.1373  val_loss 2.3409  val_acc 0.1458
2026-04-09 12:30:28      epoch   5  loss 2.3405  acc 0.1533  val_loss 2.3041  val_acc 0.1458
2026-04-09 12:30:29      epoch   6  loss 2.3011  acc 0.1350  val_loss 2.2465  val_acc 0.1458
2026-04-09 12:30:29      epoch   7  loss 2.2221  acc 0.1739  val_loss 2.1800  val_acc 0.1250
2026-04-09 12:30:29      epoch   8  loss 2.1315  acc 0.2220  val_loss 2.1064  val_acc 0.1042
2026-04-09 12:30:29      epoch   9  loss 2.0587  acc 0.2174  val_loss 2.0554  val_acc 0.1042
2026-04-09 12:30:30      epoch  10  loss 1.9922  acc 0.2334  val_loss 2.0909  val_acc 0.2292
2026-04-09 12:30:30      epoch  11  loss 1.9999  acc 0.2082  val_loss 2.0570  val_acc 0.2708
2026-04-09 12:30:30      epoch  12  loss 1.9436  acc 0.1991  val_loss 1.9182  val_acc 0.1458
2026-04-09 12:30:30      epoch  13  loss 1.9017  acc 0.2037  val_loss 1.8415  val_acc 0.1667
2026-04-09 12:30:31      epoch  14  loss 1.9602  acc 0.2151  val_loss 2.1208  val_acc 0.1458
2026-04-09 12:30:31      epoch  15  loss 2.2075  acc 0.1808  val_loss 2.1938  val_acc 0.1458
2026-04-09 12:30:31      epoch  16  loss 2.2496  acc 0.1785  val_loss 2.0365  val_acc 0.1458
2026-04-09 12:30:31      epoch  17  loss 1.9472  acc 0.2265  val_loss 1.8737  val_acc 0.1875
2026-04-09 12:30:32      epoch  18  loss 1.8615  acc 0.2311  val_loss 2.0496  val_acc 0.1458
2026-04-09 12:30:32      epoch  19  loss 1.8686  acc 0.2517  val_loss 2.1105  val_acc 0.1250
2026-04-09 12:30:32      epoch  20  loss 1.8862  acc 0.2288  val_loss 2.0346  val_acc 0.1458
2026-04-09 12:30:32      epoch  21  loss 1.8625  acc 0.2517  val_loss 1.9685  val_acc 0.1458
2026-04-09 12:30:32      Early stopping at epoch 21
2026-04-09 12:30:32      User1 accuracy: 0.1379
2026-04-09 12:30:33    ─── LOSO fold: User2 (test=24, train=490)
2026-04-09 12:30:33      epoch   1  loss 2.3908  acc 0.1111  val_loss 2.3861  val_acc 0.1224
2026-04-09 12:30:33      epoch   2  loss 2.3823  acc 0.1315  val_loss 2.3758  val_acc 0.1224
2026-04-09 12:30:33      epoch   3  loss 2.3732  acc 0.1338  val_loss 2.3615  val_acc 0.1224
2026-04-09 12:30:34      epoch   4  loss 2.3643  acc 0.1315  val_loss 2.3395  val_acc 0.1224
2026-04-09 12:30:34      epoch   5  loss 2.3344  acc 0.1315  val_loss 2.3007  val_acc 0.1429
2026-04-09 12:30:34      epoch   6  loss 2.2914  acc 0.1293  val_loss 2.2205  val_acc 0.1837
2026-04-09 12:30:34      epoch   7  loss 2.2255  acc 0.1701  val_loss 2.1196  val_acc 0.1429
2026-04-09 12:30:35      epoch   8  loss 2.1299  acc 0.2154  val_loss 2.0267  val_acc 0.1224
2026-04-09 12:30:35      epoch   9  loss 2.0516  acc 0.2177  val_loss 1.9523  val_acc 0.1633
2026-04-09 12:30:35      epoch  10  loss 2.0187  acc 0.2472  val_loss 1.8897  val_acc 0.2245
2026-04-09 12:30:35      epoch  11  loss 1.9722  acc 0.2358  val_loss 1.8167  val_acc 0.2857
2026-04-09 12:30:36      epoch  12  loss 1.9803  acc 0.2200  val_loss 1.8528  val_acc 0.2245
2026-04-09 12:30:36      epoch  13  loss 1.9819  acc 0.2381  val_loss 1.8088  val_acc 0.2245
2026-04-09 12:30:36      epoch  14  loss 1.9343  acc 0.2517  val_loss 1.7862  val_acc 0.2245
2026-04-09 12:30:36      epoch  15  loss 1.9240  acc 0.2313  val_loss 1.7851  val_acc 0.3061
2026-04-09 12:30:36      epoch  16  loss 1.8711  acc 0.2744  val_loss 1.7646  val_acc 0.2041
2026-04-09 12:30:37      epoch  17  loss 1.8406  acc 0.2676  val_loss 1.8515  val_acc 0.1429
2026-04-09 12:30:37      epoch  18  loss 1.9413  acc 0.2676  val_loss 1.8016  val_acc 0.2041
2026-04-09 12:30:37      epoch  19  loss 1.8789  acc 0.2517  val_loss 1.7415  val_acc 0.2041
2026-04-09 12:30:37      epoch  20  loss 1.8526  acc 0.2630  val_loss 1.7968  val_acc 0.2449
2026-04-09 12:30:38      epoch  21  loss 1.9044  acc 0.2698  val_loss 1.7965  val_acc 0.1633
2026-04-09 12:30:38      epoch  22  loss 1.8709  acc 0.2426  val_loss 1.7104  val_acc 0.2245
2026-04-09 12:30:38      epoch  23  loss 1.7948  acc 0.2789  val_loss 1.7534  val_acc 0.2449
2026-04-09 12:30:38      epoch  24  loss 1.8079  acc 0.2721  val_loss 1.7430  val_acc 0.2857
2026-04-09 12:30:39      epoch  25  loss 1.8094  acc 0.2449  val_loss 1.7389  val_acc 0.3061
2026-04-09 12:30:39      epoch  26  loss 1.7805  acc 0.2744  val_loss 1.6923  val_acc 0.3265
2026-04-09 12:30:39      epoch  27  loss 1.7574  acc 0.2812  val_loss 1.6558  val_acc 0.2653
2026-04-09 12:30:39      epoch  28  loss 1.7637  acc 0.2971  val_loss 1.6403  val_acc 0.2245
2026-04-09 12:30:40      epoch  29  loss 1.7050  acc 0.3107  val_loss 1.6823  val_acc 0.2245
2026-04-09 12:30:40      epoch  30  loss 1.7486  acc 0.3175  val_loss 1.6140  val_acc 0.2449
2026-04-09 12:30:40      epoch  31  loss 1.6813  acc 0.3197  val_loss 1.6375  val_acc 0.2653
2026-04-09 12:30:40      epoch  32  loss 1.7082  acc 0.2902  val_loss 1.6592  val_acc 0.2449
2026-04-09 12:30:41      epoch  33  loss 1.6854  acc 0.2880  val_loss 1.7452  val_acc 0.2041
2026-04-09 12:30:41      epoch  34  loss 1.8513  acc 0.2653  val_loss 1.9141  val_acc 0.1633
2026-04-09 12:30:41      epoch  35  loss 1.9147  acc 0.2426  val_loss 1.6792  val_acc 0.2857
2026-04-09 12:30:41      epoch  36  loss 1.7888  acc 0.2698  val_loss 1.6664  val_acc 0.2857
2026-04-09 12:30:42      epoch  37  loss 1.7687  acc 0.2993  val_loss 1.6555  val_acc 0.2653
2026-04-09 12:30:42      epoch  38  loss 1.7140  acc 0.3265  val_loss 1.6250  val_acc 0.2653
2026-04-09 12:30:42      Early stopping at epoch 38
2026-04-09 12:30:42      User2 accuracy: 0.3333
2026-04-09 12:30:42    ─── LOSO fold: User3 (test=24, train=490)
2026-04-09 12:30:42      epoch   1  loss 2.3912  acc 0.1043  val_loss 2.3798  val_acc 0.1633
2026-04-09 12:30:43      epoch   2  loss 2.3846  acc 0.1156  val_loss 2.3728  val_acc 0.1633
2026-04-09 12:30:43      epoch   3  loss 2.3757  acc 0.1043  val_loss 2.3619  val_acc 0.2857
2026-04-09 12:30:43      epoch   4  loss 2.3627  acc 0.1224  val_loss 2.3423  val_acc 0.1429
2026-04-09 12:30:43      epoch   5  loss 2.3377  acc 0.1701  val_loss 2.3079  val_acc 0.1633
2026-04-09 12:30:44      epoch   6  loss 2.2890  acc 0.2041  val_loss 2.2357  val_acc 0.1633
2026-04-09 12:30:44      epoch   7  loss 2.2085  acc 0.2041  val_loss 2.1370  val_acc 0.1020
2026-04-09 12:30:44      epoch   8  loss 2.1232  acc 0.2222  val_loss 2.0436  val_acc 0.0816
2026-04-09 12:30:44      epoch   9  loss 2.0920  acc 0.1859  val_loss 1.9914  val_acc 0.1020
2026-04-09 12:30:45      epoch  10  loss 2.0327  acc 0.2132  val_loss 1.9547  val_acc 0.1837
2026-04-09 12:30:45      epoch  11  loss 2.0081  acc 0.2177  val_loss 1.8686  val_acc 0.2449
2026-04-09 12:30:45      epoch  12  loss 1.9962  acc 0.1927  val_loss 1.8766  val_acc 0.2245
2026-04-09 12:30:45      epoch  13  loss 2.0135  acc 0.2109  val_loss 1.8214  val_acc 0.2245
2026-04-09 12:30:46      epoch  14  loss 1.9368  acc 0.2290  val_loss 1.8238  val_acc 0.2245
2026-04-09 12:30:46      epoch  15  loss 1.8848  acc 0.2517  val_loss 1.7834  val_acc 0.2857
2026-04-09 12:30:46      epoch  16  loss 1.8281  acc 0.2177  val_loss 1.7882  val_acc 0.2245
2026-04-09 12:30:47      epoch  17  loss 1.8137  acc 0.2517  val_loss 1.7770  val_acc 0.1633
2026-04-09 12:30:47      epoch  18  loss 1.7909  acc 0.2540  val_loss 1.7519  val_acc 0.1837
2026-04-09 12:30:47      epoch  19  loss 1.7568  acc 0.2676  val_loss 1.6726  val_acc 0.2857
2026-04-09 12:30:47      epoch  20  loss 1.8033  acc 0.2630  val_loss 1.6814  val_acc 0.2041
2026-04-09 12:30:48      epoch  21  loss 1.7807  acc 0.2517  val_loss 1.6900  val_acc 0.2041
2026-04-09 12:30:48      epoch  22  loss 1.7491  acc 0.2857  val_loss 1.7361  val_acc 0.1633
2026-04-09 12:30:48      epoch  23  loss 1.8028  acc 0.2449  val_loss 1.6551  val_acc 0.3061
2026-04-09 12:30:48      epoch  24  loss 1.7904  acc 0.2540  val_loss 1.6324  val_acc 0.3265
2026-04-09 12:30:49      epoch  25  loss 1.7476  acc 0.2789  val_loss 1.6610  val_acc 0.2653
2026-04-09 12:30:49      epoch  26  loss 1.7567  acc 0.2834  val_loss 1.6261  val_acc 0.3061
2026-04-09 12:30:49      epoch  27  loss 1.6800  acc 0.3039  val_loss 1.6117  val_acc 0.3061
2026-04-09 12:30:49      epoch  28  loss 1.6819  acc 0.3175  val_loss 1.6135  val_acc 0.3061
2026-04-09 12:30:50      epoch  29  loss 1.6576  acc 0.3175  val_loss 1.6066  val_acc 0.2449
2026-04-09 12:30:50      epoch  30  loss 1.6503  acc 0.3401  val_loss 1.6388  val_acc 0.2653
2026-04-09 12:30:50      epoch  31  loss 1.6715  acc 0.3152  val_loss 1.5989  val_acc 0.2857
2026-04-09 12:30:50      epoch  32  loss 1.6948  acc 0.3129  val_loss 1.5795  val_acc 0.3061
2026-04-09 12:30:50      epoch  33  loss 1.6549  acc 0.3152  val_loss 1.6306  val_acc 0.2857
2026-04-09 12:30:51      epoch  34  loss 1.6669  acc 0.3084  val_loss 1.6537  val_acc 0.2653
2026-04-09 12:30:51      epoch  35  loss 1.7093  acc 0.2880  val_loss 1.5738  val_acc 0.3061
2026-04-09 12:30:51      epoch  36  loss 1.6482  acc 0.3265  val_loss 1.6655  val_acc 0.2653
2026-04-09 12:30:51      epoch  37  loss 1.6768  acc 0.2902  val_loss 1.6690  val_acc 0.1837
2026-04-09 12:30:52      epoch  38  loss 1.6701  acc 0.2948  val_loss 1.6870  val_acc 0.2245
2026-04-09 12:30:52      epoch  39  loss 1.6796  acc 0.2834  val_loss 1.6347  val_acc 0.2041
2026-04-09 12:30:52      epoch  40  loss 1.6594  acc 0.2925  val_loss 1.5920  val_acc 0.2857
2026-04-09 12:30:52      epoch  41  loss 1.6751  acc 0.2971  val_loss 1.6044  val_acc 0.3061
2026-04-09 12:30:53      epoch  42  loss 1.6505  acc 0.3333  val_loss 1.6203  val_acc 0.3265
2026-04-09 12:30:53      epoch  43  loss 1.6599  acc 0.3039  val_loss 1.6383  val_acc 0.2653
2026-04-09 12:30:53      Early stopping at epoch 43
2026-04-09 12:30:53      User3 accuracy: 0.2083
2026-04-09 12:30:53    ─── LOSO fold: User4 (test=26, train=488)
2026-04-09 12:30:53      epoch   1  loss 2.3989  acc 0.0795  val_loss 2.3920  val_acc 0.0208
2026-04-09 12:30:54      epoch   2  loss 2.3898  acc 0.1068  val_loss 2.3866  val_acc 0.1458
2026-04-09 12:30:54      epoch   3  loss 2.3815  acc 0.1091  val_loss 2.3800  val_acc 0.1250
2026-04-09 12:30:54      epoch   4  loss 2.3659  acc 0.1114  val_loss 2.3632  val_acc 0.1042
2026-04-09 12:30:54      epoch   5  loss 2.3428  acc 0.1227  val_loss 2.3359  val_acc 0.0417
2026-04-09 12:30:55      epoch   6  loss 2.3100  acc 0.1068  val_loss 2.2926  val_acc 0.0625
2026-04-09 12:30:55      epoch   7  loss 2.2604  acc 0.1364  val_loss 2.2250  val_acc 0.1042
2026-04-09 12:30:55      epoch   8  loss 2.1814  acc 0.1727  val_loss 2.1268  val_acc 0.3333
2026-04-09 12:30:55      epoch   9  loss 2.1056  acc 0.1727  val_loss 2.0438  val_acc 0.2708
2026-04-09 12:30:56      epoch  10  loss 2.0457  acc 0.2205  val_loss 2.0022  val_acc 0.3333
2026-04-09 12:30:56      epoch  11  loss 2.0427  acc 0.2205  val_loss 1.9415  val_acc 0.3125
2026-04-09 12:30:56      epoch  12  loss 1.9956  acc 0.2068  val_loss 2.0014  val_acc 0.2500
2026-04-09 12:30:56      epoch  13  loss 1.9705  acc 0.1909  val_loss 1.9528  val_acc 0.2083
2026-04-09 12:30:57      epoch  14  loss 1.9258  acc 0.2273  val_loss 1.9480  val_acc 0.1875
2026-04-09 12:30:57      epoch  15  loss 1.9076  acc 0.2250  val_loss 1.9664  val_acc 0.1667
2026-04-09 12:30:57      epoch  16  loss 1.8711  acc 0.2273  val_loss 1.9053  val_acc 0.2292
2026-04-09 12:30:57      epoch  17  loss 1.8470  acc 0.2614  val_loss 1.8755  val_acc 0.3333
2026-04-09 12:30:58      epoch  18  loss 1.7977  acc 0.2795  val_loss 1.8862  val_acc 0.3542
2026-04-09 12:30:58      epoch  19  loss 1.8300  acc 0.2591  val_loss 1.8628  val_acc 0.3125
2026-04-09 12:30:58      epoch  20  loss 1.7936  acc 0.2364  val_loss 1.8460  val_acc 0.3125
2026-04-09 12:30:58      epoch  21  loss 1.7950  acc 0.2591  val_loss 1.7378  val_acc 0.2500
2026-04-09 12:30:59      epoch  22  loss 1.8002  acc 0.2750  val_loss 2.1364  val_acc 0.2083
2026-04-09 12:30:59      epoch  23  loss 1.9633  acc 0.2432  val_loss 1.8593  val_acc 0.3333
2026-04-09 12:30:59      epoch  24  loss 1.8066  acc 0.2591  val_loss 1.7971  val_acc 0.2708
2026-04-09 12:30:59      epoch  25  loss 1.7811  acc 0.2773  val_loss 1.8318  val_acc 0.3125
2026-04-09 12:30:59      epoch  26  loss 1.7697  acc 0.2523  val_loss 1.9200  val_acc 0.2500
2026-04-09 12:31:00      epoch  27  loss 1.7822  acc 0.2432  val_loss 1.9076  val_acc 0.2500
2026-04-09 12:31:00      epoch  28  loss 1.7755  acc 0.2614  val_loss 1.8817  val_acc 0.2708
2026-04-09 12:31:00      epoch  29  loss 1.7567  acc 0.2705  val_loss 1.9335  val_acc 0.2708
2026-04-09 12:31:00      Early stopping at epoch 29
2026-04-09 12:31:00      User4 accuracy: 0.1923
2026-04-09 12:31:00    ─── LOSO fold: User5 (test=27, train=487)
2026-04-09 12:31:01      epoch   1  loss 2.3954  acc 0.1230  val_loss 2.3918  val_acc 0.1250
2026-04-09 12:31:01      epoch   2  loss 2.3901  acc 0.1048  val_loss 2.3872  val_acc 0.1250
2026-04-09 12:31:01      epoch   3  loss 2.3802  acc 0.1116  val_loss 2.3794  val_acc 0.1875
2026-04-09 12:31:01      epoch   4  loss 2.3631  acc 0.1686  val_loss 2.3601  val_acc 0.2083
2026-04-09 12:31:02      epoch   5  loss 2.3418  acc 0.1390  val_loss 2.3176  val_acc 0.1250
2026-04-09 12:31:02      epoch   6  loss 2.2982  acc 0.1640  val_loss 2.2509  val_acc 0.1250
2026-04-09 12:31:02      epoch   7  loss 2.2267  acc 0.1754  val_loss 2.1607  val_acc 0.2083
2026-04-09 12:31:03      epoch   8  loss 2.1394  acc 0.1845  val_loss 2.0850  val_acc 0.1875
2026-04-09 12:31:03      epoch   9  loss 2.0960  acc 0.1800  val_loss 1.9815  val_acc 0.1667
2026-04-09 12:31:03      epoch  10  loss 2.0192  acc 0.2232  val_loss 1.9720  val_acc 0.1667
2026-04-09 12:31:03      epoch  11  loss 1.9746  acc 0.2392  val_loss 1.9669  val_acc 0.1875
2026-04-09 12:31:04      epoch  12  loss 2.0231  acc 0.2278  val_loss 1.9980  val_acc 0.1875
2026-04-09 12:31:04      epoch  13  loss 1.9617  acc 0.2346  val_loss 1.9671  val_acc 0.2083
2026-04-09 12:31:04      epoch  14  loss 1.9861  acc 0.2369  val_loss 2.0199  val_acc 0.1875
2026-04-09 12:31:04      epoch  15  loss 1.9657  acc 0.2437  val_loss 1.8648  val_acc 0.2708
2026-04-09 12:31:05      epoch  16  loss 1.9223  acc 0.2232  val_loss 1.8457  val_acc 0.2708
2026-04-09 12:31:05      epoch  17  loss 1.8948  acc 0.2278  val_loss 1.8500  val_acc 0.2292
2026-04-09 12:31:05      epoch  18  loss 1.8711  acc 0.2437  val_loss 1.8938  val_acc 0.2083
2026-04-09 12:31:05      epoch  19  loss 1.8360  acc 0.2779  val_loss 1.8287  val_acc 0.2708
2026-04-09 12:31:06      epoch  20  loss 1.8440  acc 0.2733  val_loss 1.8444  val_acc 0.2500
2026-04-09 12:31:06      epoch  21  loss 1.8396  acc 0.2688  val_loss 1.8419  val_acc 0.2917
2026-04-09 12:31:06      epoch  22  loss 1.8169  acc 0.3052  val_loss 1.8526  val_acc 0.2500
2026-04-09 12:31:06      epoch  23  loss 1.8048  acc 0.2483  val_loss 1.8552  val_acc 0.2708
2026-04-09 12:31:06      epoch  24  loss 1.8040  acc 0.2733  val_loss 1.8024  val_acc 0.2917
2026-04-09 12:31:07      epoch  25  loss 1.7827  acc 0.2688  val_loss 1.8450  val_acc 0.2708
2026-04-09 12:31:07      epoch  26  loss 1.7494  acc 0.2916  val_loss 1.8614  val_acc 0.2917
2026-04-09 12:31:07      epoch  27  loss 1.7107  acc 0.3485  val_loss 1.8537  val_acc 0.3333
2026-04-09 12:31:07      epoch  28  loss 1.7549  acc 0.3349  val_loss 1.8829  val_acc 0.2917
2026-04-09 12:31:08      epoch  29  loss 1.7782  acc 0.3075  val_loss 1.7311  val_acc 0.3542
2026-04-09 12:31:08      epoch  30  loss 1.7106  acc 0.3394  val_loss 1.9565  val_acc 0.2500
2026-04-09 12:31:08      epoch  31  loss 1.7799  acc 0.2733  val_loss 1.8711  val_acc 0.2083
2026-04-09 12:31:08      epoch  32  loss 1.7015  acc 0.3121  val_loss 1.7831  val_acc 0.2500
2026-04-09 12:31:09      epoch  33  loss 1.7451  acc 0.2893  val_loss 1.8434  val_acc 0.2708
2026-04-09 12:31:09      epoch  34  loss 1.8528  acc 0.2665  val_loss 1.9022  val_acc 0.2083
2026-04-09 12:31:09      epoch  35  loss 1.8677  acc 0.2437  val_loss 1.8978  val_acc 0.2292
2026-04-09 12:31:09      epoch  36  loss 1.8467  acc 0.2620  val_loss 1.8839  val_acc 0.1875
2026-04-09 12:31:09      epoch  37  loss 1.7899  acc 0.2620  val_loss 1.8846  val_acc 0.2083
2026-04-09 12:31:09      Early stopping at epoch 37
2026-04-09 12:31:09      User5 accuracy: 0.2963
2026-04-09 12:31:10    ─── LOSO fold: User6 (test=23, train=491)
2026-04-09 12:31:10      epoch   1  loss 2.4011  acc 0.0928  val_loss 2.3939  val_acc 0.0612
2026-04-09 12:31:10      epoch   2  loss 2.3942  acc 0.1086  val_loss 2.3814  val_acc 0.0816
2026-04-09 12:31:10      epoch   3  loss 2.3804  acc 0.1380  val_loss 2.3611  val_acc 0.2041
2026-04-09 12:31:11      epoch   4  loss 2.3583  acc 0.1493  val_loss 2.3217  val_acc 0.1837
2026-04-09 12:31:11      epoch   5  loss 2.3230  acc 0.1063  val_loss 2.2753  val_acc 0.1837
2026-04-09 12:31:11      epoch   6  loss 2.2905  acc 0.1357  val_loss 2.2319  val_acc 0.1837
2026-04-09 12:31:11      epoch   7  loss 2.2421  acc 0.1606  val_loss 2.1952  val_acc 0.1837
2026-04-09 12:31:12      epoch   8  loss 2.1402  acc 0.1810  val_loss 2.1376  val_acc 0.1224
2026-04-09 12:31:12      epoch   9  loss 2.0493  acc 0.1946  val_loss 2.0903  val_acc 0.1020
2026-04-09 12:31:12      epoch  10  loss 1.9960  acc 0.2059  val_loss 2.0601  val_acc 0.1020
2026-04-09 12:31:12      epoch  11  loss 1.9703  acc 0.1900  val_loss 2.0117  val_acc 0.2857
2026-04-09 12:31:13      epoch  12  loss 1.9265  acc 0.2104  val_loss 1.9967  val_acc 0.1837
2026-04-09 12:31:13      epoch  13  loss 1.8727  acc 0.2602  val_loss 1.9123  val_acc 0.2041
2026-04-09 12:31:13      epoch  14  loss 1.8572  acc 0.2217  val_loss 1.9498  val_acc 0.3265
2026-04-09 12:31:13      epoch  15  loss 1.8594  acc 0.2240  val_loss 1.8826  val_acc 0.3469
2026-04-09 12:31:14      epoch  16  loss 1.8067  acc 0.2579  val_loss 1.8979  val_acc 0.3469
2026-04-09 12:31:14      epoch  17  loss 1.8085  acc 0.2353  val_loss 1.9739  val_acc 0.2857
2026-04-09 12:31:14      epoch  18  loss 1.8523  acc 0.2466  val_loss 1.9806  val_acc 0.3061
2026-04-09 12:31:14      epoch  19  loss 1.8762  acc 0.2308  val_loss 1.9002  val_acc 0.2449
2026-04-09 12:31:14      epoch  20  loss 1.8029  acc 0.2647  val_loss 1.9519  val_acc 0.2449
2026-04-09 12:31:15      epoch  21  loss 1.8011  acc 0.2511  val_loss 1.9262  val_acc 0.2449
2026-04-09 12:31:15      epoch  22  loss 1.7558  acc 0.2805  val_loss 1.8980  val_acc 0.3061
2026-04-09 12:31:15      epoch  23  loss 1.7415  acc 0.2624  val_loss 1.9249  val_acc 0.3265
2026-04-09 12:31:15      Early stopping at epoch 23
2026-04-09 12:31:15      User6 accuracy: 0.2174
2026-04-09 12:31:15    ─── LOSO fold: User7 (test=64, train=450)
2026-04-09 12:31:16      epoch   1  loss 2.3996  acc 0.1012  val_loss 2.3896  val_acc 0.0889
2026-04-09 12:31:16      epoch   2  loss 2.3905  acc 0.1037  val_loss 2.3774  val_acc 0.0889
2026-04-09 12:31:16      epoch   3  loss 2.3830  acc 0.1333  val_loss 2.3589  val_acc 0.2444
2026-04-09 12:31:16      epoch   4  loss 2.3668  acc 0.1407  val_loss 2.3232  val_acc 0.2444
2026-04-09 12:31:17      epoch   5  loss 2.3455  acc 0.1481  val_loss 2.2658  val_acc 0.2222
2026-04-09 12:31:17      epoch   6  loss 2.2974  acc 0.1160  val_loss 2.1982  val_acc 0.2222
2026-04-09 12:31:17      epoch   7  loss 2.2401  acc 0.1827  val_loss 2.1396  val_acc 0.2889
2026-04-09 12:31:17      epoch   8  loss 2.1889  acc 0.1778  val_loss 2.0826  val_acc 0.2000
2026-04-09 12:31:18      epoch   9  loss 2.0996  acc 0.2247  val_loss 2.0452  val_acc 0.1556
2026-04-09 12:31:18      epoch  10  loss 2.0491  acc 0.2272  val_loss 2.0177  val_acc 0.1333
2026-04-09 12:31:18      epoch  11  loss 2.0110  acc 0.2074  val_loss 2.0116  val_acc 0.1111
2026-04-09 12:31:18      epoch  12  loss 1.9860  acc 0.2025  val_loss 2.1939  val_acc 0.1333
2026-04-09 12:31:18      epoch  13  loss 1.9967  acc 0.2099  val_loss 1.9581  val_acc 0.2667
2026-04-09 12:31:19      epoch  14  loss 1.9616  acc 0.2049  val_loss 1.9263  val_acc 0.2667
2026-04-09 12:31:19      epoch  15  loss 1.9704  acc 0.1901  val_loss 2.1158  val_acc 0.2222
2026-04-09 12:31:19      epoch  16  loss 2.0339  acc 0.2099  val_loss 1.9151  val_acc 0.2667
2026-04-09 12:31:19      epoch  17  loss 1.9057  acc 0.2494  val_loss 1.9550  val_acc 0.2222
2026-04-09 12:31:20      epoch  18  loss 1.9290  acc 0.2321  val_loss 2.0635  val_acc 0.1778
2026-04-09 12:31:20      epoch  19  loss 1.9450  acc 0.2272  val_loss 1.8658  val_acc 0.2889
2026-04-09 12:31:20      epoch  20  loss 1.8935  acc 0.2469  val_loss 1.7757  val_acc 0.2889
2026-04-09 12:31:20      epoch  21  loss 1.8512  acc 0.2444  val_loss 1.8262  val_acc 0.2889
2026-04-09 12:31:21      epoch  22  loss 1.8519  acc 0.2790  val_loss 1.8504  val_acc 0.2667
2026-04-09 12:31:21      epoch  23  loss 1.8132  acc 0.2914  val_loss 1.8591  val_acc 0.2222
2026-04-09 12:31:21      epoch  24  loss 1.8097  acc 0.2716  val_loss 1.8497  val_acc 0.2889
2026-04-09 12:31:21      epoch  25  loss 1.7889  acc 0.3062  val_loss 1.8195  val_acc 0.2222
2026-04-09 12:31:21      epoch  26  loss 1.8015  acc 0.2494  val_loss 1.9278  val_acc 0.2000
2026-04-09 12:31:22      epoch  27  loss 1.7996  acc 0.2494  val_loss 1.8308  val_acc 0.2222
2026-04-09 12:31:22      epoch  28  loss 1.7326  acc 0.3235  val_loss 1.8426  val_acc 0.2667
2026-04-09 12:31:22      Early stopping at epoch 28
2026-04-09 12:31:22      User7 accuracy: 0.2188
2026-04-09 12:31:22    ─── LOSO fold: User8 (test=55, train=459)
2026-04-09 12:31:22      epoch   1  loss 2.3981  acc 0.1014  val_loss 2.3905  val_acc 0.0889
2026-04-09 12:31:22      epoch   2  loss 2.3881  acc 0.1039  val_loss 2.3875  val_acc 0.0889
2026-04-09 12:31:23      epoch   3  loss 2.3805  acc 0.1087  val_loss 2.3845  val_acc 0.1778
2026-04-09 12:31:23      epoch   4  loss 2.3628  acc 0.1232  val_loss 2.3817  val_acc 0.0667
2026-04-09 12:31:23      epoch   5  loss 2.3390  acc 0.1329  val_loss 2.3726  val_acc 0.0889
2026-04-09 12:31:23      epoch   6  loss 2.3118  acc 0.1498  val_loss 2.3370  val_acc 0.1111
2026-04-09 12:31:24      epoch   7  loss 2.2801  acc 0.1401  val_loss 2.2491  val_acc 0.0889
2026-04-09 12:31:24      epoch   8  loss 2.2102  acc 0.1473  val_loss 2.1587  val_acc 0.1556
2026-04-09 12:31:24      epoch   9  loss 2.1436  acc 0.1546  val_loss 2.0790  val_acc 0.3333
2026-04-09 12:31:24      epoch  10  loss 2.1118  acc 0.1667  val_loss 2.0254  val_acc 0.2889
2026-04-09 12:31:25      epoch  11  loss 2.0701  acc 0.1908  val_loss 1.9663  val_acc 0.3556
2026-04-09 12:31:25      epoch  12  loss 2.0446  acc 0.2053  val_loss 1.9326  val_acc 0.2889
2026-04-09 12:31:25      epoch  13  loss 1.9690  acc 0.2101  val_loss 1.9507  val_acc 0.1556
2026-04-09 12:31:25      epoch  14  loss 1.9471  acc 0.2174  val_loss 1.8519  val_acc 0.2222
2026-04-09 12:31:25      epoch  15  loss 1.9210  acc 0.2319  val_loss 1.9248  val_acc 0.2222
2026-04-09 12:31:26      epoch  16  loss 1.9359  acc 0.2367  val_loss 1.8834  val_acc 0.1556
2026-04-09 12:31:26      epoch  17  loss 1.8529  acc 0.2874  val_loss 1.8043  val_acc 0.2000
2026-04-09 12:31:26      epoch  18  loss 1.8305  acc 0.2899  val_loss 1.7991  val_acc 0.2444
2026-04-09 12:31:26      epoch  19  loss 1.8343  acc 0.2609  val_loss 1.7747  val_acc 0.2000
2026-04-09 12:31:27      epoch  20  loss 1.7979  acc 0.2947  val_loss 1.7296  val_acc 0.2444
2026-04-09 12:31:27      epoch  21  loss 1.7694  acc 0.2923  val_loss 1.7578  val_acc 0.1778
2026-04-09 12:31:27      epoch  22  loss 1.7652  acc 0.2947  val_loss 1.7282  val_acc 0.1778
2026-04-09 12:31:27      epoch  23  loss 1.7775  acc 0.2802  val_loss 1.7056  val_acc 0.2000
2026-04-09 12:31:28      epoch  24  loss 1.7775  acc 0.2947  val_loss 1.6341  val_acc 0.3556
2026-04-09 12:31:28      epoch  25  loss 1.7340  acc 0.3092  val_loss 1.6458  val_acc 0.2667
2026-04-09 12:31:28      epoch  26  loss 1.7112  acc 0.2947  val_loss 1.7146  val_acc 0.1778
2026-04-09 12:31:28      epoch  27  loss 1.7454  acc 0.2899  val_loss 1.6364  val_acc 0.3556
2026-04-09 12:31:29      epoch  28  loss 1.6906  acc 0.3285  val_loss 1.6567  val_acc 0.3333
2026-04-09 12:31:29      epoch  29  loss 1.6500  acc 0.3333  val_loss 1.6155  val_acc 0.3556
2026-04-09 12:31:29      epoch  30  loss 1.7371  acc 0.2971  val_loss 1.7043  val_acc 0.3111
2026-04-09 12:31:29      epoch  31  loss 1.6885  acc 0.2899  val_loss 1.7697  val_acc 0.2222
2026-04-09 12:31:30      epoch  32  loss 1.7649  acc 0.3092  val_loss 1.6531  val_acc 0.2667
2026-04-09 12:31:30      epoch  33  loss 1.6845  acc 0.3019  val_loss 1.7201  val_acc 0.1556
2026-04-09 12:31:30      epoch  34  loss 1.7014  acc 0.2899  val_loss 1.6707  val_acc 0.2444
2026-04-09 12:31:30      epoch  35  loss 1.6575  acc 0.3188  val_loss 1.6365  val_acc 0.1778
2026-04-09 12:31:30      epoch  36  loss 1.6657  acc 0.3285  val_loss 1.5638  val_acc 0.2444
2026-04-09 12:31:31      epoch  37  loss 1.5949  acc 0.3454  val_loss 1.6069  val_acc 0.2222
2026-04-09 12:31:31      epoch  38  loss 1.6521  acc 0.3116  val_loss 1.5770  val_acc 0.2444
2026-04-09 12:31:31      epoch  39  loss 1.6537  acc 0.3188  val_loss 1.5980  val_acc 0.2444
2026-04-09 12:31:31      epoch  40  loss 1.6419  acc 0.3406  val_loss 1.6997  val_acc 0.2222
2026-04-09 12:31:32      epoch  41  loss 1.7151  acc 0.3116  val_loss 1.6641  val_acc 0.2222
2026-04-09 12:31:32      epoch  42  loss 1.6280  acc 0.3551  val_loss 1.6134  val_acc 0.2667
2026-04-09 12:31:32      epoch  43  loss 1.5887  acc 0.3696  val_loss 1.5921  val_acc 0.3333
2026-04-09 12:31:32      epoch  44  loss 1.6599  acc 0.3092  val_loss 1.6040  val_acc 0.3333
2026-04-09 12:31:32      Early stopping at epoch 44
2026-04-09 12:31:32      User8 accuracy: 0.2364
2026-04-09 12:31:32    ─── LOSO fold: User9 (test=62, train=452)
2026-04-09 12:31:33      epoch   1  loss 2.4035  acc 0.0811  val_loss 2.4159  val_acc 0.0444
2026-04-09 12:31:33      epoch   2  loss 2.3957  acc 0.1057  val_loss 2.4084  val_acc 0.0444
2026-04-09 12:31:33      epoch   3  loss 2.3887  acc 0.1155  val_loss 2.3978  val_acc 0.0667
2026-04-09 12:31:34      epoch   4  loss 2.3724  acc 0.1278  val_loss 2.3768  val_acc 0.0667
2026-04-09 12:31:34      epoch   5  loss 2.3451  acc 0.1351  val_loss 2.3432  val_acc 0.1333
2026-04-09 12:31:34      epoch   6  loss 2.3179  acc 0.1253  val_loss 2.3017  val_acc 0.1556
2026-04-09 12:31:34      epoch   7  loss 2.2845  acc 0.1327  val_loss 2.2302  val_acc 0.1778
2026-04-09 12:31:35      epoch   8  loss 2.2106  acc 0.1450  val_loss 2.1477  val_acc 0.1778
2026-04-09 12:31:35      epoch   9  loss 2.1366  acc 0.1794  val_loss 2.0507  val_acc 0.2444
2026-04-09 12:31:35      epoch  10  loss 2.0884  acc 0.2310  val_loss 2.0212  val_acc 0.2000
2026-04-09 12:31:35      epoch  11  loss 2.0448  acc 0.1990  val_loss 1.9428  val_acc 0.1778
2026-04-09 12:31:36      epoch  12  loss 2.0077  acc 0.2334  val_loss 1.9194  val_acc 0.2444
2026-04-09 12:31:36      epoch  13  loss 1.9730  acc 0.2359  val_loss 1.8853  val_acc 0.2667
2026-04-09 12:31:36      epoch  14  loss 1.9465  acc 0.2310  val_loss 1.9623  val_acc 0.2889
2026-04-09 12:31:36      epoch  15  loss 2.0573  acc 0.2187  val_loss 1.9242  val_acc 0.2000
2026-04-09 12:31:37      epoch  16  loss 2.0027  acc 0.1892  val_loss 1.9425  val_acc 0.1111
2026-04-09 12:31:37      epoch  17  loss 1.9611  acc 0.2432  val_loss 1.8313  val_acc 0.1778
2026-04-09 12:31:37      epoch  18  loss 1.9387  acc 0.2187  val_loss 1.8437  val_acc 0.1778
2026-04-09 12:31:37      epoch  19  loss 1.9231  acc 0.2432  val_loss 1.8179  val_acc 0.1556
2026-04-09 12:31:38      epoch  20  loss 1.8775  acc 0.2138  val_loss 1.8513  val_acc 0.1333
2026-04-09 12:31:38      epoch  21  loss 1.9109  acc 0.2359  val_loss 1.8506  val_acc 0.1333
2026-04-09 12:31:38      epoch  22  loss 1.8751  acc 0.2138  val_loss 1.7845  val_acc 0.2222
2026-04-09 12:31:38      epoch  23  loss 1.9228  acc 0.2113  val_loss 1.7627  val_acc 0.1556
2026-04-09 12:31:39      epoch  24  loss 1.8601  acc 0.2408  val_loss 1.7638  val_acc 0.2444
2026-04-09 12:31:39      epoch  25  loss 1.8115  acc 0.2580  val_loss 1.7689  val_acc 0.2444
2026-04-09 12:31:39      epoch  26  loss 1.8196  acc 0.2482  val_loss 1.7179  val_acc 0.2000
2026-04-09 12:31:39      epoch  27  loss 1.7999  acc 0.2654  val_loss 1.7667  val_acc 0.1778
2026-04-09 12:31:40      epoch  28  loss 1.7919  acc 0.2555  val_loss 1.7546  val_acc 0.1778
2026-04-09 12:31:40      epoch  29  loss 1.7837  acc 0.2801  val_loss 1.8580  val_acc 0.2000
2026-04-09 12:31:40      epoch  30  loss 1.9674  acc 0.2334  val_loss 2.0307  val_acc 0.2000
2026-04-09 12:31:40      epoch  31  loss 2.0256  acc 0.2211  val_loss 1.7399  val_acc 0.2444
2026-04-09 12:31:40      epoch  32  loss 1.8801  acc 0.1843  val_loss 1.8074  val_acc 0.2000
2026-04-09 12:31:41      epoch  33  loss 1.9194  acc 0.2310  val_loss 1.8423  val_acc 0.1111
2026-04-09 12:31:41      epoch  34  loss 1.9079  acc 0.2236  val_loss 1.8278  val_acc 0.1333
2026-04-09 12:31:41      Early stopping at epoch 34
2026-04-09 12:31:41      User9 accuracy: 0.3710
2026-04-09 12:31:41    ─── LOSO fold: User10 (test=62, train=452)
2026-04-09 12:31:41      epoch   1  loss 2.3952  acc 0.1032  val_loss 2.3841  val_acc 0.0667
2026-04-09 12:31:42      epoch   2  loss 2.3897  acc 0.0983  val_loss 2.3793  val_acc 0.1556
2026-04-09 12:31:42      epoch   3  loss 2.3807  acc 0.1007  val_loss 2.3722  val_acc 0.1556
2026-04-09 12:31:42      epoch   4  loss 2.3731  acc 0.1474  val_loss 2.3597  val_acc 0.1556
2026-04-09 12:31:42      epoch   5  loss 2.3551  acc 0.1302  val_loss 2.3408  val_acc 0.1556
2026-04-09 12:31:43      epoch   6  loss 2.3292  acc 0.1278  val_loss 2.3322  val_acc 0.1111
2026-04-09 12:31:43      epoch   7  loss 2.3113  acc 0.1400  val_loss 2.2928  val_acc 0.0889
2026-04-09 12:31:43      epoch   8  loss 2.2664  acc 0.1523  val_loss 2.2274  val_acc 0.1111
2026-04-09 12:31:43      epoch   9  loss 2.2140  acc 0.1523  val_loss 2.1595  val_acc 0.1778
2026-04-09 12:31:44      epoch  10  loss 2.1463  acc 0.2138  val_loss 2.0616  val_acc 0.1333
2026-04-09 12:31:44      epoch  11  loss 2.0831  acc 0.2359  val_loss 2.0097  val_acc 0.1556
2026-04-09 12:31:44      epoch  12  loss 2.0357  acc 0.2236  val_loss 1.8625  val_acc 0.2000
2026-04-09 12:31:44      epoch  13  loss 1.9994  acc 0.2015  val_loss 1.8205  val_acc 0.2000
2026-04-09 12:31:45      epoch  14  loss 1.9563  acc 0.2334  val_loss 1.8221  val_acc 0.2889
2026-04-09 12:31:45      epoch  15  loss 1.9299  acc 0.2482  val_loss 1.8218  val_acc 0.3111
2026-04-09 12:31:45      epoch  16  loss 1.9477  acc 0.2260  val_loss 1.8390  val_acc 0.2444
2026-04-09 12:31:45      epoch  17  loss 1.9073  acc 0.2310  val_loss 1.8360  val_acc 0.3111
2026-04-09 12:31:45      epoch  18  loss 1.8768  acc 0.2678  val_loss 1.8115  val_acc 0.2000
2026-04-09 12:31:46      epoch  19  loss 1.8555  acc 0.2604  val_loss 1.8010  val_acc 0.1778
2026-04-09 12:31:46      epoch  20  loss 1.8611  acc 0.2678  val_loss 1.8082  val_acc 0.2000
2026-04-09 12:31:46      epoch  21  loss 1.8018  acc 0.2924  val_loss 1.8768  val_acc 0.2222
2026-04-09 12:31:46      epoch  22  loss 1.8372  acc 0.2998  val_loss 1.8049  val_acc 0.2444
2026-04-09 12:31:46      epoch  23  loss 1.7635  acc 0.3047  val_loss 1.7655  val_acc 0.2667
2026-04-09 12:31:47      epoch  24  loss 1.8128  acc 0.2776  val_loss 1.6821  val_acc 0.2889
2026-04-09 12:31:47      epoch  25  loss 1.8001  acc 0.2654  val_loss 1.6509  val_acc 0.2667
2026-04-09 12:31:47      epoch  26  loss 1.8021  acc 0.2850  val_loss 1.8125  val_acc 0.2667
2026-04-09 12:31:47      epoch  27  loss 1.9108  acc 0.2555  val_loss 1.7089  val_acc 0.2444
2026-04-09 12:31:47      epoch  28  loss 1.7699  acc 0.2703  val_loss 1.7142  val_acc 0.2444
2026-04-09 12:31:48      epoch  29  loss 1.7783  acc 0.2604  val_loss 1.7264  val_acc 0.2667
2026-04-09 12:31:48      epoch  30  loss 1.7688  acc 0.3170  val_loss 1.7198  val_acc 0.2667
2026-04-09 12:31:48      epoch  31  loss 1.7598  acc 0.2875  val_loss 1.6802  val_acc 0.2667
2026-04-09 12:31:48      epoch  32  loss 1.7305  acc 0.3120  val_loss 1.6465  val_acc 0.2889
2026-04-09 12:31:49      epoch  33  loss 1.7221  acc 0.3120  val_loss 1.6447  val_acc 0.3111
2026-04-09 12:31:49      epoch  34  loss 1.7045  acc 0.3170  val_loss 1.6452  val_acc 0.2889
2026-04-09 12:31:49      epoch  35  loss 1.6749  acc 0.3415  val_loss 1.6260  val_acc 0.2889
2026-04-09 12:31:49      epoch  36  loss 1.6610  acc 0.3243  val_loss 1.6337  val_acc 0.2889
2026-04-09 12:31:50      epoch  37  loss 1.6435  acc 0.3661  val_loss 1.6581  val_acc 0.2889
2026-04-09 12:31:50      epoch  38  loss 1.6210  acc 0.3489  val_loss 1.6343  val_acc 0.3111
2026-04-09 12:31:50      epoch  39  loss 1.6292  acc 0.3538  val_loss 1.5844  val_acc 0.3111
2026-04-09 12:31:50      epoch  40  loss 1.6037  acc 0.3784  val_loss 1.5525  val_acc 0.3111
2026-04-09 12:31:50      epoch  41  loss 1.5777  acc 0.3759  val_loss 1.5553  val_acc 0.2889
2026-04-09 12:31:51      epoch  42  loss 1.5931  acc 0.3759  val_loss 1.5315  val_acc 0.3111
2026-04-09 12:31:51      epoch  43  loss 1.5402  acc 0.3784  val_loss 1.5793  val_acc 0.2667
2026-04-09 12:31:51      epoch  44  loss 1.5663  acc 0.3514  val_loss 1.5396  val_acc 0.2889
2026-04-09 12:31:51      epoch  45  loss 1.5947  acc 0.3686  val_loss 1.5478  val_acc 0.3333
2026-04-09 12:31:52      epoch  46  loss 1.5310  acc 0.4054  val_loss 1.6960  val_acc 0.2889
2026-04-09 12:31:52      epoch  47  loss 1.6785  acc 0.3219  val_loss 1.7707  val_acc 0.2444
2026-04-09 12:31:52      epoch  48  loss 1.6859  acc 0.3342  val_loss 1.6423  val_acc 0.2667
2026-04-09 12:31:52      epoch  49  loss 1.5895  acc 0.3514  val_loss 1.6000  val_acc 0.2444
2026-04-09 12:31:52      epoch  50  loss 1.5607  acc 0.3538  val_loss 1.6380  val_acc 0.2444
2026-04-09 12:31:52      Early stopping at epoch 50
2026-04-09 12:31:52      User10 accuracy: 0.4032
2026-04-09 12:31:53    ─── LOSO fold: User11 (test=64, train=450)
2026-04-09 12:31:53      epoch   1  loss 2.3992  acc 0.0889  val_loss 2.3895  val_acc 0.0222
2026-04-09 12:31:53      epoch   2  loss 2.3915  acc 0.1086  val_loss 2.3816  val_acc 0.0222
2026-04-09 12:31:53      epoch   3  loss 2.3834  acc 0.1037  val_loss 2.3704  val_acc 0.0222
2026-04-09 12:31:54      epoch   4  loss 2.3761  acc 0.1111  val_loss 2.3502  val_acc 0.2889
2026-04-09 12:31:54      epoch   5  loss 2.3533  acc 0.1259  val_loss 2.3119  val_acc 0.2667
2026-04-09 12:31:54      epoch   6  loss 2.3187  acc 0.1383  val_loss 2.2631  val_acc 0.1333
2026-04-09 12:31:54      epoch   7  loss 2.2698  acc 0.1630  val_loss 2.1871  val_acc 0.2000
2026-04-09 12:31:55      epoch   8  loss 2.1909  acc 0.2025  val_loss 2.1179  val_acc 0.1333
2026-04-09 12:31:55      epoch   9  loss 2.1013  acc 0.1975  val_loss 2.0672  val_acc 0.1778
2026-04-09 12:31:55      epoch  10  loss 2.0395  acc 0.1877  val_loss 2.0208  val_acc 0.1778
2026-04-09 12:31:55      epoch  11  loss 1.9983  acc 0.2198  val_loss 1.9861  val_acc 0.2444
2026-04-09 12:31:56      epoch  12  loss 1.9445  acc 0.2272  val_loss 1.9900  val_acc 0.2000
2026-04-09 12:31:56      epoch  13  loss 2.0715  acc 0.1654  val_loss 2.5600  val_acc 0.1333
2026-04-09 12:31:56      epoch  14  loss 2.5459  acc 0.0988  val_loss 1.9763  val_acc 0.2222
2026-04-09 12:31:56      epoch  15  loss 2.0290  acc 0.2074  val_loss 1.8969  val_acc 0.2000
2026-04-09 12:31:57      epoch  16  loss 1.9883  acc 0.1975  val_loss 1.9863  val_acc 0.0889
2026-04-09 12:31:57      epoch  17  loss 2.0217  acc 0.1926  val_loss 1.9857  val_acc 0.1111
2026-04-09 12:31:57      epoch  18  loss 2.0265  acc 0.1679  val_loss 1.9116  val_acc 0.1778
2026-04-09 12:31:57      epoch  19  loss 1.9833  acc 0.2296  val_loss 1.8901  val_acc 0.2889
2026-04-09 12:31:57      epoch  20  loss 1.9781  acc 0.2173  val_loss 1.9012  val_acc 0.2889
2026-04-09 12:31:58      epoch  21  loss 1.9257  acc 0.2321  val_loss 1.9270  val_acc 0.2667
2026-04-09 12:31:58      epoch  22  loss 1.9247  acc 0.2074  val_loss 1.9447  val_acc 0.2667
2026-04-09 12:31:58      epoch  23  loss 1.9370  acc 0.2000  val_loss 1.9432  val_acc 0.2444
2026-04-09 12:31:58      epoch  24  loss 1.9070  acc 0.2420  val_loss 1.9341  val_acc 0.2000
2026-04-09 12:31:59      epoch  25  loss 1.9022  acc 0.1951  val_loss 1.9280  val_acc 0.1556
2026-04-09 12:31:59      epoch  26  loss 1.8908  acc 0.2123  val_loss 1.9219  val_acc 0.1778
2026-04-09 12:31:59      epoch  27  loss 1.8774  acc 0.2469  val_loss 1.9161  val_acc 0.1778
2026-04-09 12:31:59      Early stopping at epoch 27
2026-04-09 12:31:59      User11 accuracy: 0.2500
2026-04-09 12:31:59    ─── LOSO fold: User12 (test=54, train=460)
2026-04-09 12:31:59      epoch   1  loss 2.3978  acc 0.0845  val_loss 2.3862  val_acc 0.1522
2026-04-09 12:32:00      epoch   2  loss 2.3886  acc 0.1184  val_loss 2.3805  val_acc 0.1522
2026-04-09 12:32:00      epoch   3  loss 2.3799  acc 0.1329  val_loss 2.3725  val_acc 0.1522
2026-04-09 12:32:00      epoch   4  loss 2.3630  acc 0.1473  val_loss 2.3576  val_acc 0.1522
2026-04-09 12:32:00      epoch   5  loss 2.3435  acc 0.1449  val_loss 2.3357  val_acc 0.1087
2026-04-09 12:32:01      epoch   6  loss 2.3054  acc 0.1304  val_loss 2.3054  val_acc 0.1087
2026-04-09 12:32:01      epoch   7  loss 2.2731  acc 0.1304  val_loss 2.2449  val_acc 0.0870
2026-04-09 12:32:01      epoch   8  loss 2.2130  acc 0.1981  val_loss 2.1667  val_acc 0.1087
2026-04-09 12:32:01      epoch   9  loss 2.1487  acc 0.1957  val_loss 2.1149  val_acc 0.1739
2026-04-09 12:32:02      epoch  10  loss 2.0743  acc 0.2029  val_loss 2.0117  val_acc 0.1522
2026-04-09 12:32:02      epoch  11  loss 2.0184  acc 0.1836  val_loss 1.9834  val_acc 0.1522
2026-04-09 12:32:02      epoch  12  loss 1.9678  acc 0.2319  val_loss 2.0556  val_acc 0.1522
2026-04-09 12:32:02      epoch  13  loss 1.9864  acc 0.1618  val_loss 1.9544  val_acc 0.1957
2026-04-09 12:32:03      epoch  14  loss 1.9636  acc 0.2198  val_loss 1.9558  val_acc 0.1739
2026-04-09 12:32:03      epoch  15  loss 1.9735  acc 0.2198  val_loss 1.9761  val_acc 0.1522
2026-04-09 12:32:03      epoch  16  loss 1.9401  acc 0.2295  val_loss 1.9239  val_acc 0.2174
2026-04-09 12:32:03      epoch  17  loss 1.9429  acc 0.2222  val_loss 1.8676  val_acc 0.1087
2026-04-09 12:32:03      epoch  18  loss 1.9104  acc 0.2150  val_loss 2.0092  val_acc 0.1739
2026-04-09 12:32:04      epoch  19  loss 1.9398  acc 0.2029  val_loss 2.0484  val_acc 0.1304
2026-04-09 12:32:04      epoch  20  loss 1.9014  acc 0.2198  val_loss 2.0261  val_acc 0.1522
2026-04-09 12:32:04      epoch  21  loss 1.9131  acc 0.2246  val_loss 2.0435  val_acc 0.1304
2026-04-09 12:32:04      epoch  22  loss 1.9124  acc 0.2343  val_loss 2.0423  val_acc 0.1522
2026-04-09 12:32:05      epoch  23  loss 1.8808  acc 0.2464  val_loss 2.0484  val_acc 0.1522
2026-04-09 12:32:05      epoch  24  loss 1.8569  acc 0.2415  val_loss 2.0423  val_acc 0.1522
2026-04-09 12:32:05      epoch  25  loss 1.8622  acc 0.2778  val_loss 2.0277  val_acc 0.1522
2026-04-09 12:32:05      Early stopping at epoch 25
2026-04-09 12:32:05      User12 accuracy: 0.2778
2026-04-09 12:32:05  
2026-04-09 12:32:05  Mean acc: 0.2619  Std: 0.0742
2026-04-09 12:32:05  
                            precision    recall  f1-score   support

         Sitting – Reading       0.31      0.24      0.27        50
         Sitting – Writing       0.24      0.07      0.11        56
         Computer – Typing       0.29      0.74      0.42        54
       Computer – Browsing       0.25      0.09      0.13        55
Sitting – Moving head/body       0.30      0.19      0.23        48
    Sitting – Moving chair       0.27      0.36      0.31        56
     Stand up from sitting       0.28      0.58      0.37        69
                  Standing       0.00      0.00      0.00        32
                   Walking       0.00      0.00      0.00        42
                   Running       0.24      0.28      0.26        40
             Taking stairs       0.00      0.00      0.00        12

                  accuracy                           0.27       514
                 macro avg       0.20      0.23      0.19       514
              weighted avg       0.23      0.27      0.22       514

