2026-04-09 11:53:09  ========================================================================
2026-04-09 11:53:09  Modality: acc  |  sensors: ['Accelerometer']  |  3 ch  |  window=300  overlap=0%  step=300
2026-04-09 11:53:09  Device: cuda:0  |  Log: /home/mahmudm2/codebase/ClassyGlass/scripts/benchmark/logs/sensor_acc_W300_S300.log
2026-04-09 11:53:09  ========================================================================
2026-04-09 11:53:12  Loaded 4883 windows | sensors=['Accelerometer'] (3 ch) | window=300  step=300 | skipped=0 experiments
2026-04-09 11:53:12    ─── LOSO fold: User1 (test=282, train=4601)
2026-04-09 11:53:16      epoch   1  loss 2.3277  acc 0.1442  val_loss 2.0884  val_acc 0.2022
2026-04-09 11:53:17      epoch   2  loss 1.9644  acc 0.2301  val_loss 1.7755  val_acc 0.2957
2026-04-09 11:53:18      epoch   3  loss 1.9363  acc 0.2582  val_loss 1.8659  val_acc 0.2435
2026-04-09 11:53:20      epoch   4  loss 1.7884  acc 0.2876  val_loss 1.7929  val_acc 0.3326
2026-04-09 11:53:21      epoch   5  loss 1.6954  acc 0.3007  val_loss 1.5955  val_acc 0.3630
2026-04-09 11:53:23      epoch   6  loss 1.7099  acc 0.2970  val_loss 1.7206  val_acc 0.3391
2026-04-09 11:53:24      epoch   7  loss 1.6522  acc 0.3296  val_loss 1.5523  val_acc 0.3717
2026-04-09 11:53:25      epoch   8  loss 1.5954  acc 0.3311  val_loss 1.5444  val_acc 0.3522
2026-04-09 11:53:27      epoch   9  loss 1.5664  acc 0.3362  val_loss 1.5162  val_acc 0.3804
2026-04-09 11:53:28      epoch  10  loss 1.5980  acc 0.3313  val_loss 1.5347  val_acc 0.4087
2026-04-09 11:53:30      epoch  11  loss 1.5568  acc 0.3584  val_loss 1.4723  val_acc 0.4196
2026-04-09 11:53:31      epoch  12  loss 1.5490  acc 0.3625  val_loss 1.4591  val_acc 0.4239
2026-04-09 11:53:33      epoch  13  loss 1.5571  acc 0.3593  val_loss 1.6655  val_acc 0.3674
2026-04-09 11:53:34      epoch  14  loss 1.6101  acc 0.3526  val_loss 1.5125  val_acc 0.3978
2026-04-09 11:53:35      epoch  15  loss 1.5531  acc 0.3627  val_loss 1.4601  val_acc 0.4435
2026-04-09 11:53:37      epoch  16  loss 1.5760  acc 0.3634  val_loss 1.5100  val_acc 0.3891
2026-04-09 11:53:38      epoch  17  loss 1.5544  acc 0.3555  val_loss 1.4763  val_acc 0.4326
2026-04-09 11:53:39      epoch  18  loss 1.5248  acc 0.3736  val_loss 1.4741  val_acc 0.4478
2026-04-09 11:53:41      epoch  19  loss 1.4936  acc 0.3960  val_loss 1.4337  val_acc 0.4196
2026-04-09 11:53:42      epoch  20  loss 1.4647  acc 0.3994  val_loss 1.4167  val_acc 0.4217
2026-04-09 11:53:43      epoch  21  loss 1.4700  acc 0.4001  val_loss 1.4312  val_acc 0.4370
2026-04-09 11:53:45      epoch  22  loss 1.4650  acc 0.3994  val_loss 1.4197  val_acc 0.4522
2026-04-09 11:53:46      epoch  23  loss 1.4779  acc 0.3915  val_loss 1.4490  val_acc 0.4370
2026-04-09 11:53:47      epoch  24  loss 1.4542  acc 0.4040  val_loss 1.3853  val_acc 0.4522
2026-04-09 11:53:49      epoch  25  loss 1.4347  acc 0.4134  val_loss 1.3839  val_acc 0.4609
2026-04-09 11:53:50      epoch  26  loss 1.4240  acc 0.4125  val_loss 1.3845  val_acc 0.4435
2026-04-09 11:53:52      epoch  27  loss 1.4393  acc 0.4149  val_loss 1.4062  val_acc 0.4348
2026-04-09 11:53:53      epoch  28  loss 1.4249  acc 0.4170  val_loss 1.3912  val_acc 0.4413
2026-04-09 11:53:55      epoch  29  loss 1.4244  acc 0.4221  val_loss 1.3832  val_acc 0.4435
2026-04-09 11:53:56      epoch  30  loss 1.4627  acc 0.3948  val_loss 1.4066  val_acc 0.4500
2026-04-09 11:53:58      epoch  31  loss 1.4359  acc 0.4212  val_loss 1.3744  val_acc 0.4478
2026-04-09 11:53:59      epoch  32  loss 1.4192  acc 0.4219  val_loss 1.3554  val_acc 0.4609
2026-04-09 11:54:01      epoch  33  loss 1.4071  acc 0.4221  val_loss 1.3488  val_acc 0.4630
2026-04-09 11:54:02      epoch  34  loss 1.4104  acc 0.4301  val_loss 1.3613  val_acc 0.4696
2026-04-09 11:54:03      epoch  35  loss 1.4035  acc 0.4255  val_loss 1.3674  val_acc 0.4587
2026-04-09 11:54:05      epoch  36  loss 1.4338  acc 0.4142  val_loss 1.3378  val_acc 0.4630
2026-04-09 11:54:06      epoch  37  loss 1.4237  acc 0.4224  val_loss 1.3860  val_acc 0.4370
2026-04-09 11:54:07      epoch  38  loss 1.3961  acc 0.4238  val_loss 1.3569  val_acc 0.4565
2026-04-09 11:54:09      epoch  39  loss 1.3851  acc 0.4207  val_loss 1.3423  val_acc 0.4674
2026-04-09 11:54:10      epoch  40  loss 1.3835  acc 0.4248  val_loss 1.3452  val_acc 0.4652
2026-04-09 11:54:11      epoch  41  loss 1.3989  acc 0.4219  val_loss 1.3577  val_acc 0.4500
2026-04-09 11:54:13      epoch  42  loss 1.3993  acc 0.4265  val_loss 1.3479  val_acc 0.4522
2026-04-09 11:54:14      epoch  43  loss 1.3716  acc 0.4453  val_loss 1.3451  val_acc 0.4717
2026-04-09 11:54:16      epoch  44  loss 1.3697  acc 0.4347  val_loss 1.3298  val_acc 0.4739
2026-04-09 11:54:17      epoch  45  loss 1.3717  acc 0.4422  val_loss 1.3497  val_acc 0.4522
2026-04-09 11:54:18      epoch  46  loss 1.3826  acc 0.4340  val_loss 1.3450  val_acc 0.4565
2026-04-09 11:54:20      epoch  47  loss 1.3639  acc 0.4369  val_loss 1.3221  val_acc 0.4587
2026-04-09 11:54:21      epoch  48  loss 1.3691  acc 0.4352  val_loss 1.3544  val_acc 0.4696
2026-04-09 11:54:23      epoch  49  loss 1.4174  acc 0.4270  val_loss 1.3413  val_acc 0.4739
2026-04-09 11:54:24      epoch  50  loss 1.3822  acc 0.4272  val_loss 1.3924  val_acc 0.4261
2026-04-09 11:54:25      epoch  51  loss 1.3823  acc 0.4265  val_loss 1.3287  val_acc 0.4565
2026-04-09 11:54:27      epoch  52  loss 1.3687  acc 0.4405  val_loss 1.3184  val_acc 0.4609
2026-04-09 11:54:28      epoch  53  loss 1.3555  acc 0.4448  val_loss 1.3223  val_acc 0.4630
2026-04-09 11:54:30      epoch  54  loss 1.3737  acc 0.4395  val_loss 1.3576  val_acc 0.4522
2026-04-09 11:54:31      epoch  55  loss 1.3625  acc 0.4400  val_loss 1.3251  val_acc 0.4739
2026-04-09 11:54:33      epoch  56  loss 1.3477  acc 0.4448  val_loss 1.3240  val_acc 0.4870
2026-04-09 11:54:34      epoch  57  loss 1.3414  acc 0.4506  val_loss 1.3021  val_acc 0.4826
2026-04-09 11:54:35      epoch  58  loss 1.3432  acc 0.4451  val_loss 1.3416  val_acc 0.4457
2026-04-09 11:54:37      epoch  59  loss 1.3329  acc 0.4567  val_loss 1.3292  val_acc 0.4652
2026-04-09 11:54:38      epoch  60  loss 1.3542  acc 0.4441  val_loss 1.3197  val_acc 0.4804
2026-04-09 11:54:40      epoch  61  loss 1.3504  acc 0.4487  val_loss 1.3108  val_acc 0.4739
2026-04-09 11:54:41      epoch  62  loss 1.3438  acc 0.4402  val_loss 1.3072  val_acc 0.4804
2026-04-09 11:54:42      epoch  63  loss 1.3249  acc 0.4567  val_loss 1.3103  val_acc 0.4804
2026-04-09 11:54:44      epoch  64  loss 1.3291  acc 0.4624  val_loss 1.3093  val_acc 0.4848
2026-04-09 11:54:45      epoch  65  loss 1.3279  acc 0.4542  val_loss 1.3028  val_acc 0.4804
2026-04-09 11:54:45      Early stopping at epoch 65
2026-04-09 11:54:45      User1 accuracy: 0.3688
2026-04-09 11:54:46    ─── LOSO fold: User2 (test=259, train=4624)
2026-04-09 11:54:48      epoch   1  loss 2.3113  acc 0.1487  val_loss 2.0727  val_acc 0.2165
2026-04-09 11:54:49      epoch   2  loss 1.9789  acc 0.2415  val_loss 1.8638  val_acc 0.2619
2026-04-09 11:54:51      epoch   3  loss 1.8545  acc 0.2576  val_loss 1.7394  val_acc 0.2944
2026-04-09 11:54:52      epoch   4  loss 1.7566  acc 0.2912  val_loss 1.6536  val_acc 0.3420
2026-04-09 11:54:54      epoch   5  loss 1.7035  acc 0.3114  val_loss 1.6130  val_acc 0.3290
2026-04-09 11:54:55      epoch   6  loss 1.6868  acc 0.3186  val_loss 1.7567  val_acc 0.3225
2026-04-09 11:54:56      epoch   7  loss 1.7275  acc 0.2991  val_loss 1.7433  val_acc 0.3182
2026-04-09 11:54:58      epoch   8  loss 1.8985  acc 0.2544  val_loss 2.1891  val_acc 0.2056
2026-04-09 11:54:59      epoch   9  loss 1.8379  acc 0.2734  val_loss 1.6882  val_acc 0.3528
2026-04-09 11:55:01      epoch  10  loss 1.6922  acc 0.3160  val_loss 1.5966  val_acc 0.3680
2026-04-09 11:55:02      epoch  11  loss 1.6141  acc 0.3510  val_loss 1.5245  val_acc 0.3766
2026-04-09 11:55:04      epoch  12  loss 1.5815  acc 0.3691  val_loss 1.5321  val_acc 0.3745
2026-04-09 11:55:05      epoch  13  loss 1.7745  acc 0.3061  val_loss 1.6821  val_acc 0.3615
2026-04-09 11:55:07      epoch  14  loss 1.6407  acc 0.3313  val_loss 1.5588  val_acc 0.3593
2026-04-09 11:55:08      epoch  15  loss 1.5992  acc 0.3575  val_loss 1.5183  val_acc 0.3485
2026-04-09 11:55:09      epoch  16  loss 1.5724  acc 0.3652  val_loss 1.4948  val_acc 0.3939
2026-04-09 11:55:11      epoch  17  loss 1.5413  acc 0.3693  val_loss 1.4887  val_acc 0.3810
2026-04-09 11:55:12      epoch  18  loss 1.5393  acc 0.3734  val_loss 1.4551  val_acc 0.3961
2026-04-09 11:55:13      epoch  19  loss 1.5120  acc 0.3799  val_loss 1.4653  val_acc 0.3983
2026-04-09 11:55:15      epoch  20  loss 1.5235  acc 0.3799  val_loss 1.4716  val_acc 0.3983
2026-04-09 11:55:16      epoch  21  loss 1.4972  acc 0.3926  val_loss 1.4802  val_acc 0.3961
2026-04-09 11:55:17      epoch  22  loss 1.4753  acc 0.4063  val_loss 1.4618  val_acc 0.3896
2026-04-09 11:55:19      epoch  23  loss 1.4734  acc 0.4075  val_loss 1.4522  val_acc 0.4004
2026-04-09 11:55:20      epoch  24  loss 1.4644  acc 0.4087  val_loss 1.4835  val_acc 0.3723
2026-04-09 11:55:21      epoch  25  loss 1.4686  acc 0.4073  val_loss 1.4792  val_acc 0.3766
2026-04-09 11:55:23      epoch  26  loss 1.4857  acc 0.3957  val_loss 1.4782  val_acc 0.3939
2026-04-09 11:55:24      epoch  27  loss 1.4794  acc 0.4010  val_loss 1.4639  val_acc 0.4069
2026-04-09 11:55:26      epoch  28  loss 1.4596  acc 0.4063  val_loss 1.4478  val_acc 0.4177
2026-04-09 11:55:27      epoch  29  loss 1.4414  acc 0.4104  val_loss 1.4466  val_acc 0.4437
2026-04-09 11:55:29      epoch  30  loss 1.4361  acc 0.4099  val_loss 1.4413  val_acc 0.4048
2026-04-09 11:55:30      epoch  31  loss 1.4652  acc 0.4145  val_loss 1.4548  val_acc 0.3983
2026-04-09 11:55:31      epoch  32  loss 1.4474  acc 0.4012  val_loss 1.4595  val_acc 0.4048
2026-04-09 11:55:33      epoch  33  loss 1.4487  acc 0.4193  val_loss 1.4526  val_acc 0.3874
2026-04-09 11:55:34      epoch  34  loss 1.4537  acc 0.4089  val_loss 1.4683  val_acc 0.3961
2026-04-09 11:55:36      epoch  35  loss 1.4380  acc 0.4214  val_loss 1.4126  val_acc 0.4242
2026-04-09 11:55:37      epoch  36  loss 1.4291  acc 0.4154  val_loss 1.4070  val_acc 0.4048
2026-04-09 11:55:39      epoch  37  loss 1.4241  acc 0.4207  val_loss 1.4335  val_acc 0.4026
2026-04-09 11:55:40      epoch  38  loss 1.4084  acc 0.4327  val_loss 1.4331  val_acc 0.4026
2026-04-09 11:55:42      epoch  39  loss 1.4108  acc 0.4315  val_loss 1.4191  val_acc 0.4069
2026-04-09 11:55:43      epoch  40  loss 1.4047  acc 0.4284  val_loss 1.3991  val_acc 0.4437
2026-04-09 11:55:45      epoch  41  loss 1.4061  acc 0.4262  val_loss 1.4199  val_acc 0.3918
2026-04-09 11:55:46      epoch  42  loss 1.4262  acc 0.4279  val_loss 1.4132  val_acc 0.4091
2026-04-09 11:55:48      epoch  43  loss 1.3863  acc 0.4368  val_loss 1.4071  val_acc 0.4091
2026-04-09 11:55:49      epoch  44  loss 1.4157  acc 0.4169  val_loss 1.4039  val_acc 0.4372
2026-04-09 11:55:50      epoch  45  loss 1.3818  acc 0.4431  val_loss 1.3935  val_acc 0.4221
2026-04-09 11:55:52      epoch  46  loss 1.3804  acc 0.4385  val_loss 1.4138  val_acc 0.4329
2026-04-09 11:55:53      epoch  47  loss 1.4259  acc 0.4246  val_loss 1.4021  val_acc 0.4221
2026-04-09 11:55:55      epoch  48  loss 1.3857  acc 0.4351  val_loss 1.3900  val_acc 0.4069
2026-04-09 11:55:56      epoch  49  loss 1.3915  acc 0.4286  val_loss 1.3956  val_acc 0.4329
2026-04-09 11:55:57      epoch  50  loss 1.3637  acc 0.4445  val_loss 1.3804  val_acc 0.4437
2026-04-09 11:55:59      epoch  51  loss 1.3559  acc 0.4507  val_loss 1.3830  val_acc 0.4394
2026-04-09 11:56:00      epoch  52  loss 1.3480  acc 0.4452  val_loss 1.3818  val_acc 0.4416
2026-04-09 11:56:01      epoch  53  loss 1.3524  acc 0.4447  val_loss 1.3860  val_acc 0.4351
2026-04-09 11:56:03      epoch  54  loss 1.3545  acc 0.4414  val_loss 1.3686  val_acc 0.4286
2026-04-09 11:56:04      epoch  55  loss 1.3290  acc 0.4507  val_loss 1.3660  val_acc 0.4740
2026-04-09 11:56:06      epoch  56  loss 1.3211  acc 0.4620  val_loss 1.4113  val_acc 0.4242
2026-04-09 11:56:07      epoch  57  loss 1.3419  acc 0.4551  val_loss 1.3501  val_acc 0.4545
2026-04-09 11:56:08      epoch  58  loss 1.3367  acc 0.4539  val_loss 1.3642  val_acc 0.4524
2026-04-09 11:56:10      epoch  59  loss 1.3310  acc 0.4560  val_loss 1.3783  val_acc 0.4372
2026-04-09 11:56:11      epoch  60  loss 1.3264  acc 0.4596  val_loss 1.3692  val_acc 0.4567
2026-04-09 11:56:12      epoch  61  loss 1.3752  acc 0.4356  val_loss 1.4833  val_acc 0.4048
2026-04-09 11:56:14      epoch  62  loss 1.3752  acc 0.4447  val_loss 1.3582  val_acc 0.4567
2026-04-09 11:56:15      epoch  63  loss 1.3394  acc 0.4632  val_loss 1.3577  val_acc 0.4567
2026-04-09 11:56:17      epoch  64  loss 1.3234  acc 0.4625  val_loss 1.3381  val_acc 0.4740
2026-04-09 11:56:18      epoch  65  loss 1.3126  acc 0.4685  val_loss 1.3411  val_acc 0.4524
2026-04-09 11:56:20      epoch  66  loss 1.3042  acc 0.4719  val_loss 1.3565  val_acc 0.4784
2026-04-09 11:56:21      epoch  67  loss 1.2961  acc 0.4738  val_loss 1.3639  val_acc 0.4610
2026-04-09 11:56:23      epoch  68  loss 1.2915  acc 0.4726  val_loss 1.3587  val_acc 0.4481
2026-04-09 11:56:24      epoch  69  loss 1.2858  acc 0.4774  val_loss 1.3488  val_acc 0.4610
2026-04-09 11:56:25      epoch  70  loss 1.2831  acc 0.4793  val_loss 1.3573  val_acc 0.4654
2026-04-09 11:56:27      epoch  71  loss 1.2733  acc 0.4760  val_loss 1.3644  val_acc 0.4632
2026-04-09 11:56:28      epoch  72  loss 1.2669  acc 0.4844  val_loss 1.3580  val_acc 0.4459
2026-04-09 11:56:28      Early stopping at epoch 72
2026-04-09 11:56:28      User2 accuracy: 0.5097
2026-04-09 11:56:29    ─── LOSO fold: User3 (test=257, train=4626)
2026-04-09 11:56:31      epoch   1  loss 2.2869  acc 0.1756  val_loss 2.0524  val_acc 0.2316
2026-04-09 11:56:32      epoch   2  loss 1.9238  acc 0.2519  val_loss 1.7456  val_acc 0.2900
2026-04-09 11:56:34      epoch   3  loss 1.7949  acc 0.2774  val_loss 1.6369  val_acc 0.3528
2026-04-09 11:56:35      epoch   4  loss 1.6676  acc 0.3216  val_loss 1.6076  val_acc 0.3398
2026-04-09 11:56:36      epoch   5  loss 1.7825  acc 0.2959  val_loss 1.6152  val_acc 0.3139
2026-04-09 11:56:38      epoch   6  loss 1.6757  acc 0.3156  val_loss 1.8571  val_acc 0.2338
2026-04-09 11:56:39      epoch   7  loss 1.7302  acc 0.3014  val_loss 1.6028  val_acc 0.3247
2026-04-09 11:56:41      epoch   8  loss 1.6134  acc 0.3280  val_loss 1.5377  val_acc 0.3485
2026-04-09 11:56:42      epoch   9  loss 1.5682  acc 0.3545  val_loss 1.4955  val_acc 0.3810
2026-04-09 11:56:44      epoch  10  loss 1.5553  acc 0.3475  val_loss 1.4748  val_acc 0.3853
2026-04-09 11:56:45      epoch  11  loss 1.5738  acc 0.3389  val_loss 1.4673  val_acc 0.4026
2026-04-09 11:56:47      epoch  12  loss 1.6174  acc 0.3389  val_loss 1.6091  val_acc 0.2662
2026-04-09 11:56:48      epoch  13  loss 1.5842  acc 0.3477  val_loss 1.4519  val_acc 0.4091
2026-04-09 11:56:50      epoch  14  loss 1.5008  acc 0.3934  val_loss 1.4031  val_acc 0.4416
2026-04-09 11:56:51      epoch  15  loss 1.4833  acc 0.3890  val_loss 1.4285  val_acc 0.4177
2026-04-09 11:56:53      epoch  16  loss 1.4717  acc 0.3958  val_loss 1.3821  val_acc 0.4481
2026-04-09 11:56:54      epoch  17  loss 1.4656  acc 0.3960  val_loss 1.3706  val_acc 0.4481
2026-04-09 11:56:55      epoch  18  loss 1.5271  acc 0.3653  val_loss 1.5030  val_acc 0.3810
2026-04-09 11:56:57      epoch  19  loss 1.5387  acc 0.3497  val_loss 1.4475  val_acc 0.3939
2026-04-09 11:56:58      epoch  20  loss 1.5358  acc 0.3670  val_loss 1.5143  val_acc 0.3528
2026-04-09 11:57:00      epoch  21  loss 1.5108  acc 0.3754  val_loss 1.4452  val_acc 0.4177
2026-04-09 11:57:01      epoch  22  loss 1.4940  acc 0.3722  val_loss 1.3983  val_acc 0.4199
2026-04-09 11:57:03      epoch  23  loss 1.4527  acc 0.3979  val_loss 1.4057  val_acc 0.4048
2026-04-09 11:57:04      epoch  24  loss 1.4538  acc 0.3915  val_loss 1.3949  val_acc 0.4177
2026-04-09 11:57:05      epoch  25  loss 1.4444  acc 0.4042  val_loss 1.3571  val_acc 0.4329
2026-04-09 11:57:07      epoch  26  loss 1.4421  acc 0.4087  val_loss 1.3698  val_acc 0.4329
2026-04-09 11:57:08      epoch  27  loss 1.4607  acc 0.4049  val_loss 1.3692  val_acc 0.4502
2026-04-09 11:57:10      epoch  28  loss 1.4373  acc 0.4083  val_loss 1.3725  val_acc 0.4351
2026-04-09 11:57:11      epoch  29  loss 1.4085  acc 0.4169  val_loss 1.3781  val_acc 0.4416
2026-04-09 11:57:13      epoch  30  loss 1.4194  acc 0.4073  val_loss 1.3404  val_acc 0.4524
2026-04-09 11:57:14      epoch  31  loss 1.4096  acc 0.4200  val_loss 1.3488  val_acc 0.4437
2026-04-09 11:57:16      epoch  32  loss 1.3937  acc 0.4222  val_loss 1.3612  val_acc 0.4675
2026-04-09 11:57:17      epoch  33  loss 1.4086  acc 0.4207  val_loss 1.3818  val_acc 0.4221
2026-04-09 11:57:19      epoch  34  loss 1.3859  acc 0.4306  val_loss 1.3570  val_acc 0.4502
2026-04-09 11:57:20      epoch  35  loss 1.3851  acc 0.4275  val_loss 1.3639  val_acc 0.4502
2026-04-09 11:57:22      epoch  36  loss 1.3633  acc 0.4373  val_loss 1.3631  val_acc 0.4329
2026-04-09 11:57:23      epoch  37  loss 1.3690  acc 0.4400  val_loss 1.3431  val_acc 0.4502
2026-04-09 11:57:24      epoch  38  loss 1.3494  acc 0.4431  val_loss 1.3312  val_acc 0.4545
2026-04-09 11:57:26      epoch  39  loss 1.3588  acc 0.4395  val_loss 1.3497  val_acc 0.4459
2026-04-09 11:57:27      epoch  40  loss 1.3592  acc 0.4520  val_loss 1.3348  val_acc 0.4416
2026-04-09 11:57:28      epoch  41  loss 1.3537  acc 0.4455  val_loss 1.3112  val_acc 0.4545
2026-04-09 11:57:30      epoch  42  loss 1.3467  acc 0.4534  val_loss 1.3011  val_acc 0.4762
2026-04-09 11:57:31      epoch  43  loss 1.3377  acc 0.4500  val_loss 1.3110  val_acc 0.4675
2026-04-09 11:57:32      epoch  44  loss 1.3353  acc 0.4476  val_loss 1.3126  val_acc 0.4589
2026-04-09 11:57:34      epoch  45  loss 1.3362  acc 0.4561  val_loss 1.2984  val_acc 0.4762
2026-04-09 11:57:35      epoch  46  loss 1.3400  acc 0.4520  val_loss 1.3414  val_acc 0.4632
2026-04-09 11:57:37      epoch  47  loss 1.3606  acc 0.4409  val_loss 1.3141  val_acc 0.4740
2026-04-09 11:57:38      epoch  48  loss 1.3419  acc 0.4551  val_loss 1.3045  val_acc 0.4784
2026-04-09 11:57:40      epoch  49  loss 1.3303  acc 0.4642  val_loss 1.3095  val_acc 0.4848
2026-04-09 11:57:41      epoch  50  loss 1.3445  acc 0.4469  val_loss 1.2993  val_acc 0.4827
2026-04-09 11:57:42      epoch  51  loss 1.3130  acc 0.4637  val_loss 1.2886  val_acc 0.4805
2026-04-09 11:57:44      epoch  52  loss 1.3147  acc 0.4712  val_loss 1.2810  val_acc 0.4935
2026-04-09 11:57:45      epoch  53  loss 1.3134  acc 0.4594  val_loss 1.2936  val_acc 0.4805
2026-04-09 11:57:47      epoch  54  loss 1.3051  acc 0.4669  val_loss 1.2867  val_acc 0.4805
2026-04-09 11:57:48      epoch  55  loss 1.3009  acc 0.4789  val_loss 1.2790  val_acc 0.5000
2026-04-09 11:57:49      epoch  56  loss 1.2950  acc 0.4597  val_loss 1.3382  val_acc 0.4697
2026-04-09 11:57:51      epoch  57  loss 1.3004  acc 0.4733  val_loss 1.2664  val_acc 0.5000
2026-04-09 11:57:52      epoch  58  loss 1.3093  acc 0.4625  val_loss 1.2882  val_acc 0.4740
2026-04-09 11:57:54      epoch  59  loss 1.2920  acc 0.4673  val_loss 1.2862  val_acc 0.4827
2026-04-09 11:57:55      epoch  60  loss 1.2994  acc 0.4695  val_loss 1.3062  val_acc 0.4784
2026-04-09 11:57:57      epoch  61  loss 1.3113  acc 0.4616  val_loss 1.2995  val_acc 0.4827
2026-04-09 11:57:58      epoch  62  loss 1.3009  acc 0.4676  val_loss 1.2986  val_acc 0.4913
2026-04-09 11:58:00      epoch  63  loss 1.2944  acc 0.4745  val_loss 1.2945  val_acc 0.4827
2026-04-09 11:58:01      epoch  64  loss 1.2870  acc 0.4762  val_loss 1.2833  val_acc 0.4913
2026-04-09 11:58:02      epoch  65  loss 1.2902  acc 0.4798  val_loss 1.2936  val_acc 0.4740
2026-04-09 11:58:02      Early stopping at epoch 65
2026-04-09 11:58:03      User3 accuracy: 0.4125
2026-04-09 11:58:03    ─── LOSO fold: User4 (test=274, train=4609)
2026-04-09 11:58:05      epoch   1  loss 2.2997  acc 0.1588  val_loss 2.0547  val_acc 0.2239
2026-04-09 11:58:06      epoch   2  loss 1.9250  acc 0.2574  val_loss 1.7644  val_acc 0.3065
2026-04-09 11:58:08      epoch   3  loss 1.8196  acc 0.2777  val_loss 1.7543  val_acc 0.3087
2026-04-09 11:58:09      epoch   4  loss 1.8224  acc 0.2818  val_loss 1.8284  val_acc 0.2435
2026-04-09 11:58:10      epoch   5  loss 1.8109  acc 0.2656  val_loss 1.6688  val_acc 0.3130
2026-04-09 11:58:12      epoch   6  loss 1.8662  acc 0.2569  val_loss 1.7015  val_acc 0.2870
2026-04-09 11:58:14      epoch   7  loss 1.7419  acc 0.2899  val_loss 1.6273  val_acc 0.3261
2026-04-09 11:58:15      epoch   8  loss 1.6915  acc 0.3121  val_loss 1.5853  val_acc 0.3239
2026-04-09 11:58:17      epoch   9  loss 1.7015  acc 0.3136  val_loss 1.9145  val_acc 0.2587
2026-04-09 11:58:18      epoch  10  loss 1.8394  acc 0.2798  val_loss 1.6210  val_acc 0.3261
2026-04-09 11:58:20      epoch  11  loss 1.7256  acc 0.3051  val_loss 1.5625  val_acc 0.3500
2026-04-09 11:58:21      epoch  12  loss 1.6171  acc 0.3256  val_loss 1.5465  val_acc 0.3435
2026-04-09 11:58:22      epoch  13  loss 1.6232  acc 0.3203  val_loss 1.5323  val_acc 0.3761
2026-04-09 11:58:24      epoch  14  loss 1.6488  acc 0.3251  val_loss 1.5779  val_acc 0.3500
2026-04-09 11:58:25      epoch  15  loss 1.8958  acc 0.2490  val_loss 1.7980  val_acc 0.2935
2026-04-09 11:58:27      epoch  16  loss 1.8499  acc 0.2767  val_loss 1.6516  val_acc 0.3065
2026-04-09 11:58:28      epoch  17  loss 1.7121  acc 0.3078  val_loss 1.5847  val_acc 0.3500
2026-04-09 11:58:30      epoch  18  loss 1.6344  acc 0.3456  val_loss 1.5486  val_acc 0.3739
2026-04-09 11:58:31      epoch  19  loss 1.6257  acc 0.3425  val_loss 1.5391  val_acc 0.3370
2026-04-09 11:58:32      epoch  20  loss 1.5983  acc 0.3480  val_loss 1.5037  val_acc 0.3848
2026-04-09 11:58:34      epoch  21  loss 1.5865  acc 0.3560  val_loss 1.4953  val_acc 0.3870
2026-04-09 11:58:35      epoch  22  loss 1.5666  acc 0.3635  val_loss 1.5168  val_acc 0.3848
2026-04-09 11:58:36      epoch  23  loss 1.6038  acc 0.3637  val_loss 1.5016  val_acc 0.3587
2026-04-09 11:58:38      epoch  24  loss 1.5556  acc 0.3736  val_loss 1.4907  val_acc 0.3978
2026-04-09 11:58:39      epoch  25  loss 1.5489  acc 0.3789  val_loss 1.4790  val_acc 0.4000
2026-04-09 11:58:40      epoch  26  loss 1.5433  acc 0.3784  val_loss 1.4604  val_acc 0.4043
2026-04-09 11:58:42      epoch  27  loss 1.5438  acc 0.3825  val_loss 1.4523  val_acc 0.4087
2026-04-09 11:58:43      epoch  28  loss 1.5236  acc 0.3750  val_loss 1.4548  val_acc 0.3957
2026-04-09 11:58:45      epoch  29  loss 1.5095  acc 0.3931  val_loss 1.4465  val_acc 0.4022
2026-04-09 11:58:46      epoch  30  loss 1.5011  acc 0.3938  val_loss 1.4605  val_acc 0.3957
2026-04-09 11:58:48      epoch  31  loss 1.5114  acc 0.3958  val_loss 1.4400  val_acc 0.4022
2026-04-09 11:58:50      epoch  32  loss 1.5121  acc 0.3909  val_loss 1.4620  val_acc 0.4065
2026-04-09 11:58:51      epoch  33  loss 1.5140  acc 0.3803  val_loss 1.4363  val_acc 0.4391
2026-04-09 11:58:53      epoch  34  loss 1.5757  acc 0.3738  val_loss 1.6203  val_acc 0.3478
2026-04-09 11:58:55      epoch  35  loss 1.5535  acc 0.3733  val_loss 1.4501  val_acc 0.4348
2026-04-09 11:58:56      epoch  36  loss 1.5080  acc 0.3967  val_loss 1.4389  val_acc 0.4022
2026-04-09 11:58:58      epoch  37  loss 1.4909  acc 0.4056  val_loss 1.4340  val_acc 0.3978
2026-04-09 11:58:59      epoch  38  loss 1.5029  acc 0.4078  val_loss 1.4334  val_acc 0.4174
2026-04-09 11:59:01      epoch  39  loss 1.4838  acc 0.4056  val_loss 1.4312  val_acc 0.4239
2026-04-09 11:59:03      epoch  40  loss 1.4674  acc 0.4143  val_loss 1.4164  val_acc 0.3978
2026-04-09 11:59:04      epoch  41  loss 1.6148  acc 0.3692  val_loss 1.4605  val_acc 0.4022
2026-04-09 11:59:05      epoch  42  loss 1.5062  acc 0.3890  val_loss 1.4205  val_acc 0.4087
2026-04-09 11:59:07      epoch  43  loss 1.4927  acc 0.3936  val_loss 1.4510  val_acc 0.3978
2026-04-09 11:59:08      epoch  44  loss 1.5317  acc 0.3827  val_loss 1.4878  val_acc 0.4109
2026-04-09 11:59:10      epoch  45  loss 1.5022  acc 0.3974  val_loss 1.4233  val_acc 0.4065
2026-04-09 11:59:11      epoch  46  loss 1.4723  acc 0.4143  val_loss 1.4231  val_acc 0.4478
2026-04-09 11:59:13      epoch  47  loss 1.4720  acc 0.4143  val_loss 1.4053  val_acc 0.4196
2026-04-09 11:59:14      epoch  48  loss 1.4603  acc 0.4179  val_loss 1.3940  val_acc 0.4304
2026-04-09 11:59:15      epoch  49  loss 1.4655  acc 0.4134  val_loss 1.4005  val_acc 0.4283
2026-04-09 11:59:17      epoch  50  loss 1.4678  acc 0.4081  val_loss 1.3942  val_acc 0.4413
2026-04-09 11:59:18      epoch  51  loss 1.4467  acc 0.4150  val_loss 1.3892  val_acc 0.4348
2026-04-09 11:59:20      epoch  52  loss 1.4429  acc 0.4160  val_loss 1.3891  val_acc 0.4522
2026-04-09 11:59:21      epoch  53  loss 1.4390  acc 0.4174  val_loss 1.3742  val_acc 0.4457
2026-04-09 11:59:22      epoch  54  loss 1.4335  acc 0.4305  val_loss 1.3771  val_acc 0.4391
2026-04-09 11:59:24      epoch  55  loss 1.4341  acc 0.4196  val_loss 1.3732  val_acc 0.4478
2026-04-09 11:59:25      epoch  56  loss 1.4323  acc 0.4261  val_loss 1.3776  val_acc 0.4478
2026-04-09 11:59:27      epoch  57  loss 1.4328  acc 0.4288  val_loss 1.3711  val_acc 0.4457
2026-04-09 11:59:28      epoch  58  loss 1.4154  acc 0.4247  val_loss 1.3682  val_acc 0.4500
2026-04-09 11:59:30      epoch  59  loss 1.4277  acc 0.4191  val_loss 1.3654  val_acc 0.4413
2026-04-09 11:59:31      epoch  60  loss 1.4212  acc 0.4177  val_loss 1.3693  val_acc 0.4609
2026-04-09 11:59:32      epoch  61  loss 1.4207  acc 0.4177  val_loss 1.3591  val_acc 0.4500
2026-04-09 11:59:34      epoch  62  loss 1.4132  acc 0.4283  val_loss 1.3515  val_acc 0.4652
2026-04-09 11:59:35      epoch  63  loss 1.4174  acc 0.4247  val_loss 1.3660  val_acc 0.4696
2026-04-09 11:59:37      epoch  64  loss 1.4233  acc 0.4223  val_loss 1.3569  val_acc 0.4609
2026-04-09 11:59:38      epoch  65  loss 1.4107  acc 0.4314  val_loss 1.3498  val_acc 0.4674
2026-04-09 11:59:40      epoch  66  loss 1.4067  acc 0.4394  val_loss 1.3542  val_acc 0.4652
2026-04-09 11:59:41      epoch  67  loss 1.4032  acc 0.4375  val_loss 1.3475  val_acc 0.4630
2026-04-09 11:59:43      epoch  68  loss 1.4019  acc 0.4384  val_loss 1.3448  val_acc 0.4652
2026-04-09 11:59:44      epoch  69  loss 1.3999  acc 0.4300  val_loss 1.3548  val_acc 0.4478
2026-04-09 11:59:46      epoch  70  loss 1.4062  acc 0.4336  val_loss 1.3459  val_acc 0.4457
2026-04-09 11:59:47      epoch  71  loss 1.4026  acc 0.4362  val_loss 1.3593  val_acc 0.4370
2026-04-09 11:59:49      epoch  72  loss 1.4127  acc 0.4232  val_loss 1.3441  val_acc 0.4543
2026-04-09 11:59:50      epoch  73  loss 1.3936  acc 0.4372  val_loss 1.3403  val_acc 0.4630
2026-04-09 11:59:51      epoch  74  loss 1.4074  acc 0.4281  val_loss 1.3422  val_acc 0.4783
2026-04-09 11:59:53      epoch  75  loss 1.3980  acc 0.4350  val_loss 1.3365  val_acc 0.4565
2026-04-09 11:59:54      epoch  76  loss 1.3888  acc 0.4430  val_loss 1.3498  val_acc 0.4413
2026-04-09 11:59:55      epoch  77  loss 1.3942  acc 0.4319  val_loss 1.3307  val_acc 0.4630
2026-04-09 11:59:57      epoch  78  loss 1.3994  acc 0.4346  val_loss 1.3382  val_acc 0.4783
2026-04-09 11:59:58      epoch  79  loss 1.3884  acc 0.4442  val_loss 1.3377  val_acc 0.4674
2026-04-09 11:59:59      epoch  80  loss 1.3979  acc 0.4365  val_loss 1.3365  val_acc 0.4587
2026-04-09 12:00:01      epoch  81  loss 1.3876  acc 0.4387  val_loss 1.3448  val_acc 0.4565
2026-04-09 12:00:02      epoch  82  loss 1.3970  acc 0.4355  val_loss 1.3449  val_acc 0.4609
2026-04-09 12:00:04      epoch  83  loss 1.3902  acc 0.4418  val_loss 1.3290  val_acc 0.4587
2026-04-09 12:00:05      epoch  84  loss 1.3753  acc 0.4514  val_loss 1.3280  val_acc 0.4522
2026-04-09 12:00:07      epoch  85  loss 1.3830  acc 0.4432  val_loss 1.3290  val_acc 0.4609
2026-04-09 12:00:08      epoch  86  loss 1.3820  acc 0.4418  val_loss 1.3336  val_acc 0.4609
2026-04-09 12:00:09      epoch  87  loss 1.3758  acc 0.4459  val_loss 1.3308  val_acc 0.4652
2026-04-09 12:00:11      epoch  88  loss 1.3750  acc 0.4435  val_loss 1.3293  val_acc 0.4543
2026-04-09 12:00:12      epoch  89  loss 1.3903  acc 0.4379  val_loss 1.3297  val_acc 0.4761
2026-04-09 12:00:14      epoch  90  loss 1.3781  acc 0.4456  val_loss 1.3181  val_acc 0.4652
2026-04-09 12:00:15      epoch  91  loss 1.3674  acc 0.4391  val_loss 1.3251  val_acc 0.4696
2026-04-09 12:00:16      epoch  92  loss 1.3743  acc 0.4493  val_loss 1.3169  val_acc 0.4739
2026-04-09 12:00:18      epoch  93  loss 1.3832  acc 0.4406  val_loss 1.3279  val_acc 0.4543
2026-04-09 12:00:19      epoch  94  loss 1.3803  acc 0.4461  val_loss 1.3267  val_acc 0.4543
2026-04-09 12:00:21      epoch  95  loss 1.3822  acc 0.4425  val_loss 1.3169  val_acc 0.4609
2026-04-09 12:00:22      epoch  96  loss 1.3681  acc 0.4471  val_loss 1.3142  val_acc 0.4609
2026-04-09 12:00:23      epoch  97  loss 1.3682  acc 0.4447  val_loss 1.3159  val_acc 0.4674
2026-04-09 12:00:25      epoch  98  loss 1.3656  acc 0.4435  val_loss 1.3211  val_acc 0.4652
2026-04-09 12:00:26      epoch  99  loss 1.3631  acc 0.4493  val_loss 1.3211  val_acc 0.4609
2026-04-09 12:00:28      epoch 100  loss 1.3571  acc 0.4505  val_loss 1.3161  val_acc 0.4587
2026-04-09 12:00:28      User4 accuracy: 0.4380
2026-04-09 12:00:29    ─── LOSO fold: User5 (test=270, train=4613)
2026-04-09 12:00:30      epoch   1  loss 2.3354  acc 0.1460  val_loss 2.1191  val_acc 0.2104
2026-04-09 12:00:31      epoch   2  loss 2.0011  acc 0.2293  val_loss 1.8063  val_acc 0.2777
2026-04-09 12:00:33      epoch   3  loss 1.8583  acc 0.2712  val_loss 2.0332  val_acc 0.2473
2026-04-09 12:00:34      epoch   4  loss 1.9317  acc 0.2512  val_loss 1.7210  val_acc 0.2842
2026-04-09 12:00:35      epoch   5  loss 1.7291  acc 0.2921  val_loss 1.6470  val_acc 0.3297
2026-04-09 12:00:37      epoch   6  loss 1.6567  acc 0.3227  val_loss 1.6934  val_acc 0.3102
2026-04-09 12:00:38      epoch   7  loss 1.6569  acc 0.3208  val_loss 1.8498  val_acc 0.2798
2026-04-09 12:00:39      epoch   8  loss 1.7079  acc 0.2984  val_loss 1.6320  val_acc 0.3623
2026-04-09 12:00:41      epoch   9  loss 1.6490  acc 0.3338  val_loss 1.6351  val_acc 0.3384
2026-04-09 12:00:42      epoch  10  loss 1.6524  acc 0.3150  val_loss 1.6165  val_acc 0.3471
2026-04-09 12:00:44      epoch  11  loss 1.6135  acc 0.3227  val_loss 1.5808  val_acc 0.3731
2026-04-09 12:00:45      epoch  12  loss 1.6574  acc 0.3276  val_loss 1.5746  val_acc 0.3557
2026-04-09 12:00:46      epoch  13  loss 1.6079  acc 0.3449  val_loss 1.6127  val_acc 0.3666
2026-04-09 12:00:48      epoch  14  loss 1.5590  acc 0.3622  val_loss 1.5615  val_acc 0.3688
2026-04-09 12:00:49      epoch  15  loss 1.5798  acc 0.3603  val_loss 1.7688  val_acc 0.3210
2026-04-09 12:00:51      epoch  16  loss 1.6185  acc 0.3548  val_loss 1.5811  val_acc 0.4078
2026-04-09 12:00:52      epoch  17  loss 1.5667  acc 0.3603  val_loss 1.5816  val_acc 0.3774
2026-04-09 12:00:54      epoch  18  loss 1.5631  acc 0.3654  val_loss 1.6225  val_acc 0.3514
2026-04-09 12:00:55      epoch  19  loss 1.5597  acc 0.3690  val_loss 1.4846  val_acc 0.4230
2026-04-09 12:00:56      epoch  20  loss 1.5098  acc 0.3801  val_loss 1.4868  val_acc 0.3948
2026-04-09 12:00:58      epoch  21  loss 1.5325  acc 0.3832  val_loss 1.6256  val_acc 0.3774
2026-04-09 12:00:59      epoch  22  loss 1.5553  acc 0.3743  val_loss 1.4999  val_acc 0.4078
2026-04-09 12:01:01      epoch  23  loss 1.5181  acc 0.3940  val_loss 1.4913  val_acc 0.4056
2026-04-09 12:01:02      epoch  24  loss 1.5088  acc 0.3928  val_loss 1.4578  val_acc 0.4382
2026-04-09 12:01:04      epoch  25  loss 1.4721  acc 0.3996  val_loss 1.4831  val_acc 0.4035
2026-04-09 12:01:05      epoch  26  loss 1.4445  acc 0.4176  val_loss 1.4566  val_acc 0.4121
2026-04-09 12:01:07      epoch  27  loss 1.4705  acc 0.4017  val_loss 1.4850  val_acc 0.4121
2026-04-09 12:01:08      epoch  28  loss 1.4704  acc 0.3923  val_loss 1.4961  val_acc 0.4035
2026-04-09 12:01:09      epoch  29  loss 1.4563  acc 0.4066  val_loss 1.4418  val_acc 0.4230
2026-04-09 12:01:11      epoch  30  loss 1.4787  acc 0.3967  val_loss 1.5221  val_acc 0.3839
2026-04-09 12:01:12      epoch  31  loss 1.4721  acc 0.3996  val_loss 1.4492  val_acc 0.4208
2026-04-09 12:01:13      epoch  32  loss 1.4551  acc 0.4053  val_loss 1.4384  val_acc 0.4121
2026-04-09 12:01:15      epoch  33  loss 1.4346  acc 0.4133  val_loss 1.4309  val_acc 0.4165
2026-04-09 12:01:16      epoch  34  loss 1.4341  acc 0.4150  val_loss 1.4289  val_acc 0.3991
2026-04-09 12:01:18      epoch  35  loss 1.4106  acc 0.4138  val_loss 1.3872  val_acc 0.4490
2026-04-09 12:01:19      epoch  36  loss 1.4409  acc 0.4208  val_loss 1.3663  val_acc 0.4729
2026-04-09 12:01:20      epoch  37  loss 1.4228  acc 0.4210  val_loss 1.3801  val_acc 0.4447
2026-04-09 12:01:22      epoch  38  loss 1.4036  acc 0.4171  val_loss 1.3859  val_acc 0.4403
2026-04-09 12:01:23      epoch  39  loss 1.3795  acc 0.4381  val_loss 1.3526  val_acc 0.4555
2026-04-09 12:01:25      epoch  40  loss 1.3797  acc 0.4388  val_loss 1.4088  val_acc 0.4165
2026-04-09 12:01:26      epoch  41  loss 1.3740  acc 0.4333  val_loss 1.3935  val_acc 0.4295
2026-04-09 12:01:28      epoch  42  loss 1.3894  acc 0.4330  val_loss 1.4096  val_acc 0.4165
2026-04-09 12:01:29      epoch  43  loss 1.3747  acc 0.4374  val_loss 1.3318  val_acc 0.4577
2026-04-09 12:01:30      epoch  44  loss 1.3455  acc 0.4581  val_loss 1.3085  val_acc 0.4707
2026-04-09 12:01:32      epoch  45  loss 1.3435  acc 0.4444  val_loss 1.3192  val_acc 0.4577
2026-04-09 12:01:33      epoch  46  loss 1.3464  acc 0.4432  val_loss 1.3156  val_acc 0.4685
2026-04-09 12:01:34      epoch  47  loss 1.3365  acc 0.4547  val_loss 1.3836  val_acc 0.4512
2026-04-09 12:01:36      epoch  48  loss 1.3756  acc 0.4381  val_loss 1.3393  val_acc 0.4403
2026-04-09 12:01:37      epoch  49  loss 1.3366  acc 0.4607  val_loss 1.3085  val_acc 0.4837
2026-04-09 12:01:38      epoch  50  loss 1.3383  acc 0.4451  val_loss 1.3407  val_acc 0.4729
2026-04-09 12:01:40      epoch  51  loss 1.3445  acc 0.4521  val_loss 1.3196  val_acc 0.4751
2026-04-09 12:01:41      epoch  52  loss 1.3327  acc 0.4576  val_loss 1.3425  val_acc 0.4837
2026-04-09 12:01:43      epoch  53  loss 1.2992  acc 0.4619  val_loss 1.3366  val_acc 0.4534
2026-04-09 12:01:44      epoch  54  loss 1.3183  acc 0.4634  val_loss 1.2885  val_acc 0.4859
2026-04-09 12:01:46      epoch  55  loss 1.2985  acc 0.4656  val_loss 1.3065  val_acc 0.4685
2026-04-09 12:01:47      epoch  56  loss 1.2930  acc 0.4684  val_loss 1.3190  val_acc 0.4577
2026-04-09 12:01:48      epoch  57  loss 1.2877  acc 0.4677  val_loss 1.3090  val_acc 0.4751
2026-04-09 12:01:50      epoch  58  loss 1.3008  acc 0.4742  val_loss 1.3206  val_acc 0.4685
2026-04-09 12:01:51      epoch  59  loss 1.2868  acc 0.4651  val_loss 1.3048  val_acc 0.4599
2026-04-09 12:01:53      epoch  60  loss 1.2739  acc 0.4769  val_loss 1.3013  val_acc 0.4772
2026-04-09 12:01:54      epoch  61  loss 1.2741  acc 0.4786  val_loss 1.3028  val_acc 0.4685
2026-04-09 12:01:56      epoch  62  loss 1.2694  acc 0.4848  val_loss 1.2865  val_acc 0.4772
2026-04-09 12:01:57      epoch  63  loss 1.2630  acc 0.4803  val_loss 1.2824  val_acc 0.4816
2026-04-09 12:01:58      epoch  64  loss 1.2646  acc 0.4846  val_loss 1.3163  val_acc 0.4620
2026-04-09 12:02:00      epoch  65  loss 1.2594  acc 0.4846  val_loss 1.3030  val_acc 0.4729
2026-04-09 12:02:01      epoch  66  loss 1.2546  acc 0.4812  val_loss 1.2892  val_acc 0.4837
2026-04-09 12:02:02      epoch  67  loss 1.2546  acc 0.4771  val_loss 1.2831  val_acc 0.4751
2026-04-09 12:02:04      epoch  68  loss 1.2606  acc 0.4790  val_loss 1.3146  val_acc 0.4685
2026-04-09 12:02:05      epoch  69  loss 1.2603  acc 0.4750  val_loss 1.2896  val_acc 0.4794
2026-04-09 12:02:07      epoch  70  loss 1.2584  acc 0.4815  val_loss 1.3036  val_acc 0.4772
2026-04-09 12:02:08      epoch  71  loss 1.2533  acc 0.4800  val_loss 1.3097  val_acc 0.4685
2026-04-09 12:02:08      Early stopping at epoch 71
2026-04-09 12:02:08      User5 accuracy: 0.5074
2026-04-09 12:02:09    ─── LOSO fold: User6 (test=262, train=4621)
2026-04-09 12:02:11      epoch   1  loss 2.3149  acc 0.1570  val_loss 2.1494  val_acc 0.2338
2026-04-09 12:02:12      epoch   2  loss 1.9537  acc 0.2421  val_loss 1.8459  val_acc 0.2835
2026-04-09 12:02:13      epoch   3  loss 1.7858  acc 0.2859  val_loss 1.6941  val_acc 0.2749
2026-04-09 12:02:15      epoch   4  loss 1.7272  acc 0.3003  val_loss 1.7141  val_acc 0.3052
2026-04-09 12:02:16      epoch   5  loss 1.9036  acc 0.2366  val_loss 1.8212  val_acc 0.2771
2026-04-09 12:02:18      epoch   6  loss 1.8053  acc 0.2667  val_loss 1.7064  val_acc 0.3160
2026-04-09 12:02:19      epoch   7  loss 1.6705  acc 0.3200  val_loss 1.6644  val_acc 0.3182
2026-04-09 12:02:21      epoch   8  loss 1.6582  acc 0.3246  val_loss 1.6554  val_acc 0.3225
2026-04-09 12:02:22      epoch   9  loss 1.6360  acc 0.3248  val_loss 1.6160  val_acc 0.3442
2026-04-09 12:02:23      epoch  10  loss 1.5837  acc 0.3417  val_loss 1.5564  val_acc 0.3550
2026-04-09 12:02:25      epoch  11  loss 1.5704  acc 0.3491  val_loss 1.6190  val_acc 0.3333
2026-04-09 12:02:26      epoch  12  loss 1.5773  acc 0.3465  val_loss 1.5390  val_acc 0.3420
2026-04-09 12:02:28      epoch  13  loss 1.5669  acc 0.3426  val_loss 1.5559  val_acc 0.3268
2026-04-09 12:02:29      epoch  14  loss 1.5583  acc 0.3453  val_loss 1.5973  val_acc 0.3420
2026-04-09 12:02:30      epoch  15  loss 1.5510  acc 0.3667  val_loss 1.7075  val_acc 0.2879
2026-04-09 12:02:32      epoch  16  loss 1.5814  acc 0.3424  val_loss 1.6018  val_acc 0.3247
2026-04-09 12:02:33      epoch  17  loss 1.5679  acc 0.3477  val_loss 1.5489  val_acc 0.3442
2026-04-09 12:02:35      epoch  18  loss 1.5103  acc 0.3761  val_loss 1.5042  val_acc 0.3615
2026-04-09 12:02:36      epoch  19  loss 1.4895  acc 0.3948  val_loss 1.4945  val_acc 0.3874
2026-04-09 12:02:38      epoch  20  loss 1.4700  acc 0.3989  val_loss 1.5202  val_acc 0.3701
2026-04-09 12:02:39      epoch  21  loss 1.4723  acc 0.3982  val_loss 1.4806  val_acc 0.3874
2026-04-09 12:02:40      epoch  22  loss 1.4581  acc 0.4023  val_loss 1.4759  val_acc 0.3896
2026-04-09 12:02:42      epoch  23  loss 1.4596  acc 0.4025  val_loss 1.4639  val_acc 0.3810
2026-04-09 12:02:43      epoch  24  loss 1.4860  acc 0.3883  val_loss 1.4869  val_acc 0.3745
2026-04-09 12:02:44      epoch  25  loss 1.4557  acc 0.3982  val_loss 1.4674  val_acc 0.3810
2026-04-09 12:02:46      epoch  26  loss 1.4448  acc 0.4104  val_loss 1.4599  val_acc 0.3874
2026-04-09 12:02:47      epoch  27  loss 1.4442  acc 0.4143  val_loss 1.5363  val_acc 0.3701
2026-04-09 12:02:49      epoch  28  loss 1.4751  acc 0.4063  val_loss 1.4827  val_acc 0.3788
2026-04-09 12:02:50      epoch  29  loss 1.4621  acc 0.4073  val_loss 1.4964  val_acc 0.3680
2026-04-09 12:02:52      epoch  30  loss 1.4591  acc 0.4133  val_loss 1.4797  val_acc 0.3896
2026-04-09 12:02:53      epoch  31  loss 1.4349  acc 0.4208  val_loss 1.4624  val_acc 0.3961
2026-04-09 12:02:55      epoch  32  loss 1.4367  acc 0.4155  val_loss 1.4584  val_acc 0.3810
2026-04-09 12:02:56      epoch  33  loss 1.4234  acc 0.4229  val_loss 1.4517  val_acc 0.3745
2026-04-09 12:02:58      epoch  34  loss 1.4189  acc 0.4244  val_loss 1.4561  val_acc 0.3723
2026-04-09 12:02:59      epoch  35  loss 1.4457  acc 0.4068  val_loss 1.4807  val_acc 0.3788
2026-04-09 12:03:00      epoch  36  loss 1.4458  acc 0.4152  val_loss 1.4883  val_acc 0.3593
2026-04-09 12:03:02      epoch  37  loss 1.4441  acc 0.4068  val_loss 1.4570  val_acc 0.3853
2026-04-09 12:03:03      epoch  38  loss 1.4348  acc 0.4088  val_loss 1.4572  val_acc 0.4026
2026-04-09 12:03:04      epoch  39  loss 1.4231  acc 0.4249  val_loss 1.4802  val_acc 0.3896
2026-04-09 12:03:06      epoch  40  loss 1.4262  acc 0.4309  val_loss 1.4561  val_acc 0.3918
2026-04-09 12:03:07      epoch  41  loss 1.4082  acc 0.4318  val_loss 1.4470  val_acc 0.3961
2026-04-09 12:03:09      epoch  42  loss 1.4011  acc 0.4314  val_loss 1.4428  val_acc 0.4048
2026-04-09 12:03:10      epoch  43  loss 1.4034  acc 0.4302  val_loss 1.4470  val_acc 0.4004
2026-04-09 12:03:12      epoch  44  loss 1.3967  acc 0.4249  val_loss 1.4508  val_acc 0.4048
2026-04-09 12:03:13      epoch  45  loss 1.3854  acc 0.4321  val_loss 1.4437  val_acc 0.4026
2026-04-09 12:03:14      epoch  46  loss 1.3915  acc 0.4388  val_loss 1.4472  val_acc 0.4026
2026-04-09 12:03:16      epoch  47  loss 1.3777  acc 0.4419  val_loss 1.4424  val_acc 0.4004
2026-04-09 12:03:17      epoch  48  loss 1.3831  acc 0.4398  val_loss 1.4436  val_acc 0.3939
2026-04-09 12:03:19      epoch  49  loss 1.3785  acc 0.4400  val_loss 1.4423  val_acc 0.3961
2026-04-09 12:03:20      epoch  50  loss 1.3822  acc 0.4323  val_loss 1.4441  val_acc 0.3983
2026-04-09 12:03:21      epoch  51  loss 1.3836  acc 0.4405  val_loss 1.4594  val_acc 0.3831
2026-04-09 12:03:23      epoch  52  loss 1.3802  acc 0.4292  val_loss 1.4421  val_acc 0.3896
2026-04-09 12:03:24      epoch  53  loss 1.3774  acc 0.4364  val_loss 1.4481  val_acc 0.3896
2026-04-09 12:03:26      epoch  54  loss 1.3723  acc 0.4350  val_loss 1.4532  val_acc 0.3983
2026-04-09 12:03:27      epoch  55  loss 1.3752  acc 0.4357  val_loss 1.4405  val_acc 0.3939
2026-04-09 12:03:29      epoch  56  loss 1.3866  acc 0.4366  val_loss 1.4362  val_acc 0.3983
2026-04-09 12:03:30      epoch  57  loss 1.3864  acc 0.4330  val_loss 1.4549  val_acc 0.3983
2026-04-09 12:03:32      epoch  58  loss 1.4037  acc 0.4289  val_loss 1.4485  val_acc 0.3810
2026-04-09 12:03:33      epoch  59  loss 1.3872  acc 0.4412  val_loss 1.4384  val_acc 0.4134
2026-04-09 12:03:34      epoch  60  loss 1.3746  acc 0.4386  val_loss 1.4475  val_acc 0.3896
2026-04-09 12:03:36      epoch  61  loss 1.3802  acc 0.4249  val_loss 1.4429  val_acc 0.3766
2026-04-09 12:03:37      epoch  62  loss 1.3716  acc 0.4410  val_loss 1.4415  val_acc 0.3874
2026-04-09 12:03:39      epoch  63  loss 1.3657  acc 0.4405  val_loss 1.4354  val_acc 0.3918
2026-04-09 12:03:40      epoch  64  loss 1.3533  acc 0.4487  val_loss 1.4363  val_acc 0.4134
2026-04-09 12:03:41      epoch  65  loss 1.3596  acc 0.4446  val_loss 1.4341  val_acc 0.4091
2026-04-09 12:03:43      epoch  66  loss 1.3592  acc 0.4472  val_loss 1.4299  val_acc 0.4286
2026-04-09 12:03:44      epoch  67  loss 1.3557  acc 0.4448  val_loss 1.4378  val_acc 0.4134
2026-04-09 12:03:46      epoch  68  loss 1.3543  acc 0.4446  val_loss 1.4394  val_acc 0.3918
2026-04-09 12:03:48      epoch  69  loss 1.3574  acc 0.4470  val_loss 1.4281  val_acc 0.4069
2026-04-09 12:03:49      epoch  70  loss 1.3575  acc 0.4475  val_loss 1.4353  val_acc 0.3939
2026-04-09 12:03:51      epoch  71  loss 1.3633  acc 0.4436  val_loss 1.4376  val_acc 0.3810
2026-04-09 12:03:52      epoch  72  loss 1.3495  acc 0.4496  val_loss 1.4348  val_acc 0.4048
2026-04-09 12:03:53      epoch  73  loss 1.3504  acc 0.4489  val_loss 1.4307  val_acc 0.4069
2026-04-09 12:03:55      epoch  74  loss 1.3513  acc 0.4412  val_loss 1.4246  val_acc 0.4351
2026-04-09 12:03:56      epoch  75  loss 1.3434  acc 0.4559  val_loss 1.4251  val_acc 0.4069
2026-04-09 12:03:58      epoch  76  loss 1.3418  acc 0.4412  val_loss 1.4303  val_acc 0.4048
2026-04-09 12:03:59      epoch  77  loss 1.3531  acc 0.4453  val_loss 1.4268  val_acc 0.3961
2026-04-09 12:04:00      epoch  78  loss 1.3567  acc 0.4453  val_loss 1.4315  val_acc 0.3983
2026-04-09 12:04:02      epoch  79  loss 1.3458  acc 0.4525  val_loss 1.4195  val_acc 0.4113
2026-04-09 12:04:03      epoch  80  loss 1.3512  acc 0.4395  val_loss 1.4238  val_acc 0.4134
2026-04-09 12:04:04      epoch  81  loss 1.3511  acc 0.4475  val_loss 1.4263  val_acc 0.4091
2026-04-09 12:04:06      epoch  82  loss 1.3448  acc 0.4499  val_loss 1.4271  val_acc 0.4069
2026-04-09 12:04:07      epoch  83  loss 1.3431  acc 0.4549  val_loss 1.4180  val_acc 0.4069
2026-04-09 12:04:08      epoch  84  loss 1.3474  acc 0.4503  val_loss 1.4224  val_acc 0.4113
2026-04-09 12:04:10      epoch  85  loss 1.3735  acc 0.4335  val_loss 1.4521  val_acc 0.4177
2026-04-09 12:04:11      epoch  86  loss 1.3625  acc 0.4458  val_loss 1.4302  val_acc 0.4113
2026-04-09 12:04:12      epoch  87  loss 1.3592  acc 0.4528  val_loss 1.4334  val_acc 0.4113
2026-04-09 12:04:14      epoch  88  loss 1.3549  acc 0.4518  val_loss 1.4321  val_acc 0.4026
2026-04-09 12:04:15      epoch  89  loss 1.3467  acc 0.4530  val_loss 1.4281  val_acc 0.4134
2026-04-09 12:04:16      epoch  90  loss 1.3391  acc 0.4602  val_loss 1.4191  val_acc 0.4221
2026-04-09 12:04:18      epoch  91  loss 1.3409  acc 0.4530  val_loss 1.4211  val_acc 0.4372
2026-04-09 12:04:18      Early stopping at epoch 91
2026-04-09 12:04:18      User6 accuracy: 0.4695
2026-04-09 12:04:19    ─── LOSO fold: User7 (test=567, train=4316)
2026-04-09 12:04:20      epoch   1  loss 2.3343  acc 0.1408  val_loss 2.1639  val_acc 0.2181
2026-04-09 12:04:22      epoch   2  loss 2.0008  acc 0.2450  val_loss 1.8666  val_acc 0.2715
2026-04-09 12:04:23      epoch   3  loss 1.7912  acc 0.2829  val_loss 1.8064  val_acc 0.2343
2026-04-09 12:04:24      epoch   4  loss 1.8239  acc 0.2471  val_loss 1.8488  val_acc 0.2390
2026-04-09 12:04:26      epoch   5  loss 2.3096  acc 0.1779  val_loss 2.0356  val_acc 0.2204
2026-04-09 12:04:27      epoch   6  loss 1.9719  acc 0.2450  val_loss 1.8968  val_acc 0.2251
2026-04-09 12:04:28      epoch   7  loss 1.8322  acc 0.2780  val_loss 1.7891  val_acc 0.2552
2026-04-09 12:04:30      epoch   8  loss 1.7270  acc 0.3045  val_loss 1.6510  val_acc 0.3086
2026-04-09 12:04:31      epoch   9  loss 1.6580  acc 0.3109  val_loss 1.6604  val_acc 0.2854
2026-04-09 12:04:32      epoch  10  loss 1.6441  acc 0.3102  val_loss 1.6077  val_acc 0.3295
2026-04-09 12:04:34      epoch  11  loss 1.6984  acc 0.3032  val_loss 1.7110  val_acc 0.2947
2026-04-09 12:04:35      epoch  12  loss 1.6490  acc 0.3236  val_loss 1.6130  val_acc 0.3666
2026-04-09 12:04:36      epoch  13  loss 1.6227  acc 0.3256  val_loss 1.6223  val_acc 0.2900
2026-04-09 12:04:38      epoch  14  loss 1.6887  acc 0.3166  val_loss 1.6696  val_acc 0.3573
2026-04-09 12:04:39      epoch  15  loss 1.6529  acc 0.3112  val_loss 1.6198  val_acc 0.3202
2026-04-09 12:04:40      epoch  16  loss 1.6027  acc 0.3359  val_loss 1.5632  val_acc 0.3712
2026-04-09 12:04:42      epoch  17  loss 1.6135  acc 0.3421  val_loss 1.6067  val_acc 0.3179
2026-04-09 12:04:43      epoch  18  loss 1.6183  acc 0.3395  val_loss 1.5477  val_acc 0.3759
2026-04-09 12:04:44      epoch  19  loss 1.5789  acc 0.3449  val_loss 1.5472  val_acc 0.3759
2026-04-09 12:04:46      epoch  20  loss 1.5652  acc 0.3547  val_loss 1.5321  val_acc 0.3666
2026-04-09 12:04:47      epoch  21  loss 1.5336  acc 0.3817  val_loss 1.5286  val_acc 0.3875
2026-04-09 12:04:48      epoch  22  loss 1.5248  acc 0.3714  val_loss 1.5322  val_acc 0.3735
2026-04-09 12:04:50      epoch  23  loss 1.5238  acc 0.3673  val_loss 1.5084  val_acc 0.3921
2026-04-09 12:04:51      epoch  24  loss 1.5110  acc 0.3694  val_loss 1.5160  val_acc 0.3991
2026-04-09 12:04:52      epoch  25  loss 1.5579  acc 0.3485  val_loss 1.6022  val_acc 0.3364
2026-04-09 12:04:53      epoch  26  loss 1.5468  acc 0.3503  val_loss 1.5369  val_acc 0.3875
2026-04-09 12:04:55      epoch  27  loss 1.5235  acc 0.3580  val_loss 1.5209  val_acc 0.3527
2026-04-09 12:04:56      epoch  28  loss 1.5143  acc 0.3804  val_loss 1.4962  val_acc 0.3991
2026-04-09 12:04:58      epoch  29  loss 1.5135  acc 0.3817  val_loss 1.4951  val_acc 0.3944
2026-04-09 12:04:59      epoch  30  loss 1.5009  acc 0.3933  val_loss 1.4900  val_acc 0.4153
2026-04-09 12:05:00      epoch  31  loss 1.4946  acc 0.3925  val_loss 1.5062  val_acc 0.3921
2026-04-09 12:05:02      epoch  32  loss 1.4947  acc 0.3900  val_loss 1.5496  val_acc 0.3689
2026-04-09 12:05:03      epoch  33  loss 1.4956  acc 0.3799  val_loss 1.5119  val_acc 0.4060
2026-04-09 12:05:04      epoch  34  loss 1.4892  acc 0.3879  val_loss 1.4850  val_acc 0.4176
2026-04-09 12:05:06      epoch  35  loss 1.4929  acc 0.3817  val_loss 1.5094  val_acc 0.3968
2026-04-09 12:05:07      epoch  36  loss 1.4915  acc 0.3871  val_loss 1.5010  val_acc 0.4014
2026-04-09 12:05:08      epoch  37  loss 1.4920  acc 0.3810  val_loss 1.5141  val_acc 0.4014
2026-04-09 12:05:10      epoch  38  loss 1.5557  acc 0.3616  val_loss 1.4968  val_acc 0.4037
2026-04-09 12:05:11      epoch  39  loss 1.4967  acc 0.3974  val_loss 1.4996  val_acc 0.4084
2026-04-09 12:05:13      epoch  40  loss 1.4667  acc 0.4046  val_loss 1.4815  val_acc 0.4385
2026-04-09 12:05:14      epoch  41  loss 1.4505  acc 0.4211  val_loss 1.4834  val_acc 0.4408
2026-04-09 12:05:15      epoch  42  loss 1.4460  acc 0.4160  val_loss 1.4644  val_acc 0.4478
2026-04-09 12:05:17      epoch  43  loss 1.4363  acc 0.4149  val_loss 1.4601  val_acc 0.4640
2026-04-09 12:05:18      epoch  44  loss 1.4459  acc 0.4010  val_loss 1.4634  val_acc 0.4432
2026-04-09 12:05:19      epoch  45  loss 1.4330  acc 0.4227  val_loss 1.4663  val_acc 0.4455
2026-04-09 12:05:21      epoch  46  loss 1.4291  acc 0.4245  val_loss 1.4676  val_acc 0.4339
2026-04-09 12:05:22      epoch  47  loss 1.4461  acc 0.4208  val_loss 1.4633  val_acc 0.4432
2026-04-09 12:05:23      epoch  48  loss 1.4356  acc 0.4208  val_loss 1.4634  val_acc 0.4385
2026-04-09 12:05:24      epoch  49  loss 1.4269  acc 0.4265  val_loss 1.4559  val_acc 0.4292
2026-04-09 12:05:26      epoch  50  loss 1.4292  acc 0.4142  val_loss 1.4544  val_acc 0.4339
2026-04-09 12:05:27      epoch  51  loss 1.4177  acc 0.4275  val_loss 1.4517  val_acc 0.4432
2026-04-09 12:05:29      epoch  52  loss 1.4187  acc 0.4265  val_loss 1.4562  val_acc 0.4478
2026-04-09 12:05:30      epoch  53  loss 1.4250  acc 0.4190  val_loss 1.4526  val_acc 0.4408
2026-04-09 12:05:31      epoch  54  loss 1.4104  acc 0.4394  val_loss 1.4567  val_acc 0.4617
2026-04-09 12:05:33      epoch  55  loss 1.4170  acc 0.4165  val_loss 1.4552  val_acc 0.4432
2026-04-09 12:05:34      epoch  56  loss 1.4246  acc 0.4216  val_loss 1.4542  val_acc 0.4362
2026-04-09 12:05:36      epoch  57  loss 1.4150  acc 0.4252  val_loss 1.4515  val_acc 0.4432
2026-04-09 12:05:37      epoch  58  loss 1.4210  acc 0.4208  val_loss 1.4523  val_acc 0.4385
2026-04-09 12:05:38      epoch  59  loss 1.4180  acc 0.4255  val_loss 1.4561  val_acc 0.4385
2026-04-09 12:05:39      epoch  60  loss 1.4073  acc 0.4283  val_loss 1.4517  val_acc 0.4292
2026-04-09 12:05:41      epoch  61  loss 1.4063  acc 0.4283  val_loss 1.4517  val_acc 0.4432
2026-04-09 12:05:42      epoch  62  loss 1.4146  acc 0.4296  val_loss 1.4553  val_acc 0.4408
2026-04-09 12:05:43      epoch  63  loss 1.4141  acc 0.4306  val_loss 1.4479  val_acc 0.4408
2026-04-09 12:05:45      epoch  64  loss 1.3996  acc 0.4288  val_loss 1.4503  val_acc 0.4339
2026-04-09 12:05:46      epoch  65  loss 1.4087  acc 0.4293  val_loss 1.4488  val_acc 0.4408
2026-04-09 12:05:48      epoch  66  loss 1.4097  acc 0.4268  val_loss 1.4478  val_acc 0.4432
2026-04-09 12:05:49      epoch  67  loss 1.4054  acc 0.4265  val_loss 1.4482  val_acc 0.4478
2026-04-09 12:05:50      epoch  68  loss 1.4079  acc 0.4340  val_loss 1.4450  val_acc 0.4524
2026-04-09 12:05:52      epoch  69  loss 1.4108  acc 0.4255  val_loss 1.4493  val_acc 0.4408
2026-04-09 12:05:53      epoch  70  loss 1.4046  acc 0.4260  val_loss 1.4468  val_acc 0.4455
2026-04-09 12:05:54      epoch  71  loss 1.4114  acc 0.4288  val_loss 1.4466  val_acc 0.4316
2026-04-09 12:05:56      epoch  72  loss 1.4015  acc 0.4402  val_loss 1.4454  val_acc 0.4432
2026-04-09 12:05:57      epoch  73  loss 1.3957  acc 0.4355  val_loss 1.4451  val_acc 0.4432
2026-04-09 12:05:58      epoch  74  loss 1.4027  acc 0.4322  val_loss 1.4464  val_acc 0.4432
2026-04-09 12:05:59      epoch  75  loss 1.3956  acc 0.4353  val_loss 1.4473  val_acc 0.4478
2026-04-09 12:06:01      epoch  76  loss 1.3930  acc 0.4296  val_loss 1.4466  val_acc 0.4501
2026-04-09 12:06:01      Early stopping at epoch 76
2026-04-09 12:06:01      User7 accuracy: 0.4356
2026-04-09 12:06:02    ─── LOSO fold: User8 (test=509, train=4374)
2026-04-09 12:06:03      epoch   1  loss 2.3083  acc 0.1509  val_loss 2.0807  val_acc 0.1991
2026-04-09 12:06:05      epoch   2  loss 1.9368  acc 0.2489  val_loss 1.7775  val_acc 0.2700
2026-04-09 12:06:06      epoch   3  loss 1.7858  acc 0.2746  val_loss 1.7117  val_acc 0.3364
2026-04-09 12:06:08      epoch   4  loss 1.7459  acc 0.2977  val_loss 1.7599  val_acc 0.2586
2026-04-09 12:06:09      epoch   5  loss 1.7350  acc 0.2967  val_loss 2.1033  val_acc 0.1899
2026-04-09 12:06:10      epoch   6  loss 1.9502  acc 0.2233  val_loss 1.7466  val_acc 0.2860
2026-04-09 12:06:12      epoch   7  loss 1.7980  acc 0.2687  val_loss 1.6908  val_acc 0.2906
2026-04-09 12:06:13      epoch   8  loss 1.7429  acc 0.2885  val_loss 1.7152  val_acc 0.2906
2026-04-09 12:06:14      epoch   9  loss 1.7285  acc 0.3066  val_loss 1.6060  val_acc 0.3272
2026-04-09 12:06:15      epoch  10  loss 1.7025  acc 0.3152  val_loss 1.6059  val_acc 0.3661
2026-04-09 12:06:17      epoch  11  loss 1.6437  acc 0.3129  val_loss 1.5247  val_acc 0.4119
2026-04-09 12:06:18      epoch  12  loss 1.6139  acc 0.3416  val_loss 1.5733  val_acc 0.3501
2026-04-09 12:06:19      epoch  13  loss 1.6198  acc 0.3353  val_loss 1.5104  val_acc 0.4005
2026-04-09 12:06:21      epoch  14  loss 1.5670  acc 0.3614  val_loss 1.4631  val_acc 0.4096
2026-04-09 12:06:22      epoch  15  loss 1.5458  acc 0.3744  val_loss 1.5106  val_acc 0.3844
2026-04-09 12:06:23      epoch  16  loss 1.6148  acc 0.3642  val_loss 1.6952  val_acc 0.3089
2026-04-09 12:06:25      epoch  17  loss 1.7579  acc 0.2995  val_loss 1.5909  val_acc 0.3844
2026-04-09 12:06:26      epoch  18  loss 1.6697  acc 0.3282  val_loss 1.5998  val_acc 0.3776
2026-04-09 12:06:27      epoch  19  loss 1.5785  acc 0.3663  val_loss 1.4818  val_acc 0.4073
2026-04-09 12:06:28      epoch  20  loss 1.5367  acc 0.3810  val_loss 1.4711  val_acc 0.4188
2026-04-09 12:06:30      epoch  21  loss 1.5221  acc 0.3904  val_loss 1.4313  val_acc 0.4165
2026-04-09 12:06:31      epoch  22  loss 1.5211  acc 0.3945  val_loss 1.4295  val_acc 0.4279
2026-04-09 12:06:32      epoch  23  loss 1.5164  acc 0.3973  val_loss 1.4400  val_acc 0.4096
2026-04-09 12:06:34      epoch  24  loss 1.4961  acc 0.4008  val_loss 1.4281  val_acc 0.4416
2026-04-09 12:06:35      epoch  25  loss 1.4842  acc 0.4008  val_loss 1.4031  val_acc 0.4348
2026-04-09 12:06:37      epoch  26  loss 1.4729  acc 0.4079  val_loss 1.4103  val_acc 0.4256
2026-04-09 12:06:38      epoch  27  loss 1.4848  acc 0.4067  val_loss 1.4104  val_acc 0.4302
2026-04-09 12:06:40      epoch  28  loss 1.4703  acc 0.4028  val_loss 1.3907  val_acc 0.4279
2026-04-09 12:06:41      epoch  29  loss 1.4593  acc 0.4161  val_loss 1.3954  val_acc 0.4165
2026-04-09 12:06:43      epoch  30  loss 1.4509  acc 0.4140  val_loss 1.4088  val_acc 0.4188
2026-04-09 12:06:44      epoch  31  loss 1.4762  acc 0.4006  val_loss 1.4020  val_acc 0.4119
2026-04-09 12:06:46      epoch  32  loss 1.4510  acc 0.4163  val_loss 1.4098  val_acc 0.4096
2026-04-09 12:06:47      epoch  33  loss 1.4506  acc 0.4039  val_loss 1.3853  val_acc 0.4233
2026-04-09 12:06:48      epoch  34  loss 1.4432  acc 0.4069  val_loss 1.3877  val_acc 0.4073
2026-04-09 12:06:50      epoch  35  loss 1.4287  acc 0.4148  val_loss 1.3919  val_acc 0.4233
2026-04-09 12:06:51      epoch  36  loss 1.4235  acc 0.4209  val_loss 1.3738  val_acc 0.4256
2026-04-09 12:06:53      epoch  37  loss 1.4185  acc 0.4183  val_loss 1.3627  val_acc 0.4279
2026-04-09 12:06:54      epoch  38  loss 1.4223  acc 0.4234  val_loss 1.3894  val_acc 0.4279
2026-04-09 12:06:55      epoch  39  loss 1.4639  acc 0.4135  val_loss 1.3623  val_acc 0.4371
2026-04-09 12:06:57      epoch  40  loss 1.4254  acc 0.4293  val_loss 1.3680  val_acc 0.4302
2026-04-09 12:06:58      epoch  41  loss 1.4157  acc 0.4275  val_loss 1.3624  val_acc 0.4462
2026-04-09 12:06:59      epoch  42  loss 1.4132  acc 0.4313  val_loss 1.3621  val_acc 0.4439
2026-04-09 12:07:01      epoch  43  loss 1.4145  acc 0.4282  val_loss 1.3641  val_acc 0.4439
2026-04-09 12:07:02      epoch  44  loss 1.4180  acc 0.4369  val_loss 1.3621  val_acc 0.4485
2026-04-09 12:07:03      epoch  45  loss 1.4018  acc 0.4364  val_loss 1.3503  val_acc 0.4600
2026-04-09 12:07:05      epoch  46  loss 1.6540  acc 0.3559  val_loss 1.4642  val_acc 0.3982
2026-04-09 12:07:06      epoch  47  loss 1.5070  acc 0.3947  val_loss 1.4248  val_acc 0.4188
2026-04-09 12:07:07      epoch  48  loss 1.4669  acc 0.3950  val_loss 1.4200  val_acc 0.4027
2026-04-09 12:07:09      epoch  49  loss 1.4505  acc 0.4067  val_loss 1.3876  val_acc 0.4211
2026-04-09 12:07:10      epoch  50  loss 1.4180  acc 0.4260  val_loss 1.3633  val_acc 0.4462
2026-04-09 12:07:12      epoch  51  loss 1.4171  acc 0.4244  val_loss 1.3593  val_acc 0.4462
2026-04-09 12:07:13      epoch  52  loss 1.4113  acc 0.4270  val_loss 1.3562  val_acc 0.4416
2026-04-09 12:07:14      epoch  53  loss 1.3975  acc 0.4341  val_loss 1.3612  val_acc 0.4302
2026-04-09 12:07:14      Early stopping at epoch 53
2026-04-09 12:07:14      User8 accuracy: 0.4558
2026-04-09 12:07:15    ─── LOSO fold: User9 (test=563, train=4320)
2026-04-09 12:07:16      epoch   1  loss 2.3373  acc 0.1420  val_loss 2.1372  val_acc 0.2245
2026-04-09 12:07:17      epoch   2  loss 2.0160  acc 0.2243  val_loss 2.0403  val_acc 0.2130
2026-04-09 12:07:19      epoch   3  loss 1.8582  acc 0.2613  val_loss 1.7535  val_acc 0.2824
2026-04-09 12:07:20      epoch   4  loss 1.8056  acc 0.2749  val_loss 1.7837  val_acc 0.3333
2026-04-09 12:07:21      epoch   5  loss 1.9032  acc 0.2569  val_loss 1.7839  val_acc 0.2755
2026-04-09 12:07:23      epoch   6  loss 1.7364  acc 0.3012  val_loss 1.6325  val_acc 0.3495
2026-04-09 12:07:24      epoch   7  loss 1.6581  acc 0.3413  val_loss 1.6539  val_acc 0.3403
2026-04-09 12:07:26      epoch   8  loss 1.6666  acc 0.3179  val_loss 1.6037  val_acc 0.3426
2026-04-09 12:07:27      epoch   9  loss 1.6044  acc 0.3521  val_loss 1.5481  val_acc 0.3681
2026-04-09 12:07:28      epoch  10  loss 1.5886  acc 0.3472  val_loss 1.5528  val_acc 0.3681
2026-04-09 12:07:30      epoch  11  loss 1.5996  acc 0.3400  val_loss 1.6776  val_acc 0.3218
2026-04-09 12:07:31      epoch  12  loss 1.6243  acc 0.3336  val_loss 1.6429  val_acc 0.3310
2026-04-09 12:07:32      epoch  13  loss 1.5650  acc 0.3663  val_loss 1.5387  val_acc 0.3866
2026-04-09 12:07:34      epoch  14  loss 1.5437  acc 0.3789  val_loss 1.6302  val_acc 0.3542
2026-04-09 12:07:35      epoch  15  loss 1.5475  acc 0.3724  val_loss 1.5016  val_acc 0.3889
2026-04-09 12:07:36      epoch  16  loss 1.4918  acc 0.3848  val_loss 1.5098  val_acc 0.3866
2026-04-09 12:07:38      epoch  17  loss 1.5239  acc 0.3758  val_loss 1.5205  val_acc 0.3843
2026-04-09 12:07:39      epoch  18  loss 1.5263  acc 0.3807  val_loss 1.5170  val_acc 0.3796
2026-04-09 12:07:40      epoch  19  loss 1.4822  acc 0.3997  val_loss 1.4943  val_acc 0.4005
2026-04-09 12:07:42      epoch  20  loss 1.4855  acc 0.3935  val_loss 1.5379  val_acc 0.3796
2026-04-09 12:07:43      epoch  21  loss 1.5467  acc 0.3719  val_loss 1.6040  val_acc 0.3657
2026-04-09 12:07:45      epoch  22  loss 1.5518  acc 0.3722  val_loss 1.5740  val_acc 0.3843
2026-04-09 12:07:46      epoch  23  loss 1.5453  acc 0.3717  val_loss 1.5281  val_acc 0.3750
2026-04-09 12:07:47      epoch  24  loss 1.5060  acc 0.3951  val_loss 1.4870  val_acc 0.3981
2026-04-09 12:07:49      epoch  25  loss 1.4930  acc 0.4035  val_loss 1.4736  val_acc 0.4097
2026-04-09 12:07:50      epoch  26  loss 1.4999  acc 0.4017  val_loss 1.4735  val_acc 0.4144
2026-04-09 12:07:51      epoch  27  loss 1.4753  acc 0.4079  val_loss 1.4562  val_acc 0.3912
2026-04-09 12:07:52      epoch  28  loss 1.4508  acc 0.4185  val_loss 1.4637  val_acc 0.4120
2026-04-09 12:07:54      epoch  29  loss 1.4437  acc 0.4159  val_loss 1.4719  val_acc 0.4167
2026-04-09 12:07:55      epoch  30  loss 1.4461  acc 0.4187  val_loss 1.4510  val_acc 0.4190
2026-04-09 12:07:57      epoch  31  loss 1.4245  acc 0.4118  val_loss 1.4521  val_acc 0.4282
2026-04-09 12:07:58      epoch  32  loss 1.4381  acc 0.4162  val_loss 1.4400  val_acc 0.4144
2026-04-09 12:08:00      epoch  33  loss 1.4213  acc 0.4172  val_loss 1.4348  val_acc 0.4468
2026-04-09 12:08:01      epoch  34  loss 1.4180  acc 0.4231  val_loss 1.4762  val_acc 0.4329
2026-04-09 12:08:03      epoch  35  loss 1.4452  acc 0.4198  val_loss 1.4827  val_acc 0.4005
2026-04-09 12:08:04      epoch  36  loss 1.4412  acc 0.4190  val_loss 1.4834  val_acc 0.4213
2026-04-09 12:08:05      epoch  37  loss 1.4314  acc 0.4208  val_loss 1.4824  val_acc 0.4120
2026-04-09 12:08:07      epoch  38  loss 1.4215  acc 0.4239  val_loss 1.4373  val_acc 0.4190
2026-04-09 12:08:08      epoch  39  loss 1.3925  acc 0.4383  val_loss 1.4264  val_acc 0.4468
2026-04-09 12:08:10      epoch  40  loss 1.3871  acc 0.4383  val_loss 1.4230  val_acc 0.4444
2026-04-09 12:08:11      epoch  41  loss 1.3890  acc 0.4308  val_loss 1.4269  val_acc 0.4468
2026-04-09 12:08:12      epoch  42  loss 1.3808  acc 0.4349  val_loss 1.4378  val_acc 0.4375
2026-04-09 12:08:13      epoch  43  loss 1.3899  acc 0.4419  val_loss 1.4196  val_acc 0.4259
2026-04-09 12:08:15      epoch  44  loss 1.3801  acc 0.4398  val_loss 1.4360  val_acc 0.4468
2026-04-09 12:08:16      epoch  45  loss 1.3702  acc 0.4501  val_loss 1.4095  val_acc 0.4468
2026-04-09 12:08:18      epoch  46  loss 1.3594  acc 0.4455  val_loss 1.4590  val_acc 0.4213
2026-04-09 12:08:19      epoch  47  loss 1.4009  acc 0.4244  val_loss 1.4533  val_acc 0.4097
2026-04-09 12:08:20      epoch  48  loss 1.3920  acc 0.4357  val_loss 1.4441  val_acc 0.4213
2026-04-09 12:08:21      epoch  49  loss 1.3662  acc 0.4460  val_loss 1.4376  val_acc 0.4282
2026-04-09 12:08:23      epoch  50  loss 1.3692  acc 0.4480  val_loss 1.4113  val_acc 0.4375
2026-04-09 12:08:24      epoch  51  loss 1.3559  acc 0.4470  val_loss 1.4177  val_acc 0.4352
2026-04-09 12:08:26      epoch  52  loss 1.3545  acc 0.4465  val_loss 1.4350  val_acc 0.4236
2026-04-09 12:08:27      epoch  53  loss 1.3525  acc 0.4429  val_loss 1.4160  val_acc 0.4352
2026-04-09 12:08:27      Early stopping at epoch 53
2026-04-09 12:08:27      User9 accuracy: 0.4139
2026-04-09 12:08:28    ─── LOSO fold: User10 (test=560, train=4323)
2026-04-09 12:08:30      epoch   1  loss 2.3402  acc 0.1342  val_loss 2.1634  val_acc 0.1690
2026-04-09 12:08:31      epoch   2  loss 1.9891  acc 0.2537  val_loss 1.8454  val_acc 0.2454
2026-04-09 12:08:33      epoch   3  loss 1.7884  acc 0.2850  val_loss 1.7240  val_acc 0.2940
2026-04-09 12:08:34      epoch   4  loss 1.7357  acc 0.2871  val_loss 1.7024  val_acc 0.2708
2026-04-09 12:08:35      epoch   5  loss 1.7027  acc 0.3110  val_loss 1.6023  val_acc 0.3264
2026-04-09 12:08:37      epoch   6  loss 1.6224  acc 0.3374  val_loss 1.5649  val_acc 0.3565
2026-04-09 12:08:38      epoch   7  loss 1.5835  acc 0.3565  val_loss 1.6320  val_acc 0.3102
2026-04-09 12:08:39      epoch   8  loss 1.5947  acc 0.3449  val_loss 1.6070  val_acc 0.3472
2026-04-09 12:08:41      epoch   9  loss 1.5579  acc 0.3619  val_loss 1.5506  val_acc 0.3472
2026-04-09 12:08:42      epoch  10  loss 1.5656  acc 0.3511  val_loss 3.0023  val_acc 0.0903
2026-04-09 12:08:43      epoch  11  loss 2.1492  acc 0.2280  val_loss 1.7524  val_acc 0.3056
2026-04-09 12:08:44      epoch  12  loss 1.8303  acc 0.2560  val_loss 1.7892  val_acc 0.2778
2026-04-09 12:08:46      epoch  13  loss 1.7608  acc 0.2850  val_loss 1.6927  val_acc 0.3032
2026-04-09 12:08:47      epoch  14  loss 1.6708  acc 0.3231  val_loss 1.6190  val_acc 0.3009
2026-04-09 12:08:49      epoch  15  loss 1.6403  acc 0.3315  val_loss 1.6108  val_acc 0.3194
2026-04-09 12:08:50      epoch  16  loss 1.5953  acc 0.3369  val_loss 1.6004  val_acc 0.3634
2026-04-09 12:08:51      epoch  17  loss 1.5745  acc 0.3572  val_loss 1.5762  val_acc 0.3449
2026-04-09 12:08:51      Early stopping at epoch 17
2026-04-09 12:08:52      User10 accuracy: 0.3054
2026-04-09 12:08:52    ─── LOSO fold: User11 (test=592, train=4291)
2026-04-09 12:08:53      epoch   1  loss 2.3214  acc 0.1551  val_loss 2.1140  val_acc 0.2075
2026-04-09 12:08:55      epoch   2  loss 2.0016  acc 0.2273  val_loss 1.8850  val_acc 0.2657
2026-04-09 12:08:56      epoch   3  loss 1.8895  acc 0.2563  val_loss 1.8842  val_acc 0.2564
2026-04-09 12:08:57      epoch   4  loss 1.8339  acc 0.2760  val_loss 1.6928  val_acc 0.3427
2026-04-09 12:08:59      epoch   5  loss 1.7355  acc 0.2973  val_loss 1.7207  val_acc 0.2984
2026-04-09 12:09:00      epoch   6  loss 1.7924  acc 0.2895  val_loss 1.6973  val_acc 0.3450
2026-04-09 12:09:02      epoch   7  loss 1.8351  acc 0.2654  val_loss 1.6261  val_acc 0.3613
2026-04-09 12:09:03      epoch   8  loss 1.7174  acc 0.2952  val_loss 1.5671  val_acc 0.3706
2026-04-09 12:09:05      epoch   9  loss 1.6300  acc 0.3226  val_loss 1.5326  val_acc 0.3939
2026-04-09 12:09:06      epoch  10  loss 1.5910  acc 0.3446  val_loss 1.5335  val_acc 0.3823
2026-04-09 12:09:07      epoch  11  loss 1.5682  acc 0.3586  val_loss 1.4577  val_acc 0.4336
2026-04-09 12:09:08      epoch  12  loss 1.5407  acc 0.3659  val_loss 1.4394  val_acc 0.4569
2026-04-09 12:09:10      epoch  13  loss 1.5462  acc 0.3604  val_loss 1.4869  val_acc 0.4289
2026-04-09 12:09:11      epoch  14  loss 1.5544  acc 0.3711  val_loss 1.5177  val_acc 0.3939
2026-04-09 12:09:12      epoch  15  loss 1.5778  acc 0.3509  val_loss 1.5061  val_acc 0.4289
2026-04-09 12:09:14      epoch  16  loss 1.5626  acc 0.3726  val_loss 1.4298  val_acc 0.4545
2026-04-09 12:09:15      epoch  17  loss 1.5186  acc 0.3760  val_loss 1.4202  val_acc 0.4639
2026-04-09 12:09:16      epoch  18  loss 1.5308  acc 0.3793  val_loss 1.4110  val_acc 0.4569
2026-04-09 12:09:18      epoch  19  loss 1.5159  acc 0.3835  val_loss 1.3969  val_acc 0.4242
2026-04-09 12:09:19      epoch  20  loss 1.4844  acc 0.3972  val_loss 1.4269  val_acc 0.4289
2026-04-09 12:09:21      epoch  21  loss 1.4758  acc 0.3980  val_loss 1.4511  val_acc 0.4406
2026-04-09 12:09:22      epoch  22  loss 1.5200  acc 0.3757  val_loss 1.3991  val_acc 0.4755
2026-04-09 12:09:24      epoch  23  loss 1.4914  acc 0.4034  val_loss 1.3949  val_acc 0.4476
2026-04-09 12:09:25      epoch  24  loss 1.4944  acc 0.3964  val_loss 1.3978  val_acc 0.4406
2026-04-09 12:09:27      epoch  25  loss 1.4829  acc 0.3967  val_loss 1.3861  val_acc 0.4452
2026-04-09 12:09:28      epoch  26  loss 1.5349  acc 0.3959  val_loss 1.4294  val_acc 0.4662
2026-04-09 12:09:29      epoch  27  loss 1.5278  acc 0.3830  val_loss 1.4834  val_acc 0.3963
2026-04-09 12:09:30      epoch  28  loss 1.5042  acc 0.3993  val_loss 1.3741  val_acc 0.4592
2026-04-09 12:09:32      epoch  29  loss 1.4161  acc 0.4303  val_loss 1.3285  val_acc 0.4755
2026-04-09 12:09:33      epoch  30  loss 1.4180  acc 0.4239  val_loss 1.3784  val_acc 0.4592
2026-04-09 12:09:34      epoch  31  loss 1.4437  acc 0.4345  val_loss 1.3386  val_acc 0.4779
2026-04-09 12:09:36      epoch  32  loss 1.4276  acc 0.4265  val_loss 1.3931  val_acc 0.4499
2026-04-09 12:09:37      epoch  33  loss 1.4198  acc 0.4389  val_loss 1.3410  val_acc 0.4685
2026-04-09 12:09:38      epoch  34  loss 1.4723  acc 0.4135  val_loss 1.3766  val_acc 0.4592
2026-04-09 12:09:40      epoch  35  loss 1.4717  acc 0.4156  val_loss 1.3131  val_acc 0.5338
2026-04-09 12:09:41      epoch  36  loss 1.4355  acc 0.4223  val_loss 1.3020  val_acc 0.4988
2026-04-09 12:09:42      epoch  37  loss 1.4181  acc 0.4335  val_loss 1.3144  val_acc 0.5105
2026-04-09 12:09:44      epoch  38  loss 1.4226  acc 0.4404  val_loss 1.3093  val_acc 0.5128
2026-04-09 12:09:45      epoch  39  loss 1.4172  acc 0.4329  val_loss 1.3468  val_acc 0.4499
2026-04-09 12:09:46      epoch  40  loss 1.4110  acc 0.4399  val_loss 1.2963  val_acc 0.4895
2026-04-09 12:09:48      epoch  41  loss 1.3947  acc 0.4389  val_loss 1.3089  val_acc 0.4755
2026-04-09 12:09:49      epoch  42  loss 1.3937  acc 0.4417  val_loss 1.3600  val_acc 0.4895
2026-04-09 12:09:50      epoch  43  loss 1.3787  acc 0.4508  val_loss 1.3026  val_acc 0.4918
2026-04-09 12:09:51      epoch  44  loss 1.4071  acc 0.4306  val_loss 1.3105  val_acc 0.4779
2026-04-09 12:09:53      epoch  45  loss 1.3848  acc 0.4526  val_loss 1.3131  val_acc 0.4825
2026-04-09 12:09:54      epoch  46  loss 1.3500  acc 0.4581  val_loss 1.2972  val_acc 0.4779
2026-04-09 12:09:56      epoch  47  loss 1.3608  acc 0.4663  val_loss 1.3143  val_acc 0.4779
2026-04-09 12:09:57      epoch  48  loss 1.3847  acc 0.4505  val_loss 1.3264  val_acc 0.4802
2026-04-09 12:09:57      Early stopping at epoch 48
2026-04-09 12:09:57      User11 accuracy: 0.3615
2026-04-09 12:09:58    ─── LOSO fold: User12 (test=488, train=4395)
2026-04-09 12:09:59      epoch   1  loss 2.3352  acc 0.1203  val_loss 2.1337  val_acc 0.2278
2026-04-09 12:10:01      epoch   2  loss 2.0207  acc 0.2369  val_loss 1.7967  val_acc 0.2688
2026-04-09 12:10:02      epoch   3  loss 1.8276  acc 0.2682  val_loss 1.7317  val_acc 0.2984
2026-04-09 12:10:04      epoch   4  loss 1.6825  acc 0.3220  val_loss 1.6949  val_acc 0.3144
2026-04-09 12:10:05      epoch   5  loss 1.7864  acc 0.2970  val_loss 1.8464  val_acc 0.3417
2026-04-09 12:10:06      epoch   6  loss 1.8518  acc 0.2503  val_loss 1.7507  val_acc 0.3098
2026-04-09 12:10:08      epoch   7  loss 1.7495  acc 0.2917  val_loss 1.6299  val_acc 0.3189
2026-04-09 12:10:09      epoch   8  loss 1.6663  acc 0.3079  val_loss 1.5863  val_acc 0.3212
2026-04-09 12:10:10      epoch   9  loss 1.6105  acc 0.3203  val_loss 1.5465  val_acc 0.3736
2026-04-09 12:10:12      epoch  10  loss 1.6224  acc 0.3213  val_loss 1.7023  val_acc 0.2961
2026-04-09 12:10:13      epoch  11  loss 1.6737  acc 0.2975  val_loss 1.7884  val_acc 0.3212
2026-04-09 12:10:15      epoch  12  loss 1.7105  acc 0.2980  val_loss 1.5919  val_acc 0.3440
2026-04-09 12:10:16      epoch  13  loss 1.6216  acc 0.3188  val_loss 1.5946  val_acc 0.2938
2026-04-09 12:10:17      epoch  14  loss 1.7030  acc 0.3079  val_loss 1.5363  val_acc 0.3485
2026-04-09 12:10:18      epoch  15  loss 1.5944  acc 0.3387  val_loss 1.5681  val_acc 0.3827
2026-04-09 12:10:20      epoch  16  loss 1.5777  acc 0.3395  val_loss 1.5820  val_acc 0.3121
2026-04-09 12:10:21      epoch  17  loss 1.5413  acc 0.3567  val_loss 1.4889  val_acc 0.3895
2026-04-09 12:10:23      epoch  18  loss 1.5281  acc 0.3625  val_loss 1.4882  val_acc 0.3850
2026-04-09 12:10:24      epoch  19  loss 1.5120  acc 0.3774  val_loss 1.5235  val_acc 0.3622
2026-04-09 12:10:25      epoch  20  loss 1.4966  acc 0.3777  val_loss 1.4862  val_acc 0.3759
2026-04-09 12:10:27      epoch  21  loss 1.4747  acc 0.3966  val_loss 1.4655  val_acc 0.4146
2026-04-09 12:10:28      epoch  22  loss 1.4918  acc 0.3911  val_loss 1.4658  val_acc 0.4009
2026-04-09 12:10:30      epoch  23  loss 1.4747  acc 0.3898  val_loss 1.5327  val_acc 0.3804
2026-04-09 12:10:31      epoch  24  loss 1.4956  acc 0.3736  val_loss 1.4545  val_acc 0.4374
2026-04-09 12:10:32      epoch  25  loss 1.4622  acc 0.3966  val_loss 1.4481  val_acc 0.4191
2026-04-09 12:10:34      epoch  26  loss 1.4484  acc 0.4085  val_loss 1.4818  val_acc 0.4123
2026-04-09 12:10:35      epoch  27  loss 1.4391  acc 0.4022  val_loss 1.4478  val_acc 0.3895
2026-04-09 12:10:37      epoch  28  loss 1.4334  acc 0.4080  val_loss 1.4178  val_acc 0.4169
2026-04-09 12:10:38      epoch  29  loss 1.4276  acc 0.4100  val_loss 1.4704  val_acc 0.3850
2026-04-09 12:10:40      epoch  30  loss 1.4539  acc 0.4009  val_loss 1.4792  val_acc 0.3804
2026-04-09 12:10:41      epoch  31  loss 1.4385  acc 0.4095  val_loss 1.4723  val_acc 0.3895
2026-04-09 12:10:42      epoch  32  loss 1.4344  acc 0.4085  val_loss 1.4245  val_acc 0.4123
2026-04-09 12:10:44      epoch  33  loss 1.4106  acc 0.4191  val_loss 1.4148  val_acc 0.4328
2026-04-09 12:10:45      epoch  34  loss 1.4270  acc 0.4264  val_loss 1.4456  val_acc 0.4055
2026-04-09 12:10:47      epoch  35  loss 1.4334  acc 0.4062  val_loss 1.4437  val_acc 0.4191
2026-04-09 12:10:48      epoch  36  loss 1.4164  acc 0.4158  val_loss 1.4064  val_acc 0.4032
2026-04-09 12:10:50      epoch  37  loss 1.4263  acc 0.4262  val_loss 1.4085  val_acc 0.4282
2026-04-09 12:10:51      epoch  38  loss 1.4202  acc 0.4229  val_loss 1.3722  val_acc 0.4396
2026-04-09 12:10:52      epoch  39  loss 1.4164  acc 0.4176  val_loss 1.3992  val_acc 0.4191
2026-04-09 12:10:54      epoch  40  loss 1.4010  acc 0.4280  val_loss 1.3640  val_acc 0.4624
2026-04-09 12:10:55      epoch  41  loss 1.3737  acc 0.4358  val_loss 1.4326  val_acc 0.4237
2026-04-09 12:10:56      epoch  42  loss 1.4391  acc 0.4055  val_loss 1.4811  val_acc 0.3895
2026-04-09 12:10:58      epoch  43  loss 1.4286  acc 0.4168  val_loss 1.4113  val_acc 0.4146
2026-04-09 12:10:59      epoch  44  loss 1.3962  acc 0.4353  val_loss 1.3972  val_acc 0.4169
2026-04-09 12:11:00      epoch  45  loss 1.3547  acc 0.4484  val_loss 1.3660  val_acc 0.4419
2026-04-09 12:11:02      epoch  46  loss 1.3635  acc 0.4477  val_loss 1.3811  val_acc 0.4077
2026-04-09 12:11:03      epoch  47  loss 1.3545  acc 0.4482  val_loss 1.3917  val_acc 0.4123
2026-04-09 12:11:05      epoch  48  loss 1.3517  acc 0.4553  val_loss 1.3509  val_acc 0.4260
2026-04-09 12:11:06      epoch  49  loss 1.3370  acc 0.4537  val_loss 1.3434  val_acc 0.4533
2026-04-09 12:11:07      epoch  50  loss 1.3468  acc 0.4588  val_loss 1.3622  val_acc 0.4305
2026-04-09 12:11:09      epoch  51  loss 1.3412  acc 0.4479  val_loss 1.3560  val_acc 0.4374
2026-04-09 12:11:11      epoch  52  loss 1.3437  acc 0.4598  val_loss 1.3669  val_acc 0.4556
2026-04-09 12:11:12      epoch  53  loss 1.3353  acc 0.4623  val_loss 1.3178  val_acc 0.4715
2026-04-09 12:11:13      epoch  54  loss 1.3384  acc 0.4520  val_loss 1.3521  val_acc 0.4282
2026-04-09 12:11:15      epoch  55  loss 1.3219  acc 0.4590  val_loss 1.3345  val_acc 0.4670
2026-04-09 12:11:16      epoch  56  loss 1.3093  acc 0.4780  val_loss 1.3165  val_acc 0.4624
2026-04-09 12:11:18      epoch  57  loss 1.3134  acc 0.4681  val_loss 1.3416  val_acc 0.4624
2026-04-09 12:11:19      epoch  58  loss 1.3167  acc 0.4618  val_loss 1.3321  val_acc 0.4510
2026-04-09 12:11:21      epoch  59  loss 1.3015  acc 0.4654  val_loss 1.3263  val_acc 0.4533
2026-04-09 12:11:23      epoch  60  loss 1.3031  acc 0.4661  val_loss 1.3331  val_acc 0.4556
2026-04-09 12:11:24      epoch  61  loss 1.3011  acc 0.4714  val_loss 1.3087  val_acc 0.4533
2026-04-09 12:11:26      epoch  62  loss 1.3031  acc 0.4641  val_loss 1.3237  val_acc 0.4556
2026-04-09 12:11:27      epoch  63  loss 1.2856  acc 0.4813  val_loss 1.3266  val_acc 0.4374
2026-04-09 12:11:29      epoch  64  loss 1.2924  acc 0.4818  val_loss 1.3057  val_acc 0.4601
2026-04-09 12:11:30      epoch  65  loss 1.3708  acc 0.4537  val_loss 1.3828  val_acc 0.4351
2026-04-09 12:11:31      epoch  66  loss 1.3156  acc 0.4666  val_loss 1.3054  val_acc 0.4715
2026-04-09 12:11:33      epoch  67  loss 1.2879  acc 0.4803  val_loss 1.3259  val_acc 0.4419
2026-04-09 12:11:34      epoch  68  loss 1.2881  acc 0.4813  val_loss 1.3304  val_acc 0.4487
2026-04-09 12:11:36      epoch  69  loss 1.3048  acc 0.4654  val_loss 1.3790  val_acc 0.4533
2026-04-09 12:11:37      epoch  70  loss 1.2917  acc 0.4805  val_loss 1.3074  val_acc 0.4670
2026-04-09 12:11:38      epoch  71  loss 1.2815  acc 0.4737  val_loss 1.2993  val_acc 0.4556
2026-04-09 12:11:40      epoch  72  loss 1.2610  acc 0.4863  val_loss 1.3037  val_acc 0.4829
2026-04-09 12:11:41      epoch  73  loss 1.2742  acc 0.4815  val_loss 1.3296  val_acc 0.4510
2026-04-09 12:11:42      epoch  74  loss 1.2655  acc 0.4896  val_loss 1.3039  val_acc 0.4761
2026-04-09 12:11:44      epoch  75  loss 1.2627  acc 0.4886  val_loss 1.3283  val_acc 0.4442
2026-04-09 12:11:45      epoch  76  loss 1.2711  acc 0.4853  val_loss 1.3051  val_acc 0.4624
2026-04-09 12:11:47      epoch  77  loss 1.2558  acc 0.4947  val_loss 1.3118  val_acc 0.4738
2026-04-09 12:11:48      epoch  78  loss 1.2555  acc 0.4954  val_loss 1.3169  val_acc 0.4465
2026-04-09 12:11:49      epoch  79  loss 1.2544  acc 0.4939  val_loss 1.3028  val_acc 0.4715
2026-04-09 12:11:49      Early stopping at epoch 79
2026-04-09 12:11:49      User12 accuracy: 0.3238
2026-04-09 12:11:49  
2026-04-09 12:11:49  Mean acc: 0.4168  Std: 0.0635
2026-04-09 12:11:49  
                            precision    recall  f1-score   support

         Sitting – Reading       0.18      0.09      0.12       465
         Sitting – Writing       0.26      0.27      0.26       513
         Computer – Typing       0.18      0.04      0.07       515
       Computer – Browsing       0.30      0.55      0.39       523
Sitting – Moving head/body       0.28      0.52      0.36       450
    Sitting – Moving chair       0.41      0.45      0.43       514
     Stand up from sitting       0.55      0.60      0.57       609
                  Standing       0.50      0.00      0.01       343
                   Walking       0.65      0.68      0.67       404
                   Running       0.79      0.92      0.85       397
             Taking stairs       0.33      0.09      0.15       150

                  accuracy                           0.40      4883
                 macro avg       0.40      0.38      0.35      4883
              weighted avg       0.39      0.40      0.37      4883

