2026-04-09 12:19:05  ========================================================================
2026-04-09 12:19:05  Modality: gyro  |  sensors: ['Gyroscope']  |  3 ch  |  window=500  overlap=50%  step=250
2026-04-09 12:19:05  Device: cuda:2  |  Log: /home/mahmudm2/codebase/ClassyGlass/scripts/benchmark/logs/sensor_gyro_W500_S250.log
2026-04-09 12:19:05  ========================================================================
2026-04-09 12:19:11  Loaded 5747 windows | sensors=['Gyroscope'] (3 ch) | window=500  step=250 | skipped=0 experiments
2026-04-09 12:19:13    ─── LOSO fold: User1 (test=329, train=5418)
2026-04-09 12:19:15      epoch   1  loss 2.2618  acc 0.1634  val_loss 1.9940  val_acc 0.2107
2026-04-09 12:19:18      epoch   2  loss 1.9542  acc 0.2169  val_loss 1.8289  val_acc 0.2791
2026-04-09 12:19:21      epoch   3  loss 1.8789  acc 0.2487  val_loss 1.7917  val_acc 0.3013
2026-04-09 12:19:23      epoch   4  loss 1.8250  acc 0.2522  val_loss 1.7693  val_acc 0.2551
2026-04-09 12:19:26      epoch   5  loss 1.7923  acc 0.2555  val_loss 1.7610  val_acc 0.2773
2026-04-09 12:19:28      epoch   6  loss 1.7803  acc 0.2692  val_loss 1.7818  val_acc 0.2699
2026-04-09 12:19:31      epoch   7  loss 1.8367  acc 0.2354  val_loss 1.8022  val_acc 0.2606
2026-04-09 12:19:34      epoch   8  loss 1.7804  acc 0.2637  val_loss 1.6900  val_acc 0.3013
2026-04-09 12:19:36      epoch   9  loss 1.7001  acc 0.2784  val_loss 1.7266  val_acc 0.2810
2026-04-09 12:19:39      epoch  10  loss 1.7452  acc 0.2877  val_loss 1.7248  val_acc 0.2976
2026-04-09 12:19:41      epoch  11  loss 1.7214  acc 0.2780  val_loss 1.6546  val_acc 0.2939
2026-04-09 12:19:44      epoch  12  loss 1.6697  acc 0.2914  val_loss 1.6569  val_acc 0.3050
2026-04-09 12:19:47      epoch  13  loss 1.6622  acc 0.2930  val_loss 1.6235  val_acc 0.3105
2026-04-09 12:19:49      epoch  14  loss 1.6184  acc 0.3094  val_loss 1.6003  val_acc 0.3031
2026-04-09 12:19:51      epoch  15  loss 1.6378  acc 0.3067  val_loss 1.6060  val_acc 0.3050
2026-04-09 12:19:54      epoch  16  loss 1.6078  acc 0.3086  val_loss 1.5617  val_acc 0.3494
2026-04-09 12:19:56      epoch  17  loss 1.5839  acc 0.3213  val_loss 1.5991  val_acc 0.3068
2026-04-09 12:19:59      epoch  18  loss 1.6236  acc 0.3154  val_loss 1.5807  val_acc 0.2994
2026-04-09 12:20:02      epoch  19  loss 1.5917  acc 0.3168  val_loss 1.5735  val_acc 0.3253
2026-04-09 12:20:04      epoch  20  loss 1.5669  acc 0.3254  val_loss 1.5668  val_acc 0.3253
2026-04-09 12:20:07      epoch  21  loss 1.5858  acc 0.3113  val_loss 1.5644  val_acc 0.3124
2026-04-09 12:20:09      epoch  22  loss 1.5824  acc 0.3203  val_loss 1.5669  val_acc 0.3087
2026-04-09 12:20:11      epoch  23  loss 1.5627  acc 0.3279  val_loss 1.5455  val_acc 0.3364
2026-04-09 12:20:14      epoch  24  loss 1.5918  acc 0.3266  val_loss 1.6091  val_acc 0.2976
2026-04-09 12:20:16      epoch  25  loss 1.5710  acc 0.3289  val_loss 1.5483  val_acc 0.3235
2026-04-09 12:20:19      epoch  26  loss 1.5552  acc 0.3334  val_loss 1.5330  val_acc 0.3216
2026-04-09 12:20:21      epoch  27  loss 1.5523  acc 0.3340  val_loss 1.5419  val_acc 0.3198
2026-04-09 12:20:24      epoch  28  loss 1.5472  acc 0.3391  val_loss 1.5250  val_acc 0.3272
2026-04-09 12:20:26      epoch  29  loss 1.5507  acc 0.3303  val_loss 1.5472  val_acc 0.3272
2026-04-09 12:20:29      epoch  30  loss 1.5385  acc 0.3441  val_loss 1.5232  val_acc 0.3309
2026-04-09 12:20:31      epoch  31  loss 1.5382  acc 0.3387  val_loss 1.5215  val_acc 0.3235
2026-04-09 12:20:34      epoch  32  loss 1.5299  acc 0.3404  val_loss 1.5173  val_acc 0.3494
2026-04-09 12:20:36      epoch  33  loss 1.5356  acc 0.3324  val_loss 1.5319  val_acc 0.3198
2026-04-09 12:20:39      epoch  34  loss 1.5191  acc 0.3305  val_loss 1.5162  val_acc 0.3346
2026-04-09 12:20:41      epoch  35  loss 1.5191  acc 0.3418  val_loss 1.5257  val_acc 0.3179
2026-04-09 12:20:44      epoch  36  loss 1.5236  acc 0.3496  val_loss 1.5328  val_acc 0.3235
2026-04-09 12:20:47      epoch  37  loss 1.5422  acc 0.3311  val_loss 1.5334  val_acc 0.3161
2026-04-09 12:20:49      epoch  38  loss 1.5240  acc 0.3449  val_loss 1.5742  val_acc 0.3401
2026-04-09 12:20:52      epoch  39  loss 1.5670  acc 0.3420  val_loss 1.5258  val_acc 0.3087
2026-04-09 12:20:54      epoch  40  loss 1.5027  acc 0.3490  val_loss 1.5341  val_acc 0.3346
2026-04-09 12:20:57      epoch  41  loss 1.5146  acc 0.3482  val_loss 1.5103  val_acc 0.3290
2026-04-09 12:20:59      epoch  42  loss 1.4931  acc 0.3498  val_loss 1.4974  val_acc 0.3420
2026-04-09 12:21:02      epoch  43  loss 1.4993  acc 0.3461  val_loss 1.5021  val_acc 0.3512
2026-04-09 12:21:04      epoch  44  loss 1.5042  acc 0.3531  val_loss 1.5035  val_acc 0.3198
2026-04-09 12:21:07      epoch  45  loss 1.4964  acc 0.3644  val_loss 1.4896  val_acc 0.3401
2026-04-09 12:21:09      epoch  46  loss 1.4928  acc 0.3553  val_loss 1.4918  val_acc 0.3364
2026-04-09 12:21:12      epoch  47  loss 1.5011  acc 0.3484  val_loss 1.5106  val_acc 0.3364
2026-04-09 12:21:14      epoch  48  loss 1.5055  acc 0.3467  val_loss 1.4969  val_acc 0.3512
2026-04-09 12:21:17      epoch  49  loss 1.4861  acc 0.3543  val_loss 1.4899  val_acc 0.3346
2026-04-09 12:21:19      epoch  50  loss 1.4963  acc 0.3512  val_loss 1.4983  val_acc 0.3327
2026-04-09 12:21:21      epoch  51  loss 1.4986  acc 0.3519  val_loss 1.4995  val_acc 0.3457
2026-04-09 12:21:24      epoch  52  loss 1.4906  acc 0.3475  val_loss 1.4958  val_acc 0.3346
2026-04-09 12:21:27      epoch  53  loss 1.4855  acc 0.3531  val_loss 1.4941  val_acc 0.3235
2026-04-09 12:21:27      Early stopping at epoch 53
2026-04-09 12:21:27      User1 accuracy: 0.3191
2026-04-09 12:21:28    ─── LOSO fold: User2 (test=302, train=5445)
2026-04-09 12:21:30      epoch   1  loss 2.2778  acc 0.1461  val_loss 2.1030  val_acc 0.2096
2026-04-09 12:21:33      epoch   2  loss 2.0198  acc 0.1945  val_loss 1.9440  val_acc 0.2647
2026-04-09 12:21:36      epoch   3  loss 1.9239  acc 0.2300  val_loss 1.8393  val_acc 0.2886
2026-04-09 12:21:38      epoch   4  loss 1.9171  acc 0.2244  val_loss 1.7779  val_acc 0.2482
2026-04-09 12:21:41      epoch   5  loss 1.9438  acc 0.2253  val_loss 1.9761  val_acc 0.2463
2026-04-09 12:21:44      epoch   6  loss 1.9524  acc 0.2081  val_loss 1.8850  val_acc 0.2188
2026-04-09 12:21:46      epoch   7  loss 1.8372  acc 0.2530  val_loss 1.8108  val_acc 0.2684
2026-04-09 12:21:49      epoch   8  loss 1.7570  acc 0.2757  val_loss 1.6875  val_acc 0.2721
2026-04-09 12:21:51      epoch   9  loss 1.6975  acc 0.2871  val_loss 1.6653  val_acc 0.2849
2026-04-09 12:21:54      epoch  10  loss 1.7030  acc 0.2810  val_loss 1.6158  val_acc 0.3162
2026-04-09 12:21:56      epoch  11  loss 1.6819  acc 0.2924  val_loss 1.6071  val_acc 0.3456
2026-04-09 12:21:59      epoch  12  loss 1.6391  acc 0.3126  val_loss 1.6135  val_acc 0.3346
2026-04-09 12:22:01      epoch  13  loss 1.6558  acc 0.2987  val_loss 1.5864  val_acc 0.3088
2026-04-09 12:22:04      epoch  14  loss 1.6311  acc 0.3130  val_loss 1.5687  val_acc 0.3603
2026-04-09 12:22:06      epoch  15  loss 1.6331  acc 0.3014  val_loss 1.5451  val_acc 0.3474
2026-04-09 12:22:09      epoch  16  loss 1.6416  acc 0.3071  val_loss 1.5726  val_acc 0.3566
2026-04-09 12:22:11      epoch  17  loss 1.6131  acc 0.3134  val_loss 1.5251  val_acc 0.3548
2026-04-09 12:22:14      epoch  18  loss 1.6480  acc 0.3091  val_loss 1.5704  val_acc 0.3051
2026-04-09 12:22:16      epoch  19  loss 1.6783  acc 0.2777  val_loss 1.5680  val_acc 0.3346
2026-04-09 12:22:19      epoch  20  loss 1.6172  acc 0.3152  val_loss 1.5581  val_acc 0.3566
2026-04-09 12:22:21      epoch  21  loss 1.5936  acc 0.3230  val_loss 1.5795  val_acc 0.3309
2026-04-09 12:22:23      epoch  22  loss 1.6281  acc 0.2977  val_loss 1.6376  val_acc 0.3254
2026-04-09 12:22:26      epoch  23  loss 1.6029  acc 0.3193  val_loss 1.5290  val_acc 0.3897
2026-04-09 12:22:29      epoch  24  loss 1.5741  acc 0.3361  val_loss 1.5144  val_acc 0.3860
2026-04-09 12:22:31      epoch  25  loss 1.5927  acc 0.3275  val_loss 1.5742  val_acc 0.3438
2026-04-09 12:22:33      epoch  26  loss 1.5788  acc 0.3163  val_loss 1.5198  val_acc 0.3621
2026-04-09 12:22:36      epoch  27  loss 1.5598  acc 0.3434  val_loss 1.5084  val_acc 0.3713
2026-04-09 12:22:38      epoch  28  loss 1.5579  acc 0.3314  val_loss 1.5031  val_acc 0.3548
2026-04-09 12:22:41      epoch  29  loss 1.5780  acc 0.3240  val_loss 1.6539  val_acc 0.3382
2026-04-09 12:22:43      epoch  30  loss 1.5888  acc 0.3273  val_loss 1.5128  val_acc 0.3548
2026-04-09 12:22:46      epoch  31  loss 1.5622  acc 0.3267  val_loss 1.5349  val_acc 0.3695
2026-04-09 12:22:48      epoch  32  loss 1.5581  acc 0.3365  val_loss 1.5121  val_acc 0.3640
2026-04-09 12:22:51      epoch  33  loss 1.5485  acc 0.3389  val_loss 1.5279  val_acc 0.3511
2026-04-09 12:22:53      epoch  34  loss 1.5447  acc 0.3387  val_loss 1.4948  val_acc 0.3695
2026-04-09 12:22:56      epoch  35  loss 1.5428  acc 0.3395  val_loss 1.4997  val_acc 0.3695
2026-04-09 12:22:58      epoch  36  loss 1.5398  acc 0.3350  val_loss 1.5151  val_acc 0.3493
2026-04-09 12:23:01      epoch  37  loss 1.5737  acc 0.3354  val_loss 1.4980  val_acc 0.3842
2026-04-09 12:23:03      epoch  38  loss 1.5971  acc 0.3216  val_loss 1.5774  val_acc 0.3419
2026-04-09 12:23:06      epoch  39  loss 1.5720  acc 0.3346  val_loss 1.5321  val_acc 0.3768
2026-04-09 12:23:08      epoch  40  loss 1.5644  acc 0.3373  val_loss 1.5443  val_acc 0.3768
2026-04-09 12:23:11      epoch  41  loss 1.5521  acc 0.3369  val_loss 1.5180  val_acc 0.3695
2026-04-09 12:23:13      epoch  42  loss 1.5413  acc 0.3361  val_loss 1.5076  val_acc 0.3768
2026-04-09 12:23:13      Early stopping at epoch 42
2026-04-09 12:23:14      User2 accuracy: 0.3775
2026-04-09 12:23:15    ─── LOSO fold: User3 (test=302, train=5445)
2026-04-09 12:23:17      epoch   1  loss 2.3051  acc 0.1349  val_loss 2.0437  val_acc 0.1801
2026-04-09 12:23:20      epoch   2  loss 1.9780  acc 0.2214  val_loss 1.8264  val_acc 0.3033
2026-04-09 12:23:22      epoch   3  loss 1.8742  acc 0.2444  val_loss 1.7995  val_acc 0.2978
2026-04-09 12:23:25      epoch   4  loss 1.8031  acc 0.2602  val_loss 1.7115  val_acc 0.3217
2026-04-09 12:23:28      epoch   5  loss 1.7479  acc 0.2748  val_loss 1.6624  val_acc 0.3327
2026-04-09 12:23:30      epoch   6  loss 1.7304  acc 0.2879  val_loss 1.8303  val_acc 0.2610
2026-04-09 12:23:33      epoch   7  loss 1.7598  acc 0.2675  val_loss 1.6633  val_acc 0.3033
2026-04-09 12:23:35      epoch   8  loss 1.9005  acc 0.2430  val_loss 1.7031  val_acc 0.2757
2026-04-09 12:23:38      epoch   9  loss 1.7351  acc 0.2708  val_loss 1.6466  val_acc 0.2923
2026-04-09 12:23:40      epoch  10  loss 1.6750  acc 0.2861  val_loss 1.5821  val_acc 0.3768
2026-04-09 12:23:43      epoch  11  loss 1.6558  acc 0.2981  val_loss 1.5768  val_acc 0.3162
2026-04-09 12:23:45      epoch  12  loss 1.6847  acc 0.3028  val_loss 1.7042  val_acc 0.3401
2026-04-09 12:23:47      epoch  13  loss 1.6788  acc 0.3006  val_loss 1.6442  val_acc 0.3125
2026-04-09 12:23:50      epoch  14  loss 1.6486  acc 0.3046  val_loss 1.5973  val_acc 0.3621
2026-04-09 12:23:53      epoch  15  loss 1.6230  acc 0.3179  val_loss 1.5623  val_acc 0.3676
2026-04-09 12:23:55      epoch  16  loss 1.6095  acc 0.3275  val_loss 1.5794  val_acc 0.3272
2026-04-09 12:23:58      epoch  17  loss 1.6132  acc 0.3216  val_loss 1.5661  val_acc 0.3787
2026-04-09 12:24:00      epoch  18  loss 1.6843  acc 0.2965  val_loss 1.6150  val_acc 0.3033
2026-04-09 12:24:03      epoch  19  loss 1.6401  acc 0.3036  val_loss 1.5960  val_acc 0.3235
2026-04-09 12:24:05      epoch  20  loss 1.6419  acc 0.3032  val_loss 1.5546  val_acc 0.3750
2026-04-09 12:24:08      epoch  21  loss 1.6084  acc 0.3159  val_loss 1.5685  val_acc 0.3640
2026-04-09 12:24:10      epoch  22  loss 1.5932  acc 0.3261  val_loss 1.5725  val_acc 0.3640
2026-04-09 12:24:13      epoch  23  loss 1.6046  acc 0.3220  val_loss 1.5845  val_acc 0.3732
2026-04-09 12:24:15      epoch  24  loss 1.6294  acc 0.3222  val_loss 1.5659  val_acc 0.3695
2026-04-09 12:24:18      epoch  25  loss 1.6098  acc 0.3293  val_loss 1.5633  val_acc 0.3750
2026-04-09 12:24:20      epoch  26  loss 1.5798  acc 0.3358  val_loss 1.5427  val_acc 0.3879
2026-04-09 12:24:23      epoch  27  loss 1.6084  acc 0.3156  val_loss 1.5782  val_acc 0.3474
2026-04-09 12:24:25      epoch  28  loss 1.6037  acc 0.3191  val_loss 1.5147  val_acc 0.3750
2026-04-09 12:24:27      epoch  29  loss 1.5802  acc 0.3320  val_loss 1.5306  val_acc 0.3750
2026-04-09 12:24:30      epoch  30  loss 1.5731  acc 0.3244  val_loss 1.5043  val_acc 0.3695
2026-04-09 12:24:33      epoch  31  loss 1.5647  acc 0.3348  val_loss 1.5086  val_acc 0.3676
2026-04-09 12:24:35      epoch  32  loss 1.5668  acc 0.3391  val_loss 1.5007  val_acc 0.3787
2026-04-09 12:24:38      epoch  33  loss 1.5777  acc 0.3405  val_loss 1.5452  val_acc 0.3529
2026-04-09 12:24:40      epoch  34  loss 1.5670  acc 0.3322  val_loss 1.5122  val_acc 0.3842
2026-04-09 12:24:43      epoch  35  loss 1.5515  acc 0.3430  val_loss 1.4985  val_acc 0.3732
2026-04-09 12:24:45      epoch  36  loss 1.5444  acc 0.3381  val_loss 1.5044  val_acc 0.3824
2026-04-09 12:24:48      epoch  37  loss 1.5459  acc 0.3410  val_loss 1.5020  val_acc 0.3787
2026-04-09 12:24:50      epoch  38  loss 1.5479  acc 0.3428  val_loss 1.4893  val_acc 0.4026
2026-04-09 12:24:53      epoch  39  loss 1.5560  acc 0.3405  val_loss 1.5355  val_acc 0.3897
2026-04-09 12:24:55      epoch  40  loss 1.5742  acc 0.3348  val_loss 1.5396  val_acc 0.3732
2026-04-09 12:24:58      epoch  41  loss 1.5663  acc 0.3314  val_loss 1.5244  val_acc 0.3860
2026-04-09 12:25:00      epoch  42  loss 1.5483  acc 0.3424  val_loss 1.5185  val_acc 0.3842
2026-04-09 12:25:03      epoch  43  loss 1.5465  acc 0.3501  val_loss 1.5591  val_acc 0.3768
2026-04-09 12:25:05      epoch  44  loss 1.5479  acc 0.3465  val_loss 1.4933  val_acc 0.3732
2026-04-09 12:25:08      epoch  45  loss 1.5305  acc 0.3509  val_loss 1.5000  val_acc 0.3879
2026-04-09 12:25:10      epoch  46  loss 1.5305  acc 0.3497  val_loss 1.4905  val_acc 0.4026
2026-04-09 12:25:10      Early stopping at epoch 46
2026-04-09 12:25:10      User3 accuracy: 0.3709
2026-04-09 12:25:11    ─── LOSO fold: User4 (test=318, train=5429)
2026-04-09 12:25:14      epoch   1  loss 2.2860  acc 0.1590  val_loss 2.0281  val_acc 0.1956
2026-04-09 12:25:16      epoch   2  loss 2.0114  acc 0.2052  val_loss 1.8897  val_acc 0.2454
2026-04-09 12:25:18      epoch   3  loss 1.8974  acc 0.2253  val_loss 2.1391  val_acc 0.1863
2026-04-09 12:25:21      epoch   4  loss 1.9941  acc 0.2161  val_loss 1.8593  val_acc 0.2528
2026-04-09 12:25:24      epoch   5  loss 1.8518  acc 0.2560  val_loss 1.7412  val_acc 0.3044
2026-04-09 12:25:26      epoch   6  loss 1.8036  acc 0.2666  val_loss 1.8526  val_acc 0.2546
2026-04-09 12:25:29      epoch   7  loss 1.7522  acc 0.2777  val_loss 1.6822  val_acc 0.3173
2026-04-09 12:25:31      epoch   8  loss 1.7573  acc 0.2824  val_loss 1.6866  val_acc 0.3026
2026-04-09 12:25:34      epoch   9  loss 1.7257  acc 0.2828  val_loss 1.6765  val_acc 0.2731
2026-04-09 12:25:36      epoch  10  loss 1.6982  acc 0.2955  val_loss 1.6604  val_acc 0.2989
2026-04-09 12:25:39      epoch  11  loss 1.7647  acc 0.2865  val_loss 1.7154  val_acc 0.3026
2026-04-09 12:25:41      epoch  12  loss 1.7198  acc 0.2945  val_loss 1.7347  val_acc 0.2731
2026-04-09 12:25:44      epoch  13  loss 1.7053  acc 0.2869  val_loss 1.6706  val_acc 0.2952
2026-04-09 12:25:46      epoch  14  loss 1.6706  acc 0.3135  val_loss 1.6481  val_acc 0.3247
2026-04-09 12:25:49      epoch  15  loss 1.6700  acc 0.3033  val_loss 1.6109  val_acc 0.3358
2026-04-09 12:25:52      epoch  16  loss 1.6375  acc 0.3213  val_loss 1.5951  val_acc 0.3413
2026-04-09 12:25:54      epoch  17  loss 1.6279  acc 0.3299  val_loss 1.6292  val_acc 0.3321
2026-04-09 12:25:57      epoch  18  loss 1.7320  acc 0.2877  val_loss 1.6494  val_acc 0.3450
2026-04-09 12:25:59      epoch  19  loss 1.6757  acc 0.3100  val_loss 1.6193  val_acc 0.3137
2026-04-09 12:26:02      epoch  20  loss 1.6549  acc 0.3114  val_loss 1.6403  val_acc 0.3100
2026-04-09 12:26:04      epoch  21  loss 1.6462  acc 0.3080  val_loss 1.6400  val_acc 0.2970
2026-04-09 12:26:07      epoch  22  loss 1.6356  acc 0.3116  val_loss 1.5962  val_acc 0.3229
2026-04-09 12:26:09      epoch  23  loss 1.6218  acc 0.3245  val_loss 1.5955  val_acc 0.3469
2026-04-09 12:26:12      epoch  24  loss 1.6105  acc 0.3264  val_loss 1.5745  val_acc 0.3579
2026-04-09 12:26:14      epoch  25  loss 1.6159  acc 0.3209  val_loss 1.5930  val_acc 0.3210
2026-04-09 12:26:16      epoch  26  loss 1.5935  acc 0.3393  val_loss 1.5851  val_acc 0.3303
2026-04-09 12:26:19      epoch  27  loss 1.5899  acc 0.3331  val_loss 1.5872  val_acc 0.3210
2026-04-09 12:26:21      epoch  28  loss 1.5877  acc 0.3305  val_loss 1.5760  val_acc 0.3100
2026-04-09 12:26:24      epoch  29  loss 1.5873  acc 0.3380  val_loss 1.5841  val_acc 0.3173
2026-04-09 12:26:26      epoch  30  loss 1.6038  acc 0.3350  val_loss 1.6553  val_acc 0.2638
2026-04-09 12:26:29      epoch  31  loss 1.6780  acc 0.2865  val_loss 1.6411  val_acc 0.2620
2026-04-09 12:26:31      epoch  32  loss 1.6288  acc 0.3186  val_loss 1.5956  val_acc 0.3395
2026-04-09 12:26:31      Early stopping at epoch 32
2026-04-09 12:26:32      User4 accuracy: 0.3396
2026-04-09 12:26:33    ─── LOSO fold: User5 (test=313, train=5434)
2026-04-09 12:26:35      epoch   1  loss 2.3203  acc 0.1368  val_loss 2.1548  val_acc 0.1842
2026-04-09 12:26:38      epoch   2  loss 2.0043  acc 0.2059  val_loss 1.9089  val_acc 0.2247
2026-04-09 12:26:40      epoch   3  loss 1.8839  acc 0.2347  val_loss 1.8103  val_acc 0.2615
2026-04-09 12:26:43      epoch   4  loss 1.8885  acc 0.2345  val_loss 1.8072  val_acc 0.2578
2026-04-09 12:26:45      epoch   5  loss 1.8364  acc 0.2470  val_loss 1.9651  val_acc 0.2007
2026-04-09 12:26:48      epoch   6  loss 1.8793  acc 0.2325  val_loss 1.7917  val_acc 0.2670
2026-04-09 12:26:51      epoch   7  loss 1.7814  acc 0.2605  val_loss 1.6997  val_acc 0.3039
2026-04-09 12:26:53      epoch   8  loss 1.7193  acc 0.2674  val_loss 1.6856  val_acc 0.2818
2026-04-09 12:26:56      epoch   9  loss 1.6904  acc 0.2940  val_loss 1.6237  val_acc 0.3499
2026-04-09 12:26:59      epoch  10  loss 1.7030  acc 0.2852  val_loss 1.7235  val_acc 0.2413
2026-04-09 12:27:01      epoch  11  loss 1.6950  acc 0.2930  val_loss 1.6442  val_acc 0.3112
2026-04-09 12:27:04      epoch  12  loss 1.6727  acc 0.3018  val_loss 1.6121  val_acc 0.3278
2026-04-09 12:27:06      epoch  13  loss 1.6671  acc 0.3061  val_loss 1.6714  val_acc 0.3076
2026-04-09 12:27:09      epoch  14  loss 1.6496  acc 0.3122  val_loss 1.5994  val_acc 0.3039
2026-04-09 12:27:12      epoch  15  loss 1.6396  acc 0.3116  val_loss 1.5639  val_acc 0.3315
2026-04-09 12:27:14      epoch  16  loss 1.6335  acc 0.3214  val_loss 1.6073  val_acc 0.2910
2026-04-09 12:27:17      epoch  17  loss 1.6231  acc 0.3157  val_loss 1.6975  val_acc 0.2910
2026-04-09 12:27:19      epoch  18  loss 1.7423  acc 0.2817  val_loss 1.6536  val_acc 0.3112
2026-04-09 12:27:22      epoch  19  loss 1.6358  acc 0.3290  val_loss 1.5636  val_acc 0.3223
2026-04-09 12:27:24      epoch  20  loss 1.6095  acc 0.3179  val_loss 1.5773  val_acc 0.3278
2026-04-09 12:27:27      epoch  21  loss 1.5980  acc 0.3271  val_loss 1.5334  val_acc 0.3333
2026-04-09 12:27:30      epoch  22  loss 1.5930  acc 0.3294  val_loss 1.5355  val_acc 0.3738
2026-04-09 12:27:32      epoch  23  loss 1.5860  acc 0.3345  val_loss 1.5246  val_acc 0.3186
2026-04-09 12:27:35      epoch  24  loss 1.5782  acc 0.3378  val_loss 1.5134  val_acc 0.3831
2026-04-09 12:27:37      epoch  25  loss 1.5804  acc 0.3318  val_loss 1.5255  val_acc 0.3499
2026-04-09 12:27:40      epoch  26  loss 1.5815  acc 0.3282  val_loss 1.5392  val_acc 0.3407
2026-04-09 12:27:42      epoch  27  loss 1.5761  acc 0.3361  val_loss 1.5113  val_acc 0.3738
2026-04-09 12:27:45      epoch  28  loss 1.5605  acc 0.3398  val_loss 1.5147  val_acc 0.3646
2026-04-09 12:27:48      epoch  29  loss 1.5728  acc 0.3355  val_loss 1.5280  val_acc 0.3260
2026-04-09 12:27:50      epoch  30  loss 1.5685  acc 0.3431  val_loss 1.5436  val_acc 0.3665
2026-04-09 12:27:53      epoch  31  loss 1.5614  acc 0.3376  val_loss 1.5115  val_acc 0.3775
2026-04-09 12:27:56      epoch  32  loss 1.5567  acc 0.3396  val_loss 1.5050  val_acc 0.3425
2026-04-09 12:27:58      epoch  33  loss 1.5457  acc 0.3439  val_loss 1.5152  val_acc 0.3683
2026-04-09 12:28:01      epoch  34  loss 1.5602  acc 0.3318  val_loss 1.5203  val_acc 0.3702
2026-04-09 12:28:04      epoch  35  loss 1.5520  acc 0.3539  val_loss 1.5673  val_acc 0.3499
2026-04-09 12:28:06      epoch  36  loss 1.5437  acc 0.3464  val_loss 1.4929  val_acc 0.3499
2026-04-09 12:28:09      epoch  37  loss 1.5197  acc 0.3574  val_loss 1.4941  val_acc 0.3554
2026-04-09 12:28:11      epoch  38  loss 1.5449  acc 0.3492  val_loss 1.5553  val_acc 0.3646
2026-04-09 12:28:14      epoch  39  loss 1.5307  acc 0.3537  val_loss 1.4997  val_acc 0.3499
2026-04-09 12:28:16      epoch  40  loss 1.5177  acc 0.3586  val_loss 1.4920  val_acc 0.3628
2026-04-09 12:28:19      epoch  41  loss 1.5339  acc 0.3474  val_loss 1.4826  val_acc 0.3223
2026-04-09 12:28:22      epoch  42  loss 1.5181  acc 0.3578  val_loss 1.4880  val_acc 0.3757
2026-04-09 12:28:24      epoch  43  loss 1.5170  acc 0.3576  val_loss 1.4903  val_acc 0.3573
2026-04-09 12:28:27      epoch  44  loss 1.5351  acc 0.3639  val_loss 1.5314  val_acc 0.3536
2026-04-09 12:28:29      epoch  45  loss 1.5477  acc 0.3551  val_loss 1.5110  val_acc 0.3591
2026-04-09 12:28:32      epoch  46  loss 1.5085  acc 0.3588  val_loss 1.4747  val_acc 0.3867
2026-04-09 12:28:34      epoch  47  loss 1.5895  acc 0.3359  val_loss 1.5895  val_acc 0.3223
2026-04-09 12:28:37      epoch  48  loss 1.5890  acc 0.3292  val_loss 1.5273  val_acc 0.3462
2026-04-09 12:28:40      epoch  49  loss 1.5312  acc 0.3404  val_loss 1.4965  val_acc 0.3352
2026-04-09 12:28:42      epoch  50  loss 1.5060  acc 0.3611  val_loss 1.4691  val_acc 0.3849
2026-04-09 12:28:45      epoch  51  loss 1.5016  acc 0.3623  val_loss 1.4830  val_acc 0.3849
2026-04-09 12:28:48      epoch  52  loss 1.5083  acc 0.3676  val_loss 1.4787  val_acc 0.3738
2026-04-09 12:28:50      epoch  53  loss 1.4938  acc 0.3631  val_loss 1.4716  val_acc 0.3481
2026-04-09 12:28:53      epoch  54  loss 1.4911  acc 0.3666  val_loss 1.4734  val_acc 0.3720
2026-04-09 12:28:55      epoch  55  loss 1.5045  acc 0.3701  val_loss 1.4800  val_acc 0.3573
2026-04-09 12:28:58      epoch  56  loss 1.4753  acc 0.3713  val_loss 1.4796  val_acc 0.3610
2026-04-09 12:29:01      epoch  57  loss 1.4695  acc 0.3807  val_loss 1.4628  val_acc 0.3849
2026-04-09 12:29:03      epoch  58  loss 1.4573  acc 0.3868  val_loss 1.4358  val_acc 0.4015
2026-04-09 12:29:06      epoch  59  loss 1.4646  acc 0.3909  val_loss 1.4437  val_acc 0.3702
2026-04-09 12:29:08      epoch  60  loss 1.4721  acc 0.3756  val_loss 1.4588  val_acc 0.3923
2026-04-09 12:29:11      epoch  61  loss 1.4565  acc 0.3885  val_loss 1.4329  val_acc 0.4180
2026-04-09 12:29:13      epoch  62  loss 1.4401  acc 0.3960  val_loss 1.4023  val_acc 0.4291
2026-04-09 12:29:16      epoch  63  loss 1.4288  acc 0.3991  val_loss 1.4041  val_acc 0.4125
2026-04-09 12:29:19      epoch  64  loss 1.4222  acc 0.4054  val_loss 1.4256  val_acc 0.3720
2026-04-09 12:29:21      epoch  65  loss 1.4267  acc 0.3995  val_loss 1.4028  val_acc 0.3978
2026-04-09 12:29:24      epoch  66  loss 1.4317  acc 0.4085  val_loss 1.4113  val_acc 0.4236
2026-04-09 12:29:26      epoch  67  loss 1.4138  acc 0.4099  val_loss 1.4007  val_acc 0.4254
2026-04-09 12:29:29      epoch  68  loss 1.4021  acc 0.4177  val_loss 1.3687  val_acc 0.4254
2026-04-09 12:29:31      epoch  69  loss 1.4112  acc 0.4171  val_loss 1.3743  val_acc 0.4254
2026-04-09 12:29:34      epoch  70  loss 1.3967  acc 0.4132  val_loss 1.3704  val_acc 0.4088
2026-04-09 12:29:37      epoch  71  loss 1.3880  acc 0.4236  val_loss 1.3705  val_acc 0.4420
2026-04-09 12:29:39      epoch  72  loss 1.3775  acc 0.4275  val_loss 1.3512  val_acc 0.4549
2026-04-09 12:29:42      epoch  73  loss 1.3667  acc 0.4294  val_loss 1.3579  val_acc 0.4328
2026-04-09 12:29:44      epoch  74  loss 1.3753  acc 0.4345  val_loss 1.3727  val_acc 0.4291
2026-04-09 12:29:47      epoch  75  loss 1.3650  acc 0.4324  val_loss 1.3504  val_acc 0.4401
2026-04-09 12:29:49      epoch  76  loss 1.3602  acc 0.4290  val_loss 1.3262  val_acc 0.4070
2026-04-09 12:29:52      epoch  77  loss 1.3958  acc 0.4200  val_loss 1.4200  val_acc 0.4015
2026-04-09 12:29:55      epoch  78  loss 1.4280  acc 0.4101  val_loss 1.3406  val_acc 0.4236
2026-04-09 12:29:57      epoch  79  loss 1.3675  acc 0.4240  val_loss 1.3406  val_acc 0.4733
2026-04-09 12:30:00      epoch  80  loss 1.3557  acc 0.4290  val_loss 1.3244  val_acc 0.4438
2026-04-09 12:30:03      epoch  81  loss 1.3662  acc 0.4292  val_loss 1.3258  val_acc 0.4328
2026-04-09 12:30:05      epoch  82  loss 1.3550  acc 0.4388  val_loss 1.3279  val_acc 0.4530
2026-04-09 12:30:08      epoch  83  loss 1.3514  acc 0.4412  val_loss 1.3257  val_acc 0.4180
2026-04-09 12:30:10      epoch  84  loss 1.3456  acc 0.4455  val_loss 1.3294  val_acc 0.4494
2026-04-09 12:30:13      epoch  85  loss 1.3443  acc 0.4394  val_loss 1.3343  val_acc 0.4273
2026-04-09 12:30:15      epoch  86  loss 1.3359  acc 0.4455  val_loss 1.3109  val_acc 0.4622
2026-04-09 12:30:18      epoch  87  loss 1.3290  acc 0.4492  val_loss 1.3057  val_acc 0.4475
2026-04-09 12:30:20      epoch  88  loss 1.3247  acc 0.4461  val_loss 1.3040  val_acc 0.4420
2026-04-09 12:30:23      epoch  89  loss 1.3141  acc 0.4490  val_loss 1.3049  val_acc 0.4494
2026-04-09 12:30:25      epoch  90  loss 1.3226  acc 0.4512  val_loss 1.3003  val_acc 0.4494
2026-04-09 12:30:28      epoch  91  loss 1.3156  acc 0.4594  val_loss 1.3038  val_acc 0.4604
2026-04-09 12:30:31      epoch  92  loss 1.3262  acc 0.4469  val_loss 1.3019  val_acc 0.4659
2026-04-09 12:30:33      epoch  93  loss 1.3145  acc 0.4611  val_loss 1.3017  val_acc 0.4678
2026-04-09 12:30:36      epoch  94  loss 1.3090  acc 0.4559  val_loss 1.3124  val_acc 0.4659
2026-04-09 12:30:38      epoch  95  loss 1.3173  acc 0.4519  val_loss 1.2996  val_acc 0.4641
2026-04-09 12:30:41      epoch  96  loss 1.3117  acc 0.4553  val_loss 1.3050  val_acc 0.4659
2026-04-09 12:30:43      epoch  97  loss 1.3075  acc 0.4619  val_loss 1.2815  val_acc 0.4696
2026-04-09 12:30:46      epoch  98  loss 1.2980  acc 0.4563  val_loss 1.3066  val_acc 0.4751
2026-04-09 12:30:48      epoch  99  loss 1.3009  acc 0.4651  val_loss 1.2905  val_acc 0.4586
2026-04-09 12:30:51      epoch 100  loss 1.2986  acc 0.4625  val_loss 1.3116  val_acc 0.4273
2026-04-09 12:30:51      User5 accuracy: 0.4792
2026-04-09 12:30:52    ─── LOSO fold: User6 (test=304, train=5443)
2026-04-09 12:30:55      epoch   1  loss 2.2939  acc 0.1417  val_loss 2.0312  val_acc 0.2169
2026-04-09 12:30:57      epoch   2  loss 1.9668  acc 0.2170  val_loss 1.8659  val_acc 0.2500
2026-04-09 12:31:00      epoch   3  loss 1.8873  acc 0.2443  val_loss 1.9041  val_acc 0.2390
2026-04-09 12:31:03      epoch   4  loss 1.8567  acc 0.2503  val_loss 1.8071  val_acc 0.2757
2026-04-09 12:31:05      epoch   5  loss 1.8303  acc 0.2462  val_loss 1.7216  val_acc 0.3180
2026-04-09 12:31:08      epoch   6  loss 1.8322  acc 0.2476  val_loss 1.7490  val_acc 0.2702
2026-04-09 12:31:10      epoch   7  loss 1.7446  acc 0.2878  val_loss 1.6343  val_acc 0.3070
2026-04-09 12:31:13      epoch   8  loss 1.6908  acc 0.3074  val_loss 1.6318  val_acc 0.3051
2026-04-09 12:31:15      epoch   9  loss 1.6930  acc 0.2823  val_loss 1.6669  val_acc 0.2904
2026-04-09 12:31:18      epoch  10  loss 1.7030  acc 0.2970  val_loss 1.5989  val_acc 0.3254
2026-04-09 12:31:20      epoch  11  loss 1.6825  acc 0.2858  val_loss 1.5853  val_acc 0.3382
2026-04-09 12:31:23      epoch  12  loss 1.6748  acc 0.3003  val_loss 1.5911  val_acc 0.3107
2026-04-09 12:31:25      epoch  13  loss 1.6554  acc 0.3035  val_loss 1.5721  val_acc 0.3309
2026-04-09 12:31:28      epoch  14  loss 1.6877  acc 0.2966  val_loss 1.6365  val_acc 0.2960
2026-04-09 12:31:30      epoch  15  loss 1.6861  acc 0.2762  val_loss 1.5761  val_acc 0.3254
2026-04-09 12:31:33      epoch  16  loss 1.6380  acc 0.3135  val_loss 1.5468  val_acc 0.3493
2026-04-09 12:31:36      epoch  17  loss 1.6182  acc 0.3188  val_loss 1.5312  val_acc 0.3327
2026-04-09 12:31:38      epoch  18  loss 1.6296  acc 0.3088  val_loss 1.5356  val_acc 0.3456
2026-04-09 12:31:41      epoch  19  loss 1.6109  acc 0.3225  val_loss 1.5697  val_acc 0.3180
2026-04-09 12:31:44      epoch  20  loss 1.6512  acc 0.3080  val_loss 1.5332  val_acc 0.3585
2026-04-09 12:31:46      epoch  21  loss 1.5957  acc 0.3293  val_loss 1.5350  val_acc 0.3382
2026-04-09 12:31:48      epoch  22  loss 1.5940  acc 0.3186  val_loss 1.5508  val_acc 0.3529
2026-04-09 12:31:51      epoch  23  loss 1.5855  acc 0.3335  val_loss 1.5236  val_acc 0.3548
2026-04-09 12:31:53      epoch  24  loss 1.6137  acc 0.3209  val_loss 1.5323  val_acc 0.3603
2026-04-09 12:31:56      epoch  25  loss 1.6503  acc 0.3164  val_loss 1.5635  val_acc 0.3327
2026-04-09 12:31:58      epoch  26  loss 1.6091  acc 0.3268  val_loss 1.5263  val_acc 0.3713
2026-04-09 12:32:01      epoch  27  loss 1.5710  acc 0.3368  val_loss 1.5062  val_acc 0.3805
2026-04-09 12:32:04      epoch  28  loss 1.5567  acc 0.3460  val_loss 1.5185  val_acc 0.3713
2026-04-09 12:32:06      epoch  29  loss 1.5628  acc 0.3360  val_loss 1.4959  val_acc 0.3732
2026-04-09 12:32:09      epoch  30  loss 1.5514  acc 0.3462  val_loss 1.5023  val_acc 0.3750
2026-04-09 12:32:11      epoch  31  loss 1.5492  acc 0.3458  val_loss 1.5020  val_acc 0.3842
2026-04-09 12:32:14      epoch  32  loss 1.5394  acc 0.3535  val_loss 1.4927  val_acc 0.3750
2026-04-09 12:32:16      epoch  33  loss 1.5520  acc 0.3435  val_loss 1.4844  val_acc 0.3713
2026-04-09 12:32:19      epoch  34  loss 1.5469  acc 0.3446  val_loss 1.4963  val_acc 0.3732
2026-04-09 12:32:21      epoch  35  loss 1.5548  acc 0.3401  val_loss 1.4990  val_acc 0.3750
2026-04-09 12:32:24      epoch  36  loss 1.5376  acc 0.3427  val_loss 1.4912  val_acc 0.3750
2026-04-09 12:32:27      epoch  37  loss 1.5497  acc 0.3439  val_loss 1.5474  val_acc 0.3621
2026-04-09 12:32:29      epoch  38  loss 1.5599  acc 0.3431  val_loss 1.5174  val_acc 0.3750
2026-04-09 12:32:32      epoch  39  loss 1.5492  acc 0.3462  val_loss 1.4947  val_acc 0.3787
2026-04-09 12:32:34      epoch  40  loss 1.5270  acc 0.3503  val_loss 1.4930  val_acc 0.3879
2026-04-09 12:32:37      epoch  41  loss 1.5282  acc 0.3444  val_loss 1.4821  val_acc 0.3860
2026-04-09 12:32:39      epoch  42  loss 1.5344  acc 0.3519  val_loss 1.4826  val_acc 0.3750
2026-04-09 12:32:42      epoch  43  loss 1.5221  acc 0.3515  val_loss 1.4785  val_acc 0.3934
2026-04-09 12:32:44      epoch  44  loss 1.5214  acc 0.3509  val_loss 1.4804  val_acc 0.3971
2026-04-09 12:32:47      epoch  45  loss 1.5258  acc 0.3533  val_loss 1.4929  val_acc 0.3768
2026-04-09 12:32:49      epoch  46  loss 1.5232  acc 0.3558  val_loss 1.4820  val_acc 0.3897
2026-04-09 12:32:52      epoch  47  loss 1.5189  acc 0.3566  val_loss 1.4735  val_acc 0.3989
2026-04-09 12:32:54      epoch  48  loss 1.5254  acc 0.3448  val_loss 1.4852  val_acc 0.3842
2026-04-09 12:32:57      epoch  49  loss 1.5184  acc 0.3544  val_loss 1.4724  val_acc 0.3934
2026-04-09 12:33:00      epoch  50  loss 1.5225  acc 0.3584  val_loss 1.4895  val_acc 0.3915
2026-04-09 12:33:02      epoch  51  loss 1.5298  acc 0.3548  val_loss 1.4722  val_acc 0.3860
2026-04-09 12:33:05      epoch  52  loss 1.5262  acc 0.3546  val_loss 1.4822  val_acc 0.4007
2026-04-09 12:33:07      epoch  53  loss 1.5240  acc 0.3560  val_loss 1.4768  val_acc 0.3915
2026-04-09 12:33:10      epoch  54  loss 1.5244  acc 0.3554  val_loss 1.4735  val_acc 0.3879
2026-04-09 12:33:12      epoch  55  loss 1.5172  acc 0.3570  val_loss 1.4938  val_acc 0.3824
2026-04-09 12:33:15      epoch  56  loss 1.5159  acc 0.3582  val_loss 1.4696  val_acc 0.3842
2026-04-09 12:33:17      epoch  57  loss 1.5118  acc 0.3588  val_loss 1.4887  val_acc 0.3842
2026-04-09 12:33:20      epoch  58  loss 1.5040  acc 0.3615  val_loss 1.4883  val_acc 0.3805
2026-04-09 12:33:22      epoch  59  loss 1.5124  acc 0.3566  val_loss 1.4740  val_acc 0.4044
2026-04-09 12:33:25      epoch  60  loss 1.5209  acc 0.3593  val_loss 1.4985  val_acc 0.3750
2026-04-09 12:33:27      epoch  61  loss 1.5172  acc 0.3633  val_loss 1.4771  val_acc 0.3971
2026-04-09 12:33:30      epoch  62  loss 1.4997  acc 0.3566  val_loss 1.4682  val_acc 0.4154
2026-04-09 12:33:32      epoch  63  loss 1.4941  acc 0.3633  val_loss 1.4714  val_acc 0.3971
2026-04-09 12:33:35      epoch  64  loss 1.5035  acc 0.3656  val_loss 1.4907  val_acc 0.3860
2026-04-09 12:33:38      epoch  65  loss 1.5091  acc 0.3664  val_loss 1.4642  val_acc 0.4099
2026-04-09 12:33:40      epoch  66  loss 1.4957  acc 0.3735  val_loss 1.4577  val_acc 0.3971
2026-04-09 12:33:43      epoch  67  loss 1.4925  acc 0.3748  val_loss 1.4518  val_acc 0.4081
2026-04-09 12:33:46      epoch  68  loss 1.4862  acc 0.3654  val_loss 1.4484  val_acc 0.3989
2026-04-09 12:33:48      epoch  69  loss 1.4888  acc 0.3729  val_loss 1.4640  val_acc 0.4062
2026-04-09 12:33:51      epoch  70  loss 1.4850  acc 0.3737  val_loss 1.4604  val_acc 0.4081
2026-04-09 12:33:53      epoch  71  loss 1.4927  acc 0.3711  val_loss 1.4496  val_acc 0.4099
2026-04-09 12:33:56      epoch  72  loss 1.4804  acc 0.3807  val_loss 1.4481  val_acc 0.4099
2026-04-09 12:33:58      epoch  73  loss 1.4845  acc 0.3778  val_loss 1.4483  val_acc 0.4081
2026-04-09 12:34:01      epoch  74  loss 1.4895  acc 0.3737  val_loss 1.4522  val_acc 0.4154
2026-04-09 12:34:03      epoch  75  loss 1.4896  acc 0.3815  val_loss 1.4453  val_acc 0.4044
2026-04-09 12:34:06      epoch  76  loss 1.4822  acc 0.3770  val_loss 1.4367  val_acc 0.4173
2026-04-09 12:34:08      epoch  77  loss 1.4809  acc 0.3758  val_loss 1.4485  val_acc 0.4210
2026-04-09 12:34:11      epoch  78  loss 1.4793  acc 0.3750  val_loss 1.4478  val_acc 0.4154
2026-04-09 12:34:14      epoch  79  loss 1.4810  acc 0.3795  val_loss 1.4563  val_acc 0.4154
2026-04-09 12:34:16      epoch  80  loss 1.4820  acc 0.3866  val_loss 1.4434  val_acc 0.4118
2026-04-09 12:34:19      epoch  81  loss 1.4780  acc 0.3737  val_loss 1.4500  val_acc 0.4062
2026-04-09 12:34:21      epoch  82  loss 1.4757  acc 0.3852  val_loss 1.4493  val_acc 0.4154
2026-04-09 12:34:24      epoch  83  loss 1.4795  acc 0.3791  val_loss 1.4397  val_acc 0.4320
2026-04-09 12:34:27      epoch  84  loss 1.4824  acc 0.3752  val_loss 1.4332  val_acc 0.4173
2026-04-09 12:34:29      epoch  85  loss 1.4737  acc 0.3827  val_loss 1.4356  val_acc 0.4154
2026-04-09 12:34:31      epoch  86  loss 1.4780  acc 0.3852  val_loss 1.4388  val_acc 0.4081
2026-04-09 12:34:34      epoch  87  loss 1.4721  acc 0.3809  val_loss 1.4467  val_acc 0.4301
2026-04-09 12:34:37      epoch  88  loss 1.4743  acc 0.3856  val_loss 1.4329  val_acc 0.4228
2026-04-09 12:34:39      epoch  89  loss 1.4757  acc 0.3754  val_loss 1.4442  val_acc 0.4154
2026-04-09 12:34:41      epoch  90  loss 1.4757  acc 0.3754  val_loss 1.4399  val_acc 0.4173
2026-04-09 12:34:44      epoch  91  loss 1.4700  acc 0.3919  val_loss 1.4341  val_acc 0.4154
2026-04-09 12:34:46      epoch  92  loss 1.4634  acc 0.3819  val_loss 1.4472  val_acc 0.4099
2026-04-09 12:34:49      epoch  93  loss 1.4661  acc 0.3882  val_loss 1.4384  val_acc 0.4210
2026-04-09 12:34:51      epoch  94  loss 1.4577  acc 0.3954  val_loss 1.4359  val_acc 0.4283
2026-04-09 12:34:53      epoch  95  loss 1.4595  acc 0.3907  val_loss 1.4337  val_acc 0.4154
2026-04-09 12:34:56      epoch  96  loss 1.4621  acc 0.3893  val_loss 1.4326  val_acc 0.4191
2026-04-09 12:34:58      epoch  97  loss 1.4671  acc 0.3889  val_loss 1.4330  val_acc 0.4191
2026-04-09 12:35:01      epoch  98  loss 1.4637  acc 0.3913  val_loss 1.4375  val_acc 0.4118
2026-04-09 12:35:03      epoch  99  loss 1.4548  acc 0.3887  val_loss 1.4294  val_acc 0.4173
2026-04-09 12:35:05      epoch 100  loss 1.4623  acc 0.3893  val_loss 1.4345  val_acc 0.4228
2026-04-09 12:35:05      User6 accuracy: 0.3651
2026-04-09 12:35:06    ─── LOSO fold: User7 (test=669, train=5078)
2026-04-09 12:35:08      epoch   1  loss 2.3254  acc 0.1313  val_loss 2.1156  val_acc 0.1913
2026-04-09 12:35:10      epoch   2  loss 2.0090  acc 0.2100  val_loss 1.8716  val_acc 0.2347
2026-04-09 12:35:12      epoch   3  loss 2.0112  acc 0.2087  val_loss 1.9401  val_acc 0.1913
2026-04-09 12:35:14      epoch   4  loss 1.9285  acc 0.2054  val_loss 1.8295  val_acc 0.2899
2026-04-09 12:35:16      epoch   5  loss 1.9650  acc 0.2072  val_loss 1.9939  val_acc 0.1815
2026-04-09 12:35:18      epoch   6  loss 1.9169  acc 0.2017  val_loss 1.8529  val_acc 0.2288
2026-04-09 12:35:20      epoch   7  loss 1.8456  acc 0.2216  val_loss 1.7705  val_acc 0.2544
2026-04-09 12:35:22      epoch   8  loss 1.7907  acc 0.2437  val_loss 1.7264  val_acc 0.2919
2026-04-09 12:35:24      epoch   9  loss 1.7698  acc 0.2643  val_loss 1.6984  val_acc 0.2978
2026-04-09 12:35:26      epoch  10  loss 1.7681  acc 0.2687  val_loss 1.7002  val_acc 0.2840
2026-04-09 12:35:29      epoch  11  loss 1.7317  acc 0.2748  val_loss 1.6440  val_acc 0.3235
2026-04-09 12:35:31      epoch  12  loss 1.6912  acc 0.2879  val_loss 1.6528  val_acc 0.3254
2026-04-09 12:35:33      epoch  13  loss 1.6723  acc 0.2964  val_loss 1.6159  val_acc 0.3353
2026-04-09 12:35:35      epoch  14  loss 1.6807  acc 0.2971  val_loss 1.6084  val_acc 0.3057
2026-04-09 12:35:37      epoch  15  loss 1.6775  acc 0.2938  val_loss 1.5776  val_acc 0.3254
2026-04-09 12:35:39      epoch  16  loss 1.6516  acc 0.3041  val_loss 1.6055  val_acc 0.3314
2026-04-09 12:35:41      epoch  17  loss 1.6504  acc 0.3080  val_loss 1.5753  val_acc 0.3491
2026-04-09 12:35:43      epoch  18  loss 1.6448  acc 0.3148  val_loss 1.5710  val_acc 0.3609
2026-04-09 12:35:45      epoch  19  loss 1.7203  acc 0.2846  val_loss 1.6633  val_acc 0.2939
2026-04-09 12:35:47      epoch  20  loss 1.6966  acc 0.2824  val_loss 1.6830  val_acc 0.2801
2026-04-09 12:35:49      epoch  21  loss 1.6750  acc 0.3023  val_loss 1.5649  val_acc 0.3748
2026-04-09 12:35:51      epoch  22  loss 1.6393  acc 0.3166  val_loss 1.5705  val_acc 0.3550
2026-04-09 12:35:53      epoch  23  loss 1.6542  acc 0.3126  val_loss 1.6099  val_acc 0.3412
2026-04-09 12:35:55      epoch  24  loss 1.6207  acc 0.3159  val_loss 1.5660  val_acc 0.3373
2026-04-09 12:35:57      epoch  25  loss 1.6148  acc 0.3356  val_loss 1.5460  val_acc 0.3669
2026-04-09 12:35:59      epoch  26  loss 1.6076  acc 0.3218  val_loss 1.5330  val_acc 0.3590
2026-04-09 12:36:02      epoch  27  loss 1.5980  acc 0.3266  val_loss 1.5360  val_acc 0.3649
2026-04-09 12:36:04      epoch  28  loss 1.6011  acc 0.3279  val_loss 1.5407  val_acc 0.3471
2026-04-09 12:36:06      epoch  29  loss 1.6008  acc 0.3227  val_loss 1.5387  val_acc 0.3846
2026-04-09 12:36:08      epoch  30  loss 1.5958  acc 0.3262  val_loss 1.5357  val_acc 0.3570
2026-04-09 12:36:10      epoch  31  loss 1.5847  acc 0.3336  val_loss 1.5206  val_acc 0.3590
2026-04-09 12:36:12      epoch  32  loss 1.5711  acc 0.3363  val_loss 1.5552  val_acc 0.3609
2026-04-09 12:36:14      epoch  33  loss 1.5995  acc 0.3319  val_loss 1.5296  val_acc 0.3728
2026-04-09 12:36:16      epoch  34  loss 1.5747  acc 0.3301  val_loss 1.5254  val_acc 0.3609
2026-04-09 12:36:18      epoch  35  loss 1.5713  acc 0.3299  val_loss 1.5354  val_acc 0.3748
2026-04-09 12:36:20      epoch  36  loss 1.5746  acc 0.3308  val_loss 1.5343  val_acc 0.3570
2026-04-09 12:36:22      epoch  37  loss 1.5594  acc 0.3503  val_loss 1.5154  val_acc 0.3728
2026-04-09 12:36:24      epoch  38  loss 1.5541  acc 0.3516  val_loss 1.5200  val_acc 0.3590
2026-04-09 12:36:26      epoch  39  loss 1.5615  acc 0.3441  val_loss 1.5226  val_acc 0.3531
2026-04-09 12:36:28      epoch  40  loss 1.5498  acc 0.3527  val_loss 1.5079  val_acc 0.3767
2026-04-09 12:36:30      epoch  41  loss 1.5478  acc 0.3402  val_loss 1.5070  val_acc 0.3748
2026-04-09 12:36:32      epoch  42  loss 1.5502  acc 0.3496  val_loss 1.5160  val_acc 0.3669
2026-04-09 12:36:34      epoch  43  loss 1.5437  acc 0.3511  val_loss 1.5154  val_acc 0.3807
2026-04-09 12:36:36      epoch  44  loss 1.5394  acc 0.3430  val_loss 1.5092  val_acc 0.3807
2026-04-09 12:36:38      epoch  45  loss 1.5495  acc 0.3531  val_loss 1.5243  val_acc 0.3846
2026-04-09 12:36:40      epoch  46  loss 1.5408  acc 0.3605  val_loss 1.5053  val_acc 0.3609
2026-04-09 12:36:42      epoch  47  loss 1.5356  acc 0.3478  val_loss 1.5015  val_acc 0.3905
2026-04-09 12:36:44      epoch  48  loss 1.5348  acc 0.3463  val_loss 1.4944  val_acc 0.3629
2026-04-09 12:36:47      epoch  49  loss 1.5260  acc 0.3478  val_loss 1.4930  val_acc 0.3688
2026-04-09 12:36:49      epoch  50  loss 1.5245  acc 0.3603  val_loss 1.4984  val_acc 0.3826
2026-04-09 12:36:51      epoch  51  loss 1.5329  acc 0.3481  val_loss 1.5123  val_acc 0.3748
2026-04-09 12:36:53      epoch  52  loss 1.5388  acc 0.3540  val_loss 1.5073  val_acc 0.3826
2026-04-09 12:36:55      epoch  53  loss 1.5181  acc 0.3599  val_loss 1.4973  val_acc 0.3609
2026-04-09 12:36:57      epoch  54  loss 1.5423  acc 0.3494  val_loss 1.7355  val_acc 0.3274
2026-04-09 12:36:59      epoch  55  loss 1.6141  acc 0.3365  val_loss 1.5524  val_acc 0.3649
2026-04-09 12:37:01      epoch  56  loss 1.5309  acc 0.3507  val_loss 1.4828  val_acc 0.3688
2026-04-09 12:37:03      epoch  57  loss 1.5119  acc 0.3520  val_loss 1.4805  val_acc 0.3748
2026-04-09 12:37:05      epoch  58  loss 1.5207  acc 0.3579  val_loss 1.4875  val_acc 0.3866
2026-04-09 12:37:07      epoch  59  loss 1.5450  acc 0.3402  val_loss 1.6027  val_acc 0.3333
2026-04-09 12:37:09      epoch  60  loss 1.5398  acc 0.3498  val_loss 1.4895  val_acc 0.3846
2026-04-09 12:37:11      epoch  61  loss 1.5197  acc 0.3548  val_loss 1.4875  val_acc 0.3984
2026-04-09 12:37:13      epoch  62  loss 1.5059  acc 0.3566  val_loss 1.4853  val_acc 0.3846
2026-04-09 12:37:15      epoch  63  loss 1.5057  acc 0.3586  val_loss 1.4709  val_acc 0.3807
2026-04-09 12:37:18      epoch  64  loss 1.4990  acc 0.3500  val_loss 1.4745  val_acc 0.3964
2026-04-09 12:37:20      epoch  65  loss 1.4984  acc 0.3605  val_loss 1.4740  val_acc 0.3846
2026-04-09 12:37:22      epoch  66  loss 1.5026  acc 0.3667  val_loss 1.4724  val_acc 0.3964
2026-04-09 12:37:24      epoch  67  loss 1.4948  acc 0.3678  val_loss 1.4734  val_acc 0.3925
2026-04-09 12:37:26      epoch  68  loss 1.4906  acc 0.3767  val_loss 1.4803  val_acc 0.3925
2026-04-09 12:37:28      epoch  69  loss 1.4905  acc 0.3645  val_loss 1.4730  val_acc 0.3846
2026-04-09 12:37:30      epoch  70  loss 1.4895  acc 0.3638  val_loss 1.4679  val_acc 0.3925
2026-04-09 12:37:32      epoch  71  loss 1.4919  acc 0.3737  val_loss 1.4691  val_acc 0.3945
2026-04-09 12:37:34      epoch  72  loss 1.4950  acc 0.3682  val_loss 1.4736  val_acc 0.3945
2026-04-09 12:37:37      epoch  73  loss 1.4852  acc 0.3710  val_loss 1.4681  val_acc 0.3964
2026-04-09 12:37:39      epoch  74  loss 1.4885  acc 0.3715  val_loss 1.4726  val_acc 0.3826
2026-04-09 12:37:41      epoch  75  loss 1.4831  acc 0.3761  val_loss 1.4736  val_acc 0.3826
2026-04-09 12:37:43      epoch  76  loss 1.4837  acc 0.3671  val_loss 1.4705  val_acc 0.3826
2026-04-09 12:37:45      epoch  77  loss 1.4851  acc 0.3640  val_loss 1.4734  val_acc 0.3826
2026-04-09 12:37:47      epoch  78  loss 1.4833  acc 0.3748  val_loss 1.4717  val_acc 0.3846
2026-04-09 12:37:47      Early stopping at epoch 78
2026-04-09 12:37:47      User7 accuracy: 0.3647
2026-04-09 12:37:48    ─── LOSO fold: User8 (test=603, train=5144)
2026-04-09 12:37:50      epoch   1  loss 2.2786  acc 0.1361  val_loss 2.0484  val_acc 0.1946
2026-04-09 12:37:52      epoch   2  loss 1.9974  acc 0.1974  val_loss 1.9535  val_acc 0.2549
2026-04-09 12:37:54      epoch   3  loss 1.9025  acc 0.2380  val_loss 1.9579  val_acc 0.2004
2026-04-09 12:37:56      epoch   4  loss 1.9225  acc 0.2231  val_loss 1.8237  val_acc 0.2899
2026-04-09 12:37:58      epoch   5  loss 1.9514  acc 0.2346  val_loss 1.8484  val_acc 0.2432
2026-04-09 12:38:00      epoch   6  loss 1.8261  acc 0.2518  val_loss 1.7580  val_acc 0.2957
2026-04-09 12:38:02      epoch   7  loss 1.7397  acc 0.2853  val_loss 1.6635  val_acc 0.3307
2026-04-09 12:38:04      epoch   8  loss 1.6755  acc 0.3089  val_loss 1.6761  val_acc 0.3035
2026-04-09 12:38:06      epoch   9  loss 1.6717  acc 0.3145  val_loss 1.6743  val_acc 0.2957
2026-04-09 12:38:09      epoch  10  loss 1.6864  acc 0.2985  val_loss 1.6713  val_acc 0.3210
2026-04-09 12:38:11      epoch  11  loss 1.6900  acc 0.3093  val_loss 1.6437  val_acc 0.3230
2026-04-09 12:38:13      epoch  12  loss 1.6636  acc 0.3069  val_loss 1.6407  val_acc 0.3366
2026-04-09 12:38:15      epoch  13  loss 1.8377  acc 0.2678  val_loss 1.8505  val_acc 0.2412
2026-04-09 12:38:17      epoch  14  loss 1.7993  acc 0.2462  val_loss 1.7341  val_acc 0.2938
2026-04-09 12:38:19      epoch  15  loss 1.7145  acc 0.2860  val_loss 1.6549  val_acc 0.3249
2026-04-09 12:38:21      epoch  16  loss 1.6697  acc 0.3102  val_loss 1.6473  val_acc 0.3424
2026-04-09 12:38:24      epoch  17  loss 1.6629  acc 0.3240  val_loss 1.6114  val_acc 0.3560
2026-04-09 12:38:26      epoch  18  loss 1.6385  acc 0.3171  val_loss 1.5940  val_acc 0.3774
2026-04-09 12:38:28      epoch  19  loss 1.6420  acc 0.3151  val_loss 1.5902  val_acc 0.3696
2026-04-09 12:38:30      epoch  20  loss 1.6333  acc 0.3181  val_loss 1.5957  val_acc 0.3716
2026-04-09 12:38:32      epoch  21  loss 1.6333  acc 0.3132  val_loss 1.5694  val_acc 0.3794
2026-04-09 12:38:34      epoch  22  loss 1.6223  acc 0.3231  val_loss 1.5909  val_acc 0.3658
2026-04-09 12:38:36      epoch  23  loss 1.6279  acc 0.3240  val_loss 1.6276  val_acc 0.3424
2026-04-09 12:38:38      epoch  24  loss 1.6122  acc 0.3173  val_loss 1.5823  val_acc 0.3502
2026-04-09 12:38:40      epoch  25  loss 1.6393  acc 0.3117  val_loss 1.5802  val_acc 0.3560
2026-04-09 12:38:42      epoch  26  loss 1.6025  acc 0.3285  val_loss 1.5772  val_acc 0.3580
2026-04-09 12:38:45      epoch  27  loss 1.5913  acc 0.3343  val_loss 1.5702  val_acc 0.3813
2026-04-09 12:38:47      epoch  28  loss 1.5850  acc 0.3404  val_loss 1.5838  val_acc 0.3385
2026-04-09 12:38:49      epoch  29  loss 1.5935  acc 0.3380  val_loss 1.5639  val_acc 0.3541
2026-04-09 12:38:51      epoch  30  loss 1.5887  acc 0.3354  val_loss 1.5733  val_acc 0.3735
2026-04-09 12:38:53      epoch  31  loss 1.5962  acc 0.3395  val_loss 1.5733  val_acc 0.3677
2026-04-09 12:38:55      epoch  32  loss 1.5879  acc 0.3322  val_loss 1.5615  val_acc 0.3638
2026-04-09 12:38:57      epoch  33  loss 1.5843  acc 0.3350  val_loss 1.5561  val_acc 0.3735
2026-04-09 12:38:59      epoch  34  loss 1.5743  acc 0.3330  val_loss 1.5640  val_acc 0.3716
2026-04-09 12:39:02      epoch  35  loss 1.5746  acc 0.3430  val_loss 1.5631  val_acc 0.3658
2026-04-09 12:39:04      epoch  36  loss 1.5693  acc 0.3408  val_loss 1.5795  val_acc 0.3755
2026-04-09 12:39:06      epoch  37  loss 1.5665  acc 0.3503  val_loss 1.5837  val_acc 0.3716
2026-04-09 12:39:08      epoch  38  loss 1.5682  acc 0.3397  val_loss 1.5630  val_acc 0.3677
2026-04-09 12:39:10      epoch  39  loss 1.5662  acc 0.3400  val_loss 1.5578  val_acc 0.3735
2026-04-09 12:39:12      epoch  40  loss 1.5578  acc 0.3462  val_loss 1.5566  val_acc 0.3677
2026-04-09 12:39:14      epoch  41  loss 1.5629  acc 0.3423  val_loss 1.5437  val_acc 0.3755
2026-04-09 12:39:16      epoch  42  loss 1.5552  acc 0.3456  val_loss 1.5553  val_acc 0.3794
2026-04-09 12:39:18      epoch  43  loss 1.5571  acc 0.3413  val_loss 1.5407  val_acc 0.3774
2026-04-09 12:39:20      epoch  44  loss 1.5548  acc 0.3438  val_loss 1.5720  val_acc 0.3735
2026-04-09 12:39:23      epoch  45  loss 1.5551  acc 0.3369  val_loss 1.5466  val_acc 0.3677
2026-04-09 12:39:25      epoch  46  loss 1.5586  acc 0.3473  val_loss 1.5538  val_acc 0.3755
2026-04-09 12:39:27      epoch  47  loss 1.5514  acc 0.3492  val_loss 1.5558  val_acc 0.3638
2026-04-09 12:39:29      epoch  48  loss 1.5479  acc 0.3488  val_loss 1.5594  val_acc 0.3716
2026-04-09 12:39:31      epoch  49  loss 1.5565  acc 0.3479  val_loss 1.5566  val_acc 0.3716
2026-04-09 12:39:33      epoch  50  loss 1.5485  acc 0.3451  val_loss 1.5505  val_acc 0.3794
2026-04-09 12:39:35      epoch  51  loss 1.5463  acc 0.3514  val_loss 1.5468  val_acc 0.3813
2026-04-09 12:39:35      Early stopping at epoch 51
2026-04-09 12:39:35      User8 accuracy: 0.3234
2026-04-09 12:39:36    ─── LOSO fold: User9 (test=666, train=5081)
2026-04-09 12:39:38      epoch   1  loss 2.3143  acc 0.1380  val_loss 2.0648  val_acc 0.1693
2026-04-09 12:39:40      epoch   2  loss 2.0232  acc 0.1970  val_loss 1.8853  val_acc 0.2205
2026-04-09 12:39:42      epoch   3  loss 1.9028  acc 0.2309  val_loss 1.8952  val_acc 0.2067
2026-04-09 12:39:44      epoch   4  loss 1.8603  acc 0.2489  val_loss 1.7324  val_acc 0.2441
2026-04-09 12:39:46      epoch   5  loss 1.8944  acc 0.2381  val_loss 1.7876  val_acc 0.2638
2026-04-09 12:39:48      epoch   6  loss 1.8146  acc 0.2548  val_loss 1.7046  val_acc 0.2559
2026-04-09 12:39:50      epoch   7  loss 1.7432  acc 0.2834  val_loss 1.6651  val_acc 0.2717
2026-04-09 12:39:52      epoch   8  loss 1.6903  acc 0.3002  val_loss 1.6458  val_acc 0.2795
2026-04-09 12:39:54      epoch   9  loss 1.7035  acc 0.2978  val_loss 1.6110  val_acc 0.2953
2026-04-09 12:39:56      epoch  10  loss 1.7731  acc 0.2578  val_loss 1.6612  val_acc 0.2697
2026-04-09 12:39:58      epoch  11  loss 1.6958  acc 0.2900  val_loss 1.6471  val_acc 0.2913
2026-04-09 12:40:00      epoch  12  loss 1.6713  acc 0.3029  val_loss 1.6095  val_acc 0.2972
2026-04-09 12:40:02      epoch  13  loss 1.6523  acc 0.3188  val_loss 1.5917  val_acc 0.3031
2026-04-09 12:40:04      epoch  14  loss 1.6397  acc 0.3136  val_loss 1.6086  val_acc 0.3091
2026-04-09 12:40:06      epoch  15  loss 1.6509  acc 0.3151  val_loss 1.5856  val_acc 0.2992
2026-04-09 12:40:08      epoch  16  loss 1.6429  acc 0.3158  val_loss 1.6224  val_acc 0.3012
2026-04-09 12:40:10      epoch  17  loss 1.6544  acc 0.3201  val_loss 1.6379  val_acc 0.2736
2026-04-09 12:40:13      epoch  18  loss 1.6908  acc 0.3013  val_loss 1.6176  val_acc 0.2992
2026-04-09 12:40:15      epoch  19  loss 1.6817  acc 0.3016  val_loss 1.6306  val_acc 0.2933
2026-04-09 12:40:17      epoch  20  loss 1.6509  acc 0.3267  val_loss 1.5767  val_acc 0.3071
2026-04-09 12:40:19      epoch  21  loss 1.6212  acc 0.3236  val_loss 1.5656  val_acc 0.3051
2026-04-09 12:40:21      epoch  22  loss 1.6216  acc 0.3295  val_loss 1.5863  val_acc 0.2913
2026-04-09 12:40:23      epoch  23  loss 1.6590  acc 0.3096  val_loss 1.7575  val_acc 0.2461
2026-04-09 12:40:25      epoch  24  loss 1.6881  acc 0.3011  val_loss 1.6236  val_acc 0.2913
2026-04-09 12:40:27      epoch  25  loss 1.6755  acc 0.3051  val_loss 1.6204  val_acc 0.2874
2026-04-09 12:40:29      epoch  26  loss 1.6952  acc 0.2876  val_loss 1.6795  val_acc 0.2756
2026-04-09 12:40:31      epoch  27  loss 1.7295  acc 0.3048  val_loss 1.6590  val_acc 0.2756
2026-04-09 12:40:33      epoch  28  loss 1.6430  acc 0.3166  val_loss 1.5733  val_acc 0.3130
2026-04-09 12:40:35      epoch  29  loss 1.6238  acc 0.3215  val_loss 1.5786  val_acc 0.2933
2026-04-09 12:40:35      Early stopping at epoch 29
2026-04-09 12:40:35      User9 accuracy: 0.3634
2026-04-09 12:40:35    ─── LOSO fold: User10 (test=661, train=5086)
2026-04-09 12:40:37      epoch   1  loss 2.3282  acc 0.1509  val_loss 2.0868  val_acc 0.2244
2026-04-09 12:40:40      epoch   2  loss 1.9903  acc 0.2193  val_loss 1.8587  val_acc 0.2638
2026-04-09 12:40:42      epoch   3  loss 1.9052  acc 0.2289  val_loss 1.8464  val_acc 0.2264
2026-04-09 12:40:44      epoch   4  loss 1.8430  acc 0.2322  val_loss 1.7719  val_acc 0.2402
2026-04-09 12:40:46      epoch   5  loss 1.7956  acc 0.2514  val_loss 1.7340  val_acc 0.2953
2026-04-09 12:40:48      epoch   6  loss 2.0267  acc 0.2099  val_loss 1.9364  val_acc 0.2323
2026-04-09 12:40:50      epoch   7  loss 1.8775  acc 0.2152  val_loss 1.7536  val_acc 0.2815
2026-04-09 12:40:52      epoch   8  loss 1.7565  acc 0.2656  val_loss 1.7261  val_acc 0.3248
2026-04-09 12:40:54      epoch   9  loss 1.7113  acc 0.2754  val_loss 1.6510  val_acc 0.3465
2026-04-09 12:40:56      epoch  10  loss 1.6816  acc 0.2901  val_loss 1.6262  val_acc 0.3248
2026-04-09 12:40:58      epoch  11  loss 1.6644  acc 0.2986  val_loss 1.7026  val_acc 0.2913
2026-04-09 12:41:00      epoch  12  loss 1.7338  acc 0.2798  val_loss 1.6986  val_acc 0.2874
2026-04-09 12:41:02      epoch  13  loss 1.6852  acc 0.2910  val_loss 1.6615  val_acc 0.3091
2026-04-09 12:41:04      epoch  14  loss 1.6533  acc 0.3008  val_loss 1.6375  val_acc 0.3228
2026-04-09 12:41:06      epoch  15  loss 1.6273  acc 0.2990  val_loss 1.6228  val_acc 0.3248
2026-04-09 12:41:08      epoch  16  loss 1.6109  acc 0.3209  val_loss 1.6097  val_acc 0.3425
2026-04-09 12:41:10      epoch  17  loss 1.6181  acc 0.3058  val_loss 1.5962  val_acc 0.3445
2026-04-09 12:41:13      epoch  18  loss 1.6188  acc 0.3194  val_loss 1.7414  val_acc 0.2815
2026-04-09 12:41:15      epoch  19  loss 1.6689  acc 0.2938  val_loss 1.5962  val_acc 0.3425
2026-04-09 12:41:17      epoch  20  loss 1.6117  acc 0.3126  val_loss 1.6465  val_acc 0.3366
2026-04-09 12:41:19      epoch  21  loss 1.7425  acc 0.2903  val_loss 1.6961  val_acc 0.3091
2026-04-09 12:41:21      epoch  22  loss 1.6461  acc 0.2942  val_loss 1.6243  val_acc 0.3189
2026-04-09 12:41:23      epoch  23  loss 1.6007  acc 0.3200  val_loss 1.5985  val_acc 0.3445
2026-04-09 12:41:25      epoch  24  loss 1.5922  acc 0.3309  val_loss 1.5993  val_acc 0.3484
2026-04-09 12:41:27      epoch  25  loss 1.5888  acc 0.3296  val_loss 1.5841  val_acc 0.3366
2026-04-09 12:41:29      epoch  26  loss 1.5863  acc 0.3318  val_loss 1.5979  val_acc 0.3366
2026-04-09 12:41:31      epoch  27  loss 1.5898  acc 0.3279  val_loss 1.5676  val_acc 0.3484
2026-04-09 12:41:33      epoch  28  loss 1.5729  acc 0.3316  val_loss 1.5780  val_acc 0.3268
2026-04-09 12:41:35      epoch  29  loss 1.5677  acc 0.3333  val_loss 1.5778  val_acc 0.3504
2026-04-09 12:41:37      epoch  30  loss 1.5688  acc 0.3353  val_loss 1.5762  val_acc 0.3563
2026-04-09 12:41:39      epoch  31  loss 1.5717  acc 0.3246  val_loss 1.5898  val_acc 0.3445
2026-04-09 12:41:41      epoch  32  loss 1.5968  acc 0.3215  val_loss 1.5894  val_acc 0.3346
2026-04-09 12:41:44      epoch  33  loss 1.5709  acc 0.3370  val_loss 1.5711  val_acc 0.3504
2026-04-09 12:41:46      epoch  34  loss 1.5516  acc 0.3403  val_loss 1.5700  val_acc 0.3583
2026-04-09 12:41:48      epoch  35  loss 1.5690  acc 0.3311  val_loss 1.5884  val_acc 0.3386
2026-04-09 12:41:48      Early stopping at epoch 35
2026-04-09 12:41:48      User10 accuracy: 0.3389
2026-04-09 12:41:48    ─── LOSO fold: User11 (test=700, train=5047)
2026-04-09 12:41:50      epoch   1  loss 2.3019  acc 0.1437  val_loss 2.0491  val_acc 0.1845
2026-04-09 12:41:52      epoch   2  loss 1.9690  acc 0.2122  val_loss 1.8566  val_acc 0.2698
2026-04-09 12:41:54      epoch   3  loss 1.8627  acc 0.2364  val_loss 1.8727  val_acc 0.2560
2026-04-09 12:41:56      epoch   4  loss 1.8191  acc 0.2531  val_loss 1.7125  val_acc 0.3353
2026-04-09 12:41:59      epoch   5  loss 1.7311  acc 0.2842  val_loss 1.6830  val_acc 0.3373
2026-04-09 12:42:01      epoch   6  loss 1.7135  acc 0.2870  val_loss 1.6861  val_acc 0.2798
2026-04-09 12:42:03      epoch   7  loss 1.8591  acc 0.2322  val_loss 1.8184  val_acc 0.2579
2026-04-09 12:42:05      epoch   8  loss 1.7536  acc 0.2681  val_loss 1.7763  val_acc 0.2698
2026-04-09 12:42:07      epoch   9  loss 1.7307  acc 0.2811  val_loss 1.6617  val_acc 0.3254
2026-04-09 12:42:09      epoch  10  loss 1.6932  acc 0.2928  val_loss 1.6282  val_acc 0.3472
2026-04-09 12:42:11      epoch  11  loss 1.6667  acc 0.3077  val_loss 1.6321  val_acc 0.3433
2026-04-09 12:42:13      epoch  12  loss 1.6548  acc 0.3141  val_loss 1.6031  val_acc 0.3571
2026-04-09 12:42:15      epoch  13  loss 1.6328  acc 0.3137  val_loss 1.6033  val_acc 0.3274
2026-04-09 12:42:17      epoch  14  loss 1.6184  acc 0.3152  val_loss 1.6278  val_acc 0.3472
2026-04-09 12:42:19      epoch  15  loss 1.6236  acc 0.3174  val_loss 1.6047  val_acc 0.3373
2026-04-09 12:42:21      epoch  16  loss 1.6137  acc 0.3148  val_loss 1.5817  val_acc 0.3611
2026-04-09 12:42:23      epoch  17  loss 1.6150  acc 0.3165  val_loss 1.5891  val_acc 0.3651
2026-04-09 12:42:25      epoch  18  loss 1.5899  acc 0.3352  val_loss 1.5669  val_acc 0.3671
2026-04-09 12:42:27      epoch  19  loss 1.5871  acc 0.3344  val_loss 1.5507  val_acc 0.3849
2026-04-09 12:42:29      epoch  20  loss 1.6348  acc 0.3214  val_loss 2.1341  val_acc 0.2103
2026-04-09 12:42:31      epoch  21  loss 1.7463  acc 0.2947  val_loss 1.6611  val_acc 0.3353
2026-04-09 12:42:34      epoch  22  loss 1.6660  acc 0.3110  val_loss 1.6420  val_acc 0.3730
2026-04-09 12:42:36      epoch  23  loss 1.6834  acc 0.3033  val_loss 1.6809  val_acc 0.2976
2026-04-09 12:42:38      epoch  24  loss 1.6638  acc 0.3099  val_loss 1.6476  val_acc 0.3234
2026-04-09 12:42:40      epoch  25  loss 1.6323  acc 0.3126  val_loss 1.5881  val_acc 0.3611
2026-04-09 12:42:42      epoch  26  loss 1.6079  acc 0.3181  val_loss 1.5827  val_acc 0.3671
2026-04-09 12:42:44      epoch  27  loss 1.6065  acc 0.3159  val_loss 1.5569  val_acc 0.3611
2026-04-09 12:42:44      Early stopping at epoch 27
2026-04-09 12:42:44      User11 accuracy: 0.2743
2026-04-09 12:42:44    ─── LOSO fold: User12 (test=580, train=5167)
2026-04-09 12:42:46      epoch   1  loss 2.3367  acc 0.1266  val_loss 2.1428  val_acc 0.2481
2026-04-09 12:42:48      epoch   2  loss 2.0237  acc 0.2139  val_loss 1.8766  val_acc 0.2752
2026-04-09 12:42:50      epoch   3  loss 1.8678  acc 0.2402  val_loss 1.7721  val_acc 0.2791
2026-04-09 12:42:53      epoch   4  loss 1.8198  acc 0.2442  val_loss 1.7308  val_acc 0.2907
2026-04-09 12:42:55      epoch   5  loss 1.7828  acc 0.2576  val_loss 1.6490  val_acc 0.2946
2026-04-09 12:42:57      epoch   6  loss 1.7769  acc 0.2711  val_loss 1.6649  val_acc 0.2868
2026-04-09 12:42:59      epoch   7  loss 1.6852  acc 0.2905  val_loss 1.6264  val_acc 0.3256
2026-04-09 12:43:01      epoch   8  loss 1.6950  acc 0.2802  val_loss 1.6365  val_acc 0.3275
2026-04-09 12:43:03      epoch   9  loss 1.6817  acc 0.2971  val_loss 1.6143  val_acc 0.3372
2026-04-09 12:43:05      epoch  10  loss 1.6585  acc 0.2999  val_loss 1.6583  val_acc 0.3159
2026-04-09 12:43:07      epoch  11  loss 1.6588  acc 0.2980  val_loss 1.5733  val_acc 0.3411
2026-04-09 12:43:09      epoch  12  loss 1.6291  acc 0.3146  val_loss 1.6079  val_acc 0.3430
2026-04-09 12:43:12      epoch  13  loss 1.6658  acc 0.3023  val_loss 1.5864  val_acc 0.3566
2026-04-09 12:43:14      epoch  14  loss 1.6361  acc 0.3184  val_loss 1.6749  val_acc 0.3295
2026-04-09 12:43:16      epoch  15  loss 1.6758  acc 0.2941  val_loss 1.6328  val_acc 0.3469
2026-04-09 12:43:18      epoch  16  loss 1.6465  acc 0.2950  val_loss 1.6020  val_acc 0.3411
2026-04-09 12:43:20      epoch  17  loss 1.6077  acc 0.3249  val_loss 1.5936  val_acc 0.3159
2026-04-09 12:43:22      epoch  18  loss 1.6647  acc 0.3023  val_loss 1.5896  val_acc 0.3508
2026-04-09 12:43:24      epoch  19  loss 1.6211  acc 0.3133  val_loss 1.5684  val_acc 0.3333
2026-04-09 12:43:26      epoch  20  loss 1.6090  acc 0.3189  val_loss 1.5609  val_acc 0.3605
2026-04-09 12:43:28      epoch  21  loss 1.6042  acc 0.3210  val_loss 1.5605  val_acc 0.3391
2026-04-09 12:43:30      epoch  22  loss 1.5824  acc 0.3268  val_loss 1.5640  val_acc 0.3391
2026-04-09 12:43:32      epoch  23  loss 1.5886  acc 0.3251  val_loss 1.5713  val_acc 0.3469
2026-04-09 12:43:35      epoch  24  loss 1.5648  acc 0.3322  val_loss 1.5426  val_acc 0.3508
2026-04-09 12:43:37      epoch  25  loss 1.5869  acc 0.3275  val_loss 1.5700  val_acc 0.3333
2026-04-09 12:43:39      epoch  26  loss 1.5710  acc 0.3365  val_loss 1.5524  val_acc 0.3508
2026-04-09 12:43:41      epoch  27  loss 1.5570  acc 0.3459  val_loss 1.5240  val_acc 0.3779
2026-04-09 12:43:43      epoch  28  loss 1.5475  acc 0.3483  val_loss 1.5294  val_acc 0.3488
2026-04-09 12:43:45      epoch  29  loss 1.5652  acc 0.3328  val_loss 1.5505  val_acc 0.3682
2026-04-09 12:43:47      epoch  30  loss 1.5891  acc 0.3260  val_loss 1.5355  val_acc 0.3450
2026-04-09 12:43:49      epoch  31  loss 1.5995  acc 0.3326  val_loss 1.5778  val_acc 0.3450
2026-04-09 12:43:51      epoch  32  loss 1.5748  acc 0.3275  val_loss 1.5626  val_acc 0.3450
2026-04-09 12:43:53      epoch  33  loss 1.5545  acc 0.3380  val_loss 1.5290  val_acc 0.3663
2026-04-09 12:43:55      epoch  34  loss 1.5428  acc 0.3425  val_loss 1.5250  val_acc 0.3721
2026-04-09 12:43:58      epoch  35  loss 1.6073  acc 0.3320  val_loss 1.5355  val_acc 0.3469
2026-04-09 12:43:58      Early stopping at epoch 35
2026-04-09 12:43:58      User12 accuracy: 0.3328
2026-04-09 12:43:58  
2026-04-09 12:43:58  Mean acc: 0.3541  Std: 0.0468
2026-04-09 12:43:58  
                            precision    recall  f1-score   support

         Sitting – Reading       0.24      0.29      0.26       549
         Sitting – Writing       0.30      0.23      0.26       607
         Computer – Typing       0.30      0.59      0.40       606
       Computer – Browsing       0.25      0.04      0.07       617
Sitting – Moving head/body       0.24      0.13      0.17       531
    Sitting – Moving chair       0.28      0.22      0.25       607
     Stand up from sitting       0.35      0.61      0.44       719
                  Standing       0.00      0.00      0.00       401
                   Walking       0.37      0.53      0.43       476
                   Running       0.68      0.90      0.78       464
             Taking stairs       0.50      0.01      0.02       170

                  accuracy                           0.35      5747
                 macro avg       0.32      0.32      0.28      5747
              weighted avg       0.31      0.35      0.30      5747

