2026-04-09 11:53:09  ========================================================================
2026-04-09 11:53:09  Modality: acc  |  sensors: ['Accelerometer']  |  3 ch  |  window=500  overlap=50%  step=250
2026-04-09 11:53:09  Device: cuda:3  |  Log: /home/mahmudm2/codebase/ClassyGlass/scripts/benchmark/logs/sensor_acc_W500_S250.log
2026-04-09 11:53:09  ========================================================================
2026-04-09 11:53:12  Loaded 5744 windows | sensors=['Accelerometer'] (3 ch) | window=500  step=250 | skipped=0 experiments
2026-04-09 11:53:12    ─── LOSO fold: User1 (test=328, train=5416)
2026-04-09 11:53:17      epoch   1  loss 2.3052  acc 0.1417  val_loss 2.0051  val_acc 0.2773
2026-04-09 11:53:19      epoch   2  loss 1.8913  acc 0.2527  val_loss 1.6854  val_acc 0.3420
2026-04-09 11:53:21      epoch   3  loss 1.7374  acc 0.2786  val_loss 1.7279  val_acc 0.3142
2026-04-09 11:53:24      epoch   4  loss 1.6860  acc 0.3069  val_loss 1.5481  val_acc 0.3863
2026-04-09 11:53:26      epoch   5  loss 2.0516  acc 0.2373  val_loss 2.3481  val_acc 0.2163
2026-04-09 11:53:29      epoch   6  loss 1.9235  acc 0.2732  val_loss 1.6395  val_acc 0.3309
2026-04-09 11:53:31      epoch   7  loss 1.7462  acc 0.2855  val_loss 1.5910  val_acc 0.3364
2026-04-09 11:53:34      epoch   8  loss 1.6433  acc 0.3169  val_loss 1.4510  val_acc 0.4177
2026-04-09 11:53:36      epoch   9  loss 1.5879  acc 0.3268  val_loss 1.5297  val_acc 0.3438
2026-04-09 11:53:39      epoch  10  loss 1.6292  acc 0.3143  val_loss 1.4688  val_acc 0.4067
2026-04-09 11:53:41      epoch  11  loss 1.5536  acc 0.3536  val_loss 1.4102  val_acc 0.4307
2026-04-09 11:53:43      epoch  12  loss 1.5068  acc 0.3612  val_loss 1.3748  val_acc 0.4399
2026-04-09 11:53:46      epoch  13  loss 1.5572  acc 0.3356  val_loss 1.5263  val_acc 0.3900
2026-04-09 11:53:48      epoch  14  loss 1.5610  acc 0.3329  val_loss 1.4033  val_acc 0.4122
2026-04-09 11:53:51      epoch  15  loss 1.5006  acc 0.3422  val_loss 1.3977  val_acc 0.4233
2026-04-09 11:53:53      epoch  16  loss 1.4778  acc 0.3659  val_loss 1.3364  val_acc 0.4658
2026-04-09 11:53:56      epoch  17  loss 1.4605  acc 0.3737  val_loss 1.3350  val_acc 0.4750
2026-04-09 11:53:59      epoch  18  loss 1.4575  acc 0.3803  val_loss 1.3341  val_acc 0.4547
2026-04-09 11:54:01      epoch  19  loss 1.4369  acc 0.3877  val_loss 1.3644  val_acc 0.4251
2026-04-09 11:54:03      epoch  20  loss 1.4235  acc 0.4008  val_loss 1.2998  val_acc 0.4677
2026-04-09 11:54:06      epoch  21  loss 1.4127  acc 0.4072  val_loss 1.3082  val_acc 0.4621
2026-04-09 11:54:08      epoch  22  loss 1.4288  acc 0.3908  val_loss 1.3348  val_acc 0.4510
2026-04-09 11:54:11      epoch  23  loss 1.4187  acc 0.3969  val_loss 1.4030  val_acc 0.4214
2026-04-09 11:54:13      epoch  24  loss 1.6551  acc 0.3270  val_loss 1.3992  val_acc 0.4658
2026-04-09 11:54:16      epoch  25  loss 1.7692  acc 0.3325  val_loss 1.5797  val_acc 0.3604
2026-04-09 11:54:18      epoch  26  loss 1.5526  acc 0.3596  val_loss 1.3949  val_acc 0.4566
2026-04-09 11:54:20      epoch  27  loss 1.4852  acc 0.3858  val_loss 1.3277  val_acc 0.4566
2026-04-09 11:54:23      epoch  28  loss 1.4936  acc 0.3819  val_loss 1.4471  val_acc 0.4325
2026-04-09 11:54:23      Early stopping at epoch 28
2026-04-09 11:54:23      User1 accuracy: 0.2652
2026-04-09 11:54:24    ─── LOSO fold: User2 (test=301, train=5443)
2026-04-09 11:54:27      epoch   1  loss 2.2860  acc 0.1504  val_loss 1.9799  val_acc 0.2169
2026-04-09 11:54:29      epoch   2  loss 1.8898  acc 0.2603  val_loss 1.7245  val_acc 0.3033
2026-04-09 11:54:32      epoch   3  loss 1.9898  acc 0.2433  val_loss 1.6825  val_acc 0.3327
2026-04-09 11:54:34      epoch   4  loss 1.7177  acc 0.2905  val_loss 1.5935  val_acc 0.3419
2026-04-09 11:54:37      epoch   5  loss 1.7087  acc 0.3021  val_loss 1.7305  val_acc 0.2610
2026-04-09 11:54:39      epoch   6  loss 2.2929  acc 0.2345  val_loss 2.3771  val_acc 0.2169
2026-04-09 11:54:42      epoch   7  loss 2.0913  acc 0.2100  val_loss 2.0032  val_acc 0.2923
2026-04-09 11:54:44      epoch   8  loss 1.9776  acc 0.2613  val_loss 1.8053  val_acc 0.2960
2026-04-09 11:54:47      epoch   9  loss 1.7923  acc 0.2905  val_loss 1.6613  val_acc 0.3254
2026-04-09 11:54:49      epoch  10  loss 1.7580  acc 0.3015  val_loss 1.7177  val_acc 0.3327
2026-04-09 11:54:52      epoch  11  loss 1.7272  acc 0.3064  val_loss 1.6176  val_acc 0.3382
2026-04-09 11:54:55      epoch  12  loss 1.6684  acc 0.3270  val_loss 1.6035  val_acc 0.3364
2026-04-09 11:54:55      Early stopping at epoch 12
2026-04-09 11:54:55      User2 accuracy: 0.3621
2026-04-09 11:54:56    ─── LOSO fold: User3 (test=302, train=5442)
2026-04-09 11:54:58      epoch   1  loss 2.2948  acc 0.1584  val_loss 2.0201  val_acc 0.2059
2026-04-09 11:55:01      epoch   2  loss 1.9219  acc 0.2450  val_loss 1.8418  val_acc 0.2261
2026-04-09 11:55:03      epoch   3  loss 1.7785  acc 0.2950  val_loss 1.6525  val_acc 0.3088
2026-04-09 11:55:06      epoch   4  loss 1.7253  acc 0.3011  val_loss 1.5779  val_acc 0.3603
2026-04-09 11:55:08      epoch   5  loss 2.0946  acc 0.2526  val_loss 3.5875  val_acc 0.0790
2026-04-09 11:55:11      epoch   6  loss 2.6707  acc 0.1078  val_loss 2.2496  val_acc 0.1562
2026-04-09 11:55:13      epoch   7  loss 2.1243  acc 0.1982  val_loss 1.9633  val_acc 0.2224
2026-04-09 11:55:16      epoch   8  loss 1.9414  acc 0.2234  val_loss 1.8321  val_acc 0.2353
2026-04-09 11:55:18      epoch   9  loss 1.8174  acc 0.2585  val_loss 1.7018  val_acc 0.3529
2026-04-09 11:55:20      epoch  10  loss 1.7221  acc 0.2924  val_loss 1.6545  val_acc 0.3860
2026-04-09 11:55:23      epoch  11  loss 1.6745  acc 0.3171  val_loss 1.5972  val_acc 0.4265
2026-04-09 11:55:25      epoch  12  loss 1.6620  acc 0.3361  val_loss 1.5691  val_acc 0.3805
2026-04-09 11:55:28      epoch  13  loss 1.6370  acc 0.3393  val_loss 1.5685  val_acc 0.3915
2026-04-09 11:55:30      epoch  14  loss 1.6453  acc 0.3422  val_loss 1.6189  val_acc 0.3695
2026-04-09 11:55:33      epoch  15  loss 1.7376  acc 0.3263  val_loss 1.5838  val_acc 0.3493
2026-04-09 11:55:36      epoch  16  loss 1.6161  acc 0.3471  val_loss 1.5103  val_acc 0.4173
2026-04-09 11:55:38      epoch  17  loss 1.5959  acc 0.3483  val_loss 1.5162  val_acc 0.4044
2026-04-09 11:55:41      epoch  18  loss 1.6665  acc 0.3128  val_loss 1.5625  val_acc 0.3088
2026-04-09 11:55:43      epoch  19  loss 1.6272  acc 0.3224  val_loss 1.5741  val_acc 0.3346
2026-04-09 11:55:46      epoch  20  loss 1.6736  acc 0.3097  val_loss 1.5561  val_acc 0.3768
2026-04-09 11:55:48      epoch  21  loss 1.6118  acc 0.3346  val_loss 1.5447  val_acc 0.3566
2026-04-09 11:55:51      epoch  22  loss 1.5940  acc 0.3408  val_loss 1.5113  val_acc 0.3787
2026-04-09 11:55:53      epoch  23  loss 1.5649  acc 0.3687  val_loss 1.4972  val_acc 0.4044
2026-04-09 11:55:56      epoch  24  loss 1.5562  acc 0.3702  val_loss 1.4901  val_acc 0.3971
2026-04-09 11:55:58      epoch  25  loss 1.5371  acc 0.3797  val_loss 1.4746  val_acc 0.4154
2026-04-09 11:56:01      epoch  26  loss 1.5388  acc 0.3685  val_loss 1.4662  val_acc 0.4044
2026-04-09 11:56:03      epoch  27  loss 1.5320  acc 0.3697  val_loss 1.4827  val_acc 0.3768
2026-04-09 11:56:06      epoch  28  loss 1.5895  acc 0.3481  val_loss 1.4970  val_acc 0.3952
2026-04-09 11:56:08      epoch  29  loss 1.5634  acc 0.3589  val_loss 1.4803  val_acc 0.4062
2026-04-09 11:56:10      epoch  30  loss 1.5450  acc 0.3667  val_loss 1.4770  val_acc 0.4007
2026-04-09 11:56:13      epoch  31  loss 1.5367  acc 0.3650  val_loss 1.4737  val_acc 0.4062
2026-04-09 11:56:16      epoch  32  loss 1.5312  acc 0.3716  val_loss 1.4634  val_acc 0.3860
2026-04-09 11:56:18      epoch  33  loss 1.5252  acc 0.3695  val_loss 1.4405  val_acc 0.4375
2026-04-09 11:56:21      epoch  34  loss 1.5178  acc 0.3714  val_loss 1.4563  val_acc 0.3915
2026-04-09 11:56:23      epoch  35  loss 1.5136  acc 0.3808  val_loss 1.4453  val_acc 0.4026
2026-04-09 11:56:26      epoch  36  loss 1.5362  acc 0.3810  val_loss 1.4592  val_acc 0.4062
2026-04-09 11:56:28      epoch  37  loss 1.5108  acc 0.3685  val_loss 1.4431  val_acc 0.4320
2026-04-09 11:56:31      epoch  38  loss 1.5095  acc 0.3832  val_loss 1.4516  val_acc 0.4228
2026-04-09 11:56:33      epoch  39  loss 1.4991  acc 0.3947  val_loss 1.4358  val_acc 0.4118
2026-04-09 11:56:36      epoch  40  loss 1.5033  acc 0.3818  val_loss 1.4406  val_acc 0.4099
2026-04-09 11:56:38      epoch  41  loss 1.4890  acc 0.3955  val_loss 1.4294  val_acc 0.4118
2026-04-09 11:56:41      epoch  42  loss 1.4879  acc 0.3951  val_loss 1.4298  val_acc 0.4173
2026-04-09 11:56:44      epoch  43  loss 1.4881  acc 0.3893  val_loss 1.4243  val_acc 0.4099
2026-04-09 11:56:46      epoch  44  loss 1.4824  acc 0.4028  val_loss 1.4527  val_acc 0.4026
2026-04-09 11:56:49      epoch  45  loss 1.5135  acc 0.3877  val_loss 1.4521  val_acc 0.4173
2026-04-09 11:56:51      epoch  46  loss 1.4969  acc 0.3993  val_loss 1.4301  val_acc 0.4283
2026-04-09 11:56:54      epoch  47  loss 1.4902  acc 0.3961  val_loss 1.4219  val_acc 0.4154
2026-04-09 11:56:56      epoch  48  loss 1.4814  acc 0.3926  val_loss 1.4205  val_acc 0.4154
2026-04-09 11:56:59      epoch  49  loss 1.4840  acc 0.3989  val_loss 1.4153  val_acc 0.4210
2026-04-09 11:57:01      epoch  50  loss 1.4827  acc 0.3922  val_loss 1.4162  val_acc 0.4173
2026-04-09 11:57:04      epoch  51  loss 1.4781  acc 0.3973  val_loss 1.4102  val_acc 0.4191
2026-04-09 11:57:06      epoch  52  loss 1.4753  acc 0.3955  val_loss 1.4050  val_acc 0.4320
2026-04-09 11:57:09      epoch  53  loss 1.4696  acc 0.4002  val_loss 1.4134  val_acc 0.4430
2026-04-09 11:57:11      epoch  54  loss 1.4747  acc 0.3947  val_loss 1.4176  val_acc 0.4504
2026-04-09 11:57:14      epoch  55  loss 1.4748  acc 0.3957  val_loss 1.4142  val_acc 0.4522
2026-04-09 11:57:16      epoch  56  loss 1.4724  acc 0.4040  val_loss 1.4110  val_acc 0.4449
2026-04-09 11:57:19      epoch  57  loss 1.4694  acc 0.4024  val_loss 1.4188  val_acc 0.4283
2026-04-09 11:57:22      epoch  58  loss 1.4667  acc 0.4083  val_loss 1.4067  val_acc 0.4228
2026-04-09 11:57:24      epoch  59  loss 1.4662  acc 0.4106  val_loss 1.4161  val_acc 0.4301
2026-04-09 11:57:26      epoch  60  loss 1.4732  acc 0.4036  val_loss 1.4187  val_acc 0.4191
2026-04-09 11:57:26      Early stopping at epoch 60
2026-04-09 11:57:26      User3 accuracy: 0.4305
2026-04-09 11:57:27    ─── LOSO fold: User4 (test=318, train=5426)
2026-04-09 11:57:30      epoch   1  loss 2.2685  acc 0.1730  val_loss 2.0195  val_acc 0.2269
2026-04-09 11:57:32      epoch   2  loss 1.9171  acc 0.2477  val_loss 1.7643  val_acc 0.2675
2026-04-09 11:57:35      epoch   3  loss 1.9371  acc 0.2437  val_loss 1.8338  val_acc 0.2417
2026-04-09 11:57:37      epoch   4  loss 1.7910  acc 0.2781  val_loss 1.6676  val_acc 0.3506
2026-04-09 11:57:40      epoch   5  loss 1.6792  acc 0.3127  val_loss 1.6955  val_acc 0.3266
2026-04-09 11:57:42      epoch   6  loss 1.7296  acc 0.2932  val_loss 1.6117  val_acc 0.3358
2026-04-09 11:57:45      epoch   7  loss 1.6343  acc 0.3360  val_loss 1.5249  val_acc 0.3690
2026-04-09 11:57:48      epoch   8  loss 1.6950  acc 0.3034  val_loss 1.5604  val_acc 0.3506
2026-04-09 11:57:50      epoch   9  loss 1.5944  acc 0.3505  val_loss 1.5010  val_acc 0.3967
2026-04-09 11:57:53      epoch  10  loss 1.6041  acc 0.3468  val_loss 1.5146  val_acc 0.4059
2026-04-09 11:57:55      epoch  11  loss 1.7003  acc 0.3116  val_loss 1.5746  val_acc 0.3506
2026-04-09 11:57:58      epoch  12  loss 1.6031  acc 0.3442  val_loss 1.5033  val_acc 0.4077
2026-04-09 11:58:00      epoch  13  loss 1.5345  acc 0.3814  val_loss 1.4270  val_acc 0.4336
2026-04-09 11:58:03      epoch  14  loss 1.5702  acc 0.3659  val_loss 1.7028  val_acc 0.3192
2026-04-09 11:58:05      epoch  15  loss 1.5966  acc 0.3573  val_loss 1.4643  val_acc 0.3930
2026-04-09 11:58:08      epoch  16  loss 1.5192  acc 0.3792  val_loss 1.4925  val_acc 0.3985
2026-04-09 11:58:10      epoch  17  loss 1.6215  acc 0.3511  val_loss 1.5410  val_acc 0.4188
2026-04-09 11:58:13      epoch  18  loss 1.5517  acc 0.3710  val_loss 1.4219  val_acc 0.4760
2026-04-09 11:58:16      epoch  19  loss 1.4878  acc 0.4048  val_loss 1.4108  val_acc 0.4336
2026-04-09 11:58:18      epoch  20  loss 1.4605  acc 0.4124  val_loss 1.3716  val_acc 0.4207
2026-04-09 11:58:21      epoch  21  loss 1.4564  acc 0.4140  val_loss 1.4038  val_acc 0.4391
2026-04-09 11:58:23      epoch  22  loss 1.4668  acc 0.4042  val_loss 1.3829  val_acc 0.4317
2026-04-09 11:58:26      epoch  23  loss 1.4835  acc 0.4052  val_loss 1.3716  val_acc 0.4391
2026-04-09 11:58:28      epoch  24  loss 1.4608  acc 0.4234  val_loss 1.9059  val_acc 0.3118
2026-04-09 11:58:31      epoch  25  loss 1.7171  acc 0.3145  val_loss 1.5448  val_acc 0.4096
2026-04-09 11:58:33      epoch  26  loss 1.5592  acc 0.3640  val_loss 1.4739  val_acc 0.4317
2026-04-09 11:58:35      epoch  27  loss 1.5077  acc 0.3888  val_loss 1.4604  val_acc 0.4317
2026-04-09 11:58:38      epoch  28  loss 1.5024  acc 0.3950  val_loss 1.4171  val_acc 0.4483
2026-04-09 11:58:38      Early stopping at epoch 28
2026-04-09 11:58:38      User4 accuracy: 0.4874
2026-04-09 11:58:39    ─── LOSO fold: User5 (test=313, train=5431)
2026-04-09 11:58:42      epoch   1  loss 2.2674  acc 0.1755  val_loss 1.9349  val_acc 0.2652
2026-04-09 11:58:44      epoch   2  loss 1.9205  acc 0.2582  val_loss 1.7460  val_acc 0.2983
2026-04-09 11:58:47      epoch   3  loss 1.7567  acc 0.2921  val_loss 1.5585  val_acc 0.3831
2026-04-09 11:58:50      epoch   4  loss 1.7037  acc 0.2954  val_loss 1.6838  val_acc 0.2928
2026-04-09 11:58:53      epoch   5  loss 1.6731  acc 0.3059  val_loss 1.5739  val_acc 0.3260
2026-04-09 11:58:55      epoch   6  loss 1.6165  acc 0.3200  val_loss 1.5489  val_acc 0.3591
2026-04-09 11:58:58      epoch   7  loss 1.6046  acc 0.3327  val_loss 1.5952  val_acc 0.3481
2026-04-09 11:59:01      epoch   8  loss 1.6401  acc 0.3134  val_loss 1.5458  val_acc 0.3278
2026-04-09 11:59:04      epoch   9  loss 1.6474  acc 0.3300  val_loss 1.5321  val_acc 0.3628
2026-04-09 11:59:06      epoch  10  loss 1.6035  acc 0.3441  val_loss 1.5054  val_acc 0.3610
2026-04-09 11:59:09      epoch  11  loss 1.6124  acc 0.3386  val_loss 1.5489  val_acc 0.3536
2026-04-09 11:59:11      epoch  12  loss 1.5559  acc 0.3484  val_loss 1.4985  val_acc 0.3517
2026-04-09 11:59:14      epoch  13  loss 1.6425  acc 0.3302  val_loss 1.4478  val_acc 0.4070
2026-04-09 11:59:16      epoch  14  loss 1.5549  acc 0.3531  val_loss 1.4342  val_acc 0.4070
2026-04-09 11:59:19      epoch  15  loss 1.5235  acc 0.3691  val_loss 1.4511  val_acc 0.4125
2026-04-09 11:59:21      epoch  16  loss 1.5144  acc 0.3533  val_loss 1.4281  val_acc 0.4217
2026-04-09 11:59:24      epoch  17  loss 1.6363  acc 0.3175  val_loss 1.4773  val_acc 0.3738
2026-04-09 11:59:26      epoch  18  loss 1.5073  acc 0.3652  val_loss 1.4035  val_acc 0.4144
2026-04-09 11:59:29      epoch  19  loss 1.4954  acc 0.3701  val_loss 1.3997  val_acc 0.4180
2026-04-09 11:59:31      epoch  20  loss 1.5115  acc 0.3537  val_loss 1.4331  val_acc 0.3646
2026-04-09 11:59:34      epoch  21  loss 1.4837  acc 0.3797  val_loss 1.4052  val_acc 0.3628
2026-04-09 11:59:36      epoch  22  loss 1.4697  acc 0.3783  val_loss 1.3728  val_acc 0.3923
2026-04-09 11:59:39      epoch  23  loss 1.4581  acc 0.3865  val_loss 1.3765  val_acc 0.4199
2026-04-09 11:59:42      epoch  24  loss 1.4349  acc 0.4026  val_loss 1.3340  val_acc 0.4254
2026-04-09 11:59:44      epoch  25  loss 1.4273  acc 0.3967  val_loss 1.3481  val_acc 0.4346
2026-04-09 11:59:46      epoch  26  loss 1.4961  acc 0.3813  val_loss 1.3274  val_acc 0.4475
2026-04-09 11:59:49      epoch  27  loss 1.4410  acc 0.4014  val_loss 1.3294  val_acc 0.4586
2026-04-09 11:59:52      epoch  28  loss 1.4128  acc 0.4071  val_loss 1.3342  val_acc 0.4236
2026-04-09 11:59:54      epoch  29  loss 1.5736  acc 0.3689  val_loss 1.4358  val_acc 0.3646
2026-04-09 11:59:56      epoch  30  loss 1.4803  acc 0.3901  val_loss 1.3774  val_acc 0.3794
2026-04-09 11:59:59      epoch  31  loss 1.4522  acc 0.3955  val_loss 1.3516  val_acc 0.4180
2026-04-09 12:00:01      epoch  32  loss 1.4228  acc 0.4122  val_loss 1.3265  val_acc 0.4475
2026-04-09 12:00:04      epoch  33  loss 1.4358  acc 0.4094  val_loss 1.3369  val_acc 0.4420
2026-04-09 12:00:06      epoch  34  loss 1.4047  acc 0.4280  val_loss 1.3290  val_acc 0.4236
2026-04-09 12:00:09      epoch  35  loss 1.3983  acc 0.4315  val_loss 1.3163  val_acc 0.4236
2026-04-09 12:00:11      epoch  36  loss 1.3736  acc 0.4403  val_loss 1.3069  val_acc 0.4291
2026-04-09 12:00:14      epoch  37  loss 1.3700  acc 0.4554  val_loss 1.2879  val_acc 0.4254
2026-04-09 12:00:16      epoch  38  loss 1.3577  acc 0.4433  val_loss 1.2910  val_acc 0.4420
2026-04-09 12:00:19      epoch  39  loss 1.3469  acc 0.4581  val_loss 1.2773  val_acc 0.4457
2026-04-09 12:00:21      epoch  40  loss 1.3462  acc 0.4593  val_loss 1.2720  val_acc 0.4365
2026-04-09 12:00:24      epoch  41  loss 1.3652  acc 0.4429  val_loss 1.2940  val_acc 0.4328
2026-04-09 12:00:26      epoch  42  loss 1.3633  acc 0.4517  val_loss 1.2868  val_acc 0.4530
2026-04-09 12:00:29      epoch  43  loss 1.3434  acc 0.4493  val_loss 1.2782  val_acc 0.4530
2026-04-09 12:00:31      epoch  44  loss 1.3607  acc 0.4501  val_loss 1.2758  val_acc 0.4604
2026-04-09 12:00:34      epoch  45  loss 1.3383  acc 0.4577  val_loss 1.2721  val_acc 0.4586
2026-04-09 12:00:36      epoch  46  loss 1.3332  acc 0.4601  val_loss 1.2653  val_acc 0.4641
2026-04-09 12:00:38      epoch  47  loss 1.3237  acc 0.4677  val_loss 1.2633  val_acc 0.4659
2026-04-09 12:00:41      epoch  48  loss 1.3186  acc 0.4611  val_loss 1.2650  val_acc 0.4770
2026-04-09 12:00:44      epoch  49  loss 1.3176  acc 0.4667  val_loss 1.2536  val_acc 0.4770
2026-04-09 12:00:46      epoch  50  loss 1.3077  acc 0.4746  val_loss 1.2633  val_acc 0.4715
2026-04-09 12:00:48      epoch  51  loss 1.3228  acc 0.4597  val_loss 1.2451  val_acc 0.4843
2026-04-09 12:00:51      epoch  52  loss 1.3109  acc 0.4703  val_loss 1.2398  val_acc 0.4807
2026-04-09 12:00:53      epoch  53  loss 1.3062  acc 0.4705  val_loss 1.2577  val_acc 0.4678
2026-04-09 12:00:56      epoch  54  loss 1.3157  acc 0.4662  val_loss 1.2352  val_acc 0.4880
2026-04-09 12:00:58      epoch  55  loss 1.3031  acc 0.4644  val_loss 1.2581  val_acc 0.4751
2026-04-09 12:01:01      epoch  56  loss 1.3011  acc 0.4712  val_loss 1.2427  val_acc 0.4807
2026-04-09 12:01:04      epoch  57  loss 1.2987  acc 0.4675  val_loss 1.2511  val_acc 0.4825
2026-04-09 12:01:06      epoch  58  loss 1.3016  acc 0.4789  val_loss 1.2187  val_acc 0.5046
2026-04-09 12:01:09      epoch  59  loss 1.2949  acc 0.4785  val_loss 1.2387  val_acc 0.4954
2026-04-09 12:01:11      epoch  60  loss 1.2892  acc 0.4773  val_loss 1.2240  val_acc 0.4770
2026-04-09 12:01:13      epoch  61  loss 1.3022  acc 0.4660  val_loss 1.2264  val_acc 0.4862
2026-04-09 12:01:16      epoch  62  loss 1.2833  acc 0.4742  val_loss 1.2324  val_acc 0.4733
2026-04-09 12:01:18      epoch  63  loss 1.2779  acc 0.4748  val_loss 1.2208  val_acc 0.4954
2026-04-09 12:01:21      epoch  64  loss 1.2702  acc 0.4810  val_loss 1.2089  val_acc 0.5028
2026-04-09 12:01:24      epoch  65  loss 1.2707  acc 0.4812  val_loss 1.2072  val_acc 0.5046
2026-04-09 12:01:26      epoch  66  loss 1.2624  acc 0.4869  val_loss 1.2120  val_acc 0.4991
2026-04-09 12:01:29      epoch  67  loss 1.2597  acc 0.4781  val_loss 1.1984  val_acc 0.4991
2026-04-09 12:01:31      epoch  68  loss 1.2567  acc 0.4908  val_loss 1.2156  val_acc 0.4917
2026-04-09 12:01:33      epoch  69  loss 1.2639  acc 0.4781  val_loss 1.2073  val_acc 0.4843
2026-04-09 12:01:36      epoch  70  loss 1.2622  acc 0.4789  val_loss 1.1855  val_acc 0.5120
2026-04-09 12:01:38      epoch  71  loss 1.2722  acc 0.4783  val_loss 1.2035  val_acc 0.4899
2026-04-09 12:01:41      epoch  72  loss 1.2617  acc 0.4761  val_loss 1.2044  val_acc 0.4917
2026-04-09 12:01:44      epoch  73  loss 1.3080  acc 0.4656  val_loss 1.2214  val_acc 0.4917
2026-04-09 12:01:46      epoch  74  loss 1.3569  acc 0.4417  val_loss 1.2735  val_acc 0.4641
2026-04-09 12:01:48      epoch  75  loss 1.2788  acc 0.4677  val_loss 1.2249  val_acc 0.4880
2026-04-09 12:01:51      epoch  76  loss 1.2604  acc 0.4818  val_loss 1.2123  val_acc 0.5046
2026-04-09 12:01:54      epoch  77  loss 1.2611  acc 0.4824  val_loss 1.2223  val_acc 0.4880
2026-04-09 12:01:56      epoch  78  loss 1.2530  acc 0.4904  val_loss 1.2053  val_acc 0.5046
2026-04-09 12:01:56      Early stopping at epoch 78
2026-04-09 12:01:56      User5 accuracy: 0.5176
2026-04-09 12:01:58    ─── LOSO fold: User6 (test=304, train=5440)
2026-04-09 12:02:00      epoch   1  loss 2.2597  acc 0.1567  val_loss 2.0216  val_acc 0.2040
2026-04-09 12:02:02      epoch   2  loss 2.0327  acc 0.2094  val_loss 1.8967  val_acc 0.2665
2026-04-09 12:02:05      epoch   3  loss 1.8748  acc 0.2580  val_loss 1.7158  val_acc 0.3125
2026-04-09 12:02:07      epoch   4  loss 1.7406  acc 0.2947  val_loss 1.6673  val_acc 0.2996
2026-04-09 12:02:10      epoch   5  loss 1.7243  acc 0.3007  val_loss 1.6340  val_acc 0.3401
2026-04-09 12:02:12      epoch   6  loss 1.7052  acc 0.2962  val_loss 1.7483  val_acc 0.2923
2026-04-09 12:02:15      epoch   7  loss 1.6340  acc 0.3127  val_loss 1.5336  val_acc 0.3695
2026-04-09 12:02:18      epoch   8  loss 1.5494  acc 0.3593  val_loss 1.5223  val_acc 0.3750
2026-04-09 12:02:20      epoch   9  loss 1.6247  acc 0.3288  val_loss 1.5467  val_acc 0.3511
2026-04-09 12:02:23      epoch  10  loss 1.5704  acc 0.3388  val_loss 1.4791  val_acc 0.4338
2026-04-09 12:02:25      epoch  11  loss 1.5194  acc 0.3666  val_loss 1.4506  val_acc 0.4210
2026-04-09 12:02:28      epoch  12  loss 1.5282  acc 0.3736  val_loss 1.5863  val_acc 0.3695
2026-04-09 12:02:30      epoch  13  loss 1.6156  acc 0.3468  val_loss 2.1782  val_acc 0.2040
2026-04-09 12:02:32      epoch  14  loss 1.7485  acc 0.3105  val_loss 1.5573  val_acc 0.3897
2026-04-09 12:02:35      epoch  15  loss 1.5649  acc 0.3576  val_loss 1.5069  val_acc 0.4062
2026-04-09 12:02:37      epoch  16  loss 1.5148  acc 0.3799  val_loss 1.4985  val_acc 0.3915
2026-04-09 12:02:40      epoch  17  loss 1.5046  acc 0.3752  val_loss 1.4688  val_acc 0.4136
2026-04-09 12:02:42      epoch  18  loss 1.4764  acc 0.3889  val_loss 1.4460  val_acc 0.4173
2026-04-09 12:02:45      epoch  19  loss 1.4560  acc 0.4013  val_loss 1.4340  val_acc 0.4338
2026-04-09 12:02:47      epoch  20  loss 1.4542  acc 0.4075  val_loss 1.5183  val_acc 0.3915
2026-04-09 12:02:50      epoch  21  loss 1.5055  acc 0.3881  val_loss 1.4638  val_acc 0.4007
2026-04-09 12:02:53      epoch  22  loss 1.4725  acc 0.3936  val_loss 1.4216  val_acc 0.4210
2026-04-09 12:02:55      epoch  23  loss 1.4417  acc 0.4191  val_loss 1.3992  val_acc 0.4265
2026-04-09 12:02:58      epoch  24  loss 1.4442  acc 0.4130  val_loss 1.3971  val_acc 0.4430
2026-04-09 12:03:00      epoch  25  loss 1.4338  acc 0.4138  val_loss 1.3872  val_acc 0.4228
2026-04-09 12:03:03      epoch  26  loss 1.4253  acc 0.4254  val_loss 1.3687  val_acc 0.4596
2026-04-09 12:03:05      epoch  27  loss 1.4006  acc 0.4291  val_loss 1.3484  val_acc 0.4467
2026-04-09 12:03:08      epoch  28  loss 1.4008  acc 0.4271  val_loss 1.3590  val_acc 0.4357
2026-04-09 12:03:10      epoch  29  loss 1.4000  acc 0.4287  val_loss 1.3515  val_acc 0.4596
2026-04-09 12:03:13      epoch  30  loss 1.4064  acc 0.4326  val_loss 1.3503  val_acc 0.4669
2026-04-09 12:03:15      epoch  31  loss 1.3858  acc 0.4359  val_loss 1.3528  val_acc 0.4577
2026-04-09 12:03:18      epoch  32  loss 1.3807  acc 0.4428  val_loss 1.3455  val_acc 0.4743
2026-04-09 12:03:20      epoch  33  loss 1.3744  acc 0.4373  val_loss 1.3343  val_acc 0.4743
2026-04-09 12:03:23      epoch  34  loss 1.3699  acc 0.4436  val_loss 1.3367  val_acc 0.4688
2026-04-09 12:03:25      epoch  35  loss 1.3822  acc 0.4348  val_loss 1.3494  val_acc 0.4596
2026-04-09 12:03:28      epoch  36  loss 1.4271  acc 0.4210  val_loss 1.4106  val_acc 0.4338
2026-04-09 12:03:30      epoch  37  loss 1.3940  acc 0.4340  val_loss 1.3395  val_acc 0.4706
2026-04-09 12:03:33      epoch  38  loss 1.3580  acc 0.4498  val_loss 1.3159  val_acc 0.4614
2026-04-09 12:03:35      epoch  39  loss 1.3595  acc 0.4471  val_loss 1.3258  val_acc 0.4614
2026-04-09 12:03:38      epoch  40  loss 1.3660  acc 0.4483  val_loss 1.3609  val_acc 0.4467
2026-04-09 12:03:40      epoch  41  loss 1.3778  acc 0.4487  val_loss 1.3429  val_acc 0.4522
2026-04-09 12:03:43      epoch  42  loss 1.3646  acc 0.4357  val_loss 1.3129  val_acc 0.4743
2026-04-09 12:03:46      epoch  43  loss 1.3505  acc 0.4496  val_loss 1.2976  val_acc 0.4816
2026-04-09 12:03:49      epoch  44  loss 1.3580  acc 0.4467  val_loss 1.3378  val_acc 0.4393
2026-04-09 12:03:51      epoch  45  loss 1.3465  acc 0.4414  val_loss 1.2838  val_acc 0.4651
2026-04-09 12:03:54      epoch  46  loss 1.3209  acc 0.4561  val_loss 1.3123  val_acc 0.4908
2026-04-09 12:03:56      epoch  47  loss 1.3233  acc 0.4610  val_loss 1.2963  val_acc 0.4522
2026-04-09 12:03:59      epoch  48  loss 1.3305  acc 0.4592  val_loss 1.3201  val_acc 0.4890
2026-04-09 12:04:01      epoch  49  loss 1.3236  acc 0.4493  val_loss 1.2920  val_acc 0.4816
2026-04-09 12:04:03      epoch  50  loss 1.3210  acc 0.4587  val_loss 1.3232  val_acc 0.4651
2026-04-09 12:04:06      epoch  51  loss 1.3255  acc 0.4561  val_loss 1.2887  val_acc 0.4724
2026-04-09 12:04:08      epoch  52  loss 1.2852  acc 0.4677  val_loss 1.3054  val_acc 0.4816
2026-04-09 12:04:11      epoch  53  loss 1.3169  acc 0.4679  val_loss 1.3079  val_acc 0.4540
2026-04-09 12:04:11      Early stopping at epoch 53
2026-04-09 12:04:11      User6 accuracy: 0.4243
2026-04-09 12:04:11    ─── LOSO fold: User7 (test=669, train=5075)
2026-04-09 12:04:14      epoch   1  loss 2.3203  acc 0.1386  val_loss 2.0942  val_acc 0.1815
2026-04-09 12:04:16      epoch   2  loss 1.9131  acc 0.2581  val_loss 1.7962  val_acc 0.2919
2026-04-09 12:04:19      epoch   3  loss 1.7132  acc 0.2988  val_loss 1.7140  val_acc 0.3077
2026-04-09 12:04:21      epoch   4  loss 1.7127  acc 0.2964  val_loss 1.6494  val_acc 0.3274
2026-04-09 12:04:23      epoch   5  loss 1.6709  acc 0.3089  val_loss 1.5507  val_acc 0.3669
2026-04-09 12:04:26      epoch   6  loss 1.7014  acc 0.3104  val_loss 1.6103  val_acc 0.3511
2026-04-09 12:04:28      epoch   7  loss 1.6313  acc 0.3277  val_loss 1.5126  val_acc 0.3748
2026-04-09 12:04:31      epoch   8  loss 1.5816  acc 0.3319  val_loss 1.4942  val_acc 0.3649
2026-04-09 12:04:33      epoch   9  loss 1.7015  acc 0.3155  val_loss 1.5724  val_acc 0.3550
2026-04-09 12:04:35      epoch  10  loss 1.6390  acc 0.3087  val_loss 1.5084  val_acc 0.3866
2026-04-09 12:04:37      epoch  11  loss 1.5804  acc 0.3251  val_loss 1.4889  val_acc 0.3511
2026-04-09 12:04:40      epoch  12  loss 1.6576  acc 0.3205  val_loss 1.5029  val_acc 0.3787
2026-04-09 12:04:42      epoch  13  loss 1.6292  acc 0.3260  val_loss 1.5103  val_acc 0.3669
2026-04-09 12:04:45      epoch  14  loss 1.5397  acc 0.3511  val_loss 1.4868  val_acc 0.3728
2026-04-09 12:04:47      epoch  15  loss 1.5166  acc 0.3724  val_loss 1.4651  val_acc 0.3905
2026-04-09 12:04:49      epoch  16  loss 1.5049  acc 0.3687  val_loss 1.4390  val_acc 0.3925
2026-04-09 12:04:51      epoch  17  loss 1.5481  acc 0.3634  val_loss 1.4462  val_acc 0.3905
2026-04-09 12:04:54      epoch  18  loss 1.5086  acc 0.3776  val_loss 1.6673  val_acc 0.3373
2026-04-09 12:04:56      epoch  19  loss 1.5577  acc 0.3483  val_loss 1.4975  val_acc 0.3531
2026-04-09 12:04:58      epoch  20  loss 1.5020  acc 0.3641  val_loss 1.4386  val_acc 0.4162
2026-04-09 12:05:01      epoch  21  loss 1.4649  acc 0.3835  val_loss 1.3892  val_acc 0.4181
2026-04-09 12:05:03      epoch  22  loss 1.4645  acc 0.3888  val_loss 1.4469  val_acc 0.4024
2026-04-09 12:05:05      epoch  23  loss 1.5061  acc 0.3754  val_loss 1.4909  val_acc 0.4241
2026-04-09 12:05:08      epoch  24  loss 1.4694  acc 0.3914  val_loss 1.4173  val_acc 0.4398
2026-04-09 12:05:10      epoch  25  loss 1.4371  acc 0.4072  val_loss 1.4082  val_acc 0.4221
2026-04-09 12:05:12      epoch  26  loss 1.4297  acc 0.4081  val_loss 1.3928  val_acc 0.4300
2026-04-09 12:05:15      epoch  27  loss 1.4380  acc 0.4129  val_loss 1.5244  val_acc 0.3964
2026-04-09 12:05:17      epoch  28  loss 1.7099  acc 0.3514  val_loss 1.5479  val_acc 0.3570
2026-04-09 12:05:19      epoch  29  loss 1.5290  acc 0.3737  val_loss 1.4874  val_acc 0.4142
2026-04-09 12:05:19      Early stopping at epoch 29
2026-04-09 12:05:20      User7 accuracy: 0.4365
2026-04-09 12:05:21    ─── LOSO fold: User8 (test=602, train=5142)
2026-04-09 12:05:23      epoch   1  loss 2.2746  acc 0.1750  val_loss 1.9711  val_acc 0.2335
2026-04-09 12:05:25      epoch   2  loss 1.9042  acc 0.2457  val_loss 1.7575  val_acc 0.2685
2026-04-09 12:05:28      epoch   3  loss 1.7962  acc 0.2649  val_loss 1.6090  val_acc 0.3113
2026-04-09 12:05:30      epoch   4  loss 1.7650  acc 0.2928  val_loss 1.7326  val_acc 0.2821
2026-04-09 12:05:33      epoch   5  loss 1.6851  acc 0.3131  val_loss 1.5747  val_acc 0.3735
2026-04-09 12:05:35      epoch   6  loss 1.6575  acc 0.3271  val_loss 1.5683  val_acc 0.3152
2026-04-09 12:05:37      epoch   7  loss 1.7275  acc 0.3155  val_loss 1.7148  val_acc 0.3327
2026-04-09 12:05:40      epoch   8  loss 1.7099  acc 0.2949  val_loss 1.5387  val_acc 0.3249
2026-04-09 12:05:42      epoch   9  loss 1.5990  acc 0.3325  val_loss 1.4932  val_acc 0.3774
2026-04-09 12:05:44      epoch  10  loss 1.5748  acc 0.3565  val_loss 1.4589  val_acc 0.3872
2026-04-09 12:05:47      epoch  11  loss 1.6282  acc 0.3354  val_loss 1.4808  val_acc 0.3969
2026-04-09 12:05:49      epoch  12  loss 1.5621  acc 0.3570  val_loss 1.5936  val_acc 0.3755
2026-04-09 12:05:51      epoch  13  loss 1.6357  acc 0.3295  val_loss 1.5059  val_acc 0.3268
2026-04-09 12:05:54      epoch  14  loss 1.5664  acc 0.3567  val_loss 1.4463  val_acc 0.3872
2026-04-09 12:05:56      epoch  15  loss 1.5408  acc 0.3829  val_loss 1.4574  val_acc 0.3969
2026-04-09 12:05:59      epoch  16  loss 1.5571  acc 0.3654  val_loss 1.4460  val_acc 0.3969
2026-04-09 12:06:01      epoch  17  loss 1.5365  acc 0.3717  val_loss 1.4342  val_acc 0.4455
2026-04-09 12:06:04      epoch  18  loss 1.5422  acc 0.3764  val_loss 1.3913  val_acc 0.4144
2026-04-09 12:06:06      epoch  19  loss 1.5420  acc 0.3738  val_loss 1.3744  val_acc 0.4261
2026-04-09 12:06:09      epoch  20  loss 1.4926  acc 0.4013  val_loss 1.3658  val_acc 0.4319
2026-04-09 12:06:11      epoch  21  loss 1.4690  acc 0.3911  val_loss 1.3689  val_acc 0.4183
2026-04-09 12:06:13      epoch  22  loss 1.5163  acc 0.3866  val_loss 1.5650  val_acc 0.3794
2026-04-09 12:06:16      epoch  23  loss 1.5707  acc 0.3619  val_loss 1.4042  val_acc 0.4514
2026-04-09 12:06:18      epoch  24  loss 1.4693  acc 0.4036  val_loss 1.4209  val_acc 0.3988
2026-04-09 12:06:20      epoch  25  loss 1.4595  acc 0.4121  val_loss 1.4219  val_acc 0.4066
2026-04-09 12:06:22      epoch  26  loss 1.4621  acc 0.4075  val_loss 1.3508  val_acc 0.4202
2026-04-09 12:06:25      epoch  27  loss 1.4254  acc 0.4246  val_loss 1.3505  val_acc 0.4475
2026-04-09 12:06:27      epoch  28  loss 1.4224  acc 0.4220  val_loss 1.3331  val_acc 0.4202
2026-04-09 12:06:29      epoch  29  loss 1.4219  acc 0.4324  val_loss 1.3493  val_acc 0.4222
2026-04-09 12:06:32      epoch  30  loss 1.4113  acc 0.4341  val_loss 1.3196  val_acc 0.4339
2026-04-09 12:06:34      epoch  31  loss 1.3992  acc 0.4339  val_loss 1.3025  val_acc 0.4163
2026-04-09 12:06:37      epoch  32  loss 1.3826  acc 0.4360  val_loss 1.3221  val_acc 0.4533
2026-04-09 12:06:39      epoch  33  loss 1.3931  acc 0.4464  val_loss 1.3102  val_acc 0.4397
2026-04-09 12:06:42      epoch  34  loss 1.3765  acc 0.4360  val_loss 1.2931  val_acc 0.4747
2026-04-09 12:06:44      epoch  35  loss 1.3670  acc 0.4490  val_loss 1.2871  val_acc 0.4475
2026-04-09 12:06:47      epoch  36  loss 1.3677  acc 0.4505  val_loss 1.2931  val_acc 0.4455
2026-04-09 12:06:49      epoch  37  loss 1.4033  acc 0.4343  val_loss 1.4832  val_acc 0.3852
2026-04-09 12:06:51      epoch  38  loss 1.4961  acc 0.3917  val_loss 1.3979  val_acc 0.3872
2026-04-09 12:06:54      epoch  39  loss 1.4806  acc 0.4030  val_loss 1.3422  val_acc 0.4572
2026-04-09 12:06:56      epoch  40  loss 1.4359  acc 0.4201  val_loss 1.3174  val_acc 0.4241
2026-04-09 12:06:59      epoch  41  loss 1.3997  acc 0.4326  val_loss 1.2982  val_acc 0.4572
2026-04-09 12:07:01      epoch  42  loss 1.3928  acc 0.4363  val_loss 1.3062  val_acc 0.4436
2026-04-09 12:07:03      epoch  43  loss 1.3753  acc 0.4505  val_loss 1.2861  val_acc 0.4591
2026-04-09 12:07:06      epoch  44  loss 1.3671  acc 0.4492  val_loss 1.2853  val_acc 0.4300
2026-04-09 12:07:08      epoch  45  loss 1.3533  acc 0.4458  val_loss 1.2825  val_acc 0.4377
2026-04-09 12:07:11      epoch  46  loss 1.3488  acc 0.4579  val_loss 1.2792  val_acc 0.4591
2026-04-09 12:07:13      epoch  47  loss 1.3502  acc 0.4525  val_loss 1.3248  val_acc 0.4183
2026-04-09 12:07:15      epoch  48  loss 1.3975  acc 0.4313  val_loss 1.3101  val_acc 0.4397
2026-04-09 12:07:18      epoch  49  loss 1.3666  acc 0.4419  val_loss 1.2986  val_acc 0.4533
2026-04-09 12:07:20      epoch  50  loss 1.3668  acc 0.4497  val_loss 1.3148  val_acc 0.4202
2026-04-09 12:07:22      epoch  51  loss 1.3619  acc 0.4505  val_loss 1.2818  val_acc 0.4553
2026-04-09 12:07:25      epoch  52  loss 1.3468  acc 0.4587  val_loss 1.2813  val_acc 0.4553
2026-04-09 12:07:27      epoch  53  loss 1.3450  acc 0.4602  val_loss 1.2827  val_acc 0.4494
2026-04-09 12:07:30      epoch  54  loss 1.3362  acc 0.4494  val_loss 1.2756  val_acc 0.4436
2026-04-09 12:07:32      epoch  55  loss 1.3344  acc 0.4607  val_loss 1.2785  val_acc 0.4455
2026-04-09 12:07:35      epoch  56  loss 1.3251  acc 0.4626  val_loss 1.2776  val_acc 0.4494
2026-04-09 12:07:37      epoch  57  loss 1.3281  acc 0.4732  val_loss 1.2762  val_acc 0.4494
2026-04-09 12:07:39      epoch  58  loss 1.3252  acc 0.4710  val_loss 1.2788  val_acc 0.4533
2026-04-09 12:07:42      epoch  59  loss 1.3473  acc 0.4615  val_loss 1.2608  val_acc 0.4591
2026-04-09 12:07:44      epoch  60  loss 1.3186  acc 0.4780  val_loss 1.2636  val_acc 0.4436
2026-04-09 12:07:46      epoch  61  loss 1.3231  acc 0.4605  val_loss 1.2589  val_acc 0.4553
2026-04-09 12:07:49      epoch  62  loss 1.3555  acc 0.4557  val_loss 1.3170  val_acc 0.4163
2026-04-09 12:07:51      epoch  63  loss 1.3356  acc 0.4605  val_loss 1.2657  val_acc 0.4533
2026-04-09 12:07:54      epoch  64  loss 1.3235  acc 0.4618  val_loss 1.2804  val_acc 0.4533
2026-04-09 12:07:56      epoch  65  loss 1.3240  acc 0.4691  val_loss 1.2640  val_acc 0.4630
2026-04-09 12:07:59      epoch  66  loss 1.3206  acc 0.4710  val_loss 1.2648  val_acc 0.4553
2026-04-09 12:08:01      epoch  67  loss 1.3168  acc 0.4689  val_loss 1.2621  val_acc 0.4591
2026-04-09 12:08:04      epoch  68  loss 1.3125  acc 0.4730  val_loss 1.2626  val_acc 0.4650
2026-04-09 12:08:06      epoch  69  loss 1.3116  acc 0.4702  val_loss 1.2557  val_acc 0.4669
2026-04-09 12:08:09      epoch  70  loss 1.3173  acc 0.4700  val_loss 1.2484  val_acc 0.4630
2026-04-09 12:08:11      epoch  71  loss 1.3087  acc 0.4695  val_loss 1.2495  val_acc 0.4630
2026-04-09 12:08:13      epoch  72  loss 1.3143  acc 0.4728  val_loss 1.2509  val_acc 0.4650
2026-04-09 12:08:16      epoch  73  loss 1.3057  acc 0.4780  val_loss 1.2463  val_acc 0.4669
2026-04-09 12:08:18      epoch  74  loss 1.3075  acc 0.4780  val_loss 1.2482  val_acc 0.4553
2026-04-09 12:08:21      epoch  75  loss 1.3066  acc 0.4773  val_loss 1.2495  val_acc 0.4591
2026-04-09 12:08:23      epoch  76  loss 1.3060  acc 0.4747  val_loss 1.2523  val_acc 0.4514
2026-04-09 12:08:26      epoch  77  loss 1.3060  acc 0.4693  val_loss 1.2492  val_acc 0.4572
2026-04-09 12:08:28      epoch  78  loss 1.3048  acc 0.4734  val_loss 1.2451  val_acc 0.4591
2026-04-09 12:08:31      epoch  79  loss 1.2947  acc 0.4710  val_loss 1.2453  val_acc 0.4553
2026-04-09 12:08:33      epoch  80  loss 1.3008  acc 0.4803  val_loss 1.2467  val_acc 0.4475
2026-04-09 12:08:35      epoch  81  loss 1.3017  acc 0.4717  val_loss 1.2371  val_acc 0.4650
2026-04-09 12:08:38      epoch  82  loss 1.2983  acc 0.4767  val_loss 1.2368  val_acc 0.4708
2026-04-09 12:08:40      epoch  83  loss 1.2988  acc 0.4752  val_loss 1.2372  val_acc 0.4689
2026-04-09 12:08:42      epoch  84  loss 1.2924  acc 0.4790  val_loss 1.2356  val_acc 0.4689
2026-04-09 12:08:45      epoch  85  loss 1.2997  acc 0.4739  val_loss 1.2342  val_acc 0.4650
2026-04-09 12:08:47      epoch  86  loss 1.2915  acc 0.4743  val_loss 1.2315  val_acc 0.4805
2026-04-09 12:08:50      epoch  87  loss 1.2930  acc 0.4741  val_loss 1.2290  val_acc 0.4805
2026-04-09 12:08:52      epoch  88  loss 1.2959  acc 0.4715  val_loss 1.2310  val_acc 0.4747
2026-04-09 12:08:54      epoch  89  loss 1.3026  acc 0.4790  val_loss 1.2314  val_acc 0.4728
2026-04-09 12:08:57      epoch  90  loss 1.2914  acc 0.4847  val_loss 1.2327  val_acc 0.4708
2026-04-09 12:08:59      epoch  91  loss 1.2880  acc 0.4773  val_loss 1.2318  val_acc 0.4708
2026-04-09 12:09:02      epoch  92  loss 1.2859  acc 0.4795  val_loss 1.2347  val_acc 0.4689
2026-04-09 12:09:04      epoch  93  loss 1.2790  acc 0.4786  val_loss 1.2363  val_acc 0.4669
2026-04-09 12:09:07      epoch  94  loss 1.2847  acc 0.4840  val_loss 1.2370  val_acc 0.4669
2026-04-09 12:09:09      epoch  95  loss 1.2862  acc 0.4831  val_loss 1.2361  val_acc 0.4650
2026-04-09 12:09:09      Early stopping at epoch 95
2026-04-09 12:09:09      User8 accuracy: 0.4618
2026-04-09 12:09:10    ─── LOSO fold: User9 (test=666, train=5078)
2026-04-09 12:09:12      epoch   1  loss 2.3057  acc 0.1394  val_loss 2.0750  val_acc 0.2051
2026-04-09 12:09:15      epoch   2  loss 1.9131  acc 0.2586  val_loss 1.6700  val_acc 0.3353
2026-04-09 12:09:17      epoch   3  loss 1.7830  acc 0.2953  val_loss 1.6099  val_acc 0.3649
2026-04-09 12:09:19      epoch   4  loss 2.0562  acc 0.2242  val_loss 1.9322  val_acc 0.2249
2026-04-09 12:09:22      epoch   5  loss 1.9485  acc 0.2256  val_loss 1.7594  val_acc 0.3550
2026-04-09 12:09:24      epoch   6  loss 1.7832  acc 0.2848  val_loss 1.6283  val_acc 0.3452
2026-04-09 12:09:27      epoch   7  loss 1.6437  acc 0.3247  val_loss 1.5396  val_acc 0.3432
2026-04-09 12:09:29      epoch   8  loss 1.7049  acc 0.3021  val_loss 1.5959  val_acc 0.3452
2026-04-09 12:09:31      epoch   9  loss 1.7232  acc 0.2822  val_loss 1.6118  val_acc 0.3393
2026-04-09 12:09:34      epoch  10  loss 1.6632  acc 0.3122  val_loss 1.5799  val_acc 0.3609
2026-04-09 12:09:36      epoch  11  loss 1.6082  acc 0.3437  val_loss 1.5251  val_acc 0.3629
2026-04-09 12:09:38      epoch  12  loss 1.6171  acc 0.3286  val_loss 1.5035  val_acc 0.4241
2026-04-09 12:09:41      epoch  13  loss 1.5888  acc 0.3424  val_loss 1.4980  val_acc 0.3570
2026-04-09 12:09:43      epoch  14  loss 1.5332  acc 0.3621  val_loss 1.4735  val_acc 0.3886
2026-04-09 12:09:45      epoch  15  loss 1.5563  acc 0.3601  val_loss 1.4399  val_acc 0.3846
2026-04-09 12:09:48      epoch  16  loss 1.5251  acc 0.3629  val_loss 1.4303  val_acc 0.3945
2026-04-09 12:09:50      epoch  17  loss 1.5247  acc 0.3695  val_loss 1.4301  val_acc 0.3945
2026-04-09 12:09:52      epoch  18  loss 1.5078  acc 0.3737  val_loss 1.3987  val_acc 0.3984
2026-04-09 12:09:54      epoch  19  loss 1.4775  acc 0.3888  val_loss 1.3789  val_acc 0.4122
2026-04-09 12:09:57      epoch  20  loss 1.4868  acc 0.3833  val_loss 1.4631  val_acc 0.4122
2026-04-09 12:09:59      epoch  21  loss 1.5557  acc 0.3675  val_loss 1.4497  val_acc 0.3767
2026-04-09 12:10:02      epoch  22  loss 1.4929  acc 0.3866  val_loss 1.3800  val_acc 0.4339
2026-04-09 12:10:04      epoch  23  loss 1.4314  acc 0.4174  val_loss 1.3658  val_acc 0.4320
2026-04-09 12:10:06      epoch  24  loss 1.4669  acc 0.4049  val_loss 1.3671  val_acc 0.4398
2026-04-09 12:10:08      epoch  25  loss 1.4321  acc 0.4128  val_loss 1.3785  val_acc 0.4300
2026-04-09 12:10:11      epoch  26  loss 1.5082  acc 0.3695  val_loss 1.4252  val_acc 0.4162
2026-04-09 12:10:13      epoch  27  loss 1.5326  acc 0.3699  val_loss 1.3990  val_acc 0.4142
2026-04-09 12:10:16      epoch  28  loss 1.4542  acc 0.4032  val_loss 1.3529  val_acc 0.4280
2026-04-09 12:10:18      epoch  29  loss 1.4396  acc 0.4067  val_loss 1.4957  val_acc 0.3570
2026-04-09 12:10:20      epoch  30  loss 1.4458  acc 0.4041  val_loss 1.3328  val_acc 0.4398
2026-04-09 12:10:22      epoch  31  loss 1.4025  acc 0.4284  val_loss 1.3455  val_acc 0.4162
2026-04-09 12:10:25      epoch  32  loss 1.3829  acc 0.4310  val_loss 1.3202  val_acc 0.4398
2026-04-09 12:10:27      epoch  33  loss 1.4071  acc 0.4336  val_loss 1.3353  val_acc 0.4260
2026-04-09 12:10:29      epoch  34  loss 1.3905  acc 0.4402  val_loss 1.3103  val_acc 0.4497
2026-04-09 12:10:32      epoch  35  loss 1.3982  acc 0.4327  val_loss 1.3136  val_acc 0.4418
2026-04-09 12:10:34      epoch  36  loss 1.3898  acc 0.4266  val_loss 1.3157  val_acc 0.4221
2026-04-09 12:10:36      epoch  37  loss 1.4153  acc 0.4115  val_loss 1.3151  val_acc 0.4398
2026-04-09 12:10:39      epoch  38  loss 1.3849  acc 0.4384  val_loss 1.2911  val_acc 0.4517
2026-04-09 12:10:41      epoch  39  loss 1.3754  acc 0.4389  val_loss 1.3452  val_acc 0.4280
2026-04-09 12:10:44      epoch  40  loss 1.5228  acc 0.3772  val_loss 1.3959  val_acc 0.4024
2026-04-09 12:10:46      epoch  41  loss 1.5275  acc 0.3721  val_loss 1.3814  val_acc 0.3984
2026-04-09 12:10:49      epoch  42  loss 1.4463  acc 0.4023  val_loss 1.3707  val_acc 0.4162
2026-04-09 12:10:51      epoch  43  loss 1.4169  acc 0.4242  val_loss 1.3268  val_acc 0.4458
2026-04-09 12:10:53      epoch  44  loss 1.3902  acc 0.4264  val_loss 1.3356  val_acc 0.4260
2026-04-09 12:10:55      epoch  45  loss 1.3673  acc 0.4448  val_loss 1.3267  val_acc 0.4398
2026-04-09 12:10:58      epoch  46  loss 1.3756  acc 0.4375  val_loss 1.3047  val_acc 0.4477
2026-04-09 12:10:58      Early stopping at epoch 46
2026-04-09 12:10:58      User9 accuracy: 0.3994
2026-04-09 12:10:59    ─── LOSO fold: User10 (test=661, train=5083)
2026-04-09 12:11:01      epoch   1  loss 2.2843  acc 0.1526  val_loss 2.0307  val_acc 0.2185
2026-04-09 12:11:04      epoch   2  loss 1.9501  acc 0.2345  val_loss 1.8544  val_acc 0.2559
2026-04-09 12:11:06      epoch   3  loss 1.8032  acc 0.2713  val_loss 1.7267  val_acc 0.3327
2026-04-09 12:11:09      epoch   4  loss 1.7311  acc 0.2970  val_loss 1.6375  val_acc 0.3386
2026-04-09 12:11:11      epoch   5  loss 1.6830  acc 0.3099  val_loss 1.5761  val_acc 0.3642
2026-04-09 12:11:13      epoch   6  loss 1.6867  acc 0.3167  val_loss 1.7891  val_acc 0.3150
2026-04-09 12:11:16      epoch   7  loss 1.6886  acc 0.3217  val_loss 1.6979  val_acc 0.3130
2026-04-09 12:11:18      epoch   8  loss 1.6939  acc 0.3115  val_loss 1.5850  val_acc 0.3327
2026-04-09 12:11:21      epoch   9  loss 1.5783  acc 0.3528  val_loss 1.5093  val_acc 0.4035
2026-04-09 12:11:23      epoch  10  loss 1.5313  acc 0.3729  val_loss 1.4980  val_acc 0.3681
2026-04-09 12:11:26      epoch  11  loss 1.5401  acc 0.3628  val_loss 1.5507  val_acc 0.3445
2026-04-09 12:11:28      epoch  12  loss 1.5574  acc 0.3633  val_loss 1.4505  val_acc 0.4114
2026-04-09 12:11:31      epoch  13  loss 1.5062  acc 0.3816  val_loss 1.4514  val_acc 0.4114
2026-04-09 12:11:33      epoch  14  loss 1.5386  acc 0.3615  val_loss 1.4602  val_acc 0.4232
2026-04-09 12:11:35      epoch  15  loss 1.4902  acc 0.3906  val_loss 1.4559  val_acc 0.3976
2026-04-09 12:11:38      epoch  16  loss 1.5038  acc 0.3803  val_loss 1.4614  val_acc 0.3878
2026-04-09 12:11:40      epoch  17  loss 1.5126  acc 0.3864  val_loss 1.9616  val_acc 0.2736
2026-04-09 12:11:42      epoch  18  loss 1.6219  acc 0.3473  val_loss 1.4969  val_acc 0.3839
2026-04-09 12:11:45      epoch  19  loss 1.4943  acc 0.3722  val_loss 1.4526  val_acc 0.3839
2026-04-09 12:11:47      epoch  20  loss 1.4741  acc 0.4026  val_loss 1.4856  val_acc 0.3917
2026-04-09 12:11:47      Early stopping at epoch 20
2026-04-09 12:11:47      User10 accuracy: 0.3510
2026-04-09 12:11:48    ─── LOSO fold: User11 (test=700, train=5044)
2026-04-09 12:11:51      epoch   1  loss 2.3196  acc 0.1452  val_loss 2.0687  val_acc 0.2381
2026-04-09 12:11:53      epoch   2  loss 1.9255  acc 0.2623  val_loss 1.7954  val_acc 0.2460
2026-04-09 12:11:55      epoch   3  loss 1.7538  acc 0.2874  val_loss 1.6339  val_acc 0.3512
2026-04-09 12:11:58      epoch   4  loss 1.8527  acc 0.2654  val_loss 1.7556  val_acc 0.2917
2026-04-09 12:12:00      epoch   5  loss 1.7135  acc 0.2996  val_loss 1.6112  val_acc 0.3095
2026-04-09 12:12:02      epoch   6  loss 1.6488  acc 0.3126  val_loss 1.5932  val_acc 0.3373
2026-04-09 12:12:05      epoch   7  loss 1.6056  acc 0.3267  val_loss 1.5452  val_acc 0.3452
2026-04-09 12:12:07      epoch   8  loss 1.5780  acc 0.3410  val_loss 1.4726  val_acc 0.3512
2026-04-09 12:12:09      epoch   9  loss 1.5502  acc 0.3529  val_loss 1.5853  val_acc 0.3333
2026-04-09 12:12:12      epoch  10  loss 1.5730  acc 0.3487  val_loss 1.5222  val_acc 0.3571
2026-04-09 12:12:14      epoch  11  loss 1.5639  acc 0.3648  val_loss 1.4993  val_acc 0.3651
2026-04-09 12:12:16      epoch  12  loss 1.5871  acc 0.3456  val_loss 1.6032  val_acc 0.3294
2026-04-09 12:12:19      epoch  13  loss 1.5387  acc 0.3672  val_loss 1.4625  val_acc 0.4048
2026-04-09 12:12:21      epoch  14  loss 1.4970  acc 0.3718  val_loss 1.4406  val_acc 0.3948
2026-04-09 12:12:24      epoch  15  loss 1.4898  acc 0.3916  val_loss 1.4851  val_acc 0.3869
2026-04-09 12:12:26      epoch  16  loss 1.5188  acc 0.3795  val_loss 1.4941  val_acc 0.3651
2026-04-09 12:12:28      epoch  17  loss 1.5127  acc 0.3736  val_loss 1.4551  val_acc 0.3651
2026-04-09 12:12:31      epoch  18  loss 1.5527  acc 0.3707  val_loss 1.4840  val_acc 0.3671
2026-04-09 12:12:33      epoch  19  loss 1.6281  acc 0.3467  val_loss 1.4903  val_acc 0.3770
2026-04-09 12:12:35      epoch  20  loss 1.5213  acc 0.3665  val_loss 1.4651  val_acc 0.3849
2026-04-09 12:12:38      epoch  21  loss 1.4715  acc 0.3941  val_loss 1.4274  val_acc 0.4028
2026-04-09 12:12:40      epoch  22  loss 1.4555  acc 0.4081  val_loss 1.4619  val_acc 0.3750
2026-04-09 12:12:42      epoch  23  loss 1.5983  acc 0.3548  val_loss 1.7427  val_acc 0.2758
2026-04-09 12:12:45      epoch  24  loss 1.6385  acc 0.3322  val_loss 1.5374  val_acc 0.3968
2026-04-09 12:12:47      epoch  25  loss 1.5315  acc 0.3749  val_loss 1.4735  val_acc 0.3929
2026-04-09 12:12:49      epoch  26  loss 1.5131  acc 0.3930  val_loss 1.4291  val_acc 0.3968
2026-04-09 12:12:52      epoch  27  loss 1.4541  acc 0.4086  val_loss 1.4179  val_acc 0.4127
2026-04-09 12:12:54      epoch  28  loss 1.4370  acc 0.4121  val_loss 1.3923  val_acc 0.4306
2026-04-09 12:12:56      epoch  29  loss 1.4442  acc 0.4145  val_loss 1.4064  val_acc 0.4147
2026-04-09 12:12:59      epoch  30  loss 1.4389  acc 0.4141  val_loss 1.4147  val_acc 0.4107
2026-04-09 12:13:01      epoch  31  loss 1.4259  acc 0.4240  val_loss 1.3994  val_acc 0.4028
2026-04-09 12:13:03      epoch  32  loss 1.4168  acc 0.4253  val_loss 1.3933  val_acc 0.4067
2026-04-09 12:13:06      epoch  33  loss 1.4135  acc 0.4178  val_loss 1.3885  val_acc 0.3968
2026-04-09 12:13:08      epoch  34  loss 1.4070  acc 0.4302  val_loss 1.3929  val_acc 0.4127
2026-04-09 12:13:10      epoch  35  loss 1.4016  acc 0.4273  val_loss 1.3811  val_acc 0.4206
2026-04-09 12:13:13      epoch  36  loss 1.3996  acc 0.4236  val_loss 1.3737  val_acc 0.4087
2026-04-09 12:13:15      epoch  37  loss 1.4047  acc 0.4240  val_loss 1.3657  val_acc 0.4266
2026-04-09 12:13:18      epoch  38  loss 1.3996  acc 0.4302  val_loss 1.3572  val_acc 0.4226
2026-04-09 12:13:20      epoch  39  loss 1.3802  acc 0.4374  val_loss 1.3514  val_acc 0.4226
2026-04-09 12:13:23      epoch  40  loss 1.3903  acc 0.4326  val_loss 1.3567  val_acc 0.4365
2026-04-09 12:13:25      epoch  41  loss 1.3844  acc 0.4328  val_loss 1.3548  val_acc 0.4286
2026-04-09 12:13:27      epoch  42  loss 1.3877  acc 0.4372  val_loss 1.3535  val_acc 0.4226
2026-04-09 12:13:30      epoch  43  loss 1.3668  acc 0.4394  val_loss 1.3799  val_acc 0.4048
2026-04-09 12:13:32      epoch  44  loss 1.3669  acc 0.4478  val_loss 1.3470  val_acc 0.4226
2026-04-09 12:13:34      epoch  45  loss 1.3742  acc 0.4445  val_loss 1.3699  val_acc 0.4226
2026-04-09 12:13:37      epoch  46  loss 1.3681  acc 0.4507  val_loss 1.3530  val_acc 0.4246
2026-04-09 12:13:39      epoch  47  loss 1.3594  acc 0.4410  val_loss 1.3444  val_acc 0.4167
2026-04-09 12:13:41      epoch  48  loss 1.3659  acc 0.4463  val_loss 1.3579  val_acc 0.4246
2026-04-09 12:13:44      epoch  49  loss 1.4518  acc 0.4181  val_loss 1.3719  val_acc 0.4286
2026-04-09 12:13:46      epoch  50  loss 1.3762  acc 0.4388  val_loss 1.3883  val_acc 0.4325
2026-04-09 12:13:49      epoch  51  loss 1.3580  acc 0.4460  val_loss 1.3392  val_acc 0.4365
2026-04-09 12:13:51      epoch  52  loss 1.3536  acc 0.4522  val_loss 1.3359  val_acc 0.4306
2026-04-09 12:13:54      epoch  53  loss 1.3487  acc 0.4498  val_loss 1.3292  val_acc 0.4246
2026-04-09 12:13:56      epoch  54  loss 1.3379  acc 0.4526  val_loss 1.3173  val_acc 0.4365
2026-04-09 12:13:58      epoch  55  loss 1.3318  acc 0.4652  val_loss 1.3225  val_acc 0.4405
2026-04-09 12:14:00      epoch  56  loss 1.3187  acc 0.4634  val_loss 1.3387  val_acc 0.4286
2026-04-09 12:14:03      epoch  57  loss 1.3293  acc 0.4634  val_loss 1.3252  val_acc 0.4583
2026-04-09 12:14:05      epoch  58  loss 1.3307  acc 0.4531  val_loss 1.3148  val_acc 0.4524
2026-04-09 12:14:08      epoch  59  loss 1.3401  acc 0.4489  val_loss 1.3546  val_acc 0.4206
2026-04-09 12:14:10      epoch  60  loss 1.3376  acc 0.4648  val_loss 1.3201  val_acc 0.4266
2026-04-09 12:14:12      epoch  61  loss 1.3289  acc 0.4555  val_loss 1.3065  val_acc 0.4524
2026-04-09 12:14:15      epoch  62  loss 1.3052  acc 0.4758  val_loss 1.3253  val_acc 0.4425
2026-04-09 12:14:17      epoch  63  loss 1.3080  acc 0.4738  val_loss 1.3288  val_acc 0.4385
2026-04-09 12:14:19      epoch  64  loss 1.2946  acc 0.4795  val_loss 1.3126  val_acc 0.4583
2026-04-09 12:14:21      epoch  65  loss 1.3842  acc 0.4482  val_loss 1.3770  val_acc 0.4464
2026-04-09 12:14:24      epoch  66  loss 1.3608  acc 0.4581  val_loss 1.3531  val_acc 0.4306
2026-04-09 12:14:26      epoch  67  loss 1.3181  acc 0.4623  val_loss 1.3260  val_acc 0.4504
2026-04-09 12:14:29      epoch  68  loss 1.3100  acc 0.4756  val_loss 1.3113  val_acc 0.4524
2026-04-09 12:14:31      epoch  69  loss 1.3140  acc 0.4756  val_loss 1.3103  val_acc 0.4643
2026-04-09 12:14:31      Early stopping at epoch 69
2026-04-09 12:14:31      User11 accuracy: 0.3529
2026-04-09 12:14:32    ─── LOSO fold: User12 (test=580, train=5164)
2026-04-09 12:14:34      epoch   1  loss 2.3048  acc 0.1495  val_loss 2.0260  val_acc 0.1802
2026-04-09 12:14:37      epoch   2  loss 1.8796  acc 0.2623  val_loss 1.8695  val_acc 0.2655
2026-04-09 12:14:39      epoch   3  loss 2.0575  acc 0.2341  val_loss 1.8884  val_acc 0.2655
2026-04-09 12:14:42      epoch   4  loss 1.7610  acc 0.2956  val_loss 1.6838  val_acc 0.2868
2026-04-09 12:14:44      epoch   5  loss 1.7823  acc 0.2808  val_loss 1.8522  val_acc 0.2422
2026-04-09 12:14:46      epoch   6  loss 1.7168  acc 0.2984  val_loss 1.5765  val_acc 0.3682
2026-04-09 12:14:49      epoch   7  loss 1.5872  acc 0.3328  val_loss 1.5859  val_acc 0.3547
2026-04-09 12:14:51      epoch   8  loss 1.5581  acc 0.3599  val_loss 1.5056  val_acc 0.3721
2026-04-09 12:14:54      epoch   9  loss 1.5490  acc 0.3531  val_loss 1.6467  val_acc 0.3023
2026-04-09 12:14:56      epoch  10  loss 1.6084  acc 0.3350  val_loss 1.6053  val_acc 0.3314
2026-04-09 12:14:59      epoch  11  loss 1.5813  acc 0.3425  val_loss 1.5327  val_acc 0.3488
2026-04-09 12:15:01      epoch  12  loss 1.5369  acc 0.3539  val_loss 1.4714  val_acc 0.3915
2026-04-09 12:15:03      epoch  13  loss 1.5491  acc 0.3524  val_loss 1.5677  val_acc 0.3760
2026-04-09 12:15:06      epoch  14  loss 1.5598  acc 0.3511  val_loss 1.4697  val_acc 0.4031
2026-04-09 12:15:08      epoch  15  loss 1.5454  acc 0.3481  val_loss 1.4887  val_acc 0.3837
2026-04-09 12:15:11      epoch  16  loss 1.5664  acc 0.3559  val_loss 1.7032  val_acc 0.3275
2026-04-09 12:15:13      epoch  17  loss 1.5738  acc 0.3503  val_loss 1.4944  val_acc 0.3663
2026-04-09 12:15:16      epoch  18  loss 1.5093  acc 0.3625  val_loss 1.4819  val_acc 0.3702
2026-04-09 12:15:18      epoch  19  loss 1.4604  acc 0.3739  val_loss 1.4336  val_acc 0.4109
2026-04-09 12:15:21      epoch  20  loss 1.4547  acc 0.3774  val_loss 1.5071  val_acc 0.3740
2026-04-09 12:15:23      epoch  21  loss 1.4657  acc 0.3744  val_loss 1.5073  val_acc 0.3857
2026-04-09 12:15:25      epoch  22  loss 1.4807  acc 0.3763  val_loss 1.4235  val_acc 0.4128
2026-04-09 12:15:28      epoch  23  loss 1.5230  acc 0.3668  val_loss 1.5366  val_acc 0.3740
2026-04-09 12:15:30      epoch  24  loss 1.4776  acc 0.3670  val_loss 1.4373  val_acc 0.4167
2026-04-09 12:15:33      epoch  25  loss 1.4244  acc 0.3954  val_loss 1.4504  val_acc 0.4012
2026-04-09 12:15:35      epoch  26  loss 1.4460  acc 0.3877  val_loss 1.3943  val_acc 0.4283
2026-04-09 12:15:38      epoch  27  loss 1.4220  acc 0.4088  val_loss 1.3875  val_acc 0.4360
2026-04-09 12:15:40      epoch  28  loss 1.3711  acc 0.4221  val_loss 1.4009  val_acc 0.4380
2026-04-09 12:15:43      epoch  29  loss 1.3971  acc 0.4051  val_loss 1.4263  val_acc 0.4186
2026-04-09 12:15:45      epoch  30  loss 1.4420  acc 0.4038  val_loss 1.4571  val_acc 0.3992
2026-04-09 12:15:47      epoch  31  loss 1.4400  acc 0.3987  val_loss 1.3900  val_acc 0.4709
2026-04-09 12:15:50      epoch  32  loss 1.3749  acc 0.4314  val_loss 1.3584  val_acc 0.4341
2026-04-09 12:15:52      epoch  33  loss 1.3737  acc 0.4344  val_loss 1.3464  val_acc 0.4438
2026-04-09 12:15:55      epoch  34  loss 1.3680  acc 0.4215  val_loss 1.3610  val_acc 0.4380
2026-04-09 12:15:57      epoch  35  loss 1.4148  acc 0.4038  val_loss 1.3466  val_acc 0.4593
2026-04-09 12:15:59      epoch  36  loss 1.3638  acc 0.4256  val_loss 1.3368  val_acc 0.4632
2026-04-09 12:16:02      epoch  37  loss 1.3423  acc 0.4376  val_loss 1.3243  val_acc 0.4438
2026-04-09 12:16:04      epoch  38  loss 1.3302  acc 0.4469  val_loss 1.3588  val_acc 0.4612
2026-04-09 12:16:07      epoch  39  loss 1.3408  acc 0.4462  val_loss 1.3246  val_acc 0.4767
2026-04-09 12:16:09      epoch  40  loss 1.3223  acc 0.4469  val_loss 1.3154  val_acc 0.4516
2026-04-09 12:16:11      epoch  41  loss 1.3433  acc 0.4303  val_loss 1.3323  val_acc 0.4419
2026-04-09 12:16:14      epoch  42  loss 1.3190  acc 0.4391  val_loss 1.2959  val_acc 0.4574
2026-04-09 12:16:16      epoch  43  loss 1.3021  acc 0.4531  val_loss 1.3029  val_acc 0.4535
2026-04-09 12:16:19      epoch  44  loss 1.2966  acc 0.4484  val_loss 1.2812  val_acc 0.4709
2026-04-09 12:16:21      epoch  45  loss 1.3095  acc 0.4531  val_loss 1.3046  val_acc 0.4709
2026-04-09 12:16:24      epoch  46  loss 1.2870  acc 0.4587  val_loss 1.2787  val_acc 0.4767
2026-04-09 12:16:26      epoch  47  loss 1.2822  acc 0.4626  val_loss 1.3215  val_acc 0.4690
2026-04-09 12:16:29      epoch  48  loss 1.3138  acc 0.4572  val_loss 1.3534  val_acc 0.4457
2026-04-09 12:16:31      epoch  49  loss 1.3044  acc 0.4621  val_loss 1.3099  val_acc 0.4632
2026-04-09 12:16:33      epoch  50  loss 1.2923  acc 0.4604  val_loss 1.2618  val_acc 0.4826
2026-04-09 12:16:36      epoch  51  loss 1.2608  acc 0.4690  val_loss 1.2748  val_acc 0.4748
2026-04-09 12:16:38      epoch  52  loss 1.2959  acc 0.4692  val_loss 1.2782  val_acc 0.4845
2026-04-09 12:16:41      epoch  53  loss 1.2680  acc 0.4694  val_loss 1.2841  val_acc 0.4651
2026-04-09 12:16:43      epoch  54  loss 1.2879  acc 0.4542  val_loss 1.3264  val_acc 0.4632
2026-04-09 12:16:45      epoch  55  loss 1.2591  acc 0.4727  val_loss 1.2377  val_acc 0.4767
2026-04-09 12:16:48      epoch  56  loss 1.2599  acc 0.4729  val_loss 1.2514  val_acc 0.5000
2026-04-09 12:16:50      epoch  57  loss 1.2558  acc 0.4778  val_loss 1.2768  val_acc 0.4806
2026-04-09 12:16:53      epoch  58  loss 1.2734  acc 0.4611  val_loss 1.2865  val_acc 0.4864
2026-04-09 12:16:55      epoch  59  loss 1.2428  acc 0.4817  val_loss 1.2018  val_acc 0.5000
2026-04-09 12:16:58      epoch  60  loss 1.2341  acc 0.4860  val_loss 1.2457  val_acc 0.5174
2026-04-09 12:17:00      epoch  61  loss 1.2169  acc 0.5002  val_loss 1.2015  val_acc 0.5233
2026-04-09 12:17:03      epoch  62  loss 1.1987  acc 0.4966  val_loss 1.2556  val_acc 0.4942
2026-04-09 12:17:05      epoch  63  loss 1.2229  acc 0.4946  val_loss 1.2160  val_acc 0.4864
2026-04-09 12:17:08      epoch  64  loss 1.3333  acc 0.4552  val_loss 1.2449  val_acc 0.5097
2026-04-09 12:17:10      epoch  65  loss 1.2503  acc 0.4824  val_loss 1.2474  val_acc 0.4884
2026-04-09 12:17:12      epoch  66  loss 1.2504  acc 0.4860  val_loss 1.2329  val_acc 0.4942
2026-04-09 12:17:15      epoch  67  loss 1.2034  acc 0.5090  val_loss 1.2047  val_acc 0.5078
2026-04-09 12:17:17      epoch  68  loss 1.1911  acc 0.4963  val_loss 1.1896  val_acc 0.5116
2026-04-09 12:17:20      epoch  69  loss 1.1787  acc 0.5090  val_loss 1.2006  val_acc 0.4903
2026-04-09 12:17:22      epoch  70  loss 1.1819  acc 0.5131  val_loss 1.1815  val_acc 0.5310
2026-04-09 12:17:24      epoch  71  loss 1.1677  acc 0.5116  val_loss 1.2243  val_acc 0.4961
2026-04-09 12:17:27      epoch  72  loss 1.1785  acc 0.5060  val_loss 1.1921  val_acc 0.5252
2026-04-09 12:17:29      epoch  73  loss 1.1750  acc 0.5103  val_loss 1.1862  val_acc 0.5271
2026-04-09 12:17:32      epoch  74  loss 1.1670  acc 0.5088  val_loss 1.1794  val_acc 0.5252
2026-04-09 12:17:34      epoch  75  loss 1.1708  acc 0.5088  val_loss 1.1843  val_acc 0.5174
2026-04-09 12:17:37      epoch  76  loss 1.1511  acc 0.5198  val_loss 1.1838  val_acc 0.5097
2026-04-09 12:17:39      epoch  77  loss 1.1552  acc 0.5157  val_loss 1.1750  val_acc 0.4981
2026-04-09 12:17:42      epoch  78  loss 1.1449  acc 0.5118  val_loss 1.1876  val_acc 0.5174
2026-04-09 12:17:44      epoch  79  loss 1.1592  acc 0.5114  val_loss 1.1984  val_acc 0.5116
2026-04-09 12:17:47      epoch  80  loss 1.1533  acc 0.5151  val_loss 1.1635  val_acc 0.5329
2026-04-09 12:17:49      epoch  81  loss 1.1525  acc 0.5099  val_loss 1.2130  val_acc 0.4981
2026-04-09 12:17:51      epoch  82  loss 1.1634  acc 0.5116  val_loss 1.2114  val_acc 0.5078
2026-04-09 12:17:54      epoch  83  loss 1.1580  acc 0.5153  val_loss 1.1668  val_acc 0.5233
2026-04-09 12:17:56      epoch  84  loss 1.1441  acc 0.5189  val_loss 1.1607  val_acc 0.5233
2026-04-09 12:17:59      epoch  85  loss 1.1386  acc 0.5213  val_loss 1.1622  val_acc 0.5446
2026-04-09 12:18:01      epoch  86  loss 1.1379  acc 0.5271  val_loss 1.1933  val_acc 0.5426
2026-04-09 12:18:04      epoch  87  loss 1.1411  acc 0.5260  val_loss 1.1591  val_acc 0.5329
2026-04-09 12:18:06      epoch  88  loss 1.1269  acc 0.5295  val_loss 1.1614  val_acc 0.5291
2026-04-09 12:18:08      epoch  89  loss 1.1315  acc 0.5254  val_loss 1.1758  val_acc 0.5252
2026-04-09 12:18:11      epoch  90  loss 1.1332  acc 0.5174  val_loss 1.1564  val_acc 0.5271
2026-04-09 12:18:13      epoch  91  loss 1.1263  acc 0.5280  val_loss 1.1593  val_acc 0.5349
2026-04-09 12:18:16      epoch  92  loss 1.1206  acc 0.5318  val_loss 1.1601  val_acc 0.5446
2026-04-09 12:18:18      epoch  93  loss 1.1269  acc 0.5372  val_loss 1.1449  val_acc 0.5349
2026-04-09 12:18:20      epoch  94  loss 1.1090  acc 0.5321  val_loss 1.1599  val_acc 0.5136
2026-04-09 12:18:23      epoch  95  loss 1.1035  acc 0.5318  val_loss 1.1472  val_acc 0.5388
2026-04-09 12:18:25      epoch  96  loss 1.1132  acc 0.5387  val_loss 1.1575  val_acc 0.5194
2026-04-09 12:18:27      epoch  97  loss 1.1203  acc 0.5157  val_loss 1.1577  val_acc 0.5446
2026-04-09 12:18:30      epoch  98  loss 1.1179  acc 0.5213  val_loss 1.1540  val_acc 0.5368
2026-04-09 12:18:32      epoch  99  loss 1.1166  acc 0.5224  val_loss 1.1521  val_acc 0.5388
2026-04-09 12:18:35      epoch 100  loss 1.1013  acc 0.5370  val_loss 1.1482  val_acc 0.5388
2026-04-09 12:18:35      User12 accuracy: 0.3707
2026-04-09 12:18:35  
2026-04-09 12:18:35  Mean acc: 0.4049  Std: 0.0664
2026-04-09 12:18:35  
                            precision    recall  f1-score   support

         Sitting – Reading       0.21      0.11      0.15       549
         Sitting – Writing       0.24      0.20      0.22       607
         Computer – Typing       0.28      0.06      0.10       606
       Computer – Browsing       0.28      0.62      0.39       617
Sitting – Moving head/body       0.28      0.47      0.35       531
    Sitting – Moving chair       0.41      0.37      0.39       606
     Stand up from sitting       0.55      0.63      0.59       719
                  Standing       0.25      0.03      0.05       401
                   Walking       0.60      0.70      0.65       474
                   Running       0.80      0.89      0.84       464
             Taking stairs       0.21      0.09      0.12       170

                  accuracy                           0.40      5744
                 macro avg       0.37      0.38      0.35      5744
              weighted avg       0.38      0.40      0.36      5744

