2026-04-09 12:32:05  ========================================================================
2026-04-09 12:32:05  Modality: mag  |  sensors: ['Magnetometer']  |  3 ch  |  window=500  overlap=50%  step=250
2026-04-09 12:32:05  Device: cuda:3  |  Log: /home/mahmudm2/codebase/ClassyGlass/scripts/benchmark/logs/sensor_mag_W500_S250.log
2026-04-09 12:32:05  ========================================================================
2026-04-09 12:32:07  Loaded 975 windows | sensors=['Magnetometer'] (3 ch) | window=500  step=250 | skipped=0 experiments
2026-04-09 12:32:08    ─── LOSO fold: User1 (test=52, train=923)
2026-04-09 12:32:08      epoch   1  loss 2.3940  acc 0.0975  val_loss 2.3739  val_acc 0.1522
2026-04-09 12:32:09      epoch   2  loss 2.3766  acc 0.1179  val_loss 2.3439  val_acc 0.1522
2026-04-09 12:32:09      epoch   3  loss 2.3290  acc 0.1300  val_loss 2.2558  val_acc 0.1196
2026-04-09 12:32:10      epoch   4  loss 2.2041  acc 0.1877  val_loss 2.0918  val_acc 0.1196
2026-04-09 12:32:10      epoch   5  loss 2.0502  acc 0.1889  val_loss 1.9794  val_acc 0.1196
2026-04-09 12:32:11      epoch   6  loss 1.9780  acc 0.2094  val_loss 1.8993  val_acc 0.2283
2026-04-09 12:32:11      epoch   7  loss 1.9325  acc 0.2202  val_loss 1.8170  val_acc 0.2283
2026-04-09 12:32:12      epoch   8  loss 1.8715  acc 0.2407  val_loss 1.7931  val_acc 0.2935
2026-04-09 12:32:12      epoch   9  loss 1.8117  acc 0.2443  val_loss 1.7697  val_acc 0.2935
2026-04-09 12:32:13      epoch  10  loss 1.7735  acc 0.2623  val_loss 1.7428  val_acc 0.2283
2026-04-09 12:32:13      epoch  11  loss 1.7369  acc 0.2912  val_loss 1.8203  val_acc 0.1957
2026-04-09 12:32:14      epoch  12  loss 1.7685  acc 0.2503  val_loss 1.7245  val_acc 0.3043
2026-04-09 12:32:14      epoch  13  loss 1.7236  acc 0.2599  val_loss 1.7431  val_acc 0.3152
2026-04-09 12:32:15      epoch  14  loss 1.7081  acc 0.2852  val_loss 1.6850  val_acc 0.3478
2026-04-09 12:32:15      epoch  15  loss 1.6948  acc 0.2828  val_loss 1.7434  val_acc 0.2717
2026-04-09 12:32:16      epoch  16  loss 1.6984  acc 0.2828  val_loss 1.7445  val_acc 0.2283
2026-04-09 12:32:16      epoch  17  loss 1.6936  acc 0.2708  val_loss 1.7790  val_acc 0.2174
2026-04-09 12:32:17      epoch  18  loss 1.7518  acc 0.2684  val_loss 1.7623  val_acc 0.3478
2026-04-09 12:32:17      epoch  19  loss 1.7608  acc 0.2623  val_loss 1.8950  val_acc 0.2826
2026-04-09 12:32:17      epoch  20  loss 1.9959  acc 0.2347  val_loss 1.8600  val_acc 0.3152
2026-04-09 12:32:18      epoch  21  loss 1.9261  acc 0.2491  val_loss 1.7563  val_acc 0.3261
2026-04-09 12:32:18      epoch  22  loss 1.8409  acc 0.2539  val_loss 1.7141  val_acc 0.3043
2026-04-09 12:32:18      Early stopping at epoch 22
2026-04-09 12:32:18      User1 accuracy: 0.2308
2026-04-09 12:32:19    ─── LOSO fold: User2 (test=46, train=929)
2026-04-09 12:32:19      epoch   1  loss 2.3984  acc 0.1051  val_loss 2.3929  val_acc 0.0978
2026-04-09 12:32:19      epoch   2  loss 2.3787  acc 0.1458  val_loss 2.3652  val_acc 0.0870
2026-04-09 12:32:20      epoch   3  loss 2.3410  acc 0.1278  val_loss 2.2996  val_acc 0.1739
2026-04-09 12:32:20      epoch   4  loss 2.2698  acc 0.1099  val_loss 2.1506  val_acc 0.2174
2026-04-09 12:32:21      epoch   5  loss 2.1226  acc 0.1995  val_loss 2.0542  val_acc 0.1739
2026-04-09 12:32:21      epoch   6  loss 2.0163  acc 0.2067  val_loss 2.0143  val_acc 0.1413
2026-04-09 12:32:22      epoch   7  loss 2.0023  acc 0.2019  val_loss 1.9910  val_acc 0.2500
2026-04-09 12:32:22      epoch   8  loss 1.9777  acc 0.2162  val_loss 2.0229  val_acc 0.1848
2026-04-09 12:32:23      epoch   9  loss 1.9552  acc 0.1983  val_loss 1.9113  val_acc 0.2283
2026-04-09 12:32:23      epoch  10  loss 1.9311  acc 0.2067  val_loss 1.8730  val_acc 0.2500
2026-04-09 12:32:24      epoch  11  loss 1.8924  acc 0.2354  val_loss 1.8442  val_acc 0.2500
2026-04-09 12:32:24      epoch  12  loss 1.8716  acc 0.2545  val_loss 1.8394  val_acc 0.2717
2026-04-09 12:32:24      epoch  13  loss 1.8719  acc 0.2115  val_loss 1.8024  val_acc 0.2609
2026-04-09 12:32:25      epoch  14  loss 1.8346  acc 0.2545  val_loss 1.7932  val_acc 0.2283
2026-04-09 12:32:25      epoch  15  loss 1.8033  acc 0.2509  val_loss 1.7189  val_acc 0.3587
2026-04-09 12:32:26      epoch  16  loss 1.8188  acc 0.2700  val_loss 1.8622  val_acc 0.2935
2026-04-09 12:32:26      epoch  17  loss 1.8055  acc 0.2796  val_loss 1.8142  val_acc 0.2391
2026-04-09 12:32:27      epoch  18  loss 1.7826  acc 0.2413  val_loss 1.8962  val_acc 0.1848
2026-04-09 12:32:27      epoch  19  loss 1.8451  acc 0.2425  val_loss 1.8511  val_acc 0.2609
2026-04-09 12:32:28      epoch  20  loss 1.8733  acc 0.2210  val_loss 1.7627  val_acc 0.2935
2026-04-09 12:32:28      epoch  21  loss 1.7732  acc 0.2724  val_loss 1.6966  val_acc 0.3043
2026-04-09 12:32:29      epoch  22  loss 1.7487  acc 0.2593  val_loss 1.7011  val_acc 0.3043
2026-04-09 12:32:29      epoch  23  loss 1.7662  acc 0.2306  val_loss 1.7431  val_acc 0.2935
2026-04-09 12:32:29      epoch  24  loss 1.7479  acc 0.2581  val_loss 1.6856  val_acc 0.3261
2026-04-09 12:32:30      epoch  25  loss 1.7326  acc 0.2796  val_loss 1.7126  val_acc 0.2500
2026-04-09 12:32:30      epoch  26  loss 1.7120  acc 0.3094  val_loss 1.6654  val_acc 0.3152
2026-04-09 12:32:31      epoch  27  loss 1.6961  acc 0.2796  val_loss 1.6704  val_acc 0.3152
2026-04-09 12:32:31      epoch  28  loss 1.6919  acc 0.2843  val_loss 1.6245  val_acc 0.3478
2026-04-09 12:32:32      epoch  29  loss 1.7021  acc 0.3023  val_loss 1.6913  val_acc 0.2935
2026-04-09 12:32:32      epoch  30  loss 1.7575  acc 0.2760  val_loss 1.6522  val_acc 0.3043
2026-04-09 12:32:32      epoch  31  loss 1.7009  acc 0.2867  val_loss 1.6836  val_acc 0.2935
2026-04-09 12:32:33      epoch  32  loss 1.7134  acc 0.2796  val_loss 1.7790  val_acc 0.2283
2026-04-09 12:32:33      epoch  33  loss 1.7102  acc 0.2903  val_loss 1.7035  val_acc 0.3043
2026-04-09 12:32:34      epoch  34  loss 1.7057  acc 0.2843  val_loss 1.6905  val_acc 0.2826
2026-04-09 12:32:34      epoch  35  loss 1.6639  acc 0.3023  val_loss 1.6767  val_acc 0.3370
2026-04-09 12:32:35      epoch  36  loss 1.7136  acc 0.2855  val_loss 1.6281  val_acc 0.3587
2026-04-09 12:32:35      Early stopping at epoch 36
2026-04-09 12:32:35      User2 accuracy: 0.3696
2026-04-09 12:32:35    ─── LOSO fold: User3 (test=46, train=929)
2026-04-09 12:32:36      epoch   1  loss 2.3983  acc 0.0729  val_loss 2.3838  val_acc 0.1196
2026-04-09 12:32:36      epoch   2  loss 2.3784  acc 0.1350  val_loss 2.3613  val_acc 0.0870
2026-04-09 12:32:37      epoch   3  loss 2.3405  acc 0.1135  val_loss 2.2989  val_acc 0.0870
2026-04-09 12:32:37      epoch   4  loss 2.2587  acc 0.1386  val_loss 2.1522  val_acc 0.2391
2026-04-09 12:32:37      epoch   5  loss 2.1159  acc 0.2222  val_loss 2.0423  val_acc 0.2391
2026-04-09 12:32:38      epoch   6  loss 2.0307  acc 0.2019  val_loss 1.9648  val_acc 0.2065
2026-04-09 12:32:38      epoch   7  loss 1.9745  acc 0.2246  val_loss 1.8924  val_acc 0.2174
2026-04-09 12:32:39      epoch   8  loss 1.9061  acc 0.2366  val_loss 2.3083  val_acc 0.1304
2026-04-09 12:32:39      epoch   9  loss 1.9739  acc 0.2127  val_loss 1.8712  val_acc 0.2065
2026-04-09 12:32:40      epoch  10  loss 1.8818  acc 0.2282  val_loss 1.8236  val_acc 0.2065
2026-04-09 12:32:40      epoch  11  loss 1.8392  acc 0.2449  val_loss 1.7779  val_acc 0.3043
2026-04-09 12:32:41      epoch  12  loss 1.9361  acc 0.2067  val_loss 1.9837  val_acc 0.2174
2026-04-09 12:32:41      epoch  13  loss 1.9731  acc 0.1864  val_loss 1.9453  val_acc 0.2065
2026-04-09 12:32:41      epoch  14  loss 1.8911  acc 0.2198  val_loss 1.9034  val_acc 0.2283
2026-04-09 12:32:42      epoch  15  loss 1.9285  acc 0.2330  val_loss 1.8187  val_acc 0.2391
2026-04-09 12:32:42      epoch  16  loss 1.8289  acc 0.2437  val_loss 1.7962  val_acc 0.2500
2026-04-09 12:32:43      epoch  17  loss 1.8012  acc 0.2509  val_loss 1.7956  val_acc 0.2391
2026-04-09 12:32:43      epoch  18  loss 1.8138  acc 0.2330  val_loss 1.7785  val_acc 0.2391
2026-04-09 12:32:44      epoch  19  loss 1.8034  acc 0.2521  val_loss 1.7565  val_acc 0.2717
2026-04-09 12:32:44      epoch  20  loss 1.8066  acc 0.2389  val_loss 1.7637  val_acc 0.2609
2026-04-09 12:32:45      epoch  21  loss 1.8199  acc 0.2234  val_loss 1.7278  val_acc 0.3152
2026-04-09 12:32:45      epoch  22  loss 1.7628  acc 0.2389  val_loss 1.7577  val_acc 0.2826
2026-04-09 12:32:45      epoch  23  loss 1.7663  acc 0.2425  val_loss 1.7168  val_acc 0.2609
2026-04-09 12:32:46      epoch  24  loss 1.7626  acc 0.2533  val_loss 1.6826  val_acc 0.2935
2026-04-09 12:32:46      epoch  25  loss 1.7434  acc 0.2485  val_loss 1.6679  val_acc 0.3370
2026-04-09 12:32:47      epoch  26  loss 1.7005  acc 0.2963  val_loss 1.6821  val_acc 0.2935
2026-04-09 12:32:47      epoch  27  loss 1.6963  acc 0.2987  val_loss 1.6796  val_acc 0.2826
2026-04-09 12:32:48      epoch  28  loss 1.7309  acc 0.2736  val_loss 1.6606  val_acc 0.3043
2026-04-09 12:32:48      epoch  29  loss 1.6885  acc 0.2843  val_loss 1.6725  val_acc 0.2391
2026-04-09 12:32:49      epoch  30  loss 1.6828  acc 0.2903  val_loss 1.6371  val_acc 0.3587
2026-04-09 12:32:49      epoch  31  loss 1.6706  acc 0.3023  val_loss 1.6806  val_acc 0.2935
2026-04-09 12:32:50      epoch  32  loss 1.7058  acc 0.2820  val_loss 1.5823  val_acc 0.3804
2026-04-09 12:32:50      epoch  33  loss 1.6821  acc 0.3023  val_loss 1.7166  val_acc 0.3152
2026-04-09 12:32:50      epoch  34  loss 1.7018  acc 0.2832  val_loss 1.6232  val_acc 0.3913
2026-04-09 12:32:51      epoch  35  loss 1.7108  acc 0.2664  val_loss 1.6349  val_acc 0.3043
2026-04-09 12:32:51      epoch  36  loss 1.7307  acc 0.2354  val_loss 1.6168  val_acc 0.2935
2026-04-09 12:32:52      epoch  37  loss 1.7049  acc 0.2784  val_loss 1.6811  val_acc 0.2609
2026-04-09 12:32:52      epoch  38  loss 1.7094  acc 0.2903  val_loss 1.6805  val_acc 0.2717
2026-04-09 12:32:53      epoch  39  loss 1.7098  acc 0.3059  val_loss 1.6137  val_acc 0.3478
2026-04-09 12:32:53      epoch  40  loss 1.7052  acc 0.3059  val_loss 1.6440  val_acc 0.2935
2026-04-09 12:32:53      Early stopping at epoch 40
2026-04-09 12:32:53      User3 accuracy: 0.2391
2026-04-09 12:32:53    ─── LOSO fold: User4 (test=50, train=925)
2026-04-09 12:32:54      epoch   1  loss 2.3981  acc 0.0864  val_loss 2.3920  val_acc 0.1630
2026-04-09 12:32:54      epoch   2  loss 2.3833  acc 0.1140  val_loss 2.3724  val_acc 0.0978
2026-04-09 12:32:55      epoch   3  loss 2.3522  acc 0.1212  val_loss 2.3266  val_acc 0.1304
2026-04-09 12:32:55      epoch   4  loss 2.2698  acc 0.1357  val_loss 2.2382  val_acc 0.2283
2026-04-09 12:32:56      epoch   5  loss 2.1478  acc 0.1885  val_loss 2.1877  val_acc 0.1848
2026-04-09 12:32:56      epoch   6  loss 2.0164  acc 0.2137  val_loss 2.1072  val_acc 0.1630
2026-04-09 12:32:57      epoch   7  loss 1.9745  acc 0.2233  val_loss 2.0535  val_acc 0.2065
2026-04-09 12:32:57      epoch   8  loss 1.9430  acc 0.2041  val_loss 1.9330  val_acc 0.2283
2026-04-09 12:32:58      epoch   9  loss 1.8867  acc 0.2341  val_loss 1.9542  val_acc 0.1957
2026-04-09 12:32:58      epoch  10  loss 1.8602  acc 0.2365  val_loss 1.8024  val_acc 0.2935
2026-04-09 12:32:59      epoch  11  loss 1.8461  acc 0.2437  val_loss 1.8418  val_acc 0.3152
2026-04-09 12:32:59      epoch  12  loss 1.8436  acc 0.2077  val_loss 1.7654  val_acc 0.2935
2026-04-09 12:33:00      epoch  13  loss 1.7986  acc 0.2533  val_loss 1.7683  val_acc 0.3152
2026-04-09 12:33:00      epoch  14  loss 1.7823  acc 0.2557  val_loss 1.7913  val_acc 0.2826
2026-04-09 12:33:01      epoch  15  loss 1.7569  acc 0.2521  val_loss 1.7263  val_acc 0.2717
2026-04-09 12:33:01      epoch  16  loss 1.7474  acc 0.2653  val_loss 1.7011  val_acc 0.2826
2026-04-09 12:33:01      epoch  17  loss 1.7031  acc 0.2821  val_loss 1.6962  val_acc 0.3587
2026-04-09 12:33:02      epoch  18  loss 1.7058  acc 0.2653  val_loss 1.6492  val_acc 0.3587
2026-04-09 12:33:02      epoch  19  loss 1.6958  acc 0.2905  val_loss 1.6284  val_acc 0.3587
2026-04-09 12:33:03      epoch  20  loss 1.6752  acc 0.3061  val_loss 1.7237  val_acc 0.3043
2026-04-09 12:33:03      epoch  21  loss 1.7662  acc 0.2881  val_loss 1.8252  val_acc 0.3043
2026-04-09 12:33:04      epoch  22  loss 1.9430  acc 0.2293  val_loss 1.8937  val_acc 0.1630
2026-04-09 12:33:04      epoch  23  loss 1.8139  acc 0.2389  val_loss 1.8793  val_acc 0.2717
2026-04-09 12:33:05      epoch  24  loss 1.8139  acc 0.2233  val_loss 1.8425  val_acc 0.2717
2026-04-09 12:33:05      epoch  25  loss 1.8998  acc 0.2377  val_loss 1.8303  val_acc 0.2826
2026-04-09 12:33:05      epoch  26  loss 1.8302  acc 0.2461  val_loss 1.7183  val_acc 0.2826
2026-04-09 12:33:06      epoch  27  loss 1.7479  acc 0.2665  val_loss 1.6933  val_acc 0.2717
2026-04-09 12:33:06      Early stopping at epoch 27
2026-04-09 12:33:06      User4 accuracy: 0.2200
2026-04-09 12:33:06    ─── LOSO fold: User5 (test=49, train=926)
2026-04-09 12:33:07      epoch   1  loss 2.4081  acc 0.0600  val_loss 2.3950  val_acc 0.0761
2026-04-09 12:33:07      epoch   2  loss 2.3888  acc 0.1151  val_loss 2.3666  val_acc 0.1196
2026-04-09 12:33:08      epoch   3  loss 2.3381  acc 0.1307  val_loss 2.2921  val_acc 0.1304
2026-04-09 12:33:08      epoch   4  loss 2.2290  acc 0.1499  val_loss 2.0979  val_acc 0.1413
2026-04-09 12:33:09      epoch   5  loss 2.0852  acc 0.1859  val_loss 2.0375  val_acc 0.2391
2026-04-09 12:33:09      epoch   6  loss 2.0187  acc 0.2014  val_loss 1.9018  val_acc 0.2500
2026-04-09 12:33:09      epoch   7  loss 2.0022  acc 0.2122  val_loss 1.9737  val_acc 0.2174
2026-04-09 12:33:10      epoch   8  loss 1.9580  acc 0.2206  val_loss 1.8591  val_acc 0.1957
2026-04-09 12:33:10      epoch   9  loss 1.9207  acc 0.2134  val_loss 1.8903  val_acc 0.2174
2026-04-09 12:33:11      epoch  10  loss 1.9092  acc 0.2218  val_loss 1.8540  val_acc 0.2500
2026-04-09 12:33:11      epoch  11  loss 1.9107  acc 0.2086  val_loss 1.7722  val_acc 0.2609
2026-04-09 12:33:12      epoch  12  loss 1.8448  acc 0.2458  val_loss 1.7854  val_acc 0.3478
2026-04-09 12:33:12      epoch  13  loss 1.8484  acc 0.2554  val_loss 1.7929  val_acc 0.3152
2026-04-09 12:33:12      epoch  14  loss 1.8020  acc 0.2770  val_loss 1.7407  val_acc 0.2609
2026-04-09 12:33:13      epoch  15  loss 1.8662  acc 0.2482  val_loss 2.2196  val_acc 0.1196
2026-04-09 12:33:13      epoch  16  loss 1.9641  acc 0.2146  val_loss 1.9014  val_acc 0.2500
2026-04-09 12:33:14      epoch  17  loss 1.9097  acc 0.2134  val_loss 1.7414  val_acc 0.2609
2026-04-09 12:33:14      epoch  18  loss 1.8301  acc 0.2218  val_loss 1.8224  val_acc 0.1848
2026-04-09 12:33:15      epoch  19  loss 1.8403  acc 0.2422  val_loss 1.7683  val_acc 0.2826
2026-04-09 12:33:15      epoch  20  loss 1.8074  acc 0.2434  val_loss 1.7463  val_acc 0.2174
2026-04-09 12:33:15      epoch  21  loss 1.7850  acc 0.2434  val_loss 1.7590  val_acc 0.2283
2026-04-09 12:33:16      epoch  22  loss 1.7784  acc 0.2506  val_loss 1.7327  val_acc 0.2826
2026-04-09 12:33:16      epoch  23  loss 1.7585  acc 0.2602  val_loss 1.7243  val_acc 0.3261
2026-04-09 12:33:17      epoch  24  loss 1.7309  acc 0.2830  val_loss 1.7161  val_acc 0.3370
2026-04-09 12:33:17      epoch  25  loss 1.7249  acc 0.2770  val_loss 1.7303  val_acc 0.2717
2026-04-09 12:33:18      epoch  26  loss 1.7336  acc 0.2638  val_loss 1.6944  val_acc 0.3370
2026-04-09 12:33:18      epoch  27  loss 1.7226  acc 0.2494  val_loss 1.7057  val_acc 0.3043
2026-04-09 12:33:19      epoch  28  loss 1.7422  acc 0.2698  val_loss 1.7078  val_acc 0.2826
2026-04-09 12:33:19      epoch  29  loss 1.7198  acc 0.2614  val_loss 1.7072  val_acc 0.2717
2026-04-09 12:33:19      epoch  30  loss 1.7198  acc 0.2638  val_loss 1.7133  val_acc 0.2826
2026-04-09 12:33:20      epoch  31  loss 1.6791  acc 0.3058  val_loss 1.7130  val_acc 0.3043
2026-04-09 12:33:21      epoch  32  loss 1.6956  acc 0.3106  val_loss 1.7251  val_acc 0.3043
2026-04-09 12:33:21      epoch  33  loss 1.7012  acc 0.2866  val_loss 1.7147  val_acc 0.2935
2026-04-09 12:33:21      epoch  34  loss 1.6929  acc 0.2866  val_loss 1.7013  val_acc 0.2717
2026-04-09 12:33:21      Early stopping at epoch 34
2026-04-09 12:33:21      User5 accuracy: 0.2653
2026-04-09 12:33:22    ─── LOSO fold: User6 (test=46, train=929)
2026-04-09 12:33:22      epoch   1  loss 2.4010  acc 0.0812  val_loss 2.3906  val_acc 0.0870
2026-04-09 12:33:23      epoch   2  loss 2.3836  acc 0.1207  val_loss 2.3622  val_acc 0.1522
2026-04-09 12:33:23      epoch   3  loss 2.3434  acc 0.1183  val_loss 2.2970  val_acc 0.1522
2026-04-09 12:33:24      epoch   4  loss 2.2484  acc 0.1338  val_loss 2.1416  val_acc 0.1739
2026-04-09 12:33:24      epoch   5  loss 2.1005  acc 0.2007  val_loss 2.0571  val_acc 0.1413
2026-04-09 12:33:24      epoch   6  loss 1.9996  acc 0.2019  val_loss 2.0191  val_acc 0.1413
2026-04-09 12:33:25      epoch   7  loss 2.0000  acc 0.2151  val_loss 2.0003  val_acc 0.2391
2026-04-09 12:33:25      epoch   8  loss 1.9643  acc 0.2282  val_loss 1.9567  val_acc 0.2065
2026-04-09 12:33:26      epoch   9  loss 1.9153  acc 0.2294  val_loss 2.0148  val_acc 0.2283
2026-04-09 12:33:26      epoch  10  loss 1.9655  acc 0.2019  val_loss 1.9160  val_acc 0.2283
2026-04-09 12:33:27      epoch  11  loss 1.9374  acc 0.2342  val_loss 1.8451  val_acc 0.2826
2026-04-09 12:33:27      epoch  12  loss 1.8894  acc 0.2270  val_loss 1.9222  val_acc 0.2717
2026-04-09 12:33:28      epoch  13  loss 1.8830  acc 0.2497  val_loss 1.8490  val_acc 0.2174
2026-04-09 12:33:28      epoch  14  loss 1.8628  acc 0.2509  val_loss 1.8290  val_acc 0.2609
2026-04-09 12:33:29      epoch  15  loss 1.8550  acc 0.2389  val_loss 1.7550  val_acc 0.2717
2026-04-09 12:33:29      epoch  16  loss 1.8488  acc 0.2258  val_loss 1.7403  val_acc 0.3152
2026-04-09 12:33:30      epoch  17  loss 1.7985  acc 0.2664  val_loss 1.8157  val_acc 0.2609
2026-04-09 12:33:30      epoch  18  loss 1.8172  acc 0.2628  val_loss 1.7873  val_acc 0.3043
2026-04-09 12:33:30      epoch  19  loss 1.7930  acc 0.2616  val_loss 1.7740  val_acc 0.2717
2026-04-09 12:33:31      epoch  20  loss 1.7741  acc 0.2652  val_loss 1.7647  val_acc 0.2717
2026-04-09 12:33:31      epoch  21  loss 1.7880  acc 0.2306  val_loss 1.7424  val_acc 0.2500
2026-04-09 12:33:32      epoch  22  loss 1.7783  acc 0.2533  val_loss 1.7240  val_acc 0.3043
2026-04-09 12:33:32      epoch  23  loss 1.7724  acc 0.2616  val_loss 1.7497  val_acc 0.3478
2026-04-09 12:33:33      epoch  24  loss 1.7747  acc 0.2688  val_loss 1.7272  val_acc 0.3370
2026-04-09 12:33:33      epoch  25  loss 1.7822  acc 0.2545  val_loss 1.7343  val_acc 0.3370
2026-04-09 12:33:34      epoch  26  loss 1.7650  acc 0.2557  val_loss 1.7225  val_acc 0.2826
2026-04-09 12:33:34      epoch  27  loss 1.7319  acc 0.2832  val_loss 1.7106  val_acc 0.2935
2026-04-09 12:33:35      epoch  28  loss 1.7343  acc 0.2772  val_loss 1.6936  val_acc 0.2609
2026-04-09 12:33:35      epoch  29  loss 1.7151  acc 0.2999  val_loss 1.6670  val_acc 0.2826
2026-04-09 12:33:36      epoch  30  loss 1.7216  acc 0.2664  val_loss 1.6608  val_acc 0.3261
2026-04-09 12:33:36      epoch  31  loss 1.6953  acc 0.3070  val_loss 1.6586  val_acc 0.3587
2026-04-09 12:33:37      epoch  32  loss 1.6630  acc 0.3309  val_loss 1.6508  val_acc 0.3152
2026-04-09 12:33:37      epoch  33  loss 1.7416  acc 0.2640  val_loss 1.6443  val_acc 0.3370
2026-04-09 12:33:38      epoch  34  loss 1.6929  acc 0.3417  val_loss 1.6323  val_acc 0.3696
2026-04-09 12:33:38      epoch  35  loss 1.6787  acc 0.3190  val_loss 1.6436  val_acc 0.3261
2026-04-09 12:33:39      epoch  36  loss 1.6589  acc 0.3142  val_loss 1.5954  val_acc 0.3261
2026-04-09 12:33:39      epoch  37  loss 1.6686  acc 0.3082  val_loss 1.6240  val_acc 0.3370
2026-04-09 12:33:40      epoch  38  loss 1.6299  acc 0.3381  val_loss 1.6087  val_acc 0.3478
2026-04-09 12:33:40      epoch  39  loss 1.7902  acc 0.2688  val_loss 1.7167  val_acc 0.2717
2026-04-09 12:33:41      epoch  40  loss 1.7569  acc 0.2855  val_loss 1.7026  val_acc 0.2826
2026-04-09 12:33:41      epoch  41  loss 1.9028  acc 0.2485  val_loss 1.9639  val_acc 0.1848
2026-04-09 12:33:41      epoch  42  loss 1.9355  acc 0.2413  val_loss 1.8496  val_acc 0.2174
2026-04-09 12:33:42      epoch  43  loss 1.8240  acc 0.2581  val_loss 1.7702  val_acc 0.2717
2026-04-09 12:33:42      epoch  44  loss 1.7615  acc 0.2915  val_loss 1.7468  val_acc 0.2609
2026-04-09 12:33:42      Early stopping at epoch 44
2026-04-09 12:33:42      User6 accuracy: 0.1739
2026-04-09 12:33:43    ─── LOSO fold: User7 (test=120, train=855)
2026-04-09 12:33:43      epoch   1  loss 2.4086  acc 0.0325  val_loss 2.3954  val_acc 0.1765
2026-04-09 12:33:44      epoch   2  loss 2.3928  acc 0.0948  val_loss 2.3787  val_acc 0.1294
2026-04-09 12:33:44      epoch   3  loss 2.3748  acc 0.1429  val_loss 2.3334  val_acc 0.1882
2026-04-09 12:33:44      epoch   4  loss 2.3245  acc 0.2000  val_loss 2.2605  val_acc 0.1882
2026-04-09 12:33:45      epoch   5  loss 2.2633  acc 0.2117  val_loss 2.1419  val_acc 0.2000
2026-04-09 12:33:46      epoch   6  loss 2.1361  acc 0.2091  val_loss 2.0337  val_acc 0.2000
2026-04-09 12:33:46      epoch   7  loss 2.0747  acc 0.2078  val_loss 1.9823  val_acc 0.2235
2026-04-09 12:33:46      epoch   8  loss 2.0855  acc 0.2130  val_loss 2.1681  val_acc 0.1412
2026-04-09 12:33:47      epoch   9  loss 2.1365  acc 0.1870  val_loss 1.9503  val_acc 0.2000
2026-04-09 12:33:47      epoch  10  loss 2.0222  acc 0.2026  val_loss 1.9967  val_acc 0.2353
2026-04-09 12:33:48      epoch  11  loss 2.0340  acc 0.1857  val_loss 2.0725  val_acc 0.2118
2026-04-09 12:33:48      epoch  12  loss 2.0422  acc 0.2039  val_loss 2.0112  val_acc 0.1765
2026-04-09 12:33:49      epoch  13  loss 2.0149  acc 0.2338  val_loss 1.9636  val_acc 0.2471
2026-04-09 12:33:49      epoch  14  loss 1.9751  acc 0.2416  val_loss 1.9676  val_acc 0.2000
2026-04-09 12:33:49      epoch  15  loss 1.9941  acc 0.2299  val_loss 1.9615  val_acc 0.1882
2026-04-09 12:33:50      epoch  16  loss 2.0110  acc 0.2130  val_loss 1.9555  val_acc 0.2000
2026-04-09 12:33:50      epoch  17  loss 1.9830  acc 0.2351  val_loss 1.9375  val_acc 0.2000
2026-04-09 12:33:51      epoch  18  loss 1.9629  acc 0.2338  val_loss 1.9215  val_acc 0.2000
2026-04-09 12:33:51      epoch  19  loss 1.9533  acc 0.2286  val_loss 1.9011  val_acc 0.2000
2026-04-09 12:33:52      epoch  20  loss 1.9255  acc 0.2701  val_loss 1.8893  val_acc 0.2235
2026-04-09 12:33:52      epoch  21  loss 1.9235  acc 0.2325  val_loss 1.8625  val_acc 0.2706
2026-04-09 12:33:53      epoch  22  loss 1.9303  acc 0.2506  val_loss 1.8453  val_acc 0.2706
2026-04-09 12:33:53      epoch  23  loss 1.9051  acc 0.2416  val_loss 1.8407  val_acc 0.2706
2026-04-09 12:33:54      epoch  24  loss 1.9167  acc 0.2221  val_loss 1.8428  val_acc 0.2353
2026-04-09 12:33:54      epoch  25  loss 1.8879  acc 0.2364  val_loss 1.8142  val_acc 0.3059
2026-04-09 12:33:54      epoch  26  loss 1.8881  acc 0.2338  val_loss 1.7962  val_acc 0.3294
2026-04-09 12:33:55      epoch  27  loss 1.8868  acc 0.2208  val_loss 1.9174  val_acc 0.2353
2026-04-09 12:33:55      epoch  28  loss 2.1090  acc 0.1844  val_loss 2.2321  val_acc 0.2000
2026-04-09 12:33:56      epoch  29  loss 2.3125  acc 0.1325  val_loss 2.1845  val_acc 0.2118
2026-04-09 12:33:56      epoch  30  loss 2.1981  acc 0.1636  val_loss 1.9378  val_acc 0.2118
2026-04-09 12:33:57      epoch  31  loss 1.9767  acc 0.2117  val_loss 1.8014  val_acc 0.2824
2026-04-09 12:33:57      epoch  32  loss 1.8948  acc 0.2299  val_loss 1.7806  val_acc 0.2471
2026-04-09 12:33:57      epoch  33  loss 1.8944  acc 0.2403  val_loss 1.7768  val_acc 0.2824
2026-04-09 12:33:58      epoch  34  loss 1.8917  acc 0.2338  val_loss 1.7657  val_acc 0.2941
2026-04-09 12:33:58      epoch  35  loss 1.8892  acc 0.2247  val_loss 1.7605  val_acc 0.2941
2026-04-09 12:33:59      epoch  36  loss 1.8658  acc 0.2312  val_loss 1.7535  val_acc 0.3059
2026-04-09 12:33:59      epoch  37  loss 1.8746  acc 0.2481  val_loss 1.7441  val_acc 0.3176
2026-04-09 12:34:00      epoch  38  loss 1.8671  acc 0.2506  val_loss 1.7368  val_acc 0.3412
2026-04-09 12:34:00      epoch  39  loss 1.8647  acc 0.2532  val_loss 1.7338  val_acc 0.3176
2026-04-09 12:34:00      epoch  40  loss 1.8745  acc 0.2558  val_loss 1.7395  val_acc 0.3765
2026-04-09 12:34:01      epoch  41  loss 1.8434  acc 0.2649  val_loss 1.7383  val_acc 0.3529
2026-04-09 12:34:01      epoch  42  loss 1.8406  acc 0.2494  val_loss 1.7363  val_acc 0.3412
2026-04-09 12:34:02      epoch  43  loss 1.8416  acc 0.2494  val_loss 1.7330  val_acc 0.3529
2026-04-09 12:34:02      epoch  44  loss 1.8378  acc 0.2753  val_loss 1.7320  val_acc 0.3882
2026-04-09 12:34:03      epoch  45  loss 1.8318  acc 0.2481  val_loss 1.7292  val_acc 0.3647
2026-04-09 12:34:03      epoch  46  loss 1.8398  acc 0.2584  val_loss 1.7215  val_acc 0.3294
2026-04-09 12:34:03      epoch  47  loss 1.8239  acc 0.2494  val_loss 1.7153  val_acc 0.3176
2026-04-09 12:34:04      epoch  48  loss 1.8278  acc 0.2649  val_loss 1.7124  val_acc 0.2824
2026-04-09 12:34:04      epoch  49  loss 1.8474  acc 0.2390  val_loss 1.7310  val_acc 0.2941
2026-04-09 12:34:05      epoch  50  loss 1.8372  acc 0.2688  val_loss 1.7151  val_acc 0.3529
2026-04-09 12:34:05      epoch  51  loss 1.8192  acc 0.2506  val_loss 1.6980  val_acc 0.3176
2026-04-09 12:34:06      epoch  52  loss 1.8412  acc 0.2766  val_loss 1.6914  val_acc 0.3529
2026-04-09 12:34:06      epoch  53  loss 1.8228  acc 0.2701  val_loss 1.6809  val_acc 0.3529
2026-04-09 12:34:06      epoch  54  loss 1.8218  acc 0.2571  val_loss 1.6884  val_acc 0.3412
2026-04-09 12:34:07      epoch  55  loss 1.8060  acc 0.2597  val_loss 1.6858  val_acc 0.3529
2026-04-09 12:34:07      epoch  56  loss 1.8054  acc 0.2753  val_loss 1.6858  val_acc 0.3882
2026-04-09 12:34:08      epoch  57  loss 1.8057  acc 0.2844  val_loss 1.6983  val_acc 0.3059
2026-04-09 12:34:08      epoch  58  loss 1.8166  acc 0.2455  val_loss 1.7209  val_acc 0.3059
2026-04-09 12:34:09      epoch  59  loss 1.8542  acc 0.2571  val_loss 1.7115  val_acc 0.3412
2026-04-09 12:34:09      epoch  60  loss 1.8294  acc 0.2468  val_loss 1.7113  val_acc 0.3294
2026-04-09 12:34:09      epoch  61  loss 1.8006  acc 0.2753  val_loss 1.6997  val_acc 0.3176
2026-04-09 12:34:09      Early stopping at epoch 61
2026-04-09 12:34:10      User7 accuracy: 0.2417
2026-04-09 12:34:10    ─── LOSO fold: User8 (test=105, train=870)
2026-04-09 12:34:10      epoch   1  loss 2.4000  acc 0.1022  val_loss 2.3871  val_acc 0.0690
2026-04-09 12:34:11      epoch   2  loss 2.3828  acc 0.1277  val_loss 2.3592  val_acc 0.1149
2026-04-09 12:34:12      epoch   3  loss 2.3348  acc 0.1737  val_loss 2.3081  val_acc 0.1034
2026-04-09 12:34:12      epoch   4  loss 2.2768  acc 0.1328  val_loss 2.1782  val_acc 0.1724
2026-04-09 12:34:13      epoch   5  loss 2.1510  acc 0.2273  val_loss 2.0565  val_acc 0.2069
2026-04-09 12:34:13      epoch   6  loss 2.0699  acc 0.2043  val_loss 2.0253  val_acc 0.1494
2026-04-09 12:34:14      epoch   7  loss 2.0004  acc 0.2069  val_loss 1.9663  val_acc 0.2069
2026-04-09 12:34:14      epoch   8  loss 1.9882  acc 0.1967  val_loss 1.9342  val_acc 0.2299
2026-04-09 12:34:14      epoch   9  loss 1.9348  acc 0.2209  val_loss 1.8982  val_acc 0.1724
2026-04-09 12:34:15      epoch  10  loss 1.9174  acc 0.2184  val_loss 1.8587  val_acc 0.2184
2026-04-09 12:34:15      epoch  11  loss 1.8687  acc 0.2363  val_loss 1.8699  val_acc 0.2414
2026-04-09 12:34:16      epoch  12  loss 1.8921  acc 0.2082  val_loss 1.8326  val_acc 0.2184
2026-04-09 12:34:16      epoch  13  loss 1.9824  acc 0.2005  val_loss 1.7817  val_acc 0.3218
2026-04-09 12:34:17      epoch  14  loss 1.8546  acc 0.2580  val_loss 1.9160  val_acc 0.2759
2026-04-09 12:34:17      epoch  15  loss 1.8900  acc 0.2363  val_loss 1.8304  val_acc 0.1954
2026-04-09 12:34:18      epoch  16  loss 1.9020  acc 0.2158  val_loss 1.8446  val_acc 0.2644
2026-04-09 12:34:18      epoch  17  loss 1.8864  acc 0.2018  val_loss 1.8050  val_acc 0.2414
2026-04-09 12:34:19      epoch  18  loss 1.8436  acc 0.2273  val_loss 1.7477  val_acc 0.3678
2026-04-09 12:34:19      epoch  19  loss 1.8192  acc 0.2209  val_loss 1.7562  val_acc 0.2989
2026-04-09 12:34:19      epoch  20  loss 1.8220  acc 0.2401  val_loss 1.8189  val_acc 0.2644
2026-04-09 12:34:20      epoch  21  loss 1.8667  acc 0.2375  val_loss 1.8229  val_acc 0.2184
2026-04-09 12:34:20      epoch  22  loss 1.8236  acc 0.2222  val_loss 1.7687  val_acc 0.2184
2026-04-09 12:34:21      epoch  23  loss 1.7967  acc 0.2478  val_loss 1.7558  val_acc 0.2069
2026-04-09 12:34:21      epoch  24  loss 1.7944  acc 0.2580  val_loss 1.7717  val_acc 0.1954
2026-04-09 12:34:22      epoch  25  loss 1.7754  acc 0.2580  val_loss 1.7692  val_acc 0.2529
2026-04-09 12:34:22      epoch  26  loss 1.7914  acc 0.2337  val_loss 1.7715  val_acc 0.2644
2026-04-09 12:34:22      Early stopping at epoch 26
2026-04-09 12:34:22      User8 accuracy: 0.2286
2026-04-09 12:34:22    ─── LOSO fold: User9 (test=116, train=859)
2026-04-09 12:34:23      epoch   1  loss 2.3935  acc 0.0814  val_loss 2.3820  val_acc 0.0706
2026-04-09 12:34:23      epoch   2  loss 2.3794  acc 0.1124  val_loss 2.3587  val_acc 0.0941
2026-04-09 12:34:24      epoch   3  loss 2.3547  acc 0.1253  val_loss 2.3062  val_acc 0.2000
2026-04-09 12:34:24      epoch   4  loss 2.2929  acc 0.1486  val_loss 2.1921  val_acc 0.2706
2026-04-09 12:34:25      epoch   5  loss 2.2039  acc 0.1822  val_loss 2.0464  val_acc 0.2000
2026-04-09 12:34:25      epoch   6  loss 2.1295  acc 0.2080  val_loss 1.9337  val_acc 0.2588
2026-04-09 12:34:25      epoch   7  loss 2.0416  acc 0.1860  val_loss 1.9403  val_acc 0.2235
2026-04-09 12:34:26      epoch   8  loss 2.0402  acc 0.2119  val_loss 1.8339  val_acc 0.3059
2026-04-09 12:34:26      epoch   9  loss 2.0197  acc 0.2248  val_loss 2.4482  val_acc 0.1412
2026-04-09 12:34:27      epoch  10  loss 2.2564  acc 0.1873  val_loss 1.8300  val_acc 0.2353
2026-04-09 12:34:27      epoch  11  loss 1.9793  acc 0.1938  val_loss 1.8685  val_acc 0.2118
2026-04-09 12:34:28      epoch  12  loss 1.9482  acc 0.2067  val_loss 1.8645  val_acc 0.2471
2026-04-09 12:34:28      epoch  13  loss 1.9463  acc 0.2235  val_loss 1.8531  val_acc 0.2471
2026-04-09 12:34:28      epoch  14  loss 1.9200  acc 0.2416  val_loss 1.8150  val_acc 0.2235
2026-04-09 12:34:29      epoch  15  loss 1.9057  acc 0.2442  val_loss 1.7704  val_acc 0.2235
2026-04-09 12:34:29      epoch  16  loss 1.8830  acc 0.2364  val_loss 1.7826  val_acc 0.2588
2026-04-09 12:34:30      epoch  17  loss 1.8628  acc 0.2429  val_loss 1.8045  val_acc 0.2824
2026-04-09 12:34:30      epoch  18  loss 1.8592  acc 0.2377  val_loss 1.6815  val_acc 0.3059
2026-04-09 12:34:30      epoch  19  loss 1.8574  acc 0.2390  val_loss 1.8347  val_acc 0.3059
2026-04-09 12:34:31      epoch  20  loss 1.9565  acc 0.2364  val_loss 1.7169  val_acc 0.2706
2026-04-09 12:34:31      epoch  21  loss 1.9139  acc 0.1848  val_loss 1.7965  val_acc 0.2118
2026-04-09 12:34:32      epoch  22  loss 1.9051  acc 0.1951  val_loss 1.7757  val_acc 0.1882
2026-04-09 12:34:32      epoch  23  loss 1.8580  acc 0.2209  val_loss 1.7847  val_acc 0.2824
2026-04-09 12:34:33      epoch  24  loss 1.8664  acc 0.2468  val_loss 1.7658  val_acc 0.2824
2026-04-09 12:34:33      epoch  25  loss 1.8431  acc 0.2287  val_loss 1.7085  val_acc 0.2588
2026-04-09 12:34:33      epoch  26  loss 1.8316  acc 0.2442  val_loss 1.6956  val_acc 0.2353
2026-04-09 12:34:33      Early stopping at epoch 26
2026-04-09 12:34:34      User9 accuracy: 0.2586
2026-04-09 12:34:34    ─── LOSO fold: User10 (test=117, train=858)
2026-04-09 12:34:34      epoch   1  loss 2.3817  acc 0.1113  val_loss 2.3789  val_acc 0.2118
2026-04-09 12:34:35      epoch   2  loss 2.3688  acc 0.1358  val_loss 2.3490  val_acc 0.1529
2026-04-09 12:34:35      epoch   3  loss 2.3275  acc 0.1371  val_loss 2.2894  val_acc 0.1176
2026-04-09 12:34:36      epoch   4  loss 2.2587  acc 0.1591  val_loss 2.1875  val_acc 0.1882
2026-04-09 12:34:36      epoch   5  loss 2.1667  acc 0.1837  val_loss 2.0787  val_acc 0.1647
2026-04-09 12:34:36      epoch   6  loss 2.1345  acc 0.1837  val_loss 2.0323  val_acc 0.1765
2026-04-09 12:34:37      epoch   7  loss 2.0347  acc 0.2044  val_loss 2.0221  val_acc 0.1529
2026-04-09 12:34:37      epoch   8  loss 2.0716  acc 0.1772  val_loss 2.0628  val_acc 0.1529
2026-04-09 12:34:37      epoch   9  loss 2.0547  acc 0.1915  val_loss 2.0076  val_acc 0.1176
2026-04-09 12:34:38      epoch  10  loss 2.0156  acc 0.1721  val_loss 2.0068  val_acc 0.1529
2026-04-09 12:34:39      epoch  11  loss 2.0039  acc 0.1979  val_loss 1.9914  val_acc 0.2118
2026-04-09 12:34:39      epoch  12  loss 1.9722  acc 0.2005  val_loss 1.9964  val_acc 0.2000
2026-04-09 12:34:39      epoch  13  loss 1.9834  acc 0.2212  val_loss 2.0143  val_acc 0.1647
2026-04-09 12:34:40      epoch  14  loss 1.9925  acc 0.2122  val_loss 2.0164  val_acc 0.0941
2026-04-09 12:34:40      epoch  15  loss 1.9764  acc 0.1915  val_loss 2.0304  val_acc 0.1294
2026-04-09 12:34:40      epoch  16  loss 1.9709  acc 0.2147  val_loss 2.0117  val_acc 0.1294
2026-04-09 12:34:41      epoch  17  loss 1.9535  acc 0.2018  val_loss 1.9951  val_acc 0.1294
2026-04-09 12:34:41      epoch  18  loss 1.9515  acc 0.2264  val_loss 2.0076  val_acc 0.1294
2026-04-09 12:34:42      epoch  19  loss 1.9484  acc 0.2031  val_loss 2.0097  val_acc 0.1294
2026-04-09 12:34:42      Early stopping at epoch 19
2026-04-09 12:34:42      User10 accuracy: 0.1795
2026-04-09 12:34:42    ─── LOSO fold: User11 (test=125, train=850)
2026-04-09 12:34:42      epoch   1  loss 2.3931  acc 0.1007  val_loss 2.3855  val_acc 0.1176
2026-04-09 12:34:43      epoch   2  loss 2.3807  acc 0.1190  val_loss 2.3665  val_acc 0.2941
2026-04-09 12:34:43      epoch   3  loss 2.3491  acc 0.1778  val_loss 2.3235  val_acc 0.0824
2026-04-09 12:34:44      epoch   4  loss 2.2864  acc 0.1438  val_loss 2.2333  val_acc 0.1059
2026-04-09 12:34:44      epoch   5  loss 2.1704  acc 0.1987  val_loss 2.1265  val_acc 0.2000
2026-04-09 12:34:44      epoch   6  loss 2.0541  acc 0.2144  val_loss 2.0623  val_acc 0.1765
2026-04-09 12:34:45      epoch   7  loss 2.0262  acc 0.1817  val_loss 2.0255  val_acc 0.1412
2026-04-09 12:34:45      epoch   8  loss 1.9747  acc 0.2013  val_loss 1.9033  val_acc 0.2588
2026-04-09 12:34:46      epoch   9  loss 1.9265  acc 0.2170  val_loss 1.9211  val_acc 0.1647
2026-04-09 12:34:46      epoch  10  loss 1.8801  acc 0.2510  val_loss 1.9127  val_acc 0.2000
2026-04-09 12:34:46      epoch  11  loss 1.8251  acc 0.2614  val_loss 1.8212  val_acc 0.3059
2026-04-09 12:34:47      epoch  12  loss 1.8331  acc 0.2497  val_loss 1.8850  val_acc 0.2000
2026-04-09 12:34:47      epoch  13  loss 1.8250  acc 0.2444  val_loss 1.8703  val_acc 0.2118
2026-04-09 12:34:48      epoch  14  loss 1.8268  acc 0.2458  val_loss 1.8217  val_acc 0.2118
2026-04-09 12:34:48      epoch  15  loss 1.7673  acc 0.2654  val_loss 1.7816  val_acc 0.2706
2026-04-09 12:34:48      epoch  16  loss 1.7482  acc 0.2889  val_loss 1.7526  val_acc 0.2941
2026-04-09 12:34:49      epoch  17  loss 1.7406  acc 0.2902  val_loss 1.7153  val_acc 0.3059
2026-04-09 12:34:49      epoch  18  loss 1.7518  acc 0.2902  val_loss 1.7563  val_acc 0.2824
2026-04-09 12:34:49      epoch  19  loss 1.7112  acc 0.2758  val_loss 1.6893  val_acc 0.3176
2026-04-09 12:34:50      epoch  20  loss 1.6722  acc 0.3124  val_loss 1.6415  val_acc 0.3412
2026-04-09 12:34:50      epoch  21  loss 1.6759  acc 0.3124  val_loss 1.7335  val_acc 0.2824
2026-04-09 12:34:51      epoch  22  loss 1.6987  acc 0.3320  val_loss 1.7754  val_acc 0.2706
2026-04-09 12:34:51      epoch  23  loss 1.7165  acc 0.2588  val_loss 1.8859  val_acc 0.1882
2026-04-09 12:34:51      epoch  24  loss 1.6828  acc 0.3007  val_loss 1.7202  val_acc 0.3412
2026-04-09 12:34:52      epoch  25  loss 1.7478  acc 0.2902  val_loss 1.6880  val_acc 0.3176
2026-04-09 12:34:52      epoch  26  loss 1.6666  acc 0.3007  val_loss 1.7957  val_acc 0.2471
2026-04-09 12:34:52      epoch  27  loss 1.7185  acc 0.2641  val_loss 1.8801  val_acc 0.1765
2026-04-09 12:34:53      epoch  28  loss 1.7048  acc 0.2458  val_loss 1.7135  val_acc 0.3059
2026-04-09 12:34:53      Early stopping at epoch 28
2026-04-09 12:34:53      User11 accuracy: 0.2240
2026-04-09 12:34:53    ─── LOSO fold: User12 (test=103, train=872)
2026-04-09 12:34:53      epoch   1  loss 2.4005  acc 0.1159  val_loss 2.3965  val_acc 0.0805
2026-04-09 12:34:54      epoch   2  loss 2.3875  acc 0.1134  val_loss 2.3887  val_acc 0.1264
2026-04-09 12:34:54      epoch   3  loss 2.3683  acc 0.1338  val_loss 2.3516  val_acc 0.0920
2026-04-09 12:34:55      epoch   4  loss 2.3216  acc 0.1452  val_loss 2.2820  val_acc 0.1034
2026-04-09 12:34:55      epoch   5  loss 2.2302  acc 0.1529  val_loss 2.2070  val_acc 0.1149
2026-04-09 12:34:56      epoch   6  loss 2.1111  acc 0.1873  val_loss 2.1219  val_acc 0.1954
2026-04-09 12:34:56      epoch   7  loss 2.0472  acc 0.1949  val_loss 2.0967  val_acc 0.1839
2026-04-09 12:34:56      epoch   8  loss 2.0189  acc 0.2102  val_loss 2.0345  val_acc 0.2069
2026-04-09 12:34:57      epoch   9  loss 1.9801  acc 0.2153  val_loss 1.9953  val_acc 0.2644
2026-04-09 12:34:57      epoch  10  loss 1.9599  acc 0.1911  val_loss 1.9947  val_acc 0.2069
2026-04-09 12:34:58      epoch  11  loss 1.9279  acc 0.2166  val_loss 1.9250  val_acc 0.2414
2026-04-09 12:34:58      epoch  12  loss 1.8939  acc 0.2293  val_loss 1.9797  val_acc 0.1839
2026-04-09 12:34:58      epoch  13  loss 1.9346  acc 0.2153  val_loss 1.8980  val_acc 0.2184
2026-04-09 12:34:59      epoch  14  loss 1.8798  acc 0.2306  val_loss 1.8939  val_acc 0.1954
2026-04-09 12:34:59      epoch  15  loss 1.8974  acc 0.2115  val_loss 1.9087  val_acc 0.1954
2026-04-09 12:35:00      epoch  16  loss 1.8493  acc 0.2318  val_loss 1.8785  val_acc 0.2069
2026-04-09 12:35:00      epoch  17  loss 1.8243  acc 0.2459  val_loss 1.8723  val_acc 0.1724
2026-04-09 12:35:00      epoch  18  loss 1.8208  acc 0.2051  val_loss 1.8133  val_acc 0.1724
2026-04-09 12:35:01      epoch  19  loss 1.8155  acc 0.2242  val_loss 1.8278  val_acc 0.1724
2026-04-09 12:35:01      epoch  20  loss 1.8234  acc 0.2420  val_loss 1.8511  val_acc 0.1609
2026-04-09 12:35:02      epoch  21  loss 1.8286  acc 0.2293  val_loss 1.8548  val_acc 0.1609
2026-04-09 12:35:02      epoch  22  loss 1.8205  acc 0.2395  val_loss 1.8212  val_acc 0.1609
2026-04-09 12:35:02      epoch  23  loss 1.7881  acc 0.2510  val_loss 1.8804  val_acc 0.1724
2026-04-09 12:35:03      epoch  24  loss 1.8678  acc 0.2178  val_loss 1.8929  val_acc 0.1609
2026-04-09 12:35:03      epoch  25  loss 1.8371  acc 0.2178  val_loss 1.8531  val_acc 0.1839
2026-04-09 12:35:04      epoch  26  loss 1.8223  acc 0.2115  val_loss 1.8369  val_acc 0.1954
2026-04-09 12:35:04      Early stopping at epoch 26
2026-04-09 12:35:04      User12 accuracy: 0.2330
2026-04-09 12:35:04  
2026-04-09 12:35:04  Mean acc: 0.2387  Std: 0.0472
2026-04-09 12:35:04  
                            precision    recall  f1-score   support

         Sitting – Reading       0.17      0.11      0.13        95
         Sitting – Writing       0.25      0.31      0.28       105
         Computer – Typing       0.29      0.37      0.32       104
       Computer – Browsing       0.26      0.22      0.24       106
Sitting – Moving head/body       0.00      0.00      0.00        91
    Sitting – Moving chair       0.16      0.24      0.19       105
     Stand up from sitting       0.27      0.53      0.36       129
                  Standing       0.00      0.00      0.00        64
                   Walking       0.17      0.10      0.13        79
                   Running       0.21      0.30      0.25        76
             Taking stairs       0.00      0.00      0.00        21

                  accuracy                           0.23       975
                 macro avg       0.16      0.20      0.17       975
              weighted avg       0.19      0.23      0.20       975

