2026-04-09 12:11:49  ========================================================================
2026-04-09 12:11:49  Modality: gyro  |  sensors: ['Gyroscope']  |  3 ch  |  window=300  overlap=50%  step=150
2026-04-09 12:11:49  Device: cuda:0  |  Log: /home/mahmudm2/codebase/ClassyGlass/scripts/benchmark/logs/sensor_gyro_W300_S150.log
2026-04-09 12:11:49  ========================================================================
2026-04-09 12:11:57  Loaded 9709 windows | sensors=['Gyroscope'] (3 ch) | window=300  step=150 | skipped=0 experiments
2026-04-09 12:11:58    ─── LOSO fold: User1 (test=559, train=9150)
2026-04-09 12:12:01      epoch   1  loss 2.1486  acc 0.1840  val_loss 1.8714  val_acc 0.2317
2026-04-09 12:12:04      epoch   2  loss 1.9320  acc 0.2298  val_loss 1.7998  val_acc 0.2940
2026-04-09 12:12:07      epoch   3  loss 1.8476  acc 0.2392  val_loss 1.8462  val_acc 0.2230
2026-04-09 12:12:10      epoch   4  loss 1.9289  acc 0.2226  val_loss 1.8159  val_acc 0.2896
2026-04-09 12:12:12      epoch   5  loss 1.8206  acc 0.2512  val_loss 1.6976  val_acc 0.2896
2026-04-09 12:12:15      epoch   6  loss 1.7447  acc 0.2701  val_loss 1.6440  val_acc 0.3060
2026-04-09 12:12:18      epoch   7  loss 1.6932  acc 0.2865  val_loss 1.6010  val_acc 0.3126
2026-04-09 12:12:21      epoch   8  loss 1.6806  acc 0.2974  val_loss 1.6198  val_acc 0.3202
2026-04-09 12:12:24      epoch   9  loss 1.6708  acc 0.2993  val_loss 1.5923  val_acc 0.3322
2026-04-09 12:12:27      epoch  10  loss 1.6581  acc 0.2981  val_loss 1.5673  val_acc 0.3290
2026-04-09 12:12:30      epoch  11  loss 1.7866  acc 0.2748  val_loss 1.6636  val_acc 0.2995
2026-04-09 12:12:33      epoch  12  loss 1.6866  acc 0.2900  val_loss 1.6004  val_acc 0.3137
2026-04-09 12:12:36      epoch  13  loss 1.6602  acc 0.2939  val_loss 1.5691  val_acc 0.3399
2026-04-09 12:12:39      epoch  14  loss 1.6430  acc 0.3081  val_loss 1.5793  val_acc 0.3377
2026-04-09 12:12:42      epoch  15  loss 1.6416  acc 0.3020  val_loss 1.5621  val_acc 0.3432
2026-04-09 12:12:45      epoch  16  loss 1.6262  acc 0.3212  val_loss 1.5458  val_acc 0.3454
2026-04-09 12:12:48      epoch  17  loss 1.6297  acc 0.3118  val_loss 1.5727  val_acc 0.3421
2026-04-09 12:12:51      epoch  18  loss 1.6188  acc 0.3205  val_loss 1.5364  val_acc 0.3410
2026-04-09 12:12:53      epoch  19  loss 1.6129  acc 0.3173  val_loss 1.5390  val_acc 0.3486
2026-04-09 12:12:56      epoch  20  loss 1.6039  acc 0.3199  val_loss 1.5325  val_acc 0.3563
2026-04-09 12:13:00      epoch  21  loss 1.6105  acc 0.3169  val_loss 1.5289  val_acc 0.3574
2026-04-09 12:13:02      epoch  22  loss 1.6033  acc 0.3171  val_loss 1.5206  val_acc 0.3552
2026-04-09 12:13:05      epoch  23  loss 1.6059  acc 0.3260  val_loss 1.5247  val_acc 0.3486
2026-04-09 12:13:08      epoch  24  loss 1.5774  acc 0.3326  val_loss 1.5031  val_acc 0.3596
2026-04-09 12:13:11      epoch  25  loss 1.5786  acc 0.3267  val_loss 1.4845  val_acc 0.3760
2026-04-09 12:13:14      epoch  26  loss 1.5674  acc 0.3291  val_loss 1.4928  val_acc 0.3825
2026-04-09 12:13:17      epoch  27  loss 1.5543  acc 0.3415  val_loss 1.5213  val_acc 0.3585
2026-04-09 12:13:20      epoch  28  loss 1.5700  acc 0.3320  val_loss 1.4883  val_acc 0.3836
2026-04-09 12:13:23      epoch  29  loss 1.5495  acc 0.3438  val_loss 1.4668  val_acc 0.3847
2026-04-09 12:13:26      epoch  30  loss 1.5449  acc 0.3358  val_loss 1.4635  val_acc 0.3934
2026-04-09 12:13:29      epoch  31  loss 1.5277  acc 0.3520  val_loss 1.4527  val_acc 0.3770
2026-04-09 12:13:32      epoch  32  loss 1.5361  acc 0.3486  val_loss 1.4724  val_acc 0.3858
2026-04-09 12:13:35      epoch  33  loss 1.5340  acc 0.3526  val_loss 1.4502  val_acc 0.4066
2026-04-09 12:13:38      epoch  34  loss 1.5179  acc 0.3575  val_loss 1.4945  val_acc 0.3694
2026-04-09 12:13:40      epoch  35  loss 1.5193  acc 0.3545  val_loss 1.4306  val_acc 0.3902
2026-04-09 12:13:43      epoch  36  loss 1.5137  acc 0.3693  val_loss 1.4436  val_acc 0.4033
2026-04-09 12:13:46      epoch  37  loss 1.5142  acc 0.3566  val_loss 1.4098  val_acc 0.3880
2026-04-09 12:13:50      epoch  38  loss 1.4798  acc 0.3790  val_loss 1.3999  val_acc 0.4066
2026-04-09 12:13:53      epoch  39  loss 1.5170  acc 0.3633  val_loss 1.4403  val_acc 0.3989
2026-04-09 12:13:56      epoch  40  loss 1.5002  acc 0.3666  val_loss 1.4459  val_acc 0.4000
2026-04-09 12:13:58      epoch  41  loss 1.4987  acc 0.3698  val_loss 1.4558  val_acc 0.3661
2026-04-09 12:14:01      epoch  42  loss 1.4697  acc 0.3772  val_loss 1.3885  val_acc 0.3869
2026-04-09 12:14:04      epoch  43  loss 1.4705  acc 0.3842  val_loss 1.3783  val_acc 0.4295
2026-04-09 12:14:07      epoch  44  loss 1.4568  acc 0.3860  val_loss 1.3499  val_acc 0.4262
2026-04-09 12:14:10      epoch  45  loss 1.4480  acc 0.3945  val_loss 1.3885  val_acc 0.4251
2026-04-09 12:14:13      epoch  46  loss 1.4591  acc 0.3877  val_loss 1.3523  val_acc 0.4437
2026-04-09 12:14:15      epoch  47  loss 1.4443  acc 0.3919  val_loss 1.3544  val_acc 0.4372
2026-04-09 12:14:18      epoch  48  loss 1.4297  acc 0.4045  val_loss 1.3707  val_acc 0.4262
2026-04-09 12:14:21      epoch  49  loss 1.4461  acc 0.3933  val_loss 1.3475  val_acc 0.4426
2026-04-09 12:14:24      epoch  50  loss 1.4270  acc 0.3978  val_loss 1.3774  val_acc 0.4306
2026-04-09 12:14:27      epoch  51  loss 1.4280  acc 0.3990  val_loss 1.4067  val_acc 0.4230
2026-04-09 12:14:30      epoch  52  loss 1.4310  acc 0.4013  val_loss 1.3273  val_acc 0.4448
2026-04-09 12:14:32      epoch  53  loss 1.4202  acc 0.3979  val_loss 1.3847  val_acc 0.4317
2026-04-09 12:14:35      epoch  54  loss 1.4444  acc 0.3909  val_loss 1.3401  val_acc 0.4295
2026-04-09 12:14:38      epoch  55  loss 1.4153  acc 0.4129  val_loss 1.3412  val_acc 0.4328
2026-04-09 12:14:41      epoch  56  loss 1.4079  acc 0.4170  val_loss 1.3029  val_acc 0.4623
2026-04-09 12:14:44      epoch  57  loss 1.4029  acc 0.4170  val_loss 1.3193  val_acc 0.4568
2026-04-09 12:14:46      epoch  58  loss 1.4096  acc 0.4138  val_loss 1.3514  val_acc 0.4393
2026-04-09 12:14:49      epoch  59  loss 1.4124  acc 0.4114  val_loss 1.3292  val_acc 0.4306
2026-04-09 12:14:52      epoch  60  loss 1.3957  acc 0.4215  val_loss 1.3215  val_acc 0.4525
2026-04-09 12:14:55      epoch  61  loss 1.3838  acc 0.4290  val_loss 1.3176  val_acc 0.4361
2026-04-09 12:14:58      epoch  62  loss 1.3741  acc 0.4299  val_loss 1.3118  val_acc 0.4568
2026-04-09 12:15:01      epoch  63  loss 1.3704  acc 0.4308  val_loss 1.3024  val_acc 0.4590
2026-04-09 12:15:03      epoch  64  loss 1.3668  acc 0.4296  val_loss 1.2956  val_acc 0.4623
2026-04-09 12:15:06      epoch  65  loss 1.3676  acc 0.4294  val_loss 1.2892  val_acc 0.4656
2026-04-09 12:15:09      epoch  66  loss 1.3656  acc 0.4299  val_loss 1.3003  val_acc 0.4612
2026-04-09 12:15:12      epoch  67  loss 1.3597  acc 0.4267  val_loss 1.2942  val_acc 0.4667
2026-04-09 12:15:15      epoch  68  loss 1.3529  acc 0.4429  val_loss 1.2853  val_acc 0.4634
2026-04-09 12:15:18      epoch  69  loss 1.3394  acc 0.4426  val_loss 1.2882  val_acc 0.4678
2026-04-09 12:15:21      epoch  70  loss 1.3396  acc 0.4410  val_loss 1.2921  val_acc 0.4699
2026-04-09 12:15:24      epoch  71  loss 1.3561  acc 0.4420  val_loss 1.2729  val_acc 0.4656
2026-04-09 12:15:27      epoch  72  loss 1.3419  acc 0.4449  val_loss 1.2813  val_acc 0.4667
2026-04-09 12:15:30      epoch  73  loss 1.3446  acc 0.4418  val_loss 1.2820  val_acc 0.4612
2026-04-09 12:15:33      epoch  74  loss 1.3361  acc 0.4511  val_loss 1.2808  val_acc 0.4885
2026-04-09 12:15:36      epoch  75  loss 1.3404  acc 0.4455  val_loss 1.2894  val_acc 0.4765
2026-04-09 12:15:39      epoch  76  loss 1.3393  acc 0.4459  val_loss 1.3062  val_acc 0.4699
2026-04-09 12:15:42      epoch  77  loss 1.3284  acc 0.4487  val_loss 1.2901  val_acc 0.4732
2026-04-09 12:15:45      epoch  78  loss 1.3255  acc 0.4516  val_loss 1.2732  val_acc 0.4863
2026-04-09 12:15:47      epoch  79  loss 1.3158  acc 0.4596  val_loss 1.2642  val_acc 0.4765
2026-04-09 12:15:50      epoch  80  loss 1.3137  acc 0.4630  val_loss 1.2737  val_acc 0.4754
2026-04-09 12:15:53      epoch  81  loss 1.3058  acc 0.4590  val_loss 1.2628  val_acc 0.4907
2026-04-09 12:15:56      epoch  82  loss 1.3080  acc 0.4601  val_loss 1.2662  val_acc 0.4885
2026-04-09 12:15:59      epoch  83  loss 1.3102  acc 0.4618  val_loss 1.2633  val_acc 0.4667
2026-04-09 12:16:02      epoch  84  loss 1.2954  acc 0.4657  val_loss 1.2625  val_acc 0.4831
2026-04-09 12:16:05      epoch  85  loss 1.2926  acc 0.4709  val_loss 1.2620  val_acc 0.4798
2026-04-09 12:16:07      epoch  86  loss 1.2945  acc 0.4658  val_loss 1.2595  val_acc 0.4907
2026-04-09 12:16:10      epoch  87  loss 1.2961  acc 0.4640  val_loss 1.2606  val_acc 0.4874
2026-04-09 12:16:13      epoch  88  loss 1.2825  acc 0.4771  val_loss 1.2746  val_acc 0.4831
2026-04-09 12:16:16      epoch  89  loss 1.2881  acc 0.4718  val_loss 1.2612  val_acc 0.4820
2026-04-09 12:16:19      epoch  90  loss 1.2906  acc 0.4680  val_loss 1.2651  val_acc 0.4787
2026-04-09 12:16:22      epoch  91  loss 1.2811  acc 0.4710  val_loss 1.2631  val_acc 0.4973
2026-04-09 12:16:25      epoch  92  loss 1.2736  acc 0.4748  val_loss 1.2502  val_acc 0.4907
2026-04-09 12:16:28      epoch  93  loss 1.2699  acc 0.4721  val_loss 1.2523  val_acc 0.4940
2026-04-09 12:16:31      epoch  94  loss 1.2662  acc 0.4787  val_loss 1.2479  val_acc 0.4918
2026-04-09 12:16:33      epoch  95  loss 1.2675  acc 0.4795  val_loss 1.2452  val_acc 0.4962
2026-04-09 12:16:36      epoch  96  loss 1.2666  acc 0.4783  val_loss 1.2536  val_acc 0.4962
2026-04-09 12:16:39      epoch  97  loss 1.2584  acc 0.4787  val_loss 1.2603  val_acc 0.4787
2026-04-09 12:16:42      epoch  98  loss 1.2596  acc 0.4781  val_loss 1.2466  val_acc 0.4984
2026-04-09 12:16:45      epoch  99  loss 1.2655  acc 0.4816  val_loss 1.2483  val_acc 0.4852
2026-04-09 12:16:48      epoch 100  loss 1.2579  acc 0.4803  val_loss 1.2494  val_acc 0.4907
2026-04-09 12:16:48      User1 accuracy: 0.4615
2026-04-09 12:16:49    ─── LOSO fold: User2 (test=514, train=9195)
2026-04-09 12:16:52      epoch   1  loss 2.1611  acc 0.1771  val_loss 1.9280  val_acc 0.2546
2026-04-09 12:16:55      epoch   2  loss 1.8893  acc 0.2360  val_loss 1.7988  val_acc 0.2742
2026-04-09 12:16:59      epoch   3  loss 1.7637  acc 0.2710  val_loss 1.7418  val_acc 0.2862
2026-04-09 12:17:02      epoch   4  loss 1.7508  acc 0.2775  val_loss 1.7375  val_acc 0.2514
2026-04-09 12:17:05      epoch   5  loss 1.7650  acc 0.2624  val_loss 1.7379  val_acc 0.2862
2026-04-09 12:17:08      epoch   6  loss 1.7574  acc 0.2696  val_loss 1.7083  val_acc 0.3090
2026-04-09 12:17:10      epoch   7  loss 1.7254  acc 0.2827  val_loss 1.6741  val_acc 0.3134
2026-04-09 12:17:13      epoch   8  loss 1.7215  acc 0.2860  val_loss 1.6639  val_acc 0.2938
2026-04-09 12:17:16      epoch   9  loss 1.6930  acc 0.2954  val_loss 1.6803  val_acc 0.2916
2026-04-09 12:17:19      epoch  10  loss 1.6787  acc 0.2995  val_loss 1.6450  val_acc 0.3112
2026-04-09 12:17:22      epoch  11  loss 1.6852  acc 0.2969  val_loss 1.7271  val_acc 0.2851
2026-04-09 12:17:25      epoch  12  loss 1.6938  acc 0.2910  val_loss 1.6654  val_acc 0.3134
2026-04-09 12:17:28      epoch  13  loss 1.6618  acc 0.3087  val_loss 1.6488  val_acc 0.3243
2026-04-09 12:17:31      epoch  14  loss 1.6597  acc 0.3061  val_loss 1.6557  val_acc 0.2960
2026-04-09 12:17:34      epoch  15  loss 1.6566  acc 0.3079  val_loss 1.6320  val_acc 0.3232
2026-04-09 12:17:36      epoch  16  loss 1.6480  acc 0.3094  val_loss 1.6418  val_acc 0.3188
2026-04-09 12:17:39      epoch  17  loss 1.6348  acc 0.3084  val_loss 1.6046  val_acc 0.3417
2026-04-09 12:17:42      epoch  18  loss 1.6279  acc 0.3125  val_loss 1.6134  val_acc 0.3134
2026-04-09 12:17:45      epoch  19  loss 1.6346  acc 0.3113  val_loss 1.6162  val_acc 0.3210
2026-04-09 12:17:48      epoch  20  loss 1.6188  acc 0.3265  val_loss 1.5866  val_acc 0.3460
2026-04-09 12:17:51      epoch  21  loss 1.6109  acc 0.3215  val_loss 1.5858  val_acc 0.3264
2026-04-09 12:17:54      epoch  22  loss 1.6018  acc 0.3306  val_loss 1.5753  val_acc 0.3471
2026-04-09 12:17:57      epoch  23  loss 1.5927  acc 0.3283  val_loss 1.5686  val_acc 0.3526
2026-04-09 12:18:00      epoch  24  loss 1.5947  acc 0.3331  val_loss 1.5613  val_acc 0.3515
2026-04-09 12:18:03      epoch  25  loss 1.6035  acc 0.3353  val_loss 1.5900  val_acc 0.3232
2026-04-09 12:18:05      epoch  26  loss 1.5977  acc 0.3320  val_loss 1.5651  val_acc 0.3515
2026-04-09 12:18:08      epoch  27  loss 1.5974  acc 0.3285  val_loss 1.5526  val_acc 0.3526
2026-04-09 12:18:11      epoch  28  loss 1.5713  acc 0.3341  val_loss 1.5594  val_acc 0.3471
2026-04-09 12:18:14      epoch  29  loss 1.5828  acc 0.3354  val_loss 1.5993  val_acc 0.3177
2026-04-09 12:18:17      epoch  30  loss 1.5756  acc 0.3320  val_loss 1.5618  val_acc 0.3634
2026-04-09 12:18:20      epoch  31  loss 1.5561  acc 0.3461  val_loss 1.5172  val_acc 0.3569
2026-04-09 12:18:23      epoch  32  loss 1.5794  acc 0.3406  val_loss 1.5344  val_acc 0.3645
2026-04-09 12:18:25      epoch  33  loss 1.5761  acc 0.3407  val_loss 1.5199  val_acc 0.3558
2026-04-09 12:18:28      epoch  34  loss 1.5344  acc 0.3561  val_loss 1.5077  val_acc 0.3787
2026-04-09 12:18:31      epoch  35  loss 1.5449  acc 0.3550  val_loss 1.5988  val_acc 0.3351
2026-04-09 12:18:34      epoch  36  loss 1.5813  acc 0.3401  val_loss 1.5438  val_acc 0.3667
2026-04-09 12:18:37      epoch  37  loss 1.5340  acc 0.3587  val_loss 1.4874  val_acc 0.3732
2026-04-09 12:18:40      epoch  38  loss 1.5134  acc 0.3693  val_loss 1.5639  val_acc 0.3558
2026-04-09 12:18:42      epoch  39  loss 1.5210  acc 0.3676  val_loss 1.4921  val_acc 0.3852
2026-04-09 12:18:45      epoch  40  loss 1.4968  acc 0.3789  val_loss 1.4619  val_acc 0.3939
2026-04-09 12:18:48      epoch  41  loss 1.5150  acc 0.3639  val_loss 1.4747  val_acc 0.3776
2026-04-09 12:18:51      epoch  42  loss 1.4847  acc 0.3780  val_loss 1.4583  val_acc 0.3896
2026-04-09 12:18:54      epoch  43  loss 1.4678  acc 0.3856  val_loss 1.4674  val_acc 0.3906
2026-04-09 12:18:57      epoch  44  loss 1.4678  acc 0.3853  val_loss 1.4293  val_acc 0.3983
2026-04-09 12:19:00      epoch  45  loss 1.4560  acc 0.3859  val_loss 1.4740  val_acc 0.3928
2026-04-09 12:19:03      epoch  46  loss 1.4588  acc 0.3902  val_loss 1.4448  val_acc 0.3950
2026-04-09 12:19:06      epoch  47  loss 1.4687  acc 0.3940  val_loss 1.4355  val_acc 0.3939
2026-04-09 12:19:09      epoch  48  loss 1.4438  acc 0.3917  val_loss 1.4373  val_acc 0.4026
2026-04-09 12:19:12      epoch  49  loss 1.4399  acc 0.4048  val_loss 1.4307  val_acc 0.3917
2026-04-09 12:19:15      epoch  50  loss 1.4287  acc 0.4018  val_loss 1.4259  val_acc 0.3906
2026-04-09 12:19:17      epoch  51  loss 1.4129  acc 0.4102  val_loss 1.4229  val_acc 0.3830
2026-04-09 12:19:20      epoch  52  loss 1.4181  acc 0.3997  val_loss 1.4050  val_acc 0.4015
2026-04-09 12:19:23      epoch  53  loss 1.4074  acc 0.4190  val_loss 1.4063  val_acc 0.4081
2026-04-09 12:19:26      epoch  54  loss 1.4087  acc 0.4145  val_loss 1.4048  val_acc 0.4037
2026-04-09 12:19:29      epoch  55  loss 1.3944  acc 0.4182  val_loss 1.4030  val_acc 0.4157
2026-04-09 12:19:32      epoch  56  loss 1.3903  acc 0.4239  val_loss 1.3959  val_acc 0.3885
2026-04-09 12:19:35      epoch  57  loss 1.3913  acc 0.4224  val_loss 1.3982  val_acc 0.4037
2026-04-09 12:19:38      epoch  58  loss 1.3881  acc 0.4223  val_loss 1.3914  val_acc 0.4135
2026-04-09 12:19:41      epoch  59  loss 1.3861  acc 0.4217  val_loss 1.3976  val_acc 0.4189
2026-04-09 12:19:44      epoch  60  loss 1.3936  acc 0.4183  val_loss 1.3864  val_acc 0.4048
2026-04-09 12:19:47      epoch  61  loss 1.3837  acc 0.4239  val_loss 1.3872  val_acc 0.4124
2026-04-09 12:19:50      epoch  62  loss 1.3809  acc 0.4350  val_loss 1.3808  val_acc 0.4266
2026-04-09 12:19:52      epoch  63  loss 1.3822  acc 0.4273  val_loss 1.3805  val_acc 0.4189
2026-04-09 12:19:55      epoch  64  loss 1.3766  acc 0.4339  val_loss 1.3830  val_acc 0.4113
2026-04-09 12:19:58      epoch  65  loss 1.3718  acc 0.4310  val_loss 1.3786  val_acc 0.4200
2026-04-09 12:20:01      epoch  66  loss 1.3667  acc 0.4420  val_loss 1.3755  val_acc 0.4168
2026-04-09 12:20:04      epoch  67  loss 1.3704  acc 0.4319  val_loss 1.3941  val_acc 0.4157
2026-04-09 12:20:06      epoch  68  loss 1.3720  acc 0.4310  val_loss 1.3984  val_acc 0.4211
2026-04-09 12:20:09      epoch  69  loss 1.3587  acc 0.4367  val_loss 1.3784  val_acc 0.4189
2026-04-09 12:20:11      epoch  70  loss 1.3577  acc 0.4392  val_loss 1.3679  val_acc 0.4124
2026-04-09 12:20:14      epoch  71  loss 1.3706  acc 0.4315  val_loss 1.3678  val_acc 0.4244
2026-04-09 12:20:17      epoch  72  loss 1.3507  acc 0.4384  val_loss 1.3591  val_acc 0.4461
2026-04-09 12:20:20      epoch  73  loss 1.3400  acc 0.4477  val_loss 1.3875  val_acc 0.4298
2026-04-09 12:20:23      epoch  74  loss 1.3499  acc 0.4408  val_loss 1.3628  val_acc 0.4189
2026-04-09 12:20:25      epoch  75  loss 1.3431  acc 0.4449  val_loss 1.3815  val_acc 0.4189
2026-04-09 12:20:28      epoch  76  loss 1.3490  acc 0.4424  val_loss 1.3729  val_acc 0.4287
2026-04-09 12:20:31      epoch  77  loss 1.3337  acc 0.4460  val_loss 1.3653  val_acc 0.4363
2026-04-09 12:20:34      epoch  78  loss 1.3222  acc 0.4514  val_loss 1.3536  val_acc 0.4320
2026-04-09 12:20:36      epoch  79  loss 1.3179  acc 0.4552  val_loss 1.3602  val_acc 0.4494
2026-04-09 12:20:39      epoch  80  loss 1.3142  acc 0.4583  val_loss 1.3513  val_acc 0.4450
2026-04-09 12:20:42      epoch  81  loss 1.3096  acc 0.4509  val_loss 1.3532  val_acc 0.4342
2026-04-09 12:20:45      epoch  82  loss 1.3165  acc 0.4571  val_loss 1.3714  val_acc 0.4440
2026-04-09 12:20:48      epoch  83  loss 1.3040  acc 0.4616  val_loss 1.3604  val_acc 0.4309
2026-04-09 12:20:51      epoch  84  loss 1.3000  acc 0.4675  val_loss 1.3567  val_acc 0.4407
2026-04-09 12:20:54      epoch  85  loss 1.2975  acc 0.4631  val_loss 1.3623  val_acc 0.4385
2026-04-09 12:20:57      epoch  86  loss 1.2942  acc 0.4624  val_loss 1.3527  val_acc 0.4472
2026-04-09 12:21:00      epoch  87  loss 1.2887  acc 0.4682  val_loss 1.3603  val_acc 0.4472
2026-04-09 12:21:03      epoch  88  loss 1.2893  acc 0.4679  val_loss 1.3510  val_acc 0.4385
2026-04-09 12:21:05      epoch  89  loss 1.2825  acc 0.4790  val_loss 1.3500  val_acc 0.4418
2026-04-09 12:21:08      epoch  90  loss 1.2851  acc 0.4752  val_loss 1.3538  val_acc 0.4581
2026-04-09 12:21:11      epoch  91  loss 1.2772  acc 0.4769  val_loss 1.3610  val_acc 0.4570
2026-04-09 12:21:14      epoch  92  loss 1.2815  acc 0.4697  val_loss 1.3512  val_acc 0.4429
2026-04-09 12:21:16      epoch  93  loss 1.2875  acc 0.4693  val_loss 1.3603  val_acc 0.4353
2026-04-09 12:21:19      epoch  94  loss 1.2764  acc 0.4744  val_loss 1.3694  val_acc 0.4385
2026-04-09 12:21:22      epoch  95  loss 1.2738  acc 0.4768  val_loss 1.3600  val_acc 0.4396
2026-04-09 12:21:25      epoch  96  loss 1.2601  acc 0.4793  val_loss 1.3531  val_acc 0.4581
2026-04-09 12:21:27      epoch  97  loss 1.2671  acc 0.4740  val_loss 1.3555  val_acc 0.4505
2026-04-09 12:21:27      Early stopping at epoch 97
2026-04-09 12:21:27      User2 accuracy: 0.5058
2026-04-09 12:21:29    ─── LOSO fold: User3 (test=512, train=9197)
2026-04-09 12:21:32      epoch   1  loss 2.1725  acc 0.1766  val_loss 2.0034  val_acc 0.2144
2026-04-09 12:21:35      epoch   2  loss 1.9041  acc 0.2280  val_loss 1.8351  val_acc 0.2459
2026-04-09 12:21:38      epoch   3  loss 1.8749  acc 0.2382  val_loss 1.9285  val_acc 0.2067
2026-04-09 12:21:41      epoch   4  loss 1.8057  acc 0.2572  val_loss 1.7844  val_acc 0.2786
2026-04-09 12:21:44      epoch   5  loss 1.7670  acc 0.2751  val_loss 1.7187  val_acc 0.2851
2026-04-09 12:21:47      epoch   6  loss 1.7412  acc 0.2853  val_loss 1.7404  val_acc 0.2764
2026-04-09 12:21:50      epoch   7  loss 1.7255  acc 0.2856  val_loss 1.7614  val_acc 0.2655
2026-04-09 12:21:53      epoch   8  loss 1.7180  acc 0.2863  val_loss 1.6654  val_acc 0.2971
2026-04-09 12:21:56      epoch   9  loss 1.6895  acc 0.2927  val_loss 1.6781  val_acc 0.2818
2026-04-09 12:21:58      epoch  10  loss 1.6935  acc 0.2987  val_loss 1.6594  val_acc 0.3134
2026-04-09 12:22:01      epoch  11  loss 1.6616  acc 0.2998  val_loss 1.6581  val_acc 0.3069
2026-04-09 12:22:04      epoch  12  loss 1.6584  acc 0.3083  val_loss 1.6279  val_acc 0.3254
2026-04-09 12:22:07      epoch  13  loss 1.6387  acc 0.3088  val_loss 1.6280  val_acc 0.3145
2026-04-09 12:22:10      epoch  14  loss 1.6328  acc 0.3247  val_loss 1.6242  val_acc 0.2949
2026-04-09 12:22:12      epoch  15  loss 1.6263  acc 0.3258  val_loss 1.6478  val_acc 0.3036
2026-04-09 12:22:15      epoch  16  loss 1.6127  acc 0.3282  val_loss 1.6232  val_acc 0.3188
2026-04-09 12:22:18      epoch  17  loss 1.6023  acc 0.3224  val_loss 1.6074  val_acc 0.3286
2026-04-09 12:22:20      epoch  18  loss 1.5992  acc 0.3310  val_loss 1.6098  val_acc 0.3341
2026-04-09 12:22:23      epoch  19  loss 1.5877  acc 0.3308  val_loss 1.6296  val_acc 0.3243
2026-04-09 12:22:26      epoch  20  loss 1.5821  acc 0.3397  val_loss 1.5707  val_acc 0.3613
2026-04-09 12:22:29      epoch  21  loss 1.5758  acc 0.3408  val_loss 1.5601  val_acc 0.3449
2026-04-09 12:22:31      epoch  22  loss 1.5499  acc 0.3444  val_loss 1.5817  val_acc 0.3569
2026-04-09 12:22:34      epoch  23  loss 1.5813  acc 0.3309  val_loss 1.5768  val_acc 0.3395
2026-04-09 12:22:37      epoch  24  loss 1.5468  acc 0.3485  val_loss 1.5322  val_acc 0.3830
2026-04-09 12:22:39      epoch  25  loss 1.5223  acc 0.3623  val_loss 1.5605  val_acc 0.3330
2026-04-09 12:22:42      epoch  26  loss 1.5263  acc 0.3648  val_loss 1.5570  val_acc 0.3689
2026-04-09 12:22:45      epoch  27  loss 1.5274  acc 0.3540  val_loss 1.5161  val_acc 0.3743
2026-04-09 12:22:48      epoch  28  loss 1.5016  acc 0.3764  val_loss 1.5046  val_acc 0.3874
2026-04-09 12:22:51      epoch  29  loss 1.4930  acc 0.3777  val_loss 1.4914  val_acc 0.3961
2026-04-09 12:22:53      epoch  30  loss 1.4984  acc 0.3751  val_loss 1.5528  val_acc 0.3580
2026-04-09 12:22:56      epoch  31  loss 1.4867  acc 0.3774  val_loss 1.4777  val_acc 0.3917
2026-04-09 12:22:59      epoch  32  loss 1.4684  acc 0.3919  val_loss 1.4923  val_acc 0.3787
2026-04-09 12:23:02      epoch  33  loss 1.4794  acc 0.3936  val_loss 1.4990  val_acc 0.3678
2026-04-09 12:23:04      epoch  34  loss 1.4735  acc 0.3889  val_loss 1.4942  val_acc 0.4102
2026-04-09 12:23:07      epoch  35  loss 1.4468  acc 0.4029  val_loss 1.4685  val_acc 0.4113
2026-04-09 12:23:10      epoch  36  loss 1.4664  acc 0.3945  val_loss 1.4652  val_acc 0.4255
2026-04-09 12:23:12      epoch  37  loss 1.4482  acc 0.3973  val_loss 1.4626  val_acc 0.4233
2026-04-09 12:23:15      epoch  38  loss 1.4528  acc 0.4073  val_loss 1.4578  val_acc 0.4157
2026-04-09 12:23:18      epoch  39  loss 1.4264  acc 0.4147  val_loss 1.4595  val_acc 0.4124
2026-04-09 12:23:21      epoch  40  loss 1.4313  acc 0.4088  val_loss 1.4454  val_acc 0.3896
2026-04-09 12:23:24      epoch  41  loss 1.4115  acc 0.4177  val_loss 1.4465  val_acc 0.4135
2026-04-09 12:23:27      epoch  42  loss 1.4098  acc 0.4270  val_loss 1.4414  val_acc 0.4102
2026-04-09 12:23:30      epoch  43  loss 1.4017  acc 0.4291  val_loss 1.4671  val_acc 0.3874
2026-04-09 12:23:33      epoch  44  loss 1.3963  acc 0.4284  val_loss 1.4157  val_acc 0.4309
2026-04-09 12:23:36      epoch  45  loss 1.3874  acc 0.4316  val_loss 1.4303  val_acc 0.4211
2026-04-09 12:23:39      epoch  46  loss 1.3984  acc 0.4278  val_loss 1.4278  val_acc 0.4081
2026-04-09 12:23:41      epoch  47  loss 1.3810  acc 0.4372  val_loss 1.4176  val_acc 0.4178
2026-04-09 12:23:44      epoch  48  loss 1.3857  acc 0.4375  val_loss 1.4253  val_acc 0.4189
2026-04-09 12:23:46      epoch  49  loss 1.3805  acc 0.4363  val_loss 1.4116  val_acc 0.4287
2026-04-09 12:23:49      epoch  50  loss 1.3637  acc 0.4491  val_loss 1.3952  val_acc 0.4331
2026-04-09 12:23:52      epoch  51  loss 1.3605  acc 0.4418  val_loss 1.4082  val_acc 0.4331
2026-04-09 12:23:55      epoch  52  loss 1.3602  acc 0.4465  val_loss 1.4020  val_acc 0.4255
2026-04-09 12:23:58      epoch  53  loss 1.3644  acc 0.4476  val_loss 1.4046  val_acc 0.4255
2026-04-09 12:24:00      epoch  54  loss 1.3691  acc 0.4476  val_loss 1.3964  val_acc 0.4385
2026-04-09 12:24:03      epoch  55  loss 1.3681  acc 0.4417  val_loss 1.3958  val_acc 0.4440
2026-04-09 12:24:06      epoch  56  loss 1.3372  acc 0.4535  val_loss 1.4139  val_acc 0.4266
2026-04-09 12:24:09      epoch  57  loss 1.3347  acc 0.4598  val_loss 1.3832  val_acc 0.4396
2026-04-09 12:24:12      epoch  58  loss 1.3220  acc 0.4638  val_loss 1.3694  val_acc 0.4494
2026-04-09 12:24:14      epoch  59  loss 1.3117  acc 0.4633  val_loss 1.3747  val_acc 0.4407
2026-04-09 12:24:17      epoch  60  loss 1.3010  acc 0.4685  val_loss 1.3762  val_acc 0.4385
2026-04-09 12:24:20      epoch  61  loss 1.2985  acc 0.4735  val_loss 1.3814  val_acc 0.4472
2026-04-09 12:24:22      epoch  62  loss 1.3045  acc 0.4804  val_loss 1.4134  val_acc 0.4461
2026-04-09 12:24:25      epoch  63  loss 1.3004  acc 0.4726  val_loss 1.3742  val_acc 0.4559
2026-04-09 12:24:28      epoch  64  loss 1.2840  acc 0.4790  val_loss 1.3655  val_acc 0.4570
2026-04-09 12:24:31      epoch  65  loss 1.2815  acc 0.4878  val_loss 1.3613  val_acc 0.4581
2026-04-09 12:24:34      epoch  66  loss 1.2743  acc 0.4853  val_loss 1.3763  val_acc 0.4483
2026-04-09 12:24:36      epoch  67  loss 1.2612  acc 0.4931  val_loss 1.3734  val_acc 0.4592
2026-04-09 12:24:39      epoch  68  loss 1.2593  acc 0.4901  val_loss 1.3672  val_acc 0.4646
2026-04-09 12:24:42      epoch  69  loss 1.2537  acc 0.4932  val_loss 1.3716  val_acc 0.4777
2026-04-09 12:24:44      epoch  70  loss 1.2519  acc 0.4986  val_loss 1.3568  val_acc 0.4723
2026-04-09 12:24:47      epoch  71  loss 1.2550  acc 0.4944  val_loss 1.3633  val_acc 0.4614
2026-04-09 12:24:50      epoch  72  loss 1.2442  acc 0.4992  val_loss 1.3685  val_acc 0.4690
2026-04-09 12:24:53      epoch  73  loss 1.2521  acc 0.4949  val_loss 1.3676  val_acc 0.4592
2026-04-09 12:24:56      epoch  74  loss 1.2409  acc 0.5004  val_loss 1.3632  val_acc 0.4625
2026-04-09 12:24:59      epoch  75  loss 1.2378  acc 0.5010  val_loss 1.3576  val_acc 0.4690
2026-04-09 12:25:01      epoch  76  loss 1.2366  acc 0.5036  val_loss 1.3550  val_acc 0.4723
2026-04-09 12:25:04      epoch  77  loss 1.2194  acc 0.5053  val_loss 1.3588  val_acc 0.4657
2026-04-09 12:25:07      epoch  78  loss 1.2189  acc 0.5062  val_loss 1.3605  val_acc 0.4712
2026-04-09 12:25:10      epoch  79  loss 1.2145  acc 0.5064  val_loss 1.3603  val_acc 0.4646
2026-04-09 12:25:12      epoch  80  loss 1.2161  acc 0.5133  val_loss 1.3593  val_acc 0.4679
2026-04-09 12:25:15      epoch  81  loss 1.2166  acc 0.5110  val_loss 1.3614  val_acc 0.4744
2026-04-09 12:25:18      epoch  82  loss 1.2028  acc 0.5150  val_loss 1.3608  val_acc 0.4668
2026-04-09 12:25:21      epoch  83  loss 1.2039  acc 0.5227  val_loss 1.3570  val_acc 0.4799
2026-04-09 12:25:24      epoch  84  loss 1.2050  acc 0.5181  val_loss 1.3563  val_acc 0.4744
2026-04-09 12:25:24      Early stopping at epoch 84
2026-04-09 12:25:24      User3 accuracy: 0.5059
2026-04-09 12:25:25    ─── LOSO fold: User4 (test=542, train=9167)
2026-04-09 12:25:28      epoch   1  loss 2.1927  acc 0.1749  val_loss 1.9286  val_acc 0.2533
2026-04-09 12:25:31      epoch   2  loss 1.9177  acc 0.2251  val_loss 1.9230  val_acc 0.2587
2026-04-09 12:25:34      epoch   3  loss 1.8323  acc 0.2463  val_loss 1.7556  val_acc 0.2817
2026-04-09 12:25:37      epoch   4  loss 1.7433  acc 0.2740  val_loss 1.7062  val_acc 0.3002
2026-04-09 12:25:39      epoch   5  loss 1.7417  acc 0.2781  val_loss 1.7174  val_acc 0.2718
2026-04-09 12:25:42      epoch   6  loss 1.7366  acc 0.2855  val_loss 1.6862  val_acc 0.3079
2026-04-09 12:25:45      epoch   7  loss 1.6830  acc 0.3013  val_loss 1.6780  val_acc 0.2991
2026-04-09 12:25:48      epoch   8  loss 1.6819  acc 0.3008  val_loss 1.7146  val_acc 0.2795
2026-04-09 12:25:51      epoch   9  loss 1.6966  acc 0.2963  val_loss 1.7286  val_acc 0.2806
2026-04-09 12:25:54      epoch  10  loss 1.6769  acc 0.3069  val_loss 1.6465  val_acc 0.2991
2026-04-09 12:25:57      epoch  11  loss 1.6583  acc 0.3132  val_loss 1.6424  val_acc 0.3177
2026-04-09 12:25:59      epoch  12  loss 1.6457  acc 0.3120  val_loss 1.6146  val_acc 0.3111
2026-04-09 12:26:02      epoch  13  loss 1.6352  acc 0.3157  val_loss 1.6358  val_acc 0.3341
2026-04-09 12:26:05      epoch  14  loss 1.6458  acc 0.3133  val_loss 1.6396  val_acc 0.3177
2026-04-09 12:26:07      epoch  15  loss 1.6410  acc 0.3206  val_loss 1.6187  val_acc 0.3122
2026-04-09 12:26:10      epoch  16  loss 1.8820  acc 0.2678  val_loss 1.8000  val_acc 0.2817
2026-04-09 12:26:13      epoch  17  loss 1.7360  acc 0.2802  val_loss 1.6579  val_acc 0.2948
2026-04-09 12:26:16      epoch  18  loss 1.6678  acc 0.3055  val_loss 1.6519  val_acc 0.2959
2026-04-09 12:26:18      epoch  19  loss 1.6437  acc 0.3127  val_loss 1.6295  val_acc 0.3210
2026-04-09 12:26:21      epoch  20  loss 1.6334  acc 0.3249  val_loss 1.6291  val_acc 0.3319
2026-04-09 12:26:21      Early stopping at epoch 20
2026-04-09 12:26:21      User4 accuracy: 0.3210
2026-04-09 12:26:22    ─── LOSO fold: User5 (test=534, train=9175)
2026-04-09 12:26:25      epoch   1  loss 2.1990  acc 0.1617  val_loss 1.9578  val_acc 0.1527
2026-04-09 12:26:28      epoch   2  loss 1.9350  acc 0.2211  val_loss 1.7941  val_acc 0.2890
2026-04-09 12:26:31      epoch   3  loss 1.8464  acc 0.2409  val_loss 1.7331  val_acc 0.2683
2026-04-09 12:26:33      epoch   4  loss 1.7741  acc 0.2674  val_loss 1.8863  val_acc 0.2116
2026-04-09 12:26:36      epoch   5  loss 1.8049  acc 0.2542  val_loss 1.6856  val_acc 0.2966
2026-04-09 12:26:39      epoch   6  loss 1.7244  acc 0.2888  val_loss 1.6524  val_acc 0.3304
2026-04-09 12:26:42      epoch   7  loss 1.7096  acc 0.2868  val_loss 1.6759  val_acc 0.2879
2026-04-09 12:26:45      epoch   8  loss 1.7023  acc 0.2961  val_loss 1.6311  val_acc 0.3064
2026-04-09 12:26:48      epoch   9  loss 1.7279  acc 0.2924  val_loss 1.6343  val_acc 0.3610
2026-04-09 12:26:50      epoch  10  loss 1.6860  acc 0.2956  val_loss 1.6205  val_acc 0.3348
2026-04-09 12:26:54      epoch  11  loss 1.6648  acc 0.3003  val_loss 1.6304  val_acc 0.3162
2026-04-09 12:26:57      epoch  12  loss 1.6659  acc 0.3021  val_loss 1.6097  val_acc 0.3141
2026-04-09 12:27:00      epoch  13  loss 1.6734  acc 0.2930  val_loss 1.6558  val_acc 0.3108
2026-04-09 12:27:03      epoch  14  loss 1.6563  acc 0.3052  val_loss 1.5858  val_acc 0.3359
2026-04-09 12:27:05      epoch  15  loss 1.6385  acc 0.3077  val_loss 1.5748  val_acc 0.3435
2026-04-09 12:27:08      epoch  16  loss 1.7457  acc 0.2780  val_loss 1.5940  val_acc 0.3642
2026-04-09 12:27:11      epoch  17  loss 1.6609  acc 0.3092  val_loss 1.5821  val_acc 0.3468
2026-04-09 12:27:14      epoch  18  loss 1.6257  acc 0.3201  val_loss 1.5777  val_acc 0.3642
2026-04-09 12:27:17      epoch  19  loss 1.6236  acc 0.3213  val_loss 1.5573  val_acc 0.3511
2026-04-09 12:27:19      epoch  20  loss 1.7021  acc 0.2960  val_loss 1.7016  val_acc 0.3141
2026-04-09 12:27:22      epoch  21  loss 1.6810  acc 0.3082  val_loss 1.7856  val_acc 0.2955
2026-04-09 12:27:25      epoch  22  loss 1.6915  acc 0.3090  val_loss 1.5749  val_acc 0.3501
2026-04-09 12:27:28      epoch  23  loss 1.6288  acc 0.3194  val_loss 1.5701  val_acc 0.3446
2026-04-09 12:27:31      epoch  24  loss 1.6130  acc 0.3239  val_loss 1.5577  val_acc 0.3402
2026-04-09 12:27:34      epoch  25  loss 1.5972  acc 0.3352  val_loss 1.5447  val_acc 0.3599
2026-04-09 12:27:37      epoch  26  loss 1.5950  acc 0.3288  val_loss 1.5387  val_acc 0.3631
2026-04-09 12:27:40      epoch  27  loss 1.5883  acc 0.3370  val_loss 1.5366  val_acc 0.3762
2026-04-09 12:27:43      epoch  28  loss 1.5792  acc 0.3426  val_loss 1.5333  val_acc 0.3850
2026-04-09 12:27:46      epoch  29  loss 1.5784  acc 0.3381  val_loss 1.5250  val_acc 0.3697
2026-04-09 12:27:49      epoch  30  loss 1.5726  acc 0.3320  val_loss 1.5204  val_acc 0.3893
2026-04-09 12:27:52      epoch  31  loss 1.5655  acc 0.3400  val_loss 1.5175  val_acc 0.3642
2026-04-09 12:27:55      epoch  32  loss 1.5562  acc 0.3392  val_loss 1.5171  val_acc 0.3675
2026-04-09 12:27:58      epoch  33  loss 1.5577  acc 0.3376  val_loss 1.5141  val_acc 0.3904
2026-04-09 12:28:01      epoch  34  loss 1.5554  acc 0.3377  val_loss 1.5049  val_acc 0.3980
2026-04-09 12:28:04      epoch  35  loss 1.5465  acc 0.3457  val_loss 1.5055  val_acc 0.3795
2026-04-09 12:28:07      epoch  36  loss 1.5450  acc 0.3471  val_loss 1.4955  val_acc 0.3915
2026-04-09 12:28:10      epoch  37  loss 1.5400  acc 0.3485  val_loss 1.5013  val_acc 0.3937
2026-04-09 12:28:13      epoch  38  loss 1.5299  acc 0.3530  val_loss 1.4873  val_acc 0.3904
2026-04-09 12:28:16      epoch  39  loss 1.5293  acc 0.3576  val_loss 1.4827  val_acc 0.3850
2026-04-09 12:28:18      epoch  40  loss 1.5203  acc 0.3643  val_loss 1.4825  val_acc 0.3839
2026-04-09 12:28:21      epoch  41  loss 1.5228  acc 0.3618  val_loss 1.4829  val_acc 0.3740
2026-04-09 12:28:24      epoch  42  loss 1.5104  acc 0.3663  val_loss 1.4898  val_acc 0.3948
2026-04-09 12:28:27      epoch  43  loss 1.4945  acc 0.3807  val_loss 1.4393  val_acc 0.4057
2026-04-09 12:28:30      epoch  44  loss 1.4903  acc 0.3778  val_loss 1.4424  val_acc 0.4068
2026-04-09 12:28:33      epoch  45  loss 1.4856  acc 0.3828  val_loss 1.4553  val_acc 0.4002
2026-04-09 12:28:36      epoch  46  loss 1.4879  acc 0.3807  val_loss 1.4306  val_acc 0.4079
2026-04-09 12:28:39      epoch  47  loss 1.4680  acc 0.3926  val_loss 1.4348  val_acc 0.4035
2026-04-09 12:28:42      epoch  48  loss 1.4649  acc 0.3959  val_loss 1.4109  val_acc 0.4308
2026-04-09 12:28:45      epoch  49  loss 1.5145  acc 0.3727  val_loss 1.4753  val_acc 0.3871
2026-04-09 12:28:48      epoch  50  loss 1.5038  acc 0.3793  val_loss 1.4430  val_acc 0.4177
2026-04-09 12:28:51      epoch  51  loss 1.4669  acc 0.3894  val_loss 1.4151  val_acc 0.4264
2026-04-09 12:28:54      epoch  52  loss 1.4501  acc 0.3842  val_loss 1.4231  val_acc 0.4231
2026-04-09 12:28:57      epoch  53  loss 1.4554  acc 0.3890  val_loss 1.4025  val_acc 0.4177
2026-04-09 12:29:00      epoch  54  loss 1.4314  acc 0.3989  val_loss 1.4000  val_acc 0.4198
2026-04-09 12:29:03      epoch  55  loss 1.4454  acc 0.4011  val_loss 1.4068  val_acc 0.4220
2026-04-09 12:29:05      epoch  56  loss 1.4213  acc 0.4075  val_loss 1.3941  val_acc 0.4188
2026-04-09 12:29:08      epoch  57  loss 1.4236  acc 0.4062  val_loss 1.3952  val_acc 0.4188
2026-04-09 12:29:11      epoch  58  loss 1.4232  acc 0.4089  val_loss 1.3848  val_acc 0.4253
2026-04-09 12:29:14      epoch  59  loss 1.4074  acc 0.4145  val_loss 1.3928  val_acc 0.4209
2026-04-09 12:29:17      epoch  60  loss 1.4202  acc 0.4080  val_loss 1.3888  val_acc 0.4242
2026-04-09 12:29:20      epoch  61  loss 1.4089  acc 0.4155  val_loss 1.3941  val_acc 0.4111
2026-04-09 12:29:23      epoch  62  loss 1.4178  acc 0.4034  val_loss 1.3960  val_acc 0.4297
2026-04-09 12:29:26      epoch  63  loss 1.4022  acc 0.4066  val_loss 1.3795  val_acc 0.4308
2026-04-09 12:29:29      epoch  64  loss 1.3946  acc 0.4140  val_loss 1.3907  val_acc 0.4395
2026-04-09 12:29:31      epoch  65  loss 1.4066  acc 0.4171  val_loss 1.3829  val_acc 0.4286
2026-04-09 12:29:34      epoch  66  loss 1.3962  acc 0.4169  val_loss 1.3787  val_acc 0.4111
2026-04-09 12:29:37      epoch  67  loss 1.3813  acc 0.4249  val_loss 1.3670  val_acc 0.4384
2026-04-09 12:29:40      epoch  68  loss 1.3787  acc 0.4187  val_loss 1.3755  val_acc 0.4340
2026-04-09 12:29:43      epoch  69  loss 1.3750  acc 0.4230  val_loss 1.3984  val_acc 0.4286
2026-04-09 12:29:46      epoch  70  loss 1.3884  acc 0.4215  val_loss 1.3690  val_acc 0.4438
2026-04-09 12:29:48      epoch  71  loss 1.3676  acc 0.4266  val_loss 1.3715  val_acc 0.4351
2026-04-09 12:29:51      epoch  72  loss 1.3632  acc 0.4252  val_loss 1.3699  val_acc 0.4406
2026-04-09 12:29:54      epoch  73  loss 1.3554  acc 0.4326  val_loss 1.3631  val_acc 0.4427
2026-04-09 12:29:57      epoch  74  loss 1.3450  acc 0.4419  val_loss 1.3618  val_acc 0.4395
2026-04-09 12:30:00      epoch  75  loss 1.3424  acc 0.4414  val_loss 1.3747  val_acc 0.4493
2026-04-09 12:30:03      epoch  76  loss 1.3404  acc 0.4416  val_loss 1.3545  val_acc 0.4580
2026-04-09 12:30:06      epoch  77  loss 1.3386  acc 0.4485  val_loss 1.3583  val_acc 0.4591
2026-04-09 12:30:09      epoch  78  loss 1.3344  acc 0.4518  val_loss 1.3509  val_acc 0.4373
2026-04-09 12:30:12      epoch  79  loss 1.3483  acc 0.4384  val_loss 1.3635  val_acc 0.4438
2026-04-09 12:30:15      epoch  80  loss 1.3381  acc 0.4376  val_loss 1.3520  val_acc 0.4449
2026-04-09 12:30:17      epoch  81  loss 1.3369  acc 0.4438  val_loss 1.3630  val_acc 0.4558
2026-04-09 12:30:20      epoch  82  loss 1.3292  acc 0.4507  val_loss 1.3553  val_acc 0.4613
2026-04-09 12:30:23      epoch  83  loss 1.3230  acc 0.4597  val_loss 1.3522  val_acc 0.4646
2026-04-09 12:30:26      epoch  84  loss 1.3193  acc 0.4537  val_loss 1.3502  val_acc 0.4591
2026-04-09 12:30:29      epoch  85  loss 1.3137  acc 0.4625  val_loss 1.3412  val_acc 0.4809
2026-04-09 12:30:32      epoch  86  loss 1.3151  acc 0.4554  val_loss 1.3377  val_acc 0.4635
2026-04-09 12:30:34      epoch  87  loss 1.3096  acc 0.4660  val_loss 1.3470  val_acc 0.4733
2026-04-09 12:30:37      epoch  88  loss 1.3039  acc 0.4672  val_loss 1.3390  val_acc 0.4809
2026-04-09 12:30:40      epoch  89  loss 1.2993  acc 0.4705  val_loss 1.3431  val_acc 0.4646
2026-04-09 12:30:43      epoch  90  loss 1.3054  acc 0.4631  val_loss 1.3487  val_acc 0.4569
2026-04-09 12:30:46      epoch  91  loss 1.3023  acc 0.4625  val_loss 1.3392  val_acc 0.4689
2026-04-09 12:30:49      epoch  92  loss 1.2967  acc 0.4631  val_loss 1.3396  val_acc 0.4733
2026-04-09 12:30:51      epoch  93  loss 1.2902  acc 0.4684  val_loss 1.3396  val_acc 0.4809
2026-04-09 12:30:54      epoch  94  loss 1.2912  acc 0.4657  val_loss 1.3407  val_acc 0.4809
2026-04-09 12:30:54      Early stopping at epoch 94
2026-04-09 12:30:54      User5 accuracy: 0.4663
2026-04-09 12:30:56    ─── LOSO fold: User6 (test=518, train=9191)
2026-04-09 12:30:58      epoch   1  loss 2.1698  acc 0.1787  val_loss 1.8716  val_acc 0.2601
2026-04-09 12:31:01      epoch   2  loss 1.8606  acc 0.2508  val_loss 1.9104  val_acc 0.2220
2026-04-09 12:31:04      epoch   3  loss 1.8152  acc 0.2580  val_loss 1.7511  val_acc 0.2884
2026-04-09 12:31:07      epoch   4  loss 1.7993  acc 0.2627  val_loss 1.7093  val_acc 0.2862
2026-04-09 12:31:10      epoch   5  loss 1.7708  acc 0.2731  val_loss 1.7249  val_acc 0.2786
2026-04-09 12:31:12      epoch   6  loss 1.7065  acc 0.2932  val_loss 1.7042  val_acc 0.3188
2026-04-09 12:31:15      epoch   7  loss 1.7248  acc 0.2899  val_loss 1.7284  val_acc 0.2916
2026-04-09 12:31:18      epoch   8  loss 1.7055  acc 0.2938  val_loss 1.6214  val_acc 0.3156
2026-04-09 12:31:21      epoch   9  loss 1.6956  acc 0.2956  val_loss 1.6202  val_acc 0.3275
2026-04-09 12:31:23      epoch  10  loss 1.6714  acc 0.3109  val_loss 1.6496  val_acc 0.3112
2026-04-09 12:31:26      epoch  11  loss 1.6551  acc 0.3072  val_loss 1.6042  val_acc 0.3166
2026-04-09 12:31:29      epoch  12  loss 1.6369  acc 0.3144  val_loss 1.6173  val_acc 0.3286
2026-04-09 12:31:32      epoch  13  loss 1.6546  acc 0.3141  val_loss 1.6602  val_acc 0.3014
2026-04-09 12:31:35      epoch  14  loss 1.6726  acc 0.2950  val_loss 1.6592  val_acc 0.3047
2026-04-09 12:31:38      epoch  15  loss 1.6626  acc 0.3039  val_loss 1.5926  val_acc 0.3275
2026-04-09 12:31:41      epoch  16  loss 1.6352  acc 0.3123  val_loss 1.6621  val_acc 0.3275
2026-04-09 12:31:44      epoch  17  loss 1.7179  acc 0.2953  val_loss 1.6245  val_acc 0.3330
2026-04-09 12:31:46      epoch  18  loss 1.6384  acc 0.3143  val_loss 1.5922  val_acc 0.3395
2026-04-09 12:31:49      epoch  19  loss 1.6237  acc 0.3218  val_loss 1.5825  val_acc 0.3373
2026-04-09 12:31:52      epoch  20  loss 1.6106  acc 0.3269  val_loss 1.6042  val_acc 0.3286
2026-04-09 12:31:55      epoch  21  loss 1.6080  acc 0.3230  val_loss 1.5742  val_acc 0.3254
2026-04-09 12:31:57      epoch  22  loss 1.6051  acc 0.3264  val_loss 1.5756  val_acc 0.3319
2026-04-09 12:32:00      epoch  23  loss 1.5944  acc 0.3363  val_loss 1.5622  val_acc 0.3264
2026-04-09 12:32:03      epoch  24  loss 1.5838  acc 0.3349  val_loss 1.5642  val_acc 0.3493
2026-04-09 12:32:06      epoch  25  loss 1.5809  acc 0.3439  val_loss 1.5528  val_acc 0.3602
2026-04-09 12:32:09      epoch  26  loss 1.5814  acc 0.3391  val_loss 1.5509  val_acc 0.3580
2026-04-09 12:32:12      epoch  27  loss 1.5747  acc 0.3367  val_loss 1.5472  val_acc 0.3493
2026-04-09 12:32:15      epoch  28  loss 1.5749  acc 0.3386  val_loss 1.6275  val_acc 0.3221
2026-04-09 12:32:18      epoch  29  loss 1.5610  acc 0.3480  val_loss 1.5171  val_acc 0.3526
2026-04-09 12:32:20      epoch  30  loss 1.5545  acc 0.3459  val_loss 1.5293  val_acc 0.3536
2026-04-09 12:32:23      epoch  31  loss 1.5522  acc 0.3491  val_loss 1.5789  val_acc 0.3580
2026-04-09 12:32:26      epoch  32  loss 1.5537  acc 0.3582  val_loss 1.5088  val_acc 0.3624
2026-04-09 12:32:29      epoch  33  loss 1.5231  acc 0.3599  val_loss 1.4846  val_acc 0.3558
2026-04-09 12:32:31      epoch  34  loss 1.5326  acc 0.3578  val_loss 1.4878  val_acc 0.3743
2026-04-09 12:32:34      epoch  35  loss 1.5203  acc 0.3670  val_loss 1.4979  val_acc 0.3591
2026-04-09 12:32:37      epoch  36  loss 1.5288  acc 0.3493  val_loss 1.5605  val_acc 0.3613
2026-04-09 12:32:40      epoch  37  loss 1.5281  acc 0.3515  val_loss 1.4615  val_acc 0.3776
2026-04-09 12:32:43      epoch  38  loss 1.4939  acc 0.3673  val_loss 1.4573  val_acc 0.4004
2026-04-09 12:32:46      epoch  39  loss 1.5074  acc 0.3735  val_loss 1.4626  val_acc 0.3754
2026-04-09 12:32:49      epoch  40  loss 1.4931  acc 0.3746  val_loss 1.4660  val_acc 0.3885
2026-04-09 12:32:51      epoch  41  loss 1.4941  acc 0.3717  val_loss 1.4313  val_acc 0.4059
2026-04-09 12:32:54      epoch  42  loss 1.4811  acc 0.3802  val_loss 1.4522  val_acc 0.3896
2026-04-09 12:32:57      epoch  43  loss 1.4778  acc 0.3875  val_loss 1.4194  val_acc 0.4026
2026-04-09 12:33:00      epoch  44  loss 1.4742  acc 0.3925  val_loss 1.4079  val_acc 0.4178
2026-04-09 12:33:03      epoch  45  loss 1.4427  acc 0.4018  val_loss 1.4008  val_acc 0.4135
2026-04-09 12:33:06      epoch  46  loss 1.4457  acc 0.3963  val_loss 1.3961  val_acc 0.4157
2026-04-09 12:33:08      epoch  47  loss 1.4431  acc 0.3974  val_loss 1.3775  val_acc 0.4331
2026-04-09 12:33:11      epoch  48  loss 1.4360  acc 0.3935  val_loss 1.3813  val_acc 0.4222
2026-04-09 12:33:14      epoch  49  loss 1.4807  acc 0.3895  val_loss 1.4057  val_acc 0.4059
2026-04-09 12:33:16      epoch  50  loss 1.4585  acc 0.3881  val_loss 1.3869  val_acc 0.4091
2026-04-09 12:33:19      epoch  51  loss 1.4226  acc 0.4049  val_loss 1.3599  val_acc 0.4135
2026-04-09 12:33:22      epoch  52  loss 1.4136  acc 0.4037  val_loss 1.3778  val_acc 0.4146
2026-04-09 12:33:25      epoch  53  loss 1.4101  acc 0.4119  val_loss 1.3682  val_acc 0.4255
2026-04-09 12:33:28      epoch  54  loss 1.4115  acc 0.4167  val_loss 1.3745  val_acc 0.4157
2026-04-09 12:33:30      epoch  55  loss 1.4017  acc 0.4103  val_loss 1.3695  val_acc 0.4200
2026-04-09 12:33:34      epoch  56  loss 1.4135  acc 0.4066  val_loss 1.3521  val_acc 0.4309
2026-04-09 12:33:36      epoch  57  loss 1.3922  acc 0.4132  val_loss 1.3636  val_acc 0.4091
2026-04-09 12:33:39      epoch  58  loss 1.3858  acc 0.4124  val_loss 1.3858  val_acc 0.4157
2026-04-09 12:33:42      epoch  59  loss 1.3896  acc 0.4165  val_loss 1.3510  val_acc 0.4450
2026-04-09 12:33:45      epoch  60  loss 1.3837  acc 0.4212  val_loss 1.3674  val_acc 0.4091
2026-04-09 12:33:48      epoch  61  loss 1.3911  acc 0.4191  val_loss 1.3379  val_acc 0.4494
2026-04-09 12:33:51      epoch  62  loss 1.3768  acc 0.4238  val_loss 1.3394  val_acc 0.4255
2026-04-09 12:33:54      epoch  63  loss 1.3739  acc 0.4223  val_loss 1.3536  val_acc 0.4353
2026-04-09 12:33:57      epoch  64  loss 1.3703  acc 0.4215  val_loss 1.3389  val_acc 0.4363
2026-04-09 12:33:59      epoch  65  loss 1.3686  acc 0.4289  val_loss 1.3636  val_acc 0.4309
2026-04-09 12:34:02      epoch  66  loss 1.3626  acc 0.4287  val_loss 1.3299  val_acc 0.4407
2026-04-09 12:34:05      epoch  67  loss 1.3519  acc 0.4359  val_loss 1.3265  val_acc 0.4450
2026-04-09 12:34:08      epoch  68  loss 1.3688  acc 0.4318  val_loss 1.3418  val_acc 0.4309
2026-04-09 12:34:11      epoch  69  loss 1.3589  acc 0.4336  val_loss 1.3291  val_acc 0.4385
2026-04-09 12:34:14      epoch  70  loss 1.3489  acc 0.4433  val_loss 1.3872  val_acc 0.4320
2026-04-09 12:34:17      epoch  71  loss 1.3699  acc 0.4428  val_loss 1.3246  val_acc 0.4548
2026-04-09 12:34:20      epoch  72  loss 1.3391  acc 0.4536  val_loss 1.3094  val_acc 0.4581
2026-04-09 12:34:23      epoch  73  loss 1.3252  acc 0.4559  val_loss 1.3451  val_acc 0.4461
2026-04-09 12:34:26      epoch  74  loss 1.3337  acc 0.4554  val_loss 1.3119  val_acc 0.4679
2026-04-09 12:34:28      epoch  75  loss 1.3524  acc 0.4477  val_loss 1.3143  val_acc 0.4744
2026-04-09 12:34:31      epoch  76  loss 1.3171  acc 0.4622  val_loss 1.2950  val_acc 0.4777
2026-04-09 12:34:34      epoch  77  loss 1.3158  acc 0.4674  val_loss 1.3061  val_acc 0.4559
2026-04-09 12:34:36      epoch  78  loss 1.3100  acc 0.4689  val_loss 1.3123  val_acc 0.4646
2026-04-09 12:34:39      epoch  79  loss 1.3052  acc 0.4617  val_loss 1.3125  val_acc 0.4538
2026-04-09 12:34:42      epoch  80  loss 1.3197  acc 0.4670  val_loss 1.3031  val_acc 0.4679
2026-04-09 12:34:44      epoch  81  loss 1.3165  acc 0.4658  val_loss 1.2952  val_acc 0.4820
2026-04-09 12:34:47      epoch  82  loss 1.2865  acc 0.4820  val_loss 1.2865  val_acc 0.4777
2026-04-09 12:34:50      epoch  83  loss 1.2674  acc 0.4925  val_loss 1.2921  val_acc 0.4897
2026-04-09 12:34:52      epoch  84  loss 1.2572  acc 0.4906  val_loss 1.2722  val_acc 0.4820
2026-04-09 12:34:55      epoch  85  loss 1.2543  acc 0.4917  val_loss 1.2668  val_acc 0.4864
2026-04-09 12:34:57      epoch  86  loss 1.2459  acc 0.5010  val_loss 1.2671  val_acc 0.4810
2026-04-09 12:35:00      epoch  87  loss 1.2530  acc 0.4898  val_loss 1.2703  val_acc 0.4690
2026-04-09 12:35:03      epoch  88  loss 1.2464  acc 0.4952  val_loss 1.2639  val_acc 0.4886
2026-04-09 12:35:05      epoch  89  loss 1.2259  acc 0.5037  val_loss 1.2789  val_acc 0.4995
2026-04-09 12:35:07      epoch  90  loss 1.2257  acc 0.5046  val_loss 1.2482  val_acc 0.5103
2026-04-09 12:35:10      epoch  91  loss 1.2248  acc 0.5115  val_loss 1.2719  val_acc 0.4864
2026-04-09 12:35:12      epoch  92  loss 1.2179  acc 0.5109  val_loss 1.2697  val_acc 0.4908
2026-04-09 12:35:14      epoch  93  loss 1.2186  acc 0.5051  val_loss 1.2630  val_acc 0.4984
2026-04-09 12:35:17      epoch  94  loss 1.2187  acc 0.5085  val_loss 1.2732  val_acc 0.4973
2026-04-09 12:35:19      epoch  95  loss 1.2276  acc 0.5069  val_loss 1.2445  val_acc 0.4984
2026-04-09 12:35:21      epoch  96  loss 1.1956  acc 0.5202  val_loss 1.2567  val_acc 0.5005
2026-04-09 12:35:24      epoch  97  loss 1.1956  acc 0.5187  val_loss 1.2731  val_acc 0.4766
2026-04-09 12:35:26      epoch  98  loss 1.2040  acc 0.5112  val_loss 1.2673  val_acc 0.4940
2026-04-09 12:35:28      epoch  99  loss 1.1823  acc 0.5284  val_loss 1.2540  val_acc 0.4842
2026-04-09 12:35:31      epoch 100  loss 1.1886  acc 0.5207  val_loss 1.2539  val_acc 0.5038
2026-04-09 12:35:31      User6 accuracy: 0.4537
2026-04-09 12:35:32    ─── LOSO fold: User7 (test=1128, train=8581)
2026-04-09 12:35:34      epoch   1  loss 2.2275  acc 0.1560  val_loss 2.0220  val_acc 0.2261
2026-04-09 12:35:36      epoch   2  loss 1.9083  acc 0.2328  val_loss 1.8081  val_acc 0.2483
2026-04-09 12:35:38      epoch   3  loss 1.7926  acc 0.2639  val_loss 1.9996  val_acc 0.1970
2026-04-09 12:35:40      epoch   4  loss 1.7979  acc 0.2604  val_loss 1.7718  val_acc 0.2890
2026-04-09 12:35:43      epoch   5  loss 1.7446  acc 0.2766  val_loss 1.7286  val_acc 0.3205
2026-04-09 12:35:45      epoch   6  loss 1.7152  acc 0.2920  val_loss 1.7191  val_acc 0.3124
2026-04-09 12:35:47      epoch   7  loss 1.6843  acc 0.2983  val_loss 1.7177  val_acc 0.3159
2026-04-09 12:35:49      epoch   8  loss 1.6835  acc 0.2969  val_loss 1.7075  val_acc 0.3042
2026-04-09 12:35:52      epoch   9  loss 1.6764  acc 0.3005  val_loss 1.7233  val_acc 0.2902
2026-04-09 12:35:54      epoch  10  loss 1.6820  acc 0.2959  val_loss 1.7066  val_acc 0.3077
2026-04-09 12:35:56      epoch  11  loss 1.6573  acc 0.2968  val_loss 1.7561  val_acc 0.3065
2026-04-09 12:35:58      epoch  12  loss 1.7031  acc 0.2951  val_loss 1.7051  val_acc 0.3065
2026-04-09 12:36:00      epoch  13  loss 1.6928  acc 0.2921  val_loss 1.6907  val_acc 0.3228
2026-04-09 12:36:03      epoch  14  loss 1.6478  acc 0.3048  val_loss 1.6936  val_acc 0.3042
2026-04-09 12:36:05      epoch  15  loss 1.6380  acc 0.3088  val_loss 1.6711  val_acc 0.3124
2026-04-09 12:36:07      epoch  16  loss 1.6343  acc 0.3102  val_loss 1.6746  val_acc 0.3228
2026-04-09 12:36:09      epoch  17  loss 1.6311  acc 0.3165  val_loss 1.7027  val_acc 0.2832
2026-04-09 12:36:11      epoch  18  loss 1.6304  acc 0.3097  val_loss 1.6690  val_acc 0.3333
2026-04-09 12:36:14      epoch  19  loss 1.6385  acc 0.3148  val_loss 1.6763  val_acc 0.3077
2026-04-09 12:36:16      epoch  20  loss 1.6260  acc 0.3172  val_loss 1.6595  val_acc 0.3135
2026-04-09 12:36:18      epoch  21  loss 1.6103  acc 0.3232  val_loss 1.6763  val_acc 0.3089
2026-04-09 12:36:20      epoch  22  loss 1.6168  acc 0.3105  val_loss 1.6672  val_acc 0.3252
2026-04-09 12:36:22      epoch  23  loss 1.6032  acc 0.3240  val_loss 1.6493  val_acc 0.3205
2026-04-09 12:36:24      epoch  24  loss 1.5906  acc 0.3317  val_loss 1.6337  val_acc 0.3287
2026-04-09 12:36:27      epoch  25  loss 1.5906  acc 0.3281  val_loss 1.6745  val_acc 0.3287
2026-04-09 12:36:29      epoch  26  loss 1.5878  acc 0.3266  val_loss 1.6357  val_acc 0.3263
2026-04-09 12:36:31      epoch  27  loss 1.5869  acc 0.3356  val_loss 1.6308  val_acc 0.3380
2026-04-09 12:36:33      epoch  28  loss 1.5913  acc 0.3400  val_loss 1.6405  val_acc 0.3450
2026-04-09 12:36:35      epoch  29  loss 1.5680  acc 0.3330  val_loss 1.6388  val_acc 0.3508
2026-04-09 12:36:37      epoch  30  loss 1.5558  acc 0.3478  val_loss 1.6890  val_acc 0.3275
2026-04-09 12:36:40      epoch  31  loss 1.5726  acc 0.3404  val_loss 1.6200  val_acc 0.3508
2026-04-09 12:36:42      epoch  32  loss 1.5525  acc 0.3457  val_loss 1.6036  val_acc 0.3392
2026-04-09 12:36:44      epoch  33  loss 1.5337  acc 0.3509  val_loss 1.6028  val_acc 0.3287
2026-04-09 12:36:46      epoch  34  loss 1.5210  acc 0.3609  val_loss 1.5891  val_acc 0.3625
2026-04-09 12:36:48      epoch  35  loss 1.5344  acc 0.3522  val_loss 1.6012  val_acc 0.3415
2026-04-09 12:36:50      epoch  36  loss 1.5091  acc 0.3622  val_loss 1.5707  val_acc 0.3893
2026-04-09 12:36:53      epoch  37  loss 1.4924  acc 0.3743  val_loss 1.5552  val_acc 0.3939
2026-04-09 12:36:55      epoch  38  loss 1.4986  acc 0.3778  val_loss 1.5779  val_acc 0.3834
2026-04-09 12:36:57      epoch  39  loss 1.4712  acc 0.3882  val_loss 1.5007  val_acc 0.4079
2026-04-09 12:36:59      epoch  40  loss 1.4463  acc 0.3957  val_loss 1.5192  val_acc 0.4033
2026-04-09 12:37:01      epoch  41  loss 1.4622  acc 0.3874  val_loss 1.5103  val_acc 0.4138
2026-04-09 12:37:04      epoch  42  loss 1.4496  acc 0.3993  val_loss 1.4741  val_acc 0.4009
2026-04-09 12:37:06      epoch  43  loss 1.4501  acc 0.3952  val_loss 1.4966  val_acc 0.4044
2026-04-09 12:37:08      epoch  44  loss 1.4399  acc 0.3989  val_loss 1.4580  val_acc 0.4219
2026-04-09 12:37:10      epoch  45  loss 1.4264  acc 0.4004  val_loss 1.4953  val_acc 0.4336
2026-04-09 12:37:12      epoch  46  loss 1.4192  acc 0.4057  val_loss 1.4625  val_acc 0.4021
2026-04-09 12:37:15      epoch  47  loss 1.4157  acc 0.4116  val_loss 1.4667  val_acc 0.4126
2026-04-09 12:37:17      epoch  48  loss 1.4003  acc 0.4143  val_loss 1.4424  val_acc 0.4557
2026-04-09 12:37:19      epoch  49  loss 1.3879  acc 0.4239  val_loss 1.4521  val_acc 0.4172
2026-04-09 12:37:21      epoch  50  loss 1.4089  acc 0.4064  val_loss 1.4328  val_acc 0.4464
2026-04-09 12:37:23      epoch  51  loss 1.3853  acc 0.4217  val_loss 1.4337  val_acc 0.4487
2026-04-09 12:37:26      epoch  52  loss 1.3889  acc 0.4273  val_loss 1.4158  val_acc 0.4417
2026-04-09 12:37:28      epoch  53  loss 1.3700  acc 0.4283  val_loss 1.4243  val_acc 0.4312
2026-04-09 12:37:30      epoch  54  loss 1.3519  acc 0.4343  val_loss 1.4517  val_acc 0.4324
2026-04-09 12:37:32      epoch  55  loss 1.3702  acc 0.4313  val_loss 1.4532  val_acc 0.4196
2026-04-09 12:37:35      epoch  56  loss 1.3597  acc 0.4382  val_loss 1.4646  val_acc 0.4359
2026-04-09 12:37:37      epoch  57  loss 1.3776  acc 0.4312  val_loss 1.4506  val_acc 0.4301
2026-04-09 12:37:39      epoch  58  loss 1.3646  acc 0.4299  val_loss 1.4223  val_acc 0.4464
2026-04-09 12:37:41      epoch  59  loss 1.3299  acc 0.4423  val_loss 1.4131  val_acc 0.4289
2026-04-09 12:37:43      epoch  60  loss 1.3317  acc 0.4432  val_loss 1.4032  val_acc 0.4254
2026-04-09 12:37:45      epoch  61  loss 1.3221  acc 0.4448  val_loss 1.3826  val_acc 0.4464
2026-04-09 12:37:48      epoch  62  loss 1.3168  acc 0.4529  val_loss 1.3967  val_acc 0.4347
2026-04-09 12:37:50      epoch  63  loss 1.3133  acc 0.4590  val_loss 1.4032  val_acc 0.4510
2026-04-09 12:37:52      epoch  64  loss 1.3072  acc 0.4507  val_loss 1.3842  val_acc 0.4394
2026-04-09 12:37:54      epoch  65  loss 1.3079  acc 0.4456  val_loss 1.3919  val_acc 0.4510
2026-04-09 12:37:57      epoch  66  loss 1.3017  acc 0.4544  val_loss 1.3924  val_acc 0.4429
2026-04-09 12:37:59      epoch  67  loss 1.2943  acc 0.4615  val_loss 1.3962  val_acc 0.4464
2026-04-09 12:38:01      epoch  68  loss 1.2873  acc 0.4563  val_loss 1.4068  val_acc 0.4429
2026-04-09 12:38:03      epoch  69  loss 1.2910  acc 0.4603  val_loss 1.3932  val_acc 0.4394
2026-04-09 12:38:03      Early stopping at epoch 69
2026-04-09 12:38:03      User7 accuracy: 0.3528
2026-04-09 12:38:04    ─── LOSO fold: User8 (test=1014, train=8695)
2026-04-09 12:38:06      epoch   1  loss 2.2244  acc 0.1604  val_loss 2.0769  val_acc 0.1772
2026-04-09 12:38:08      epoch   2  loss 1.9993  acc 0.2107  val_loss 1.9213  val_acc 0.2175
2026-04-09 12:38:10      epoch   3  loss 1.8909  acc 0.2423  val_loss 1.8258  val_acc 0.2555
2026-04-09 12:38:13      epoch   4  loss 1.8420  acc 0.2414  val_loss 1.8045  val_acc 0.2359
2026-04-09 12:38:15      epoch   5  loss 1.8483  acc 0.2585  val_loss 1.9339  val_acc 0.1979
2026-04-09 12:38:17      epoch   6  loss 1.8337  acc 0.2520  val_loss 1.7473  val_acc 0.2578
2026-04-09 12:38:19      epoch   7  loss 1.7348  acc 0.2903  val_loss 1.7108  val_acc 0.2865
2026-04-09 12:38:22      epoch   8  loss 1.7284  acc 0.2848  val_loss 1.7212  val_acc 0.2854
2026-04-09 12:38:24      epoch   9  loss 1.7313  acc 0.2875  val_loss 1.7257  val_acc 0.2957
2026-04-09 12:38:26      epoch  10  loss 1.7053  acc 0.2949  val_loss 1.6890  val_acc 0.2980
2026-04-09 12:38:28      epoch  11  loss 1.6741  acc 0.3060  val_loss 1.6798  val_acc 0.2969
2026-04-09 12:38:30      epoch  12  loss 1.6517  acc 0.3094  val_loss 1.6659  val_acc 0.2900
2026-04-09 12:38:33      epoch  13  loss 1.6390  acc 0.3156  val_loss 1.6396  val_acc 0.3072
2026-04-09 12:38:35      epoch  14  loss 1.6587  acc 0.3064  val_loss 1.6447  val_acc 0.3142
2026-04-09 12:38:37      epoch  15  loss 1.6540  acc 0.3155  val_loss 1.6279  val_acc 0.3314
2026-04-09 12:38:39      epoch  16  loss 1.6213  acc 0.3201  val_loss 1.6209  val_acc 0.3084
2026-04-09 12:38:41      epoch  17  loss 1.6183  acc 0.3258  val_loss 1.6229  val_acc 0.3326
2026-04-09 12:38:44      epoch  18  loss 1.6070  acc 0.3278  val_loss 1.6037  val_acc 0.3234
2026-04-09 12:38:46      epoch  19  loss 1.5956  acc 0.3133  val_loss 1.5790  val_acc 0.3360
2026-04-09 12:38:48      epoch  20  loss 1.6008  acc 0.3270  val_loss 1.6004  val_acc 0.2934
2026-04-09 12:38:51      epoch  21  loss 1.5749  acc 0.3410  val_loss 1.5583  val_acc 0.3395
2026-04-09 12:38:53      epoch  22  loss 1.5714  acc 0.3497  val_loss 1.5415  val_acc 0.3579
2026-04-09 12:38:55      epoch  23  loss 1.5613  acc 0.3465  val_loss 1.5438  val_acc 0.3671
2026-04-09 12:38:57      epoch  24  loss 1.5522  acc 0.3463  val_loss 1.5353  val_acc 0.3890
2026-04-09 12:39:00      epoch  25  loss 1.5445  acc 0.3493  val_loss 1.5114  val_acc 0.3924
2026-04-09 12:39:02      epoch  26  loss 1.5239  acc 0.3669  val_loss 1.4913  val_acc 0.3648
2026-04-09 12:39:04      epoch  27  loss 1.5361  acc 0.3592  val_loss 1.4950  val_acc 0.4005
2026-04-09 12:39:06      epoch  28  loss 1.5413  acc 0.3594  val_loss 1.5623  val_acc 0.3510
2026-04-09 12:39:08      epoch  29  loss 1.5568  acc 0.3611  val_loss 1.5244  val_acc 0.3717
2026-04-09 12:39:11      epoch  30  loss 1.5128  acc 0.3698  val_loss 1.5178  val_acc 0.3786
2026-04-09 12:39:13      epoch  31  loss 1.4934  acc 0.3814  val_loss 1.5072  val_acc 0.3682
2026-04-09 12:39:15      epoch  32  loss 1.4990  acc 0.3807  val_loss 1.4498  val_acc 0.4051
2026-04-09 12:39:17      epoch  33  loss 1.4616  acc 0.4001  val_loss 1.4357  val_acc 0.4166
2026-04-09 12:39:19      epoch  34  loss 1.4610  acc 0.3938  val_loss 1.4403  val_acc 0.4120
2026-04-09 12:39:22      epoch  35  loss 1.4554  acc 0.4060  val_loss 1.4175  val_acc 0.4246
2026-04-09 12:39:24      epoch  36  loss 1.4480  acc 0.4039  val_loss 1.4128  val_acc 0.4373
2026-04-09 12:39:26      epoch  37  loss 1.4443  acc 0.4030  val_loss 1.4396  val_acc 0.4074
2026-04-09 12:39:28      epoch  38  loss 1.4455  acc 0.4072  val_loss 1.4223  val_acc 0.4108
2026-04-09 12:39:31      epoch  39  loss 1.4507  acc 0.4006  val_loss 1.4204  val_acc 0.4338
2026-04-09 12:39:33      epoch  40  loss 1.4614  acc 0.3897  val_loss 1.4260  val_acc 0.4373
2026-04-09 12:39:35      epoch  41  loss 1.4315  acc 0.4089  val_loss 1.4187  val_acc 0.4223
2026-04-09 12:39:37      epoch  42  loss 1.4217  acc 0.4104  val_loss 1.4011  val_acc 0.4419
2026-04-09 12:39:39      epoch  43  loss 1.4081  acc 0.4107  val_loss 1.4000  val_acc 0.4407
2026-04-09 12:39:41      epoch  44  loss 1.3974  acc 0.4180  val_loss 1.3991  val_acc 0.4419
2026-04-09 12:39:44      epoch  45  loss 1.4014  acc 0.4208  val_loss 1.4040  val_acc 0.4304
2026-04-09 12:39:46      epoch  46  loss 1.4057  acc 0.4177  val_loss 1.4086  val_acc 0.4396
2026-04-09 12:39:48      epoch  47  loss 1.4118  acc 0.4158  val_loss 1.4259  val_acc 0.4304
2026-04-09 12:39:50      epoch  48  loss 1.4317  acc 0.4062  val_loss 1.4501  val_acc 0.4108
2026-04-09 12:39:52      epoch  49  loss 1.5886  acc 0.3780  val_loss 1.7585  val_acc 0.3257
2026-04-09 12:39:55      epoch  50  loss 1.6850  acc 0.3230  val_loss 1.6103  val_acc 0.3728
2026-04-09 12:39:57      epoch  51  loss 1.5671  acc 0.3499  val_loss 1.5521  val_acc 0.3913
2026-04-09 12:39:59      epoch  52  loss 1.5297  acc 0.3570  val_loss 1.5240  val_acc 0.3947
2026-04-09 12:39:59      Early stopping at epoch 52
2026-04-09 12:39:59      User8 accuracy: 0.4043
2026-04-09 12:40:00    ─── LOSO fold: User9 (test=1122, train=8587)
2026-04-09 12:40:02      epoch   1  loss 2.2161  acc 0.1644  val_loss 1.9745  val_acc 0.2273
2026-04-09 12:40:05      epoch   2  loss 1.9400  acc 0.2250  val_loss 1.8110  val_acc 0.2646
2026-04-09 12:40:07      epoch   3  loss 1.8314  acc 0.2673  val_loss 1.7692  val_acc 0.2681
2026-04-09 12:40:09      epoch   4  loss 1.8047  acc 0.2593  val_loss 1.7695  val_acc 0.2657
2026-04-09 12:40:11      epoch   5  loss 1.8003  acc 0.2789  val_loss 1.7609  val_acc 0.2576
2026-04-09 12:40:13      epoch   6  loss 1.8018  acc 0.2566  val_loss 1.7327  val_acc 0.2949
2026-04-09 12:40:15      epoch   7  loss 1.7532  acc 0.2791  val_loss 1.7135  val_acc 0.3159
2026-04-09 12:40:18      epoch   8  loss 1.7523  acc 0.2771  val_loss 1.7204  val_acc 0.2716
2026-04-09 12:40:20      epoch   9  loss 1.7253  acc 0.2871  val_loss 1.6896  val_acc 0.3228
2026-04-09 12:40:22      epoch  10  loss 1.7329  acc 0.2894  val_loss 1.7046  val_acc 0.2867
2026-04-09 12:40:24      epoch  11  loss 1.7449  acc 0.2916  val_loss 1.6985  val_acc 0.3159
2026-04-09 12:40:26      epoch  12  loss 1.7182  acc 0.2905  val_loss 1.6794  val_acc 0.2937
2026-04-09 12:40:28      epoch  13  loss 1.7168  acc 0.2916  val_loss 1.6817  val_acc 0.2844
2026-04-09 12:40:30      epoch  14  loss 1.6977  acc 0.2914  val_loss 1.6655  val_acc 0.3462
2026-04-09 12:40:32      epoch  15  loss 1.6830  acc 0.3060  val_loss 1.6719  val_acc 0.3089
2026-04-09 12:40:35      epoch  16  loss 1.7008  acc 0.2973  val_loss 1.6480  val_acc 0.2832
2026-04-09 12:40:37      epoch  17  loss 1.6706  acc 0.3094  val_loss 1.7175  val_acc 0.2914
2026-04-09 12:40:39      epoch  18  loss 1.6746  acc 0.3024  val_loss 1.6422  val_acc 0.3333
2026-04-09 12:40:41      epoch  19  loss 1.6586  acc 0.3125  val_loss 1.6373  val_acc 0.3380
2026-04-09 12:40:43      epoch  20  loss 1.6477  acc 0.3211  val_loss 1.6290  val_acc 0.3065
2026-04-09 12:40:46      epoch  21  loss 1.6522  acc 0.3078  val_loss 1.6464  val_acc 0.3182
2026-04-09 12:40:48      epoch  22  loss 1.6470  acc 0.3165  val_loss 1.6375  val_acc 0.3159
2026-04-09 12:40:50      epoch  23  loss 1.6262  acc 0.3223  val_loss 1.6360  val_acc 0.3298
2026-04-09 12:40:52      epoch  24  loss 1.6407  acc 0.3154  val_loss 1.6284  val_acc 0.3368
2026-04-09 12:40:54      epoch  25  loss 1.6293  acc 0.3279  val_loss 1.6560  val_acc 0.3275
2026-04-09 12:40:57      epoch  26  loss 1.6082  acc 0.3311  val_loss 1.6045  val_acc 0.3333
2026-04-09 12:40:59      epoch  27  loss 1.5872  acc 0.3487  val_loss 1.6071  val_acc 0.3054
2026-04-09 12:41:01      epoch  28  loss 1.5784  acc 0.3444  val_loss 1.6111  val_acc 0.3462
2026-04-09 12:41:03      epoch  29  loss 1.5837  acc 0.3403  val_loss 1.5884  val_acc 0.3555
2026-04-09 12:41:05      epoch  30  loss 1.5775  acc 0.3436  val_loss 1.5923  val_acc 0.3345
2026-04-09 12:41:07      epoch  31  loss 1.5948  acc 0.3401  val_loss 1.5815  val_acc 0.3159
2026-04-09 12:41:10      epoch  32  loss 1.5495  acc 0.3453  val_loss 1.5477  val_acc 0.3497
2026-04-09 12:41:12      epoch  33  loss 1.5752  acc 0.3378  val_loss 1.5962  val_acc 0.3170
2026-04-09 12:41:14      epoch  34  loss 1.5934  acc 0.3320  val_loss 1.5332  val_acc 0.3531
2026-04-09 12:41:16      epoch  35  loss 1.5252  acc 0.3677  val_loss 1.5124  val_acc 0.3904
2026-04-09 12:41:18      epoch  36  loss 1.5203  acc 0.3658  val_loss 1.5747  val_acc 0.3648
2026-04-09 12:41:21      epoch  37  loss 1.5390  acc 0.3618  val_loss 1.5602  val_acc 0.3403
2026-04-09 12:41:23      epoch  38  loss 1.4984  acc 0.3738  val_loss 1.4906  val_acc 0.3601
2026-04-09 12:41:25      epoch  39  loss 1.4833  acc 0.3806  val_loss 1.4771  val_acc 0.3765
2026-04-09 12:41:27      epoch  40  loss 1.4778  acc 0.3788  val_loss 1.4654  val_acc 0.3881
2026-04-09 12:41:29      epoch  41  loss 1.4903  acc 0.3832  val_loss 1.4867  val_acc 0.3811
2026-04-09 12:41:32      epoch  42  loss 1.4779  acc 0.3872  val_loss 1.4966  val_acc 0.3765
2026-04-09 12:41:34      epoch  43  loss 1.4699  acc 0.3871  val_loss 1.4514  val_acc 0.3776
2026-04-09 12:41:36      epoch  44  loss 1.4550  acc 0.3933  val_loss 1.4447  val_acc 0.3671
2026-04-09 12:41:38      epoch  45  loss 1.4655  acc 0.3947  val_loss 1.4694  val_acc 0.3904
2026-04-09 12:41:40      epoch  46  loss 1.4589  acc 0.3959  val_loss 1.4703  val_acc 0.4184
2026-04-09 12:41:43      epoch  47  loss 1.4670  acc 0.3936  val_loss 1.4523  val_acc 0.3811
2026-04-09 12:41:45      epoch  48  loss 1.4604  acc 0.3993  val_loss 1.4695  val_acc 0.3881
2026-04-09 12:41:47      epoch  49  loss 1.4410  acc 0.4056  val_loss 1.4283  val_acc 0.4009
2026-04-09 12:41:49      epoch  50  loss 1.4620  acc 0.4042  val_loss 1.4545  val_acc 0.3846
2026-04-09 12:41:51      epoch  51  loss 1.4513  acc 0.4054  val_loss 1.4359  val_acc 0.4079
2026-04-09 12:41:54      epoch  52  loss 1.4290  acc 0.4131  val_loss 1.4407  val_acc 0.4266
2026-04-09 12:41:56      epoch  53  loss 1.4261  acc 0.4105  val_loss 1.4144  val_acc 0.4033
2026-04-09 12:41:58      epoch  54  loss 1.4130  acc 0.4214  val_loss 1.4147  val_acc 0.4079
2026-04-09 12:42:00      epoch  55  loss 1.4139  acc 0.4284  val_loss 1.4175  val_acc 0.4126
2026-04-09 12:42:02      epoch  56  loss 1.4196  acc 0.4117  val_loss 1.4167  val_acc 0.4044
2026-04-09 12:42:05      epoch  57  loss 1.4190  acc 0.4069  val_loss 1.4133  val_acc 0.4091
2026-04-09 12:42:07      epoch  58  loss 1.4384  acc 0.4023  val_loss 1.4275  val_acc 0.4114
2026-04-09 12:42:09      epoch  59  loss 1.4227  acc 0.4110  val_loss 1.4273  val_acc 0.3928
2026-04-09 12:42:11      epoch  60  loss 1.4149  acc 0.4151  val_loss 1.4337  val_acc 0.3858
2026-04-09 12:42:13      epoch  61  loss 1.4151  acc 0.4082  val_loss 1.4448  val_acc 0.4301
2026-04-09 12:42:15      epoch  62  loss 1.4152  acc 0.4254  val_loss 1.4543  val_acc 0.3939
2026-04-09 12:42:18      epoch  63  loss 1.4030  acc 0.4223  val_loss 1.4029  val_acc 0.4382
2026-04-09 12:42:20      epoch  64  loss 1.3978  acc 0.4289  val_loss 1.3955  val_acc 0.4172
2026-04-09 12:42:22      epoch  65  loss 1.3788  acc 0.4396  val_loss 1.4066  val_acc 0.4079
2026-04-09 12:42:24      epoch  66  loss 1.4320  acc 0.4196  val_loss 1.4792  val_acc 0.4196
2026-04-09 12:42:26      epoch  67  loss 1.4044  acc 0.4328  val_loss 1.4015  val_acc 0.4277
2026-04-09 12:42:29      epoch  68  loss 1.3933  acc 0.4396  val_loss 1.3994  val_acc 0.4231
2026-04-09 12:42:31      epoch  69  loss 1.3870  acc 0.4310  val_loss 1.3963  val_acc 0.4231
2026-04-09 12:42:33      epoch  70  loss 1.3682  acc 0.4437  val_loss 1.4055  val_acc 0.4114
2026-04-09 12:42:35      epoch  71  loss 1.3704  acc 0.4465  val_loss 1.3861  val_acc 0.4196
2026-04-09 12:42:37      epoch  72  loss 1.3568  acc 0.4517  val_loss 1.3895  val_acc 0.4219
2026-04-09 12:42:40      epoch  73  loss 1.3546  acc 0.4521  val_loss 1.3827  val_acc 0.4301
2026-04-09 12:42:42      epoch  74  loss 1.3481  acc 0.4535  val_loss 1.3861  val_acc 0.4219
2026-04-09 12:42:44      epoch  75  loss 1.3497  acc 0.4540  val_loss 1.3804  val_acc 0.4394
2026-04-09 12:42:46      epoch  76  loss 1.3451  acc 0.4554  val_loss 1.3864  val_acc 0.4254
2026-04-09 12:42:48      epoch  77  loss 1.3565  acc 0.4509  val_loss 1.3884  val_acc 0.4242
2026-04-09 12:42:50      epoch  78  loss 1.3434  acc 0.4623  val_loss 1.3867  val_acc 0.4242
2026-04-09 12:42:52      epoch  79  loss 1.3393  acc 0.4618  val_loss 1.3822  val_acc 0.4417
2026-04-09 12:42:55      epoch  80  loss 1.3386  acc 0.4579  val_loss 1.3808  val_acc 0.4242
2026-04-09 12:42:57      epoch  81  loss 1.3310  acc 0.4642  val_loss 1.3720  val_acc 0.4417
2026-04-09 12:42:59      epoch  82  loss 1.3259  acc 0.4658  val_loss 1.3794  val_acc 0.4487
2026-04-09 12:43:01      epoch  83  loss 1.3216  acc 0.4651  val_loss 1.3858  val_acc 0.4371
2026-04-09 12:43:04      epoch  84  loss 1.3176  acc 0.4730  val_loss 1.3830  val_acc 0.4476
2026-04-09 12:43:06      epoch  85  loss 1.3219  acc 0.4666  val_loss 1.3775  val_acc 0.4441
2026-04-09 12:43:08      epoch  86  loss 1.3222  acc 0.4631  val_loss 1.3713  val_acc 0.4464
2026-04-09 12:43:10      epoch  87  loss 1.3174  acc 0.4654  val_loss 1.3730  val_acc 0.4464
2026-04-09 12:43:12      epoch  88  loss 1.3154  acc 0.4704  val_loss 1.3761  val_acc 0.4452
2026-04-09 12:43:15      epoch  89  loss 1.3123  acc 0.4642  val_loss 1.3776  val_acc 0.4429
2026-04-09 12:43:17      epoch  90  loss 1.3137  acc 0.4703  val_loss 1.3676  val_acc 0.4510
2026-04-09 12:43:19      epoch  91  loss 1.3106  acc 0.4672  val_loss 1.3644  val_acc 0.4545
2026-04-09 12:43:21      epoch  92  loss 1.3137  acc 0.4691  val_loss 1.3680  val_acc 0.4464
2026-04-09 12:43:23      epoch  93  loss 1.3083  acc 0.4730  val_loss 1.3679  val_acc 0.4441
2026-04-09 12:43:25      epoch  94  loss 1.3053  acc 0.4766  val_loss 1.3662  val_acc 0.4417
2026-04-09 12:43:28      epoch  95  loss 1.3141  acc 0.4686  val_loss 1.3766  val_acc 0.4499
2026-04-09 12:43:30      epoch  96  loss 1.3170  acc 0.4702  val_loss 1.3668  val_acc 0.4499
2026-04-09 12:43:32      epoch  97  loss 1.3115  acc 0.4704  val_loss 1.3824  val_acc 0.4324
2026-04-09 12:43:34      epoch  98  loss 1.3106  acc 0.4733  val_loss 1.3668  val_acc 0.4441
2026-04-09 12:43:36      epoch  99  loss 1.3058  acc 0.4755  val_loss 1.3665  val_acc 0.4417
2026-04-09 12:43:36      Early stopping at epoch 99
2026-04-09 12:43:37      User9 accuracy: 0.4037
2026-04-09 12:43:37    ─── LOSO fold: User10 (test=1115, train=8594)
2026-04-09 12:43:39      epoch   1  loss 2.2163  acc 0.1591  val_loss 1.9975  val_acc 0.2154
2026-04-09 12:43:42      epoch   2  loss 1.9376  acc 0.2306  val_loss 1.8437  val_acc 0.2817
2026-04-09 12:43:44      epoch   3  loss 1.8291  acc 0.2557  val_loss 1.7548  val_acc 0.2817
2026-04-09 12:43:46      epoch   4  loss 1.7986  acc 0.2670  val_loss 1.7122  val_acc 0.2875
2026-04-09 12:43:48      epoch   5  loss 1.7373  acc 0.2771  val_loss 1.6933  val_acc 0.3085
2026-04-09 12:43:51      epoch   6  loss 1.7331  acc 0.2793  val_loss 1.6757  val_acc 0.3108
2026-04-09 12:43:53      epoch   7  loss 1.6866  acc 0.3063  val_loss 1.6837  val_acc 0.2899
2026-04-09 12:43:55      epoch   8  loss 1.6886  acc 0.2952  val_loss 1.6556  val_acc 0.2992
2026-04-09 12:43:57      epoch   9  loss 1.6791  acc 0.2923  val_loss 1.6481  val_acc 0.3213
2026-04-09 12:43:59      epoch  10  loss 1.6445  acc 0.3012  val_loss 1.6418  val_acc 0.3166
2026-04-09 12:44:01      epoch  11  loss 1.6455  acc 0.3095  val_loss 1.6515  val_acc 0.3108
2026-04-09 12:44:03      epoch  12  loss 1.6337  acc 0.3149  val_loss 1.6328  val_acc 0.3050
2026-04-09 12:44:05      epoch  13  loss 1.6217  acc 0.3167  val_loss 1.6171  val_acc 0.3283
2026-04-09 12:44:07      epoch  14  loss 1.6467  acc 0.3058  val_loss 1.6621  val_acc 0.3027
2026-04-09 12:44:10      epoch  15  loss 1.6290  acc 0.3167  val_loss 1.6042  val_acc 0.3364
2026-04-09 12:44:12      epoch  16  loss 1.5947  acc 0.3244  val_loss 1.6034  val_acc 0.3283
2026-04-09 12:44:14      epoch  17  loss 1.5799  acc 0.3314  val_loss 1.5927  val_acc 0.3143
2026-04-09 12:44:16      epoch  18  loss 1.5965  acc 0.3292  val_loss 1.5982  val_acc 0.3364
2026-04-09 12:44:18      epoch  19  loss 1.5626  acc 0.3368  val_loss 1.5656  val_acc 0.3609
2026-04-09 12:44:20      epoch  20  loss 1.5633  acc 0.3370  val_loss 1.5597  val_acc 0.3644
2026-04-09 12:44:22      epoch  21  loss 1.5740  acc 0.3350  val_loss 1.6426  val_acc 0.3364
2026-04-09 12:44:24      epoch  22  loss 1.5823  acc 0.3334  val_loss 1.5524  val_acc 0.3609
2026-04-09 12:44:26      epoch  23  loss 1.5429  acc 0.3466  val_loss 1.5646  val_acc 0.3306
2026-04-09 12:44:28      epoch  24  loss 1.5332  acc 0.3513  val_loss 1.5351  val_acc 0.3702
2026-04-09 12:44:30      epoch  25  loss 1.5336  acc 0.3420  val_loss 1.5449  val_acc 0.3609
2026-04-09 12:44:32      epoch  26  loss 1.5246  acc 0.3622  val_loss 1.5286  val_acc 0.3679
2026-04-09 12:44:35      epoch  27  loss 1.5123  acc 0.3635  val_loss 1.5066  val_acc 0.3551
2026-04-09 12:44:37      epoch  28  loss 1.5745  acc 0.3373  val_loss 1.5696  val_acc 0.3458
2026-04-09 12:44:39      epoch  29  loss 1.5289  acc 0.3536  val_loss 1.5300  val_acc 0.3725
2026-04-09 12:44:41      epoch  30  loss 1.5045  acc 0.3670  val_loss 1.5136  val_acc 0.3772
2026-04-09 12:44:43      epoch  31  loss 1.4954  acc 0.3654  val_loss 1.5040  val_acc 0.3830
2026-04-09 12:44:45      epoch  32  loss 1.4861  acc 0.3741  val_loss 1.4779  val_acc 0.3981
2026-04-09 12:44:47      epoch  33  loss 1.4771  acc 0.3708  val_loss 1.5082  val_acc 0.3760
2026-04-09 12:44:49      epoch  34  loss 1.5024  acc 0.3703  val_loss 1.4783  val_acc 0.3923
2026-04-09 12:44:51      epoch  35  loss 1.4934  acc 0.3748  val_loss 1.4983  val_acc 0.3772
2026-04-09 12:44:53      epoch  36  loss 1.4694  acc 0.3858  val_loss 1.4704  val_acc 0.3818
2026-04-09 12:44:55      epoch  37  loss 1.4820  acc 0.3738  val_loss 1.5163  val_acc 0.3597
2026-04-09 12:44:57      epoch  38  loss 1.4712  acc 0.3696  val_loss 1.4723  val_acc 0.3981
2026-04-09 12:44:59      epoch  39  loss 1.4654  acc 0.3928  val_loss 1.4782  val_acc 0.3912
2026-04-09 12:45:02      epoch  40  loss 1.4464  acc 0.3910  val_loss 1.4970  val_acc 0.3853
2026-04-09 12:45:04      epoch  41  loss 1.4531  acc 0.3904  val_loss 1.4586  val_acc 0.4063
2026-04-09 12:45:06      epoch  42  loss 1.4482  acc 0.3979  val_loss 1.4787  val_acc 0.3946
2026-04-09 12:45:08      epoch  43  loss 1.4514  acc 0.3856  val_loss 1.4626  val_acc 0.3993
2026-04-09 12:45:10      epoch  44  loss 1.4442  acc 0.3984  val_loss 1.4532  val_acc 0.3935
2026-04-09 12:45:12      epoch  45  loss 1.4496  acc 0.3999  val_loss 1.4776  val_acc 0.3935
2026-04-09 12:45:14      epoch  46  loss 1.4472  acc 0.3948  val_loss 1.4554  val_acc 0.4016
2026-04-09 12:45:16      epoch  47  loss 1.4459  acc 0.4049  val_loss 1.4412  val_acc 0.4005
2026-04-09 12:45:18      epoch  48  loss 1.4466  acc 0.3979  val_loss 1.4547  val_acc 0.3946
2026-04-09 12:45:20      epoch  49  loss 1.4315  acc 0.4032  val_loss 1.4121  val_acc 0.4226
2026-04-09 12:45:22      epoch  50  loss 1.4100  acc 0.4012  val_loss 1.4462  val_acc 0.4156
2026-04-09 12:45:24      epoch  51  loss 1.4396  acc 0.3943  val_loss 1.4534  val_acc 0.4051
2026-04-09 12:45:26      epoch  52  loss 1.4163  acc 0.4040  val_loss 1.4222  val_acc 0.4261
2026-04-09 12:45:29      epoch  53  loss 1.4441  acc 0.3974  val_loss 1.4785  val_acc 0.3923
2026-04-09 12:45:31      epoch  54  loss 1.4128  acc 0.4102  val_loss 1.4211  val_acc 0.4168
2026-04-09 12:45:33      epoch  55  loss 1.3860  acc 0.4175  val_loss 1.4246  val_acc 0.4144
2026-04-09 12:45:35      epoch  56  loss 1.3724  acc 0.4283  val_loss 1.4114  val_acc 0.4307
2026-04-09 12:45:37      epoch  57  loss 1.3684  acc 0.4331  val_loss 1.3987  val_acc 0.4226
2026-04-09 12:45:39      epoch  58  loss 1.3614  acc 0.4321  val_loss 1.3962  val_acc 0.4261
2026-04-09 12:45:41      epoch  59  loss 1.3678  acc 0.4348  val_loss 1.3977  val_acc 0.4377
2026-04-09 12:45:43      epoch  60  loss 1.3585  acc 0.4407  val_loss 1.3922  val_acc 0.4389
2026-04-09 12:45:45      epoch  61  loss 1.3494  acc 0.4496  val_loss 1.3945  val_acc 0.4296
2026-04-09 12:45:47      epoch  62  loss 1.3474  acc 0.4394  val_loss 1.4043  val_acc 0.4319
2026-04-09 12:45:49      epoch  63  loss 1.3454  acc 0.4496  val_loss 1.4104  val_acc 0.4284
2026-04-09 12:45:51      epoch  64  loss 1.3476  acc 0.4427  val_loss 1.4022  val_acc 0.4063
2026-04-09 12:45:53      epoch  65  loss 1.3447  acc 0.4446  val_loss 1.3977  val_acc 0.4412
2026-04-09 12:45:55      epoch  66  loss 1.3321  acc 0.4464  val_loss 1.3923  val_acc 0.4237
2026-04-09 12:45:57      epoch  67  loss 1.3279  acc 0.4431  val_loss 1.3874  val_acc 0.4307
2026-04-09 12:45:59      epoch  68  loss 1.3209  acc 0.4531  val_loss 1.3807  val_acc 0.4307
2026-04-09 12:46:02      epoch  69  loss 1.3095  acc 0.4630  val_loss 1.3867  val_acc 0.4435
2026-04-09 12:46:04      epoch  70  loss 1.3106  acc 0.4633  val_loss 1.3798  val_acc 0.4412
2026-04-09 12:46:06      epoch  71  loss 1.3232  acc 0.4605  val_loss 1.3877  val_acc 0.4366
2026-04-09 12:46:08      epoch  72  loss 1.3205  acc 0.4513  val_loss 1.3928  val_acc 0.4459
2026-04-09 12:46:10      epoch  73  loss 1.3187  acc 0.4565  val_loss 1.3894  val_acc 0.4400
2026-04-09 12:46:12      epoch  74  loss 1.3086  acc 0.4617  val_loss 1.3902  val_acc 0.4400
2026-04-09 12:46:14      epoch  75  loss 1.2965  acc 0.4727  val_loss 1.3879  val_acc 0.4412
2026-04-09 12:46:16      epoch  76  loss 1.2975  acc 0.4657  val_loss 1.3885  val_acc 0.4331
2026-04-09 12:46:18      epoch  77  loss 1.2994  acc 0.4654  val_loss 1.3880  val_acc 0.4424
2026-04-09 12:46:20      epoch  78  loss 1.2905  acc 0.4756  val_loss 1.3799  val_acc 0.4435
2026-04-09 12:46:20      Early stopping at epoch 78
2026-04-09 12:46:20      User10 accuracy: 0.3892
2026-04-09 12:46:21    ─── LOSO fold: User11 (test=1175, train=8534)
2026-04-09 12:46:23      epoch   1  loss 2.1936  acc 0.1712  val_loss 1.8863  val_acc 0.2380
2026-04-09 12:46:25      epoch   2  loss 1.9100  acc 0.2418  val_loss 2.0416  val_acc 0.2216
2026-04-09 12:46:27      epoch   3  loss 1.8502  acc 0.2604  val_loss 1.7250  val_acc 0.2732
2026-04-09 12:46:29      epoch   4  loss 1.7925  acc 0.2765  val_loss 1.8903  val_acc 0.2380
2026-04-09 12:46:31      epoch   5  loss 1.8110  acc 0.2655  val_loss 1.6985  val_acc 0.2907
2026-04-09 12:46:33      epoch   6  loss 1.7437  acc 0.2888  val_loss 1.7236  val_acc 0.2790
2026-04-09 12:46:35      epoch   7  loss 1.7417  acc 0.2928  val_loss 1.6912  val_acc 0.2802
2026-04-09 12:46:37      epoch   8  loss 1.7228  acc 0.2937  val_loss 1.6969  val_acc 0.2790
2026-04-09 12:46:39      epoch   9  loss 1.7057  acc 0.2882  val_loss 1.6569  val_acc 0.3048
2026-04-09 12:46:41      epoch  10  loss 1.7953  acc 0.2695  val_loss 1.7378  val_acc 0.2626
2026-04-09 12:46:43      epoch  11  loss 1.7685  acc 0.2605  val_loss 1.7072  val_acc 0.2884
2026-04-09 12:46:46      epoch  12  loss 1.7195  acc 0.2957  val_loss 1.6511  val_acc 0.3130
2026-04-09 12:46:48      epoch  13  loss 1.6925  acc 0.3028  val_loss 1.6611  val_acc 0.2943
2026-04-09 12:46:50      epoch  14  loss 1.6927  acc 0.2979  val_loss 1.6240  val_acc 0.3247
2026-04-09 12:46:52      epoch  15  loss 1.6664  acc 0.3093  val_loss 1.6273  val_acc 0.2872
2026-04-09 12:46:54      epoch  16  loss 1.6761  acc 0.2942  val_loss 1.6272  val_acc 0.2931
2026-04-09 12:46:56      epoch  17  loss 1.6658  acc 0.3065  val_loss 1.6244  val_acc 0.3142
2026-04-09 12:46:58      epoch  18  loss 1.6583  acc 0.3212  val_loss 1.6128  val_acc 0.3060
2026-04-09 12:47:00      epoch  19  loss 1.6429  acc 0.3113  val_loss 1.6137  val_acc 0.2989
2026-04-09 12:47:02      epoch  20  loss 1.6579  acc 0.3113  val_loss 1.7037  val_acc 0.2978
2026-04-09 12:47:04      epoch  21  loss 1.8037  acc 0.2544  val_loss 1.6753  val_acc 0.3036
2026-04-09 12:47:06      epoch  22  loss 1.6931  acc 0.3017  val_loss 1.7056  val_acc 0.2860
2026-04-09 12:47:08      epoch  23  loss 1.7791  acc 0.2709  val_loss 1.6938  val_acc 0.2767
2026-04-09 12:47:10      epoch  24  loss 1.7132  acc 0.2936  val_loss 1.6542  val_acc 0.3036
2026-04-09 12:47:12      epoch  25  loss 1.6868  acc 0.3104  val_loss 1.6678  val_acc 0.3236
2026-04-09 12:47:14      epoch  26  loss 1.7806  acc 0.2765  val_loss 1.6551  val_acc 0.3083
2026-04-09 12:47:14      Early stopping at epoch 26
2026-04-09 12:47:15      User11 accuracy: 0.2528
2026-04-09 12:47:15    ─── LOSO fold: User12 (test=976, train=8733)
2026-04-09 12:47:17      epoch   1  loss 2.1782  acc 0.1772  val_loss 1.8949  val_acc 0.2302
2026-04-09 12:47:19      epoch   2  loss 1.8412  acc 0.2482  val_loss 1.7662  val_acc 0.2589
2026-04-09 12:47:21      epoch   3  loss 1.8030  acc 0.2571  val_loss 1.7268  val_acc 0.2852
2026-04-09 12:47:23      epoch   4  loss 1.7462  acc 0.2777  val_loss 1.7046  val_acc 0.3036
2026-04-09 12:47:25      epoch   5  loss 1.7263  acc 0.2739  val_loss 1.6813  val_acc 0.3001
2026-04-09 12:47:28      epoch   6  loss 1.6854  acc 0.2894  val_loss 1.6550  val_acc 0.3036
2026-04-09 12:47:30      epoch   7  loss 1.6894  acc 0.2958  val_loss 1.6816  val_acc 0.3081
2026-04-09 12:47:32      epoch   8  loss 1.6726  acc 0.3065  val_loss 1.6623  val_acc 0.3139
2026-04-09 12:47:34      epoch   9  loss 1.6572  acc 0.3020  val_loss 1.6942  val_acc 0.3081
2026-04-09 12:47:36      epoch  10  loss 1.6598  acc 0.3122  val_loss 1.6340  val_acc 0.3207
2026-04-09 12:47:38      epoch  11  loss 1.6292  acc 0.3210  val_loss 1.6064  val_acc 0.3333
2026-04-09 12:47:40      epoch  12  loss 1.9462  acc 0.2518  val_loss 1.7758  val_acc 0.2921
2026-04-09 12:47:42      epoch  13  loss 1.7094  acc 0.2936  val_loss 1.6305  val_acc 0.3093
2026-04-09 12:47:44      epoch  14  loss 1.6487  acc 0.3079  val_loss 1.7680  val_acc 0.2703
2026-04-09 12:47:46      epoch  15  loss 1.6386  acc 0.3159  val_loss 1.6618  val_acc 0.3253
2026-04-09 12:47:48      epoch  16  loss 1.6112  acc 0.3216  val_loss 1.6018  val_acc 0.3219
2026-04-09 12:47:51      epoch  17  loss 1.5957  acc 0.3256  val_loss 1.5788  val_acc 0.3184
2026-04-09 12:47:53      epoch  18  loss 1.6003  acc 0.3268  val_loss 1.5763  val_acc 0.3310
2026-04-09 12:47:55      epoch  19  loss 1.5990  acc 0.3271  val_loss 1.6222  val_acc 0.2967
2026-04-09 12:47:57      epoch  20  loss 1.5792  acc 0.3374  val_loss 1.6188  val_acc 0.3207
2026-04-09 12:47:59      epoch  21  loss 1.6732  acc 0.3042  val_loss 1.5956  val_acc 0.3276
2026-04-09 12:48:01      epoch  22  loss 1.5982  acc 0.3302  val_loss 1.6150  val_acc 0.3127
2026-04-09 12:48:03      epoch  23  loss 1.5903  acc 0.3356  val_loss 1.5573  val_acc 0.3322
2026-04-09 12:48:05      epoch  24  loss 1.5523  acc 0.3449  val_loss 1.5402  val_acc 0.3517
2026-04-09 12:48:07      epoch  25  loss 1.5477  acc 0.3485  val_loss 1.5756  val_acc 0.3540
2026-04-09 12:48:09      epoch  26  loss 1.5333  acc 0.3529  val_loss 1.5154  val_acc 0.3826
2026-04-09 12:48:11      epoch  27  loss 1.5380  acc 0.3655  val_loss 1.5892  val_acc 0.3459
2026-04-09 12:48:14      epoch  28  loss 1.5664  acc 0.3525  val_loss 1.5174  val_acc 0.3963
2026-04-09 12:48:16      epoch  29  loss 1.5213  acc 0.3658  val_loss 1.5033  val_acc 0.4055
2026-04-09 12:48:18      epoch  30  loss 1.4910  acc 0.3826  val_loss 1.4667  val_acc 0.4066
2026-04-09 12:48:20      epoch  31  loss 1.4717  acc 0.3911  val_loss 1.4468  val_acc 0.4158
2026-04-09 12:48:22      epoch  32  loss 1.4711  acc 0.3837  val_loss 1.4672  val_acc 0.4021
2026-04-09 12:48:24      epoch  33  loss 1.4649  acc 0.3924  val_loss 1.4670  val_acc 0.3895
2026-04-09 12:48:26      epoch  34  loss 1.4604  acc 0.3985  val_loss 1.4463  val_acc 0.4135
2026-04-09 12:48:28      epoch  35  loss 1.4548  acc 0.3879  val_loss 1.4305  val_acc 0.4147
2026-04-09 12:48:30      epoch  36  loss 1.4319  acc 0.4065  val_loss 1.4320  val_acc 0.4192
2026-04-09 12:48:33      epoch  37  loss 1.4355  acc 0.4053  val_loss 1.4330  val_acc 0.4021
2026-04-09 12:48:35      epoch  38  loss 1.4704  acc 0.3875  val_loss 1.4868  val_acc 0.3940
2026-04-09 12:48:37      epoch  39  loss 1.4531  acc 0.3947  val_loss 1.4268  val_acc 0.3963
2026-04-09 12:48:39      epoch  40  loss 1.4281  acc 0.4137  val_loss 1.4216  val_acc 0.4181
2026-04-09 12:48:41      epoch  41  loss 1.4216  acc 0.4101  val_loss 1.4411  val_acc 0.4066
2026-04-09 12:48:43      epoch  42  loss 1.4264  acc 0.4074  val_loss 1.4105  val_acc 0.4296
2026-04-09 12:48:45      epoch  43  loss 1.4310  acc 0.4019  val_loss 1.4190  val_acc 0.4181
2026-04-09 12:48:47      epoch  44  loss 1.4263  acc 0.4155  val_loss 1.4268  val_acc 0.4170
2026-04-09 12:48:49      epoch  45  loss 1.4034  acc 0.4174  val_loss 1.3999  val_acc 0.4238
2026-04-09 12:48:51      epoch  46  loss 1.4004  acc 0.4214  val_loss 1.3930  val_acc 0.4364
2026-04-09 12:48:53      epoch  47  loss 1.3965  acc 0.4156  val_loss 1.3936  val_acc 0.4204
2026-04-09 12:48:56      epoch  48  loss 1.3965  acc 0.4244  val_loss 1.4197  val_acc 0.4353
2026-04-09 12:48:58      epoch  49  loss 1.3917  acc 0.4307  val_loss 1.3886  val_acc 0.4387
2026-04-09 12:49:00      epoch  50  loss 1.3841  acc 0.4247  val_loss 1.3748  val_acc 0.4387
2026-04-09 12:49:02      epoch  51  loss 1.3858  acc 0.4296  val_loss 1.4165  val_acc 0.4066
2026-04-09 12:49:04      epoch  52  loss 1.3884  acc 0.4233  val_loss 1.3915  val_acc 0.4513
2026-04-09 12:49:06      epoch  53  loss 1.3830  acc 0.4267  val_loss 1.4960  val_acc 0.3986
2026-04-09 12:49:08      epoch  54  loss 1.4574  acc 0.4032  val_loss 1.4290  val_acc 0.4215
2026-04-09 12:49:10      epoch  55  loss 1.3865  acc 0.4330  val_loss 1.3865  val_acc 0.4376
2026-04-09 12:49:12      epoch  56  loss 1.3598  acc 0.4373  val_loss 1.3729  val_acc 0.4204
2026-04-09 12:49:14      epoch  57  loss 1.3669  acc 0.4401  val_loss 1.3691  val_acc 0.4490
2026-04-09 12:49:16      epoch  58  loss 1.3608  acc 0.4424  val_loss 1.3684  val_acc 0.4444
2026-04-09 12:49:19      epoch  59  loss 1.3477  acc 0.4463  val_loss 1.3661  val_acc 0.4330
2026-04-09 12:49:21      epoch  60  loss 1.3409  acc 0.4453  val_loss 1.3518  val_acc 0.4548
2026-04-09 12:49:23      epoch  61  loss 1.3423  acc 0.4525  val_loss 1.3901  val_acc 0.4318
2026-04-09 12:49:25      epoch  62  loss 1.3443  acc 0.4486  val_loss 1.3442  val_acc 0.4525
2026-04-09 12:49:27      epoch  63  loss 1.3240  acc 0.4639  val_loss 1.3535  val_acc 0.4593
2026-04-09 12:49:29      epoch  64  loss 1.3260  acc 0.4695  val_loss 1.3400  val_acc 0.4548
2026-04-09 12:49:31      epoch  65  loss 1.3145  acc 0.4667  val_loss 1.3423  val_acc 0.4616
2026-04-09 12:49:33      epoch  66  loss 1.3276  acc 0.4611  val_loss 1.3461  val_acc 0.4536
2026-04-09 12:49:36      epoch  67  loss 1.3379  acc 0.4642  val_loss 1.3809  val_acc 0.4364
2026-04-09 12:49:38      epoch  68  loss 1.3337  acc 0.4636  val_loss 1.3321  val_acc 0.4674
2026-04-09 12:49:40      epoch  69  loss 1.3026  acc 0.4782  val_loss 1.3297  val_acc 0.4696
2026-04-09 12:49:42      epoch  70  loss 1.3075  acc 0.4696  val_loss 1.3483  val_acc 0.4639
2026-04-09 12:49:44      epoch  71  loss 1.2987  acc 0.4762  val_loss 1.3384  val_acc 0.4788
2026-04-09 12:49:46      epoch  72  loss 1.2940  acc 0.4807  val_loss 1.3234  val_acc 0.4765
2026-04-09 12:49:48      epoch  73  loss 1.3069  acc 0.4762  val_loss 1.3256  val_acc 0.4685
2026-04-09 12:49:50      epoch  74  loss 1.2854  acc 0.4822  val_loss 1.3299  val_acc 0.4788
2026-04-09 12:49:52      epoch  75  loss 1.2995  acc 0.4720  val_loss 1.3380  val_acc 0.4777
2026-04-09 12:49:54      epoch  76  loss 1.2983  acc 0.4761  val_loss 1.3313  val_acc 0.4800
2026-04-09 12:49:56      epoch  77  loss 1.2855  acc 0.4859  val_loss 1.3174  val_acc 0.4800
2026-04-09 12:49:59      epoch  78  loss 1.2809  acc 0.4758  val_loss 1.3291  val_acc 0.4651
2026-04-09 12:50:01      epoch  79  loss 1.2649  acc 0.4949  val_loss 1.3064  val_acc 0.4994
2026-04-09 12:50:03      epoch  80  loss 1.2899  acc 0.4854  val_loss 1.2965  val_acc 0.4971
2026-04-09 12:50:05      epoch  81  loss 1.2803  acc 0.4854  val_loss 1.3147  val_acc 0.4914
2026-04-09 12:50:07      epoch  82  loss 1.2613  acc 0.4967  val_loss 1.2967  val_acc 0.5040
2026-04-09 12:50:09      epoch  83  loss 1.2603  acc 0.4985  val_loss 1.3094  val_acc 0.4960
2026-04-09 12:50:11      epoch  84  loss 1.3029  acc 0.4827  val_loss 1.3446  val_acc 0.4628
2026-04-09 12:50:13      epoch  85  loss 1.2726  acc 0.4934  val_loss 1.3113  val_acc 0.4903
2026-04-09 12:50:15      epoch  86  loss 1.2534  acc 0.5020  val_loss 1.2942  val_acc 0.4891
2026-04-09 12:50:17      epoch  87  loss 1.2325  acc 0.5079  val_loss 1.3212  val_acc 0.4788
2026-04-09 12:50:19      epoch  88  loss 1.2387  acc 0.5066  val_loss 1.2991  val_acc 0.4926
2026-04-09 12:50:21      epoch  89  loss 1.2212  acc 0.5102  val_loss 1.2942  val_acc 0.5132
2026-04-09 12:50:24      epoch  90  loss 1.2250  acc 0.5109  val_loss 1.2916  val_acc 0.4857
2026-04-09 12:50:26      epoch  91  loss 1.2156  acc 0.5248  val_loss 1.2861  val_acc 0.5097
2026-04-09 12:50:28      epoch  92  loss 1.2352  acc 0.5053  val_loss 1.2954  val_acc 0.4891
2026-04-09 12:50:30      epoch  93  loss 1.2278  acc 0.5043  val_loss 1.2986  val_acc 0.4903
2026-04-09 12:50:32      epoch  94  loss 1.2146  acc 0.5084  val_loss 1.2906  val_acc 0.4971
2026-04-09 12:50:34      epoch  95  loss 1.2179  acc 0.5137  val_loss 1.2901  val_acc 0.5063
2026-04-09 12:50:36      epoch  96  loss 1.2149  acc 0.5107  val_loss 1.2855  val_acc 0.5006
2026-04-09 12:50:38      epoch  97  loss 1.2048  acc 0.5183  val_loss 1.2878  val_acc 0.4948
2026-04-09 12:50:40      epoch  98  loss 1.2018  acc 0.5219  val_loss 1.2954  val_acc 0.4868
2026-04-09 12:50:43      epoch  99  loss 1.1995  acc 0.5202  val_loss 1.2828  val_acc 0.5017
2026-04-09 12:50:45      epoch 100  loss 1.1991  acc 0.5145  val_loss 1.2785  val_acc 0.4971
2026-04-09 12:50:45      User12 accuracy: 0.3350
2026-04-09 12:50:45  
2026-04-09 12:50:45  Mean acc: 0.4043  Std: 0.0751
2026-04-09 12:50:45  
                            precision    recall  f1-score   support

         Sitting – Reading       0.28      0.27      0.27       926
         Sitting – Writing       0.33      0.30      0.31      1023
         Computer – Typing       0.32      0.39      0.35      1023
       Computer – Browsing       0.36      0.33      0.34      1041
Sitting – Moving head/body       0.35      0.34      0.35       897
    Sitting – Moving chair       0.26      0.24      0.25      1024
     Stand up from sitting       0.42      0.61      0.50      1213
                  Standing       0.28      0.03      0.05       679
                   Walking       0.43      0.56      0.49       804
                   Running       0.79      0.86      0.82       786
             Taking stairs       0.12      0.04      0.07       293

                  accuracy                           0.39      9709
                 macro avg       0.36      0.36      0.35      9709
              weighted avg       0.37      0.39      0.37      9709

